[2026-07-03T05:15:58.330+0000] {local_task_job_runner.py:120} INFO - ::group::Pre task execution logs
[2026-07-03T05:15:58.347+0000] {taskinstance.py:2076} INFO - Dependencies all met for dep_context=non-requeueable deps ti=<TaskInstance: gold_dbt_dag.trigger_dbt_build dataset_triggered__2026-07-03T05:15:57.281234+00:00 [queued]>
[2026-07-03T05:15:58.349+0000] {taskinstance.py:2076} INFO - Dependencies all met for dep_context=requeueable deps ti=<TaskInstance: gold_dbt_dag.trigger_dbt_build dataset_triggered__2026-07-03T05:15:57.281234+00:00 [queued]>
[2026-07-03T05:15:58.349+0000] {taskinstance.py:2306} INFO - Starting attempt 1 of 2
[2026-07-03T05:15:58.354+0000] {taskinstance.py:2330} INFO - Executing <Task(BashOperator): trigger_dbt_build> on 2026-07-03 05:15:57.281234+00:00
[2026-07-03T05:15:58.358+0000] {standard_task_runner.py:90} INFO - Running: ['***', 'tasks', 'run', 'gold_dbt_dag', 'trigger_dbt_build', 'dataset_triggered__2026-07-03T05:15:57.281234+00:00', '--job-id', '342', '--raw', '--subdir', 'DAGS_FOLDER/dag_gold_dbt.py', '--cfg-path', '/tmp/tmpy5q1plzt']
[2026-07-03T05:15:58.360+0000] {standard_task_runner.py:91} INFO - Job 342: Subtask trigger_dbt_build
[2026-07-03T05:15:58.362+0000] {logging_mixin.py:188} WARNING - /home/***/.local/lib/python3.12/site-packages/***/task/task_runner/standard_task_runner.py:61 DeprecationWarning: This process (pid=3159) is multi-threaded, use of fork() may lead to deadlocks in the child.
[2026-07-03T05:15:58.363+0000] {standard_task_runner.py:63} INFO - Started process 3160 to run task
[2026-07-03T05:15:58.387+0000] {task_command.py:426} INFO - Running <TaskInstance: gold_dbt_dag.trigger_dbt_build dataset_triggered__2026-07-03T05:15:57.281234+00:00 [running]> on host bd23e89d97be
[2026-07-03T05:15:58.432+0000] {taskinstance.py:2648} INFO - Exporting env vars: AIRFLOW_CTX_DAG_OWNER='data_engineer' AIRFLOW_CTX_DAG_ID='gold_dbt_dag' AIRFLOW_CTX_TASK_ID='trigger_dbt_build' AIRFLOW_CTX_EXECUTION_DATE='2026-07-03T05:15:57.281234+00:00' AIRFLOW_CTX_TRY_NUMBER='1' AIRFLOW_CTX_DAG_RUN_ID='dataset_triggered__2026-07-03T05:15:57.281234+00:00'
[2026-07-03T05:15:58.432+0000] {taskinstance.py:430} INFO - ::endgroup::
[2026-07-03T05:15:58.442+0000] {subprocess.py:63} INFO - Tmp dir root location: /tmp
[2026-07-03T05:15:58.443+0000] {subprocess.py:75} INFO - Running command: ['/usr/bin/bash', '-c', 'cd /opt/***/dbt && dbt build --profiles-dir . --target dev']
[2026-07-03T05:15:58.447+0000] {subprocess.py:86} INFO - Output:
[2026-07-03T05:15:59.493+0000] {subprocess.py:93} INFO - [0m05:15:59  Running with dbt=1.11.11
[2026-07-03T05:15:59.979+0000] {subprocess.py:93} INFO - [0m05:15:59  Registered adapter: bigquery=1.11.3
[2026-07-03T05:16:00.221+0000] {subprocess.py:93} INFO - [0m05:16:00  Found 5 models, 4 sources, 553 macros
[2026-07-03T05:16:00.223+0000] {subprocess.py:93} INFO - [0m05:16:00
[2026-07-03T05:16:00.223+0000] {subprocess.py:93} INFO - [0m05:16:00  Concurrency: 4 threads (target='dev')
[2026-07-03T05:16:00.223+0000] {subprocess.py:93} INFO - [0m05:16:00
[2026-07-03T05:16:01.999+0000] {subprocess.py:93} INFO - [0m05:16:01  1 of 5 START sql table model logistics_mart.dim_drivers ........................ [RUN]
[2026-07-03T05:16:02.000+0000] {subprocess.py:93} INFO - [0m05:16:02  2 of 5 START sql table model logistics_mart.dim_hubs ........................... [RUN]
[2026-07-03T05:16:02.000+0000] {subprocess.py:93} INFO - [0m05:16:02  3 of 5 START sql view model logistics_mart.stg_shipments ....................... [RUN]
[2026-07-03T05:16:02.001+0000] {subprocess.py:93} INFO - [0m05:16:02  4 of 5 START sql view model logistics_mart.stg_weather ......................... [RUN]
[2026-07-03T05:16:03.889+0000] {subprocess.py:93} INFO - [0m05:16:03  3 of 5 OK created sql view model logistics_mart.stg_shipments .................. [[32mCREATE VIEW (0 processed)[0m in 1.88s]
[2026-07-03T05:16:03.890+0000] {subprocess.py:93} INFO - [0m05:16:03  4 of 5 OK created sql view model logistics_mart.stg_weather .................... [[32mCREATE VIEW (0 processed)[0m in 1.89s]
[2026-07-03T05:16:05.512+0000] {subprocess.py:93} INFO - [0m05:16:05  2 of 5 OK created sql table model logistics_mart.dim_hubs ...................... [[32mCREATE TABLE (3.0 rows, 149.0 Bytes processed)[0m in 3.50s]
[2026-07-03T05:16:05.517+0000] {subprocess.py:93} INFO - [0m05:16:05  5 of 5 START sql table model logistics_mart.fact_shipment_weather .............. [RUN]
[2026-07-03T05:16:05.692+0000] {subprocess.py:93} INFO - [0m05:16:05  1 of 5 OK created sql table model logistics_mart.dim_drivers ................... [[32mCREATE TABLE (3.0 rows, 108.0 Bytes processed)[0m in 3.69s]
[2026-07-03T05:16:09.305+0000] {subprocess.py:93} INFO - [0m05:16:09  5 of 5 OK created sql table model logistics_mart.fact_shipment_weather ......... [[32mCREATE TABLE (373.0 rows, 23.9 KiB processed)[0m in 3.78s]
[2026-07-03T05:16:09.354+0000] {subprocess.py:93} INFO - [0m05:16:09
[2026-07-03T05:16:09.354+0000] {subprocess.py:93} INFO - [0m05:16:09  Finished running 3 table models, 2 view models in 0 hours 0 minutes and 9.13 seconds (9.13s).
[2026-07-03T05:16:09.383+0000] {subprocess.py:93} INFO - [0m05:16:09
[2026-07-03T05:16:09.384+0000] {subprocess.py:93} INFO - [0m05:16:09  [32mCompleted successfully[0m
[2026-07-03T05:16:09.384+0000] {subprocess.py:93} INFO - [0m05:16:09
[2026-07-03T05:16:09.384+0000] {subprocess.py:93} INFO - [0m05:16:09  Done. PASS=5 WARN=0 ERROR=0 SKIP=0 NO-OP=0 TOTAL=5
[2026-07-03T05:16:15.443+0000] {subprocess.py:97} INFO - Command exited with return code 0
[2026-07-03T05:16:15.449+0000] {taskinstance.py:441} INFO - ::group::Post task execution logs
[2026-07-03T05:16:15.470+0000] {taskinstance.py:1206} INFO - Marking task as SUCCESS. dag_id=gold_dbt_dag, task_id=trigger_dbt_build, run_id=dataset_triggered__2026-07-03T05:15:57.281234+00:00, execution_date=20260703T051557, start_date=20260703T051558, end_date=20260703T051615
[2026-07-03T05:31:49.933+0000] {local_task_job_runner.py:240} INFO - Task exited with return code 0
[2026-07-03T05:31:49.943+0000] {taskinstance.py:3498} INFO - 0 downstream tasks scheduled from follow-on schedule check
[2026-07-03T05:31:49.944+0000] {local_task_job_runner.py:222} INFO - ::endgroup::
