[2026-07-09T06:03:00.656+0000] {local_task_job_runner.py:120} INFO - ::group::Pre task execution logs
[2026-07-09T06:03:00.840+0000] {taskinstance.py:2076} INFO - Dependencies all met for dep_context=non-requeueable deps ti=<TaskInstance: gold_dbt_dag.trigger_dbt_build dataset_triggered__2026-07-09T06:00:40.023056+00:00 [queued]>
[2026-07-09T06:03:00.879+0000] {taskinstance.py:2076} INFO - Dependencies all met for dep_context=requeueable deps ti=<TaskInstance: gold_dbt_dag.trigger_dbt_build dataset_triggered__2026-07-09T06:00:40.023056+00:00 [queued]>
[2026-07-09T06:03:00.880+0000] {taskinstance.py:2306} INFO - Starting attempt 2 of 2
[2026-07-09T06:03:00.928+0000] {taskinstance.py:2330} INFO - Executing <Task(BashOperator): trigger_dbt_build> on 2026-07-09 06:00:40.023056+00:00
[2026-07-09T06:03:00.985+0000] {logging_mixin.py:188} WARNING - /home/***/.local/lib/python3.12/site-packages/***/task/task_runner/standard_task_runner.py:61 DeprecationWarning: This process (pid=48149) is multi-threaded, use of fork() may lead to deadlocks in the child.
[2026-07-09T06:03:00.992+0000] {standard_task_runner.py:63} INFO - Started process 48150 to run task
[2026-07-09T06:03:00.985+0000] {standard_task_runner.py:90} INFO - Running: ['***', 'tasks', 'run', 'gold_dbt_dag', 'trigger_dbt_build', 'dataset_triggered__2026-07-09T06:00:40.023056+00:00', '--job-id', '1255', '--raw', '--subdir', 'DAGS_FOLDER/dag_gold_dbt.py', '--cfg-path', '/tmp/tmpj2765134']
[2026-07-09T06:03:00.997+0000] {standard_task_runner.py:91} INFO - Job 1255: Subtask trigger_dbt_build
[2026-07-09T06:03:01.312+0000] {task_command.py:426} INFO - Running <TaskInstance: gold_dbt_dag.trigger_dbt_build dataset_triggered__2026-07-09T06:00:40.023056+00:00 [running]> on host bd23e89d97be
[2026-07-09T06:03:01.897+0000] {taskinstance.py:2648} INFO - Exporting env vars: AIRFLOW_CTX_DAG_OWNER='data_engineer' AIRFLOW_CTX_DAG_ID='gold_dbt_dag' AIRFLOW_CTX_TASK_ID='trigger_dbt_build' AIRFLOW_CTX_EXECUTION_DATE='2026-07-09T06:00:40.023056+00:00' AIRFLOW_CTX_TRY_NUMBER='2' AIRFLOW_CTX_DAG_RUN_ID='dataset_triggered__2026-07-09T06:00:40.023056+00:00'
[2026-07-09T06:03:01.907+0000] {taskinstance.py:430} INFO - ::endgroup::
[2026-07-09T06:03:01.984+0000] {subprocess.py:63} INFO - Tmp dir root location: /tmp
[2026-07-09T06:03:02.008+0000] {subprocess.py:75} INFO - Running command: ['/usr/bin/bash', '-c', 'cd /opt/***/dbt && dbt build --profiles-dir . --target dev']
[2026-07-09T06:03:02.148+0000] {subprocess.py:86} INFO - Output:
[2026-07-09T06:03:04.876+0000] {subprocess.py:93} INFO - [0m06:03:04  Running with dbt=1.11.11
[2026-07-09T06:03:05.650+0000] {subprocess.py:93} INFO - [0m06:03:05  Registered adapter: bigquery=1.11.3
[2026-07-09T06:03:05.902+0000] {subprocess.py:93} INFO - [0m06:03:05  Found 6 models, 4 sources, 553 macros
[2026-07-09T06:03:05.904+0000] {subprocess.py:93} INFO - [0m06:03:05
[2026-07-09T06:03:05.904+0000] {subprocess.py:93} INFO - [0m06:03:05  Concurrency: 4 threads (target='dev')
[2026-07-09T06:03:05.904+0000] {subprocess.py:93} INFO - [0m06:03:05
[2026-07-09T06:03:08.239+0000] {subprocess.py:93} INFO - [0m06:03:08  1 of 6 START sql table model logistics_mart.dim_drivers ........................ [RUN]
[2026-07-09T06:03:08.239+0000] {subprocess.py:93} INFO - [0m06:03:08  2 of 6 START sql table model logistics_mart.dim_hubs ........................... [RUN]
[2026-07-09T06:03:08.240+0000] {subprocess.py:93} INFO - [0m06:03:08  3 of 6 START sql view model logistics_mart.stg_shipments ....................... [RUN]
[2026-07-09T06:03:08.240+0000] {subprocess.py:93} INFO - [0m06:03:08  4 of 6 START sql view model logistics_mart.stg_weather ......................... [RUN]
[2026-07-09T06:03:10.510+0000] {subprocess.py:93} INFO - [0m06:03:10  3 of 6 OK created sql view model logistics_mart.stg_shipments .................. [[32mCREATE VIEW (0 processed)[0m in 2.26s]
[2026-07-09T06:03:10.512+0000] {subprocess.py:93} INFO - [0m06:03:10  4 of 6 OK created sql view model logistics_mart.stg_weather .................... [[32mCREATE VIEW (0 processed)[0m in 2.27s]
[2026-07-09T06:03:10.515+0000] {subprocess.py:93} INFO - [0m06:03:10  5 of 6 START sql view model logistics_mart.stg_weather_consensus ............... [RUN]
[2026-07-09T06:03:12.093+0000] {subprocess.py:93} INFO - [0m06:03:12  BigQuery adapter: https://console.cloud.google.com/bigquery?project=logistics-500519&j=bq:US:13ea8050-77a7-4711-b98e-2c7d68696672&page=queryresults
[2026-07-09T06:03:12.109+0000] {subprocess.py:93} INFO - [0m06:03:12  5 of 6 ERROR creating sql view model logistics_mart.stg_weather_consensus ...... [[31mERROR[0m in 1.59s]
[2026-07-09T06:03:12.324+0000] {subprocess.py:93} INFO - [0m06:03:12  2 of 6 OK created sql table model logistics_mart.dim_hubs ...................... [[32mCREATE TABLE (3.0 rows, 149.0 Bytes processed)[0m in 4.08s]
[2026-07-09T06:03:12.328+0000] {subprocess.py:93} INFO - [0m06:03:12  6 of 6 START sql table model logistics_mart.fact_shipment_weather .............. [RUN]
[2026-07-09T06:03:12.427+0000] {subprocess.py:93} INFO - [0m06:03:12  1 of 6 OK created sql table model logistics_mart.dim_drivers ................... [[32mCREATE TABLE (3.0 rows, 108.0 Bytes processed)[0m in 4.18s]
[2026-07-09T06:03:17.069+0000] {subprocess.py:93} INFO - [0m06:03:17  6 of 6 OK created sql table model logistics_mart.fact_shipment_weather ......... [[32mCREATE TABLE (1.5k rows, 92.8 KiB processed)[0m in 4.74s]
[2026-07-09T06:03:17.115+0000] {subprocess.py:93} INFO - [0m06:03:17
[2026-07-09T06:03:17.115+0000] {subprocess.py:93} INFO - [0m06:03:17  Finished running 3 table models, 3 view models in 0 hours 0 minutes and 11.21 seconds (11.21s).
[2026-07-09T06:03:17.166+0000] {subprocess.py:93} INFO - [0m06:03:17
[2026-07-09T06:03:17.166+0000] {subprocess.py:93} INFO - [0m06:03:17  [31mCompleted with 1 error, 0 partial successes, and 0 warnings:[0m
[2026-07-09T06:03:17.167+0000] {subprocess.py:93} INFO - [0m06:03:17
[2026-07-09T06:03:17.167+0000] {subprocess.py:93} INFO - [0m06:03:17  [31mFailure in model stg_weather_consensus (models/staging/stg_weather_consensus.sql)[0m
[2026-07-09T06:03:17.168+0000] {subprocess.py:93} INFO - [0m06:03:17    Database Error in model stg_weather_consensus (models/staging/stg_weather_consensus.sql)
[2026-07-09T06:03:17.168+0000] {subprocess.py:93} INFO -   Unrecognized name: fetched_at at [11:11]
[2026-07-09T06:03:17.168+0000] {subprocess.py:93} INFO -   compiled code at target/run/logistics_lakehouse/models/staging/stg_weather_consensus.sql
[2026-07-09T06:03:17.168+0000] {subprocess.py:93} INFO - [0m06:03:17
[2026-07-09T06:03:17.168+0000] {subprocess.py:93} INFO - [0m06:03:17    compiled code at target/compiled/logistics_lakehouse/models/staging/stg_weather_consensus.sql
[2026-07-09T06:03:17.169+0000] {subprocess.py:93} INFO - [0m06:03:17
[2026-07-09T06:03:17.169+0000] {subprocess.py:93} INFO - [0m06:03:17  Done. PASS=5 WARN=0 ERROR=1 SKIP=0 NO-OP=0 TOTAL=6
[2026-07-09T06:03:21.104+0000] {subprocess.py:97} INFO - Command exited with return code 1
[2026-07-09T06:03:21.117+0000] {taskinstance.py:441} INFO - ::group::Post task execution logs
[2026-07-09T06:03:21.216+0000] {taskinstance.py:2905} ERROR - Task failed with exception
Traceback (most recent call last):
  File "/home/airflow/.local/lib/python3.12/site-packages/airflow/models/taskinstance.py", line 465, in _execute_task
    result = _execute_callable(context=context, **execute_callable_kwargs)
             ^^^^^^^^^^^^^^^^^^^^^^^^^^^^^^^^^^^^^^^^^^^^^^^^^^^^^^^^^^^^^
  File "/home/airflow/.local/lib/python3.12/site-packages/airflow/models/taskinstance.py", line 432, in _execute_callable
    return execute_callable(context=context, **execute_callable_kwargs)
           ^^^^^^^^^^^^^^^^^^^^^^^^^^^^^^^^^^^^^^^^^^^^^^^^^^^^^^^^^^^^
  File "/home/airflow/.local/lib/python3.12/site-packages/airflow/models/baseoperator.py", line 400, in wrapper
    return func(self, *args, **kwargs)
           ^^^^^^^^^^^^^^^^^^^^^^^^^^^
  File "/home/airflow/.local/lib/python3.12/site-packages/airflow/operators/bash.py", line 243, in execute
    raise AirflowException(
airflow.exceptions.AirflowException: Bash command failed. The command returned a non-zero exit code 1.
[2026-07-09T06:03:21.260+0000] {taskinstance.py:1206} INFO - Marking task as FAILED. dag_id=gold_dbt_dag, task_id=trigger_dbt_build, run_id=dataset_triggered__2026-07-09T06:00:40.023056+00:00, execution_date=20260709T060040, start_date=20260709T060300, end_date=20260709T060321
[2026-07-09T06:03:21.385+0000] {standard_task_runner.py:110} ERROR - Failed to execute job 1255 for task trigger_dbt_build (Bash command failed. The command returned a non-zero exit code 1.; 48150)
[2026-07-09T06:03:21.417+0000] {local_task_job_runner.py:240} INFO - Task exited with return code 1
[2026-07-09T06:03:21.500+0000] {taskinstance.py:3498} INFO - 0 downstream tasks scheduled from follow-on schedule check
[2026-07-09T06:03:21.503+0000] {local_task_job_runner.py:222} INFO - ::endgroup::
