[2026-07-09T06:00:40.452+0000] {local_task_job_runner.py:120} INFO - ::group::Pre task execution logs
[2026-07-09T06:00:40.482+0000] {taskinstance.py:2076} INFO - Dependencies all met for dep_context=non-requeueable deps ti=<TaskInstance: gold_dbt_dag.trigger_dbt_build dataset_triggered__2026-07-09T06:00:40.023056+00:00 [queued]>
[2026-07-09T06:00:40.486+0000] {taskinstance.py:2076} INFO - Dependencies all met for dep_context=requeueable deps ti=<TaskInstance: gold_dbt_dag.trigger_dbt_build dataset_triggered__2026-07-09T06:00:40.023056+00:00 [queued]>
[2026-07-09T06:00:40.486+0000] {taskinstance.py:2306} INFO - Starting attempt 1 of 2
[2026-07-09T06:00:40.498+0000] {taskinstance.py:2330} INFO - Executing <Task(BashOperator): trigger_dbt_build> on 2026-07-09 06:00:40.023056+00:00
[2026-07-09T06:00:40.504+0000] {standard_task_runner.py:90} INFO - Running: ['***', 'tasks', 'run', 'gold_dbt_dag', 'trigger_dbt_build', 'dataset_triggered__2026-07-09T06:00:40.023056+00:00', '--job-id', '1254', '--raw', '--subdir', 'DAGS_FOLDER/dag_gold_dbt.py', '--cfg-path', '/tmp/tmpxo8bmi7u']
[2026-07-09T06:00:40.508+0000] {standard_task_runner.py:91} INFO - Job 1254: Subtask trigger_dbt_build
[2026-07-09T06:00:40.510+0000] {logging_mixin.py:188} WARNING - /home/***/.local/lib/python3.12/site-packages/***/task/task_runner/standard_task_runner.py:61 DeprecationWarning: This process (pid=47942) is multi-threaded, use of fork() may lead to deadlocks in the child.
[2026-07-09T06:00:40.511+0000] {standard_task_runner.py:63} INFO - Started process 47943 to run task
[2026-07-09T06:00:40.538+0000] {task_command.py:426} INFO - Running <TaskInstance: gold_dbt_dag.trigger_dbt_build dataset_triggered__2026-07-09T06:00:40.023056+00:00 [running]> on host bd23e89d97be
[2026-07-09T06:00:40.581+0000] {taskinstance.py:2648} INFO - Exporting env vars: AIRFLOW_CTX_DAG_OWNER='data_engineer' AIRFLOW_CTX_DAG_ID='gold_dbt_dag' AIRFLOW_CTX_TASK_ID='trigger_dbt_build' AIRFLOW_CTX_EXECUTION_DATE='2026-07-09T06:00:40.023056+00:00' AIRFLOW_CTX_TRY_NUMBER='1' AIRFLOW_CTX_DAG_RUN_ID='dataset_triggered__2026-07-09T06:00:40.023056+00:00'
[2026-07-09T06:00:40.581+0000] {taskinstance.py:430} INFO - ::endgroup::
[2026-07-09T06:00:40.594+0000] {subprocess.py:63} INFO - Tmp dir root location: /tmp
[2026-07-09T06:00:40.596+0000] {subprocess.py:75} INFO - Running command: ['/usr/bin/bash', '-c', 'cd /opt/***/dbt && dbt build --profiles-dir . --target dev']
[2026-07-09T06:00:40.600+0000] {subprocess.py:86} INFO - Output:
[2026-07-09T06:00:41.857+0000] {subprocess.py:93} INFO - [0m06:00:41  Running with dbt=1.11.11
[2026-07-09T06:00:42.468+0000] {subprocess.py:93} INFO - [0m06:00:42  Registered adapter: bigquery=1.11.3
[2026-07-09T06:00:42.703+0000] {subprocess.py:93} INFO - [0m06:00:42  Found 6 models, 4 sources, 553 macros
[2026-07-09T06:00:42.704+0000] {subprocess.py:93} INFO - [0m06:00:42
[2026-07-09T06:00:42.705+0000] {subprocess.py:93} INFO - [0m06:00:42  Concurrency: 4 threads (target='dev')
[2026-07-09T06:00:42.705+0000] {subprocess.py:93} INFO - [0m06:00:42
[2026-07-09T06:00:44.830+0000] {subprocess.py:93} INFO - [0m06:00:44  1 of 6 START sql table model logistics_mart.dim_drivers ........................ [RUN]
[2026-07-09T06:00:44.833+0000] {subprocess.py:93} INFO - [0m06:00:44  2 of 6 START sql table model logistics_mart.dim_hubs ........................... [RUN]
[2026-07-09T06:00:44.833+0000] {subprocess.py:93} INFO - [0m06:00:44  3 of 6 START sql view model logistics_mart.stg_shipments ....................... [RUN]
[2026-07-09T06:00:44.833+0000] {subprocess.py:93} INFO - [0m06:00:44  4 of 6 START sql view model logistics_mart.stg_weather ......................... [RUN]
[2026-07-09T06:00:47.121+0000] {subprocess.py:93} INFO - [0m06:00:47  4 of 6 OK created sql view model logistics_mart.stg_weather .................... [[32mCREATE VIEW (0 processed)[0m in 2.27s]
[2026-07-09T06:00:47.124+0000] {subprocess.py:93} INFO - [0m06:00:47  3 of 6 OK created sql view model logistics_mart.stg_shipments .................. [[32mCREATE VIEW (0 processed)[0m in 2.28s]
[2026-07-09T06:00:47.126+0000] {subprocess.py:93} INFO - [0m06:00:47  5 of 6 START sql view model logistics_mart.stg_weather_consensus ............... [RUN]
[2026-07-09T06:00:48.602+0000] {subprocess.py:93} INFO - [0m06:00:48  BigQuery adapter: https://console.cloud.google.com/bigquery?project=logistics-500519&j=bq:US:fc2ca86a-ff11-4259-9a0a-e61e34e3b277&page=queryresults
[2026-07-09T06:00:48.633+0000] {subprocess.py:93} INFO - [0m06:00:48  5 of 6 ERROR creating sql view model logistics_mart.stg_weather_consensus ...... [[31mERROR[0m in 1.51s]
[2026-07-09T06:00:48.986+0000] {subprocess.py:93} INFO - [0m06:00:48  1 of 6 OK created sql table model logistics_mart.dim_drivers ................... [[32mCREATE TABLE (3.0 rows, 108.0 Bytes processed)[0m in 4.15s]
[2026-07-09T06:00:49.553+0000] {subprocess.py:93} INFO - [0m06:00:49  2 of 6 OK created sql table model logistics_mart.dim_hubs ...................... [[32mCREATE TABLE (3.0 rows, 149.0 Bytes processed)[0m in 4.72s]
[2026-07-09T06:00:49.556+0000] {subprocess.py:93} INFO - [0m06:00:49  6 of 6 START sql table model logistics_mart.fact_shipment_weather .............. [RUN]
[2026-07-09T06:00:53.363+0000] {subprocess.py:93} INFO - [0m06:00:53  6 of 6 OK created sql table model logistics_mart.fact_shipment_weather ......... [[32mCREATE TABLE (1.5k rows, 92.8 KiB processed)[0m in 3.80s]
[2026-07-09T06:00:53.543+0000] {subprocess.py:93} INFO - [0m06:00:53
[2026-07-09T06:00:53.545+0000] {subprocess.py:93} INFO - [0m06:00:53  Finished running 3 table models, 3 view models in 0 hours 0 minutes and 10.84 seconds (10.84s).
[2026-07-09T06:00:53.850+0000] {subprocess.py:93} INFO - [0m06:00:53
[2026-07-09T06:00:53.853+0000] {subprocess.py:93} INFO - [0m06:00:53  [31mCompleted with 1 error, 0 partial successes, and 0 warnings:[0m
[2026-07-09T06:00:53.863+0000] {subprocess.py:93} INFO - [0m06:00:53
[2026-07-09T06:00:53.864+0000] {subprocess.py:93} INFO - [0m06:00:53  [31mFailure in model stg_weather_consensus (models/staging/stg_weather_consensus.sql)[0m
[2026-07-09T06:00:53.869+0000] {subprocess.py:93} INFO - [0m06:00:53    Database Error in model stg_weather_consensus (models/staging/stg_weather_consensus.sql)
[2026-07-09T06:00:53.870+0000] {subprocess.py:93} INFO -   Unrecognized name: fetched_at at [11:11]
[2026-07-09T06:00:53.871+0000] {subprocess.py:93} INFO -   compiled code at target/run/logistics_lakehouse/models/staging/stg_weather_consensus.sql
[2026-07-09T06:00:53.871+0000] {subprocess.py:93} INFO - [0m06:00:53
[2026-07-09T06:00:53.872+0000] {subprocess.py:93} INFO - [0m06:00:53    compiled code at target/compiled/logistics_lakehouse/models/staging/stg_weather_consensus.sql
[2026-07-09T06:00:53.873+0000] {subprocess.py:93} INFO - [0m06:00:53
[2026-07-09T06:00:53.876+0000] {subprocess.py:93} INFO - [0m06:00:53  Done. PASS=5 WARN=0 ERROR=1 SKIP=0 NO-OP=0 TOTAL=6
[2026-07-09T06:00:58.686+0000] {subprocess.py:97} INFO - Command exited with return code 1
[2026-07-09T06:00:58.730+0000] {taskinstance.py:441} INFO - ::group::Post task execution logs
[2026-07-09T06:00:59.014+0000] {taskinstance.py:2905} ERROR - Task failed with exception
Traceback (most recent call last):
  File "/home/airflow/.local/lib/python3.12/site-packages/airflow/models/taskinstance.py", line 465, in _execute_task
    result = _execute_callable(context=context, **execute_callable_kwargs)
             ^^^^^^^^^^^^^^^^^^^^^^^^^^^^^^^^^^^^^^^^^^^^^^^^^^^^^^^^^^^^^
  File "/home/airflow/.local/lib/python3.12/site-packages/airflow/models/taskinstance.py", line 432, in _execute_callable
    return execute_callable(context=context, **execute_callable_kwargs)
           ^^^^^^^^^^^^^^^^^^^^^^^^^^^^^^^^^^^^^^^^^^^^^^^^^^^^^^^^^^^^
  File "/home/airflow/.local/lib/python3.12/site-packages/airflow/models/baseoperator.py", line 400, in wrapper
    return func(self, *args, **kwargs)
           ^^^^^^^^^^^^^^^^^^^^^^^^^^^
  File "/home/airflow/.local/lib/python3.12/site-packages/airflow/operators/bash.py", line 243, in execute
    raise AirflowException(
airflow.exceptions.AirflowException: Bash command failed. The command returned a non-zero exit code 1.
[2026-07-09T06:00:59.140+0000] {taskinstance.py:1206} INFO - Marking task as UP_FOR_RETRY. dag_id=gold_dbt_dag, task_id=trigger_dbt_build, run_id=dataset_triggered__2026-07-09T06:00:40.023056+00:00, execution_date=20260709T060040, start_date=20260709T060040, end_date=20260709T060059
[2026-07-09T06:00:59.362+0000] {standard_task_runner.py:110} ERROR - Failed to execute job 1254 for task trigger_dbt_build (Bash command failed. The command returned a non-zero exit code 1.; 47943)
[2026-07-09T06:00:59.547+0000] {local_task_job_runner.py:240} INFO - Task exited with return code 1
[2026-07-09T06:00:59.705+0000] {taskinstance.py:3498} INFO - 0 downstream tasks scheduled from follow-on schedule check
[2026-07-09T06:00:59.710+0000] {local_task_job_runner.py:222} INFO - ::endgroup::
