[2026-07-08T12:15:14.975+0000] {local_task_job_runner.py:120} INFO - ::group::Pre task execution logs
[2026-07-08T12:15:15.007+0000] {taskinstance.py:2076} INFO - Dependencies all met for dep_context=non-requeueable deps ti=<TaskInstance: gold_dbt_dag.trigger_dbt_build dataset_triggered__2026-07-08T12:12:59.588621+00:00 [queued]>
[2026-07-08T12:15:15.011+0000] {taskinstance.py:2076} INFO - Dependencies all met for dep_context=requeueable deps ti=<TaskInstance: gold_dbt_dag.trigger_dbt_build dataset_triggered__2026-07-08T12:12:59.588621+00:00 [queued]>
[2026-07-08T12:15:15.011+0000] {taskinstance.py:2306} INFO - Starting attempt 2 of 2
[2026-07-08T12:15:15.018+0000] {taskinstance.py:2330} INFO - Executing <Task(BashOperator): trigger_dbt_build> on 2026-07-08 12:12:59.588621+00:00
[2026-07-08T12:15:15.025+0000] {logging_mixin.py:188} WARNING - /home/***/.local/lib/python3.12/site-packages/***/task/task_runner/standard_task_runner.py:61 DeprecationWarning: This process (pid=16953) is multi-threaded, use of fork() may lead to deadlocks in the child.
[2026-07-08T12:15:15.026+0000] {standard_task_runner.py:63} INFO - Started process 16954 to run task
[2026-07-08T12:15:15.025+0000] {standard_task_runner.py:90} INFO - Running: ['***', 'tasks', 'run', 'gold_dbt_dag', 'trigger_dbt_build', 'dataset_triggered__2026-07-08T12:12:59.588621+00:00', '--job-id', '1130', '--raw', '--subdir', 'DAGS_FOLDER/dag_gold_dbt.py', '--cfg-path', '/tmp/tmpo6zjtgtb']
[2026-07-08T12:15:15.027+0000] {standard_task_runner.py:91} INFO - Job 1130: Subtask trigger_dbt_build
[2026-07-08T12:15:15.054+0000] {task_command.py:426} INFO - Running <TaskInstance: gold_dbt_dag.trigger_dbt_build dataset_triggered__2026-07-08T12:12:59.588621+00:00 [running]> on host bd23e89d97be
[2026-07-08T12:15:15.099+0000] {taskinstance.py:2648} INFO - Exporting env vars: AIRFLOW_CTX_DAG_OWNER='data_engineer' AIRFLOW_CTX_DAG_ID='gold_dbt_dag' AIRFLOW_CTX_TASK_ID='trigger_dbt_build' AIRFLOW_CTX_EXECUTION_DATE='2026-07-08T12:12:59.588621+00:00' AIRFLOW_CTX_TRY_NUMBER='2' AIRFLOW_CTX_DAG_RUN_ID='dataset_triggered__2026-07-08T12:12:59.588621+00:00'
[2026-07-08T12:15:15.099+0000] {taskinstance.py:430} INFO - ::endgroup::
[2026-07-08T12:15:15.110+0000] {subprocess.py:63} INFO - Tmp dir root location: /tmp
[2026-07-08T12:15:15.110+0000] {subprocess.py:75} INFO - Running command: ['/usr/bin/bash', '-c', 'cd /opt/***/dbt && dbt build --profiles-dir . --target dev']
[2026-07-08T12:15:15.116+0000] {subprocess.py:86} INFO - Output:
[2026-07-08T12:15:16.399+0000] {subprocess.py:93} INFO - [0m12:15:16  Running with dbt=1.11.11
[2026-07-08T12:15:17.290+0000] {subprocess.py:93} INFO - [0m12:15:17  Registered adapter: bigquery=1.11.3
[2026-07-08T12:15:17.652+0000] {subprocess.py:93} INFO - [0m12:15:17  Found 6 models, 4 sources, 553 macros
[2026-07-08T12:15:17.654+0000] {subprocess.py:93} INFO - [0m12:15:17
[2026-07-08T12:15:17.655+0000] {subprocess.py:93} INFO - [0m12:15:17  Concurrency: 4 threads (target='dev')
[2026-07-08T12:15:17.656+0000] {subprocess.py:93} INFO - [0m12:15:17
[2026-07-08T12:15:19.311+0000] {subprocess.py:93} INFO - [0m12:15:19  1 of 6 START sql table model logistics_mart.dim_drivers ........................ [RUN]
[2026-07-08T12:15:19.313+0000] {subprocess.py:93} INFO - [0m12:15:19  2 of 6 START sql table model logistics_mart.dim_hubs ........................... [RUN]
[2026-07-08T12:15:19.314+0000] {subprocess.py:93} INFO - [0m12:15:19  3 of 6 START sql view model logistics_mart.stg_shipments ....................... [RUN]
[2026-07-08T12:15:19.314+0000] {subprocess.py:93} INFO - [0m12:15:19  4 of 6 START sql view model logistics_mart.stg_weather ......................... [RUN]
[2026-07-08T12:15:21.302+0000] {subprocess.py:93} INFO - [0m12:15:21  3 of 6 OK created sql view model logistics_mart.stg_shipments .................. [[32mCREATE VIEW (0 processed)[0m in 1.99s]
[2026-07-08T12:15:21.304+0000] {subprocess.py:93} INFO - [0m12:15:21  5 of 6 START sql view model logistics_mart.stg_weather_consensus ............... [RUN]
[2026-07-08T12:15:21.398+0000] {subprocess.py:93} INFO - [0m12:15:21  4 of 6 OK created sql view model logistics_mart.stg_weather .................... [[32mCREATE VIEW (0 processed)[0m in 2.08s]
[2026-07-08T12:15:22.822+0000] {subprocess.py:93} INFO - [0m12:15:22  BigQuery adapter: https://console.cloud.google.com/bigquery?project=logistics-500519&j=bq:US:ae2b40ea-d160-4adc-ab4e-20b0f86dfe30&page=queryresults
[2026-07-08T12:15:22.845+0000] {subprocess.py:93} INFO - [0m12:15:22  5 of 6 ERROR creating sql view model logistics_mart.stg_weather_consensus ...... [[31mERROR[0m in 1.54s]
[2026-07-08T12:15:22.938+0000] {subprocess.py:93} INFO - [0m12:15:22  1 of 6 OK created sql table model logistics_mart.dim_drivers ................... [[32mCREATE TABLE (3.0 rows, 108.0 Bytes processed)[0m in 3.62s]
[2026-07-08T12:15:23.181+0000] {subprocess.py:93} INFO - [0m12:15:23  2 of 6 OK created sql table model logistics_mart.dim_hubs ...................... [[32mCREATE TABLE (3.0 rows, 149.0 Bytes processed)[0m in 3.87s]
[2026-07-08T12:15:23.185+0000] {subprocess.py:93} INFO - [0m12:15:23  6 of 6 START sql table model logistics_mart.fact_shipment_weather .............. [RUN]
[2026-07-08T12:15:27.570+0000] {subprocess.py:93} INFO - [0m12:15:27  6 of 6 OK created sql table model logistics_mart.fact_shipment_weather ......... [[32mCREATE TABLE (1.3k rows, 85.2 KiB processed)[0m in 4.38s]
[2026-07-08T12:15:27.621+0000] {subprocess.py:93} INFO - [0m12:15:27
[2026-07-08T12:15:27.621+0000] {subprocess.py:93} INFO - [0m12:15:27  Finished running 3 table models, 3 view models in 0 hours 0 minutes and 9.96 seconds (9.96s).
[2026-07-08T12:15:27.660+0000] {subprocess.py:93} INFO - [0m12:15:27
[2026-07-08T12:15:27.660+0000] {subprocess.py:93} INFO - [0m12:15:27  [31mCompleted with 1 error, 0 partial successes, and 0 warnings:[0m
[2026-07-08T12:15:27.661+0000] {subprocess.py:93} INFO - [0m12:15:27
[2026-07-08T12:15:27.661+0000] {subprocess.py:93} INFO - [0m12:15:27  [31mFailure in model stg_weather_consensus (models/staging/stg_weather_consensus.sql)[0m
[2026-07-08T12:15:27.661+0000] {subprocess.py:93} INFO - [0m12:15:27    Database Error in model stg_weather_consensus (models/staging/stg_weather_consensus.sql)
[2026-07-08T12:15:27.662+0000] {subprocess.py:93} INFO -   Unrecognized name: fetched_at at [11:11]
[2026-07-08T12:15:27.662+0000] {subprocess.py:93} INFO -   compiled code at target/run/logistics_lakehouse/models/staging/stg_weather_consensus.sql
[2026-07-08T12:15:27.662+0000] {subprocess.py:93} INFO - [0m12:15:27
[2026-07-08T12:15:27.662+0000] {subprocess.py:93} INFO - [0m12:15:27    compiled code at target/compiled/logistics_lakehouse/models/staging/stg_weather_consensus.sql
[2026-07-08T12:15:27.663+0000] {subprocess.py:93} INFO - [0m12:15:27
[2026-07-08T12:15:27.663+0000] {subprocess.py:93} INFO - [0m12:15:27  Done. PASS=5 WARN=0 ERROR=1 SKIP=0 NO-OP=0 TOTAL=6
[2026-07-08T12:15:29.786+0000] {subprocess.py:97} INFO - Command exited with return code 1
[2026-07-08T12:15:29.787+0000] {taskinstance.py:441} INFO - ::group::Post task execution logs
[2026-07-08T12:15:29.800+0000] {taskinstance.py:2905} ERROR - Task failed with exception
Traceback (most recent call last):
  File "/home/airflow/.local/lib/python3.12/site-packages/airflow/models/taskinstance.py", line 465, in _execute_task
    result = _execute_callable(context=context, **execute_callable_kwargs)
             ^^^^^^^^^^^^^^^^^^^^^^^^^^^^^^^^^^^^^^^^^^^^^^^^^^^^^^^^^^^^^
  File "/home/airflow/.local/lib/python3.12/site-packages/airflow/models/taskinstance.py", line 432, in _execute_callable
    return execute_callable(context=context, **execute_callable_kwargs)
           ^^^^^^^^^^^^^^^^^^^^^^^^^^^^^^^^^^^^^^^^^^^^^^^^^^^^^^^^^^^^
  File "/home/airflow/.local/lib/python3.12/site-packages/airflow/models/baseoperator.py", line 400, in wrapper
    return func(self, *args, **kwargs)
           ^^^^^^^^^^^^^^^^^^^^^^^^^^^
  File "/home/airflow/.local/lib/python3.12/site-packages/airflow/operators/bash.py", line 243, in execute
    raise AirflowException(
airflow.exceptions.AirflowException: Bash command failed. The command returned a non-zero exit code 1.
[2026-07-08T12:15:29.804+0000] {taskinstance.py:1206} INFO - Marking task as FAILED. dag_id=gold_dbt_dag, task_id=trigger_dbt_build, run_id=dataset_triggered__2026-07-08T12:12:59.588621+00:00, execution_date=20260708T121259, start_date=20260708T121515, end_date=20260708T121529
[2026-07-08T12:15:29.816+0000] {standard_task_runner.py:110} ERROR - Failed to execute job 1130 for task trigger_dbt_build (Bash command failed. The command returned a non-zero exit code 1.; 16954)
[2026-07-08T12:15:29.833+0000] {local_task_job_runner.py:240} INFO - Task exited with return code 1
[2026-07-08T12:15:29.845+0000] {taskinstance.py:3498} INFO - 0 downstream tasks scheduled from follow-on schedule check
[2026-07-08T12:15:29.846+0000] {local_task_job_runner.py:222} INFO - ::endgroup::
