[2026-06-30T10:10:18.968+0000] {local_task_job_runner.py:120} INFO - ::group::Pre task execution logs
[2026-06-30T10:10:18.984+0000] {taskinstance.py:2076} INFO - Dependencies all met for dep_context=non-requeueable deps ti=<TaskInstance: weather_api_to_bq.fetch_push_weather scheduled__2026-06-30T09:00:00+00:00 [queued]>
[2026-06-30T10:10:18.988+0000] {taskinstance.py:2076} INFO - Dependencies all met for dep_context=requeueable deps ti=<TaskInstance: weather_api_to_bq.fetch_push_weather scheduled__2026-06-30T09:00:00+00:00 [queued]>
[2026-06-30T10:10:18.988+0000] {taskinstance.py:2306} INFO - Starting attempt 1 of 1
[2026-06-30T10:10:18.992+0000] {taskinstance.py:2330} INFO - Executing <Task(PythonOperator): fetch_push_weather> on 2026-06-30 09:00:00+00:00
[2026-06-30T10:10:18.997+0000] {logging_mixin.py:188} WARNING - /home/***/.local/lib/python3.12/site-packages/***/task/task_runner/standard_task_runner.py:61 DeprecationWarning: This process (pid=2119) is multi-threaded, use of fork() may lead to deadlocks in the child.
[2026-06-30T10:10:18.997+0000] {standard_task_runner.py:63} INFO - Started process 2142 to run task
[2026-06-30T10:10:18.997+0000] {standard_task_runner.py:90} INFO - Running: ['***', 'tasks', 'run', 'weather_api_to_bq', 'fetch_push_weather', 'scheduled__2026-06-30T09:00:00+00:00', '--job-id', '18', '--raw', '--subdir', 'DAGS_FOLDER/dag_weather_api.py', '--cfg-path', '/tmp/tmpa6_4wrdi']
[2026-06-30T10:10:18.998+0000] {standard_task_runner.py:91} INFO - Job 18: Subtask fetch_push_weather
[2026-06-30T10:10:19.017+0000] {task_command.py:426} INFO - Running <TaskInstance: weather_api_to_bq.fetch_push_weather scheduled__2026-06-30T09:00:00+00:00 [running]> on host c0dde85f51a2
[2026-06-30T10:10:19.049+0000] {taskinstance.py:2648} INFO - Exporting env vars: AIRFLOW_CTX_DAG_OWNER='***' AIRFLOW_CTX_DAG_ID='weather_api_to_bq' AIRFLOW_CTX_TASK_ID='fetch_push_weather' AIRFLOW_CTX_EXECUTION_DATE='2026-06-30T09:00:00+00:00' AIRFLOW_CTX_TRY_NUMBER='1' AIRFLOW_CTX_DAG_RUN_ID='scheduled__2026-06-30T09:00:00+00:00'
[2026-06-30T10:10:19.049+0000] {taskinstance.py:430} INFO - ::endgroup::
[2026-06-30T10:10:19.109+0000] {taskinstance.py:441} INFO - ::group::Post task execution logs
[2026-06-30T10:10:19.109+0000] {taskinstance.py:2905} ERROR - Task failed with exception
Traceback (most recent call last):
  File "/home/airflow/.local/lib/python3.12/site-packages/urllib3/connection.py", line 198, in _new_conn
    sock = connection.create_connection(
           ^^^^^^^^^^^^^^^^^^^^^^^^^^^^^
  File "/home/airflow/.local/lib/python3.12/site-packages/urllib3/util/connection.py", line 60, in create_connection
    for res in socket.getaddrinfo(host, port, family, socket.SOCK_STREAM):
               ^^^^^^^^^^^^^^^^^^^^^^^^^^^^^^^^^^^^^^^^^^^^^^^^^^^^^^^^^^
  File "/usr/local/lib/python3.12/socket.py", line 963, in getaddrinfo
    for res in _socket.getaddrinfo(host, port, family, type, proto, flags):
               ^^^^^^^^^^^^^^^^^^^^^^^^^^^^^^^^^^^^^^^^^^^^^^^^^^^^^^^^^^^
socket.gaierror: [Errno -2] Name or service not known

The above exception was the direct cause of the following exception:

Traceback (most recent call last):
  File "/home/airflow/.local/lib/python3.12/site-packages/urllib3/connectionpool.py", line 793, in urlopen
    response = self._make_request(
               ^^^^^^^^^^^^^^^^^^^
  File "/home/airflow/.local/lib/python3.12/site-packages/urllib3/connectionpool.py", line 491, in _make_request
    raise new_e
  File "/home/airflow/.local/lib/python3.12/site-packages/urllib3/connectionpool.py", line 467, in _make_request
    self._validate_conn(conn)
  File "/home/airflow/.local/lib/python3.12/site-packages/urllib3/connectionpool.py", line 1099, in _validate_conn
    conn.connect()
  File "/home/airflow/.local/lib/python3.12/site-packages/urllib3/connection.py", line 616, in connect
    self.sock = sock = self._new_conn()
                       ^^^^^^^^^^^^^^^^
  File "/home/airflow/.local/lib/python3.12/site-packages/urllib3/connection.py", line 205, in _new_conn
    raise NameResolutionError(self.host, self, e) from e
urllib3.exceptions.NameResolutionError: <urllib3.connection.HTTPSConnection object at 0xffff8b01f1d0>: Failed to resolve 'api.open-meteo.com' ([Errno -2] Name or service not known)

The above exception was the direct cause of the following exception:

Traceback (most recent call last):
  File "/home/airflow/.local/lib/python3.12/site-packages/requests/adapters.py", line 696, in send
    resp = conn.urlopen(
           ^^^^^^^^^^^^^
  File "/home/airflow/.local/lib/python3.12/site-packages/urllib3/connectionpool.py", line 847, in urlopen
    retries = retries.increment(
              ^^^^^^^^^^^^^^^^^^
  File "/home/airflow/.local/lib/python3.12/site-packages/urllib3/util/retry.py", line 515, in increment
    raise MaxRetryError(_pool, url, reason) from reason  # type: ignore[arg-type]
    ^^^^^^^^^^^^^^^^^^^^^^^^^^^^^^^^^^^^^^^^^^^^^^^^^^^
urllib3.exceptions.MaxRetryError: HTTPSConnectionPool(host='api.open-meteo.com', port=443): Max retries exceeded with url: /v1/forecast?latitude=21.0285&longitude=105.8542&current_weather=true (Caused by NameResolutionError("<urllib3.connection.HTTPSConnection object at 0xffff8b01f1d0>: Failed to resolve 'api.open-meteo.com' ([Errno -2] Name or service not known)"))

During handling of the above exception, another exception occurred:

Traceback (most recent call last):
  File "/home/airflow/.local/lib/python3.12/site-packages/airflow/models/taskinstance.py", line 465, in _execute_task
    result = _execute_callable(context=context, **execute_callable_kwargs)
             ^^^^^^^^^^^^^^^^^^^^^^^^^^^^^^^^^^^^^^^^^^^^^^^^^^^^^^^^^^^^^
  File "/home/airflow/.local/lib/python3.12/site-packages/airflow/models/taskinstance.py", line 432, in _execute_callable
    return execute_callable(context=context, **execute_callable_kwargs)
           ^^^^^^^^^^^^^^^^^^^^^^^^^^^^^^^^^^^^^^^^^^^^^^^^^^^^^^^^^^^^
  File "/home/airflow/.local/lib/python3.12/site-packages/airflow/models/baseoperator.py", line 400, in wrapper
    return func(self, *args, **kwargs)
           ^^^^^^^^^^^^^^^^^^^^^^^^^^^
  File "/home/airflow/.local/lib/python3.12/site-packages/airflow/operators/python.py", line 235, in execute
    return_value = self.execute_callable()
                   ^^^^^^^^^^^^^^^^^^^^^^^
  File "/home/airflow/.local/lib/python3.12/site-packages/airflow/operators/python.py", line 252, in execute_callable
    return self.python_callable(*self.op_args, **self.op_kwargs)
           ^^^^^^^^^^^^^^^^^^^^^^^^^^^^^^^^^^^^^^^^^^^^^^^^^^^^^
  File "/opt/airflow/dags/dag_weather_api.py", line 30, in fetch_and_push_weather
    response = requests.get(url).json()
               ^^^^^^^^^^^^^^^^^
  File "/home/airflow/.local/lib/python3.12/site-packages/requests/api.py", line 87, in get
    return request("get", url, params=params, **kwargs)
           ^^^^^^^^^^^^^^^^^^^^^^^^^^^^^^^^^^^^^^^^^^^^
  File "/home/airflow/.local/lib/python3.12/site-packages/requests/api.py", line 71, in request
    return session.request(method=method, url=url, **kwargs)
           ^^^^^^^^^^^^^^^^^^^^^^^^^^^^^^^^^^^^^^^^^^^^^^^^^
  File "/home/airflow/.local/lib/python3.12/site-packages/requests/sessions.py", line 651, in request
    resp = self.send(prep, **send_kwargs)
           ^^^^^^^^^^^^^^^^^^^^^^^^^^^^^^
  File "/home/airflow/.local/lib/python3.12/site-packages/requests/sessions.py", line 784, in send
    r = adapter.send(request, **kwargs)
        ^^^^^^^^^^^^^^^^^^^^^^^^^^^^^^^
  File "/home/airflow/.local/lib/python3.12/site-packages/requests/adapters.py", line 729, in send
    raise ConnectionError(e, request=request)
requests.exceptions.ConnectionError: HTTPSConnectionPool(host='api.open-meteo.com', port=443): Max retries exceeded with url: /v1/forecast?latitude=21.0285&longitude=105.8542&current_weather=true (Caused by NameResolutionError("<urllib3.connection.HTTPSConnection object at 0xffff8b01f1d0>: Failed to resolve 'api.open-meteo.com' ([Errno -2] Name or service not known)"))
[2026-06-30T10:10:19.122+0000] {taskinstance.py:1206} INFO - Marking task as FAILED. dag_id=weather_api_to_bq, task_id=fetch_push_weather, run_id=scheduled__2026-06-30T09:00:00+00:00, execution_date=20260630T090000, start_date=20260630T101018, end_date=20260630T101019
[2026-06-30T10:10:19.126+0000] {standard_task_runner.py:110} ERROR - Failed to execute job 18 for task fetch_push_weather (HTTPSConnectionPool(host='api.open-meteo.com', port=443): Max retries exceeded with url: /v1/forecast?latitude=21.0285&longitude=105.8542&current_weather=true (Caused by NameResolutionError("<urllib3.connection.HTTPSConnection object at 0xffff8b01f1d0>: Failed to resolve 'api.open-meteo.com' ([Errno -2] Name or service not known)")); 2142)
[2026-06-30T10:10:19.141+0000] {local_task_job_runner.py:240} INFO - Task exited with return code 1
[2026-06-30T10:10:19.147+0000] {taskinstance.py:3498} INFO - 0 downstream tasks scheduled from follow-on schedule check
[2026-06-30T10:10:19.148+0000] {local_task_job_runner.py:222} INFO - ::endgroup::
