[2026-07-11T22:44:30.288+0000] {local_task_job_runner.py:120} INFO - ::group::Pre task execution logs
[2026-07-11T22:44:30.320+0000] {taskinstance.py:2076} INFO - Dependencies all met for dep_context=non-requeueable deps ti=<TaskInstance: gold_dbt_dag.trigger_dbt_build dataset_triggered__2026-07-11T19:37:41.333870+00:00 [queued]>
[2026-07-11T22:44:30.328+0000] {taskinstance.py:2076} INFO - Dependencies all met for dep_context=requeueable deps ti=<TaskInstance: gold_dbt_dag.trigger_dbt_build dataset_triggered__2026-07-11T19:37:41.333870+00:00 [queued]>
[2026-07-11T22:44:30.331+0000] {taskinstance.py:2306} INFO - Starting attempt 2 of 2
[2026-07-11T22:44:30.342+0000] {taskinstance.py:2330} INFO - Executing <Task(BashOperator): trigger_dbt_build> on 2026-07-11 19:37:41.333870+00:00
[2026-07-11T22:44:30.356+0000] {logging_mixin.py:188} WARNING - /home/***/.local/lib/python3.12/site-packages/***/task/task_runner/standard_task_runner.py:61 DeprecationWarning: This process (pid=7798) is multi-threaded, use of fork() may lead to deadlocks in the child.
[2026-07-11T22:44:30.353+0000] {standard_task_runner.py:90} INFO - Running: ['***', 'tasks', 'run', 'gold_dbt_dag', 'trigger_dbt_build', 'dataset_triggered__2026-07-11T19:37:41.333870+00:00', '--job-id', '48', '--raw', '--subdir', 'DAGS_FOLDER/dag_gold_dbt.py', '--cfg-path', '/tmp/tmpvxi23096']
[2026-07-11T22:44:30.357+0000] {standard_task_runner.py:63} INFO - Started process 7801 to run task
[2026-07-11T22:44:30.357+0000] {standard_task_runner.py:91} INFO - Job 48: Subtask trigger_dbt_build
[2026-07-11T22:44:30.421+0000] {task_command.py:426} INFO - Running <TaskInstance: gold_dbt_dag.trigger_dbt_build dataset_triggered__2026-07-11T19:37:41.333870+00:00 [running]> on host ad4e12f53b08
[2026-07-11T22:44:30.486+0000] {taskinstance.py:2648} INFO - Exporting env vars: AIRFLOW_CTX_DAG_OWNER='data_engineer' AIRFLOW_CTX_DAG_ID='gold_dbt_dag' AIRFLOW_CTX_TASK_ID='trigger_dbt_build' AIRFLOW_CTX_EXECUTION_DATE='2026-07-11T19:37:41.333870+00:00' AIRFLOW_CTX_TRY_NUMBER='2' AIRFLOW_CTX_DAG_RUN_ID='dataset_triggered__2026-07-11T19:37:41.333870+00:00'
[2026-07-11T22:44:30.487+0000] {taskinstance.py:430} INFO - ::endgroup::
[2026-07-11T22:44:30.503+0000] {subprocess.py:63} INFO - Tmp dir root location: /tmp
[2026-07-11T22:44:30.505+0000] {subprocess.py:75} INFO - Running command: ['/usr/bin/bash', '-c', 'cd /opt/***/dbt && dbt build --profiles-dir . --target dev']
[2026-07-11T22:44:30.514+0000] {subprocess.py:86} INFO - Output:
[2026-07-11T22:44:32.066+0000] {subprocess.py:93} INFO - [0m22:44:32  Running with dbt=1.11.11
[2026-07-11T22:44:32.826+0000] {subprocess.py:93} INFO - [0m22:44:32  Registered adapter: bigquery=1.11.3
[2026-07-11T22:44:33.153+0000] {subprocess.py:93} INFO - [0m22:44:33  Found 6 models, 4 sources, 553 macros
[2026-07-11T22:44:33.156+0000] {subprocess.py:93} INFO - [0m22:44:33
[2026-07-11T22:44:33.157+0000] {subprocess.py:93} INFO - [0m22:44:33  Concurrency: 4 threads (target='dev')
[2026-07-11T22:44:33.160+0000] {subprocess.py:93} INFO - [0m22:44:33
[2026-07-11T22:44:34.277+0000] {subprocess.py:93} INFO - WARNING:urllib3.connectionpool:Retrying (Retry(total=2, connect=None, read=None, redirect=None, status=None)) after connection broken by 'SSLError(SSLEOFError(8, '[SSL: UNEXPECTED_EOF_WHILE_READING] EOF occurred in violation of protocol (_ssl.c:1000)'))': /v1/projects/-/serviceAccounts/dbt-logistics-runner@project-592ab4fe-f210-4e44-9b9.iam.gserviceaccount.com/allowedLocations
[2026-07-11T22:44:34.416+0000] {subprocess.py:93} INFO - [0m22:44:34
[2026-07-11T22:44:34.417+0000] {subprocess.py:93} INFO - [0m22:44:34  Finished running  in 0 hours 0 minutes and 1.26 seconds (1.26s).
[2026-07-11T22:44:34.422+0000] {subprocess.py:93} INFO - [0m22:44:34  Encountered an error:
[2026-07-11T22:44:34.423+0000] {subprocess.py:93} INFO - Database Error
[2026-07-11T22:44:34.425+0000] {subprocess.py:93} INFO -   HTTPSConnectionPool(host='bigquery.googleapis.com', port=443): Max retries exceeded with url: /bigquery/v2/projects/logistics-500519/datasets?maxResults=10000&prettyPrint=false (Caused by SSLError(SSLEOFError(8, '[SSL: UNEXPECTED_EOF_WHILE_READING] EOF occurred in violation of protocol (_ssl.c:1000)')))
[2026-07-11T22:44:36.269+0000] {subprocess.py:97} INFO - Command exited with return code 2
[2026-07-11T22:44:36.273+0000] {taskinstance.py:441} INFO - ::group::Post task execution logs
[2026-07-11T22:44:36.303+0000] {taskinstance.py:2905} ERROR - Task failed with exception
Traceback (most recent call last):
  File "/home/airflow/.local/lib/python3.12/site-packages/airflow/models/taskinstance.py", line 465, in _execute_task
    result = _execute_callable(context=context, **execute_callable_kwargs)
             ^^^^^^^^^^^^^^^^^^^^^^^^^^^^^^^^^^^^^^^^^^^^^^^^^^^^^^^^^^^^^
  File "/home/airflow/.local/lib/python3.12/site-packages/airflow/models/taskinstance.py", line 432, in _execute_callable
    return execute_callable(context=context, **execute_callable_kwargs)
           ^^^^^^^^^^^^^^^^^^^^^^^^^^^^^^^^^^^^^^^^^^^^^^^^^^^^^^^^^^^^
  File "/home/airflow/.local/lib/python3.12/site-packages/airflow/models/baseoperator.py", line 400, in wrapper
    return func(self, *args, **kwargs)
           ^^^^^^^^^^^^^^^^^^^^^^^^^^^
  File "/home/airflow/.local/lib/python3.12/site-packages/airflow/operators/bash.py", line 243, in execute
    raise AirflowException(
airflow.exceptions.AirflowException: Bash command failed. The command returned a non-zero exit code 2.
[2026-07-11T22:44:36.308+0000] {taskinstance.py:1206} INFO - Marking task as FAILED. dag_id=gold_dbt_dag, task_id=trigger_dbt_build, run_id=dataset_triggered__2026-07-11T19:37:41.333870+00:00, execution_date=20260711T193741, start_date=20260711T224430, end_date=20260711T224436
[2026-07-11T22:44:36.323+0000] {standard_task_runner.py:110} ERROR - Failed to execute job 48 for task trigger_dbt_build (Bash command failed. The command returned a non-zero exit code 2.; 7801)
[2026-07-11T22:44:36.342+0000] {local_task_job_runner.py:240} INFO - Task exited with return code 1
[2026-07-11T22:44:36.370+0000] {taskinstance.py:3498} INFO - 0 downstream tasks scheduled from follow-on schedule check
[2026-07-11T22:44:36.372+0000] {local_task_job_runner.py:222} INFO - ::endgroup::
