[2026-07-08T05:02:42.252+0000] {local_task_job_runner.py:120} INFO - ::group::Pre task execution logs
[2026-07-08T05:02:42.291+0000] {taskinstance.py:2076} INFO - Dependencies all met for dep_context=non-requeueable deps ti=<TaskInstance: gold_dbt_dag.trigger_dbt_build dataset_triggered__2026-07-08T05:00:24.833132+00:00 [queued]>
[2026-07-08T05:02:42.299+0000] {taskinstance.py:2076} INFO - Dependencies all met for dep_context=requeueable deps ti=<TaskInstance: gold_dbt_dag.trigger_dbt_build dataset_triggered__2026-07-08T05:00:24.833132+00:00 [queued]>
[2026-07-08T05:02:42.299+0000] {taskinstance.py:2306} INFO - Starting attempt 2 of 2
[2026-07-08T05:02:42.310+0000] {taskinstance.py:2330} INFO - Executing <Task(BashOperator): trigger_dbt_build> on 2026-07-08 05:00:24.833132+00:00
[2026-07-08T05:02:42.318+0000] {standard_task_runner.py:90} INFO - Running: ['***', 'tasks', 'run', 'gold_dbt_dag', 'trigger_dbt_build', 'dataset_triggered__2026-07-08T05:00:24.833132+00:00', '--job-id', '1081', '--raw', '--subdir', 'DAGS_FOLDER/dag_gold_dbt.py', '--cfg-path', '/tmp/tmpzas5epxq']
[2026-07-08T05:02:42.320+0000] {logging_mixin.py:188} WARNING - /home/***/.local/lib/python3.12/site-packages/***/task/task_runner/standard_task_runner.py:61 DeprecationWarning: This process (pid=89642) is multi-threaded, use of fork() may lead to deadlocks in the child.
[2026-07-08T05:02:42.321+0000] {standard_task_runner.py:91} INFO - Job 1081: Subtask trigger_dbt_build
[2026-07-08T05:02:42.321+0000] {standard_task_runner.py:63} INFO - Started process 89643 to run task
[2026-07-08T05:02:42.366+0000] {task_command.py:426} INFO - Running <TaskInstance: gold_dbt_dag.trigger_dbt_build dataset_triggered__2026-07-08T05:00:24.833132+00:00 [running]> on host bd23e89d97be
[2026-07-08T05:02:42.445+0000] {taskinstance.py:2648} INFO - Exporting env vars: AIRFLOW_CTX_DAG_OWNER='data_engineer' AIRFLOW_CTX_DAG_ID='gold_dbt_dag' AIRFLOW_CTX_TASK_ID='trigger_dbt_build' AIRFLOW_CTX_EXECUTION_DATE='2026-07-08T05:00:24.833132+00:00' AIRFLOW_CTX_TRY_NUMBER='2' AIRFLOW_CTX_DAG_RUN_ID='dataset_triggered__2026-07-08T05:00:24.833132+00:00'
[2026-07-08T05:02:42.446+0000] {taskinstance.py:430} INFO - ::endgroup::
[2026-07-08T05:02:42.462+0000] {subprocess.py:63} INFO - Tmp dir root location: /tmp
[2026-07-08T05:02:42.463+0000] {subprocess.py:75} INFO - Running command: ['/usr/bin/bash', '-c', 'cd /opt/***/dbt && dbt build --profiles-dir . --target dev']
[2026-07-08T05:02:42.471+0000] {subprocess.py:86} INFO - Output:
[2026-07-08T05:02:44.219+0000] {subprocess.py:93} INFO - [0m05:02:44  Running with dbt=1.11.11
[2026-07-08T05:02:45.068+0000] {subprocess.py:93} INFO - [0m05:02:45  Registered adapter: bigquery=1.11.3
[2026-07-08T05:02:45.400+0000] {subprocess.py:93} INFO - [0m05:02:45  Found 6 models, 4 sources, 553 macros
[2026-07-08T05:02:45.402+0000] {subprocess.py:93} INFO - [0m05:02:45
[2026-07-08T05:02:45.403+0000] {subprocess.py:93} INFO - [0m05:02:45  Concurrency: 4 threads (target='dev')
[2026-07-08T05:02:45.403+0000] {subprocess.py:93} INFO - [0m05:02:45
[2026-07-08T05:02:47.031+0000] {subprocess.py:93} INFO - [0m05:02:47  1 of 6 START sql table model logistics_mart.dim_drivers ........................ [RUN]
[2026-07-08T05:02:47.033+0000] {subprocess.py:93} INFO - [0m05:02:47  2 of 6 START sql table model logistics_mart.dim_hubs ........................... [RUN]
[2026-07-08T05:02:47.033+0000] {subprocess.py:93} INFO - [0m05:02:47  3 of 6 START sql view model logistics_mart.stg_shipments ....................... [RUN]
[2026-07-08T05:02:47.034+0000] {subprocess.py:93} INFO - [0m05:02:47  4 of 6 START sql view model logistics_mart.stg_weather ......................... [RUN]
[2026-07-08T05:02:49.296+0000] {subprocess.py:93} INFO - [0m05:02:49  3 of 6 OK created sql view model logistics_mart.stg_shipments .................. [[32mCREATE VIEW (0 processed)[0m in 2.26s]
[2026-07-08T05:02:49.300+0000] {subprocess.py:93} INFO - [0m05:02:49  4 of 6 OK created sql view model logistics_mart.stg_weather .................... [[32mCREATE VIEW (0 processed)[0m in 2.26s]
[2026-07-08T05:02:49.303+0000] {subprocess.py:93} INFO - [0m05:02:49  5 of 6 START sql view model logistics_mart.stg_weather_consensus ............... [RUN]
[2026-07-08T05:02:50.558+0000] {subprocess.py:93} INFO - [0m05:02:50  1 of 6 OK created sql table model logistics_mart.dim_drivers ................... [[32mCREATE TABLE (3.0 rows, 108.0 Bytes processed)[0m in 3.52s]
[2026-07-08T05:02:50.602+0000] {subprocess.py:93} INFO - [0m05:02:50  2 of 6 OK created sql table model logistics_mart.dim_hubs ...................... [[32mCREATE TABLE (3.0 rows, 149.0 Bytes processed)[0m in 3.57s]
[2026-07-08T05:02:50.604+0000] {subprocess.py:93} INFO - [0m05:02:50  6 of 6 START sql table model logistics_mart.fact_shipment_weather .............. [RUN]
[2026-07-08T05:02:50.652+0000] {subprocess.py:93} INFO - [0m05:02:50  BigQuery adapter: https://console.cloud.google.com/bigquery?project=logistics-500519&j=bq:US:896d33c5-94e1-4ca1-b0c3-827a231e2a79&page=queryresults
[2026-07-08T05:02:50.666+0000] {subprocess.py:93} INFO - [0m05:02:50  5 of 6 ERROR creating sql view model logistics_mart.stg_weather_consensus ...... [[31mERROR[0m in 1.36s]
[2026-07-08T05:02:54.572+0000] {subprocess.py:93} INFO - [0m05:02:54  6 of 6 OK created sql table model logistics_mart.fact_shipment_weather ......... [[32mCREATE TABLE (1.3k rows, 81.9 KiB processed)[0m in 3.96s]
[2026-07-08T05:02:54.615+0000] {subprocess.py:93} INFO - [0m05:02:54
[2026-07-08T05:02:54.616+0000] {subprocess.py:93} INFO - [0m05:02:54  Finished running 3 table models, 3 view models in 0 hours 0 minutes and 9.21 seconds (9.21s).
[2026-07-08T05:02:54.665+0000] {subprocess.py:93} INFO - [0m05:02:54
[2026-07-08T05:02:54.666+0000] {subprocess.py:93} INFO - [0m05:02:54  [31mCompleted with 1 error, 0 partial successes, and 0 warnings:[0m
[2026-07-08T05:02:54.667+0000] {subprocess.py:93} INFO - [0m05:02:54
[2026-07-08T05:02:54.667+0000] {subprocess.py:93} INFO - [0m05:02:54  [31mFailure in model stg_weather_consensus (models/staging/stg_weather_consensus.sql)[0m
[2026-07-08T05:02:54.668+0000] {subprocess.py:93} INFO - [0m05:02:54    Database Error in model stg_weather_consensus (models/staging/stg_weather_consensus.sql)
[2026-07-08T05:02:54.668+0000] {subprocess.py:93} INFO -   Unrecognized name: fetched_at at [11:11]
[2026-07-08T05:02:54.668+0000] {subprocess.py:93} INFO -   compiled code at target/run/logistics_lakehouse/models/staging/stg_weather_consensus.sql
[2026-07-08T05:02:54.668+0000] {subprocess.py:93} INFO - [0m05:02:54
[2026-07-08T05:02:54.669+0000] {subprocess.py:93} INFO - [0m05:02:54    compiled code at target/compiled/logistics_lakehouse/models/staging/stg_weather_consensus.sql
[2026-07-08T05:02:54.669+0000] {subprocess.py:93} INFO - [0m05:02:54
[2026-07-08T05:02:54.669+0000] {subprocess.py:93} INFO - [0m05:02:54  Done. PASS=5 WARN=0 ERROR=1 SKIP=0 NO-OP=0 TOTAL=6
[2026-07-08T05:02:57.051+0000] {subprocess.py:97} INFO - Command exited with return code 1
[2026-07-08T05:02:57.053+0000] {taskinstance.py:441} INFO - ::group::Post task execution logs
[2026-07-08T05:02:57.076+0000] {taskinstance.py:2905} ERROR - Task failed with exception
Traceback (most recent call last):
  File "/home/airflow/.local/lib/python3.12/site-packages/airflow/models/taskinstance.py", line 465, in _execute_task
    result = _execute_callable(context=context, **execute_callable_kwargs)
             ^^^^^^^^^^^^^^^^^^^^^^^^^^^^^^^^^^^^^^^^^^^^^^^^^^^^^^^^^^^^^
  File "/home/airflow/.local/lib/python3.12/site-packages/airflow/models/taskinstance.py", line 432, in _execute_callable
    return execute_callable(context=context, **execute_callable_kwargs)
           ^^^^^^^^^^^^^^^^^^^^^^^^^^^^^^^^^^^^^^^^^^^^^^^^^^^^^^^^^^^^
  File "/home/airflow/.local/lib/python3.12/site-packages/airflow/models/baseoperator.py", line 400, in wrapper
    return func(self, *args, **kwargs)
           ^^^^^^^^^^^^^^^^^^^^^^^^^^^
  File "/home/airflow/.local/lib/python3.12/site-packages/airflow/operators/bash.py", line 243, in execute
    raise AirflowException(
airflow.exceptions.AirflowException: Bash command failed. The command returned a non-zero exit code 1.
[2026-07-08T05:02:57.088+0000] {taskinstance.py:1206} INFO - Marking task as FAILED. dag_id=gold_dbt_dag, task_id=trigger_dbt_build, run_id=dataset_triggered__2026-07-08T05:00:24.833132+00:00, execution_date=20260708T050024, start_date=20260708T050242, end_date=20260708T050257
[2026-07-08T05:02:57.105+0000] {standard_task_runner.py:110} ERROR - Failed to execute job 1081 for task trigger_dbt_build (Bash command failed. The command returned a non-zero exit code 1.; 89643)
[2026-07-08T05:02:57.151+0000] {local_task_job_runner.py:240} INFO - Task exited with return code 1
[2026-07-08T05:02:57.169+0000] {taskinstance.py:3498} INFO - 0 downstream tasks scheduled from follow-on schedule check
[2026-07-08T05:02:57.169+0000] {local_task_job_runner.py:222} INFO - ::endgroup::
