[2026-07-12T19:59:22.974+0000] {local_task_job_runner.py:120} INFO - ::group::Pre task execution logs
[2026-07-12T19:59:23.002+0000] {taskinstance.py:2076} INFO - Dependencies all met for dep_context=non-requeueable deps ti=<TaskInstance: gold_dbt_dag.trigger_dbt_build manual__2026-07-12T19:59:21.598481+00:00 [queued]>
[2026-07-12T19:59:23.009+0000] {taskinstance.py:2076} INFO - Dependencies all met for dep_context=requeueable deps ti=<TaskInstance: gold_dbt_dag.trigger_dbt_build manual__2026-07-12T19:59:21.598481+00:00 [queued]>
[2026-07-12T19:59:23.009+0000] {taskinstance.py:2306} INFO - Starting attempt 1 of 2
[2026-07-12T19:59:23.019+0000] {taskinstance.py:2330} INFO - Executing <Task(BashOperator): trigger_dbt_build> on 2026-07-12 19:59:21.598481+00:00
[2026-07-12T19:59:23.031+0000] {standard_task_runner.py:90} INFO - Running: ['***', 'tasks', 'run', 'gold_dbt_dag', 'trigger_dbt_build', 'manual__2026-07-12T19:59:21.598481+00:00', '--job-id', '230', '--raw', '--subdir', 'DAGS_FOLDER/dag_gold_dbt.py', '--cfg-path', '/tmp/tmp29q631t_']
[2026-07-12T19:59:23.036+0000] {standard_task_runner.py:91} INFO - Job 230: Subtask trigger_dbt_build
[2026-07-12T19:59:23.036+0000] {logging_mixin.py:188} WARNING - /home/***/.local/lib/python3.12/site-packages/***/task/task_runner/standard_task_runner.py:61 DeprecationWarning: This process (pid=41129) is multi-threaded, use of fork() may lead to deadlocks in the child.
[2026-07-12T19:59:23.036+0000] {standard_task_runner.py:63} INFO - Started process 41142 to run task
[2026-07-12T19:59:23.093+0000] {task_command.py:426} INFO - Running <TaskInstance: gold_dbt_dag.trigger_dbt_build manual__2026-07-12T19:59:21.598481+00:00 [running]> on host ad4e12f53b08
[2026-07-12T19:59:23.170+0000] {taskinstance.py:2648} INFO - Exporting env vars: AIRFLOW_CTX_DAG_OWNER='data_engineer' AIRFLOW_CTX_DAG_ID='gold_dbt_dag' AIRFLOW_CTX_TASK_ID='trigger_dbt_build' AIRFLOW_CTX_EXECUTION_DATE='2026-07-12T19:59:21.598481+00:00' AIRFLOW_CTX_TRY_NUMBER='1' AIRFLOW_CTX_DAG_RUN_ID='manual__2026-07-12T19:59:21.598481+00:00'
[2026-07-12T19:59:23.171+0000] {taskinstance.py:430} INFO - ::endgroup::
[2026-07-12T19:59:23.182+0000] {subprocess.py:63} INFO - Tmp dir root location: /tmp
[2026-07-12T19:59:23.185+0000] {subprocess.py:75} INFO - Running command: ['/usr/bin/bash', '-c', 'cd /opt/***/dbt && dbt build --profiles-dir . --target dev']
[2026-07-12T19:59:23.190+0000] {subprocess.py:86} INFO - Output:
[2026-07-12T19:59:24.641+0000] {subprocess.py:93} INFO - [0m19:59:24  Running with dbt=1.11.11
[2026-07-12T19:59:25.649+0000] {subprocess.py:93} INFO - [0m19:59:25  Registered adapter: bigquery=1.11.3
[2026-07-12T19:59:26.067+0000] {subprocess.py:93} INFO - [0m19:59:26  Found 6 models, 4 sources, 553 macros
[2026-07-12T19:59:26.070+0000] {subprocess.py:93} INFO - [0m19:59:26
[2026-07-12T19:59:26.071+0000] {subprocess.py:93} INFO - [0m19:59:26  Concurrency: 4 threads (target='dev')
[2026-07-12T19:59:26.072+0000] {subprocess.py:93} INFO - [0m19:59:26
[2026-07-12T19:59:27.471+0000] {subprocess.py:93} INFO - [0m19:59:27  1 of 6 START sql table model logistics_mart.dim_drivers ........................ [RUN]
[2026-07-12T19:59:27.472+0000] {subprocess.py:93} INFO - [0m19:59:27  2 of 6 START sql table model logistics_mart.dim_hubs ........................... [RUN]
[2026-07-12T19:59:27.472+0000] {subprocess.py:93} INFO - [0m19:59:27  3 of 6 START sql view model logistics_mart.stg_shipments ....................... [RUN]
[2026-07-12T19:59:27.473+0000] {subprocess.py:93} INFO - [0m19:59:27  4 of 6 START sql view model logistics_mart.stg_weather ......................... [RUN]
[2026-07-12T19:59:29.413+0000] {subprocess.py:93} INFO - [0m19:59:29  4 of 6 OK created sql view model logistics_mart.stg_weather .................... [[32mCREATE VIEW (0 processed)[0m in 1.93s]
[2026-07-12T19:59:29.419+0000] {subprocess.py:93} INFO - [0m19:59:29  3 of 6 OK created sql view model logistics_mart.stg_shipments .................. [[32mCREATE VIEW (0 processed)[0m in 1.94s]
[2026-07-12T19:59:29.423+0000] {subprocess.py:93} INFO - [0m19:59:29  5 of 6 START sql view model logistics_mart.stg_weather_consensus ............... [RUN]
[2026-07-12T19:59:30.766+0000] {subprocess.py:93} INFO - [0m19:59:30  1 of 6 OK created sql table model logistics_mart.dim_drivers ................... [[32mCREATE TABLE (3.0 rows, 117.0 Bytes processed)[0m in 3.29s]
[2026-07-12T19:59:31.032+0000] {subprocess.py:93} INFO - [0m19:59:31  5 of 6 OK created sql view model logistics_mart.stg_weather_consensus .......... [[32mCREATE VIEW (0 processed)[0m in 1.61s]
[2026-07-12T19:59:32.851+0000] {subprocess.py:93} INFO - [0m19:59:32  2 of 6 OK created sql table model logistics_mart.dim_hubs ...................... [[32mCREATE TABLE (3.0 rows, 176.0 Bytes processed)[0m in 5.37s]
[2026-07-12T19:59:32.860+0000] {subprocess.py:93} INFO - [0m19:59:32  6 of 6 START sql table model logistics_mart.fact_shipment_weather .............. [RUN]
[2026-07-12T19:59:36.169+0000] {subprocess.py:93} INFO - [0m19:59:36  6 of 6 OK created sql table model logistics_mart.fact_shipment_weather ......... [[32mCREATE TABLE (7.0 rows, 762.0 Bytes processed)[0m in 3.29s]
[2026-07-12T19:59:36.224+0000] {subprocess.py:93} INFO - [0m19:59:36
[2026-07-12T19:59:36.226+0000] {subprocess.py:93} INFO - [0m19:59:36  Finished running 3 table models, 3 view models in 0 hours 0 minutes and 10.15 seconds (10.15s).
[2026-07-12T19:59:36.335+0000] {subprocess.py:93} INFO - [0m19:59:36
[2026-07-12T19:59:36.335+0000] {subprocess.py:93} INFO - [0m19:59:36  [32mCompleted successfully[0m
[2026-07-12T19:59:36.336+0000] {subprocess.py:93} INFO - [0m19:59:36
[2026-07-12T19:59:36.336+0000] {subprocess.py:93} INFO - [0m19:59:36  Done. PASS=6 WARN=0 ERROR=0 SKIP=0 NO-OP=0 TOTAL=6
[2026-07-12T19:59:38.220+0000] {subprocess.py:97} INFO - Command exited with return code 0
[2026-07-12T19:59:38.222+0000] {taskinstance.py:441} INFO - ::group::Post task execution logs
[2026-07-12T19:59:38.251+0000] {taskinstance.py:1206} INFO - Marking task as SUCCESS. dag_id=gold_dbt_dag, task_id=trigger_dbt_build, run_id=manual__2026-07-12T19:59:21.598481+00:00, execution_date=20260712T195921, start_date=20260712T195923, end_date=20260712T195938
[2026-07-12T19:59:38.270+0000] {local_task_job_runner.py:240} INFO - Task exited with return code 0
[2026-07-12T19:59:38.288+0000] {taskinstance.py:3498} INFO - 0 downstream tasks scheduled from follow-on schedule check
[2026-07-12T19:59:38.289+0000] {local_task_job_runner.py:222} INFO - ::endgroup::
