[2026-07-03T02:05:09.821+0000] {local_task_job_runner.py:120} INFO - ::group::Pre task execution logs
[2026-07-03T02:05:09.835+0000] {taskinstance.py:2076} INFO - Dependencies all met for dep_context=non-requeueable deps ti=<TaskInstance: gold_dbt_dag.trigger_dbt_build dataset_triggered__2026-07-03T02:05:08.969470+00:00 [queued]>
[2026-07-03T02:05:09.838+0000] {taskinstance.py:2076} INFO - Dependencies all met for dep_context=requeueable deps ti=<TaskInstance: gold_dbt_dag.trigger_dbt_build dataset_triggered__2026-07-03T02:05:08.969470+00:00 [queued]>
[2026-07-03T02:05:09.838+0000] {taskinstance.py:2306} INFO - Starting attempt 1 of 2
[2026-07-03T02:05:09.843+0000] {taskinstance.py:2330} INFO - Executing <Task(BashOperator): trigger_dbt_build> on 2026-07-03 02:05:08.969470+00:00
[2026-07-03T02:05:09.847+0000] {standard_task_runner.py:90} INFO - Running: ['***', 'tasks', 'run', 'gold_dbt_dag', 'trigger_dbt_build', 'dataset_triggered__2026-07-03T02:05:08.969470+00:00', '--job-id', '324', '--raw', '--subdir', 'DAGS_FOLDER/dag_gold_dbt.py', '--cfg-path', '/tmp/tmpz2trgbtq']
[2026-07-03T02:05:09.852+0000] {standard_task_runner.py:91} INFO - Job 324: Subtask trigger_dbt_build
[2026-07-03T02:05:09.849+0000] {logging_mixin.py:188} WARNING - /home/***/.local/lib/python3.12/site-packages/***/task/task_runner/standard_task_runner.py:61 DeprecationWarning: This process (pid=679) is multi-threaded, use of fork() may lead to deadlocks in the child.
[2026-07-03T02:05:09.852+0000] {standard_task_runner.py:63} INFO - Started process 680 to run task
[2026-07-03T02:05:09.879+0000] {task_command.py:426} INFO - Running <TaskInstance: gold_dbt_dag.trigger_dbt_build dataset_triggered__2026-07-03T02:05:08.969470+00:00 [running]> on host bd23e89d97be
[2026-07-03T02:05:09.914+0000] {taskinstance.py:2648} INFO - Exporting env vars: AIRFLOW_CTX_DAG_OWNER='data_engineer' AIRFLOW_CTX_DAG_ID='gold_dbt_dag' AIRFLOW_CTX_TASK_ID='trigger_dbt_build' AIRFLOW_CTX_EXECUTION_DATE='2026-07-03T02:05:08.969470+00:00' AIRFLOW_CTX_TRY_NUMBER='1' AIRFLOW_CTX_DAG_RUN_ID='dataset_triggered__2026-07-03T02:05:08.969470+00:00'
[2026-07-03T02:05:09.914+0000] {taskinstance.py:430} INFO - ::endgroup::
[2026-07-03T02:05:09.921+0000] {subprocess.py:63} INFO - Tmp dir root location: /tmp
[2026-07-03T02:05:09.921+0000] {subprocess.py:75} INFO - Running command: ['/usr/bin/bash', '-c', 'cd /opt/***/dbt && dbt build --profiles-dir . --target dev']
[2026-07-03T02:05:09.925+0000] {subprocess.py:86} INFO - Output:
[2026-07-03T02:05:10.898+0000] {subprocess.py:93} INFO - [0m02:05:10  Running with dbt=1.11.11
[2026-07-03T02:05:11.344+0000] {subprocess.py:93} INFO - [0m02:05:11  Registered adapter: bigquery=1.11.3
[2026-07-03T02:05:11.552+0000] {subprocess.py:93} INFO - [0m02:05:11  Found 5 models, 4 sources, 553 macros
[2026-07-03T02:05:11.553+0000] {subprocess.py:93} INFO - [0m02:05:11
[2026-07-03T02:05:11.553+0000] {subprocess.py:93} INFO - [0m02:05:11  Concurrency: 4 threads (target='dev')
[2026-07-03T02:05:11.554+0000] {subprocess.py:93} INFO - [0m02:05:11
[2026-07-03T02:05:13.095+0000] {subprocess.py:93} INFO - [0m02:05:13  1 of 5 START sql table model logistics_mart.dim_drivers ........................ [RUN]
[2026-07-03T02:05:13.096+0000] {subprocess.py:93} INFO - [0m02:05:13  2 of 5 START sql table model logistics_mart.dim_hubs ........................... [RUN]
[2026-07-03T02:05:13.097+0000] {subprocess.py:93} INFO - [0m02:05:13  3 of 5 START sql view model logistics_mart.stg_shipments ....................... [RUN]
[2026-07-03T02:05:13.097+0000] {subprocess.py:93} INFO - [0m02:05:13  4 of 5 START sql view model logistics_mart.stg_weather ......................... [RUN]
[2026-07-03T02:05:15.114+0000] {subprocess.py:93} INFO - [0m02:05:15  4 of 5 OK created sql view model logistics_mart.stg_weather .................... [[32mCREATE VIEW (0 processed)[0m in 2.01s]
[2026-07-03T02:05:15.150+0000] {subprocess.py:93} INFO - [0m02:05:15  3 of 5 OK created sql view model logistics_mart.stg_shipments .................. [[32mCREATE VIEW (0 processed)[0m in 2.05s]
[2026-07-03T02:05:16.811+0000] {subprocess.py:93} INFO - [0m02:05:16  2 of 5 OK created sql table model logistics_mart.dim_hubs ...................... [[32mCREATE TABLE (3.0 rows, 149.0 Bytes processed)[0m in 3.71s]
[2026-07-03T02:05:16.816+0000] {subprocess.py:93} INFO - [0m02:05:16  5 of 5 START sql table model logistics_mart.fact_shipment_weather .............. [RUN]
[2026-07-03T02:05:17.069+0000] {subprocess.py:93} INFO - [0m02:05:17  1 of 5 OK created sql table model logistics_mart.dim_drivers ................... [[32mCREATE TABLE (3.0 rows, 108.0 Bytes processed)[0m in 3.97s]
[2026-07-03T02:05:20.755+0000] {subprocess.py:93} INFO - [0m02:05:20  5 of 5 OK created sql table model logistics_mart.fact_shipment_weather ......... [[32mCREATE TABLE (352.0 rows, 22.6 KiB processed)[0m in 3.94s]
[2026-07-03T02:05:20.797+0000] {subprocess.py:93} INFO - [0m02:05:20
[2026-07-03T02:05:20.797+0000] {subprocess.py:93} INFO - [0m02:05:20  Finished running 3 table models, 2 view models in 0 hours 0 minutes and 9.24 seconds (9.24s).
[2026-07-03T02:05:20.825+0000] {subprocess.py:93} INFO - [0m02:05:20
[2026-07-03T02:05:20.826+0000] {subprocess.py:93} INFO - [0m02:05:20  [32mCompleted successfully[0m
[2026-07-03T02:05:20.826+0000] {subprocess.py:93} INFO - [0m02:05:20
[2026-07-03T02:05:20.826+0000] {subprocess.py:93} INFO - [0m02:05:20  Done. PASS=5 WARN=0 ERROR=0 SKIP=0 NO-OP=0 TOTAL=5
[2026-07-03T02:05:22.489+0000] {subprocess.py:97} INFO - Command exited with return code 0
[2026-07-03T02:05:22.489+0000] {taskinstance.py:441} INFO - ::group::Post task execution logs
[2026-07-03T02:05:22.501+0000] {taskinstance.py:1206} INFO - Marking task as SUCCESS. dag_id=gold_dbt_dag, task_id=trigger_dbt_build, run_id=dataset_triggered__2026-07-03T02:05:08.969470+00:00, execution_date=20260703T020508, start_date=20260703T020509, end_date=20260703T020522
[2026-07-03T02:05:22.531+0000] {local_task_job_runner.py:240} INFO - Task exited with return code 0
[2026-07-03T02:05:22.537+0000] {taskinstance.py:3498} INFO - 0 downstream tasks scheduled from follow-on schedule check
[2026-07-03T02:05:22.538+0000] {local_task_job_runner.py:222} INFO - ::endgroup::
