[2026-07-05T06:49:03.664+0000] {local_task_job_runner.py:120} INFO - ::group::Pre task execution logs
[2026-07-05T06:49:03.733+0000] {taskinstance.py:2076} INFO - Dependencies all met for dep_context=non-requeueable deps ti=<TaskInstance: gold_dbt_dag.trigger_dbt_build dataset_triggered__2026-07-05T06:49:02.712468+00:00 [queued]>
[2026-07-05T06:49:03.744+0000] {taskinstance.py:2076} INFO - Dependencies all met for dep_context=requeueable deps ti=<TaskInstance: gold_dbt_dag.trigger_dbt_build dataset_triggered__2026-07-05T06:49:02.712468+00:00 [queued]>
[2026-07-05T06:49:03.744+0000] {taskinstance.py:2306} INFO - Starting attempt 1 of 2
[2026-07-05T06:49:03.754+0000] {taskinstance.py:2330} INFO - Executing <Task(BashOperator): trigger_dbt_build> on 2026-07-05 06:49:02.712468+00:00
[2026-07-05T06:49:03.760+0000] {logging_mixin.py:188} WARNING - /home/***/.local/lib/python3.12/site-packages/***/task/task_runner/standard_task_runner.py:61 DeprecationWarning: This process (pid=46573) is multi-threaded, use of fork() may lead to deadlocks in the child.
[2026-07-05T06:49:03.761+0000] {standard_task_runner.py:63} INFO - Started process 46574 to run task
[2026-07-05T06:49:03.760+0000] {standard_task_runner.py:90} INFO - Running: ['***', 'tasks', 'run', 'gold_dbt_dag', 'trigger_dbt_build', 'dataset_triggered__2026-07-05T06:49:02.712468+00:00', '--job-id', '636', '--raw', '--subdir', 'DAGS_FOLDER/dag_gold_dbt.py', '--cfg-path', '/tmp/tmp5lxerfju']
[2026-07-05T06:49:03.762+0000] {standard_task_runner.py:91} INFO - Job 636: Subtask trigger_dbt_build
[2026-07-05T06:49:03.810+0000] {task_command.py:426} INFO - Running <TaskInstance: gold_dbt_dag.trigger_dbt_build dataset_triggered__2026-07-05T06:49:02.712468+00:00 [running]> on host bd23e89d97be
[2026-07-05T06:49:03.889+0000] {taskinstance.py:2648} INFO - Exporting env vars: AIRFLOW_CTX_DAG_OWNER='data_engineer' AIRFLOW_CTX_DAG_ID='gold_dbt_dag' AIRFLOW_CTX_TASK_ID='trigger_dbt_build' AIRFLOW_CTX_EXECUTION_DATE='2026-07-05T06:49:02.712468+00:00' AIRFLOW_CTX_TRY_NUMBER='1' AIRFLOW_CTX_DAG_RUN_ID='dataset_triggered__2026-07-05T06:49:02.712468+00:00'
[2026-07-05T06:49:03.890+0000] {taskinstance.py:430} INFO - ::endgroup::
[2026-07-05T06:49:03.898+0000] {subprocess.py:63} INFO - Tmp dir root location: /tmp
[2026-07-05T06:49:03.898+0000] {subprocess.py:75} INFO - Running command: ['/usr/bin/bash', '-c', 'cd /opt/***/dbt && dbt build --profiles-dir . --target dev']
[2026-07-05T06:49:03.903+0000] {subprocess.py:86} INFO - Output:
[2026-07-05T06:49:04.992+0000] {subprocess.py:93} INFO - [0m06:49:04  Running with dbt=1.11.11
[2026-07-05T06:49:05.534+0000] {subprocess.py:93} INFO - [0m06:49:05  Registered adapter: bigquery=1.11.3
[2026-07-05T06:49:05.761+0000] {subprocess.py:93} INFO - [0m06:49:05  Found 5 models, 4 sources, 553 macros
[2026-07-05T06:49:05.762+0000] {subprocess.py:93} INFO - [0m06:49:05
[2026-07-05T06:49:05.763+0000] {subprocess.py:93} INFO - [0m06:49:05  Concurrency: 4 threads (target='dev')
[2026-07-05T06:49:05.763+0000] {subprocess.py:93} INFO - [0m06:49:05
[2026-07-05T06:49:07.448+0000] {subprocess.py:93} INFO - [0m06:49:07  1 of 5 START sql table model logistics_mart.dim_drivers ........................ [RUN]
[2026-07-05T06:49:07.449+0000] {subprocess.py:93} INFO - [0m06:49:07  2 of 5 START sql table model logistics_mart.dim_hubs ........................... [RUN]
[2026-07-05T06:49:07.450+0000] {subprocess.py:93} INFO - [0m06:49:07  3 of 5 START sql view model logistics_mart.stg_shipments ....................... [RUN]
[2026-07-05T06:49:07.450+0000] {subprocess.py:93} INFO - [0m06:49:07  4 of 5 START sql view model logistics_mart.stg_weather ......................... [RUN]
[2026-07-05T06:49:09.614+0000] {subprocess.py:93} INFO - [0m06:49:09  3 of 5 OK created sql view model logistics_mart.stg_shipments .................. [[32mCREATE VIEW (0 processed)[0m in 2.16s]
[2026-07-05T06:49:09.615+0000] {subprocess.py:93} INFO - [0m06:49:09  4 of 5 OK created sql view model logistics_mart.stg_weather .................... [[32mCREATE VIEW (0 processed)[0m in 2.16s]
[2026-07-05T06:49:12.622+0000] {subprocess.py:93} INFO - [0m06:49:12  1 of 5 OK created sql table model logistics_mart.dim_drivers ................... [[32mCREATE TABLE (3.0 rows, 108.0 Bytes processed)[0m in 5.17s]
[2026-07-05T06:49:13.235+0000] {subprocess.py:93} INFO - [0m06:49:13  2 of 5 OK created sql table model logistics_mart.dim_hubs ...................... [[32mCREATE TABLE (3.0 rows, 149.0 Bytes processed)[0m in 5.78s]
[2026-07-05T06:49:13.241+0000] {subprocess.py:93} INFO - [0m06:49:13  5 of 5 START sql table model logistics_mart.fact_shipment_weather .............. [RUN]
[2026-07-05T06:49:16.873+0000] {subprocess.py:93} INFO - [0m06:49:16  5 of 5 OK created sql table model logistics_mart.fact_shipment_weather ......... [[32mCREATE TABLE (741.0 rows, 47.2 KiB processed)[0m in 3.63s]
[2026-07-05T06:49:16.923+0000] {subprocess.py:93} INFO - [0m06:49:16
[2026-07-05T06:49:16.923+0000] {subprocess.py:93} INFO - [0m06:49:16  Finished running 3 table models, 2 view models in 0 hours 0 minutes and 11.16 seconds (11.16s).
[2026-07-05T06:49:16.955+0000] {subprocess.py:93} INFO - [0m06:49:16
[2026-07-05T06:49:16.956+0000] {subprocess.py:93} INFO - [0m06:49:16  [32mCompleted successfully[0m
[2026-07-05T06:49:16.956+0000] {subprocess.py:93} INFO - [0m06:49:16
[2026-07-05T06:49:16.956+0000] {subprocess.py:93} INFO - [0m06:49:16  Done. PASS=5 WARN=0 ERROR=0 SKIP=0 NO-OP=0 TOTAL=5
[2026-07-05T07:27:38.905+0000] {subprocess.py:97} INFO - Command exited with return code 0
[2026-07-05T07:27:38.914+0000] {taskinstance.py:441} INFO - ::group::Post task execution logs
[2026-07-05T07:27:38.985+0000] {taskinstance.py:1206} INFO - Marking task as SUCCESS. dag_id=gold_dbt_dag, task_id=trigger_dbt_build, run_id=dataset_triggered__2026-07-05T06:49:02.712468+00:00, execution_date=20260705T064902, start_date=20260705T064903, end_date=20260705T072738
[2026-07-05T07:27:39.064+0000] {local_task_job_runner.py:240} INFO - Task exited with return code 0
[2026-07-05T07:27:39.153+0000] {taskinstance.py:3498} INFO - 0 downstream tasks scheduled from follow-on schedule check
[2026-07-05T07:27:39.158+0000] {local_task_job_runner.py:222} INFO - ::endgroup::
