[2026-07-12T10:24:53.892+0000] {local_task_job_runner.py:120} INFO - ::group::Pre task execution logs
[2026-07-12T10:24:53.919+0000] {taskinstance.py:2076} INFO - Dependencies all met for dep_context=non-requeueable deps ti=<TaskInstance: gold_dbt_dag.trigger_dbt_build dataset_triggered__2026-07-12T08:12:55.061512+00:00 [queued]>
[2026-07-12T10:24:53.927+0000] {taskinstance.py:2076} INFO - Dependencies all met for dep_context=requeueable deps ti=<TaskInstance: gold_dbt_dag.trigger_dbt_build dataset_triggered__2026-07-12T08:12:55.061512+00:00 [queued]>
[2026-07-12T10:24:53.927+0000] {taskinstance.py:2306} INFO - Starting attempt 2 of 2
[2026-07-12T10:24:53.935+0000] {taskinstance.py:2330} INFO - Executing <Task(BashOperator): trigger_dbt_build> on 2026-07-12 08:12:55.061512+00:00
[2026-07-12T10:24:53.941+0000] {standard_task_runner.py:90} INFO - Running: ['***', 'tasks', 'run', 'gold_dbt_dag', 'trigger_dbt_build', 'dataset_triggered__2026-07-12T08:12:55.061512+00:00', '--job-id', '126', '--raw', '--subdir', 'DAGS_FOLDER/dag_gold_dbt.py', '--cfg-path', '/tmp/tmpkurpuqbi']
[2026-07-12T10:24:53.943+0000] {standard_task_runner.py:91} INFO - Job 126: Subtask trigger_dbt_build
[2026-07-12T10:24:53.947+0000] {logging_mixin.py:188} WARNING - /home/***/.local/lib/python3.12/site-packages/***/task/task_runner/standard_task_runner.py:61 DeprecationWarning: This process (pid=14771) is multi-threaded, use of fork() may lead to deadlocks in the child.
[2026-07-12T10:24:53.948+0000] {standard_task_runner.py:63} INFO - Started process 14782 to run task
[2026-07-12T10:24:53.981+0000] {task_command.py:426} INFO - Running <TaskInstance: gold_dbt_dag.trigger_dbt_build dataset_triggered__2026-07-12T08:12:55.061512+00:00 [running]> on host ad4e12f53b08
[2026-07-12T10:24:54.033+0000] {taskinstance.py:2648} INFO - Exporting env vars: AIRFLOW_CTX_DAG_OWNER='data_engineer' AIRFLOW_CTX_DAG_ID='gold_dbt_dag' AIRFLOW_CTX_TASK_ID='trigger_dbt_build' AIRFLOW_CTX_EXECUTION_DATE='2026-07-12T08:12:55.061512+00:00' AIRFLOW_CTX_TRY_NUMBER='2' AIRFLOW_CTX_DAG_RUN_ID='dataset_triggered__2026-07-12T08:12:55.061512+00:00'
[2026-07-12T10:24:54.034+0000] {taskinstance.py:430} INFO - ::endgroup::
[2026-07-12T10:24:54.042+0000] {subprocess.py:63} INFO - Tmp dir root location: /tmp
[2026-07-12T10:24:54.043+0000] {subprocess.py:75} INFO - Running command: ['/usr/bin/bash', '-c', 'cd /opt/***/dbt && dbt build --profiles-dir . --target dev']
[2026-07-12T10:24:54.048+0000] {subprocess.py:86} INFO - Output:
[2026-07-12T10:24:55.520+0000] {subprocess.py:93} INFO - [0m10:24:55  Running with dbt=1.11.11
[2026-07-12T10:24:58.323+0000] {subprocess.py:93} INFO - [0m10:24:58  Registered adapter: bigquery=1.11.3
[2026-07-12T10:24:58.681+0000] {subprocess.py:93} INFO - [0m10:24:58  Found 6 models, 4 sources, 553 macros
[2026-07-12T10:24:58.683+0000] {subprocess.py:93} INFO - [0m10:24:58
[2026-07-12T10:24:58.684+0000] {subprocess.py:93} INFO - [0m10:24:58  Concurrency: 4 threads (target='dev')
[2026-07-12T10:24:58.685+0000] {subprocess.py:93} INFO - [0m10:24:58
[2026-07-12T10:25:00.467+0000] {subprocess.py:93} INFO - WARNING:urllib3.connectionpool:Retrying (Retry(total=2, connect=None, read=None, redirect=None, status=None)) after connection broken by 'SSLError(SSLEOFError(8, '[SSL: UNEXPECTED_EOF_WHILE_READING] EOF occurred in violation of protocol (_ssl.c:1000)'))': /token
[2026-07-12T10:25:01.241+0000] {subprocess.py:93} INFO - [0m10:25:01  1 of 6 START sql table model logistics_mart.dim_drivers ........................ [RUN]
[2026-07-12T10:25:01.242+0000] {subprocess.py:93} INFO - [0m10:25:01  2 of 6 START sql table model logistics_mart.dim_hubs ........................... [RUN]
[2026-07-12T10:25:01.242+0000] {subprocess.py:93} INFO - [0m10:25:01  3 of 6 START sql view model logistics_mart.stg_shipments ....................... [RUN]
[2026-07-12T10:25:01.243+0000] {subprocess.py:93} INFO - [0m10:25:01  4 of 6 START sql view model logistics_mart.stg_weather ......................... [RUN]
[2026-07-12T10:25:03.191+0000] {subprocess.py:93} INFO - [0m10:25:03  4 of 6 OK created sql view model logistics_mart.stg_weather .................... [[32mCREATE VIEW (0 processed)[0m in 1.94s]
[2026-07-12T10:25:03.192+0000] {subprocess.py:93} INFO - [0m10:25:03  3 of 6 OK created sql view model logistics_mart.stg_shipments .................. [[32mCREATE VIEW (0 processed)[0m in 1.94s]
[2026-07-12T10:25:03.194+0000] {subprocess.py:93} INFO - [0m10:25:03  5 of 6 START sql view model logistics_mart.stg_weather_consensus ............... [RUN]
[2026-07-12T10:25:03.251+0000] {subprocess.py:93} INFO - [0m10:25:03  BigQuery adapter: https://console.cloud.google.com/bigquery?project=logistics-500519&j=bq:US:ebe77337-d75c-46ef-b534-03cb585747b0&page=queryresults
[2026-07-12T10:25:03.257+0000] {subprocess.py:93} INFO - [0m10:25:03  1 of 6 ERROR creating sql table model logistics_mart.dim_drivers ............... [[31mERROR[0m in 2.01s]
[2026-07-12T10:25:03.294+0000] {subprocess.py:93} INFO - [0m10:25:03  BigQuery adapter: https://console.cloud.google.com/bigquery?project=logistics-500519&j=bq:US:468a8ad5-6282-44fc-a043-36cd53d97615&page=queryresults
[2026-07-12T10:25:03.298+0000] {subprocess.py:93} INFO - [0m10:25:03  2 of 6 ERROR creating sql table model logistics_mart.dim_hubs .................. [[31mERROR[0m in 2.05s]
[2026-07-12T10:25:04.733+0000] {subprocess.py:93} INFO - [0m10:25:04  5 of 6 OK created sql view model logistics_mart.stg_weather_consensus .......... [[32mCREATE VIEW (0 processed)[0m in 1.54s]
[2026-07-12T10:25:04.735+0000] {subprocess.py:93} INFO - [0m10:25:04  6 of 6 SKIP relation logistics_mart.fact_shipment_weather ...................... [[33mSKIP[0m]
[2026-07-12T10:25:04.775+0000] {subprocess.py:93} INFO - [0m10:25:04
[2026-07-12T10:25:04.776+0000] {subprocess.py:93} INFO - [0m10:25:04  Finished running 3 table models, 3 view models in 0 hours 0 minutes and 6.09 seconds (6.09s).
[2026-07-12T10:25:04.830+0000] {subprocess.py:93} INFO - [0m10:25:04
[2026-07-12T10:25:04.831+0000] {subprocess.py:93} INFO - [0m10:25:04  [31mCompleted with 2 errors, 0 partial successes, and 0 warnings:[0m
[2026-07-12T10:25:04.832+0000] {subprocess.py:93} INFO - [0m10:25:04
[2026-07-12T10:25:04.833+0000] {subprocess.py:93} INFO - [0m10:25:04  [31mFailure in model dim_drivers (models/mart/dim_drivers.sql)[0m
[2026-07-12T10:25:04.833+0000] {subprocess.py:93} INFO - [0m10:25:04    Database Error in model dim_drivers (models/mart/dim_drivers.sql)
[2026-07-12T10:25:04.833+0000] {subprocess.py:93} INFO -   Unrecognized name: is_current at [24:7]
[2026-07-12T10:25:04.834+0000] {subprocess.py:93} INFO -   compiled code at target/run/logistics_lakehouse/models/mart/dim_drivers.sql
[2026-07-12T10:25:04.834+0000] {subprocess.py:93} INFO - [0m10:25:04
[2026-07-12T10:25:04.835+0000] {subprocess.py:93} INFO - [0m10:25:04    compiled code at target/compiled/logistics_lakehouse/models/mart/dim_drivers.sql
[2026-07-12T10:25:04.835+0000] {subprocess.py:93} INFO - [0m10:25:04
[2026-07-12T10:25:04.836+0000] {subprocess.py:93} INFO - [0m10:25:04  [31mFailure in model dim_hubs (models/mart/dim_hubs.sql)[0m
[2026-07-12T10:25:04.836+0000] {subprocess.py:93} INFO - [0m10:25:04    Database Error in model dim_hubs (models/mart/dim_hubs.sql)
[2026-07-12T10:25:04.836+0000] {subprocess.py:93} INFO -   Unrecognized name: is_current at [24:7]
[2026-07-12T10:25:04.837+0000] {subprocess.py:93} INFO -   compiled code at target/run/logistics_lakehouse/models/mart/dim_hubs.sql
[2026-07-12T10:25:04.837+0000] {subprocess.py:93} INFO - [0m10:25:04
[2026-07-12T10:25:04.837+0000] {subprocess.py:93} INFO - [0m10:25:04    compiled code at target/compiled/logistics_lakehouse/models/mart/dim_hubs.sql
[2026-07-12T10:25:04.838+0000] {subprocess.py:93} INFO - [0m10:25:04
[2026-07-12T10:25:04.838+0000] {subprocess.py:93} INFO - [0m10:25:04  Done. PASS=3 WARN=0 ERROR=2 SKIP=1 NO-OP=0 TOTAL=6
[2026-07-12T10:25:07.568+0000] {subprocess.py:97} INFO - Command exited with return code 1
[2026-07-12T10:25:07.572+0000] {taskinstance.py:441} INFO - ::group::Post task execution logs
[2026-07-12T10:25:07.588+0000] {taskinstance.py:2905} ERROR - Task failed with exception
Traceback (most recent call last):
  File "/home/airflow/.local/lib/python3.12/site-packages/airflow/models/taskinstance.py", line 465, in _execute_task
    result = _execute_callable(context=context, **execute_callable_kwargs)
             ^^^^^^^^^^^^^^^^^^^^^^^^^^^^^^^^^^^^^^^^^^^^^^^^^^^^^^^^^^^^^
  File "/home/airflow/.local/lib/python3.12/site-packages/airflow/models/taskinstance.py", line 432, in _execute_callable
    return execute_callable(context=context, **execute_callable_kwargs)
           ^^^^^^^^^^^^^^^^^^^^^^^^^^^^^^^^^^^^^^^^^^^^^^^^^^^^^^^^^^^^
  File "/home/airflow/.local/lib/python3.12/site-packages/airflow/models/baseoperator.py", line 400, in wrapper
    return func(self, *args, **kwargs)
           ^^^^^^^^^^^^^^^^^^^^^^^^^^^
  File "/home/airflow/.local/lib/python3.12/site-packages/airflow/operators/bash.py", line 243, in execute
    raise AirflowException(
airflow.exceptions.AirflowException: Bash command failed. The command returned a non-zero exit code 1.
[2026-07-12T10:25:07.593+0000] {taskinstance.py:1206} INFO - Marking task as FAILED. dag_id=gold_dbt_dag, task_id=trigger_dbt_build, run_id=dataset_triggered__2026-07-12T08:12:55.061512+00:00, execution_date=20260712T081255, start_date=20260712T102453, end_date=20260712T102507
[2026-07-12T10:25:07.604+0000] {standard_task_runner.py:110} ERROR - Failed to execute job 126 for task trigger_dbt_build (Bash command failed. The command returned a non-zero exit code 1.; 14782)
[2026-07-12T10:25:07.646+0000] {local_task_job_runner.py:240} INFO - Task exited with return code 1
[2026-07-12T10:25:07.674+0000] {taskinstance.py:3498} INFO - 0 downstream tasks scheduled from follow-on schedule check
[2026-07-12T10:25:07.676+0000] {local_task_job_runner.py:222} INFO - ::endgroup::
