[2026-07-12T08:12:56.437+0000] {local_task_job_runner.py:120} INFO - ::group::Pre task execution logs
[2026-07-12T08:12:56.469+0000] {taskinstance.py:2076} INFO - Dependencies all met for dep_context=non-requeueable deps ti=<TaskInstance: gold_dbt_dag.trigger_dbt_build dataset_triggered__2026-07-12T08:12:55.061512+00:00 [queued]>
[2026-07-12T08:12:56.473+0000] {taskinstance.py:2076} INFO - Dependencies all met for dep_context=requeueable deps ti=<TaskInstance: gold_dbt_dag.trigger_dbt_build dataset_triggered__2026-07-12T08:12:55.061512+00:00 [queued]>
[2026-07-12T08:12:56.474+0000] {taskinstance.py:2306} INFO - Starting attempt 1 of 2
[2026-07-12T08:12:56.481+0000] {taskinstance.py:2330} INFO - Executing <Task(BashOperator): trigger_dbt_build> on 2026-07-12 08:12:55.061512+00:00
[2026-07-12T08:12:56.487+0000] {standard_task_runner.py:90} INFO - Running: ['***', 'tasks', 'run', 'gold_dbt_dag', 'trigger_dbt_build', 'dataset_triggered__2026-07-12T08:12:55.061512+00:00', '--job-id', '118', '--raw', '--subdir', 'DAGS_FOLDER/dag_gold_dbt.py', '--cfg-path', '/tmp/tmp57o2flw9']
[2026-07-12T08:12:56.492+0000] {standard_task_runner.py:91} INFO - Job 118: Subtask trigger_dbt_build
[2026-07-12T08:12:56.492+0000] {logging_mixin.py:188} WARNING - /home/***/.local/lib/python3.12/site-packages/***/task/task_runner/standard_task_runner.py:61 DeprecationWarning: This process (pid=14120) is multi-threaded, use of fork() may lead to deadlocks in the child.
[2026-07-12T08:12:56.496+0000] {standard_task_runner.py:63} INFO - Started process 14121 to run task
[2026-07-12T08:12:56.540+0000] {task_command.py:426} INFO - Running <TaskInstance: gold_dbt_dag.trigger_dbt_build dataset_triggered__2026-07-12T08:12:55.061512+00:00 [running]> on host ad4e12f53b08
[2026-07-12T08:12:56.596+0000] {taskinstance.py:2648} INFO - Exporting env vars: AIRFLOW_CTX_DAG_OWNER='data_engineer' AIRFLOW_CTX_DAG_ID='gold_dbt_dag' AIRFLOW_CTX_TASK_ID='trigger_dbt_build' AIRFLOW_CTX_EXECUTION_DATE='2026-07-12T08:12:55.061512+00:00' AIRFLOW_CTX_TRY_NUMBER='1' AIRFLOW_CTX_DAG_RUN_ID='dataset_triggered__2026-07-12T08:12:55.061512+00:00'
[2026-07-12T08:12:56.597+0000] {taskinstance.py:430} INFO - ::endgroup::
[2026-07-12T08:12:56.608+0000] {subprocess.py:63} INFO - Tmp dir root location: /tmp
[2026-07-12T08:12:56.609+0000] {subprocess.py:75} INFO - Running command: ['/usr/bin/bash', '-c', 'cd /opt/***/dbt && dbt build --profiles-dir . --target dev']
[2026-07-12T08:12:56.616+0000] {subprocess.py:86} INFO - Output:
[2026-07-12T08:12:58.009+0000] {subprocess.py:93} INFO - [0m08:12:58  Running with dbt=1.11.11
[2026-07-12T08:12:58.681+0000] {subprocess.py:93} INFO - [0m08:12:58  Registered adapter: bigquery=1.11.3
[2026-07-12T08:12:59.010+0000] {subprocess.py:93} INFO - [0m08:12:59  Found 6 models, 4 sources, 553 macros
[2026-07-12T08:12:59.013+0000] {subprocess.py:93} INFO - [0m08:12:59
[2026-07-12T08:12:59.013+0000] {subprocess.py:93} INFO - [0m08:12:59  Concurrency: 4 threads (target='dev')
[2026-07-12T08:12:59.013+0000] {subprocess.py:93} INFO - [0m08:12:59
[2026-07-12T09:24:01.630+0000] {subprocess.py:93} INFO - [0m09:24:01
[2026-07-12T09:24:01.633+0000] {subprocess.py:93} INFO - [0m09:24:01  Finished running  in 1 hours 11 minutes and 2.62 seconds (4262.62s).
[2026-07-12T09:24:01.637+0000] {subprocess.py:93} INFO - [0m09:24:01  Encountered an error:
[2026-07-12T09:24:01.637+0000] {subprocess.py:93} INFO - Database Error
[2026-07-12T09:24:01.638+0000] {subprocess.py:93} INFO -   ('Connection aborted.', RemoteDisconnected('Remote end closed connection without response'))
[2026-07-12T09:24:04.437+0000] {subprocess.py:97} INFO - Command exited with return code 2
[2026-07-12T09:24:04.443+0000] {taskinstance.py:441} INFO - ::group::Post task execution logs
[2026-07-12T09:24:04.529+0000] {taskinstance.py:2905} ERROR - Task failed with exception
Traceback (most recent call last):
  File "/home/airflow/.local/lib/python3.12/site-packages/airflow/models/taskinstance.py", line 465, in _execute_task
    result = _execute_callable(context=context, **execute_callable_kwargs)
             ^^^^^^^^^^^^^^^^^^^^^^^^^^^^^^^^^^^^^^^^^^^^^^^^^^^^^^^^^^^^^
  File "/home/airflow/.local/lib/python3.12/site-packages/airflow/models/taskinstance.py", line 432, in _execute_callable
    return execute_callable(context=context, **execute_callable_kwargs)
           ^^^^^^^^^^^^^^^^^^^^^^^^^^^^^^^^^^^^^^^^^^^^^^^^^^^^^^^^^^^^
  File "/home/airflow/.local/lib/python3.12/site-packages/airflow/models/baseoperator.py", line 400, in wrapper
    return func(self, *args, **kwargs)
           ^^^^^^^^^^^^^^^^^^^^^^^^^^^
  File "/home/airflow/.local/lib/python3.12/site-packages/airflow/operators/bash.py", line 243, in execute
    raise AirflowException(
airflow.exceptions.AirflowException: Bash command failed. The command returned a non-zero exit code 2.
[2026-07-12T09:24:04.568+0000] {taskinstance.py:1206} INFO - Marking task as UP_FOR_RETRY. dag_id=gold_dbt_dag, task_id=trigger_dbt_build, run_id=dataset_triggered__2026-07-12T08:12:55.061512+00:00, execution_date=20260712T081255, start_date=20260712T081256, end_date=20260712T092404
[2026-07-12T09:24:04.656+0000] {standard_task_runner.py:110} ERROR - Failed to execute job 118 for task trigger_dbt_build (Bash command failed. The command returned a non-zero exit code 2.; 14121)
[2026-07-12T09:24:04.691+0000] {local_task_job_runner.py:240} INFO - Task exited with return code 1
[2026-07-12T09:24:04.748+0000] {taskinstance.py:3498} INFO - 0 downstream tasks scheduled from follow-on schedule check
[2026-07-12T09:24:04.752+0000] {local_task_job_runner.py:222} INFO - ::endgroup::
