[2026-07-12T13:10:32.579+0000] {local_task_job_runner.py:120} INFO - ::group::Pre task execution logs
[2026-07-12T13:10:32.607+0000] {taskinstance.py:2076} INFO - Dependencies all met for dep_context=non-requeueable deps ti=<TaskInstance: gold_dbt_dag.trigger_dbt_build dataset_triggered__2026-07-12T13:01:09.787357+00:00 [queued]>
[2026-07-12T13:10:32.612+0000] {taskinstance.py:2076} INFO - Dependencies all met for dep_context=requeueable deps ti=<TaskInstance: gold_dbt_dag.trigger_dbt_build dataset_triggered__2026-07-12T13:01:09.787357+00:00 [queued]>
[2026-07-12T13:10:32.612+0000] {taskinstance.py:2306} INFO - Starting attempt 2 of 2
[2026-07-12T13:10:32.620+0000] {taskinstance.py:2330} INFO - Executing <Task(BashOperator): trigger_dbt_build> on 2026-07-12 13:01:09.787357+00:00
[2026-07-12T13:10:32.628+0000] {logging_mixin.py:188} WARNING - /home/***/.local/lib/python3.12/site-packages/***/task/task_runner/standard_task_runner.py:61 DeprecationWarning: This process (pid=17830) is multi-threaded, use of fork() may lead to deadlocks in the child.
[2026-07-12T13:10:32.629+0000] {standard_task_runner.py:63} INFO - Started process 17831 to run task
[2026-07-12T13:10:32.627+0000] {standard_task_runner.py:90} INFO - Running: ['***', 'tasks', 'run', 'gold_dbt_dag', 'trigger_dbt_build', 'dataset_triggered__2026-07-12T13:01:09.787357+00:00', '--job-id', '154', '--raw', '--subdir', 'DAGS_FOLDER/dag_gold_dbt.py', '--cfg-path', '/tmp/tmp3n8osco2']
[2026-07-12T13:10:32.629+0000] {standard_task_runner.py:91} INFO - Job 154: Subtask trigger_dbt_build
[2026-07-12T13:10:32.663+0000] {task_command.py:426} INFO - Running <TaskInstance: gold_dbt_dag.trigger_dbt_build dataset_triggered__2026-07-12T13:01:09.787357+00:00 [running]> on host ad4e12f53b08
[2026-07-12T13:10:32.718+0000] {taskinstance.py:2648} INFO - Exporting env vars: AIRFLOW_CTX_DAG_OWNER='data_engineer' AIRFLOW_CTX_DAG_ID='gold_dbt_dag' AIRFLOW_CTX_TASK_ID='trigger_dbt_build' AIRFLOW_CTX_EXECUTION_DATE='2026-07-12T13:01:09.787357+00:00' AIRFLOW_CTX_TRY_NUMBER='2' AIRFLOW_CTX_DAG_RUN_ID='dataset_triggered__2026-07-12T13:01:09.787357+00:00'
[2026-07-12T13:10:32.718+0000] {taskinstance.py:430} INFO - ::endgroup::
[2026-07-12T13:10:32.731+0000] {subprocess.py:63} INFO - Tmp dir root location: /tmp
[2026-07-12T13:10:32.732+0000] {subprocess.py:75} INFO - Running command: ['/usr/bin/bash', '-c', 'cd /opt/***/dbt && dbt build --profiles-dir . --target dev']
[2026-07-12T13:10:32.742+0000] {subprocess.py:86} INFO - Output:
[2026-07-12T13:10:34.453+0000] {subprocess.py:93} INFO - [0m13:10:34  Running with dbt=1.11.11
[2026-07-12T13:10:35.046+0000] {subprocess.py:93} INFO - [0m13:10:35  Registered adapter: bigquery=1.11.3
[2026-07-12T13:10:35.301+0000] {subprocess.py:93} INFO - [0m13:10:35  Found 6 models, 4 sources, 553 macros
[2026-07-12T13:10:35.303+0000] {subprocess.py:93} INFO - [0m13:10:35
[2026-07-12T13:10:35.303+0000] {subprocess.py:93} INFO - [0m13:10:35  Concurrency: 4 threads (target='dev')
[2026-07-12T13:10:35.303+0000] {subprocess.py:93} INFO - [0m13:10:35
[2026-07-12T13:10:35.339+0000] {subprocess.py:93} INFO - WARNING:urllib3.connectionpool:Retrying (Retry(total=2, connect=None, read=None, redirect=None, status=None)) after connection broken by 'NameResolutionError("<urllib3.connection.HTTPSConnection object at 0xffff69bf4290>: Failed to resolve 'oauth2.googleapis.com' ([Errno -2] Name or service not known)")': /token
[2026-07-12T13:10:35.342+0000] {subprocess.py:93} INFO - WARNING:urllib3.connectionpool:Retrying (Retry(total=1, connect=None, read=None, redirect=None, status=None)) after connection broken by 'NameResolutionError("<urllib3.connection.HTTPSConnection object at 0xffff69bf44a0>: Failed to resolve 'oauth2.googleapis.com' ([Errno -2] Name or service not known)")': /token
[2026-07-12T13:10:35.345+0000] {subprocess.py:93} INFO - WARNING:urllib3.connectionpool:Retrying (Retry(total=0, connect=None, read=None, redirect=None, status=None)) after connection broken by 'NameResolutionError("<urllib3.connection.HTTPSConnection object at 0xffff6a00a270>: Failed to resolve 'oauth2.googleapis.com' ([Errno -2] Name or service not known)")': /token
[2026-07-12T13:10:35.376+0000] {subprocess.py:93} INFO - [0m13:10:35
[2026-07-12T13:10:35.376+0000] {subprocess.py:93} INFO - [0m13:10:35  Finished running  in 0 hours 0 minutes and 0.07 seconds (0.07s).
[2026-07-12T13:10:35.377+0000] {subprocess.py:93} INFO - [0m13:10:35  Encountered an error:
[2026-07-12T13:10:35.377+0000] {subprocess.py:93} INFO - Database Error
[2026-07-12T13:10:35.377+0000] {subprocess.py:93} INFO -   HTTPSConnectionPool(host='oauth2.googleapis.com', port=443): Max retries exceeded with url: /token (Caused by NameResolutionError("<urllib3.connection.HTTPSConnection object at 0xffff6a5ce510>: Failed to resolve 'oauth2.googleapis.com' ([Errno -2] Name or service not known)"))
[2026-07-12T13:10:35.594+0000] {subprocess.py:97} INFO - Command exited with return code 2
[2026-07-12T13:10:35.595+0000] {taskinstance.py:441} INFO - ::group::Post task execution logs
[2026-07-12T13:10:35.599+0000] {taskinstance.py:2905} ERROR - Task failed with exception
Traceback (most recent call last):
  File "/home/airflow/.local/lib/python3.12/site-packages/airflow/models/taskinstance.py", line 465, in _execute_task
    result = _execute_callable(context=context, **execute_callable_kwargs)
             ^^^^^^^^^^^^^^^^^^^^^^^^^^^^^^^^^^^^^^^^^^^^^^^^^^^^^^^^^^^^^
  File "/home/airflow/.local/lib/python3.12/site-packages/airflow/models/taskinstance.py", line 432, in _execute_callable
    return execute_callable(context=context, **execute_callable_kwargs)
           ^^^^^^^^^^^^^^^^^^^^^^^^^^^^^^^^^^^^^^^^^^^^^^^^^^^^^^^^^^^^
  File "/home/airflow/.local/lib/python3.12/site-packages/airflow/models/baseoperator.py", line 400, in wrapper
    return func(self, *args, **kwargs)
           ^^^^^^^^^^^^^^^^^^^^^^^^^^^
  File "/home/airflow/.local/lib/python3.12/site-packages/airflow/operators/bash.py", line 243, in execute
    raise AirflowException(
airflow.exceptions.AirflowException: Bash command failed. The command returned a non-zero exit code 2.
[2026-07-12T13:10:35.601+0000] {taskinstance.py:1206} INFO - Marking task as FAILED. dag_id=gold_dbt_dag, task_id=trigger_dbt_build, run_id=dataset_triggered__2026-07-12T13:01:09.787357+00:00, execution_date=20260712T130109, start_date=20260712T131032, end_date=20260712T131035
[2026-07-12T13:10:35.605+0000] {standard_task_runner.py:110} ERROR - Failed to execute job 154 for task trigger_dbt_build (Bash command failed. The command returned a non-zero exit code 2.; 17831)
[2026-07-12T13:10:35.617+0000] {local_task_job_runner.py:240} INFO - Task exited with return code 1
[2026-07-12T13:10:35.623+0000] {taskinstance.py:3498} INFO - 0 downstream tasks scheduled from follow-on schedule check
[2026-07-12T13:10:35.624+0000] {local_task_job_runner.py:222} INFO - ::endgroup::
