[2026-07-12T13:01:10.966+0000] {local_task_job_runner.py:120} INFO - ::group::Pre task execution logs
[2026-07-12T13:01:10.991+0000] {taskinstance.py:2076} INFO - Dependencies all met for dep_context=non-requeueable deps ti=<TaskInstance: gold_dbt_dag.trigger_dbt_build dataset_triggered__2026-07-12T13:01:09.787357+00:00 [queued]>
[2026-07-12T13:01:10.996+0000] {taskinstance.py:2076} INFO - Dependencies all met for dep_context=requeueable deps ti=<TaskInstance: gold_dbt_dag.trigger_dbt_build dataset_triggered__2026-07-12T13:01:09.787357+00:00 [queued]>
[2026-07-12T13:01:10.996+0000] {taskinstance.py:2306} INFO - Starting attempt 1 of 2
[2026-07-12T13:01:11.001+0000] {taskinstance.py:2330} INFO - Executing <Task(BashOperator): trigger_dbt_build> on 2026-07-12 13:01:09.787357+00:00
[2026-07-12T13:01:11.005+0000] {logging_mixin.py:188} WARNING - /home/***/.local/lib/python3.12/site-packages/***/task/task_runner/standard_task_runner.py:61 DeprecationWarning: This process (pid=17738) is multi-threaded, use of fork() may lead to deadlocks in the child.
[2026-07-12T13:01:11.006+0000] {standard_task_runner.py:63} INFO - Started process 17739 to run task
[2026-07-12T13:01:11.005+0000] {standard_task_runner.py:90} INFO - Running: ['***', 'tasks', 'run', 'gold_dbt_dag', 'trigger_dbt_build', 'dataset_triggered__2026-07-12T13:01:09.787357+00:00', '--job-id', '153', '--raw', '--subdir', 'DAGS_FOLDER/dag_gold_dbt.py', '--cfg-path', '/tmp/tmp3qbrnd6d']
[2026-07-12T13:01:11.007+0000] {standard_task_runner.py:91} INFO - Job 153: Subtask trigger_dbt_build
[2026-07-12T13:01:11.035+0000] {task_command.py:426} INFO - Running <TaskInstance: gold_dbt_dag.trigger_dbt_build dataset_triggered__2026-07-12T13:01:09.787357+00:00 [running]> on host ad4e12f53b08
[2026-07-12T13:01:11.070+0000] {taskinstance.py:2648} INFO - Exporting env vars: AIRFLOW_CTX_DAG_OWNER='data_engineer' AIRFLOW_CTX_DAG_ID='gold_dbt_dag' AIRFLOW_CTX_TASK_ID='trigger_dbt_build' AIRFLOW_CTX_EXECUTION_DATE='2026-07-12T13:01:09.787357+00:00' AIRFLOW_CTX_TRY_NUMBER='1' AIRFLOW_CTX_DAG_RUN_ID='dataset_triggered__2026-07-12T13:01:09.787357+00:00'
[2026-07-12T13:01:11.071+0000] {taskinstance.py:430} INFO - ::endgroup::
[2026-07-12T13:01:11.078+0000] {subprocess.py:63} INFO - Tmp dir root location: /tmp
[2026-07-12T13:01:11.079+0000] {subprocess.py:75} INFO - Running command: ['/usr/bin/bash', '-c', 'cd /opt/***/dbt && dbt build --profiles-dir . --target dev']
[2026-07-12T13:01:11.083+0000] {subprocess.py:86} INFO - Output:
[2026-07-12T13:01:12.109+0000] {subprocess.py:93} INFO - [0m13:01:12  Running with dbt=1.11.11
[2026-07-12T13:01:12.844+0000] {subprocess.py:93} INFO - [0m13:01:12  Registered adapter: bigquery=1.11.3
[2026-07-12T13:01:13.224+0000] {subprocess.py:93} INFO - [0m13:01:13  Found 6 models, 4 sources, 553 macros
[2026-07-12T13:01:13.226+0000] {subprocess.py:93} INFO - [0m13:01:13
[2026-07-12T13:01:13.227+0000] {subprocess.py:93} INFO - [0m13:01:13  Concurrency: 4 threads (target='dev')
[2026-07-12T13:01:13.227+0000] {subprocess.py:93} INFO - [0m13:01:13
[2026-07-12T13:01:21.304+0000] {subprocess.py:93} INFO - WARNING:urllib3.connectionpool:Retrying (Retry(total=2, connect=None, read=None, redirect=None, status=None)) after connection broken by 'NameResolutionError("<urllib3.connection.HTTPSConnection object at 0xffff70924080>: Failed to resolve 'oauth2.googleapis.com' ([Errno -3] Temporary failure in name resolution)")': /token
[2026-07-12T13:04:30.833+0000] {subprocess.py:93} INFO - WARNING:urllib3.connectionpool:Retrying (Retry(total=1, connect=None, read=None, redirect=None, status=None)) after connection broken by 'NameResolutionError("<urllib3.connection.HTTPSConnection object at 0xffff70924350>: Failed to resolve 'oauth2.googleapis.com' ([Errno -3] Temporary failure in name resolution)")': /token
[2026-07-12T13:04:38.852+0000] {subprocess.py:93} INFO - WARNING:urllib3.connectionpool:Retrying (Retry(total=0, connect=None, read=None, redirect=None, status=None)) after connection broken by 'NameResolutionError("<urllib3.connection.HTTPSConnection object at 0xffff9e6ae120>: Failed to resolve 'oauth2.googleapis.com' ([Errno -3] Temporary failure in name resolution)")': /token
[2026-07-12T13:04:41.648+0000] {subprocess.py:93} INFO - [0m13:04:41
[2026-07-12T13:04:41.680+0000] {subprocess.py:93} INFO - [0m13:04:41  Finished running  in 0 hours 3 minutes and 28.40 seconds (208.40s).
[2026-07-12T13:04:41.786+0000] {subprocess.py:93} INFO - [0m13:04:41  Encountered an error:
[2026-07-12T13:04:41.786+0000] {subprocess.py:93} INFO - Database Error
[2026-07-12T13:04:41.787+0000] {subprocess.py:93} INFO -   HTTPSConnectionPool(host='oauth2.googleapis.com', port=443): Max retries exceeded with url: /token (Caused by NameResolutionError("<urllib3.connection.HTTPSConnection object at 0xffff709229f0>: Failed to resolve 'oauth2.googleapis.com' ([Errno -2] Name or service not known)"))
[2026-07-12T13:04:42.517+0000] {subprocess.py:97} INFO - Command exited with return code 2
[2026-07-12T13:04:42.520+0000] {taskinstance.py:441} INFO - ::group::Post task execution logs
[2026-07-12T13:04:42.549+0000] {taskinstance.py:2905} ERROR - Task failed with exception
Traceback (most recent call last):
  File "/home/airflow/.local/lib/python3.12/site-packages/airflow/models/taskinstance.py", line 465, in _execute_task
    result = _execute_callable(context=context, **execute_callable_kwargs)
             ^^^^^^^^^^^^^^^^^^^^^^^^^^^^^^^^^^^^^^^^^^^^^^^^^^^^^^^^^^^^^
  File "/home/airflow/.local/lib/python3.12/site-packages/airflow/models/taskinstance.py", line 432, in _execute_callable
    return execute_callable(context=context, **execute_callable_kwargs)
           ^^^^^^^^^^^^^^^^^^^^^^^^^^^^^^^^^^^^^^^^^^^^^^^^^^^^^^^^^^^^
  File "/home/airflow/.local/lib/python3.12/site-packages/airflow/models/baseoperator.py", line 400, in wrapper
    return func(self, *args, **kwargs)
           ^^^^^^^^^^^^^^^^^^^^^^^^^^^
  File "/home/airflow/.local/lib/python3.12/site-packages/airflow/operators/bash.py", line 243, in execute
    raise AirflowException(
airflow.exceptions.AirflowException: Bash command failed. The command returned a non-zero exit code 2.
[2026-07-12T13:04:42.556+0000] {taskinstance.py:1206} INFO - Marking task as UP_FOR_RETRY. dag_id=gold_dbt_dag, task_id=trigger_dbt_build, run_id=dataset_triggered__2026-07-12T13:01:09.787357+00:00, execution_date=20260712T130109, start_date=20260712T130110, end_date=20260712T130442
[2026-07-12T13:04:42.578+0000] {standard_task_runner.py:110} ERROR - Failed to execute job 153 for task trigger_dbt_build (Bash command failed. The command returned a non-zero exit code 2.; 17739)
[2026-07-12T13:04:42.631+0000] {local_task_job_runner.py:240} INFO - Task exited with return code 1
[2026-07-12T13:04:42.656+0000] {taskinstance.py:3498} INFO - 0 downstream tasks scheduled from follow-on schedule check
[2026-07-12T13:04:42.657+0000] {local_task_job_runner.py:222} INFO - ::endgroup::
