[2026-07-08T11:02:33.507+0000] {local_task_job_runner.py:120} INFO - ::group::Pre task execution logs
[2026-07-08T11:02:33.568+0000] {taskinstance.py:2076} INFO - Dependencies all met for dep_context=non-requeueable deps ti=<TaskInstance: gold_dbt_dag.trigger_dbt_build dataset_triggered__2026-07-08T11:00:17.748708+00:00 [queued]>
[2026-07-08T11:02:33.573+0000] {taskinstance.py:2076} INFO - Dependencies all met for dep_context=requeueable deps ti=<TaskInstance: gold_dbt_dag.trigger_dbt_build dataset_triggered__2026-07-08T11:00:17.748708+00:00 [queued]>
[2026-07-08T11:02:33.574+0000] {taskinstance.py:2306} INFO - Starting attempt 2 of 2
[2026-07-08T11:02:33.582+0000] {taskinstance.py:2330} INFO - Executing <Task(BashOperator): trigger_dbt_build> on 2026-07-08 11:00:17.748708+00:00
[2026-07-08T11:02:33.600+0000] {standard_task_runner.py:90} INFO - Running: ['***', 'tasks', 'run', 'gold_dbt_dag', 'trigger_dbt_build', 'dataset_triggered__2026-07-08T11:00:17.748708+00:00', '--job-id', '1123', '--raw', '--subdir', 'DAGS_FOLDER/dag_gold_dbt.py', '--cfg-path', '/tmp/tmpuu5o5tzp']
[2026-07-08T11:02:33.609+0000] {standard_task_runner.py:91} INFO - Job 1123: Subtask trigger_dbt_build
[2026-07-08T11:02:33.624+0000] {logging_mixin.py:188} WARNING - /home/***/.local/lib/python3.12/site-packages/***/task/task_runner/standard_task_runner.py:61 DeprecationWarning: This process (pid=12232) is multi-threaded, use of fork() may lead to deadlocks in the child.
[2026-07-08T11:02:33.625+0000] {standard_task_runner.py:63} INFO - Started process 12233 to run task
[2026-07-08T11:02:33.788+0000] {task_command.py:426} INFO - Running <TaskInstance: gold_dbt_dag.trigger_dbt_build dataset_triggered__2026-07-08T11:00:17.748708+00:00 [running]> on host bd23e89d97be
[2026-07-08T11:02:33.988+0000] {taskinstance.py:2648} INFO - Exporting env vars: AIRFLOW_CTX_DAG_OWNER='data_engineer' AIRFLOW_CTX_DAG_ID='gold_dbt_dag' AIRFLOW_CTX_TASK_ID='trigger_dbt_build' AIRFLOW_CTX_EXECUTION_DATE='2026-07-08T11:00:17.748708+00:00' AIRFLOW_CTX_TRY_NUMBER='2' AIRFLOW_CTX_DAG_RUN_ID='dataset_triggered__2026-07-08T11:00:17.748708+00:00'
[2026-07-08T11:02:33.993+0000] {taskinstance.py:430} INFO - ::endgroup::
[2026-07-08T11:02:34.065+0000] {subprocess.py:63} INFO - Tmp dir root location: /tmp
[2026-07-08T11:02:34.068+0000] {subprocess.py:75} INFO - Running command: ['/usr/bin/bash', '-c', 'cd /opt/***/dbt && dbt build --profiles-dir . --target dev']
[2026-07-08T11:02:34.105+0000] {subprocess.py:86} INFO - Output:
[2026-07-08T11:02:35.543+0000] {subprocess.py:93} INFO - [0m11:02:35  Running with dbt=1.11.11
[2026-07-08T11:02:36.117+0000] {subprocess.py:93} INFO - [0m11:02:36  Registered adapter: bigquery=1.11.3
[2026-07-08T11:02:36.377+0000] {subprocess.py:93} INFO - [0m11:02:36  Found 6 models, 4 sources, 553 macros
[2026-07-08T11:02:36.379+0000] {subprocess.py:93} INFO - [0m11:02:36
[2026-07-08T11:02:36.379+0000] {subprocess.py:93} INFO - [0m11:02:36  Concurrency: 4 threads (target='dev')
[2026-07-08T11:02:36.379+0000] {subprocess.py:93} INFO - [0m11:02:36
[2026-07-08T11:02:37.898+0000] {subprocess.py:93} INFO - [0m11:02:37  1 of 6 START sql table model logistics_mart.dim_drivers ........................ [RUN]
[2026-07-08T11:02:37.899+0000] {subprocess.py:93} INFO - [0m11:02:37  2 of 6 START sql table model logistics_mart.dim_hubs ........................... [RUN]
[2026-07-08T11:02:37.900+0000] {subprocess.py:93} INFO - [0m11:02:37  3 of 6 START sql view model logistics_mart.stg_shipments ....................... [RUN]
[2026-07-08T11:02:37.900+0000] {subprocess.py:93} INFO - [0m11:02:37  4 of 6 START sql view model logistics_mart.stg_weather ......................... [RUN]
[2026-07-08T11:02:39.935+0000] {subprocess.py:93} INFO - [0m11:02:39  3 of 6 OK created sql view model logistics_mart.stg_shipments .................. [[32mCREATE VIEW (0 processed)[0m in 2.03s]
[2026-07-08T11:02:39.936+0000] {subprocess.py:93} INFO - [0m11:02:39  4 of 6 OK created sql view model logistics_mart.stg_weather .................... [[32mCREATE VIEW (0 processed)[0m in 2.03s]
[2026-07-08T11:02:39.939+0000] {subprocess.py:93} INFO - [0m11:02:39  5 of 6 START sql view model logistics_mart.stg_weather_consensus ............... [RUN]
[2026-07-08T11:02:42.432+0000] {subprocess.py:93} INFO - [0m11:02:42  1 of 6 OK created sql table model logistics_mart.dim_drivers ................... [[32mCREATE TABLE (3.0 rows, 108.0 Bytes processed)[0m in 4.53s]
[2026-07-08T11:02:42.702+0000] {subprocess.py:93} INFO - [0m11:02:42  BigQuery adapter: https://console.cloud.google.com/bigquery?project=logistics-500519&j=bq:US:8d19dd4c-d57e-4a6a-a6f9-ab6a9c73a679&page=queryresults
[2026-07-08T11:02:42.723+0000] {subprocess.py:93} INFO - [0m11:02:42  5 of 6 ERROR creating sql view model logistics_mart.stg_weather_consensus ...... [[31mERROR[0m in 2.78s]
[2026-07-08T11:02:42.869+0000] {subprocess.py:93} INFO - [0m11:02:42  2 of 6 OK created sql table model logistics_mart.dim_hubs ...................... [[32mCREATE TABLE (3.0 rows, 149.0 Bytes processed)[0m in 4.97s]
[2026-07-08T11:02:42.872+0000] {subprocess.py:93} INFO - [0m11:02:42  6 of 6 START sql table model logistics_mart.fact_shipment_weather .............. [RUN]
[2026-07-08T11:02:47.216+0000] {subprocess.py:93} INFO - [0m11:02:47  6 of 6 OK created sql table model logistics_mart.fact_shipment_weather ......... [[32mCREATE TABLE (1.3k rows, 84.8 KiB processed)[0m in 4.34s]
[2026-07-08T11:02:47.260+0000] {subprocess.py:93} INFO - [0m11:02:47
[2026-07-08T11:02:47.261+0000] {subprocess.py:93} INFO - [0m11:02:47  Finished running 3 table models, 3 view models in 0 hours 0 minutes and 10.88 seconds (10.88s).
[2026-07-08T11:02:47.305+0000] {subprocess.py:93} INFO - [0m11:02:47
[2026-07-08T11:02:47.306+0000] {subprocess.py:93} INFO - [0m11:02:47  [31mCompleted with 1 error, 0 partial successes, and 0 warnings:[0m
[2026-07-08T11:02:47.306+0000] {subprocess.py:93} INFO - [0m11:02:47
[2026-07-08T11:02:47.306+0000] {subprocess.py:93} INFO - [0m11:02:47  [31mFailure in model stg_weather_consensus (models/staging/stg_weather_consensus.sql)[0m
[2026-07-08T11:02:47.306+0000] {subprocess.py:93} INFO - [0m11:02:47    Database Error in model stg_weather_consensus (models/staging/stg_weather_consensus.sql)
[2026-07-08T11:02:47.306+0000] {subprocess.py:93} INFO -   Unrecognized name: fetched_at at [11:11]
[2026-07-08T11:02:47.307+0000] {subprocess.py:93} INFO -   compiled code at target/run/logistics_lakehouse/models/staging/stg_weather_consensus.sql
[2026-07-08T11:02:47.307+0000] {subprocess.py:93} INFO - [0m11:02:47
[2026-07-08T11:02:47.307+0000] {subprocess.py:93} INFO - [0m11:02:47    compiled code at target/compiled/logistics_lakehouse/models/staging/stg_weather_consensus.sql
[2026-07-08T11:02:47.307+0000] {subprocess.py:93} INFO - [0m11:02:47
[2026-07-08T11:02:47.307+0000] {subprocess.py:93} INFO - [0m11:02:47  Done. PASS=5 WARN=0 ERROR=1 SKIP=0 NO-OP=0 TOTAL=6
[2026-07-08T11:02:49.725+0000] {subprocess.py:97} INFO - Command exited with return code 1
[2026-07-08T11:02:49.727+0000] {taskinstance.py:441} INFO - ::group::Post task execution logs
[2026-07-08T11:02:49.748+0000] {taskinstance.py:2905} ERROR - Task failed with exception
Traceback (most recent call last):
  File "/home/airflow/.local/lib/python3.12/site-packages/airflow/models/taskinstance.py", line 465, in _execute_task
    result = _execute_callable(context=context, **execute_callable_kwargs)
             ^^^^^^^^^^^^^^^^^^^^^^^^^^^^^^^^^^^^^^^^^^^^^^^^^^^^^^^^^^^^^
  File "/home/airflow/.local/lib/python3.12/site-packages/airflow/models/taskinstance.py", line 432, in _execute_callable
    return execute_callable(context=context, **execute_callable_kwargs)
           ^^^^^^^^^^^^^^^^^^^^^^^^^^^^^^^^^^^^^^^^^^^^^^^^^^^^^^^^^^^^
  File "/home/airflow/.local/lib/python3.12/site-packages/airflow/models/baseoperator.py", line 400, in wrapper
    return func(self, *args, **kwargs)
           ^^^^^^^^^^^^^^^^^^^^^^^^^^^
  File "/home/airflow/.local/lib/python3.12/site-packages/airflow/operators/bash.py", line 243, in execute
    raise AirflowException(
airflow.exceptions.AirflowException: Bash command failed. The command returned a non-zero exit code 1.
[2026-07-08T11:02:49.753+0000] {taskinstance.py:1206} INFO - Marking task as FAILED. dag_id=gold_dbt_dag, task_id=trigger_dbt_build, run_id=dataset_triggered__2026-07-08T11:00:17.748708+00:00, execution_date=20260708T110017, start_date=20260708T110233, end_date=20260708T110249
[2026-07-08T11:02:49.770+0000] {standard_task_runner.py:110} ERROR - Failed to execute job 1123 for task trigger_dbt_build (Bash command failed. The command returned a non-zero exit code 1.; 12233)
[2026-07-08T11:02:49.815+0000] {local_task_job_runner.py:240} INFO - Task exited with return code 1
[2026-07-08T11:02:49.827+0000] {taskinstance.py:3498} INFO - 0 downstream tasks scheduled from follow-on schedule check
[2026-07-08T11:02:49.828+0000] {local_task_job_runner.py:222} INFO - ::endgroup::
