[2026-07-09T11:34:43.587+0000] {local_task_job_runner.py:120} INFO - ::group::Pre task execution logs
[2026-07-09T11:34:43.636+0000] {taskinstance.py:2076} INFO - Dependencies all met for dep_context=non-requeueable deps ti=<TaskInstance: gold_dbt_dag.trigger_dbt_build dataset_triggered__2026-07-09T11:16:19.931775+00:00 [queued]>
[2026-07-09T11:34:43.642+0000] {taskinstance.py:2076} INFO - Dependencies all met for dep_context=requeueable deps ti=<TaskInstance: gold_dbt_dag.trigger_dbt_build dataset_triggered__2026-07-09T11:16:19.931775+00:00 [queued]>
[2026-07-09T11:34:43.643+0000] {taskinstance.py:2306} INFO - Starting attempt 2 of 2
[2026-07-09T11:34:43.655+0000] {taskinstance.py:2330} INFO - Executing <Task(BashOperator): trigger_dbt_build> on 2026-07-09 11:16:19.931775+00:00
[2026-07-09T11:34:43.660+0000] {standard_task_runner.py:90} INFO - Running: ['***', 'tasks', 'run', 'gold_dbt_dag', 'trigger_dbt_build', 'dataset_triggered__2026-07-09T11:16:19.931775+00:00', '--job-id', '1290', '--raw', '--subdir', 'DAGS_FOLDER/dag_gold_dbt.py', '--cfg-path', '/tmp/tmpms_8mkib']
[2026-07-09T11:34:43.663+0000] {standard_task_runner.py:91} INFO - Job 1290: Subtask trigger_dbt_build
[2026-07-09T11:34:43.667+0000] {logging_mixin.py:188} WARNING - /home/***/.local/lib/python3.12/site-packages/***/task/task_runner/standard_task_runner.py:61 DeprecationWarning: This process (pid=71448) is multi-threaded, use of fork() may lead to deadlocks in the child.
[2026-07-09T11:34:43.668+0000] {standard_task_runner.py:63} INFO - Started process 71458 to run task
[2026-07-09T11:34:43.693+0000] {task_command.py:426} INFO - Running <TaskInstance: gold_dbt_dag.trigger_dbt_build dataset_triggered__2026-07-09T11:16:19.931775+00:00 [running]> on host bd23e89d97be
[2026-07-09T11:34:43.750+0000] {taskinstance.py:2648} INFO - Exporting env vars: AIRFLOW_CTX_DAG_OWNER='data_engineer' AIRFLOW_CTX_DAG_ID='gold_dbt_dag' AIRFLOW_CTX_TASK_ID='trigger_dbt_build' AIRFLOW_CTX_EXECUTION_DATE='2026-07-09T11:16:19.931775+00:00' AIRFLOW_CTX_TRY_NUMBER='2' AIRFLOW_CTX_DAG_RUN_ID='dataset_triggered__2026-07-09T11:16:19.931775+00:00'
[2026-07-09T11:34:43.751+0000] {taskinstance.py:430} INFO - ::endgroup::
[2026-07-09T11:34:43.762+0000] {subprocess.py:63} INFO - Tmp dir root location: /tmp
[2026-07-09T11:34:43.764+0000] {subprocess.py:75} INFO - Running command: ['/usr/bin/bash', '-c', 'cd /opt/***/dbt && dbt build --profiles-dir . --target dev']
[2026-07-09T11:34:43.771+0000] {subprocess.py:86} INFO - Output:
[2026-07-09T11:34:44.874+0000] {subprocess.py:93} INFO - [0m11:34:44  Running with dbt=1.11.11
[2026-07-09T11:34:45.311+0000] {subprocess.py:93} INFO - [0m11:34:45  Registered adapter: bigquery=1.11.3
[2026-07-09T11:34:45.525+0000] {subprocess.py:93} INFO - [0m11:34:45  Found 6 models, 4 sources, 553 macros
[2026-07-09T11:34:45.526+0000] {subprocess.py:93} INFO - [0m11:34:45
[2026-07-09T11:34:45.527+0000] {subprocess.py:93} INFO - [0m11:34:45  Concurrency: 4 threads (target='dev')
[2026-07-09T11:34:45.527+0000] {subprocess.py:93} INFO - [0m11:34:45
[2026-07-09T11:34:47.253+0000] {subprocess.py:93} INFO - [0m11:34:47  1 of 6 START sql table model logistics_mart.dim_drivers ........................ [RUN]
[2026-07-09T11:34:47.253+0000] {subprocess.py:93} INFO - [0m11:34:47  2 of 6 START sql table model logistics_mart.dim_hubs ........................... [RUN]
[2026-07-09T11:34:47.254+0000] {subprocess.py:93} INFO - [0m11:34:47  3 of 6 START sql view model logistics_mart.stg_shipments ....................... [RUN]
[2026-07-09T11:34:47.254+0000] {subprocess.py:93} INFO - [0m11:34:47  4 of 6 START sql view model logistics_mart.stg_weather ......................... [RUN]
[2026-07-09T11:34:49.037+0000] {subprocess.py:93} INFO - [0m11:34:49  4 of 6 OK created sql view model logistics_mart.stg_weather .................... [[32mCREATE VIEW (0 processed)[0m in 1.78s]
[2026-07-09T11:34:49.039+0000] {subprocess.py:93} INFO - [0m11:34:49  5 of 6 START sql view model logistics_mart.stg_weather_consensus ............... [RUN]
[2026-07-09T11:34:49.122+0000] {subprocess.py:93} INFO - [0m11:34:49  3 of 6 OK created sql view model logistics_mart.stg_shipments .................. [[32mCREATE VIEW (0 processed)[0m in 1.87s]
[2026-07-09T11:34:50.327+0000] {subprocess.py:93} INFO - [0m11:34:50  BigQuery adapter: https://console.cloud.google.com/bigquery?project=logistics-500519&j=bq:US:f45c380a-6858-43e6-a8ae-499ed96df8d4&page=queryresults
[2026-07-09T11:34:50.346+0000] {subprocess.py:93} INFO - [0m11:34:50  5 of 6 ERROR creating sql view model logistics_mart.stg_weather_consensus ...... [[31mERROR[0m in 1.31s]
[2026-07-09T11:34:50.551+0000] {subprocess.py:93} INFO - [0m11:34:50  1 of 6 OK created sql table model logistics_mart.dim_drivers ................... [[32mCREATE TABLE (3.0 rows, 108.0 Bytes processed)[0m in 3.29s]
[2026-07-09T11:35:14.250+0000] {subprocess.py:93} INFO - [0m11:35:14  2 of 6 OK created sql table model logistics_mart.dim_hubs ...................... [[32mCREATE TABLE (3.0 rows, 149.0 Bytes processed)[0m in 26.98s]
[2026-07-09T11:35:14.265+0000] {subprocess.py:93} INFO - [0m11:35:14  6 of 6 START sql table model logistics_mart.fact_shipment_weather .............. [RUN]
[2026-07-09T11:35:17.968+0000] {subprocess.py:93} INFO - [0m11:35:17  6 of 6 OK created sql table model logistics_mart.fact_shipment_weather ......... [[32mCREATE TABLE (1.5k rows, 95.3 KiB processed)[0m in 3.70s]
[2026-07-09T11:35:18.016+0000] {subprocess.py:93} INFO - [0m11:35:18
[2026-07-09T11:35:18.017+0000] {subprocess.py:93} INFO - [0m11:35:18  Finished running 3 table models, 3 view models in 0 hours 0 minutes and 32.49 seconds (32.49s).
[2026-07-09T11:35:18.057+0000] {subprocess.py:93} INFO - [0m11:35:18
[2026-07-09T11:35:18.058+0000] {subprocess.py:93} INFO - [0m11:35:18  [31mCompleted with 1 error, 0 partial successes, and 0 warnings:[0m
[2026-07-09T11:35:18.058+0000] {subprocess.py:93} INFO - [0m11:35:18
[2026-07-09T11:35:18.059+0000] {subprocess.py:93} INFO - [0m11:35:18  [31mFailure in model stg_weather_consensus (models/staging/stg_weather_consensus.sql)[0m
[2026-07-09T11:35:18.059+0000] {subprocess.py:93} INFO - [0m11:35:18    Database Error in model stg_weather_consensus (models/staging/stg_weather_consensus.sql)
[2026-07-09T11:35:18.059+0000] {subprocess.py:93} INFO -   Unrecognized name: fetched_at at [11:11]
[2026-07-09T11:35:18.059+0000] {subprocess.py:93} INFO -   compiled code at target/run/logistics_lakehouse/models/staging/stg_weather_consensus.sql
[2026-07-09T11:35:18.059+0000] {subprocess.py:93} INFO - [0m11:35:18
[2026-07-09T11:35:18.059+0000] {subprocess.py:93} INFO - [0m11:35:18    compiled code at target/compiled/logistics_lakehouse/models/staging/stg_weather_consensus.sql
[2026-07-09T11:35:18.060+0000] {subprocess.py:93} INFO - [0m11:35:18
[2026-07-09T11:35:18.060+0000] {subprocess.py:93} INFO - [0m11:35:18  Done. PASS=5 WARN=0 ERROR=1 SKIP=0 NO-OP=0 TOTAL=6
[2026-07-09T11:35:20.288+0000] {subprocess.py:97} INFO - Command exited with return code 1
[2026-07-09T11:35:20.291+0000] {taskinstance.py:441} INFO - ::group::Post task execution logs
[2026-07-09T11:35:20.312+0000] {taskinstance.py:2905} ERROR - Task failed with exception
Traceback (most recent call last):
  File "/home/airflow/.local/lib/python3.12/site-packages/airflow/models/taskinstance.py", line 465, in _execute_task
    result = _execute_callable(context=context, **execute_callable_kwargs)
             ^^^^^^^^^^^^^^^^^^^^^^^^^^^^^^^^^^^^^^^^^^^^^^^^^^^^^^^^^^^^^
  File "/home/airflow/.local/lib/python3.12/site-packages/airflow/models/taskinstance.py", line 432, in _execute_callable
    return execute_callable(context=context, **execute_callable_kwargs)
           ^^^^^^^^^^^^^^^^^^^^^^^^^^^^^^^^^^^^^^^^^^^^^^^^^^^^^^^^^^^^
  File "/home/airflow/.local/lib/python3.12/site-packages/airflow/models/baseoperator.py", line 400, in wrapper
    return func(self, *args, **kwargs)
           ^^^^^^^^^^^^^^^^^^^^^^^^^^^
  File "/home/airflow/.local/lib/python3.12/site-packages/airflow/operators/bash.py", line 243, in execute
    raise AirflowException(
airflow.exceptions.AirflowException: Bash command failed. The command returned a non-zero exit code 1.
[2026-07-09T11:35:20.316+0000] {taskinstance.py:1206} INFO - Marking task as FAILED. dag_id=gold_dbt_dag, task_id=trigger_dbt_build, run_id=dataset_triggered__2026-07-09T11:16:19.931775+00:00, execution_date=20260709T111619, start_date=20260709T113443, end_date=20260709T113520
[2026-07-09T11:35:20.329+0000] {standard_task_runner.py:110} ERROR - Failed to execute job 1290 for task trigger_dbt_build (Bash command failed. The command returned a non-zero exit code 1.; 71458)
[2026-07-09T11:35:20.364+0000] {local_task_job_runner.py:240} INFO - Task exited with return code 1
[2026-07-09T11:35:20.378+0000] {taskinstance.py:3498} INFO - 0 downstream tasks scheduled from follow-on schedule check
[2026-07-09T11:35:20.378+0000] {local_task_job_runner.py:222} INFO - ::endgroup::
