[2026-07-12T11:26:16.447+0000] {local_task_job_runner.py:120} INFO - ::group::Pre task execution logs
[2026-07-12T11:26:16.470+0000] {taskinstance.py:2076} INFO - Dependencies all met for dep_context=non-requeueable deps ti=<TaskInstance: gold_dbt_dag.trigger_dbt_build dataset_triggered__2026-07-12T11:26:15.651299+00:00 [queued]>
[2026-07-12T11:26:16.473+0000] {taskinstance.py:2076} INFO - Dependencies all met for dep_context=requeueable deps ti=<TaskInstance: gold_dbt_dag.trigger_dbt_build dataset_triggered__2026-07-12T11:26:15.651299+00:00 [queued]>
[2026-07-12T11:26:16.474+0000] {taskinstance.py:2306} INFO - Starting attempt 1 of 2
[2026-07-12T11:26:16.479+0000] {taskinstance.py:2330} INFO - Executing <Task(BashOperator): trigger_dbt_build> on 2026-07-12 11:26:15.651299+00:00
[2026-07-12T11:26:16.484+0000] {logging_mixin.py:188} WARNING - /home/***/.local/lib/python3.12/site-packages/***/task/task_runner/standard_task_runner.py:61 DeprecationWarning: This process (pid=15985) is multi-threaded, use of fork() may lead to deadlocks in the child.
[2026-07-12T11:26:16.483+0000] {standard_task_runner.py:90} INFO - Running: ['***', 'tasks', 'run', 'gold_dbt_dag', 'trigger_dbt_build', 'dataset_triggered__2026-07-12T11:26:15.651299+00:00', '--job-id', '139', '--raw', '--subdir', 'DAGS_FOLDER/dag_gold_dbt.py', '--cfg-path', '/tmp/tmp9yhd95am']
[2026-07-12T11:26:16.485+0000] {standard_task_runner.py:63} INFO - Started process 15986 to run task
[2026-07-12T11:26:16.485+0000] {standard_task_runner.py:91} INFO - Job 139: Subtask trigger_dbt_build
[2026-07-12T11:26:16.516+0000] {task_command.py:426} INFO - Running <TaskInstance: gold_dbt_dag.trigger_dbt_build dataset_triggered__2026-07-12T11:26:15.651299+00:00 [running]> on host ad4e12f53b08
[2026-07-12T11:26:16.552+0000] {taskinstance.py:2648} INFO - Exporting env vars: AIRFLOW_CTX_DAG_OWNER='data_engineer' AIRFLOW_CTX_DAG_ID='gold_dbt_dag' AIRFLOW_CTX_TASK_ID='trigger_dbt_build' AIRFLOW_CTX_EXECUTION_DATE='2026-07-12T11:26:15.651299+00:00' AIRFLOW_CTX_TRY_NUMBER='1' AIRFLOW_CTX_DAG_RUN_ID='dataset_triggered__2026-07-12T11:26:15.651299+00:00'
[2026-07-12T11:26:16.553+0000] {taskinstance.py:430} INFO - ::endgroup::
[2026-07-12T11:26:16.562+0000] {subprocess.py:63} INFO - Tmp dir root location: /tmp
[2026-07-12T11:26:16.562+0000] {subprocess.py:75} INFO - Running command: ['/usr/bin/bash', '-c', 'cd /opt/***/dbt && dbt build --profiles-dir . --target dev']
[2026-07-12T11:26:16.567+0000] {subprocess.py:86} INFO - Output:
[2026-07-12T11:26:18.853+0000] {subprocess.py:93} INFO - [0m11:26:18  Running with dbt=1.11.11
[2026-07-12T11:26:20.317+0000] {subprocess.py:93} INFO - [0m11:26:20  Registered adapter: bigquery=1.11.3
[2026-07-12T11:26:20.756+0000] {subprocess.py:93} INFO - [0m11:26:20  Found 6 models, 4 sources, 553 macros
[2026-07-12T11:26:20.758+0000] {subprocess.py:93} INFO - [0m11:26:20
[2026-07-12T11:26:20.758+0000] {subprocess.py:93} INFO - [0m11:26:20  Concurrency: 4 threads (target='dev')
[2026-07-12T11:26:20.759+0000] {subprocess.py:93} INFO - [0m11:26:20
[2026-07-12T11:45:35.617+0000] {subprocess.py:93} INFO - WARNING:urllib3.connectionpool:Retrying (Retry(total=2, connect=None, read=None, redirect=None, status=None)) after connection broken by 'NewConnectionError('<urllib3.connection.HTTPSConnection object at 0xffff81354200>: Failed to establish a new connection: [Errno 101] Network is unreachable')': /token
[2026-07-12T11:46:19.862+0000] {subprocess.py:93} INFO - [0m11:46:19  1 of 6 START sql table model logistics_mart.dim_drivers ........................ [RUN]
[2026-07-12T11:46:19.864+0000] {subprocess.py:93} INFO - [0m11:46:19  2 of 6 START sql table model logistics_mart.dim_hubs ........................... [RUN]
[2026-07-12T11:46:19.865+0000] {subprocess.py:93} INFO - [0m11:46:19  3 of 6 START sql view model logistics_mart.stg_shipments ....................... [RUN]
[2026-07-12T11:46:19.865+0000] {subprocess.py:93} INFO - [0m11:46:19  4 of 6 START sql view model logistics_mart.stg_weather ......................... [RUN]
[2026-07-12T11:46:47.646+0000] {subprocess.py:93} INFO - [0m11:46:47  BigQuery adapter: https://console.cloud.google.com/bigquery?project=logistics-500519&j=bq:US:31042e1a-b861-46fc-9ae8-dde8f37d6d52&page=queryresults
[2026-07-12T11:46:47.694+0000] {subprocess.py:93} INFO - [0m11:46:47  1 of 6 ERROR creating sql table model logistics_mart.dim_drivers ............... [[31mERROR[0m in 27.82s]
[2026-07-12T11:46:47.701+0000] {subprocess.py:93} INFO - [0m11:46:47  5 of 6 START sql view model logistics_mart.stg_weather_consensus ............... [RUN]
[2026-07-12T11:46:48.340+0000] {subprocess.py:93} INFO - [0m11:46:48  3 of 6 OK created sql view model logistics_mart.stg_shipments .................. [[32mCREATE VIEW (0 processed)[0m in 28.47s]
[2026-07-12T11:46:51.249+0000] {subprocess.py:93} INFO - [0m11:46:51  BigQuery adapter: https://console.cloud.google.com/bigquery?project=logistics-500519&j=bq:US:445c3314-2445-4a57-b005-cba107b14bff&page=queryresults
[2026-07-12T11:46:51.269+0000] {subprocess.py:93} INFO - [0m11:46:51  2 of 6 ERROR creating sql table model logistics_mart.dim_hubs .................. [[31mERROR[0m in 31.40s]
[2026-07-12T11:46:57.582+0000] {subprocess.py:93} INFO - [0m11:46:57  4 of 6 OK created sql view model logistics_mart.stg_weather .................... [[32mCREATE VIEW (0 processed)[0m in 37.71s]
[2026-07-12T12:15:13.681+0000] {subprocess.py:93} INFO - WARNING:urllib3.connectionpool:Retrying (Retry(total=2, connect=None, read=None, redirect=None, status=None)) after connection broken by 'NameResolutionError("<urllib3.connection.HTTPSConnection object at 0xffff80109e80>: Failed to resolve 'oauth2.googleapis.com' ([Errno -3] Temporary failure in name resolution)")': /token
[2026-07-12T12:18:18.457+0000] {subprocess.py:93} INFO - WARNING:urllib3.connectionpool:Retrying (Retry(total=1, connect=None, read=None, redirect=None, status=None)) after connection broken by 'SSLError(SSLEOFError(8, '[SSL: UNEXPECTED_EOF_WHILE_READING] EOF occurred in violation of protocol (_ssl.c:1000)'))': /token
[2026-07-12T12:28:38.469+0000] {local_task_job_runner.py:310} WARNING - State of this instance has been externally set to up_for_retry. Terminating instance.
[2026-07-12T12:28:38.475+0000] {local_task_job_runner.py:222} INFO - ::endgroup::
[2026-07-12T12:28:38.477+0000] {process_utils.py:132} INFO - Sending 15 to group 15986. PIDs of all processes in the group: [15987, 16001, 15986]
[2026-07-12T12:28:38.478+0000] {process_utils.py:87} INFO - Sending the signal 15 to group 15986
[2026-07-12T12:28:38.480+0000] {taskinstance.py:2611} ERROR - Received SIGTERM. Terminating subprocesses.
[2026-07-12T12:28:38.483+0000] {subprocess.py:104} INFO - Sending SIGTERM signal to process group
[2026-07-12T12:28:38.484+0000] {taskinstance.py:441} INFO - ::group::Post task execution logs
[2026-07-12T12:28:38.525+0000] {taskinstance.py:2905} ERROR - Task failed with exception
Traceback (most recent call last):
  File "/home/airflow/.local/lib/python3.12/site-packages/airflow/models/taskinstance.py", line 465, in _execute_task
    result = _execute_callable(context=context, **execute_callable_kwargs)
             ^^^^^^^^^^^^^^^^^^^^^^^^^^^^^^^^^^^^^^^^^^^^^^^^^^^^^^^^^^^^^
  File "/home/airflow/.local/lib/python3.12/site-packages/airflow/models/taskinstance.py", line 432, in _execute_callable
    return execute_callable(context=context, **execute_callable_kwargs)
           ^^^^^^^^^^^^^^^^^^^^^^^^^^^^^^^^^^^^^^^^^^^^^^^^^^^^^^^^^^^^
  File "/home/airflow/.local/lib/python3.12/site-packages/airflow/models/baseoperator.py", line 400, in wrapper
    return func(self, *args, **kwargs)
           ^^^^^^^^^^^^^^^^^^^^^^^^^^^
  File "/home/airflow/.local/lib/python3.12/site-packages/airflow/operators/bash.py", line 234, in execute
    result = self.subprocess_hook.run_command(
             ^^^^^^^^^^^^^^^^^^^^^^^^^^^^^^^^^
  File "/home/airflow/.local/lib/python3.12/site-packages/airflow/hooks/subprocess.py", line 91, in run_command
    for raw_line in iter(self.sub_process.stdout.readline, b""):
  File "/home/airflow/.local/lib/python3.12/site-packages/airflow/models/taskinstance.py", line 2613, in signal_handler
    raise AirflowTaskTerminated("Task received SIGTERM signal")
airflow.exceptions.AirflowTaskTerminated: Task received SIGTERM signal
[2026-07-12T12:28:38.532+0000] {taskinstance.py:1206} INFO - Marking task as FAILED. dag_id=gold_dbt_dag, task_id=trigger_dbt_build, run_id=dataset_triggered__2026-07-12T11:26:15.651299+00:00, execution_date=20260712T112615, start_date=20260712T112616, end_date=20260712T122838
[2026-07-12T12:28:38.583+0000] {process_utils.py:80} INFO - Process psutil.Process(pid=15987, status='terminated', started='11:26:15') (15987) terminated with exit code None
[2026-07-12T12:28:38.584+0000] {process_utils.py:80} INFO - Process psutil.Process(pid=16001, status='terminated', started='11:26:19') (16001) terminated with exit code None
[2026-07-12T12:28:38.585+0000] {process_utils.py:80} INFO - Process psutil.Process(pid=15986, status='terminated', exitcode=2, started='11:26:15') (15986) terminated with exit code 2
