[2026-07-05T21:57:55.496+0000] {local_task_job_runner.py:120} INFO - ::group::Pre task execution logs
[2026-07-05T21:57:55.508+0000] {taskinstance.py:2076} INFO - Dependencies all met for dep_context=non-requeueable deps ti=<TaskInstance: logistics_postgres_to_bq.push_to_bigquery dataset_triggered__2026-07-05T21:57:54.911485+00:00 [queued]>
[2026-07-05T21:57:55.511+0000] {taskinstance.py:2076} INFO - Dependencies all met for dep_context=requeueable deps ti=<TaskInstance: logistics_postgres_to_bq.push_to_bigquery dataset_triggered__2026-07-05T21:57:54.911485+00:00 [queued]>
[2026-07-05T21:57:55.511+0000] {taskinstance.py:2306} INFO - Starting attempt 1 of 1
[2026-07-05T21:57:55.515+0000] {taskinstance.py:2330} INFO - Executing <Task(PythonOperator): push_to_bigquery> on 2026-07-05 21:57:54.911485+00:00
[2026-07-05T21:57:55.519+0000] {logging_mixin.py:188} WARNING - /home/***/.local/lib/python3.12/site-packages/***/task/task_runner/standard_task_runner.py:61 DeprecationWarning: This process (pid=54429) is multi-threaded, use of fork() may lead to deadlocks in the child.
[2026-07-05T21:57:55.519+0000] {standard_task_runner.py:63} INFO - Started process 54457 to run task
[2026-07-05T21:57:55.519+0000] {standard_task_runner.py:90} INFO - Running: ['***', 'tasks', 'run', 'logistics_postgres_to_bq', 'push_to_bigquery', 'dataset_triggered__2026-07-05T21:57:54.911485+00:00', '--job-id', '721', '--raw', '--subdir', 'DAGS_FOLDER/dag_postgres_to_bq.py', '--cfg-path', '/tmp/tmpo7pvygej']
[2026-07-05T21:57:55.520+0000] {standard_task_runner.py:91} INFO - Job 721: Subtask push_to_bigquery
[2026-07-05T21:57:55.536+0000] {task_command.py:426} INFO - Running <TaskInstance: logistics_postgres_to_bq.push_to_bigquery dataset_triggered__2026-07-05T21:57:54.911485+00:00 [running]> on host bd23e89d97be
[2026-07-05T21:57:55.632+0000] {taskinstance.py:2648} INFO - Exporting env vars: AIRFLOW_CTX_DAG_OWNER='***' AIRFLOW_CTX_DAG_ID='logistics_postgres_to_bq' AIRFLOW_CTX_TASK_ID='push_to_bigquery' AIRFLOW_CTX_EXECUTION_DATE='2026-07-05T21:57:54.911485+00:00' AIRFLOW_CTX_TRY_NUMBER='1' AIRFLOW_CTX_DAG_RUN_ID='dataset_triggered__2026-07-05T21:57:54.911485+00:00'
[2026-07-05T21:57:55.633+0000] {taskinstance.py:430} INFO - ::endgroup::
[2026-07-05T21:57:56.410+0000] {logging_mixin.py:188} WARNING - /opt/***/dags/dag_postgres_to_bq.py:34 UserWarning: pandas only supports SQLAlchemy connectable (engine/connection) or database string URI or sqlite3 DBAPI2 connection. Other DBAPI2 objects are not tested. Please consider using SQLAlchemy.
[2026-07-05T23:10:07.489+0000] {local_task_job_runner.py:310} WARNING - State of this instance has been externally set to failed. Terminating instance.
[2026-07-05T23:10:07.496+0000] {local_task_job_runner.py:222} INFO - ::endgroup::
[2026-07-05T23:10:07.497+0000] {process_utils.py:132} INFO - Sending 15 to group 54457. PIDs of all processes in the group: [54457]
[2026-07-05T23:10:07.498+0000] {process_utils.py:87} INFO - Sending the signal 15 to group 54457
[2026-07-05T23:10:07.500+0000] {taskinstance.py:2611} ERROR - Received SIGTERM. Terminating subprocesses.
[2026-07-05T23:10:07.508+0000] {taskinstance.py:441} INFO - ::group::Post task execution logs
[2026-07-05T23:10:07.595+0000] {process_utils.py:80} INFO - Process psutil.Process(pid=54457, status='terminated', exitcode=0, started='21:57:55') (54457) terminated with exit code 0
