[2026-07-13T02:39:46.937+0000] {local_task_job_runner.py:120} INFO - ::group::Pre task execution logs
[2026-07-13T02:39:46.956+0000] {taskinstance.py:2076} INFO - Dependencies all met for dep_context=non-requeueable deps ti=<TaskInstance: gold_dbt_dag.trigger_dbt_build manual__2026-07-13T02:37:27.946211+00:00 [queued]>
[2026-07-13T02:39:46.959+0000] {taskinstance.py:2076} INFO - Dependencies all met for dep_context=requeueable deps ti=<TaskInstance: gold_dbt_dag.trigger_dbt_build manual__2026-07-13T02:37:27.946211+00:00 [queued]>
[2026-07-13T02:39:46.960+0000] {taskinstance.py:2306} INFO - Starting attempt 2 of 2
[2026-07-13T02:39:46.964+0000] {taskinstance.py:2330} INFO - Executing <Task(BashOperator): trigger_dbt_build> on 2026-07-13 02:37:27.946211+00:00
[2026-07-13T02:39:46.967+0000] {standard_task_runner.py:90} INFO - Running: ['***', 'tasks', 'run', 'gold_dbt_dag', 'trigger_dbt_build', 'manual__2026-07-13T02:37:27.946211+00:00', '--job-id', '288', '--raw', '--subdir', 'DAGS_FOLDER/dag_gold_dbt.py', '--cfg-path', '/tmp/tmp_mcwv79z']
[2026-07-13T02:39:46.969+0000] {standard_task_runner.py:91} INFO - Job 288: Subtask trigger_dbt_build
[2026-07-13T02:39:46.977+0000] {logging_mixin.py:188} WARNING - /home/***/.local/lib/python3.12/site-packages/***/task/task_runner/standard_task_runner.py:61 DeprecationWarning: This process (pid=50077) is multi-threaded, use of fork() may lead to deadlocks in the child.
[2026-07-13T02:39:46.978+0000] {standard_task_runner.py:63} INFO - Started process 50078 to run task
[2026-07-13T02:39:46.988+0000] {task_command.py:426} INFO - Running <TaskInstance: gold_dbt_dag.trigger_dbt_build manual__2026-07-13T02:37:27.946211+00:00 [running]> on host ad4e12f53b08
[2026-07-13T02:39:47.017+0000] {taskinstance.py:2648} INFO - Exporting env vars: AIRFLOW_CTX_DAG_OWNER='data_engineer' AIRFLOW_CTX_DAG_ID='gold_dbt_dag' AIRFLOW_CTX_TASK_ID='trigger_dbt_build' AIRFLOW_CTX_EXECUTION_DATE='2026-07-13T02:37:27.946211+00:00' AIRFLOW_CTX_TRY_NUMBER='2' AIRFLOW_CTX_DAG_RUN_ID='manual__2026-07-13T02:37:27.946211+00:00'
[2026-07-13T02:39:47.018+0000] {taskinstance.py:430} INFO - ::endgroup::
[2026-07-13T02:39:47.024+0000] {subprocess.py:63} INFO - Tmp dir root location: /tmp
[2026-07-13T02:39:47.025+0000] {subprocess.py:75} INFO - Running command: ['/usr/bin/bash', '-c', 'cd /opt/***/dbt && dbt build --profiles-dir . --target dev']
[2026-07-13T02:39:47.030+0000] {subprocess.py:86} INFO - Output:
[2026-07-13T02:39:48.091+0000] {subprocess.py:93} INFO - [0m02:39:48  Running with dbt=1.11.11
[2026-07-13T02:39:48.587+0000] {subprocess.py:93} INFO - [0m02:39:48  Registered adapter: bigquery=1.11.3
[2026-07-13T02:39:48.808+0000] {subprocess.py:93} INFO - [0m02:39:48  Found 6 models, 4 sources, 553 macros
[2026-07-13T02:39:48.810+0000] {subprocess.py:93} INFO - [0m02:39:48
[2026-07-13T02:39:48.810+0000] {subprocess.py:93} INFO - [0m02:39:48  Concurrency: 4 threads (target='dev')
[2026-07-13T02:39:48.811+0000] {subprocess.py:93} INFO - [0m02:39:48
[2026-07-13T02:39:50.625+0000] {subprocess.py:93} INFO - [0m02:39:50  1 of 6 START sql table model logistics_mart.dim_drivers ........................ [RUN]
[2026-07-13T02:39:50.626+0000] {subprocess.py:93} INFO - [0m02:39:50  2 of 6 START sql table model logistics_mart.dim_hubs ........................... [RUN]
[2026-07-13T02:39:50.627+0000] {subprocess.py:93} INFO - [0m02:39:50  3 of 6 START sql view model logistics_mart.stg_shipments ....................... [RUN]
[2026-07-13T02:39:50.627+0000] {subprocess.py:93} INFO - [0m02:39:50  4 of 6 START sql view model logistics_mart.stg_weather ......................... [RUN]
[2026-07-13T02:39:52.495+0000] {subprocess.py:93} INFO - [0m02:39:52  4 of 6 OK created sql view model logistics_mart.stg_weather .................... [[32mCREATE VIEW (0 processed)[0m in 1.86s]
[2026-07-13T02:39:52.497+0000] {subprocess.py:93} INFO - [0m02:39:52  5 of 6 START sql view model logistics_mart.stg_weather_consensus ............... [RUN]
[2026-07-13T02:39:52.668+0000] {subprocess.py:93} INFO - [0m02:39:52  3 of 6 OK created sql view model logistics_mart.stg_shipments .................. [[32mCREATE VIEW (0 processed)[0m in 2.04s]
[2026-07-13T02:39:54.034+0000] {subprocess.py:93} INFO - [0m02:39:54  5 of 6 OK created sql view model logistics_mart.stg_weather_consensus .......... [[32mCREATE VIEW (0 processed)[0m in 1.54s]
[2026-07-13T02:39:54.046+0000] {subprocess.py:93} INFO - [0m02:39:54  2 of 6 OK created sql table model logistics_mart.dim_hubs ...................... [[32mCREATE TABLE (3.0 rows, 176.0 Bytes processed)[0m in 3.42s]
[2026-07-13T02:39:54.048+0000] {subprocess.py:93} INFO - [0m02:39:54  6 of 6 START sql table model logistics_mart.fact_shipment_weather .............. [RUN]
[2026-07-13T02:39:54.638+0000] {subprocess.py:93} INFO - [0m02:39:54  1 of 6 OK created sql table model logistics_mart.dim_drivers ................... [[32mCREATE TABLE (3.0 rows, 117.0 Bytes processed)[0m in 4.01s]
[2026-07-13T02:39:57.583+0000] {subprocess.py:93} INFO - [0m02:39:57  6 of 6 OK created sql table model logistics_mart.fact_shipment_weather ......... [[32mCREATE TABLE (8.0 rows, 1.1 KiB processed)[0m in 3.53s]
[2026-07-13T02:39:57.635+0000] {subprocess.py:93} INFO - [0m02:39:57
[2026-07-13T02:39:57.636+0000] {subprocess.py:93} INFO - [0m02:39:57  Finished running 3 table models, 3 view models in 0 hours 0 minutes and 8.82 seconds (8.82s).
[2026-07-13T02:39:57.679+0000] {subprocess.py:93} INFO - [0m02:39:57
[2026-07-13T02:39:57.680+0000] {subprocess.py:93} INFO - [0m02:39:57  [32mCompleted successfully[0m
[2026-07-13T02:39:57.680+0000] {subprocess.py:93} INFO - [0m02:39:57
[2026-07-13T02:39:57.680+0000] {subprocess.py:93} INFO - [0m02:39:57  Done. PASS=6 WARN=0 ERROR=0 SKIP=0 NO-OP=0 TOTAL=6
[2026-07-13T02:39:59.562+0000] {subprocess.py:97} INFO - Command exited with return code 0
[2026-07-13T02:39:59.564+0000] {taskinstance.py:441} INFO - ::group::Post task execution logs
[2026-07-13T02:39:59.599+0000] {taskinstance.py:1206} INFO - Marking task as SUCCESS. dag_id=gold_dbt_dag, task_id=trigger_dbt_build, run_id=manual__2026-07-13T02:37:27.946211+00:00, execution_date=20260713T023727, start_date=20260713T023946, end_date=20260713T023959
[2026-07-13T02:39:59.647+0000] {local_task_job_runner.py:240} INFO - Task exited with return code 0
[2026-07-13T02:39:59.665+0000] {taskinstance.py:3498} INFO - 0 downstream tasks scheduled from follow-on schedule check
[2026-07-13T02:39:59.666+0000] {local_task_job_runner.py:222} INFO - ::endgroup::
