[2026-07-13T02:37:29.417+0000] {local_task_job_runner.py:120} INFO - ::group::Pre task execution logs
[2026-07-13T02:37:29.560+0000] {taskinstance.py:2076} INFO - Dependencies all met for dep_context=non-requeueable deps ti=<TaskInstance: gold_dbt_dag.trigger_dbt_build manual__2026-07-13T02:37:27.946211+00:00 [queued]>
[2026-07-13T02:37:29.580+0000] {taskinstance.py:2076} INFO - Dependencies all met for dep_context=requeueable deps ti=<TaskInstance: gold_dbt_dag.trigger_dbt_build manual__2026-07-13T02:37:27.946211+00:00 [queued]>
[2026-07-13T02:37:29.580+0000] {taskinstance.py:2306} INFO - Starting attempt 1 of 2
[2026-07-13T02:37:29.604+0000] {taskinstance.py:2330} INFO - Executing <Task(BashOperator): trigger_dbt_build> on 2026-07-13 02:37:27.946211+00:00
[2026-07-13T02:37:29.686+0000] {logging_mixin.py:188} WARNING - /home/***/.local/lib/python3.12/site-packages/***/task/task_runner/standard_task_runner.py:61 DeprecationWarning: This process (pid=49239) is multi-threaded, use of fork() may lead to deadlocks in the child.
[2026-07-13T02:37:29.696+0000] {standard_task_runner.py:63} INFO - Started process 49261 to run task
[2026-07-13T02:37:29.686+0000] {standard_task_runner.py:90} INFO - Running: ['***', 'tasks', 'run', 'gold_dbt_dag', 'trigger_dbt_build', 'manual__2026-07-13T02:37:27.946211+00:00', '--job-id', '281', '--raw', '--subdir', 'DAGS_FOLDER/dag_gold_dbt.py', '--cfg-path', '/tmp/tmpkeva8dph']
[2026-07-13T02:37:29.698+0000] {standard_task_runner.py:91} INFO - Job 281: Subtask trigger_dbt_build
[2026-07-13T02:37:29.860+0000] {task_command.py:426} INFO - Running <TaskInstance: gold_dbt_dag.trigger_dbt_build manual__2026-07-13T02:37:27.946211+00:00 [running]> on host ad4e12f53b08
[2026-07-13T02:37:30.026+0000] {taskinstance.py:2648} INFO - Exporting env vars: AIRFLOW_CTX_DAG_OWNER='data_engineer' AIRFLOW_CTX_DAG_ID='gold_dbt_dag' AIRFLOW_CTX_TASK_ID='trigger_dbt_build' AIRFLOW_CTX_EXECUTION_DATE='2026-07-13T02:37:27.946211+00:00' AIRFLOW_CTX_TRY_NUMBER='1' AIRFLOW_CTX_DAG_RUN_ID='manual__2026-07-13T02:37:27.946211+00:00'
[2026-07-13T02:37:30.028+0000] {taskinstance.py:430} INFO - ::endgroup::
[2026-07-13T02:37:30.105+0000] {subprocess.py:63} INFO - Tmp dir root location: /tmp
[2026-07-13T02:37:30.109+0000] {subprocess.py:75} INFO - Running command: ['/usr/bin/bash', '-c', 'cd /opt/***/dbt && dbt build --profiles-dir . --target dev']
[2026-07-13T02:37:30.128+0000] {subprocess.py:86} INFO - Output:
[2026-07-13T02:37:32.406+0000] {subprocess.py:93} INFO - [0m02:37:32  Running with dbt=1.11.11
[2026-07-13T02:37:33.487+0000] {subprocess.py:93} INFO - [0m02:37:33  Registered adapter: bigquery=1.11.3
[2026-07-13T02:37:33.880+0000] {subprocess.py:93} INFO - [0m02:37:33  Found 6 models, 4 sources, 553 macros
[2026-07-13T02:37:33.881+0000] {subprocess.py:93} INFO - [0m02:37:33
[2026-07-13T02:37:33.882+0000] {subprocess.py:93} INFO - [0m02:37:33  Concurrency: 4 threads (target='dev')
[2026-07-13T02:37:33.882+0000] {subprocess.py:93} INFO - [0m02:37:33
[2026-07-13T02:37:35.429+0000] {subprocess.py:93} INFO - [0m02:37:35  1 of 6 START sql table model logistics_mart.dim_drivers ........................ [RUN]
[2026-07-13T02:37:35.429+0000] {subprocess.py:93} INFO - [0m02:37:35  2 of 6 START sql table model logistics_mart.dim_hubs ........................... [RUN]
[2026-07-13T02:37:35.430+0000] {subprocess.py:93} INFO - [0m02:37:35  3 of 6 START sql view model logistics_mart.stg_shipments ....................... [RUN]
[2026-07-13T02:37:35.430+0000] {subprocess.py:93} INFO - [0m02:37:35  4 of 6 START sql view model logistics_mart.stg_weather ......................... [RUN]
[2026-07-13T02:37:36.943+0000] {subprocess.py:93} INFO - [0m02:37:36  BigQuery adapter: https://console.cloud.google.com/bigquery?project=logistics-500519&j=bq:US:172cda00-6cd9-4206-a518-5420f5f3cbff&page=queryresults
[2026-07-13T02:37:36.955+0000] {subprocess.py:93} INFO - [0m02:37:36  1 of 6 ERROR creating sql table model logistics_mart.dim_drivers ............... [[31mERROR[0m in 1.52s]
[2026-07-13T02:37:36.956+0000] {subprocess.py:93} INFO - [0m02:37:36  5 of 6 START sql view model logistics_mart.stg_weather_consensus ............... [RUN]
[2026-07-13T02:37:37.242+0000] {subprocess.py:93} INFO - [0m02:37:37  4 of 6 OK created sql view model logistics_mart.stg_weather .................... [[32mCREATE VIEW (0 processed)[0m in 1.81s]
[2026-07-13T02:37:37.262+0000] {subprocess.py:93} INFO - [0m02:37:37  3 of 6 OK created sql view model logistics_mart.stg_shipments .................. [[32mCREATE VIEW (0 processed)[0m in 1.83s]
[2026-07-13T02:37:38.533+0000] {subprocess.py:93} INFO - [0m02:37:38  5 of 6 OK created sql view model logistics_mart.stg_weather_consensus .......... [[32mCREATE VIEW (0 processed)[0m in 1.57s]
[2026-07-13T02:37:39.391+0000] {subprocess.py:93} INFO - [0m02:37:39  2 of 6 OK created sql table model logistics_mart.dim_hubs ...................... [[32mCREATE TABLE (3.0 rows, 176.0 Bytes processed)[0m in 3.96s]
[2026-07-13T02:37:39.396+0000] {subprocess.py:93} INFO - [0m02:37:39  6 of 6 START sql table model logistics_mart.fact_shipment_weather .............. [RUN]
[2026-07-13T02:37:43.909+0000] {subprocess.py:93} INFO - [0m02:37:43  6 of 6 OK created sql table model logistics_mart.fact_shipment_weather ......... [[32mCREATE TABLE (7.0 rows, 1.0 KiB processed)[0m in 4.51s]
[2026-07-13T02:37:43.970+0000] {subprocess.py:93} INFO - [0m02:37:43
[2026-07-13T02:37:43.970+0000] {subprocess.py:93} INFO - [0m02:37:43  Finished running 3 table models, 3 view models in 0 hours 0 minutes and 10.09 seconds (10.09s).
[2026-07-13T02:37:44.032+0000] {subprocess.py:93} INFO - [0m02:37:44
[2026-07-13T02:37:44.033+0000] {subprocess.py:93} INFO - [0m02:37:44  [31mCompleted with 1 error, 0 partial successes, and 0 warnings:[0m
[2026-07-13T02:37:44.034+0000] {subprocess.py:93} INFO - [0m02:37:44
[2026-07-13T02:37:44.034+0000] {subprocess.py:93} INFO - [0m02:37:44  [31mFailure in model dim_drivers (models/mart/dim_drivers.sql)[0m
[2026-07-13T02:37:44.035+0000] {subprocess.py:93} INFO - [0m02:37:44    Database Error in model dim_drivers (models/mart/dim_drivers.sql)
[2026-07-13T02:37:44.036+0000] {subprocess.py:93} INFO -   Not found: Table logistics-500519:logistics_raw.drivers was not found in location US
[2026-07-13T02:37:44.036+0000] {subprocess.py:93} INFO -   compiled code at target/run/logistics_lakehouse/models/mart/dim_drivers.sql
[2026-07-13T02:37:44.037+0000] {subprocess.py:93} INFO - [0m02:37:44
[2026-07-13T02:37:44.037+0000] {subprocess.py:93} INFO - [0m02:37:44    compiled code at target/compiled/logistics_lakehouse/models/mart/dim_drivers.sql
[2026-07-13T02:37:44.038+0000] {subprocess.py:93} INFO - [0m02:37:44
[2026-07-13T02:37:44.038+0000] {subprocess.py:93} INFO - [0m02:37:44  Done. PASS=5 WARN=0 ERROR=1 SKIP=0 NO-OP=0 TOTAL=6
[2026-07-13T02:37:46.054+0000] {subprocess.py:97} INFO - Command exited with return code 1
[2026-07-13T02:37:46.057+0000] {taskinstance.py:441} INFO - ::group::Post task execution logs
[2026-07-13T02:37:46.107+0000] {taskinstance.py:2905} ERROR - Task failed with exception
Traceback (most recent call last):
  File "/home/airflow/.local/lib/python3.12/site-packages/airflow/models/taskinstance.py", line 465, in _execute_task
    result = _execute_callable(context=context, **execute_callable_kwargs)
             ^^^^^^^^^^^^^^^^^^^^^^^^^^^^^^^^^^^^^^^^^^^^^^^^^^^^^^^^^^^^^
  File "/home/airflow/.local/lib/python3.12/site-packages/airflow/models/taskinstance.py", line 432, in _execute_callable
    return execute_callable(context=context, **execute_callable_kwargs)
           ^^^^^^^^^^^^^^^^^^^^^^^^^^^^^^^^^^^^^^^^^^^^^^^^^^^^^^^^^^^^
  File "/home/airflow/.local/lib/python3.12/site-packages/airflow/models/baseoperator.py", line 400, in wrapper
    return func(self, *args, **kwargs)
           ^^^^^^^^^^^^^^^^^^^^^^^^^^^
  File "/home/airflow/.local/lib/python3.12/site-packages/airflow/operators/bash.py", line 243, in execute
    raise AirflowException(
airflow.exceptions.AirflowException: Bash command failed. The command returned a non-zero exit code 1.
[2026-07-13T02:37:46.130+0000] {taskinstance.py:1206} INFO - Marking task as UP_FOR_RETRY. dag_id=gold_dbt_dag, task_id=trigger_dbt_build, run_id=manual__2026-07-13T02:37:27.946211+00:00, execution_date=20260713T023727, start_date=20260713T023729, end_date=20260713T023746
[2026-07-13T02:37:46.225+0000] {standard_task_runner.py:110} ERROR - Failed to execute job 281 for task trigger_dbt_build (Bash command failed. The command returned a non-zero exit code 1.; 49261)
[2026-07-13T02:37:46.267+0000] {local_task_job_runner.py:240} INFO - Task exited with return code 1
[2026-07-13T02:37:46.296+0000] {local_task_job_runner.py:222} INFO - ::endgroup::
