[2026-07-12T20:28:45.655+0000] {local_task_job_runner.py:120} INFO - ::group::Pre task execution logs
[2026-07-12T20:28:45.680+0000] {taskinstance.py:2076} INFO - Dependencies all met for dep_context=non-requeueable deps ti=<TaskInstance: gold_dbt_dag.trigger_dbt_build dataset_triggered__2026-07-12T20:28:44.991377+00:00 [queued]>
[2026-07-12T20:28:45.683+0000] {taskinstance.py:2076} INFO - Dependencies all met for dep_context=requeueable deps ti=<TaskInstance: gold_dbt_dag.trigger_dbt_build dataset_triggered__2026-07-12T20:28:44.991377+00:00 [queued]>
[2026-07-12T20:28:45.684+0000] {taskinstance.py:2306} INFO - Starting attempt 1 of 2
[2026-07-12T20:28:45.689+0000] {taskinstance.py:2330} INFO - Executing <Task(BashOperator): trigger_dbt_build> on 2026-07-12 20:28:44.991377+00:00
[2026-07-12T20:28:45.693+0000] {standard_task_runner.py:90} INFO - Running: ['***', 'tasks', 'run', 'gold_dbt_dag', 'trigger_dbt_build', 'dataset_triggered__2026-07-12T20:28:44.991377+00:00', '--job-id', '247', '--raw', '--subdir', 'DAGS_FOLDER/dag_gold_dbt.py', '--cfg-path', '/tmp/tmp5gd5vwf9']
[2026-07-12T20:28:45.696+0000] {standard_task_runner.py:91} INFO - Job 247: Subtask trigger_dbt_build
[2026-07-12T20:28:45.698+0000] {logging_mixin.py:188} WARNING - /home/***/.local/lib/python3.12/site-packages/***/task/task_runner/standard_task_runner.py:61 DeprecationWarning: This process (pid=44586) is multi-threaded, use of fork() may lead to deadlocks in the child.
[2026-07-12T20:28:45.699+0000] {standard_task_runner.py:63} INFO - Started process 44587 to run task
[2026-07-12T20:28:45.726+0000] {task_command.py:426} INFO - Running <TaskInstance: gold_dbt_dag.trigger_dbt_build dataset_triggered__2026-07-12T20:28:44.991377+00:00 [running]> on host ad4e12f53b08
[2026-07-12T20:28:45.803+0000] {taskinstance.py:2648} INFO - Exporting env vars: AIRFLOW_CTX_DAG_OWNER='data_engineer' AIRFLOW_CTX_DAG_ID='gold_dbt_dag' AIRFLOW_CTX_TASK_ID='trigger_dbt_build' AIRFLOW_CTX_EXECUTION_DATE='2026-07-12T20:28:44.991377+00:00' AIRFLOW_CTX_TRY_NUMBER='1' AIRFLOW_CTX_DAG_RUN_ID='dataset_triggered__2026-07-12T20:28:44.991377+00:00'
[2026-07-12T20:28:45.803+0000] {taskinstance.py:430} INFO - ::endgroup::
[2026-07-12T20:28:45.812+0000] {subprocess.py:63} INFO - Tmp dir root location: /tmp
[2026-07-12T20:28:45.814+0000] {subprocess.py:75} INFO - Running command: ['/usr/bin/bash', '-c', 'cd /opt/***/dbt && dbt build --profiles-dir . --target dev']
[2026-07-12T20:28:45.820+0000] {subprocess.py:86} INFO - Output:
[2026-07-12T20:28:47.742+0000] {subprocess.py:93} INFO - [0m20:28:47  Running with dbt=1.11.11
[2026-07-12T20:28:48.518+0000] {subprocess.py:93} INFO - [0m20:28:48  Registered adapter: bigquery=1.11.3
[2026-07-12T20:28:48.796+0000] {subprocess.py:93} INFO - [0m20:28:48  Found 6 models, 4 sources, 553 macros
[2026-07-12T20:28:48.797+0000] {subprocess.py:93} INFO - [0m20:28:48
[2026-07-12T20:28:48.798+0000] {subprocess.py:93} INFO - [0m20:28:48  Concurrency: 4 threads (target='dev')
[2026-07-12T20:28:48.798+0000] {subprocess.py:93} INFO - [0m20:28:48
[2026-07-12T20:28:50.186+0000] {subprocess.py:93} INFO - [0m20:28:50  1 of 6 START sql table model logistics_mart.dim_drivers ........................ [RUN]
[2026-07-12T20:28:50.186+0000] {subprocess.py:93} INFO - [0m20:28:50  2 of 6 START sql table model logistics_mart.dim_hubs ........................... [RUN]
[2026-07-12T20:28:50.187+0000] {subprocess.py:93} INFO - [0m20:28:50  3 of 6 START sql view model logistics_mart.stg_shipments ....................... [RUN]
[2026-07-12T20:28:50.187+0000] {subprocess.py:93} INFO - [0m20:28:50  4 of 6 START sql view model logistics_mart.stg_weather ......................... [RUN]
[2026-07-12T20:28:52.033+0000] {subprocess.py:93} INFO - [0m20:28:52  4 of 6 OK created sql view model logistics_mart.stg_weather .................... [[32mCREATE VIEW (0 processed)[0m in 1.84s]
[2026-07-12T20:28:52.034+0000] {subprocess.py:93} INFO - [0m20:28:52  5 of 6 START sql view model logistics_mart.stg_weather_consensus ............... [RUN]
[2026-07-12T20:28:52.330+0000] {subprocess.py:93} INFO - [0m20:28:52  3 of 6 OK created sql view model logistics_mart.stg_shipments .................. [[32mCREATE VIEW (0 processed)[0m in 2.14s]
[2026-07-12T20:28:53.262+0000] {subprocess.py:93} INFO - [0m20:28:53  1 of 6 OK created sql table model logistics_mart.dim_drivers ................... [[32mCREATE TABLE (3.0 rows, 117.0 Bytes processed)[0m in 3.07s]
[2026-07-12T20:28:53.982+0000] {subprocess.py:93} INFO - [0m20:28:53  2 of 6 OK created sql table model logistics_mart.dim_hubs ...................... [[32mCREATE TABLE (3.0 rows, 176.0 Bytes processed)[0m in 3.79s]
[2026-07-12T20:28:54.094+0000] {subprocess.py:93} INFO - [0m20:28:54  5 of 6 OK created sql view model logistics_mart.stg_weather_consensus .......... [[32mCREATE VIEW (0 processed)[0m in 2.06s]
[2026-07-12T20:28:54.097+0000] {subprocess.py:93} INFO - [0m20:28:54  6 of 6 START sql table model logistics_mart.fact_shipment_weather .............. [RUN]
[2026-07-12T20:28:55.789+0000] {subprocess.py:93} INFO - [0m20:28:55  BigQuery adapter: https://console.cloud.google.com/bigquery?project=logistics-500519&j=bq:US:d21cd012-bc66-45a6-af44-3356e21251d8&page=queryresults
[2026-07-12T20:28:55.822+0000] {subprocess.py:93} INFO - [0m20:28:55  6 of 6 ERROR creating sql table model logistics_mart.fact_shipment_weather ..... [[31mERROR[0m in 1.72s]
[2026-07-12T20:28:55.863+0000] {subprocess.py:93} INFO - [0m20:28:55
[2026-07-12T20:28:55.864+0000] {subprocess.py:93} INFO - [0m20:28:55  Finished running 3 table models, 3 view models in 0 hours 0 minutes and 7.06 seconds (7.06s).
[2026-07-12T20:28:55.894+0000] {subprocess.py:93} INFO - [0m20:28:55
[2026-07-12T20:28:55.895+0000] {subprocess.py:93} INFO - [0m20:28:55  [31mCompleted with 1 error, 0 partial successes, and 0 warnings:[0m
[2026-07-12T20:28:55.895+0000] {subprocess.py:93} INFO - [0m20:28:55
[2026-07-12T20:28:55.896+0000] {subprocess.py:93} INFO - [0m20:28:55  [31mFailure in model fact_shipment_weather (models/mart/fact_shipment_weather.sql)[0m
[2026-07-12T20:28:55.896+0000] {subprocess.py:93} INFO - [0m20:28:55    Database Error in model fact_shipment_weather (models/mart/fact_shipment_weather.sql)
[2026-07-12T20:28:55.896+0000] {subprocess.py:93} INFO -   Name created_at not found inside s at [47:11]
[2026-07-12T20:28:55.896+0000] {subprocess.py:93} INFO -   compiled code at target/run/logistics_lakehouse/models/mart/fact_shipment_weather.sql
[2026-07-12T20:28:55.896+0000] {subprocess.py:93} INFO - [0m20:28:55
[2026-07-12T20:28:55.896+0000] {subprocess.py:93} INFO - [0m20:28:55    compiled code at target/compiled/logistics_lakehouse/models/mart/fact_shipment_weather.sql
[2026-07-12T20:28:55.897+0000] {subprocess.py:93} INFO - [0m20:28:55
[2026-07-12T20:28:55.897+0000] {subprocess.py:93} INFO - [0m20:28:55  Done. PASS=5 WARN=0 ERROR=1 SKIP=0 NO-OP=0 TOTAL=6
[2026-07-12T20:28:57.792+0000] {subprocess.py:97} INFO - Command exited with return code 1
[2026-07-12T20:28:57.794+0000] {taskinstance.py:441} INFO - ::group::Post task execution logs
[2026-07-12T20:28:57.812+0000] {taskinstance.py:2905} ERROR - Task failed with exception
Traceback (most recent call last):
  File "/home/airflow/.local/lib/python3.12/site-packages/airflow/models/taskinstance.py", line 465, in _execute_task
    result = _execute_callable(context=context, **execute_callable_kwargs)
             ^^^^^^^^^^^^^^^^^^^^^^^^^^^^^^^^^^^^^^^^^^^^^^^^^^^^^^^^^^^^^
  File "/home/airflow/.local/lib/python3.12/site-packages/airflow/models/taskinstance.py", line 432, in _execute_callable
    return execute_callable(context=context, **execute_callable_kwargs)
           ^^^^^^^^^^^^^^^^^^^^^^^^^^^^^^^^^^^^^^^^^^^^^^^^^^^^^^^^^^^^
  File "/home/airflow/.local/lib/python3.12/site-packages/airflow/models/baseoperator.py", line 400, in wrapper
    return func(self, *args, **kwargs)
           ^^^^^^^^^^^^^^^^^^^^^^^^^^^
  File "/home/airflow/.local/lib/python3.12/site-packages/airflow/operators/bash.py", line 243, in execute
    raise AirflowException(
airflow.exceptions.AirflowException: Bash command failed. The command returned a non-zero exit code 1.
[2026-07-12T20:28:57.817+0000] {taskinstance.py:1206} INFO - Marking task as UP_FOR_RETRY. dag_id=gold_dbt_dag, task_id=trigger_dbt_build, run_id=dataset_triggered__2026-07-12T20:28:44.991377+00:00, execution_date=20260712T202844, start_date=20260712T202845, end_date=20260712T202857
[2026-07-12T20:28:57.828+0000] {standard_task_runner.py:110} ERROR - Failed to execute job 247 for task trigger_dbt_build (Bash command failed. The command returned a non-zero exit code 1.; 44587)
[2026-07-12T20:28:57.850+0000] {local_task_job_runner.py:240} INFO - Task exited with return code 1
[2026-07-12T20:28:57.870+0000] {taskinstance.py:3498} INFO - 0 downstream tasks scheduled from follow-on schedule check
[2026-07-12T20:28:57.871+0000] {local_task_job_runner.py:222} INFO - ::endgroup::
