[2026-07-06T18:00:15.353+0000] {local_task_job_runner.py:120} INFO - ::group::Pre task execution logs
[2026-07-06T18:00:15.508+0000] {taskinstance.py:2076} INFO - Dependencies all met for dep_context=non-requeueable deps ti=<TaskInstance: silver_weather_dag.spark_weather_to_iceberg dataset_triggered__2026-07-06T18:00:13.137173+00:00 [queued]>
[2026-07-06T18:00:15.538+0000] {taskinstance.py:2076} INFO - Dependencies all met for dep_context=requeueable deps ti=<TaskInstance: silver_weather_dag.spark_weather_to_iceberg dataset_triggered__2026-07-06T18:00:13.137173+00:00 [queued]>
[2026-07-06T18:00:15.541+0000] {taskinstance.py:2306} INFO - Starting attempt 1 of 1
[2026-07-06T18:00:15.602+0000] {taskinstance.py:2330} INFO - Executing <Task(BashOperator): spark_weather_to_iceberg> on 2026-07-06 18:00:13.137173+00:00
[2026-07-06T18:00:15.676+0000] {standard_task_runner.py:90} INFO - Running: ['***', 'tasks', 'run', 'silver_weather_dag', 'spark_weather_to_iceberg', 'dataset_triggered__2026-07-06T18:00:13.137173+00:00', '--job-id', '844', '--raw', '--subdir', 'DAGS_FOLDER/dag_silver_weather.py', '--cfg-path', '/tmp/tmpk3xge14p']
[2026-07-06T18:00:15.706+0000] {logging_mixin.py:188} WARNING - /home/***/.local/lib/python3.12/site-packages/***/task/task_runner/standard_task_runner.py:61 DeprecationWarning: This process (pid=96678) is multi-threaded, use of fork() may lead to deadlocks in the child.
[2026-07-06T18:00:15.714+0000] {standard_task_runner.py:91} INFO - Job 844: Subtask spark_weather_to_iceberg
[2026-07-06T18:00:15.715+0000] {standard_task_runner.py:63} INFO - Started process 96692 to run task
[2026-07-06T18:00:16.021+0000] {task_command.py:426} INFO - Running <TaskInstance: silver_weather_dag.spark_weather_to_iceberg dataset_triggered__2026-07-06T18:00:13.137173+00:00 [running]> on host bd23e89d97be
[2026-07-06T18:00:16.427+0000] {taskinstance.py:2648} INFO - Exporting env vars: AIRFLOW_CTX_DAG_OWNER='data_engineer' AIRFLOW_CTX_DAG_ID='silver_weather_dag' AIRFLOW_CTX_TASK_ID='spark_weather_to_iceberg' AIRFLOW_CTX_EXECUTION_DATE='2026-07-06T18:00:13.137173+00:00' AIRFLOW_CTX_TRY_NUMBER='1' AIRFLOW_CTX_DAG_RUN_ID='dataset_triggered__2026-07-06T18:00:13.137173+00:00'
[2026-07-06T18:00:16.444+0000] {taskinstance.py:430} INFO - ::endgroup::
[2026-07-06T18:00:16.520+0000] {subprocess.py:63} INFO - Tmp dir root location: /tmp
[2026-07-06T18:00:16.526+0000] {subprocess.py:75} INFO - Running command: ['/usr/bin/bash', '-c', 'export JAVA_HOME=/usr/lib/jvm/default-java && python /opt/***/dags/spark/silver_weather.py "gs://your-lakehouse-bucket/bronze/weather/weather_forecast_latest.parquet" "weather_iceberg"']
[2026-07-06T18:00:16.599+0000] {subprocess.py:86} INFO - Output:
[2026-07-06T18:00:21.438+0000] {subprocess.py:93} INFO - WARNING: Using incubator modules: jdk.incubator.vector
[2026-07-06T18:00:28.121+0000] {subprocess.py:93} INFO - Using Spark's default log4j profile: org/apache/spark/log4j2-defaults.properties
[2026-07-06T18:00:28.132+0000] {subprocess.py:93} INFO - Setting default log level to "WARN".
[2026-07-06T18:00:28.133+0000] {subprocess.py:93} INFO - To adjust logging level use sc.setLogLevel(newLevel). For SparkR, use setLogLevel(newLevel).
[2026-07-06T18:00:32.200+0000] {subprocess.py:93} INFO - 26/07/06 18:00:32 WARN NativeCodeLoader: Unable to load native-hadoop library for your platform... using builtin-java classes where applicable
[2026-07-06T18:00:37.361+0000] {subprocess.py:93} INFO - 26/07/06 18:00:37 WARN Utils: Service 'SparkUI' could not bind on port 4040. Attempting port 4041.
[2026-07-06T18:02:27.542+0000] {subprocess.py:93} INFO - [Stage 0:>                                                         (0 + 0) / 12][Stage 0:>                                                         (0 + 1) / 12][Stage 0:>                                                        (0 + 12) / 12][Stage 0:===========================================>              (9 + 3) / 12][Stage 0:===============================================>         (10 + 2) / 12]                                                                                SUCCESS: Data written to /opt/***/lakehouse/silver/weather_iceberg
[2026-07-06T18:02:30.205+0000] {subprocess.py:97} INFO - Command exited with return code 0
[2026-07-06T18:02:30.231+0000] {taskinstance.py:441} INFO - ::group::Post task execution logs
[2026-07-06T18:02:30.524+0000] {logging_mixin.py:188} WARNING - /home/***/.local/lib/python3.12/site-packages/***/models/baseoperator.py:1564 RemovedInAirflow3Warning: Passing 'execution_date' to 'TaskInstance.xcom_push()' is deprecated.
[2026-07-06T18:02:30.615+0000] {taskinstance.py:1206} INFO - Marking task as SUCCESS. dag_id=silver_weather_dag, task_id=spark_weather_to_iceberg, run_id=dataset_triggered__2026-07-06T18:00:13.137173+00:00, execution_date=20260706T180013, start_date=20260706T180015, end_date=20260706T180230
[2026-07-06T18:02:30.890+0000] {local_task_job_runner.py:240} INFO - Task exited with return code 0
[2026-07-06T18:02:30.998+0000] {local_task_job_runner.py:222} INFO - ::endgroup::
