[2026-07-01T08:52:00.468+0000] {local_task_job_runner.py:120} INFO - ::group::Pre task execution logs
[2026-07-01T08:52:00.486+0000] {taskinstance.py:2076} INFO - Dependencies all met for dep_context=non-requeueable deps ti=<TaskInstance: gold_dbt_dag.trigger_dbt_build dataset_triggered__2026-07-01T08:51:59.961296+00:00 [queued]>
[2026-07-01T08:52:00.490+0000] {taskinstance.py:2076} INFO - Dependencies all met for dep_context=requeueable deps ti=<TaskInstance: gold_dbt_dag.trigger_dbt_build dataset_triggered__2026-07-01T08:51:59.961296+00:00 [queued]>
[2026-07-01T08:52:00.490+0000] {taskinstance.py:2306} INFO - Starting attempt 1 of 2
[2026-07-01T08:52:00.496+0000] {taskinstance.py:2330} INFO - Executing <Task(BashOperator): trigger_dbt_build> on 2026-07-01 08:51:59.961296+00:00
[2026-07-01T08:52:00.500+0000] {standard_task_runner.py:90} INFO - Running: ['***', 'tasks', 'run', 'gold_dbt_dag', 'trigger_dbt_build', 'dataset_triggered__2026-07-01T08:51:59.961296+00:00', '--job-id', '48', '--raw', '--subdir', 'DAGS_FOLDER/dag_gold_dbt.py', '--cfg-path', '/tmp/tmpcpr9mkwe']
[2026-07-01T08:52:00.502+0000] {standard_task_runner.py:91} INFO - Job 48: Subtask trigger_dbt_build
[2026-07-01T08:52:00.506+0000] {logging_mixin.py:188} WARNING - /home/***/.local/lib/python3.12/site-packages/***/task/task_runner/standard_task_runner.py:61 DeprecationWarning: This process (pid=9975) is multi-threaded, use of fork() may lead to deadlocks in the child.
[2026-07-01T08:52:00.506+0000] {standard_task_runner.py:63} INFO - Started process 9976 to run task
[2026-07-01T08:52:00.533+0000] {task_command.py:426} INFO - Running <TaskInstance: gold_dbt_dag.trigger_dbt_build dataset_triggered__2026-07-01T08:51:59.961296+00:00 [running]> on host bd23e89d97be
[2026-07-01T08:52:00.571+0000] {taskinstance.py:2648} INFO - Exporting env vars: AIRFLOW_CTX_DAG_OWNER='data_engineer' AIRFLOW_CTX_DAG_ID='gold_dbt_dag' AIRFLOW_CTX_TASK_ID='trigger_dbt_build' AIRFLOW_CTX_EXECUTION_DATE='2026-07-01T08:51:59.961296+00:00' AIRFLOW_CTX_TRY_NUMBER='1' AIRFLOW_CTX_DAG_RUN_ID='dataset_triggered__2026-07-01T08:51:59.961296+00:00'
[2026-07-01T08:52:00.571+0000] {taskinstance.py:430} INFO - ::endgroup::
[2026-07-01T08:52:00.579+0000] {subprocess.py:63} INFO - Tmp dir root location: /tmp
[2026-07-01T08:52:00.580+0000] {subprocess.py:75} INFO - Running command: ['/usr/bin/bash', '-c', 'cd /opt/***/dbt && dbt build --profiles-dir . --target dev']
[2026-07-01T08:52:00.585+0000] {subprocess.py:86} INFO - Output:
[2026-07-01T08:52:01.570+0000] {subprocess.py:93} INFO - [0m08:52:01  Running with dbt=1.11.11
[2026-07-01T08:52:02.163+0000] {subprocess.py:93} INFO - [0m08:52:02  Registered adapter: bigquery=1.11.3
[2026-07-01T08:52:02.371+0000] {subprocess.py:93} INFO - [0m08:52:02  Found 5 models, 4 sources, 553 macros
[2026-07-01T08:52:02.372+0000] {subprocess.py:93} INFO - [0m08:52:02
[2026-07-01T08:52:02.372+0000] {subprocess.py:93} INFO - [0m08:52:02  Concurrency: 4 threads (target='dev')
[2026-07-01T08:52:02.372+0000] {subprocess.py:93} INFO - [0m08:52:02
[2026-07-01T12:58:08.874+0000] {local_task_job_runner.py:310} WARNING - State of this instance has been externally set to up_for_retry. Terminating instance.
[2026-07-01T12:58:08.910+0000] {local_task_job_runner.py:222} INFO - ::endgroup::
[2026-07-01T12:58:08.915+0000] {process_utils.py:132} INFO - Sending 15 to group 9976. PIDs of all processes in the group: [9977, 9991, 9976]
[2026-07-01T12:58:08.916+0000] {process_utils.py:87} INFO - Sending the signal 15 to group 9976
[2026-07-01T12:58:08.929+0000] {taskinstance.py:2611} ERROR - Received SIGTERM. Terminating subprocesses.
[2026-07-01T12:58:08.995+0000] {subprocess.py:104} INFO - Sending SIGTERM signal to process group
[2026-07-01T12:58:09.004+0000] {taskinstance.py:441} INFO - ::group::Post task execution logs
[2026-07-01T12:58:09.152+0000] {taskinstance.py:2905} ERROR - Task failed with exception
Traceback (most recent call last):
  File "/home/airflow/.local/lib/python3.12/site-packages/airflow/models/taskinstance.py", line 465, in _execute_task
    result = _execute_callable(context=context, **execute_callable_kwargs)
             ^^^^^^^^^^^^^^^^^^^^^^^^^^^^^^^^^^^^^^^^^^^^^^^^^^^^^^^^^^^^^
  File "/home/airflow/.local/lib/python3.12/site-packages/airflow/models/taskinstance.py", line 432, in _execute_callable
    return execute_callable(context=context, **execute_callable_kwargs)
           ^^^^^^^^^^^^^^^^^^^^^^^^^^^^^^^^^^^^^^^^^^^^^^^^^^^^^^^^^^^^
  File "/home/airflow/.local/lib/python3.12/site-packages/airflow/models/baseoperator.py", line 400, in wrapper
    return func(self, *args, **kwargs)
           ^^^^^^^^^^^^^^^^^^^^^^^^^^^
  File "/home/airflow/.local/lib/python3.12/site-packages/airflow/operators/bash.py", line 234, in execute
    result = self.subprocess_hook.run_command(
             ^^^^^^^^^^^^^^^^^^^^^^^^^^^^^^^^^
  File "/home/airflow/.local/lib/python3.12/site-packages/airflow/hooks/subprocess.py", line 91, in run_command
    for raw_line in iter(self.sub_process.stdout.readline, b""):
  File "/home/airflow/.local/lib/python3.12/site-packages/airflow/models/taskinstance.py", line 2613, in signal_handler
    raise AirflowTaskTerminated("Task received SIGTERM signal")
airflow.exceptions.AirflowTaskTerminated: Task received SIGTERM signal
[2026-07-01T12:58:09.175+0000] {taskinstance.py:1206} INFO - Marking task as FAILED. dag_id=gold_dbt_dag, task_id=trigger_dbt_build, run_id=dataset_triggered__2026-07-01T08:51:59.961296+00:00, execution_date=20260701T085159, start_date=20260701T085200, end_date=20260701T125809
[2026-07-01T12:58:09.276+0000] {process_utils.py:80} INFO - Process psutil.Process(pid=9977, status='terminated', started='08:51:59') (9977) terminated with exit code None
[2026-07-01T12:58:09.277+0000] {process_utils.py:80} INFO - Process psutil.Process(pid=9991, status='terminated', started='08:52:01') (9991) terminated with exit code None
[2026-07-01T12:58:09.278+0000] {process_utils.py:80} INFO - Process psutil.Process(pid=9976, status='terminated', exitcode=2, started='08:51:59') (9976) terminated with exit code 2
