[2026-07-10T04:02:39.081+0000] {local_task_job_runner.py:120} INFO - ::group::Pre task execution logs
[2026-07-10T04:02:39.342+0000] {taskinstance.py:2076} INFO - Dependencies all met for dep_context=non-requeueable deps ti=<TaskInstance: gold_dbt_dag.trigger_dbt_build dataset_triggered__2026-07-10T04:00:17.295632+00:00 [queued]>
[2026-07-10T04:02:39.360+0000] {taskinstance.py:2076} INFO - Dependencies all met for dep_context=requeueable deps ti=<TaskInstance: gold_dbt_dag.trigger_dbt_build dataset_triggered__2026-07-10T04:00:17.295632+00:00 [queued]>
[2026-07-10T04:02:39.361+0000] {taskinstance.py:2306} INFO - Starting attempt 2 of 2
[2026-07-10T04:02:39.414+0000] {taskinstance.py:2330} INFO - Executing <Task(BashOperator): trigger_dbt_build> on 2026-07-10 04:00:17.295632+00:00
[2026-07-10T04:02:39.456+0000] {standard_task_runner.py:90} INFO - Running: ['***', 'tasks', 'run', 'gold_dbt_dag', 'trigger_dbt_build', 'dataset_triggered__2026-07-10T04:00:17.295632+00:00', '--job-id', '1408', '--raw', '--subdir', 'DAGS_FOLDER/dag_gold_dbt.py', '--cfg-path', '/tmp/tmpzvllzdw8']
[2026-07-10T04:02:39.467+0000] {standard_task_runner.py:91} INFO - Job 1408: Subtask trigger_dbt_build
[2026-07-10T04:02:39.492+0000] {logging_mixin.py:188} WARNING - /home/***/.local/lib/python3.12/site-packages/***/task/task_runner/standard_task_runner.py:61 DeprecationWarning: This process (pid=5246) is multi-threaded, use of fork() may lead to deadlocks in the child.
[2026-07-10T04:02:39.493+0000] {standard_task_runner.py:63} INFO - Started process 5259 to run task
[2026-07-10T04:02:39.764+0000] {task_command.py:426} INFO - Running <TaskInstance: gold_dbt_dag.trigger_dbt_build dataset_triggered__2026-07-10T04:00:17.295632+00:00 [running]> on host bd23e89d97be
[2026-07-10T04:02:40.068+0000] {taskinstance.py:2648} INFO - Exporting env vars: AIRFLOW_CTX_DAG_OWNER='data_engineer' AIRFLOW_CTX_DAG_ID='gold_dbt_dag' AIRFLOW_CTX_TASK_ID='trigger_dbt_build' AIRFLOW_CTX_EXECUTION_DATE='2026-07-10T04:00:17.295632+00:00' AIRFLOW_CTX_TRY_NUMBER='2' AIRFLOW_CTX_DAG_RUN_ID='dataset_triggered__2026-07-10T04:00:17.295632+00:00'
[2026-07-10T04:02:40.073+0000] {taskinstance.py:430} INFO - ::endgroup::
[2026-07-10T04:02:40.165+0000] {subprocess.py:63} INFO - Tmp dir root location: /tmp
[2026-07-10T04:02:40.183+0000] {subprocess.py:75} INFO - Running command: ['/usr/bin/bash', '-c', 'cd /opt/***/dbt && dbt build --profiles-dir . --target dev']
[2026-07-10T04:02:40.219+0000] {subprocess.py:86} INFO - Output:
[2026-07-10T04:02:43.215+0000] {subprocess.py:93} INFO - [0m04:02:43  Running with dbt=1.11.11
[2026-07-10T04:02:44.515+0000] {subprocess.py:93} INFO - [0m04:02:44  Registered adapter: bigquery=1.11.3
[2026-07-10T04:02:44.898+0000] {subprocess.py:93} INFO - [0m04:02:44  Found 6 models, 4 sources, 553 macros
[2026-07-10T04:02:44.900+0000] {subprocess.py:93} INFO - [0m04:02:44
[2026-07-10T04:02:44.901+0000] {subprocess.py:93} INFO - [0m04:02:44  Concurrency: 4 threads (target='dev')
[2026-07-10T04:02:44.901+0000] {subprocess.py:93} INFO - [0m04:02:44
[2026-07-10T04:02:46.678+0000] {subprocess.py:93} INFO - [0m04:02:46  1 of 6 START sql table model logistics_mart.dim_drivers ........................ [RUN]
[2026-07-10T04:02:46.681+0000] {subprocess.py:93} INFO - [0m04:02:46  2 of 6 START sql table model logistics_mart.dim_hubs ........................... [RUN]
[2026-07-10T04:02:46.682+0000] {subprocess.py:93} INFO - [0m04:02:46  3 of 6 START sql view model logistics_mart.stg_shipments ....................... [RUN]
[2026-07-10T04:02:46.688+0000] {subprocess.py:93} INFO - [0m04:02:46  4 of 6 START sql view model logistics_mart.stg_weather ......................... [RUN]
[2026-07-10T04:02:48.844+0000] {subprocess.py:93} INFO - [0m04:02:48  4 of 6 OK created sql view model logistics_mart.stg_weather .................... [[32mCREATE VIEW (0 processed)[0m in 2.15s]
[2026-07-10T04:02:48.847+0000] {subprocess.py:93} INFO - [0m04:02:48  5 of 6 START sql view model logistics_mart.stg_weather_consensus ............... [RUN]
[2026-07-10T04:02:48.923+0000] {subprocess.py:93} INFO - [0m04:02:48  3 of 6 OK created sql view model logistics_mart.stg_shipments .................. [[32mCREATE VIEW (0 processed)[0m in 2.23s]
[2026-07-10T04:02:50.199+0000] {subprocess.py:93} INFO - [0m04:02:50  BigQuery adapter: https://console.cloud.google.com/bigquery?project=logistics-500519&j=bq:US:832b7c6e-e009-430c-b45f-5b04ae76cfe6&page=queryresults
[2026-07-10T04:02:50.232+0000] {subprocess.py:93} INFO - [0m04:02:50  5 of 6 ERROR creating sql view model logistics_mart.stg_weather_consensus ...... [[31mERROR[0m in 1.38s]
[2026-07-10T04:02:51.893+0000] {subprocess.py:93} INFO - [0m04:02:51  2 of 6 OK created sql table model logistics_mart.dim_hubs ...................... [[32mCREATE TABLE (3.0 rows, 149.0 Bytes processed)[0m in 5.18s]
[2026-07-10T04:02:51.901+0000] {subprocess.py:93} INFO - [0m04:02:51  6 of 6 START sql table model logistics_mart.fact_shipment_weather .............. [RUN]
[2026-07-10T04:02:52.331+0000] {subprocess.py:93} INFO - [0m04:02:52  1 of 6 OK created sql table model logistics_mart.dim_drivers ................... [[32mCREATE TABLE (3.0 rows, 108.0 Bytes processed)[0m in 5.64s]
[2026-07-10T04:02:58.245+0000] {subprocess.py:93} INFO - [0m04:02:58  6 of 6 OK created sql table model logistics_mart.fact_shipment_weather ......... [[32mCREATE TABLE (1.6k rows, 103.6 KiB processed)[0m in 6.34s]
[2026-07-10T04:02:58.298+0000] {subprocess.py:93} INFO - [0m04:02:58
[2026-07-10T04:02:58.300+0000] {subprocess.py:93} INFO - [0m04:02:58  Finished running 3 table models, 3 view models in 0 hours 0 minutes and 13.40 seconds (13.40s).
[2026-07-10T04:02:58.389+0000] {subprocess.py:93} INFO - [0m04:02:58
[2026-07-10T04:02:58.391+0000] {subprocess.py:93} INFO - [0m04:02:58  [31mCompleted with 1 error, 0 partial successes, and 0 warnings:[0m
[2026-07-10T04:02:58.393+0000] {subprocess.py:93} INFO - [0m04:02:58
[2026-07-10T04:02:58.397+0000] {subprocess.py:93} INFO - [0m04:02:58  [31mFailure in model stg_weather_consensus (models/staging/stg_weather_consensus.sql)[0m
[2026-07-10T04:02:58.397+0000] {subprocess.py:93} INFO - [0m04:02:58    Database Error in model stg_weather_consensus (models/staging/stg_weather_consensus.sql)
[2026-07-10T04:02:58.397+0000] {subprocess.py:93} INFO -   Unrecognized name: fetched_at at [11:11]
[2026-07-10T04:02:58.398+0000] {subprocess.py:93} INFO -   compiled code at target/run/logistics_lakehouse/models/staging/stg_weather_consensus.sql
[2026-07-10T04:02:58.398+0000] {subprocess.py:93} INFO - [0m04:02:58
[2026-07-10T04:02:58.399+0000] {subprocess.py:93} INFO - [0m04:02:58    compiled code at target/compiled/logistics_lakehouse/models/staging/stg_weather_consensus.sql
[2026-07-10T04:02:58.399+0000] {subprocess.py:93} INFO - [0m04:02:58
[2026-07-10T04:02:58.399+0000] {subprocess.py:93} INFO - [0m04:02:58  Done. PASS=5 WARN=0 ERROR=1 SKIP=0 NO-OP=0 TOTAL=6
[2026-07-10T04:03:01.765+0000] {subprocess.py:97} INFO - Command exited with return code 1
[2026-07-10T04:03:01.792+0000] {taskinstance.py:441} INFO - ::group::Post task execution logs
[2026-07-10T04:03:01.932+0000] {taskinstance.py:2905} ERROR - Task failed with exception
Traceback (most recent call last):
  File "/home/airflow/.local/lib/python3.12/site-packages/airflow/models/taskinstance.py", line 465, in _execute_task
    result = _execute_callable(context=context, **execute_callable_kwargs)
             ^^^^^^^^^^^^^^^^^^^^^^^^^^^^^^^^^^^^^^^^^^^^^^^^^^^^^^^^^^^^^
  File "/home/airflow/.local/lib/python3.12/site-packages/airflow/models/taskinstance.py", line 432, in _execute_callable
    return execute_callable(context=context, **execute_callable_kwargs)
           ^^^^^^^^^^^^^^^^^^^^^^^^^^^^^^^^^^^^^^^^^^^^^^^^^^^^^^^^^^^^
  File "/home/airflow/.local/lib/python3.12/site-packages/airflow/models/baseoperator.py", line 400, in wrapper
    return func(self, *args, **kwargs)
           ^^^^^^^^^^^^^^^^^^^^^^^^^^^
  File "/home/airflow/.local/lib/python3.12/site-packages/airflow/operators/bash.py", line 243, in execute
    raise AirflowException(
airflow.exceptions.AirflowException: Bash command failed. The command returned a non-zero exit code 1.
[2026-07-10T04:03:01.966+0000] {taskinstance.py:1206} INFO - Marking task as FAILED. dag_id=gold_dbt_dag, task_id=trigger_dbt_build, run_id=dataset_triggered__2026-07-10T04:00:17.295632+00:00, execution_date=20260710T040017, start_date=20260710T040239, end_date=20260710T040301
[2026-07-10T04:03:02.020+0000] {standard_task_runner.py:110} ERROR - Failed to execute job 1408 for task trigger_dbt_build (Bash command failed. The command returned a non-zero exit code 1.; 5259)
[2026-07-10T04:03:02.067+0000] {local_task_job_runner.py:240} INFO - Task exited with return code 1
[2026-07-10T04:03:02.136+0000] {taskinstance.py:3498} INFO - 0 downstream tasks scheduled from follow-on schedule check
[2026-07-10T04:03:02.138+0000] {local_task_job_runner.py:222} INFO - ::endgroup::
