[2026-07-10T22:13:24.688+0000] {local_task_job_runner.py:120} INFO - ::group::Pre task execution logs
[2026-07-10T22:13:24.716+0000] {taskinstance.py:2076} INFO - Dependencies all met for dep_context=non-requeueable deps ti=<TaskInstance: gold_dbt_dag.trigger_dbt_build dataset_triggered__2026-07-10T21:03:26.082063+00:00 [queued]>
[2026-07-10T22:13:24.721+0000] {taskinstance.py:2076} INFO - Dependencies all met for dep_context=requeueable deps ti=<TaskInstance: gold_dbt_dag.trigger_dbt_build dataset_triggered__2026-07-10T21:03:26.082063+00:00 [queued]>
[2026-07-10T22:13:24.722+0000] {taskinstance.py:2306} INFO - Starting attempt 2 of 2
[2026-07-10T22:13:24.729+0000] {taskinstance.py:2330} INFO - Executing <Task(BashOperator): trigger_dbt_build> on 2026-07-10 21:03:26.082063+00:00
[2026-07-10T22:13:24.734+0000] {standard_task_runner.py:90} INFO - Running: ['***', 'tasks', 'run', 'gold_dbt_dag', 'trigger_dbt_build', 'dataset_triggered__2026-07-10T21:03:26.082063+00:00', '--job-id', '1527', '--raw', '--subdir', 'DAGS_FOLDER/dag_gold_dbt.py', '--cfg-path', '/tmp/tmpdauza2s4']
[2026-07-10T22:13:24.740+0000] {standard_task_runner.py:91} INFO - Job 1527: Subtask trigger_dbt_build
[2026-07-10T22:13:24.743+0000] {logging_mixin.py:188} WARNING - /home/***/.local/lib/python3.12/site-packages/***/task/task_runner/standard_task_runner.py:61 DeprecationWarning: This process (pid=48866) is multi-threaded, use of fork() may lead to deadlocks in the child.
[2026-07-10T22:13:24.743+0000] {standard_task_runner.py:63} INFO - Started process 48881 to run task
[2026-07-10T22:13:24.763+0000] {task_command.py:426} INFO - Running <TaskInstance: gold_dbt_dag.trigger_dbt_build dataset_triggered__2026-07-10T21:03:26.082063+00:00 [running]> on host bd23e89d97be
[2026-07-10T22:13:24.808+0000] {taskinstance.py:2648} INFO - Exporting env vars: AIRFLOW_CTX_DAG_OWNER='data_engineer' AIRFLOW_CTX_DAG_ID='gold_dbt_dag' AIRFLOW_CTX_TASK_ID='trigger_dbt_build' AIRFLOW_CTX_EXECUTION_DATE='2026-07-10T21:03:26.082063+00:00' AIRFLOW_CTX_TRY_NUMBER='2' AIRFLOW_CTX_DAG_RUN_ID='dataset_triggered__2026-07-10T21:03:26.082063+00:00'
[2026-07-10T22:13:24.809+0000] {taskinstance.py:430} INFO - ::endgroup::
[2026-07-10T22:13:24.820+0000] {subprocess.py:63} INFO - Tmp dir root location: /tmp
[2026-07-10T22:13:24.822+0000] {subprocess.py:75} INFO - Running command: ['/usr/bin/bash', '-c', 'cd /opt/***/dbt && dbt build --profiles-dir . --target dev']
[2026-07-10T22:13:24.828+0000] {subprocess.py:86} INFO - Output:
[2026-07-10T22:13:25.973+0000] {subprocess.py:93} INFO - [0m22:13:25  Running with dbt=1.11.11
[2026-07-10T22:13:26.653+0000] {subprocess.py:93} INFO - [0m22:13:26  Registered adapter: bigquery=1.11.3
[2026-07-10T22:13:26.968+0000] {subprocess.py:93} INFO - [0m22:13:26  Found 6 models, 4 sources, 553 macros
[2026-07-10T22:13:26.969+0000] {subprocess.py:93} INFO - [0m22:13:26
[2026-07-10T22:13:26.969+0000] {subprocess.py:93} INFO - [0m22:13:26  Concurrency: 4 threads (target='dev')
[2026-07-10T22:13:26.970+0000] {subprocess.py:93} INFO - [0m22:13:26
[2026-07-10T22:13:28.772+0000] {subprocess.py:93} INFO - [0m22:13:28  1 of 6 START sql table model logistics_mart.dim_drivers ........................ [RUN]
[2026-07-10T22:13:28.772+0000] {subprocess.py:93} INFO - [0m22:13:28  2 of 6 START sql table model logistics_mart.dim_hubs ........................... [RUN]
[2026-07-10T22:13:28.772+0000] {subprocess.py:93} INFO - [0m22:13:28  3 of 6 START sql view model logistics_mart.stg_shipments ....................... [RUN]
[2026-07-10T22:13:28.773+0000] {subprocess.py:93} INFO - [0m22:13:28  4 of 6 START sql view model logistics_mart.stg_weather ......................... [RUN]
[2026-07-10T22:13:30.766+0000] {subprocess.py:93} INFO - [0m22:13:30  3 of 6 OK created sql view model logistics_mart.stg_shipments .................. [[32mCREATE VIEW (0 processed)[0m in 1.99s]
[2026-07-10T22:13:30.770+0000] {subprocess.py:93} INFO - [0m22:13:30  5 of 6 START sql view model logistics_mart.stg_weather_consensus ............... [RUN]
[2026-07-10T22:13:30.781+0000] {subprocess.py:93} INFO - [0m22:13:30  4 of 6 OK created sql view model logistics_mart.stg_weather .................... [[32mCREATE VIEW (0 processed)[0m in 2.01s]
[2026-07-10T22:13:32.000+0000] {subprocess.py:93} INFO - [0m22:13:31  BigQuery adapter: https://console.cloud.google.com/bigquery?project=logistics-500519&j=bq:US:5595520a-aee6-4cf6-b664-6e32b88a5bb6&page=queryresults
[2026-07-10T22:13:32.046+0000] {subprocess.py:93} INFO - [0m22:13:32  5 of 6 ERROR creating sql view model logistics_mart.stg_weather_consensus ...... [[31mERROR[0m in 1.27s]
[2026-07-10T22:13:32.218+0000] {subprocess.py:93} INFO - [0m22:13:32  2 of 6 OK created sql table model logistics_mart.dim_hubs ...................... [[32mCREATE TABLE (3.0 rows, 149.0 Bytes processed)[0m in 3.43s]
[2026-07-10T22:13:32.254+0000] {subprocess.py:93} INFO - [0m22:13:32  6 of 6 START sql table model logistics_mart.fact_shipment_weather .............. [RUN]
[2026-07-10T22:13:32.569+0000] {subprocess.py:93} INFO - [0m22:13:32  1 of 6 OK created sql table model logistics_mart.dim_drivers ................... [[32mCREATE TABLE (3.0 rows, 108.0 Bytes processed)[0m in 3.79s]
[2026-07-10T22:13:35.955+0000] {subprocess.py:93} INFO - [0m22:13:35  6 of 6 OK created sql table model logistics_mart.fact_shipment_weather ......... [[32mCREATE TABLE (1.8k rows, 112.1 KiB processed)[0m in 3.69s]
[2026-07-10T22:13:35.990+0000] {subprocess.py:93} INFO - [0m22:13:35
[2026-07-10T22:13:35.990+0000] {subprocess.py:93} INFO - [0m22:13:35  Finished running 3 table models, 3 view models in 0 hours 0 minutes and 9.02 seconds (9.02s).
[2026-07-10T22:13:36.030+0000] {subprocess.py:93} INFO - [0m22:13:36
[2026-07-10T22:13:36.030+0000] {subprocess.py:93} INFO - [0m22:13:36  [31mCompleted with 1 error, 0 partial successes, and 0 warnings:[0m
[2026-07-10T22:13:36.031+0000] {subprocess.py:93} INFO - [0m22:13:36
[2026-07-10T22:13:36.031+0000] {subprocess.py:93} INFO - [0m22:13:36  [31mFailure in model stg_weather_consensus (models/staging/stg_weather_consensus.sql)[0m
[2026-07-10T22:13:36.031+0000] {subprocess.py:93} INFO - [0m22:13:36    Database Error in model stg_weather_consensus (models/staging/stg_weather_consensus.sql)
[2026-07-10T22:13:36.031+0000] {subprocess.py:93} INFO -   Unrecognized name: fetched_at at [11:11]
[2026-07-10T22:13:36.031+0000] {subprocess.py:93} INFO -   compiled code at target/run/logistics_lakehouse/models/staging/stg_weather_consensus.sql
[2026-07-10T22:13:36.032+0000] {subprocess.py:93} INFO - [0m22:13:36
[2026-07-10T22:13:36.032+0000] {subprocess.py:93} INFO - [0m22:13:36    compiled code at target/compiled/logistics_lakehouse/models/staging/stg_weather_consensus.sql
[2026-07-10T22:13:36.032+0000] {subprocess.py:93} INFO - [0m22:13:36
[2026-07-10T22:13:36.033+0000] {subprocess.py:93} INFO - [0m22:13:36  Done. PASS=5 WARN=0 ERROR=1 SKIP=0 NO-OP=0 TOTAL=6
[2026-07-10T22:13:38.050+0000] {subprocess.py:97} INFO - Command exited with return code 1
[2026-07-10T22:13:38.051+0000] {taskinstance.py:441} INFO - ::group::Post task execution logs
[2026-07-10T22:13:38.065+0000] {taskinstance.py:2905} ERROR - Task failed with exception
Traceback (most recent call last):
  File "/home/airflow/.local/lib/python3.12/site-packages/airflow/models/taskinstance.py", line 465, in _execute_task
    result = _execute_callable(context=context, **execute_callable_kwargs)
             ^^^^^^^^^^^^^^^^^^^^^^^^^^^^^^^^^^^^^^^^^^^^^^^^^^^^^^^^^^^^^
  File "/home/airflow/.local/lib/python3.12/site-packages/airflow/models/taskinstance.py", line 432, in _execute_callable
    return execute_callable(context=context, **execute_callable_kwargs)
           ^^^^^^^^^^^^^^^^^^^^^^^^^^^^^^^^^^^^^^^^^^^^^^^^^^^^^^^^^^^^
  File "/home/airflow/.local/lib/python3.12/site-packages/airflow/models/baseoperator.py", line 400, in wrapper
    return func(self, *args, **kwargs)
           ^^^^^^^^^^^^^^^^^^^^^^^^^^^
  File "/home/airflow/.local/lib/python3.12/site-packages/airflow/operators/bash.py", line 243, in execute
    raise AirflowException(
airflow.exceptions.AirflowException: Bash command failed. The command returned a non-zero exit code 1.
[2026-07-10T22:13:38.070+0000] {taskinstance.py:1206} INFO - Marking task as FAILED. dag_id=gold_dbt_dag, task_id=trigger_dbt_build, run_id=dataset_triggered__2026-07-10T21:03:26.082063+00:00, execution_date=20260710T210326, start_date=20260710T221324, end_date=20260710T221338
[2026-07-10T22:13:38.078+0000] {standard_task_runner.py:110} ERROR - Failed to execute job 1527 for task trigger_dbt_build (Bash command failed. The command returned a non-zero exit code 1.; 48881)
[2026-07-10T22:13:38.098+0000] {local_task_job_runner.py:240} INFO - Task exited with return code 1
[2026-07-10T22:13:38.116+0000] {taskinstance.py:3498} INFO - 0 downstream tasks scheduled from follow-on schedule check
[2026-07-10T22:13:38.117+0000] {local_task_job_runner.py:222} INFO - ::endgroup::
