[2026-07-09T19:06:10.076+0000] {local_task_job_runner.py:120} INFO - ::group::Pre task execution logs
[2026-07-09T19:06:10.101+0000] {taskinstance.py:2076} INFO - Dependencies all met for dep_context=non-requeueable deps ti=<TaskInstance: gold_dbt_dag.trigger_dbt_build dataset_triggered__2026-07-09T19:06:09.569483+00:00 [queued]>
[2026-07-09T19:06:10.104+0000] {taskinstance.py:2076} INFO - Dependencies all met for dep_context=requeueable deps ti=<TaskInstance: gold_dbt_dag.trigger_dbt_build dataset_triggered__2026-07-09T19:06:09.569483+00:00 [queued]>
[2026-07-09T19:06:10.104+0000] {taskinstance.py:2306} INFO - Starting attempt 1 of 2
[2026-07-09T19:06:10.109+0000] {taskinstance.py:2330} INFO - Executing <Task(BashOperator): trigger_dbt_build> on 2026-07-09 19:06:09.569483+00:00
[2026-07-09T19:06:10.112+0000] {standard_task_runner.py:90} INFO - Running: ['***', 'tasks', 'run', 'gold_dbt_dag', 'trigger_dbt_build', 'dataset_triggered__2026-07-09T19:06:09.569483+00:00', '--job-id', '1345', '--raw', '--subdir', 'DAGS_FOLDER/dag_gold_dbt.py', '--cfg-path', '/tmp/tmpitv62btv']
[2026-07-09T19:06:10.114+0000] {logging_mixin.py:188} WARNING - /home/***/.local/lib/python3.12/site-packages/***/task/task_runner/standard_task_runner.py:61 DeprecationWarning: This process (pid=86577) is multi-threaded, use of fork() may lead to deadlocks in the child.
[2026-07-09T19:06:10.114+0000] {standard_task_runner.py:91} INFO - Job 1345: Subtask trigger_dbt_build
[2026-07-09T19:06:10.114+0000] {standard_task_runner.py:63} INFO - Started process 86578 to run task
[2026-07-09T19:06:10.142+0000] {task_command.py:426} INFO - Running <TaskInstance: gold_dbt_dag.trigger_dbt_build dataset_triggered__2026-07-09T19:06:09.569483+00:00 [running]> on host bd23e89d97be
[2026-07-09T19:06:10.174+0000] {taskinstance.py:2648} INFO - Exporting env vars: AIRFLOW_CTX_DAG_OWNER='data_engineer' AIRFLOW_CTX_DAG_ID='gold_dbt_dag' AIRFLOW_CTX_TASK_ID='trigger_dbt_build' AIRFLOW_CTX_EXECUTION_DATE='2026-07-09T19:06:09.569483+00:00' AIRFLOW_CTX_TRY_NUMBER='1' AIRFLOW_CTX_DAG_RUN_ID='dataset_triggered__2026-07-09T19:06:09.569483+00:00'
[2026-07-09T19:06:10.174+0000] {taskinstance.py:430} INFO - ::endgroup::
[2026-07-09T19:06:10.181+0000] {subprocess.py:63} INFO - Tmp dir root location: /tmp
[2026-07-09T19:06:10.181+0000] {subprocess.py:75} INFO - Running command: ['/usr/bin/bash', '-c', 'cd /opt/***/dbt && dbt build --profiles-dir . --target dev']
[2026-07-09T19:06:10.185+0000] {subprocess.py:86} INFO - Output:
[2026-07-09T19:06:11.161+0000] {subprocess.py:93} INFO - [0m19:06:11  Running with dbt=1.11.11
[2026-07-09T19:06:11.649+0000] {subprocess.py:93} INFO - [0m19:06:11  Registered adapter: bigquery=1.11.3
[2026-07-09T19:06:11.861+0000] {subprocess.py:93} INFO - [0m19:06:11  Found 6 models, 4 sources, 553 macros
[2026-07-09T19:06:11.862+0000] {subprocess.py:93} INFO - [0m19:06:11
[2026-07-09T19:06:11.863+0000] {subprocess.py:93} INFO - [0m19:06:11  Concurrency: 4 threads (target='dev')
[2026-07-09T19:06:11.863+0000] {subprocess.py:93} INFO - [0m19:06:11
[2026-07-09T19:06:13.344+0000] {subprocess.py:93} INFO - [0m19:06:13  1 of 6 START sql table model logistics_mart.dim_drivers ........................ [RUN]
[2026-07-09T19:06:13.345+0000] {subprocess.py:93} INFO - [0m19:06:13  2 of 6 START sql table model logistics_mart.dim_hubs ........................... [RUN]
[2026-07-09T19:06:13.345+0000] {subprocess.py:93} INFO - [0m19:06:13  3 of 6 START sql view model logistics_mart.stg_shipments ....................... [RUN]
[2026-07-09T19:06:13.346+0000] {subprocess.py:93} INFO - [0m19:06:13  4 of 6 START sql view model logistics_mart.stg_weather ......................... [RUN]
[2026-07-09T19:06:15.560+0000] {subprocess.py:93} INFO - [0m19:06:15  4 of 6 OK created sql view model logistics_mart.stg_weather .................... [[32mCREATE VIEW (0 processed)[0m in 2.20s]
[2026-07-09T19:06:15.568+0000] {subprocess.py:93} INFO - [0m19:06:15  5 of 6 START sql view model logistics_mart.stg_weather_consensus ............... [RUN]
[2026-07-09T19:06:15.978+0000] {subprocess.py:93} INFO - [0m19:06:15  3 of 6 OK created sql view model logistics_mart.stg_shipments .................. [[32mCREATE VIEW (0 processed)[0m in 2.63s]
[2026-07-09T19:06:17.313+0000] {subprocess.py:93} INFO - [0m19:06:17  1 of 6 OK created sql table model logistics_mart.dim_drivers ................... [[32mCREATE TABLE (3.0 rows, 108.0 Bytes processed)[0m in 3.96s]
[2026-07-09T19:06:17.322+0000] {subprocess.py:93} INFO - [0m19:06:17  BigQuery adapter: https://console.cloud.google.com/bigquery?project=logistics-500519&j=bq:US:7cc1a9c2-3461-42a0-941a-0dacf2fec4bc&page=queryresults
[2026-07-09T19:06:17.336+0000] {subprocess.py:93} INFO - [0m19:06:17  5 of 6 ERROR creating sql view model logistics_mart.stg_weather_consensus ...... [[31mERROR[0m in 1.77s]
[2026-07-09T19:06:17.529+0000] {subprocess.py:93} INFO - [0m19:06:17  2 of 6 OK created sql table model logistics_mart.dim_hubs ...................... [[32mCREATE TABLE (3.0 rows, 149.0 Bytes processed)[0m in 4.18s]
[2026-07-09T19:06:17.534+0000] {subprocess.py:93} INFO - [0m19:06:17  6 of 6 START sql table model logistics_mart.fact_shipment_weather .............. [RUN]
[2026-07-09T19:06:21.216+0000] {subprocess.py:93} INFO - [0m19:06:21  6 of 6 OK created sql table model logistics_mart.fact_shipment_weather ......... [[32mCREATE TABLE (1.6k rows, 99.1 KiB processed)[0m in 3.68s]
[2026-07-09T19:06:21.255+0000] {subprocess.py:93} INFO - [0m19:06:21
[2026-07-09T19:06:21.256+0000] {subprocess.py:93} INFO - [0m19:06:21  Finished running 3 table models, 3 view models in 0 hours 0 minutes and 9.39 seconds (9.39s).
[2026-07-09T19:06:21.306+0000] {subprocess.py:93} INFO - [0m19:06:21
[2026-07-09T19:06:21.306+0000] {subprocess.py:93} INFO - [0m19:06:21  [31mCompleted with 1 error, 0 partial successes, and 0 warnings:[0m
[2026-07-09T19:06:21.307+0000] {subprocess.py:93} INFO - [0m19:06:21
[2026-07-09T19:06:21.308+0000] {subprocess.py:93} INFO - [0m19:06:21  [31mFailure in model stg_weather_consensus (models/staging/stg_weather_consensus.sql)[0m
[2026-07-09T19:06:21.308+0000] {subprocess.py:93} INFO - [0m19:06:21    Database Error in model stg_weather_consensus (models/staging/stg_weather_consensus.sql)
[2026-07-09T19:06:21.309+0000] {subprocess.py:93} INFO -   Unrecognized name: fetched_at at [11:11]
[2026-07-09T19:06:21.309+0000] {subprocess.py:93} INFO -   compiled code at target/run/logistics_lakehouse/models/staging/stg_weather_consensus.sql
[2026-07-09T19:06:21.309+0000] {subprocess.py:93} INFO - [0m19:06:21
[2026-07-09T19:06:21.309+0000] {subprocess.py:93} INFO - [0m19:06:21    compiled code at target/compiled/logistics_lakehouse/models/staging/stg_weather_consensus.sql
[2026-07-09T19:06:21.309+0000] {subprocess.py:93} INFO - [0m19:06:21
[2026-07-09T19:06:21.309+0000] {subprocess.py:93} INFO - [0m19:06:21  Done. PASS=5 WARN=0 ERROR=1 SKIP=0 NO-OP=0 TOTAL=6
[2026-07-09T19:06:23.517+0000] {subprocess.py:97} INFO - Command exited with return code 1
[2026-07-09T19:06:23.522+0000] {taskinstance.py:441} INFO - ::group::Post task execution logs
[2026-07-09T19:06:23.541+0000] {taskinstance.py:2905} ERROR - Task failed with exception
Traceback (most recent call last):
  File "/home/airflow/.local/lib/python3.12/site-packages/airflow/models/taskinstance.py", line 465, in _execute_task
    result = _execute_callable(context=context, **execute_callable_kwargs)
             ^^^^^^^^^^^^^^^^^^^^^^^^^^^^^^^^^^^^^^^^^^^^^^^^^^^^^^^^^^^^^
  File "/home/airflow/.local/lib/python3.12/site-packages/airflow/models/taskinstance.py", line 432, in _execute_callable
    return execute_callable(context=context, **execute_callable_kwargs)
           ^^^^^^^^^^^^^^^^^^^^^^^^^^^^^^^^^^^^^^^^^^^^^^^^^^^^^^^^^^^^
  File "/home/airflow/.local/lib/python3.12/site-packages/airflow/models/baseoperator.py", line 400, in wrapper
    return func(self, *args, **kwargs)
           ^^^^^^^^^^^^^^^^^^^^^^^^^^^
  File "/home/airflow/.local/lib/python3.12/site-packages/airflow/operators/bash.py", line 243, in execute
    raise AirflowException(
airflow.exceptions.AirflowException: Bash command failed. The command returned a non-zero exit code 1.
[2026-07-09T19:06:23.548+0000] {taskinstance.py:1206} INFO - Marking task as UP_FOR_RETRY. dag_id=gold_dbt_dag, task_id=trigger_dbt_build, run_id=dataset_triggered__2026-07-09T19:06:09.569483+00:00, execution_date=20260709T190609, start_date=20260709T190610, end_date=20260709T190623
[2026-07-09T19:06:23.569+0000] {standard_task_runner.py:110} ERROR - Failed to execute job 1345 for task trigger_dbt_build (Bash command failed. The command returned a non-zero exit code 1.; 86578)
[2026-07-09T19:06:23.607+0000] {local_task_job_runner.py:240} INFO - Task exited with return code 1
[2026-07-09T19:06:23.632+0000] {taskinstance.py:3498} INFO - 0 downstream tasks scheduled from follow-on schedule check
[2026-07-09T19:06:23.633+0000] {local_task_job_runner.py:222} INFO - ::endgroup::
