[2026-07-12T18:53:03.958+0000] {local_task_job_runner.py:120} INFO - ::group::Pre task execution logs
[2026-07-12T18:53:03.998+0000] {taskinstance.py:2076} INFO - Dependencies all met for dep_context=non-requeueable deps ti=<TaskInstance: gold_dbt_dag.trigger_dbt_build manual__2026-07-12T18:50:47.661620+00:00 [queued]>
[2026-07-12T18:53:04.003+0000] {taskinstance.py:2076} INFO - Dependencies all met for dep_context=requeueable deps ti=<TaskInstance: gold_dbt_dag.trigger_dbt_build manual__2026-07-12T18:50:47.661620+00:00 [queued]>
[2026-07-12T18:53:04.003+0000] {taskinstance.py:2306} INFO - Starting attempt 2 of 2
[2026-07-12T18:53:04.011+0000] {taskinstance.py:2330} INFO - Executing <Task(BashOperator): trigger_dbt_build> on 2026-07-12 18:50:47.661620+00:00
[2026-07-12T18:53:04.025+0000] {standard_task_runner.py:90} INFO - Running: ['***', 'tasks', 'run', 'gold_dbt_dag', 'trigger_dbt_build', 'manual__2026-07-12T18:50:47.661620+00:00', '--job-id', '202', '--raw', '--subdir', 'DAGS_FOLDER/dag_gold_dbt.py', '--cfg-path', '/tmp/tmp5kvj0o9w']
[2026-07-12T18:53:04.028+0000] {standard_task_runner.py:91} INFO - Job 202: Subtask trigger_dbt_build
[2026-07-12T18:53:04.030+0000] {logging_mixin.py:188} WARNING - /home/***/.local/lib/python3.12/site-packages/***/task/task_runner/standard_task_runner.py:61 DeprecationWarning: This process (pid=35013) is multi-threaded, use of fork() may lead to deadlocks in the child.
[2026-07-12T18:53:04.031+0000] {standard_task_runner.py:63} INFO - Started process 35014 to run task
[2026-07-12T18:53:04.090+0000] {task_command.py:426} INFO - Running <TaskInstance: gold_dbt_dag.trigger_dbt_build manual__2026-07-12T18:50:47.661620+00:00 [running]> on host ad4e12f53b08
[2026-07-12T18:53:04.158+0000] {taskinstance.py:2648} INFO - Exporting env vars: AIRFLOW_CTX_DAG_OWNER='data_engineer' AIRFLOW_CTX_DAG_ID='gold_dbt_dag' AIRFLOW_CTX_TASK_ID='trigger_dbt_build' AIRFLOW_CTX_EXECUTION_DATE='2026-07-12T18:50:47.661620+00:00' AIRFLOW_CTX_TRY_NUMBER='2' AIRFLOW_CTX_DAG_RUN_ID='manual__2026-07-12T18:50:47.661620+00:00'
[2026-07-12T18:53:04.159+0000] {taskinstance.py:430} INFO - ::endgroup::
[2026-07-12T18:53:04.170+0000] {subprocess.py:63} INFO - Tmp dir root location: /tmp
[2026-07-12T18:53:04.172+0000] {subprocess.py:75} INFO - Running command: ['/usr/bin/bash', '-c', 'cd /opt/***/dbt && dbt build --profiles-dir . --target dev']
[2026-07-12T18:53:04.178+0000] {subprocess.py:86} INFO - Output:
[2026-07-12T18:53:05.599+0000] {subprocess.py:93} INFO - [0m18:53:05  Running with dbt=1.11.11
[2026-07-12T18:53:06.327+0000] {subprocess.py:93} INFO - [0m18:53:06  Registered adapter: bigquery=1.11.3
[2026-07-12T18:53:06.608+0000] {subprocess.py:93} INFO - [0m18:53:06  Found 6 models, 4 sources, 553 macros
[2026-07-12T18:53:06.609+0000] {subprocess.py:93} INFO - [0m18:53:06
[2026-07-12T18:53:06.610+0000] {subprocess.py:93} INFO - [0m18:53:06  Concurrency: 4 threads (target='dev')
[2026-07-12T18:53:06.610+0000] {subprocess.py:93} INFO - [0m18:53:06
[2026-07-12T18:53:08.182+0000] {subprocess.py:93} INFO - [0m18:53:08  1 of 6 START sql table model logistics_mart.dim_drivers ........................ [RUN]
[2026-07-12T18:53:08.184+0000] {subprocess.py:93} INFO - [0m18:53:08  2 of 6 START sql table model logistics_mart.dim_hubs ........................... [RUN]
[2026-07-12T18:53:08.184+0000] {subprocess.py:93} INFO - [0m18:53:08  3 of 6 START sql view model logistics_mart.stg_shipments ....................... [RUN]
[2026-07-12T18:53:08.185+0000] {subprocess.py:93} INFO - [0m18:53:08  4 of 6 START sql view model logistics_mart.stg_weather ......................... [RUN]
[2026-07-12T18:53:10.145+0000] {subprocess.py:93} INFO - [0m18:53:10  3 of 6 OK created sql view model logistics_mart.stg_shipments .................. [[32mCREATE VIEW (0 processed)[0m in 1.95s]
[2026-07-12T18:53:10.147+0000] {subprocess.py:93} INFO - [0m18:53:10  4 of 6 OK created sql view model logistics_mart.stg_weather .................... [[32mCREATE VIEW (0 processed)[0m in 1.96s]
[2026-07-12T18:53:10.149+0000] {subprocess.py:93} INFO - [0m18:53:10  5 of 6 START sql view model logistics_mart.stg_weather_consensus ............... [RUN]
[2026-07-12T18:53:11.613+0000] {subprocess.py:93} INFO - [0m18:53:11  1 of 6 OK created sql table model logistics_mart.dim_drivers ................... [[32mCREATE TABLE (3.0 rows, 117.0 Bytes processed)[0m in 3.43s]
[2026-07-12T18:53:12.085+0000] {subprocess.py:93} INFO - [0m18:53:12  2 of 6 OK created sql table model logistics_mart.dim_hubs ...................... [[32mCREATE TABLE (3.0 rows, 176.0 Bytes processed)[0m in 3.90s]
[2026-07-12T18:53:12.119+0000] {subprocess.py:93} INFO - [0m18:53:12  5 of 6 OK created sql view model logistics_mart.stg_weather_consensus .......... [[32mCREATE VIEW (0 processed)[0m in 1.97s]
[2026-07-12T18:53:12.122+0000] {subprocess.py:93} INFO - [0m18:53:12  6 of 6 START sql table model logistics_mart.fact_shipment_weather .............. [RUN]
[2026-07-12T18:53:14.572+0000] {subprocess.py:93} INFO - [0m18:53:14  BigQuery adapter: https://console.cloud.google.com/bigquery?project=logistics-500519&j=bq:US:067aa13d-abe5-450f-97cb-69fab0b31361&page=queryresults
[2026-07-12T18:53:14.596+0000] {subprocess.py:93} INFO - [0m18:53:14  6 of 6 ERROR creating sql table model logistics_mart.fact_shipment_weather ..... [[31mERROR[0m in 2.47s]
[2026-07-12T18:53:14.646+0000] {subprocess.py:93} INFO - [0m18:53:14
[2026-07-12T18:53:14.647+0000] {subprocess.py:93} INFO - [0m18:53:14  Finished running 3 table models, 3 view models in 0 hours 0 minutes and 8.04 seconds (8.04s).
[2026-07-12T18:53:14.721+0000] {subprocess.py:93} INFO - [0m18:53:14
[2026-07-12T18:53:14.722+0000] {subprocess.py:93} INFO - [0m18:53:14  [31mCompleted with 1 error, 0 partial successes, and 0 warnings:[0m
[2026-07-12T18:53:14.723+0000] {subprocess.py:93} INFO - [0m18:53:14
[2026-07-12T18:53:14.724+0000] {subprocess.py:93} INFO - [0m18:53:14  [31mFailure in model fact_shipment_weather (models/mart/fact_shipment_weather.sql)[0m
[2026-07-12T18:53:14.724+0000] {subprocess.py:93} INFO - [0m18:53:14    Database Error in model fact_shipment_weather (models/mart/fact_shipment_weather.sql)
[2026-07-12T18:53:14.724+0000] {subprocess.py:93} INFO -   No matching signature for operator >= for argument types: DATETIME, INT64
[2026-07-12T18:53:14.725+0000] {subprocess.py:93} INFO -     Signature: T1 >= T1
[2026-07-12T18:53:14.725+0000] {subprocess.py:93} INFO -       Unable to find common supertype for templated argument <T1>
[2026-07-12T18:53:14.725+0000] {subprocess.py:93} INFO -         Input types for <T1>: {INT64, DATETIME} at [42:9]
[2026-07-12T18:53:14.725+0000] {subprocess.py:93} INFO -   compiled code at target/run/logistics_lakehouse/models/mart/fact_shipment_weather.sql
[2026-07-12T18:53:14.725+0000] {subprocess.py:93} INFO - [0m18:53:14
[2026-07-12T18:53:14.725+0000] {subprocess.py:93} INFO - [0m18:53:14    compiled code at target/compiled/logistics_lakehouse/models/mart/fact_shipment_weather.sql
[2026-07-12T18:53:14.725+0000] {subprocess.py:93} INFO - [0m18:53:14
[2026-07-12T18:53:14.725+0000] {subprocess.py:93} INFO - [0m18:53:14  Done. PASS=5 WARN=0 ERROR=1 SKIP=0 NO-OP=0 TOTAL=6
[2026-07-12T18:53:17.052+0000] {subprocess.py:97} INFO - Command exited with return code 1
[2026-07-12T18:53:17.053+0000] {taskinstance.py:441} INFO - ::group::Post task execution logs
[2026-07-12T18:53:17.071+0000] {taskinstance.py:2905} ERROR - Task failed with exception
Traceback (most recent call last):
  File "/home/airflow/.local/lib/python3.12/site-packages/airflow/models/taskinstance.py", line 465, in _execute_task
    result = _execute_callable(context=context, **execute_callable_kwargs)
             ^^^^^^^^^^^^^^^^^^^^^^^^^^^^^^^^^^^^^^^^^^^^^^^^^^^^^^^^^^^^^
  File "/home/airflow/.local/lib/python3.12/site-packages/airflow/models/taskinstance.py", line 432, in _execute_callable
    return execute_callable(context=context, **execute_callable_kwargs)
           ^^^^^^^^^^^^^^^^^^^^^^^^^^^^^^^^^^^^^^^^^^^^^^^^^^^^^^^^^^^^
  File "/home/airflow/.local/lib/python3.12/site-packages/airflow/models/baseoperator.py", line 400, in wrapper
    return func(self, *args, **kwargs)
           ^^^^^^^^^^^^^^^^^^^^^^^^^^^
  File "/home/airflow/.local/lib/python3.12/site-packages/airflow/operators/bash.py", line 243, in execute
    raise AirflowException(
airflow.exceptions.AirflowException: Bash command failed. The command returned a non-zero exit code 1.
[2026-07-12T18:53:17.079+0000] {taskinstance.py:1206} INFO - Marking task as FAILED. dag_id=gold_dbt_dag, task_id=trigger_dbt_build, run_id=manual__2026-07-12T18:50:47.661620+00:00, execution_date=20260712T185047, start_date=20260712T185303, end_date=20260712T185317
[2026-07-12T18:53:17.095+0000] {standard_task_runner.py:110} ERROR - Failed to execute job 202 for task trigger_dbt_build (Bash command failed. The command returned a non-zero exit code 1.; 35014)
[2026-07-12T18:53:17.129+0000] {local_task_job_runner.py:240} INFO - Task exited with return code 1
[2026-07-12T18:53:17.160+0000] {taskinstance.py:3498} INFO - 0 downstream tasks scheduled from follow-on schedule check
[2026-07-12T18:53:17.161+0000] {local_task_job_runner.py:222} INFO - ::endgroup::
