[2026-07-12T18:50:49.521+0000] {local_task_job_runner.py:120} INFO - ::group::Pre task execution logs
[2026-07-12T18:50:49.591+0000] {taskinstance.py:2076} INFO - Dependencies all met for dep_context=non-requeueable deps ti=<TaskInstance: gold_dbt_dag.trigger_dbt_build manual__2026-07-12T18:50:47.661620+00:00 [queued]>
[2026-07-12T18:50:49.601+0000] {taskinstance.py:2076} INFO - Dependencies all met for dep_context=requeueable deps ti=<TaskInstance: gold_dbt_dag.trigger_dbt_build manual__2026-07-12T18:50:47.661620+00:00 [queued]>
[2026-07-12T18:50:49.603+0000] {taskinstance.py:2306} INFO - Starting attempt 1 of 2
[2026-07-12T18:50:49.611+0000] {taskinstance.py:2330} INFO - Executing <Task(BashOperator): trigger_dbt_build> on 2026-07-12 18:50:47.661620+00:00
[2026-07-12T18:50:49.618+0000] {standard_task_runner.py:90} INFO - Running: ['***', 'tasks', 'run', 'gold_dbt_dag', 'trigger_dbt_build', 'manual__2026-07-12T18:50:47.661620+00:00', '--job-id', '193', '--raw', '--subdir', 'DAGS_FOLDER/dag_gold_dbt.py', '--cfg-path', '/tmp/tmph1c2gk_t']
[2026-07-12T18:50:49.621+0000] {standard_task_runner.py:91} INFO - Job 193: Subtask trigger_dbt_build
[2026-07-12T18:50:49.630+0000] {logging_mixin.py:188} WARNING - /home/***/.local/lib/python3.12/site-packages/***/task/task_runner/standard_task_runner.py:61 DeprecationWarning: This process (pid=34420) is multi-threaded, use of fork() may lead to deadlocks in the child.
[2026-07-12T18:50:49.631+0000] {standard_task_runner.py:63} INFO - Started process 34421 to run task
[2026-07-12T18:50:49.671+0000] {task_command.py:426} INFO - Running <TaskInstance: gold_dbt_dag.trigger_dbt_build manual__2026-07-12T18:50:47.661620+00:00 [running]> on host ad4e12f53b08
[2026-07-12T18:50:49.742+0000] {taskinstance.py:2648} INFO - Exporting env vars: AIRFLOW_CTX_DAG_OWNER='data_engineer' AIRFLOW_CTX_DAG_ID='gold_dbt_dag' AIRFLOW_CTX_TASK_ID='trigger_dbt_build' AIRFLOW_CTX_EXECUTION_DATE='2026-07-12T18:50:47.661620+00:00' AIRFLOW_CTX_TRY_NUMBER='1' AIRFLOW_CTX_DAG_RUN_ID='manual__2026-07-12T18:50:47.661620+00:00'
[2026-07-12T18:50:49.744+0000] {taskinstance.py:430} INFO - ::endgroup::
[2026-07-12T18:50:49.786+0000] {subprocess.py:63} INFO - Tmp dir root location: /tmp
[2026-07-12T18:50:49.791+0000] {subprocess.py:75} INFO - Running command: ['/usr/bin/bash', '-c', 'cd /opt/***/dbt && dbt build --profiles-dir . --target dev']
[2026-07-12T18:50:49.802+0000] {subprocess.py:86} INFO - Output:
[2026-07-12T18:50:52.289+0000] {subprocess.py:93} INFO - [0m18:50:52  Running with dbt=1.11.11
[2026-07-12T18:50:54.144+0000] {subprocess.py:93} INFO - [0m18:50:54  Registered adapter: bigquery=1.11.3
[2026-07-12T18:50:54.970+0000] {subprocess.py:93} INFO - [0m18:50:54  Found 6 models, 4 sources, 553 macros
[2026-07-12T18:50:54.974+0000] {subprocess.py:93} INFO - [0m18:50:54
[2026-07-12T18:50:54.974+0000] {subprocess.py:93} INFO - [0m18:50:54  Concurrency: 4 threads (target='dev')
[2026-07-12T18:50:54.974+0000] {subprocess.py:93} INFO - [0m18:50:54
[2026-07-12T18:50:56.609+0000] {subprocess.py:93} INFO - [0m18:50:56  1 of 6 START sql table model logistics_mart.dim_drivers ........................ [RUN]
[2026-07-12T18:50:56.613+0000] {subprocess.py:93} INFO - [0m18:50:56  2 of 6 START sql table model logistics_mart.dim_hubs ........................... [RUN]
[2026-07-12T18:50:56.613+0000] {subprocess.py:93} INFO - [0m18:50:56  3 of 6 START sql view model logistics_mart.stg_shipments ....................... [RUN]
[2026-07-12T18:50:56.614+0000] {subprocess.py:93} INFO - [0m18:50:56  4 of 6 START sql view model logistics_mart.stg_weather ......................... [RUN]
[2026-07-12T18:50:58.809+0000] {subprocess.py:93} INFO - [0m18:50:58  4 of 6 OK created sql view model logistics_mart.stg_weather .................... [[32mCREATE VIEW (0 processed)[0m in 2.19s]
[2026-07-12T18:50:58.814+0000] {subprocess.py:93} INFO - [0m18:50:58  3 of 6 OK created sql view model logistics_mart.stg_shipments .................. [[32mCREATE VIEW (0 processed)[0m in 2.19s]
[2026-07-12T18:50:58.815+0000] {subprocess.py:93} INFO - [0m18:50:58  5 of 6 START sql view model logistics_mart.stg_weather_consensus ............... [RUN]
[2026-07-12T18:50:58.979+0000] {subprocess.py:93} INFO - [0m18:50:58  BigQuery adapter: https://console.cloud.google.com/bigquery?project=logistics-500519&j=bq:US:fd08e246-d179-4c08-86f7-1980b98f75b9&page=queryresults
[2026-07-12T18:50:58.993+0000] {subprocess.py:93} INFO - [0m18:50:58  1 of 6 ERROR creating sql table model logistics_mart.dim_drivers ............... [[31mERROR[0m in 2.38s]
[2026-07-12T18:50:59.051+0000] {subprocess.py:93} INFO - [0m18:50:59  BigQuery adapter: https://console.cloud.google.com/bigquery?project=logistics-500519&j=bq:US:583bae58-ff98-4e52-82bc-c95dbda471b4&page=queryresults
[2026-07-12T18:50:59.068+0000] {subprocess.py:93} INFO - [0m18:50:59  2 of 6 ERROR creating sql table model logistics_mart.dim_hubs .................. [[31mERROR[0m in 2.45s]
[2026-07-12T18:51:00.498+0000] {subprocess.py:93} INFO - [0m18:51:00  5 of 6 OK created sql view model logistics_mart.stg_weather_consensus .......... [[32mCREATE VIEW (0 processed)[0m in 1.68s]
[2026-07-12T18:51:00.500+0000] {subprocess.py:93} INFO - [0m18:51:00  6 of 6 SKIP relation logistics_mart.fact_shipment_weather ...................... [[33mSKIP[0m]
[2026-07-12T18:51:00.536+0000] {subprocess.py:93} INFO - [0m18:51:00
[2026-07-12T18:51:00.537+0000] {subprocess.py:93} INFO - [0m18:51:00  Finished running 3 table models, 3 view models in 0 hours 0 minutes and 5.56 seconds (5.56s).
[2026-07-12T18:51:00.574+0000] {subprocess.py:93} INFO - [0m18:51:00
[2026-07-12T18:51:00.574+0000] {subprocess.py:93} INFO - [0m18:51:00  [31mCompleted with 2 errors, 0 partial successes, and 0 warnings:[0m
[2026-07-12T18:51:00.576+0000] {subprocess.py:93} INFO - [0m18:51:00
[2026-07-12T18:51:00.576+0000] {subprocess.py:93} INFO - [0m18:51:00  [31mFailure in model dim_drivers (models/mart/dim_drivers.sql)[0m
[2026-07-12T18:51:00.577+0000] {subprocess.py:93} INFO - [0m18:51:00    Database Error in model dim_drivers (models/mart/dim_drivers.sql)
[2026-07-12T18:51:00.578+0000] {subprocess.py:93} INFO -   Unrecognized name: is_current at [24:7]
[2026-07-12T18:51:00.578+0000] {subprocess.py:93} INFO -   compiled code at target/run/logistics_lakehouse/models/mart/dim_drivers.sql
[2026-07-12T18:51:00.578+0000] {subprocess.py:93} INFO - [0m18:51:00
[2026-07-12T18:51:00.579+0000] {subprocess.py:93} INFO - [0m18:51:00    compiled code at target/compiled/logistics_lakehouse/models/mart/dim_drivers.sql
[2026-07-12T18:51:00.579+0000] {subprocess.py:93} INFO - [0m18:51:00
[2026-07-12T18:51:00.579+0000] {subprocess.py:93} INFO - [0m18:51:00  [31mFailure in model dim_hubs (models/mart/dim_hubs.sql)[0m
[2026-07-12T18:51:00.580+0000] {subprocess.py:93} INFO - [0m18:51:00    Database Error in model dim_hubs (models/mart/dim_hubs.sql)
[2026-07-12T18:51:00.580+0000] {subprocess.py:93} INFO -   Unrecognized name: is_current at [24:7]
[2026-07-12T18:51:00.580+0000] {subprocess.py:93} INFO -   compiled code at target/run/logistics_lakehouse/models/mart/dim_hubs.sql
[2026-07-12T18:51:00.580+0000] {subprocess.py:93} INFO - [0m18:51:00
[2026-07-12T18:51:00.580+0000] {subprocess.py:93} INFO - [0m18:51:00    compiled code at target/compiled/logistics_lakehouse/models/mart/dim_hubs.sql
[2026-07-12T18:51:00.580+0000] {subprocess.py:93} INFO - [0m18:51:00
[2026-07-12T18:51:00.580+0000] {subprocess.py:93} INFO - [0m18:51:00  Done. PASS=3 WARN=0 ERROR=2 SKIP=1 NO-OP=0 TOTAL=6
[2026-07-12T18:51:03.103+0000] {subprocess.py:97} INFO - Command exited with return code 1
[2026-07-12T18:51:03.119+0000] {taskinstance.py:441} INFO - ::group::Post task execution logs
[2026-07-12T18:51:03.162+0000] {taskinstance.py:2905} ERROR - Task failed with exception
Traceback (most recent call last):
  File "/home/airflow/.local/lib/python3.12/site-packages/airflow/models/taskinstance.py", line 465, in _execute_task
    result = _execute_callable(context=context, **execute_callable_kwargs)
             ^^^^^^^^^^^^^^^^^^^^^^^^^^^^^^^^^^^^^^^^^^^^^^^^^^^^^^^^^^^^^
  File "/home/airflow/.local/lib/python3.12/site-packages/airflow/models/taskinstance.py", line 432, in _execute_callable
    return execute_callable(context=context, **execute_callable_kwargs)
           ^^^^^^^^^^^^^^^^^^^^^^^^^^^^^^^^^^^^^^^^^^^^^^^^^^^^^^^^^^^^
  File "/home/airflow/.local/lib/python3.12/site-packages/airflow/models/baseoperator.py", line 400, in wrapper
    return func(self, *args, **kwargs)
           ^^^^^^^^^^^^^^^^^^^^^^^^^^^
  File "/home/airflow/.local/lib/python3.12/site-packages/airflow/operators/bash.py", line 243, in execute
    raise AirflowException(
airflow.exceptions.AirflowException: Bash command failed. The command returned a non-zero exit code 1.
[2026-07-12T18:51:03.171+0000] {taskinstance.py:1206} INFO - Marking task as UP_FOR_RETRY. dag_id=gold_dbt_dag, task_id=trigger_dbt_build, run_id=manual__2026-07-12T18:50:47.661620+00:00, execution_date=20260712T185047, start_date=20260712T185049, end_date=20260712T185103
[2026-07-12T18:51:03.200+0000] {standard_task_runner.py:110} ERROR - Failed to execute job 193 for task trigger_dbt_build (Bash command failed. The command returned a non-zero exit code 1.; 34421)
[2026-07-12T18:51:03.212+0000] {local_task_job_runner.py:240} INFO - Task exited with return code 1
[2026-07-12T18:51:03.256+0000] {taskinstance.py:3498} INFO - 0 downstream tasks scheduled from follow-on schedule check
[2026-07-12T18:51:03.257+0000] {local_task_job_runner.py:222} INFO - ::endgroup::
