[2026-07-08T05:00:04.531+0000] {local_task_job_runner.py:120} INFO - ::group::Pre task execution logs
[2026-07-08T05:00:04.561+0000] {taskinstance.py:2076} INFO - Dependencies all met for dep_context=non-requeueable deps ti=<TaskInstance: logistics_postgres_to_bq.push_to_bigquery dataset_triggered__2026-07-08T05:00:03.020622+00:00 [queued]>
[2026-07-08T05:00:04.578+0000] {taskinstance.py:2076} INFO - Dependencies all met for dep_context=requeueable deps ti=<TaskInstance: logistics_postgres_to_bq.push_to_bigquery dataset_triggered__2026-07-08T05:00:03.020622+00:00 [queued]>
[2026-07-08T05:00:04.579+0000] {taskinstance.py:2306} INFO - Starting attempt 1 of 1
[2026-07-08T05:00:04.590+0000] {taskinstance.py:2330} INFO - Executing <Task(PythonOperator): push_to_bigquery> on 2026-07-08 05:00:03.020622+00:00
[2026-07-08T05:00:04.602+0000] {logging_mixin.py:188} WARNING - /home/***/.local/lib/python3.12/site-packages/***/task/task_runner/standard_task_runner.py:61 DeprecationWarning: This process (pid=88883) is multi-threaded, use of fork() may lead to deadlocks in the child.
[2026-07-08T05:00:04.601+0000] {standard_task_runner.py:90} INFO - Running: ['***', 'tasks', 'run', 'logistics_postgres_to_bq', 'push_to_bigquery', 'dataset_triggered__2026-07-08T05:00:03.020622+00:00', '--job-id', '1078', '--raw', '--subdir', 'DAGS_FOLDER/dag_postgres_to_bq.py', '--cfg-path', '/tmp/tmpxb45ol91']
[2026-07-08T05:00:04.603+0000] {standard_task_runner.py:91} INFO - Job 1078: Subtask push_to_bigquery
[2026-07-08T05:00:04.603+0000] {standard_task_runner.py:63} INFO - Started process 88888 to run task
[2026-07-08T05:00:04.676+0000] {task_command.py:426} INFO - Running <TaskInstance: logistics_postgres_to_bq.push_to_bigquery dataset_triggered__2026-07-08T05:00:03.020622+00:00 [running]> on host bd23e89d97be
[2026-07-08T05:00:04.814+0000] {taskinstance.py:2648} INFO - Exporting env vars: AIRFLOW_CTX_DAG_OWNER='***' AIRFLOW_CTX_DAG_ID='logistics_postgres_to_bq' AIRFLOW_CTX_TASK_ID='push_to_bigquery' AIRFLOW_CTX_EXECUTION_DATE='2026-07-08T05:00:03.020622+00:00' AIRFLOW_CTX_TRY_NUMBER='1' AIRFLOW_CTX_DAG_RUN_ID='dataset_triggered__2026-07-08T05:00:03.020622+00:00'
[2026-07-08T05:00:04.815+0000] {taskinstance.py:430} INFO - ::endgroup::
[2026-07-08T05:00:05.848+0000] {logging_mixin.py:188} WARNING - /opt/***/dags/dag_postgres_to_bq.py:34 UserWarning: pandas only supports SQLAlchemy connectable (engine/connection) or database string URI or sqlite3 DBAPI2 connection. Other DBAPI2 objects are not tested. Please consider using SQLAlchemy.
[2026-07-08T05:00:10.604+0000] {logging_mixin.py:188} INFO - Pushed 1292 rows from shipments to BigQuery.
[2026-07-08T05:00:10.626+0000] {logging_mixin.py:188} WARNING - /opt/***/dags/dag_postgres_to_bq.py:34 UserWarning: pandas only supports SQLAlchemy connectable (engine/connection) or database string URI or sqlite3 DBAPI2 connection. Other DBAPI2 objects are not tested. Please consider using SQLAlchemy.
[2026-07-08T05:00:15.029+0000] {logging_mixin.py:188} INFO - Pushed 3 rows from hubs to BigQuery.
[2026-07-08T05:00:15.040+0000] {logging_mixin.py:188} WARNING - /opt/***/dags/dag_postgres_to_bq.py:34 UserWarning: pandas only supports SQLAlchemy connectable (engine/connection) or database string URI or sqlite3 DBAPI2 connection. Other DBAPI2 objects are not tested. Please consider using SQLAlchemy.
[2026-07-08T05:00:18.462+0000] {logging_mixin.py:188} INFO - Pushed 3 rows from drivers to BigQuery.
[2026-07-08T05:00:18.464+0000] {python.py:237} INFO - Done. Returned value was: None
[2026-07-08T05:00:18.466+0000] {taskinstance.py:441} INFO - ::group::Post task execution logs
[2026-07-08T05:00:18.510+0000] {taskinstance.py:1206} INFO - Marking task as SUCCESS. dag_id=logistics_postgres_to_bq, task_id=push_to_bigquery, run_id=dataset_triggered__2026-07-08T05:00:03.020622+00:00, execution_date=20260708T050003, start_date=20260708T050004, end_date=20260708T050018
[2026-07-08T05:00:18.636+0000] {local_task_job_runner.py:240} INFO - Task exited with return code 0
[2026-07-08T05:00:18.687+0000] {taskinstance.py:3498} INFO - 0 downstream tasks scheduled from follow-on schedule check
[2026-07-08T05:00:18.689+0000] {local_task_job_runner.py:222} INFO - ::endgroup::
