[2026-07-06T07:04:02.741+0000] {local_task_job_runner.py:120} INFO - ::group::Pre task execution logs
[2026-07-06T07:04:02.757+0000] {taskinstance.py:2076} INFO - Dependencies all met for dep_context=non-requeueable deps ti=<TaskInstance: gold_dbt_dag.trigger_dbt_build dataset_triggered__2026-07-06T07:04:01.921982+00:00 [queued]>
[2026-07-06T07:04:02.760+0000] {taskinstance.py:2076} INFO - Dependencies all met for dep_context=requeueable deps ti=<TaskInstance: gold_dbt_dag.trigger_dbt_build dataset_triggered__2026-07-06T07:04:01.921982+00:00 [queued]>
[2026-07-06T07:04:02.760+0000] {taskinstance.py:2306} INFO - Starting attempt 1 of 2
[2026-07-06T07:04:02.765+0000] {taskinstance.py:2330} INFO - Executing <Task(BashOperator): trigger_dbt_build> on 2026-07-06 07:04:01.921982+00:00
[2026-07-06T07:04:02.769+0000] {logging_mixin.py:188} WARNING - /home/***/.local/lib/python3.12/site-packages/***/task/task_runner/standard_task_runner.py:61 DeprecationWarning: This process (pid=69736) is multi-threaded, use of fork() may lead to deadlocks in the child.
[2026-07-06T07:04:02.768+0000] {standard_task_runner.py:90} INFO - Running: ['***', 'tasks', 'run', 'gold_dbt_dag', 'trigger_dbt_build', 'dataset_triggered__2026-07-06T07:04:01.921982+00:00', '--job-id', '779', '--raw', '--subdir', 'DAGS_FOLDER/dag_gold_dbt.py', '--cfg-path', '/tmp/tmp1_l4c017']
[2026-07-06T07:04:02.769+0000] {standard_task_runner.py:63} INFO - Started process 69737 to run task
[2026-07-06T07:04:02.770+0000] {standard_task_runner.py:91} INFO - Job 779: Subtask trigger_dbt_build
[2026-07-06T07:04:02.786+0000] {task_command.py:426} INFO - Running <TaskInstance: gold_dbt_dag.trigger_dbt_build dataset_triggered__2026-07-06T07:04:01.921982+00:00 [running]> on host bd23e89d97be
[2026-07-06T07:04:02.819+0000] {taskinstance.py:2648} INFO - Exporting env vars: AIRFLOW_CTX_DAG_OWNER='data_engineer' AIRFLOW_CTX_DAG_ID='gold_dbt_dag' AIRFLOW_CTX_TASK_ID='trigger_dbt_build' AIRFLOW_CTX_EXECUTION_DATE='2026-07-06T07:04:01.921982+00:00' AIRFLOW_CTX_TRY_NUMBER='1' AIRFLOW_CTX_DAG_RUN_ID='dataset_triggered__2026-07-06T07:04:01.921982+00:00'
[2026-07-06T07:04:02.820+0000] {taskinstance.py:430} INFO - ::endgroup::
[2026-07-06T07:04:02.827+0000] {subprocess.py:63} INFO - Tmp dir root location: /tmp
[2026-07-06T07:04:02.827+0000] {subprocess.py:75} INFO - Running command: ['/usr/bin/bash', '-c', 'cd /opt/***/dbt && dbt build --profiles-dir . --target dev']
[2026-07-06T07:04:02.830+0000] {subprocess.py:86} INFO - Output:
[2026-07-06T07:04:03.973+0000] {subprocess.py:93} INFO - [0m07:04:03  Running with dbt=1.11.11
[2026-07-06T07:04:04.487+0000] {subprocess.py:93} INFO - [0m07:04:04  Registered adapter: bigquery=1.11.3
[2026-07-06T07:04:04.701+0000] {subprocess.py:93} INFO - [0m07:04:04  Found 5 models, 4 sources, 553 macros
[2026-07-06T07:04:04.702+0000] {subprocess.py:93} INFO - [0m07:04:04
[2026-07-06T07:04:04.702+0000] {subprocess.py:93} INFO - [0m07:04:04  Concurrency: 4 threads (target='dev')
[2026-07-06T07:04:04.702+0000] {subprocess.py:93} INFO - [0m07:04:04
[2026-07-06T07:04:06.341+0000] {subprocess.py:93} INFO - [0m07:04:06  1 of 5 START sql table model logistics_mart.dim_drivers ........................ [RUN]
[2026-07-06T07:04:06.341+0000] {subprocess.py:93} INFO - [0m07:04:06  2 of 5 START sql table model logistics_mart.dim_hubs ........................... [RUN]
[2026-07-06T07:04:06.341+0000] {subprocess.py:93} INFO - [0m07:04:06  3 of 5 START sql view model logistics_mart.stg_shipments ....................... [RUN]
[2026-07-06T07:04:06.342+0000] {subprocess.py:93} INFO - [0m07:04:06  4 of 5 START sql view model logistics_mart.stg_weather ......................... [RUN]
[2026-07-06T07:04:08.502+0000] {subprocess.py:93} INFO - [0m07:04:08  4 of 5 OK created sql view model logistics_mart.stg_weather .................... [[32mCREATE VIEW (0 processed)[0m in 2.16s]
[2026-07-06T07:04:09.511+0000] {subprocess.py:93} INFO - [0m07:04:09  3 of 5 OK created sql view model logistics_mart.stg_shipments .................. [[32mCREATE VIEW (0 processed)[0m in 3.17s]
[2026-07-06T07:04:09.891+0000] {subprocess.py:93} INFO - [0m07:04:09  2 of 5 OK created sql table model logistics_mart.dim_hubs ...................... [[32mCREATE TABLE (3.0 rows, 149.0 Bytes processed)[0m in 3.54s]
[2026-07-06T07:04:09.896+0000] {subprocess.py:93} INFO - [0m07:04:09  5 of 5 START sql table model logistics_mart.fact_shipment_weather .............. [RUN]
[2026-07-06T07:04:10.307+0000] {subprocess.py:93} INFO - [0m07:04:10  1 of 5 OK created sql table model logistics_mart.dim_drivers ................... [[32mCREATE TABLE (3.0 rows, 108.0 Bytes processed)[0m in 3.96s]
[2026-07-06T07:04:13.743+0000] {subprocess.py:93} INFO - [0m07:04:13  5 of 5 OK created sql table model logistics_mart.fact_shipment_weather ......... [[32mCREATE TABLE (922.0 rows, 58.5 KiB processed)[0m in 3.84s]
[2026-07-06T07:04:13.791+0000] {subprocess.py:93} INFO - [0m07:04:13
[2026-07-06T07:04:13.791+0000] {subprocess.py:93} INFO - [0m07:04:13  Finished running 3 table models, 2 view models in 0 hours 0 minutes and 9.09 seconds (9.09s).
[2026-07-06T07:04:13.823+0000] {subprocess.py:93} INFO - [0m07:04:13
[2026-07-06T07:04:13.823+0000] {subprocess.py:93} INFO - [0m07:04:13  [32mCompleted successfully[0m
[2026-07-06T07:04:13.824+0000] {subprocess.py:93} INFO - [0m07:04:13
[2026-07-06T07:04:13.824+0000] {subprocess.py:93} INFO - [0m07:04:13  Done. PASS=5 WARN=0 ERROR=0 SKIP=0 NO-OP=0 TOTAL=5
[2026-07-06T07:04:15.696+0000] {subprocess.py:97} INFO - Command exited with return code 0
[2026-07-06T07:04:15.697+0000] {taskinstance.py:441} INFO - ::group::Post task execution logs
[2026-07-06T07:04:15.715+0000] {taskinstance.py:1206} INFO - Marking task as SUCCESS. dag_id=gold_dbt_dag, task_id=trigger_dbt_build, run_id=dataset_triggered__2026-07-06T07:04:01.921982+00:00, execution_date=20260706T070401, start_date=20260706T070402, end_date=20260706T070415
[2026-07-06T07:04:15.750+0000] {local_task_job_runner.py:240} INFO - Task exited with return code 0
[2026-07-06T07:04:15.759+0000] {taskinstance.py:3498} INFO - 0 downstream tasks scheduled from follow-on schedule check
[2026-07-06T07:04:15.760+0000] {local_task_job_runner.py:222} INFO - ::endgroup::
