[2026-07-12T15:12:39.096+0000] {local_task_job_runner.py:120} INFO - ::group::Pre task execution logs
[2026-07-12T15:12:39.116+0000] {taskinstance.py:2076} INFO - Dependencies all met for dep_context=non-requeueable deps ti=<TaskInstance: gold_dbt_dag.trigger_dbt_build dataset_triggered__2026-07-12T15:12:37.978655+00:00 [queued]>
[2026-07-12T15:12:39.120+0000] {taskinstance.py:2076} INFO - Dependencies all met for dep_context=requeueable deps ti=<TaskInstance: gold_dbt_dag.trigger_dbt_build dataset_triggered__2026-07-12T15:12:37.978655+00:00 [queued]>
[2026-07-12T15:12:39.120+0000] {taskinstance.py:2306} INFO - Starting attempt 1 of 2
[2026-07-12T15:12:39.126+0000] {taskinstance.py:2330} INFO - Executing <Task(BashOperator): trigger_dbt_build> on 2026-07-12 15:12:37.978655+00:00
[2026-07-12T15:12:39.132+0000] {logging_mixin.py:188} WARNING - /home/***/.local/lib/python3.12/site-packages/***/task/task_runner/standard_task_runner.py:61 DeprecationWarning: This process (pid=19104) is multi-threaded, use of fork() may lead to deadlocks in the child.
[2026-07-12T15:12:39.131+0000] {standard_task_runner.py:90} INFO - Running: ['***', 'tasks', 'run', 'gold_dbt_dag', 'trigger_dbt_build', 'dataset_triggered__2026-07-12T15:12:37.978655+00:00', '--job-id', '167', '--raw', '--subdir', 'DAGS_FOLDER/dag_gold_dbt.py', '--cfg-path', '/tmp/tmpezjdig0v']
[2026-07-12T15:12:39.132+0000] {standard_task_runner.py:91} INFO - Job 167: Subtask trigger_dbt_build
[2026-07-12T15:12:39.132+0000] {standard_task_runner.py:63} INFO - Started process 19105 to run task
[2026-07-12T15:12:39.158+0000] {task_command.py:426} INFO - Running <TaskInstance: gold_dbt_dag.trigger_dbt_build dataset_triggered__2026-07-12T15:12:37.978655+00:00 [running]> on host ad4e12f53b08
[2026-07-12T15:12:39.197+0000] {taskinstance.py:2648} INFO - Exporting env vars: AIRFLOW_CTX_DAG_OWNER='data_engineer' AIRFLOW_CTX_DAG_ID='gold_dbt_dag' AIRFLOW_CTX_TASK_ID='trigger_dbt_build' AIRFLOW_CTX_EXECUTION_DATE='2026-07-12T15:12:37.978655+00:00' AIRFLOW_CTX_TRY_NUMBER='1' AIRFLOW_CTX_DAG_RUN_ID='dataset_triggered__2026-07-12T15:12:37.978655+00:00'
[2026-07-12T15:12:39.197+0000] {taskinstance.py:430} INFO - ::endgroup::
[2026-07-12T15:12:39.207+0000] {subprocess.py:63} INFO - Tmp dir root location: /tmp
[2026-07-12T15:12:39.207+0000] {subprocess.py:75} INFO - Running command: ['/usr/bin/bash', '-c', 'cd /opt/***/dbt && dbt build --profiles-dir . --target dev']
[2026-07-12T15:12:39.211+0000] {subprocess.py:86} INFO - Output:
[2026-07-12T15:12:41.500+0000] {subprocess.py:93} INFO - [0m15:12:41  Running with dbt=1.11.11
[2026-07-12T15:12:42.208+0000] {subprocess.py:93} INFO - [0m15:12:42  Registered adapter: bigquery=1.11.3
[2026-07-12T15:12:42.463+0000] {subprocess.py:93} INFO - [0m15:12:42  Found 6 models, 4 sources, 553 macros
[2026-07-12T15:12:42.465+0000] {subprocess.py:93} INFO - [0m15:12:42
[2026-07-12T15:12:42.466+0000] {subprocess.py:93} INFO - [0m15:12:42  Concurrency: 4 threads (target='dev')
[2026-07-12T15:12:42.466+0000] {subprocess.py:93} INFO - [0m15:12:42
[2026-07-12T15:12:45.290+0000] {subprocess.py:93} INFO - [0m15:12:45  1 of 6 START sql table model logistics_mart.dim_drivers ........................ [RUN]
[2026-07-12T15:12:45.291+0000] {subprocess.py:93} INFO - [0m15:12:45  2 of 6 START sql table model logistics_mart.dim_hubs ........................... [RUN]
[2026-07-12T15:12:45.292+0000] {subprocess.py:93} INFO - [0m15:12:45  3 of 6 START sql view model logistics_mart.stg_shipments ....................... [RUN]
[2026-07-12T15:12:45.292+0000] {subprocess.py:93} INFO - [0m15:12:45  4 of 6 START sql view model logistics_mart.stg_weather ......................... [RUN]
[2026-07-12T15:12:47.286+0000] {subprocess.py:93} INFO - [0m15:12:47  3 of 6 OK created sql view model logistics_mart.stg_shipments .................. [[32mCREATE VIEW (0 processed)[0m in 1.99s]
[2026-07-12T15:12:47.287+0000] {subprocess.py:93} INFO - [0m15:12:47  4 of 6 OK created sql view model logistics_mart.stg_weather .................... [[32mCREATE VIEW (0 processed)[0m in 1.99s]
[2026-07-12T15:12:47.289+0000] {subprocess.py:93} INFO - [0m15:12:47  5 of 6 START sql view model logistics_mart.stg_weather_consensus ............... [RUN]
[2026-07-12T15:12:47.345+0000] {subprocess.py:93} INFO - [0m15:12:47  BigQuery adapter: https://console.cloud.google.com/bigquery?project=logistics-500519&j=bq:US:040c0b0b-7e94-425f-9748-ea4948a75550&page=queryresults
[2026-07-12T15:12:47.351+0000] {subprocess.py:93} INFO - [0m15:12:47  1 of 6 ERROR creating sql table model logistics_mart.dim_drivers ............... [[31mERROR[0m in 2.06s]
[2026-07-12T15:12:47.581+0000] {subprocess.py:93} INFO - [0m15:12:47  BigQuery adapter: https://console.cloud.google.com/bigquery?project=logistics-500519&j=bq:US:3ec5eb49-d2a4-4efa-b9b7-b0162bee4dd2&page=queryresults
[2026-07-12T15:12:47.588+0000] {subprocess.py:93} INFO - [0m15:12:47  2 of 6 ERROR creating sql table model logistics_mart.dim_hubs .................. [[31mERROR[0m in 2.29s]
[2026-07-12T15:12:49.041+0000] {subprocess.py:93} INFO - [0m15:12:49  5 of 6 OK created sql view model logistics_mart.stg_weather_consensus .......... [[32mCREATE VIEW (0 processed)[0m in 1.75s]
[2026-07-12T15:12:49.044+0000] {subprocess.py:93} INFO - [0m15:12:49  6 of 6 SKIP relation logistics_mart.fact_shipment_weather ...................... [[33mSKIP[0m]
[2026-07-12T15:12:49.089+0000] {subprocess.py:93} INFO - [0m15:12:49
[2026-07-12T15:12:49.089+0000] {subprocess.py:93} INFO - [0m15:12:49  Finished running 3 table models, 3 view models in 0 hours 0 minutes and 6.62 seconds (6.62s).
[2026-07-12T15:12:49.117+0000] {subprocess.py:93} INFO - [0m15:12:49
[2026-07-12T15:12:49.118+0000] {subprocess.py:93} INFO - [0m15:12:49  [31mCompleted with 2 errors, 0 partial successes, and 0 warnings:[0m
[2026-07-12T15:12:49.118+0000] {subprocess.py:93} INFO - [0m15:12:49
[2026-07-12T15:12:49.118+0000] {subprocess.py:93} INFO - [0m15:12:49  [31mFailure in model dim_drivers (models/mart/dim_drivers.sql)[0m
[2026-07-12T15:12:49.119+0000] {subprocess.py:93} INFO - [0m15:12:49    Database Error in model dim_drivers (models/mart/dim_drivers.sql)
[2026-07-12T15:12:49.119+0000] {subprocess.py:93} INFO -   Unrecognized name: is_current at [24:7]
[2026-07-12T15:12:49.119+0000] {subprocess.py:93} INFO -   compiled code at target/run/logistics_lakehouse/models/mart/dim_drivers.sql
[2026-07-12T15:12:49.119+0000] {subprocess.py:93} INFO - [0m15:12:49
[2026-07-12T15:12:49.119+0000] {subprocess.py:93} INFO - [0m15:12:49    compiled code at target/compiled/logistics_lakehouse/models/mart/dim_drivers.sql
[2026-07-12T15:12:49.119+0000] {subprocess.py:93} INFO - [0m15:12:49
[2026-07-12T15:12:49.120+0000] {subprocess.py:93} INFO - [0m15:12:49  [31mFailure in model dim_hubs (models/mart/dim_hubs.sql)[0m
[2026-07-12T15:12:49.120+0000] {subprocess.py:93} INFO - [0m15:12:49    Database Error in model dim_hubs (models/mart/dim_hubs.sql)
[2026-07-12T15:12:49.120+0000] {subprocess.py:93} INFO -   Unrecognized name: is_current at [24:7]
[2026-07-12T15:12:49.120+0000] {subprocess.py:93} INFO -   compiled code at target/run/logistics_lakehouse/models/mart/dim_hubs.sql
[2026-07-12T15:12:49.120+0000] {subprocess.py:93} INFO - [0m15:12:49
[2026-07-12T15:12:49.121+0000] {subprocess.py:93} INFO - [0m15:12:49    compiled code at target/compiled/logistics_lakehouse/models/mart/dim_hubs.sql
[2026-07-12T15:12:49.121+0000] {subprocess.py:93} INFO - [0m15:12:49
[2026-07-12T15:12:49.121+0000] {subprocess.py:93} INFO - [0m15:12:49  Done. PASS=3 WARN=0 ERROR=2 SKIP=1 NO-OP=0 TOTAL=6
[2026-07-12T15:13:59.967+0000] {subprocess.py:97} INFO - Command exited with return code 1
[2026-07-12T15:13:59.969+0000] {taskinstance.py:441} INFO - ::group::Post task execution logs
[2026-07-12T15:13:59.985+0000] {taskinstance.py:2905} ERROR - Task failed with exception
Traceback (most recent call last):
  File "/home/airflow/.local/lib/python3.12/site-packages/airflow/models/taskinstance.py", line 465, in _execute_task
    result = _execute_callable(context=context, **execute_callable_kwargs)
             ^^^^^^^^^^^^^^^^^^^^^^^^^^^^^^^^^^^^^^^^^^^^^^^^^^^^^^^^^^^^^
  File "/home/airflow/.local/lib/python3.12/site-packages/airflow/models/taskinstance.py", line 432, in _execute_callable
    return execute_callable(context=context, **execute_callable_kwargs)
           ^^^^^^^^^^^^^^^^^^^^^^^^^^^^^^^^^^^^^^^^^^^^^^^^^^^^^^^^^^^^
  File "/home/airflow/.local/lib/python3.12/site-packages/airflow/models/baseoperator.py", line 400, in wrapper
    return func(self, *args, **kwargs)
           ^^^^^^^^^^^^^^^^^^^^^^^^^^^
  File "/home/airflow/.local/lib/python3.12/site-packages/airflow/operators/bash.py", line 243, in execute
    raise AirflowException(
airflow.exceptions.AirflowException: Bash command failed. The command returned a non-zero exit code 1.
[2026-07-12T15:13:59.991+0000] {taskinstance.py:1206} INFO - Marking task as UP_FOR_RETRY. dag_id=gold_dbt_dag, task_id=trigger_dbt_build, run_id=dataset_triggered__2026-07-12T15:12:37.978655+00:00, execution_date=20260712T151237, start_date=20260712T151239, end_date=20260712T151359
[2026-07-12T15:14:00.005+0000] {standard_task_runner.py:110} ERROR - Failed to execute job 167 for task trigger_dbt_build (Bash command failed. The command returned a non-zero exit code 1.; 19105)
[2026-07-12T15:14:00.028+0000] {local_task_job_runner.py:240} INFO - Task exited with return code 1
[2026-07-12T15:14:00.061+0000] {taskinstance.py:3498} INFO - 0 downstream tasks scheduled from follow-on schedule check
[2026-07-12T15:14:00.064+0000] {local_task_job_runner.py:222} INFO - ::endgroup::
