[2026-07-02T23:02:55.921+0000] {local_task_job_runner.py:120} INFO - ::group::Pre task execution logs
[2026-07-02T23:02:55.938+0000] {taskinstance.py:2076} INFO - Dependencies all met for dep_context=non-requeueable deps ti=<TaskInstance: gold_dbt_dag.trigger_dbt_build dataset_triggered__2026-07-02T23:02:55.307093+00:00 [queued]>
[2026-07-02T23:02:55.941+0000] {taskinstance.py:2076} INFO - Dependencies all met for dep_context=requeueable deps ti=<TaskInstance: gold_dbt_dag.trigger_dbt_build dataset_triggered__2026-07-02T23:02:55.307093+00:00 [queued]>
[2026-07-02T23:02:55.941+0000] {taskinstance.py:2306} INFO - Starting attempt 1 of 2
[2026-07-02T23:02:55.945+0000] {taskinstance.py:2330} INFO - Executing <Task(BashOperator): trigger_dbt_build> on 2026-07-02 23:02:55.307093+00:00
[2026-07-02T23:02:55.953+0000] {logging_mixin.py:188} WARNING - /home/***/.local/lib/python3.12/site-packages/***/task/task_runner/standard_task_runner.py:61 DeprecationWarning: This process (pid=97564) is multi-threaded, use of fork() may lead to deadlocks in the child.
[2026-07-02T23:02:55.953+0000] {standard_task_runner.py:63} INFO - Started process 97565 to run task
[2026-07-02T23:02:55.950+0000] {standard_task_runner.py:90} INFO - Running: ['***', 'tasks', 'run', 'gold_dbt_dag', 'trigger_dbt_build', 'dataset_triggered__2026-07-02T23:02:55.307093+00:00', '--job-id', '306', '--raw', '--subdir', 'DAGS_FOLDER/dag_gold_dbt.py', '--cfg-path', '/tmp/tmp1muy3dkw']
[2026-07-02T23:02:55.955+0000] {standard_task_runner.py:91} INFO - Job 306: Subtask trigger_dbt_build
[2026-07-02T23:02:55.979+0000] {task_command.py:426} INFO - Running <TaskInstance: gold_dbt_dag.trigger_dbt_build dataset_triggered__2026-07-02T23:02:55.307093+00:00 [running]> on host bd23e89d97be
[2026-07-02T23:02:56.023+0000] {taskinstance.py:2648} INFO - Exporting env vars: AIRFLOW_CTX_DAG_OWNER='data_engineer' AIRFLOW_CTX_DAG_ID='gold_dbt_dag' AIRFLOW_CTX_TASK_ID='trigger_dbt_build' AIRFLOW_CTX_EXECUTION_DATE='2026-07-02T23:02:55.307093+00:00' AIRFLOW_CTX_TRY_NUMBER='1' AIRFLOW_CTX_DAG_RUN_ID='dataset_triggered__2026-07-02T23:02:55.307093+00:00'
[2026-07-02T23:02:56.023+0000] {taskinstance.py:430} INFO - ::endgroup::
[2026-07-02T23:02:56.030+0000] {subprocess.py:63} INFO - Tmp dir root location: /tmp
[2026-07-02T23:02:56.031+0000] {subprocess.py:75} INFO - Running command: ['/usr/bin/bash', '-c', 'cd /opt/***/dbt && dbt build --profiles-dir . --target dev']
[2026-07-02T23:02:56.034+0000] {subprocess.py:86} INFO - Output:
[2026-07-02T23:02:57.112+0000] {subprocess.py:93} INFO - [0m23:02:57  Running with dbt=1.11.11
[2026-07-02T23:02:57.599+0000] {subprocess.py:93} INFO - [0m23:02:57  Registered adapter: bigquery=1.11.3
[2026-07-02T23:02:57.810+0000] {subprocess.py:93} INFO - [0m23:02:57  Found 5 models, 4 sources, 553 macros
[2026-07-02T23:02:57.811+0000] {subprocess.py:93} INFO - [0m23:02:57
[2026-07-02T23:02:57.812+0000] {subprocess.py:93} INFO - [0m23:02:57  Concurrency: 4 threads (target='dev')
[2026-07-02T23:02:57.812+0000] {subprocess.py:93} INFO - [0m23:02:57
[2026-07-02T23:02:59.498+0000] {subprocess.py:93} INFO - [0m23:02:59  1 of 5 START sql table model logistics_mart.dim_drivers ........................ [RUN]
[2026-07-02T23:02:59.498+0000] {subprocess.py:93} INFO - [0m23:02:59  2 of 5 START sql table model logistics_mart.dim_hubs ........................... [RUN]
[2026-07-02T23:02:59.499+0000] {subprocess.py:93} INFO - [0m23:02:59  3 of 5 START sql view model logistics_mart.stg_shipments ....................... [RUN]
[2026-07-02T23:02:59.499+0000] {subprocess.py:93} INFO - [0m23:02:59  4 of 5 START sql view model logistics_mart.stg_weather ......................... [RUN]
[2026-07-02T23:03:01.465+0000] {subprocess.py:93} INFO - [0m23:03:01  4 of 5 OK created sql view model logistics_mart.stg_weather .................... [[32mCREATE VIEW (0 processed)[0m in 1.96s]
[2026-07-02T23:03:01.511+0000] {subprocess.py:93} INFO - [0m23:03:01  3 of 5 OK created sql view model logistics_mart.stg_shipments .................. [[32mCREATE VIEW (0 processed)[0m in 2.01s]
[2026-07-02T23:03:02.927+0000] {subprocess.py:93} INFO - [0m23:03:02  1 of 5 OK created sql table model logistics_mart.dim_drivers ................... [[32mCREATE TABLE (3.0 rows, 108.0 Bytes processed)[0m in 3.42s]
[2026-07-02T23:03:03.365+0000] {subprocess.py:93} INFO - [0m23:03:03  2 of 5 OK created sql table model logistics_mart.dim_hubs ...................... [[32mCREATE TABLE (3.0 rows, 149.0 Bytes processed)[0m in 3.86s]
[2026-07-02T23:03:03.369+0000] {subprocess.py:93} INFO - [0m23:03:03  5 of 5 START sql table model logistics_mart.fact_shipment_weather .............. [RUN]
[2026-07-02T23:03:07.423+0000] {subprocess.py:93} INFO - [0m23:03:07  5 of 5 OK created sql table model logistics_mart.fact_shipment_weather ......... [[32mCREATE TABLE (326.0 rows, 21.0 KiB processed)[0m in 4.05s]
[2026-07-02T23:03:07.466+0000] {subprocess.py:93} INFO - [0m23:03:07
[2026-07-02T23:03:07.466+0000] {subprocess.py:93} INFO - [0m23:03:07  Finished running 3 table models, 2 view models in 0 hours 0 minutes and 9.65 seconds (9.65s).
[2026-07-02T23:03:07.494+0000] {subprocess.py:93} INFO - [0m23:03:07
[2026-07-02T23:03:07.494+0000] {subprocess.py:93} INFO - [0m23:03:07  [32mCompleted successfully[0m
[2026-07-02T23:03:07.495+0000] {subprocess.py:93} INFO - [0m23:03:07
[2026-07-02T23:03:07.495+0000] {subprocess.py:93} INFO - [0m23:03:07  Done. PASS=5 WARN=0 ERROR=0 SKIP=0 NO-OP=0 TOTAL=5
[2026-07-02T23:03:09.217+0000] {subprocess.py:97} INFO - Command exited with return code 0
[2026-07-02T23:03:09.218+0000] {taskinstance.py:441} INFO - ::group::Post task execution logs
[2026-07-02T23:03:09.231+0000] {taskinstance.py:1206} INFO - Marking task as SUCCESS. dag_id=gold_dbt_dag, task_id=trigger_dbt_build, run_id=dataset_triggered__2026-07-02T23:02:55.307093+00:00, execution_date=20260702T230255, start_date=20260702T230255, end_date=20260702T230309
[2026-07-02T23:03:09.273+0000] {local_task_job_runner.py:240} INFO - Task exited with return code 0
[2026-07-02T23:03:09.281+0000] {taskinstance.py:3498} INFO - 0 downstream tasks scheduled from follow-on schedule check
[2026-07-02T23:03:09.282+0000] {local_task_job_runner.py:222} INFO - ::endgroup::
