[2026-07-10T07:11:41.632+0000] {local_task_job_runner.py:120} INFO - ::group::Pre task execution logs
[2026-07-10T07:11:41.669+0000] {taskinstance.py:2076} INFO - Dependencies all met for dep_context=non-requeueable deps ti=<TaskInstance: silver_cdc_dag.spark_cdc_to_iceberg dataset_triggered__2026-07-10T07:11:40.800324+00:00 [queued]>
[2026-07-10T07:11:41.677+0000] {taskinstance.py:2076} INFO - Dependencies all met for dep_context=requeueable deps ti=<TaskInstance: silver_cdc_dag.spark_cdc_to_iceberg dataset_triggered__2026-07-10T07:11:40.800324+00:00 [queued]>
[2026-07-10T07:11:41.677+0000] {taskinstance.py:2306} INFO - Starting attempt 1 of 1
[2026-07-10T07:11:41.694+0000] {taskinstance.py:2330} INFO - Executing <Task(BashOperator): spark_cdc_to_iceberg> on 2026-07-10 07:11:40.800324+00:00
[2026-07-10T07:11:41.708+0000] {standard_task_runner.py:90} INFO - Running: ['***', 'tasks', 'run', 'silver_cdc_dag', 'spark_cdc_to_iceberg', 'dataset_triggered__2026-07-10T07:11:40.800324+00:00', '--job-id', '1424', '--raw', '--subdir', 'DAGS_FOLDER/dag_silver_cdc.py', '--cfg-path', '/tmp/tmpc_144yfn']
[2026-07-10T07:11:41.721+0000] {standard_task_runner.py:91} INFO - Job 1424: Subtask spark_cdc_to_iceberg
[2026-07-10T07:11:41.720+0000] {logging_mixin.py:188} WARNING - /home/***/.local/lib/python3.12/site-packages/***/task/task_runner/standard_task_runner.py:61 DeprecationWarning: This process (pid=15701) is multi-threaded, use of fork() may lead to deadlocks in the child.
[2026-07-10T07:11:41.721+0000] {standard_task_runner.py:63} INFO - Started process 15704 to run task
[2026-07-10T07:11:41.825+0000] {task_command.py:426} INFO - Running <TaskInstance: silver_cdc_dag.spark_cdc_to_iceberg dataset_triggered__2026-07-10T07:11:40.800324+00:00 [running]> on host bd23e89d97be
[2026-07-10T07:11:41.915+0000] {taskinstance.py:2648} INFO - Exporting env vars: AIRFLOW_CTX_DAG_OWNER='data_engineer' AIRFLOW_CTX_DAG_ID='silver_cdc_dag' AIRFLOW_CTX_TASK_ID='spark_cdc_to_iceberg' AIRFLOW_CTX_EXECUTION_DATE='2026-07-10T07:11:40.800324+00:00' AIRFLOW_CTX_TRY_NUMBER='1' AIRFLOW_CTX_DAG_RUN_ID='dataset_triggered__2026-07-10T07:11:40.800324+00:00'
[2026-07-10T07:11:41.916+0000] {taskinstance.py:430} INFO - ::endgroup::
[2026-07-10T07:11:41.926+0000] {subprocess.py:63} INFO - Tmp dir root location: /tmp
[2026-07-10T07:11:41.930+0000] {subprocess.py:75} INFO - Running command: ['/usr/bin/bash', '-c', 'export JAVA_HOME=/usr/lib/jvm/default-java && python /opt/***/dags/spark/silver_cdc.py "gs://your-lakehouse-bucket/bronze/cdc/shipments/" "shipments_iceberg"']
[2026-07-10T07:11:41.939+0000] {subprocess.py:86} INFO - Output:
[2026-07-10T07:11:43.670+0000] {subprocess.py:93} INFO - WARNING: Using incubator modules: jdk.incubator.vector
[2026-07-10T07:11:45.002+0000] {subprocess.py:93} INFO - Using Spark's default log4j profile: org/apache/spark/log4j2-defaults.properties
[2026-07-10T07:11:45.003+0000] {subprocess.py:93} INFO - Setting default log level to "WARN".
[2026-07-10T07:11:45.004+0000] {subprocess.py:93} INFO - To adjust logging level use sc.setLogLevel(newLevel). For SparkR, use setLogLevel(newLevel).
[2026-07-10T07:11:45.913+0000] {subprocess.py:93} INFO - 26/07/10 07:11:45 WARN NativeCodeLoader: Unable to load native-hadoop library for your platform... using builtin-java classes where applicable
[2026-07-10T07:11:46.973+0000] {subprocess.py:93} INFO - 26/07/10 07:11:46 WARN Utils: Service 'SparkUI' could not bind on port 4040. Attempting port 4041.
[2026-07-10T07:11:55.724+0000] {subprocess.py:93} INFO - [Stage 0:>                                                        (0 + 12) / 12][Stage 0:====>                                                    (1 + 11) / 12]                                                                                SUCCESS: Data written to /opt/***/lakehouse/silver/shipments_iceberg
[2026-07-10T07:11:56.323+0000] {subprocess.py:97} INFO - Command exited with return code 0
[2026-07-10T07:11:56.329+0000] {taskinstance.py:441} INFO - ::group::Post task execution logs
[2026-07-10T07:11:56.382+0000] {logging_mixin.py:188} WARNING - /home/***/.local/lib/python3.12/site-packages/***/models/baseoperator.py:1564 RemovedInAirflow3Warning: Passing 'execution_date' to 'TaskInstance.xcom_push()' is deprecated.
[2026-07-10T07:11:56.404+0000] {taskinstance.py:1206} INFO - Marking task as SUCCESS. dag_id=silver_cdc_dag, task_id=spark_cdc_to_iceberg, run_id=dataset_triggered__2026-07-10T07:11:40.800324+00:00, execution_date=20260710T071140, start_date=20260710T071141, end_date=20260710T071156
[2026-07-10T07:11:56.441+0000] {local_task_job_runner.py:240} INFO - Task exited with return code 0
[2026-07-10T07:11:56.479+0000] {taskinstance.py:3498} INFO - 0 downstream tasks scheduled from follow-on schedule check
[2026-07-10T07:11:56.480+0000] {local_task_job_runner.py:222} INFO - ::endgroup::
