[2026-07-12T18:11:21.708+0000] {local_task_job_runner.py:120} INFO - ::group::Pre task execution logs
[2026-07-12T18:11:21.749+0000] {taskinstance.py:2076} INFO - Dependencies all met for dep_context=non-requeueable deps ti=<TaskInstance: gold_dbt_dag.trigger_dbt_build manual__2026-07-12T18:09:07.101233+00:00 [queued]>
[2026-07-12T18:11:21.752+0000] {taskinstance.py:2076} INFO - Dependencies all met for dep_context=requeueable deps ti=<TaskInstance: gold_dbt_dag.trigger_dbt_build manual__2026-07-12T18:09:07.101233+00:00 [queued]>
[2026-07-12T18:11:21.753+0000] {taskinstance.py:2306} INFO - Starting attempt 2 of 2
[2026-07-12T18:11:21.760+0000] {taskinstance.py:2330} INFO - Executing <Task(BashOperator): trigger_dbt_build> on 2026-07-12 18:09:07.101233+00:00
[2026-07-12T18:11:21.771+0000] {standard_task_runner.py:90} INFO - Running: ['***', 'tasks', 'run', 'gold_dbt_dag', 'trigger_dbt_build', 'manual__2026-07-12T18:09:07.101233+00:00', '--job-id', '192', '--raw', '--subdir', 'DAGS_FOLDER/dag_gold_dbt.py', '--cfg-path', '/tmp/tmppe39n5o0']
[2026-07-12T18:11:21.778+0000] {standard_task_runner.py:91} INFO - Job 192: Subtask trigger_dbt_build
[2026-07-12T18:11:21.781+0000] {logging_mixin.py:188} WARNING - /home/***/.local/lib/python3.12/site-packages/***/task/task_runner/standard_task_runner.py:61 DeprecationWarning: This process (pid=31564) is multi-threaded, use of fork() may lead to deadlocks in the child.
[2026-07-12T18:11:21.781+0000] {standard_task_runner.py:63} INFO - Started process 31565 to run task
[2026-07-12T18:11:21.810+0000] {task_command.py:426} INFO - Running <TaskInstance: gold_dbt_dag.trigger_dbt_build manual__2026-07-12T18:09:07.101233+00:00 [running]> on host ad4e12f53b08
[2026-07-12T18:11:21.856+0000] {taskinstance.py:2648} INFO - Exporting env vars: AIRFLOW_CTX_DAG_OWNER='data_engineer' AIRFLOW_CTX_DAG_ID='gold_dbt_dag' AIRFLOW_CTX_TASK_ID='trigger_dbt_build' AIRFLOW_CTX_EXECUTION_DATE='2026-07-12T18:09:07.101233+00:00' AIRFLOW_CTX_TRY_NUMBER='2' AIRFLOW_CTX_DAG_RUN_ID='manual__2026-07-12T18:09:07.101233+00:00'
[2026-07-12T18:11:21.857+0000] {taskinstance.py:430} INFO - ::endgroup::
[2026-07-12T18:11:21.865+0000] {subprocess.py:63} INFO - Tmp dir root location: /tmp
[2026-07-12T18:11:21.868+0000] {subprocess.py:75} INFO - Running command: ['/usr/bin/bash', '-c', 'cd /opt/***/dbt && dbt build --profiles-dir . --target dev']
[2026-07-12T18:11:21.874+0000] {subprocess.py:86} INFO - Output:
[2026-07-12T18:11:23.153+0000] {subprocess.py:93} INFO - [0m18:11:23  Running with dbt=1.11.11
[2026-07-12T18:11:23.791+0000] {subprocess.py:93} INFO - [0m18:11:23  Registered adapter: bigquery=1.11.3
[2026-07-12T18:11:24.060+0000] {subprocess.py:93} INFO - [0m18:11:24  Found 6 models, 4 sources, 553 macros
[2026-07-12T18:11:24.061+0000] {subprocess.py:93} INFO - [0m18:11:24
[2026-07-12T18:11:24.061+0000] {subprocess.py:93} INFO - [0m18:11:24  Concurrency: 4 threads (target='dev')
[2026-07-12T18:11:24.062+0000] {subprocess.py:93} INFO - [0m18:11:24
[2026-07-12T18:11:25.517+0000] {subprocess.py:93} INFO - [0m18:11:25  1 of 6 START sql table model logistics_mart.dim_drivers ........................ [RUN]
[2026-07-12T18:11:25.518+0000] {subprocess.py:93} INFO - [0m18:11:25  2 of 6 START sql table model logistics_mart.dim_hubs ........................... [RUN]
[2026-07-12T18:11:25.519+0000] {subprocess.py:93} INFO - [0m18:11:25  3 of 6 START sql view model logistics_mart.stg_shipments ....................... [RUN]
[2026-07-12T18:11:25.519+0000] {subprocess.py:93} INFO - [0m18:11:25  4 of 6 START sql view model logistics_mart.stg_weather ......................... [RUN]
[2026-07-12T18:11:27.323+0000] {subprocess.py:93} INFO - [0m18:11:27  BigQuery adapter: https://console.cloud.google.com/bigquery?project=logistics-500519&j=bq:US:ce23a5cc-1632-40bf-a927-d5cdca3199d3&page=queryresults
[2026-07-12T18:11:27.345+0000] {subprocess.py:93} INFO - [0m18:11:27  1 of 6 ERROR creating sql table model logistics_mart.dim_drivers ............... [[31mERROR[0m in 1.82s]
[2026-07-12T18:11:27.364+0000] {subprocess.py:93} INFO - [0m18:11:27  5 of 6 START sql view model logistics_mart.stg_weather_consensus ............... [RUN]
[2026-07-12T18:11:27.417+0000] {subprocess.py:93} INFO - [0m18:11:27  4 of 6 OK created sql view model logistics_mart.stg_weather .................... [[32mCREATE VIEW (0 processed)[0m in 1.89s]
[2026-07-12T18:11:27.418+0000] {subprocess.py:93} INFO - [0m18:11:27  3 of 6 OK created sql view model logistics_mart.stg_shipments .................. [[32mCREATE VIEW (0 processed)[0m in 1.90s]
[2026-07-12T18:11:27.467+0000] {subprocess.py:93} INFO - [0m18:11:27  BigQuery adapter: https://console.cloud.google.com/bigquery?project=logistics-500519&j=bq:US:902f1211-bb86-4ff5-bc59-7b5f9e0790c7&page=queryresults
[2026-07-12T18:11:27.472+0000] {subprocess.py:93} INFO - [0m18:11:27  2 of 6 ERROR creating sql table model logistics_mart.dim_hubs .................. [[31mERROR[0m in 1.95s]
[2026-07-12T18:11:29.028+0000] {subprocess.py:93} INFO - [0m18:11:29  5 of 6 OK created sql view model logistics_mart.stg_weather_consensus .......... [[32mCREATE VIEW (0 processed)[0m in 1.66s]
[2026-07-12T18:11:29.031+0000] {subprocess.py:93} INFO - [0m18:11:29  6 of 6 SKIP relation logistics_mart.fact_shipment_weather ...................... [[33mSKIP[0m]
[2026-07-12T18:11:29.079+0000] {subprocess.py:93} INFO - [0m18:11:29
[2026-07-12T18:11:29.079+0000] {subprocess.py:93} INFO - [0m18:11:29  Finished running 3 table models, 3 view models in 0 hours 0 minutes and 5.02 seconds (5.02s).
[2026-07-12T18:11:29.117+0000] {subprocess.py:93} INFO - [0m18:11:29
[2026-07-12T18:11:29.118+0000] {subprocess.py:93} INFO - [0m18:11:29  [31mCompleted with 2 errors, 0 partial successes, and 0 warnings:[0m
[2026-07-12T18:11:29.118+0000] {subprocess.py:93} INFO - [0m18:11:29
[2026-07-12T18:11:29.118+0000] {subprocess.py:93} INFO - [0m18:11:29  [31mFailure in model dim_drivers (models/mart/dim_drivers.sql)[0m
[2026-07-12T18:11:29.119+0000] {subprocess.py:93} INFO - [0m18:11:29    Database Error in model dim_drivers (models/mart/dim_drivers.sql)
[2026-07-12T18:11:29.119+0000] {subprocess.py:93} INFO -   Unrecognized name: is_current at [24:7]
[2026-07-12T18:11:29.119+0000] {subprocess.py:93} INFO -   compiled code at target/run/logistics_lakehouse/models/mart/dim_drivers.sql
[2026-07-12T18:11:29.119+0000] {subprocess.py:93} INFO - [0m18:11:29
[2026-07-12T18:11:29.119+0000] {subprocess.py:93} INFO - [0m18:11:29    compiled code at target/compiled/logistics_lakehouse/models/mart/dim_drivers.sql
[2026-07-12T18:11:29.119+0000] {subprocess.py:93} INFO - [0m18:11:29
[2026-07-12T18:11:29.120+0000] {subprocess.py:93} INFO - [0m18:11:29  [31mFailure in model dim_hubs (models/mart/dim_hubs.sql)[0m
[2026-07-12T18:11:29.120+0000] {subprocess.py:93} INFO - [0m18:11:29    Database Error in model dim_hubs (models/mart/dim_hubs.sql)
[2026-07-12T18:11:29.120+0000] {subprocess.py:93} INFO -   Unrecognized name: is_current at [24:7]
[2026-07-12T18:11:29.120+0000] {subprocess.py:93} INFO -   compiled code at target/run/logistics_lakehouse/models/mart/dim_hubs.sql
[2026-07-12T18:11:29.120+0000] {subprocess.py:93} INFO - [0m18:11:29
[2026-07-12T18:11:29.120+0000] {subprocess.py:93} INFO - [0m18:11:29    compiled code at target/compiled/logistics_lakehouse/models/mart/dim_hubs.sql
[2026-07-12T18:11:29.121+0000] {subprocess.py:93} INFO - [0m18:11:29
[2026-07-12T18:11:29.121+0000] {subprocess.py:93} INFO - [0m18:11:29  Done. PASS=3 WARN=0 ERROR=2 SKIP=1 NO-OP=0 TOTAL=6
[2026-07-12T18:11:31.039+0000] {subprocess.py:97} INFO - Command exited with return code 1
[2026-07-12T18:11:31.040+0000] {taskinstance.py:441} INFO - ::group::Post task execution logs
[2026-07-12T18:11:31.051+0000] {taskinstance.py:2905} ERROR - Task failed with exception
Traceback (most recent call last):
  File "/home/airflow/.local/lib/python3.12/site-packages/airflow/models/taskinstance.py", line 465, in _execute_task
    result = _execute_callable(context=context, **execute_callable_kwargs)
             ^^^^^^^^^^^^^^^^^^^^^^^^^^^^^^^^^^^^^^^^^^^^^^^^^^^^^^^^^^^^^
  File "/home/airflow/.local/lib/python3.12/site-packages/airflow/models/taskinstance.py", line 432, in _execute_callable
    return execute_callable(context=context, **execute_callable_kwargs)
           ^^^^^^^^^^^^^^^^^^^^^^^^^^^^^^^^^^^^^^^^^^^^^^^^^^^^^^^^^^^^
  File "/home/airflow/.local/lib/python3.12/site-packages/airflow/models/baseoperator.py", line 400, in wrapper
    return func(self, *args, **kwargs)
           ^^^^^^^^^^^^^^^^^^^^^^^^^^^
  File "/home/airflow/.local/lib/python3.12/site-packages/airflow/operators/bash.py", line 243, in execute
    raise AirflowException(
airflow.exceptions.AirflowException: Bash command failed. The command returned a non-zero exit code 1.
[2026-07-12T18:11:31.055+0000] {taskinstance.py:1206} INFO - Marking task as FAILED. dag_id=gold_dbt_dag, task_id=trigger_dbt_build, run_id=manual__2026-07-12T18:09:07.101233+00:00, execution_date=20260712T180907, start_date=20260712T181121, end_date=20260712T181131
[2026-07-12T18:11:31.071+0000] {standard_task_runner.py:110} ERROR - Failed to execute job 192 for task trigger_dbt_build (Bash command failed. The command returned a non-zero exit code 1.; 31565)
[2026-07-12T18:11:31.084+0000] {local_task_job_runner.py:240} INFO - Task exited with return code 1
[2026-07-12T18:11:31.096+0000] {taskinstance.py:3498} INFO - 0 downstream tasks scheduled from follow-on schedule check
[2026-07-12T18:11:31.097+0000] {local_task_job_runner.py:222} INFO - ::endgroup::
