[2026-07-06T02:26:55.323+0000] {local_task_job_runner.py:120} INFO - ::group::Pre task execution logs
[2026-07-06T02:26:55.341+0000] {taskinstance.py:2076} INFO - Dependencies all met for dep_context=non-requeueable deps ti=<TaskInstance: gold_dbt_dag.trigger_dbt_build dataset_triggered__2026-07-06T02:26:54.680466+00:00 [queued]>
[2026-07-06T02:26:55.345+0000] {taskinstance.py:2076} INFO - Dependencies all met for dep_context=requeueable deps ti=<TaskInstance: gold_dbt_dag.trigger_dbt_build dataset_triggered__2026-07-06T02:26:54.680466+00:00 [queued]>
[2026-07-06T02:26:55.345+0000] {taskinstance.py:2306} INFO - Starting attempt 1 of 2
[2026-07-06T02:26:55.350+0000] {taskinstance.py:2330} INFO - Executing <Task(BashOperator): trigger_dbt_build> on 2026-07-06 02:26:54.680466+00:00
[2026-07-06T02:26:55.354+0000] {logging_mixin.py:188} WARNING - /home/***/.local/lib/python3.12/site-packages/***/task/task_runner/standard_task_runner.py:61 DeprecationWarning: This process (pid=57427) is multi-threaded, use of fork() may lead to deadlocks in the child.
[2026-07-06T02:26:55.355+0000] {standard_task_runner.py:63} INFO - Started process 57428 to run task
[2026-07-06T02:26:55.354+0000] {standard_task_runner.py:90} INFO - Running: ['***', 'tasks', 'run', 'gold_dbt_dag', 'trigger_dbt_build', 'dataset_triggered__2026-07-06T02:26:54.680466+00:00', '--job-id', '749', '--raw', '--subdir', 'DAGS_FOLDER/dag_gold_dbt.py', '--cfg-path', '/tmp/tmppo34z4el']
[2026-07-06T02:26:55.355+0000] {standard_task_runner.py:91} INFO - Job 749: Subtask trigger_dbt_build
[2026-07-06T02:26:55.377+0000] {task_command.py:426} INFO - Running <TaskInstance: gold_dbt_dag.trigger_dbt_build dataset_triggered__2026-07-06T02:26:54.680466+00:00 [running]> on host bd23e89d97be
[2026-07-06T02:26:55.410+0000] {taskinstance.py:2648} INFO - Exporting env vars: AIRFLOW_CTX_DAG_OWNER='data_engineer' AIRFLOW_CTX_DAG_ID='gold_dbt_dag' AIRFLOW_CTX_TASK_ID='trigger_dbt_build' AIRFLOW_CTX_EXECUTION_DATE='2026-07-06T02:26:54.680466+00:00' AIRFLOW_CTX_TRY_NUMBER='1' AIRFLOW_CTX_DAG_RUN_ID='dataset_triggered__2026-07-06T02:26:54.680466+00:00'
[2026-07-06T02:26:55.411+0000] {taskinstance.py:430} INFO - ::endgroup::
[2026-07-06T02:26:55.426+0000] {subprocess.py:63} INFO - Tmp dir root location: /tmp
[2026-07-06T02:26:55.427+0000] {subprocess.py:75} INFO - Running command: ['/usr/bin/bash', '-c', 'cd /opt/***/dbt && dbt build --profiles-dir . --target dev']
[2026-07-06T02:26:55.432+0000] {subprocess.py:86} INFO - Output:
[2026-07-06T02:26:57.030+0000] {subprocess.py:93} INFO - [0m02:26:57  Running with dbt=1.11.11
[2026-07-06T02:26:57.885+0000] {subprocess.py:93} INFO - [0m02:26:57  Registered adapter: bigquery=1.11.3
[2026-07-06T02:26:58.228+0000] {subprocess.py:93} INFO - [0m02:26:58  Found 5 models, 4 sources, 553 macros
[2026-07-06T02:26:58.229+0000] {subprocess.py:93} INFO - [0m02:26:58
[2026-07-06T02:26:58.230+0000] {subprocess.py:93} INFO - [0m02:26:58  Concurrency: 4 threads (target='dev')
[2026-07-06T02:26:58.230+0000] {subprocess.py:93} INFO - [0m02:26:58
[2026-07-06T02:26:59.978+0000] {subprocess.py:93} INFO - [0m02:26:59  1 of 5 START sql table model logistics_mart.dim_drivers ........................ [RUN]
[2026-07-06T02:26:59.978+0000] {subprocess.py:93} INFO - [0m02:26:59  2 of 5 START sql table model logistics_mart.dim_hubs ........................... [RUN]
[2026-07-06T02:26:59.979+0000] {subprocess.py:93} INFO - [0m02:26:59  3 of 5 START sql view model logistics_mart.stg_shipments ....................... [RUN]
[2026-07-06T02:26:59.979+0000] {subprocess.py:93} INFO - [0m02:26:59  4 of 5 START sql view model logistics_mart.stg_weather ......................... [RUN]
[2026-07-06T02:27:01.875+0000] {subprocess.py:93} INFO - [0m02:27:01  3 of 5 OK created sql view model logistics_mart.stg_shipments .................. [[32mCREATE VIEW (0 processed)[0m in 1.89s]
[2026-07-06T02:27:01.903+0000] {subprocess.py:93} INFO - [0m02:27:01  4 of 5 OK created sql view model logistics_mart.stg_weather .................... [[32mCREATE VIEW (0 processed)[0m in 1.92s]
[2026-07-06T02:27:03.624+0000] {subprocess.py:93} INFO - [0m02:27:03  1 of 5 OK created sql table model logistics_mart.dim_drivers ................... [[32mCREATE TABLE (3.0 rows, 108.0 Bytes processed)[0m in 3.64s]
[2026-07-06T02:27:03.770+0000] {subprocess.py:93} INFO - [0m02:27:03  2 of 5 OK created sql table model logistics_mart.dim_hubs ...................... [[32mCREATE TABLE (3.0 rows, 149.0 Bytes processed)[0m in 3.79s]
[2026-07-06T02:27:03.774+0000] {subprocess.py:93} INFO - [0m02:27:03  5 of 5 START sql table model logistics_mart.fact_shipment_weather .............. [RUN]
[2026-07-06T02:37:09.662+0000] {subprocess.py:93} INFO - [0m02:37:09  5 of 5 OK created sql table model logistics_mart.fact_shipment_weather ......... [[32mCREATE TABLE (881.0 rows, 55.9 KiB processed)[0m in 605.88s]
[2026-07-06T02:37:09.713+0000] {subprocess.py:93} INFO - [0m02:37:09
[2026-07-06T02:37:09.713+0000] {subprocess.py:93} INFO - [0m02:37:09  Finished running 3 table models, 2 view models in 0 hours 10 minutes and 11.48 seconds (611.48s).
[2026-07-06T02:37:09.745+0000] {subprocess.py:93} INFO - [0m02:37:09
[2026-07-06T02:37:09.745+0000] {subprocess.py:93} INFO - [0m02:37:09  [32mCompleted successfully[0m
[2026-07-06T02:37:09.745+0000] {subprocess.py:93} INFO - [0m02:37:09
[2026-07-06T02:37:09.746+0000] {subprocess.py:93} INFO - [0m02:37:09  Done. PASS=5 WARN=0 ERROR=0 SKIP=0 NO-OP=0 TOTAL=5
[2026-07-06T02:37:11.688+0000] {subprocess.py:97} INFO - Command exited with return code 0
[2026-07-06T02:37:11.690+0000] {taskinstance.py:441} INFO - ::group::Post task execution logs
[2026-07-06T02:37:11.708+0000] {taskinstance.py:1206} INFO - Marking task as SUCCESS. dag_id=gold_dbt_dag, task_id=trigger_dbt_build, run_id=dataset_triggered__2026-07-06T02:26:54.680466+00:00, execution_date=20260706T022654, start_date=20260706T022655, end_date=20260706T023711
[2026-07-06T02:37:11.755+0000] {local_task_job_runner.py:240} INFO - Task exited with return code 0
[2026-07-06T02:37:11.766+0000] {taskinstance.py:3498} INFO - 0 downstream tasks scheduled from follow-on schedule check
[2026-07-06T02:37:11.766+0000] {local_task_job_runner.py:222} INFO - ::endgroup::
