[2026-07-12T17:02:37.432+0000] {local_task_job_runner.py:120} INFO - ::group::Pre task execution logs
[2026-07-12T17:02:37.478+0000] {taskinstance.py:2076} INFO - Dependencies all met for dep_context=non-requeueable deps ti=<TaskInstance: gold_dbt_dag.trigger_dbt_build dataset_triggered__2026-07-12T17:00:24.570576+00:00 [queued]>
[2026-07-12T17:02:37.485+0000] {taskinstance.py:2076} INFO - Dependencies all met for dep_context=requeueable deps ti=<TaskInstance: gold_dbt_dag.trigger_dbt_build dataset_triggered__2026-07-12T17:00:24.570576+00:00 [queued]>
[2026-07-12T17:02:37.485+0000] {taskinstance.py:2306} INFO - Starting attempt 2 of 2
[2026-07-12T17:02:37.494+0000] {taskinstance.py:2330} INFO - Executing <Task(BashOperator): trigger_dbt_build> on 2026-07-12 17:00:24.570576+00:00
[2026-07-12T17:02:37.514+0000] {logging_mixin.py:188} WARNING - /home/***/.local/lib/python3.12/site-packages/***/task/task_runner/standard_task_runner.py:61 DeprecationWarning: This process (pid=25985) is multi-threaded, use of fork() may lead to deadlocks in the child.
[2026-07-12T17:02:37.512+0000] {standard_task_runner.py:90} INFO - Running: ['***', 'tasks', 'run', 'gold_dbt_dag', 'trigger_dbt_build', 'dataset_triggered__2026-07-12T17:00:24.570576+00:00', '--job-id', '182', '--raw', '--subdir', 'DAGS_FOLDER/dag_gold_dbt.py', '--cfg-path', '/tmp/tmp7pedyl5a']
[2026-07-12T17:02:37.516+0000] {standard_task_runner.py:91} INFO - Job 182: Subtask trigger_dbt_build
[2026-07-12T17:02:37.516+0000] {standard_task_runner.py:63} INFO - Started process 25986 to run task
[2026-07-12T17:02:37.573+0000] {task_command.py:426} INFO - Running <TaskInstance: gold_dbt_dag.trigger_dbt_build dataset_triggered__2026-07-12T17:00:24.570576+00:00 [running]> on host ad4e12f53b08
[2026-07-12T17:02:37.646+0000] {taskinstance.py:2648} INFO - Exporting env vars: AIRFLOW_CTX_DAG_OWNER='data_engineer' AIRFLOW_CTX_DAG_ID='gold_dbt_dag' AIRFLOW_CTX_TASK_ID='trigger_dbt_build' AIRFLOW_CTX_EXECUTION_DATE='2026-07-12T17:00:24.570576+00:00' AIRFLOW_CTX_TRY_NUMBER='2' AIRFLOW_CTX_DAG_RUN_ID='dataset_triggered__2026-07-12T17:00:24.570576+00:00'
[2026-07-12T17:02:37.647+0000] {taskinstance.py:430} INFO - ::endgroup::
[2026-07-12T17:02:37.662+0000] {subprocess.py:63} INFO - Tmp dir root location: /tmp
[2026-07-12T17:02:37.663+0000] {subprocess.py:75} INFO - Running command: ['/usr/bin/bash', '-c', 'cd /opt/***/dbt && dbt build --profiles-dir . --target dev']
[2026-07-12T17:02:37.670+0000] {subprocess.py:86} INFO - Output:
[2026-07-12T17:02:39.354+0000] {subprocess.py:93} INFO - [0m17:02:39  Running with dbt=1.11.11
[2026-07-12T17:02:40.118+0000] {subprocess.py:93} INFO - [0m17:02:40  Registered adapter: bigquery=1.11.3
[2026-07-12T17:02:40.446+0000] {subprocess.py:93} INFO - [0m17:02:40  Found 6 models, 4 sources, 553 macros
[2026-07-12T17:02:40.447+0000] {subprocess.py:93} INFO - [0m17:02:40
[2026-07-12T17:02:40.448+0000] {subprocess.py:93} INFO - [0m17:02:40  Concurrency: 4 threads (target='dev')
[2026-07-12T17:02:40.448+0000] {subprocess.py:93} INFO - [0m17:02:40
[2026-07-12T17:02:41.942+0000] {subprocess.py:93} INFO - [0m17:02:41  1 of 6 START sql table model logistics_mart.dim_drivers ........................ [RUN]
[2026-07-12T17:02:41.943+0000] {subprocess.py:93} INFO - [0m17:02:41  2 of 6 START sql table model logistics_mart.dim_hubs ........................... [RUN]
[2026-07-12T17:02:41.944+0000] {subprocess.py:93} INFO - [0m17:02:41  3 of 6 START sql view model logistics_mart.stg_shipments ....................... [RUN]
[2026-07-12T17:02:41.944+0000] {subprocess.py:93} INFO - [0m17:02:41  4 of 6 START sql view model logistics_mart.stg_weather ......................... [RUN]
[2026-07-12T17:02:43.794+0000] {subprocess.py:93} INFO - [0m17:02:43  BigQuery adapter: https://console.cloud.google.com/bigquery?project=logistics-500519&j=bq:US:69746d2f-8109-4bd7-9e15-0f5e014d59b3&page=queryresults
[2026-07-12T17:02:43.812+0000] {subprocess.py:93} INFO - [0m17:02:43  1 of 6 ERROR creating sql table model logistics_mart.dim_drivers ............... [[31mERROR[0m in 1.86s]
[2026-07-12T17:02:43.814+0000] {subprocess.py:93} INFO - [0m17:02:43  5 of 6 START sql view model logistics_mart.stg_weather_consensus ............... [RUN]
[2026-07-12T17:02:43.887+0000] {subprocess.py:93} INFO - [0m17:02:43  3 of 6 OK created sql view model logistics_mart.stg_shipments .................. [[32mCREATE VIEW (0 processed)[0m in 1.94s]
[2026-07-12T17:02:43.894+0000] {subprocess.py:93} INFO - [0m17:02:43  4 of 6 OK created sql view model logistics_mart.stg_weather .................... [[32mCREATE VIEW (0 processed)[0m in 1.94s]
[2026-07-12T17:02:44.014+0000] {subprocess.py:93} INFO - [0m17:02:44  BigQuery adapter: https://console.cloud.google.com/bigquery?project=logistics-500519&j=bq:US:9a3037dc-ba19-4242-aa3c-62c7dd526787&page=queryresults
[2026-07-12T17:02:44.019+0000] {subprocess.py:93} INFO - [0m17:02:44  2 of 6 ERROR creating sql table model logistics_mart.dim_hubs .................. [[31mERROR[0m in 2.07s]
[2026-07-12T17:02:45.540+0000] {subprocess.py:93} INFO - [0m17:02:45  5 of 6 OK created sql view model logistics_mart.stg_weather_consensus .......... [[32mCREATE VIEW (0 processed)[0m in 1.72s]
[2026-07-12T17:02:45.543+0000] {subprocess.py:93} INFO - [0m17:02:45  6 of 6 SKIP relation logistics_mart.fact_shipment_weather ...................... [[33mSKIP[0m]
[2026-07-12T17:02:45.581+0000] {subprocess.py:93} INFO - [0m17:02:45
[2026-07-12T17:02:45.581+0000] {subprocess.py:93} INFO - [0m17:02:45  Finished running 3 table models, 3 view models in 0 hours 0 minutes and 5.13 seconds (5.13s).
[2026-07-12T17:02:45.621+0000] {subprocess.py:93} INFO - [0m17:02:45
[2026-07-12T17:02:45.622+0000] {subprocess.py:93} INFO - [0m17:02:45  [31mCompleted with 2 errors, 0 partial successes, and 0 warnings:[0m
[2026-07-12T17:02:45.622+0000] {subprocess.py:93} INFO - [0m17:02:45
[2026-07-12T17:02:45.622+0000] {subprocess.py:93} INFO - [0m17:02:45  [31mFailure in model dim_drivers (models/mart/dim_drivers.sql)[0m
[2026-07-12T17:02:45.623+0000] {subprocess.py:93} INFO - [0m17:02:45    Database Error in model dim_drivers (models/mart/dim_drivers.sql)
[2026-07-12T17:02:45.623+0000] {subprocess.py:93} INFO -   Unrecognized name: is_current at [24:7]
[2026-07-12T17:02:45.623+0000] {subprocess.py:93} INFO -   compiled code at target/run/logistics_lakehouse/models/mart/dim_drivers.sql
[2026-07-12T17:02:45.623+0000] {subprocess.py:93} INFO - [0m17:02:45
[2026-07-12T17:02:45.624+0000] {subprocess.py:93} INFO - [0m17:02:45    compiled code at target/compiled/logistics_lakehouse/models/mart/dim_drivers.sql
[2026-07-12T17:02:45.624+0000] {subprocess.py:93} INFO - [0m17:02:45
[2026-07-12T17:02:45.626+0000] {subprocess.py:93} INFO - [0m17:02:45  [31mFailure in model dim_hubs (models/mart/dim_hubs.sql)[0m
[2026-07-12T17:02:45.627+0000] {subprocess.py:93} INFO - [0m17:02:45    Database Error in model dim_hubs (models/mart/dim_hubs.sql)
[2026-07-12T17:02:45.627+0000] {subprocess.py:93} INFO -   Unrecognized name: is_current at [24:7]
[2026-07-12T17:02:45.627+0000] {subprocess.py:93} INFO -   compiled code at target/run/logistics_lakehouse/models/mart/dim_hubs.sql
[2026-07-12T17:02:45.627+0000] {subprocess.py:93} INFO - [0m17:02:45
[2026-07-12T17:02:45.627+0000] {subprocess.py:93} INFO - [0m17:02:45    compiled code at target/compiled/logistics_lakehouse/models/mart/dim_hubs.sql
[2026-07-12T17:02:45.627+0000] {subprocess.py:93} INFO - [0m17:02:45
[2026-07-12T17:02:45.628+0000] {subprocess.py:93} INFO - [0m17:02:45  Done. PASS=3 WARN=0 ERROR=2 SKIP=1 NO-OP=0 TOTAL=6
[2026-07-12T17:02:48.206+0000] {subprocess.py:97} INFO - Command exited with return code 1
[2026-07-12T17:02:48.212+0000] {taskinstance.py:441} INFO - ::group::Post task execution logs
[2026-07-12T17:02:48.240+0000] {taskinstance.py:2905} ERROR - Task failed with exception
Traceback (most recent call last):
  File "/home/airflow/.local/lib/python3.12/site-packages/airflow/models/taskinstance.py", line 465, in _execute_task
    result = _execute_callable(context=context, **execute_callable_kwargs)
             ^^^^^^^^^^^^^^^^^^^^^^^^^^^^^^^^^^^^^^^^^^^^^^^^^^^^^^^^^^^^^
  File "/home/airflow/.local/lib/python3.12/site-packages/airflow/models/taskinstance.py", line 432, in _execute_callable
    return execute_callable(context=context, **execute_callable_kwargs)
           ^^^^^^^^^^^^^^^^^^^^^^^^^^^^^^^^^^^^^^^^^^^^^^^^^^^^^^^^^^^^
  File "/home/airflow/.local/lib/python3.12/site-packages/airflow/models/baseoperator.py", line 400, in wrapper
    return func(self, *args, **kwargs)
           ^^^^^^^^^^^^^^^^^^^^^^^^^^^
  File "/home/airflow/.local/lib/python3.12/site-packages/airflow/operators/bash.py", line 243, in execute
    raise AirflowException(
airflow.exceptions.AirflowException: Bash command failed. The command returned a non-zero exit code 1.
[2026-07-12T17:02:48.249+0000] {taskinstance.py:1206} INFO - Marking task as FAILED. dag_id=gold_dbt_dag, task_id=trigger_dbt_build, run_id=dataset_triggered__2026-07-12T17:00:24.570576+00:00, execution_date=20260712T170024, start_date=20260712T170237, end_date=20260712T170248
[2026-07-12T17:02:48.280+0000] {standard_task_runner.py:110} ERROR - Failed to execute job 182 for task trigger_dbt_build (Bash command failed. The command returned a non-zero exit code 1.; 25986)
[2026-07-12T17:02:48.303+0000] {local_task_job_runner.py:240} INFO - Task exited with return code 1
[2026-07-12T17:02:48.336+0000] {taskinstance.py:3498} INFO - 0 downstream tasks scheduled from follow-on schedule check
[2026-07-12T17:02:48.337+0000] {local_task_job_runner.py:222} INFO - ::endgroup::
