[2026-07-12T20:00:18.215+0000] {local_task_job_runner.py:120} INFO - ::group::Pre task execution logs
[2026-07-12T20:00:18.270+0000] {taskinstance.py:2076} INFO - Dependencies all met for dep_context=non-requeueable deps ti=<TaskInstance: gold_dbt_dag.trigger_dbt_build dataset_triggered__2026-07-12T20:00:17.269304+00:00 [queued]>
[2026-07-12T20:00:18.274+0000] {taskinstance.py:2076} INFO - Dependencies all met for dep_context=requeueable deps ti=<TaskInstance: gold_dbt_dag.trigger_dbt_build dataset_triggered__2026-07-12T20:00:17.269304+00:00 [queued]>
[2026-07-12T20:00:18.274+0000] {taskinstance.py:2306} INFO - Starting attempt 1 of 2
[2026-07-12T20:00:18.282+0000] {taskinstance.py:2330} INFO - Executing <Task(BashOperator): trigger_dbt_build> on 2026-07-12 20:00:17.269304+00:00
[2026-07-12T20:00:18.296+0000] {logging_mixin.py:188} WARNING - /home/***/.local/lib/python3.12/site-packages/***/task/task_runner/standard_task_runner.py:61 DeprecationWarning: This process (pid=41820) is multi-threaded, use of fork() may lead to deadlocks in the child.
[2026-07-12T20:00:18.292+0000] {standard_task_runner.py:90} INFO - Running: ['***', 'tasks', 'run', 'gold_dbt_dag', 'trigger_dbt_build', 'dataset_triggered__2026-07-12T20:00:17.269304+00:00', '--job-id', '237', '--raw', '--subdir', 'DAGS_FOLDER/dag_gold_dbt.py', '--cfg-path', '/tmp/tmpgkok3abw']
[2026-07-12T20:00:18.296+0000] {standard_task_runner.py:91} INFO - Job 237: Subtask trigger_dbt_build
[2026-07-12T20:00:18.296+0000] {standard_task_runner.py:63} INFO - Started process 41821 to run task
[2026-07-12T20:00:18.339+0000] {task_command.py:426} INFO - Running <TaskInstance: gold_dbt_dag.trigger_dbt_build dataset_triggered__2026-07-12T20:00:17.269304+00:00 [running]> on host ad4e12f53b08
[2026-07-12T20:00:18.390+0000] {taskinstance.py:2648} INFO - Exporting env vars: AIRFLOW_CTX_DAG_OWNER='data_engineer' AIRFLOW_CTX_DAG_ID='gold_dbt_dag' AIRFLOW_CTX_TASK_ID='trigger_dbt_build' AIRFLOW_CTX_EXECUTION_DATE='2026-07-12T20:00:17.269304+00:00' AIRFLOW_CTX_TRY_NUMBER='1' AIRFLOW_CTX_DAG_RUN_ID='dataset_triggered__2026-07-12T20:00:17.269304+00:00'
[2026-07-12T20:00:18.390+0000] {taskinstance.py:430} INFO - ::endgroup::
[2026-07-12T20:00:18.399+0000] {subprocess.py:63} INFO - Tmp dir root location: /tmp
[2026-07-12T20:00:18.399+0000] {subprocess.py:75} INFO - Running command: ['/usr/bin/bash', '-c', 'cd /opt/***/dbt && dbt build --profiles-dir . --target dev']
[2026-07-12T20:00:18.404+0000] {subprocess.py:86} INFO - Output:
[2026-07-12T20:00:19.562+0000] {subprocess.py:93} INFO - [0m20:00:19  Running with dbt=1.11.11
[2026-07-12T20:00:20.123+0000] {subprocess.py:93} INFO - [0m20:00:20  Registered adapter: bigquery=1.11.3
[2026-07-12T20:00:20.365+0000] {subprocess.py:93} INFO - [0m20:00:20  Found 6 models, 4 sources, 553 macros
[2026-07-12T20:00:20.366+0000] {subprocess.py:93} INFO - [0m20:00:20
[2026-07-12T20:00:20.367+0000] {subprocess.py:93} INFO - [0m20:00:20  Concurrency: 4 threads (target='dev')
[2026-07-12T20:00:20.367+0000] {subprocess.py:93} INFO - [0m20:00:20
[2026-07-12T20:00:21.830+0000] {subprocess.py:93} INFO - [0m20:00:21  1 of 6 START sql table model logistics_mart.dim_drivers ........................ [RUN]
[2026-07-12T20:00:21.831+0000] {subprocess.py:93} INFO - [0m20:00:21  2 of 6 START sql table model logistics_mart.dim_hubs ........................... [RUN]
[2026-07-12T20:00:21.831+0000] {subprocess.py:93} INFO - [0m20:00:21  3 of 6 START sql view model logistics_mart.stg_shipments ....................... [RUN]
[2026-07-12T20:00:21.832+0000] {subprocess.py:93} INFO - [0m20:00:21  4 of 6 START sql view model logistics_mart.stg_weather ......................... [RUN]
[2026-07-12T20:00:23.655+0000] {subprocess.py:93} INFO - [0m20:00:23  4 of 6 OK created sql view model logistics_mart.stg_weather .................... [[32mCREATE VIEW (0 processed)[0m in 1.82s]
[2026-07-12T20:00:23.658+0000] {subprocess.py:93} INFO - [0m20:00:23  5 of 6 START sql view model logistics_mart.stg_weather_consensus ............... [RUN]
[2026-07-12T20:00:23.708+0000] {subprocess.py:93} INFO - [0m20:00:23  3 of 6 OK created sql view model logistics_mart.stg_shipments .................. [[32mCREATE VIEW (0 processed)[0m in 1.87s]
[2026-07-12T20:00:25.031+0000] {subprocess.py:93} INFO - [0m20:00:25  5 of 6 OK created sql view model logistics_mart.stg_weather_consensus .......... [[32mCREATE VIEW (0 processed)[0m in 1.37s]
[2026-07-12T20:00:25.457+0000] {subprocess.py:93} INFO - [0m20:00:25  2 of 6 OK created sql table model logistics_mart.dim_hubs ...................... [[32mCREATE TABLE (3.0 rows, 176.0 Bytes processed)[0m in 3.62s]
[2026-07-12T20:00:25.461+0000] {subprocess.py:93} INFO - [0m20:00:25  6 of 6 START sql table model logistics_mart.fact_shipment_weather .............. [RUN]
[2026-07-12T20:00:25.529+0000] {subprocess.py:93} INFO - [0m20:00:25  1 of 6 OK created sql table model logistics_mart.dim_drivers ................... [[32mCREATE TABLE (3.0 rows, 117.0 Bytes processed)[0m in 3.69s]
[2026-07-12T20:00:28.913+0000] {subprocess.py:93} INFO - [0m20:00:28  6 of 6 OK created sql table model logistics_mart.fact_shipment_weather ......... [[32mCREATE TABLE (10.0 rows, 971.0 Bytes processed)[0m in 3.44s]
[2026-07-12T20:00:28.969+0000] {subprocess.py:93} INFO - [0m20:00:28
[2026-07-12T20:00:28.970+0000] {subprocess.py:93} INFO - [0m20:00:28  Finished running 3 table models, 3 view models in 0 hours 0 minutes and 8.60 seconds (8.60s).
[2026-07-12T20:00:29.058+0000] {subprocess.py:93} INFO - [0m20:00:29
[2026-07-12T20:00:29.059+0000] {subprocess.py:93} INFO - [0m20:00:29  [32mCompleted successfully[0m
[2026-07-12T20:00:29.060+0000] {subprocess.py:93} INFO - [0m20:00:29
[2026-07-12T20:00:29.060+0000] {subprocess.py:93} INFO - [0m20:00:29  Done. PASS=6 WARN=0 ERROR=0 SKIP=0 NO-OP=0 TOTAL=6
[2026-07-12T20:00:30.926+0000] {subprocess.py:97} INFO - Command exited with return code 0
[2026-07-12T20:00:30.927+0000] {taskinstance.py:441} INFO - ::group::Post task execution logs
[2026-07-12T20:00:30.953+0000] {taskinstance.py:1206} INFO - Marking task as SUCCESS. dag_id=gold_dbt_dag, task_id=trigger_dbt_build, run_id=dataset_triggered__2026-07-12T20:00:17.269304+00:00, execution_date=20260712T200017, start_date=20260712T200018, end_date=20260712T200030
[2026-07-12T20:00:30.992+0000] {local_task_job_runner.py:240} INFO - Task exited with return code 0
[2026-07-12T20:00:31.009+0000] {taskinstance.py:3498} INFO - 0 downstream tasks scheduled from follow-on schedule check
[2026-07-12T20:00:31.010+0000] {local_task_job_runner.py:222} INFO - ::endgroup::
