[2026-07-04T00:15:41.468+0000] {local_task_job_runner.py:120} INFO - ::group::Pre task execution logs
[2026-07-04T00:15:41.485+0000] {taskinstance.py:2076} INFO - Dependencies all met for dep_context=non-requeueable deps ti=<TaskInstance: gold_dbt_dag.trigger_dbt_build dataset_triggered__2026-07-04T00:15:40.405338+00:00 [queued]>
[2026-07-04T00:15:41.489+0000] {taskinstance.py:2076} INFO - Dependencies all met for dep_context=requeueable deps ti=<TaskInstance: gold_dbt_dag.trigger_dbt_build dataset_triggered__2026-07-04T00:15:40.405338+00:00 [queued]>
[2026-07-04T00:15:41.489+0000] {taskinstance.py:2306} INFO - Starting attempt 1 of 2
[2026-07-04T00:15:41.494+0000] {taskinstance.py:2330} INFO - Executing <Task(BashOperator): trigger_dbt_build> on 2026-07-04 00:15:40.405338+00:00
[2026-07-04T00:15:41.499+0000] {logging_mixin.py:188} WARNING - /home/***/.local/lib/python3.12/site-packages/***/task/task_runner/standard_task_runner.py:61 DeprecationWarning: This process (pid=28924) is multi-threaded, use of fork() may lead to deadlocks in the child.
[2026-07-04T00:15:41.498+0000] {standard_task_runner.py:90} INFO - Running: ['***', 'tasks', 'run', 'gold_dbt_dag', 'trigger_dbt_build', 'dataset_triggered__2026-07-04T00:15:40.405338+00:00', '--job-id', '453', '--raw', '--subdir', 'DAGS_FOLDER/dag_gold_dbt.py', '--cfg-path', '/tmp/tmpklv6bdse']
[2026-07-04T00:15:41.500+0000] {standard_task_runner.py:63} INFO - Started process 28925 to run task
[2026-07-04T00:15:41.500+0000] {standard_task_runner.py:91} INFO - Job 453: Subtask trigger_dbt_build
[2026-07-04T00:15:41.520+0000] {task_command.py:426} INFO - Running <TaskInstance: gold_dbt_dag.trigger_dbt_build dataset_triggered__2026-07-04T00:15:40.405338+00:00 [running]> on host bd23e89d97be
[2026-07-04T00:15:41.556+0000] {taskinstance.py:2648} INFO - Exporting env vars: AIRFLOW_CTX_DAG_OWNER='data_engineer' AIRFLOW_CTX_DAG_ID='gold_dbt_dag' AIRFLOW_CTX_TASK_ID='trigger_dbt_build' AIRFLOW_CTX_EXECUTION_DATE='2026-07-04T00:15:40.405338+00:00' AIRFLOW_CTX_TRY_NUMBER='1' AIRFLOW_CTX_DAG_RUN_ID='dataset_triggered__2026-07-04T00:15:40.405338+00:00'
[2026-07-04T00:15:41.556+0000] {taskinstance.py:430} INFO - ::endgroup::
[2026-07-04T00:15:41.573+0000] {subprocess.py:63} INFO - Tmp dir root location: /tmp
[2026-07-04T00:15:41.574+0000] {subprocess.py:75} INFO - Running command: ['/usr/bin/bash', '-c', 'cd /opt/***/dbt && dbt build --profiles-dir . --target dev']
[2026-07-04T00:15:41.580+0000] {subprocess.py:86} INFO - Output:
[2026-07-04T00:15:43.206+0000] {subprocess.py:93} INFO - [0m00:15:43  Running with dbt=1.11.11
[2026-07-04T00:15:43.796+0000] {subprocess.py:93} INFO - [0m00:15:43  Registered adapter: bigquery=1.11.3
[2026-07-04T00:15:44.016+0000] {subprocess.py:93} INFO - [0m00:15:44  Found 5 models, 4 sources, 553 macros
[2026-07-04T00:15:44.017+0000] {subprocess.py:93} INFO - [0m00:15:44
[2026-07-04T00:15:44.017+0000] {subprocess.py:93} INFO - [0m00:15:44  Concurrency: 4 threads (target='dev')
[2026-07-04T00:15:44.018+0000] {subprocess.py:93} INFO - [0m00:15:44
[2026-07-04T00:15:45.709+0000] {subprocess.py:93} INFO - [0m00:15:45  1 of 5 START sql table model logistics_mart.dim_drivers ........................ [RUN]
[2026-07-04T00:15:45.709+0000] {subprocess.py:93} INFO - [0m00:15:45  2 of 5 START sql table model logistics_mart.dim_hubs ........................... [RUN]
[2026-07-04T00:15:45.710+0000] {subprocess.py:93} INFO - [0m00:15:45  3 of 5 START sql view model logistics_mart.stg_shipments ....................... [RUN]
[2026-07-04T00:15:45.710+0000] {subprocess.py:93} INFO - [0m00:15:45  4 of 5 START sql view model logistics_mart.stg_weather ......................... [RUN]
[2026-07-04T00:15:47.543+0000] {subprocess.py:93} INFO - [0m00:15:47  4 of 5 OK created sql view model logistics_mart.stg_weather .................... [[32mCREATE VIEW (0 processed)[0m in 1.83s]
[2026-07-04T02:49:13.330+0000] {local_task_job_runner.py:214} ERROR - Heartbeat time limit exceeded!
[2026-07-04T02:49:13.341+0000] {local_task_job_runner.py:222} INFO - ::endgroup::
[2026-07-04T02:49:13.357+0000] {process_utils.py:132} INFO - Sending 15 to group 28925. PIDs of all processes in the group: [28926, 28940, 28925]
[2026-07-04T02:49:13.358+0000] {process_utils.py:87} INFO - Sending the signal 15 to group 28925
[2026-07-04T02:49:13.365+0000] {taskinstance.py:2611} ERROR - Received SIGTERM. Terminating subprocesses.
[2026-07-04T02:49:13.371+0000] {subprocess.py:104} INFO - Sending SIGTERM signal to process group
[2026-07-04T02:49:13.373+0000] {taskinstance.py:441} INFO - ::group::Post task execution logs
[2026-07-04T02:49:13.413+0000] {taskinstance.py:2905} ERROR - Task failed with exception
Traceback (most recent call last):
  File "/home/airflow/.local/lib/python3.12/site-packages/airflow/models/taskinstance.py", line 465, in _execute_task
    result = _execute_callable(context=context, **execute_callable_kwargs)
             ^^^^^^^^^^^^^^^^^^^^^^^^^^^^^^^^^^^^^^^^^^^^^^^^^^^^^^^^^^^^^
  File "/home/airflow/.local/lib/python3.12/site-packages/airflow/models/taskinstance.py", line 432, in _execute_callable
    return execute_callable(context=context, **execute_callable_kwargs)
           ^^^^^^^^^^^^^^^^^^^^^^^^^^^^^^^^^^^^^^^^^^^^^^^^^^^^^^^^^^^^
  File "/home/airflow/.local/lib/python3.12/site-packages/airflow/models/baseoperator.py", line 400, in wrapper
    return func(self, *args, **kwargs)
           ^^^^^^^^^^^^^^^^^^^^^^^^^^^
  File "/home/airflow/.local/lib/python3.12/site-packages/airflow/operators/bash.py", line 234, in execute
    result = self.subprocess_hook.run_command(
             ^^^^^^^^^^^^^^^^^^^^^^^^^^^^^^^^^
  File "/home/airflow/.local/lib/python3.12/site-packages/airflow/hooks/subprocess.py", line 91, in run_command
    for raw_line in iter(self.sub_process.stdout.readline, b""):
  File "/home/airflow/.local/lib/python3.12/site-packages/airflow/models/taskinstance.py", line 2613, in signal_handler
    raise AirflowTaskTerminated("Task received SIGTERM signal")
airflow.exceptions.AirflowTaskTerminated: Task received SIGTERM signal
[2026-07-04T02:49:13.420+0000] {taskinstance.py:1206} INFO - Marking task as UP_FOR_RETRY. dag_id=gold_dbt_dag, task_id=trigger_dbt_build, run_id=dataset_triggered__2026-07-04T00:15:40.405338+00:00, execution_date=20260704T001540, start_date=20260704T001541, end_date=20260704T024913
[2026-07-04T02:49:13.458+0000] {process_utils.py:80} INFO - Process psutil.Process(pid=28926, status='terminated', started='00:15:40') (28926) terminated with exit code None
[2026-07-04T02:49:13.461+0000] {process_utils.py:80} INFO - Process psutil.Process(pid=28925, status='terminated', exitcode=2, started='00:15:40') (28925) terminated with exit code 2
[2026-07-04T02:49:13.461+0000] {process_utils.py:80} INFO - Process psutil.Process(pid=28940, status='terminated', started='00:15:43') (28940) terminated with exit code None
