[2026-07-04T03:50:20.296+0000] {local_task_job_runner.py:120} INFO - ::group::Pre task execution logs
[2026-07-04T03:50:20.320+0000] {taskinstance.py:2076} INFO - Dependencies all met for dep_context=non-requeueable deps ti=<TaskInstance: gold_dbt_dag.trigger_dbt_build dataset_triggered__2026-07-04T00:15:40.405338+00:00 [queued]>
[2026-07-04T03:50:20.326+0000] {taskinstance.py:2076} INFO - Dependencies all met for dep_context=requeueable deps ti=<TaskInstance: gold_dbt_dag.trigger_dbt_build dataset_triggered__2026-07-04T00:15:40.405338+00:00 [queued]>
[2026-07-04T03:50:20.327+0000] {taskinstance.py:2306} INFO - Starting attempt 2 of 2
[2026-07-04T03:50:20.335+0000] {taskinstance.py:2330} INFO - Executing <Task(BashOperator): trigger_dbt_build> on 2026-07-04 00:15:40.405338+00:00
[2026-07-04T03:50:20.341+0000] {logging_mixin.py:188} WARNING - /home/***/.local/lib/python3.12/site-packages/***/task/task_runner/standard_task_runner.py:61 DeprecationWarning: This process (pid=30218) is multi-threaded, use of fork() may lead to deadlocks in the child.
[2026-07-04T03:50:20.342+0000] {standard_task_runner.py:63} INFO - Started process 30232 to run task
[2026-07-04T03:50:20.344+0000] {standard_task_runner.py:90} INFO - Running: ['***', 'tasks', 'run', 'gold_dbt_dag', 'trigger_dbt_build', 'dataset_triggered__2026-07-04T00:15:40.405338+00:00', '--job-id', '468', '--raw', '--subdir', 'DAGS_FOLDER/dag_gold_dbt.py', '--cfg-path', '/tmp/tmput5tu93w']
[2026-07-04T03:50:20.346+0000] {standard_task_runner.py:91} INFO - Job 468: Subtask trigger_dbt_build
[2026-07-04T03:50:20.383+0000] {task_command.py:426} INFO - Running <TaskInstance: gold_dbt_dag.trigger_dbt_build dataset_triggered__2026-07-04T00:15:40.405338+00:00 [running]> on host bd23e89d97be
[2026-07-04T03:50:20.443+0000] {taskinstance.py:2648} INFO - Exporting env vars: AIRFLOW_CTX_DAG_OWNER='data_engineer' AIRFLOW_CTX_DAG_ID='gold_dbt_dag' AIRFLOW_CTX_TASK_ID='trigger_dbt_build' AIRFLOW_CTX_EXECUTION_DATE='2026-07-04T00:15:40.405338+00:00' AIRFLOW_CTX_TRY_NUMBER='2' AIRFLOW_CTX_DAG_RUN_ID='dataset_triggered__2026-07-04T00:15:40.405338+00:00'
[2026-07-04T03:50:20.444+0000] {taskinstance.py:430} INFO - ::endgroup::
[2026-07-04T03:50:20.460+0000] {subprocess.py:63} INFO - Tmp dir root location: /tmp
[2026-07-04T03:50:20.460+0000] {subprocess.py:75} INFO - Running command: ['/usr/bin/bash', '-c', 'cd /opt/***/dbt && dbt build --profiles-dir . --target dev']
[2026-07-04T03:50:20.468+0000] {subprocess.py:86} INFO - Output:
[2026-07-04T03:50:22.440+0000] {subprocess.py:93} INFO - [0m03:50:22  Running with dbt=1.11.11
[2026-07-04T03:50:23.118+0000] {subprocess.py:93} INFO - [0m03:50:23  Registered adapter: bigquery=1.11.3
[2026-07-04T03:50:23.424+0000] {subprocess.py:93} INFO - [0m03:50:23  Found 5 models, 4 sources, 553 macros
[2026-07-04T03:50:23.426+0000] {subprocess.py:93} INFO - [0m03:50:23
[2026-07-04T03:50:23.426+0000] {subprocess.py:93} INFO - [0m03:50:23  Concurrency: 4 threads (target='dev')
[2026-07-04T03:50:23.426+0000] {subprocess.py:93} INFO - [0m03:50:23
[2026-07-04T03:50:25.042+0000] {subprocess.py:93} INFO - [0m03:50:25  1 of 5 START sql table model logistics_mart.dim_drivers ........................ [RUN]
[2026-07-04T03:50:25.043+0000] {subprocess.py:93} INFO - [0m03:50:25  2 of 5 START sql table model logistics_mart.dim_hubs ........................... [RUN]
[2026-07-04T03:50:25.045+0000] {subprocess.py:93} INFO - [0m03:50:25  3 of 5 START sql view model logistics_mart.stg_shipments ....................... [RUN]
[2026-07-04T03:50:25.045+0000] {subprocess.py:93} INFO - [0m03:50:25  4 of 5 START sql view model logistics_mart.stg_weather ......................... [RUN]
[2026-07-04T06:09:53.335+0000] {subprocess.py:93} INFO - [0m06:09:53  4 of 5 ERROR creating sql view model logistics_mart.stg_weather ................ [[31mERROR[0m in 8368.28s]
[2026-07-04T06:09:55.224+0000] {subprocess.py:93} INFO - [0m06:09:55  1 of 5 ERROR creating sql table model logistics_mart.dim_drivers ............... [[31mERROR[0m in 8370.18s]
[2026-07-04T06:58:48.529+0000] {subprocess.py:93} INFO - [0m06:58:48  3 of 5 ERROR creating sql view model logistics_mart.stg_shipments .............. [[31mERROR[0m in 11303.48s]
[2026-07-04T07:05:28.682+0000] {subprocess.py:93} INFO - WARNING:urllib3.connectionpool:Retrying (Retry(total=2, connect=None, read=None, redirect=None, status=None)) after connection broken by 'RemoteDisconnected('Remote end closed connection without response')': /v1/projects/-/serviceAccounts/dbt-logistics-runner@project-592ab4fe-f210-4e44-9b9.iam.gserviceaccount.com/allowedLocations
[2026-07-04T07:05:46.012+0000] {subprocess.py:93} INFO - [0m07:05:46  2 of 5 ERROR creating sql table model logistics_mart.dim_hubs .................. [[31mERROR[0m in 11720.96s]
[2026-07-04T07:05:46.022+0000] {subprocess.py:93} INFO - [0m07:05:46  5 of 5 SKIP relation logistics_mart.fact_shipment_weather ...................... [[33mSKIP[0m]
[2026-07-04T07:05:46.084+0000] {subprocess.py:93} INFO - [0m07:05:46
[2026-07-04T07:05:46.085+0000] {subprocess.py:93} INFO - [0m07:05:46  Finished running 3 table models, 2 view models in 3 hours 15 minutes and 22.66 seconds (11722.66s).
[2026-07-04T07:05:46.161+0000] {subprocess.py:93} INFO - [0m07:05:46
[2026-07-04T07:05:46.162+0000] {subprocess.py:93} INFO - [0m07:05:46  [31mCompleted with 4 errors, 0 partial successes, and 0 warnings:[0m
[2026-07-04T07:05:46.162+0000] {subprocess.py:93} INFO - [0m07:05:46
[2026-07-04T07:05:46.163+0000] {subprocess.py:93} INFO - [0m07:05:46  [31mFailure in model stg_weather (models/staging/stg_weather.sql)[0m
[2026-07-04T07:05:46.163+0000] {subprocess.py:93} INFO - [0m07:05:46    Database Error in model stg_weather (models/staging/stg_weather.sql)
[2026-07-04T07:05:46.163+0000] {subprocess.py:93} INFO -   409 POST https://bigquery.googleapis.com/bigquery/v2/projects/logistics-500519/jobs?prettyPrint=false: Already Exists: Job logistics-500519:US.ef696604-9b03-4077-b61e-52363c4d495d
[2026-07-04T07:05:46.164+0000] {subprocess.py:93} INFO - 
[2026-07-04T07:05:46.164+0000] {subprocess.py:93} INFO -   Location: None
[2026-07-04T07:05:46.164+0000] {subprocess.py:93} INFO -   Job ID: ef696604-9b03-4077-b61e-52363c4d495d
[2026-07-04T07:05:46.164+0000] {subprocess.py:93} INFO - 
[2026-07-04T07:05:46.164+0000] {subprocess.py:93} INFO -   compiled code at target/run/logistics_lakehouse/models/staging/stg_weather.sql
[2026-07-04T07:05:46.164+0000] {subprocess.py:93} INFO - [0m07:05:46
[2026-07-04T07:05:46.164+0000] {subprocess.py:93} INFO - [0m07:05:46    compiled code at target/compiled/logistics_lakehouse/models/staging/stg_weather.sql
[2026-07-04T07:05:46.164+0000] {subprocess.py:93} INFO - [0m07:05:46
[2026-07-04T07:05:46.165+0000] {subprocess.py:93} INFO - [0m07:05:46  [31mFailure in model dim_drivers (models/mart/dim_drivers.sql)[0m
[2026-07-04T07:05:46.165+0000] {subprocess.py:93} INFO - [0m07:05:46    Database Error in model dim_drivers (models/mart/dim_drivers.sql)
[2026-07-04T07:05:46.165+0000] {subprocess.py:93} INFO -   409 POST https://bigquery.googleapis.com/bigquery/v2/projects/logistics-500519/jobs?prettyPrint=false: Already Exists: Job logistics-500519:US.9ceb2527-0065-49ed-a579-9938877751f7
[2026-07-04T07:05:46.165+0000] {subprocess.py:93} INFO - 
[2026-07-04T07:05:46.165+0000] {subprocess.py:93} INFO -   Location: None
[2026-07-04T07:05:46.165+0000] {subprocess.py:93} INFO -   Job ID: 9ceb2527-0065-49ed-a579-9938877751f7
[2026-07-04T07:05:46.165+0000] {subprocess.py:93} INFO - 
[2026-07-04T07:05:46.165+0000] {subprocess.py:93} INFO -   compiled code at target/run/logistics_lakehouse/models/mart/dim_drivers.sql
[2026-07-04T07:05:46.165+0000] {subprocess.py:93} INFO - [0m07:05:46
[2026-07-04T07:05:46.165+0000] {subprocess.py:93} INFO - [0m07:05:46    compiled code at target/compiled/logistics_lakehouse/models/mart/dim_drivers.sql
[2026-07-04T07:05:46.165+0000] {subprocess.py:93} INFO - [0m07:05:46
[2026-07-04T07:05:46.166+0000] {subprocess.py:93} INFO - [0m07:05:46  [31mFailure in model stg_shipments (models/staging/stg_shipments.sql)[0m
[2026-07-04T07:05:46.166+0000] {subprocess.py:93} INFO - [0m07:05:46    Database Error in model stg_shipments (models/staging/stg_shipments.sql)
[2026-07-04T07:05:46.166+0000] {subprocess.py:93} INFO -   409 POST https://bigquery.googleapis.com/bigquery/v2/projects/logistics-500519/jobs?prettyPrint=false: Already Exists: Job logistics-500519:US.af4aa5e4-ae6b-40e3-a1f6-a939b10f416e
[2026-07-04T07:05:46.166+0000] {subprocess.py:93} INFO - 
[2026-07-04T07:05:46.166+0000] {subprocess.py:93} INFO -   Location: None
[2026-07-04T07:05:46.166+0000] {subprocess.py:93} INFO -   Job ID: af4aa5e4-ae6b-40e3-a1f6-a939b10f416e
[2026-07-04T07:05:46.166+0000] {subprocess.py:93} INFO - 
[2026-07-04T07:05:46.166+0000] {subprocess.py:93} INFO -   compiled code at target/run/logistics_lakehouse/models/staging/stg_shipments.sql
[2026-07-04T07:05:46.166+0000] {subprocess.py:93} INFO - [0m07:05:46
[2026-07-04T07:05:46.166+0000] {subprocess.py:93} INFO - [0m07:05:46    compiled code at target/compiled/logistics_lakehouse/models/staging/stg_shipments.sql
[2026-07-04T07:05:46.167+0000] {subprocess.py:93} INFO - [0m07:05:46
[2026-07-04T07:05:46.167+0000] {subprocess.py:93} INFO - [0m07:05:46  [31mFailure in model dim_hubs (models/mart/dim_hubs.sql)[0m
[2026-07-04T07:05:46.167+0000] {subprocess.py:93} INFO - [0m07:05:46    Database Error in model dim_hubs (models/mart/dim_hubs.sql)
[2026-07-04T07:05:46.167+0000] {subprocess.py:93} INFO -   ('Connection aborted.', RemoteDisconnected('Remote end closed connection without response'))
[2026-07-04T07:05:46.167+0000] {subprocess.py:93} INFO -   compiled code at target/run/logistics_lakehouse/models/mart/dim_hubs.sql
[2026-07-04T07:05:46.167+0000] {subprocess.py:93} INFO - [0m07:05:46
[2026-07-04T07:05:46.167+0000] {subprocess.py:93} INFO - [0m07:05:46    compiled code at target/compiled/logistics_lakehouse/models/mart/dim_hubs.sql
[2026-07-04T07:05:46.168+0000] {subprocess.py:93} INFO - [0m07:05:46
[2026-07-04T07:05:46.168+0000] {subprocess.py:93} INFO - [0m07:05:46  Done. PASS=0 WARN=0 ERROR=4 SKIP=1 NO-OP=0 TOTAL=5
[2026-07-04T07:05:52.382+0000] {subprocess.py:97} INFO - Command exited with return code 1
[2026-07-04T07:05:52.384+0000] {taskinstance.py:441} INFO - ::group::Post task execution logs
[2026-07-04T07:05:52.402+0000] {taskinstance.py:2905} ERROR - Task failed with exception
Traceback (most recent call last):
  File "/home/airflow/.local/lib/python3.12/site-packages/airflow/models/taskinstance.py", line 465, in _execute_task
    result = _execute_callable(context=context, **execute_callable_kwargs)
             ^^^^^^^^^^^^^^^^^^^^^^^^^^^^^^^^^^^^^^^^^^^^^^^^^^^^^^^^^^^^^
  File "/home/airflow/.local/lib/python3.12/site-packages/airflow/models/taskinstance.py", line 432, in _execute_callable
    return execute_callable(context=context, **execute_callable_kwargs)
           ^^^^^^^^^^^^^^^^^^^^^^^^^^^^^^^^^^^^^^^^^^^^^^^^^^^^^^^^^^^^
  File "/home/airflow/.local/lib/python3.12/site-packages/airflow/models/baseoperator.py", line 400, in wrapper
    return func(self, *args, **kwargs)
           ^^^^^^^^^^^^^^^^^^^^^^^^^^^
  File "/home/airflow/.local/lib/python3.12/site-packages/airflow/operators/bash.py", line 243, in execute
    raise AirflowException(
airflow.exceptions.AirflowException: Bash command failed. The command returned a non-zero exit code 1.
[2026-07-04T07:05:52.408+0000] {taskinstance.py:1206} INFO - Marking task as FAILED. dag_id=gold_dbt_dag, task_id=trigger_dbt_build, run_id=dataset_triggered__2026-07-04T00:15:40.405338+00:00, execution_date=20260704T001540, start_date=20260704T035020, end_date=20260704T070552
[2026-07-04T07:05:52.419+0000] {standard_task_runner.py:110} ERROR - Failed to execute job 468 for task trigger_dbt_build (Bash command failed. The command returned a non-zero exit code 1.; 30232)
[2026-07-04T07:13:31.231+0000] {local_task_job_runner.py:240} INFO - Task exited with return code 1
[2026-07-04T07:13:31.245+0000] {taskinstance.py:3498} INFO - 0 downstream tasks scheduled from follow-on schedule check
[2026-07-04T07:13:31.245+0000] {local_task_job_runner.py:222} INFO - ::endgroup::
