[2026-06-25T19:56:00.777+0000] {local_task_job_runner.py:120} INFO - ::group::Pre task execution logs
[2026-06-25T19:56:00.798+0000] {taskinstance.py:2076} INFO - Dependencies all met for dep_context=non-requeueable deps ti=<TaskInstance: logistics_shipment_simulator.generate_and_update_shipments scheduled__2026-06-25T19:54:00+00:00 [queued]>
[2026-06-25T19:56:00.801+0000] {taskinstance.py:2076} INFO - Dependencies all met for dep_context=requeueable deps ti=<TaskInstance: logistics_shipment_simulator.generate_and_update_shipments scheduled__2026-06-25T19:54:00+00:00 [queued]>
[2026-06-25T19:56:00.802+0000] {taskinstance.py:2306} INFO - Starting attempt 1 of 2
[2026-06-25T19:56:00.808+0000] {taskinstance.py:2330} INFO - Executing <Task(PythonOperator): generate_and_update_shipments> on 2026-06-25 19:54:00+00:00
[2026-06-25T19:56:00.814+0000] {logging_mixin.py:188} WARNING - /home/***/.local/lib/python3.12/site-packages/***/task/task_runner/standard_task_runner.py:61 DeprecationWarning: This process (pid=1863) is multi-threaded, use of fork() may lead to deadlocks in the child.
[2026-06-25T19:56:00.815+0000] {standard_task_runner.py:63} INFO - Started process 1864 to run task
[2026-06-25T19:56:00.814+0000] {standard_task_runner.py:90} INFO - Running: ['***', 'tasks', 'run', 'logistics_shipment_simulator', 'generate_and_update_shipments', 'scheduled__2026-06-25T19:54:00+00:00', '--job-id', '78', '--raw', '--subdir', 'DAGS_FOLDER/dag_shipment_sim.py', '--cfg-path', '/tmp/tmp67tdx4zd']
[2026-06-25T19:56:00.815+0000] {standard_task_runner.py:91} INFO - Job 78: Subtask generate_and_update_shipments
[2026-06-25T19:56:00.841+0000] {task_command.py:426} INFO - Running <TaskInstance: logistics_shipment_simulator.generate_and_update_shipments scheduled__2026-06-25T19:54:00+00:00 [running]> on host 8031ec9eda70
[2026-06-25T19:56:00.884+0000] {taskinstance.py:2648} INFO - Exporting env vars: AIRFLOW_CTX_DAG_OWNER='data_engineer' AIRFLOW_CTX_DAG_ID='logistics_shipment_simulator' AIRFLOW_CTX_TASK_ID='generate_and_update_shipments' AIRFLOW_CTX_EXECUTION_DATE='2026-06-25T19:54:00+00:00' AIRFLOW_CTX_TRY_NUMBER='1' AIRFLOW_CTX_DAG_RUN_ID='scheduled__2026-06-25T19:54:00+00:00'
[2026-06-25T19:56:00.885+0000] {taskinstance.py:430} INFO - ::endgroup::
[2026-06-25T19:56:00.900+0000] {taskinstance.py:441} INFO - ::group::Post task execution logs
[2026-06-25T19:56:00.900+0000] {taskinstance.py:2905} ERROR - Task failed with exception
Traceback (most recent call last):
  File "/home/airflow/.local/lib/python3.12/site-packages/airflow/models/taskinstance.py", line 465, in _execute_task
    result = _execute_callable(context=context, **execute_callable_kwargs)
             ^^^^^^^^^^^^^^^^^^^^^^^^^^^^^^^^^^^^^^^^^^^^^^^^^^^^^^^^^^^^^
  File "/home/airflow/.local/lib/python3.12/site-packages/airflow/models/taskinstance.py", line 432, in _execute_callable
    return execute_callable(context=context, **execute_callable_kwargs)
           ^^^^^^^^^^^^^^^^^^^^^^^^^^^^^^^^^^^^^^^^^^^^^^^^^^^^^^^^^^^^
  File "/home/airflow/.local/lib/python3.12/site-packages/airflow/models/baseoperator.py", line 400, in wrapper
    return func(self, *args, **kwargs)
           ^^^^^^^^^^^^^^^^^^^^^^^^^^^
  File "/home/airflow/.local/lib/python3.12/site-packages/airflow/operators/python.py", line 235, in execute
    return_value = self.execute_callable()
                   ^^^^^^^^^^^^^^^^^^^^^^^
  File "/home/airflow/.local/lib/python3.12/site-packages/airflow/operators/python.py", line 252, in execute_callable
    return self.python_callable(*self.op_args, **self.op_kwargs)
           ^^^^^^^^^^^^^^^^^^^^^^^^^^^^^^^^^^^^^^^^^^^^^^^^^^^^^
  File "/opt/airflow/dags/dag_shipment_sim.py", line 24, in simulate_shipments
    cursor.execute("""
psycopg2.errors.UndefinedTable: relation "shipments" does not exist
LINE 2:         UPDATE shipments 
                       ^

[2026-06-25T19:56:00.906+0000] {taskinstance.py:1206} INFO - Marking task as UP_FOR_RETRY. dag_id=logistics_shipment_simulator, task_id=generate_and_update_shipments, run_id=scheduled__2026-06-25T19:54:00+00:00, execution_date=20260625T195400, start_date=20260625T195600, end_date=20260625T195600
[2026-06-25T19:56:00.911+0000] {standard_task_runner.py:110} ERROR - Failed to execute job 78 for task generate_and_update_shipments (relation "shipments" does not exist
LINE 2:         UPDATE shipments 
                       ^
; 1864)
[2026-06-25T19:56:00.923+0000] {local_task_job_runner.py:240} INFO - Task exited with return code 1
[2026-06-25T19:56:00.932+0000] {taskinstance.py:3498} INFO - 0 downstream tasks scheduled from follow-on schedule check
[2026-06-25T19:56:00.933+0000] {local_task_job_runner.py:222} INFO - ::endgroup::
