[2026-06-30T00:01:42.132+0000] {processor.py:161} INFO - Started process (PID=18064) to work on /opt/airflow/dags/dag_gold_dbt.py
[2026-06-30T00:01:42.133+0000] {processor.py:830} INFO - Processing file /opt/airflow/dags/dag_gold_dbt.py for tasks to queue
[2026-06-30T00:01:42.133+0000] {logging_mixin.py:188} INFO - [2026-06-30T00:01:42.133+0000] {dagbag.py:545} INFO - Filling up the DagBag from /opt/airflow/dags/dag_gold_dbt.py
[2026-06-30T00:01:42.141+0000] {processor.py:840} INFO - DAG(s) 'dbt_gold_transformation' retrieved from /opt/airflow/dags/dag_gold_dbt.py
[2026-06-30T00:01:42.152+0000] {logging_mixin.py:188} INFO - [2026-06-30T00:01:42.152+0000] {dag.py:3096} INFO - Sync 1 DAGs
[2026-06-30T00:01:42.159+0000] {logging_mixin.py:188} INFO - [2026-06-30T00:01:42.159+0000] {dag.py:3954} INFO - Setting next_dagrun for dbt_gold_transformation to 2026-06-29 00:00:00+00:00, run_after=2026-06-30 00:00:00+00:00
[2026-06-30T00:01:42.164+0000] {processor.py:183} INFO - Processing /opt/airflow/dags/dag_gold_dbt.py took 0.035 seconds
[2026-06-30T00:02:13.102+0000] {processor.py:161} INFO - Started process (PID=18134) to work on /opt/airflow/dags/dag_gold_dbt.py
[2026-06-30T00:02:13.103+0000] {processor.py:830} INFO - Processing file /opt/airflow/dags/dag_gold_dbt.py for tasks to queue
[2026-06-30T00:02:13.104+0000] {logging_mixin.py:188} INFO - [2026-06-30T00:02:13.104+0000] {dagbag.py:545} INFO - Filling up the DagBag from /opt/airflow/dags/dag_gold_dbt.py
[2026-06-30T00:02:13.110+0000] {processor.py:840} INFO - DAG(s) 'dbt_gold_transformation' retrieved from /opt/airflow/dags/dag_gold_dbt.py
[2026-06-30T00:02:13.122+0000] {logging_mixin.py:188} INFO - [2026-06-30T00:02:13.122+0000] {dag.py:3096} INFO - Sync 1 DAGs
[2026-06-30T00:02:13.130+0000] {logging_mixin.py:188} INFO - [2026-06-30T00:02:13.130+0000] {dag.py:3954} INFO - Setting next_dagrun for dbt_gold_transformation to 2026-06-30 00:00:00+00:00, run_after=2026-07-01 00:00:00+00:00
[2026-06-30T00:02:13.136+0000] {processor.py:183} INFO - Processing /opt/airflow/dags/dag_gold_dbt.py took 0.036 seconds
[2026-06-30T00:16:50.499+0000] {processor.py:161} INFO - Started process (PID=18161) to work on /opt/airflow/dags/dag_gold_dbt.py
[2026-06-30T00:16:50.499+0000] {processor.py:830} INFO - Processing file /opt/airflow/dags/dag_gold_dbt.py for tasks to queue
[2026-06-30T00:16:50.500+0000] {logging_mixin.py:188} INFO - [2026-06-30T00:16:50.500+0000] {dagbag.py:545} INFO - Filling up the DagBag from /opt/airflow/dags/dag_gold_dbt.py
[2026-06-30T00:16:50.508+0000] {processor.py:840} INFO - DAG(s) 'dbt_gold_transformation' retrieved from /opt/airflow/dags/dag_gold_dbt.py
[2026-06-30T00:16:50.519+0000] {logging_mixin.py:188} INFO - [2026-06-30T00:16:50.519+0000] {dag.py:3096} INFO - Sync 1 DAGs
[2026-06-30T00:16:50.527+0000] {logging_mixin.py:188} INFO - [2026-06-30T00:16:50.526+0000] {dag.py:3954} INFO - Setting next_dagrun for dbt_gold_transformation to 2026-06-30 00:00:00+00:00, run_after=2026-07-01 00:00:00+00:00
[2026-06-30T00:16:50.532+0000] {processor.py:183} INFO - Processing /opt/airflow/dags/dag_gold_dbt.py took 0.035 seconds
[2026-06-30T00:17:21.626+0000] {processor.py:161} INFO - Started process (PID=18188) to work on /opt/airflow/dags/dag_gold_dbt.py
[2026-06-30T00:17:21.627+0000] {processor.py:830} INFO - Processing file /opt/airflow/dags/dag_gold_dbt.py for tasks to queue
[2026-06-30T00:17:21.628+0000] {logging_mixin.py:188} INFO - [2026-06-30T00:17:21.628+0000] {dagbag.py:545} INFO - Filling up the DagBag from /opt/airflow/dags/dag_gold_dbt.py
[2026-06-30T00:17:21.637+0000] {processor.py:840} INFO - DAG(s) 'dbt_gold_transformation' retrieved from /opt/airflow/dags/dag_gold_dbt.py
[2026-06-30T00:17:21.647+0000] {logging_mixin.py:188} INFO - [2026-06-30T00:17:21.647+0000] {dag.py:3096} INFO - Sync 1 DAGs
[2026-06-30T00:17:21.655+0000] {logging_mixin.py:188} INFO - [2026-06-30T00:17:21.654+0000] {dag.py:3954} INFO - Setting next_dagrun for dbt_gold_transformation to 2026-06-30 00:00:00+00:00, run_after=2026-07-01 00:00:00+00:00
[2026-06-30T00:17:21.660+0000] {processor.py:183} INFO - Processing /opt/airflow/dags/dag_gold_dbt.py took 0.036 seconds
[2026-06-30T00:33:27.174+0000] {processor.py:161} INFO - Started process (PID=18215) to work on /opt/airflow/dags/dag_gold_dbt.py
[2026-06-30T00:33:27.174+0000] {processor.py:830} INFO - Processing file /opt/airflow/dags/dag_gold_dbt.py for tasks to queue
[2026-06-30T00:33:27.175+0000] {logging_mixin.py:188} INFO - [2026-06-30T00:33:27.175+0000] {dagbag.py:545} INFO - Filling up the DagBag from /opt/airflow/dags/dag_gold_dbt.py
[2026-06-30T00:33:27.181+0000] {processor.py:840} INFO - DAG(s) 'dbt_gold_transformation' retrieved from /opt/airflow/dags/dag_gold_dbt.py
[2026-06-30T00:33:27.193+0000] {logging_mixin.py:188} INFO - [2026-06-30T00:33:27.193+0000] {dag.py:3096} INFO - Sync 1 DAGs
[2026-06-30T00:33:27.201+0000] {logging_mixin.py:188} INFO - [2026-06-30T00:33:27.201+0000] {dag.py:3954} INFO - Setting next_dagrun for dbt_gold_transformation to 2026-06-30 00:00:00+00:00, run_after=2026-07-01 00:00:00+00:00
[2026-06-30T00:33:27.206+0000] {processor.py:183} INFO - Processing /opt/airflow/dags/dag_gold_dbt.py took 0.035 seconds
[2026-06-30T00:49:16.453+0000] {processor.py:161} INFO - Started process (PID=18242) to work on /opt/airflow/dags/dag_gold_dbt.py
[2026-06-30T00:49:16.454+0000] {processor.py:830} INFO - Processing file /opt/airflow/dags/dag_gold_dbt.py for tasks to queue
[2026-06-30T00:49:16.455+0000] {logging_mixin.py:188} INFO - [2026-06-30T00:49:16.455+0000] {dagbag.py:545} INFO - Filling up the DagBag from /opt/airflow/dags/dag_gold_dbt.py
[2026-06-30T00:49:16.461+0000] {processor.py:840} INFO - DAG(s) 'dbt_gold_transformation' retrieved from /opt/airflow/dags/dag_gold_dbt.py
[2026-06-30T00:49:16.472+0000] {logging_mixin.py:188} INFO - [2026-06-30T00:49:16.472+0000] {dag.py:3096} INFO - Sync 1 DAGs
[2026-06-30T00:49:16.480+0000] {logging_mixin.py:188} INFO - [2026-06-30T00:49:16.480+0000] {dag.py:3954} INFO - Setting next_dagrun for dbt_gold_transformation to 2026-06-30 00:00:00+00:00, run_after=2026-07-01 00:00:00+00:00
[2026-06-30T00:49:16.486+0000] {processor.py:183} INFO - Processing /opt/airflow/dags/dag_gold_dbt.py took 0.035 seconds
[2026-06-30T00:49:47.199+0000] {processor.py:161} INFO - Started process (PID=18269) to work on /opt/airflow/dags/dag_gold_dbt.py
[2026-06-30T00:49:47.199+0000] {processor.py:830} INFO - Processing file /opt/airflow/dags/dag_gold_dbt.py for tasks to queue
[2026-06-30T00:49:47.200+0000] {logging_mixin.py:188} INFO - [2026-06-30T00:49:47.200+0000] {dagbag.py:545} INFO - Filling up the DagBag from /opt/airflow/dags/dag_gold_dbt.py
[2026-06-30T00:49:47.210+0000] {processor.py:840} INFO - DAG(s) 'dbt_gold_transformation' retrieved from /opt/airflow/dags/dag_gold_dbt.py
[2026-06-30T00:49:47.221+0000] {logging_mixin.py:188} INFO - [2026-06-30T00:49:47.221+0000] {dag.py:3096} INFO - Sync 1 DAGs
[2026-06-30T00:49:47.229+0000] {logging_mixin.py:188} INFO - [2026-06-30T00:49:47.229+0000] {dag.py:3954} INFO - Setting next_dagrun for dbt_gold_transformation to 2026-06-30 00:00:00+00:00, run_after=2026-07-01 00:00:00+00:00
[2026-06-30T00:49:47.235+0000] {processor.py:183} INFO - Processing /opt/airflow/dags/dag_gold_dbt.py took 0.039 seconds
[2026-06-30T01:06:54.662+0000] {processor.py:161} INFO - Started process (PID=18300) to work on /opt/airflow/dags/dag_gold_dbt.py
[2026-06-30T01:06:54.662+0000] {processor.py:830} INFO - Processing file /opt/airflow/dags/dag_gold_dbt.py for tasks to queue
[2026-06-30T01:06:54.663+0000] {logging_mixin.py:188} INFO - [2026-06-30T01:06:54.662+0000] {dagbag.py:545} INFO - Filling up the DagBag from /opt/airflow/dags/dag_gold_dbt.py
[2026-06-30T01:06:54.669+0000] {processor.py:840} INFO - DAG(s) 'dbt_gold_transformation' retrieved from /opt/airflow/dags/dag_gold_dbt.py
[2026-06-30T01:06:54.692+0000] {logging_mixin.py:188} INFO - [2026-06-30T01:06:54.692+0000] {dag.py:3096} INFO - Sync 1 DAGs
[2026-06-30T01:06:54.703+0000] {logging_mixin.py:188} INFO - [2026-06-30T01:06:54.703+0000] {dag.py:3954} INFO - Setting next_dagrun for dbt_gold_transformation to 2026-06-30 00:00:00+00:00, run_after=2026-07-01 00:00:00+00:00
[2026-06-30T01:06:54.712+0000] {processor.py:183} INFO - Processing /opt/airflow/dags/dag_gold_dbt.py took 0.053 seconds
[2026-06-30T01:07:25.574+0000] {processor.py:161} INFO - Started process (PID=18333) to work on /opt/airflow/dags/dag_gold_dbt.py
[2026-06-30T01:07:25.575+0000] {processor.py:830} INFO - Processing file /opt/airflow/dags/dag_gold_dbt.py for tasks to queue
[2026-06-30T01:07:25.575+0000] {logging_mixin.py:188} INFO - [2026-06-30T01:07:25.575+0000] {dagbag.py:545} INFO - Filling up the DagBag from /opt/airflow/dags/dag_gold_dbt.py
[2026-06-30T01:07:25.584+0000] {processor.py:840} INFO - DAG(s) 'dbt_gold_transformation' retrieved from /opt/airflow/dags/dag_gold_dbt.py
[2026-06-30T01:07:25.595+0000] {logging_mixin.py:188} INFO - [2026-06-30T01:07:25.594+0000] {dag.py:3096} INFO - Sync 1 DAGs
[2026-06-30T01:07:25.602+0000] {logging_mixin.py:188} INFO - [2026-06-30T01:07:25.602+0000] {dag.py:3954} INFO - Setting next_dagrun for dbt_gold_transformation to 2026-06-30 00:00:00+00:00, run_after=2026-07-01 00:00:00+00:00
[2026-06-30T01:07:25.607+0000] {processor.py:183} INFO - Processing /opt/airflow/dags/dag_gold_dbt.py took 0.035 seconds
[2026-06-30T01:17:55.889+0000] {processor.py:161} INFO - Started process (PID=18360) to work on /opt/airflow/dags/dag_gold_dbt.py
[2026-06-30T01:17:55.890+0000] {processor.py:830} INFO - Processing file /opt/airflow/dags/dag_gold_dbt.py for tasks to queue
[2026-06-30T01:17:55.891+0000] {logging_mixin.py:188} INFO - [2026-06-30T01:17:55.891+0000] {dagbag.py:545} INFO - Filling up the DagBag from /opt/airflow/dags/dag_gold_dbt.py
[2026-06-30T01:17:55.898+0000] {processor.py:840} INFO - DAG(s) 'dbt_gold_transformation' retrieved from /opt/airflow/dags/dag_gold_dbt.py
[2026-06-30T01:17:55.910+0000] {logging_mixin.py:188} INFO - [2026-06-30T01:17:55.910+0000] {dag.py:3096} INFO - Sync 1 DAGs
[2026-06-30T01:17:55.917+0000] {logging_mixin.py:188} INFO - [2026-06-30T01:17:55.917+0000] {dag.py:3954} INFO - Setting next_dagrun for dbt_gold_transformation to 2026-06-30 00:00:00+00:00, run_after=2026-07-01 00:00:00+00:00
[2026-06-30T01:17:55.923+0000] {processor.py:183} INFO - Processing /opt/airflow/dags/dag_gold_dbt.py took 0.036 seconds
[2026-06-30T01:35:05.883+0000] {processor.py:161} INFO - Started process (PID=18387) to work on /opt/airflow/dags/dag_gold_dbt.py
[2026-06-30T01:35:05.884+0000] {processor.py:830} INFO - Processing file /opt/airflow/dags/dag_gold_dbt.py for tasks to queue
[2026-06-30T01:35:05.885+0000] {logging_mixin.py:188} INFO - [2026-06-30T01:35:05.884+0000] {dagbag.py:545} INFO - Filling up the DagBag from /opt/airflow/dags/dag_gold_dbt.py
[2026-06-30T01:35:05.891+0000] {processor.py:840} INFO - DAG(s) 'dbt_gold_transformation' retrieved from /opt/airflow/dags/dag_gold_dbt.py
[2026-06-30T01:35:05.906+0000] {logging_mixin.py:188} INFO - [2026-06-30T01:35:05.906+0000] {dag.py:3096} INFO - Sync 1 DAGs
[2026-06-30T01:35:05.915+0000] {logging_mixin.py:188} INFO - [2026-06-30T01:35:05.915+0000] {dag.py:3954} INFO - Setting next_dagrun for dbt_gold_transformation to 2026-06-30 00:00:00+00:00, run_after=2026-07-01 00:00:00+00:00
[2026-06-30T01:35:05.921+0000] {processor.py:183} INFO - Processing /opt/airflow/dags/dag_gold_dbt.py took 0.041 seconds
[2026-06-30T01:35:37.104+0000] {processor.py:161} INFO - Started process (PID=18414) to work on /opt/airflow/dags/dag_gold_dbt.py
[2026-06-30T01:35:37.105+0000] {processor.py:830} INFO - Processing file /opt/airflow/dags/dag_gold_dbt.py for tasks to queue
[2026-06-30T01:35:37.106+0000] {logging_mixin.py:188} INFO - [2026-06-30T01:35:37.106+0000] {dagbag.py:545} INFO - Filling up the DagBag from /opt/airflow/dags/dag_gold_dbt.py
[2026-06-30T01:35:37.113+0000] {processor.py:840} INFO - DAG(s) 'dbt_gold_transformation' retrieved from /opt/airflow/dags/dag_gold_dbt.py
[2026-06-30T01:35:37.128+0000] {logging_mixin.py:188} INFO - [2026-06-30T01:35:37.128+0000] {dag.py:3096} INFO - Sync 1 DAGs
[2026-06-30T01:35:37.135+0000] {logging_mixin.py:188} INFO - [2026-06-30T01:35:37.135+0000] {dag.py:3954} INFO - Setting next_dagrun for dbt_gold_transformation to 2026-06-30 00:00:00+00:00, run_after=2026-07-01 00:00:00+00:00
[2026-06-30T01:35:37.142+0000] {processor.py:183} INFO - Processing /opt/airflow/dags/dag_gold_dbt.py took 0.040 seconds
[2026-06-30T01:52:12.018+0000] {processor.py:161} INFO - Started process (PID=18441) to work on /opt/airflow/dags/dag_gold_dbt.py
[2026-06-30T01:52:12.019+0000] {processor.py:830} INFO - Processing file /opt/airflow/dags/dag_gold_dbt.py for tasks to queue
[2026-06-30T01:52:12.020+0000] {logging_mixin.py:188} INFO - [2026-06-30T01:52:12.020+0000] {dagbag.py:545} INFO - Filling up the DagBag from /opt/airflow/dags/dag_gold_dbt.py
[2026-06-30T01:52:12.026+0000] {processor.py:840} INFO - DAG(s) 'dbt_gold_transformation' retrieved from /opt/airflow/dags/dag_gold_dbt.py
[2026-06-30T01:52:12.039+0000] {logging_mixin.py:188} INFO - [2026-06-30T01:52:12.039+0000] {dag.py:3096} INFO - Sync 1 DAGs
[2026-06-30T01:52:12.047+0000] {logging_mixin.py:188} INFO - [2026-06-30T01:52:12.047+0000] {dag.py:3954} INFO - Setting next_dagrun for dbt_gold_transformation to 2026-06-30 00:00:00+00:00, run_after=2026-07-01 00:00:00+00:00
[2026-06-30T01:52:12.053+0000] {processor.py:183} INFO - Processing /opt/airflow/dags/dag_gold_dbt.py took 0.037 seconds
[2026-06-30T01:52:43.200+0000] {processor.py:161} INFO - Started process (PID=18468) to work on /opt/airflow/dags/dag_gold_dbt.py
[2026-06-30T01:52:43.201+0000] {processor.py:830} INFO - Processing file /opt/airflow/dags/dag_gold_dbt.py for tasks to queue
[2026-06-30T01:52:43.201+0000] {logging_mixin.py:188} INFO - [2026-06-30T01:52:43.201+0000] {dagbag.py:545} INFO - Filling up the DagBag from /opt/airflow/dags/dag_gold_dbt.py
[2026-06-30T01:52:43.207+0000] {processor.py:840} INFO - DAG(s) 'dbt_gold_transformation' retrieved from /opt/airflow/dags/dag_gold_dbt.py
[2026-06-30T01:52:43.223+0000] {logging_mixin.py:188} INFO - [2026-06-30T01:52:43.223+0000] {dag.py:3096} INFO - Sync 1 DAGs
[2026-06-30T01:52:43.231+0000] {logging_mixin.py:188} INFO - [2026-06-30T01:52:43.231+0000] {dag.py:3954} INFO - Setting next_dagrun for dbt_gold_transformation to 2026-06-30 00:00:00+00:00, run_after=2026-07-01 00:00:00+00:00
[2026-06-30T01:52:43.237+0000] {processor.py:183} INFO - Processing /opt/airflow/dags/dag_gold_dbt.py took 0.042 seconds
[2026-06-30T02:10:11.988+0000] {processor.py:161} INFO - Started process (PID=18500) to work on /opt/airflow/dags/dag_gold_dbt.py
[2026-06-30T02:10:11.988+0000] {processor.py:830} INFO - Processing file /opt/airflow/dags/dag_gold_dbt.py for tasks to queue
[2026-06-30T02:10:11.989+0000] {logging_mixin.py:188} INFO - [2026-06-30T02:10:11.989+0000] {dagbag.py:545} INFO - Filling up the DagBag from /opt/airflow/dags/dag_gold_dbt.py
[2026-06-30T02:10:11.996+0000] {processor.py:840} INFO - DAG(s) 'dbt_gold_transformation' retrieved from /opt/airflow/dags/dag_gold_dbt.py
[2026-06-30T02:10:12.019+0000] {logging_mixin.py:188} INFO - [2026-06-30T02:10:12.019+0000] {dag.py:3096} INFO - Sync 1 DAGs
[2026-06-30T02:10:12.028+0000] {logging_mixin.py:188} INFO - [2026-06-30T02:10:12.028+0000] {dag.py:3954} INFO - Setting next_dagrun for dbt_gold_transformation to 2026-06-30 00:00:00+00:00, run_after=2026-07-01 00:00:00+00:00
[2026-06-30T02:10:12.047+0000] {processor.py:183} INFO - Processing /opt/airflow/dags/dag_gold_dbt.py took 0.062 seconds
[2026-06-30T02:18:44.097+0000] {processor.py:161} INFO - Started process (PID=18532) to work on /opt/airflow/dags/dag_gold_dbt.py
[2026-06-30T02:18:44.098+0000] {processor.py:830} INFO - Processing file /opt/airflow/dags/dag_gold_dbt.py for tasks to queue
[2026-06-30T02:18:44.098+0000] {logging_mixin.py:188} INFO - [2026-06-30T02:18:44.098+0000] {dagbag.py:545} INFO - Filling up the DagBag from /opt/airflow/dags/dag_gold_dbt.py
[2026-06-30T02:18:44.104+0000] {processor.py:840} INFO - DAG(s) 'dbt_gold_transformation' retrieved from /opt/airflow/dags/dag_gold_dbt.py
[2026-06-30T02:18:44.116+0000] {logging_mixin.py:188} INFO - [2026-06-30T02:18:44.116+0000] {dag.py:3096} INFO - Sync 1 DAGs
[2026-06-30T02:18:44.123+0000] {logging_mixin.py:188} INFO - [2026-06-30T02:18:44.123+0000] {dag.py:3954} INFO - Setting next_dagrun for dbt_gold_transformation to 2026-06-30 00:00:00+00:00, run_after=2026-07-01 00:00:00+00:00
[2026-06-30T02:18:44.128+0000] {processor.py:183} INFO - Processing /opt/airflow/dags/dag_gold_dbt.py took 0.034 seconds
[2026-06-30T02:19:15.011+0000] {processor.py:161} INFO - Started process (PID=18559) to work on /opt/airflow/dags/dag_gold_dbt.py
[2026-06-30T02:19:15.011+0000] {processor.py:830} INFO - Processing file /opt/airflow/dags/dag_gold_dbt.py for tasks to queue
[2026-06-30T02:19:15.012+0000] {logging_mixin.py:188} INFO - [2026-06-30T02:19:15.012+0000] {dagbag.py:545} INFO - Filling up the DagBag from /opt/airflow/dags/dag_gold_dbt.py
[2026-06-30T02:19:15.019+0000] {processor.py:840} INFO - DAG(s) 'dbt_gold_transformation' retrieved from /opt/airflow/dags/dag_gold_dbt.py
[2026-06-30T02:19:15.032+0000] {logging_mixin.py:188} INFO - [2026-06-30T02:19:15.032+0000] {dag.py:3096} INFO - Sync 1 DAGs
[2026-06-30T02:19:15.039+0000] {logging_mixin.py:188} INFO - [2026-06-30T02:19:15.039+0000] {dag.py:3954} INFO - Setting next_dagrun for dbt_gold_transformation to 2026-06-30 00:00:00+00:00, run_after=2026-07-01 00:00:00+00:00
[2026-06-30T02:19:15.045+0000] {processor.py:183} INFO - Processing /opt/airflow/dags/dag_gold_dbt.py took 0.037 seconds
[2026-06-30T02:25:54.358+0000] {processor.py:161} INFO - Started process (PID=18586) to work on /opt/airflow/dags/dag_gold_dbt.py
[2026-06-30T02:25:54.358+0000] {processor.py:830} INFO - Processing file /opt/airflow/dags/dag_gold_dbt.py for tasks to queue
[2026-06-30T02:25:54.359+0000] {logging_mixin.py:188} INFO - [2026-06-30T02:25:54.359+0000] {dagbag.py:545} INFO - Filling up the DagBag from /opt/airflow/dags/dag_gold_dbt.py
[2026-06-30T02:25:54.367+0000] {processor.py:840} INFO - DAG(s) 'dbt_gold_transformation' retrieved from /opt/airflow/dags/dag_gold_dbt.py
[2026-06-30T02:25:54.380+0000] {logging_mixin.py:188} INFO - [2026-06-30T02:25:54.380+0000] {dag.py:3096} INFO - Sync 1 DAGs
[2026-06-30T02:25:54.387+0000] {logging_mixin.py:188} INFO - [2026-06-30T02:25:54.387+0000] {dag.py:3954} INFO - Setting next_dagrun for dbt_gold_transformation to 2026-06-30 00:00:00+00:00, run_after=2026-07-01 00:00:00+00:00
[2026-06-30T02:25:54.394+0000] {processor.py:183} INFO - Processing /opt/airflow/dags/dag_gold_dbt.py took 0.039 seconds
[2026-06-30T02:26:52.056+0000] {processor.py:161} INFO - Started process (PID=18613) to work on /opt/airflow/dags/dag_gold_dbt.py
[2026-06-30T02:26:52.057+0000] {processor.py:830} INFO - Processing file /opt/airflow/dags/dag_gold_dbt.py for tasks to queue
[2026-06-30T02:26:52.058+0000] {logging_mixin.py:188} INFO - [2026-06-30T02:26:52.058+0000] {dagbag.py:545} INFO - Filling up the DagBag from /opt/airflow/dags/dag_gold_dbt.py
[2026-06-30T02:26:52.065+0000] {processor.py:840} INFO - DAG(s) 'dbt_gold_transformation' retrieved from /opt/airflow/dags/dag_gold_dbt.py
[2026-06-30T02:26:52.078+0000] {logging_mixin.py:188} INFO - [2026-06-30T02:26:52.078+0000] {dag.py:3096} INFO - Sync 1 DAGs
[2026-06-30T02:26:52.086+0000] {logging_mixin.py:188} INFO - [2026-06-30T02:26:52.086+0000] {dag.py:3954} INFO - Setting next_dagrun for dbt_gold_transformation to 2026-06-30 00:00:00+00:00, run_after=2026-07-01 00:00:00+00:00
[2026-06-30T02:26:52.091+0000] {processor.py:183} INFO - Processing /opt/airflow/dags/dag_gold_dbt.py took 0.037 seconds
[2026-06-30T02:27:23.127+0000] {processor.py:161} INFO - Started process (PID=18640) to work on /opt/airflow/dags/dag_gold_dbt.py
[2026-06-30T02:27:23.128+0000] {processor.py:830} INFO - Processing file /opt/airflow/dags/dag_gold_dbt.py for tasks to queue
[2026-06-30T02:27:23.129+0000] {logging_mixin.py:188} INFO - [2026-06-30T02:27:23.129+0000] {dagbag.py:545} INFO - Filling up the DagBag from /opt/airflow/dags/dag_gold_dbt.py
[2026-06-30T02:27:23.136+0000] {processor.py:840} INFO - DAG(s) 'dbt_gold_transformation' retrieved from /opt/airflow/dags/dag_gold_dbt.py
[2026-06-30T02:27:23.148+0000] {logging_mixin.py:188} INFO - [2026-06-30T02:27:23.147+0000] {dag.py:3096} INFO - Sync 1 DAGs
[2026-06-30T02:27:23.155+0000] {logging_mixin.py:188} INFO - [2026-06-30T02:27:23.155+0000] {dag.py:3954} INFO - Setting next_dagrun for dbt_gold_transformation to 2026-06-30 00:00:00+00:00, run_after=2026-07-01 00:00:00+00:00
[2026-06-30T02:27:23.160+0000] {processor.py:183} INFO - Processing /opt/airflow/dags/dag_gold_dbt.py took 0.037 seconds
[2026-06-30T02:33:50.044+0000] {processor.py:161} INFO - Started process (PID=18666) to work on /opt/airflow/dags/dag_gold_dbt.py
[2026-06-30T02:33:50.045+0000] {processor.py:830} INFO - Processing file /opt/airflow/dags/dag_gold_dbt.py for tasks to queue
[2026-06-30T02:33:50.046+0000] {logging_mixin.py:188} INFO - [2026-06-30T02:33:50.045+0000] {dagbag.py:545} INFO - Filling up the DagBag from /opt/airflow/dags/dag_gold_dbt.py
[2026-06-30T02:33:50.063+0000] {processor.py:840} INFO - DAG(s) 'dbt_gold_transformation' retrieved from /opt/airflow/dags/dag_gold_dbt.py
[2026-06-30T02:33:50.085+0000] {logging_mixin.py:188} INFO - [2026-06-30T02:33:50.084+0000] {dag.py:3096} INFO - Sync 1 DAGs
[2026-06-30T02:33:50.099+0000] {logging_mixin.py:188} INFO - [2026-06-30T02:33:50.099+0000] {dag.py:3954} INFO - Setting next_dagrun for dbt_gold_transformation to 2026-06-30 00:00:00+00:00, run_after=2026-07-01 00:00:00+00:00
[2026-06-30T02:33:50.110+0000] {processor.py:183} INFO - Processing /opt/airflow/dags/dag_gold_dbt.py took 0.071 seconds
[2026-06-30T02:49:32.604+0000] {processor.py:161} INFO - Started process (PID=18694) to work on /opt/airflow/dags/dag_gold_dbt.py
[2026-06-30T02:49:32.605+0000] {processor.py:830} INFO - Processing file /opt/airflow/dags/dag_gold_dbt.py for tasks to queue
[2026-06-30T02:49:32.607+0000] {logging_mixin.py:188} INFO - [2026-06-30T02:49:32.607+0000] {dagbag.py:545} INFO - Filling up the DagBag from /opt/airflow/dags/dag_gold_dbt.py
[2026-06-30T02:49:32.618+0000] {processor.py:840} INFO - DAG(s) 'dbt_gold_transformation' retrieved from /opt/airflow/dags/dag_gold_dbt.py
[2026-06-30T02:49:32.642+0000] {logging_mixin.py:188} INFO - [2026-06-30T02:49:32.641+0000] {dag.py:3096} INFO - Sync 1 DAGs
[2026-06-30T02:49:32.656+0000] {logging_mixin.py:188} INFO - [2026-06-30T02:49:32.656+0000] {dag.py:3954} INFO - Setting next_dagrun for dbt_gold_transformation to 2026-06-30 00:00:00+00:00, run_after=2026-07-01 00:00:00+00:00
[2026-06-30T02:49:32.666+0000] {processor.py:183} INFO - Processing /opt/airflow/dags/dag_gold_dbt.py took 0.067 seconds
[2026-06-30T02:50:21.596+0000] {processor.py:161} INFO - Started process (PID=18721) to work on /opt/airflow/dags/dag_gold_dbt.py
[2026-06-30T02:50:21.597+0000] {processor.py:830} INFO - Processing file /opt/airflow/dags/dag_gold_dbt.py for tasks to queue
[2026-06-30T02:50:21.597+0000] {logging_mixin.py:188} INFO - [2026-06-30T02:50:21.597+0000] {dagbag.py:545} INFO - Filling up the DagBag from /opt/airflow/dags/dag_gold_dbt.py
[2026-06-30T02:50:21.607+0000] {processor.py:840} INFO - DAG(s) 'dbt_gold_transformation' retrieved from /opt/airflow/dags/dag_gold_dbt.py
[2026-06-30T02:50:21.622+0000] {logging_mixin.py:188} INFO - [2026-06-30T02:50:21.622+0000] {dag.py:3096} INFO - Sync 1 DAGs
[2026-06-30T02:50:21.633+0000] {logging_mixin.py:188} INFO - [2026-06-30T02:50:21.633+0000] {dag.py:3954} INFO - Setting next_dagrun for dbt_gold_transformation to 2026-06-30 00:00:00+00:00, run_after=2026-07-01 00:00:00+00:00
[2026-06-30T02:50:21.641+0000] {processor.py:183} INFO - Processing /opt/airflow/dags/dag_gold_dbt.py took 0.048 seconds
[2026-06-30T02:50:52.817+0000] {processor.py:161} INFO - Started process (PID=18748) to work on /opt/airflow/dags/dag_gold_dbt.py
[2026-06-30T02:50:52.817+0000] {processor.py:830} INFO - Processing file /opt/airflow/dags/dag_gold_dbt.py for tasks to queue
[2026-06-30T02:50:52.818+0000] {logging_mixin.py:188} INFO - [2026-06-30T02:50:52.818+0000] {dagbag.py:545} INFO - Filling up the DagBag from /opt/airflow/dags/dag_gold_dbt.py
[2026-06-30T02:50:52.828+0000] {processor.py:840} INFO - DAG(s) 'dbt_gold_transformation' retrieved from /opt/airflow/dags/dag_gold_dbt.py
[2026-06-30T02:50:52.843+0000] {logging_mixin.py:188} INFO - [2026-06-30T02:50:52.843+0000] {dag.py:3096} INFO - Sync 1 DAGs
[2026-06-30T02:50:52.852+0000] {logging_mixin.py:188} INFO - [2026-06-30T02:50:52.851+0000] {dag.py:3954} INFO - Setting next_dagrun for dbt_gold_transformation to 2026-06-30 00:00:00+00:00, run_after=2026-07-01 00:00:00+00:00
[2026-06-30T02:50:52.858+0000] {processor.py:183} INFO - Processing /opt/airflow/dags/dag_gold_dbt.py took 0.045 seconds
[2026-06-30T02:51:23.857+0000] {processor.py:161} INFO - Started process (PID=18775) to work on /opt/airflow/dags/dag_gold_dbt.py
[2026-06-30T02:51:23.857+0000] {processor.py:830} INFO - Processing file /opt/airflow/dags/dag_gold_dbt.py for tasks to queue
[2026-06-30T02:51:23.858+0000] {logging_mixin.py:188} INFO - [2026-06-30T02:51:23.857+0000] {dagbag.py:545} INFO - Filling up the DagBag from /opt/airflow/dags/dag_gold_dbt.py
[2026-06-30T02:51:23.865+0000] {processor.py:840} INFO - DAG(s) 'dbt_gold_transformation' retrieved from /opt/airflow/dags/dag_gold_dbt.py
[2026-06-30T02:51:23.876+0000] {logging_mixin.py:188} INFO - [2026-06-30T02:51:23.876+0000] {dag.py:3096} INFO - Sync 1 DAGs
[2026-06-30T02:51:23.884+0000] {logging_mixin.py:188} INFO - [2026-06-30T02:51:23.884+0000] {dag.py:3954} INFO - Setting next_dagrun for dbt_gold_transformation to 2026-06-30 00:00:00+00:00, run_after=2026-07-01 00:00:00+00:00
[2026-06-30T02:51:23.889+0000] {processor.py:183} INFO - Processing /opt/airflow/dags/dag_gold_dbt.py took 0.035 seconds
[2026-06-30T02:51:55.035+0000] {processor.py:161} INFO - Started process (PID=18802) to work on /opt/airflow/dags/dag_gold_dbt.py
[2026-06-30T02:51:55.038+0000] {processor.py:830} INFO - Processing file /opt/airflow/dags/dag_gold_dbt.py for tasks to queue
[2026-06-30T02:51:55.039+0000] {logging_mixin.py:188} INFO - [2026-06-30T02:51:55.039+0000] {dagbag.py:545} INFO - Filling up the DagBag from /opt/airflow/dags/dag_gold_dbt.py
[2026-06-30T02:51:55.048+0000] {processor.py:840} INFO - DAG(s) 'dbt_gold_transformation' retrieved from /opt/airflow/dags/dag_gold_dbt.py
[2026-06-30T02:51:55.060+0000] {logging_mixin.py:188} INFO - [2026-06-30T02:51:55.060+0000] {dag.py:3096} INFO - Sync 1 DAGs
[2026-06-30T02:51:55.068+0000] {logging_mixin.py:188} INFO - [2026-06-30T02:51:55.068+0000] {dag.py:3954} INFO - Setting next_dagrun for dbt_gold_transformation to 2026-06-30 00:00:00+00:00, run_after=2026-07-01 00:00:00+00:00
[2026-06-30T02:51:55.073+0000] {processor.py:183} INFO - Processing /opt/airflow/dags/dag_gold_dbt.py took 0.042 seconds
[2026-06-30T02:52:26.202+0000] {processor.py:161} INFO - Started process (PID=18829) to work on /opt/airflow/dags/dag_gold_dbt.py
[2026-06-30T02:52:26.203+0000] {processor.py:830} INFO - Processing file /opt/airflow/dags/dag_gold_dbt.py for tasks to queue
[2026-06-30T02:52:26.203+0000] {logging_mixin.py:188} INFO - [2026-06-30T02:52:26.203+0000] {dagbag.py:545} INFO - Filling up the DagBag from /opt/airflow/dags/dag_gold_dbt.py
[2026-06-30T02:52:26.212+0000] {processor.py:840} INFO - DAG(s) 'dbt_gold_transformation' retrieved from /opt/airflow/dags/dag_gold_dbt.py
[2026-06-30T02:52:26.224+0000] {logging_mixin.py:188} INFO - [2026-06-30T02:52:26.224+0000] {dag.py:3096} INFO - Sync 1 DAGs
[2026-06-30T02:52:26.232+0000] {logging_mixin.py:188} INFO - [2026-06-30T02:52:26.232+0000] {dag.py:3954} INFO - Setting next_dagrun for dbt_gold_transformation to 2026-06-30 00:00:00+00:00, run_after=2026-07-01 00:00:00+00:00
[2026-06-30T02:52:26.238+0000] {processor.py:183} INFO - Processing /opt/airflow/dags/dag_gold_dbt.py took 0.040 seconds
[2026-06-30T02:52:57.384+0000] {processor.py:161} INFO - Started process (PID=18856) to work on /opt/airflow/dags/dag_gold_dbt.py
[2026-06-30T02:52:57.385+0000] {processor.py:830} INFO - Processing file /opt/airflow/dags/dag_gold_dbt.py for tasks to queue
[2026-06-30T02:52:57.386+0000] {logging_mixin.py:188} INFO - [2026-06-30T02:52:57.386+0000] {dagbag.py:545} INFO - Filling up the DagBag from /opt/airflow/dags/dag_gold_dbt.py
[2026-06-30T02:52:57.395+0000] {processor.py:840} INFO - DAG(s) 'dbt_gold_transformation' retrieved from /opt/airflow/dags/dag_gold_dbt.py
[2026-06-30T02:52:57.421+0000] {logging_mixin.py:188} INFO - [2026-06-30T02:52:57.421+0000] {dag.py:3096} INFO - Sync 1 DAGs
[2026-06-30T02:52:57.437+0000] {logging_mixin.py:188} INFO - [2026-06-30T02:52:57.437+0000] {dag.py:3954} INFO - Setting next_dagrun for dbt_gold_transformation to 2026-06-30 00:00:00+00:00, run_after=2026-07-01 00:00:00+00:00
[2026-06-30T02:52:57.447+0000] {processor.py:183} INFO - Processing /opt/airflow/dags/dag_gold_dbt.py took 0.066 seconds
[2026-06-30T02:53:28.508+0000] {processor.py:161} INFO - Started process (PID=18883) to work on /opt/airflow/dags/dag_gold_dbt.py
[2026-06-30T02:53:28.509+0000] {processor.py:830} INFO - Processing file /opt/airflow/dags/dag_gold_dbt.py for tasks to queue
[2026-06-30T02:53:28.510+0000] {logging_mixin.py:188} INFO - [2026-06-30T02:53:28.509+0000] {dagbag.py:545} INFO - Filling up the DagBag from /opt/airflow/dags/dag_gold_dbt.py
[2026-06-30T02:53:28.517+0000] {processor.py:840} INFO - DAG(s) 'dbt_gold_transformation' retrieved from /opt/airflow/dags/dag_gold_dbt.py
[2026-06-30T02:53:28.535+0000] {logging_mixin.py:188} INFO - [2026-06-30T02:53:28.535+0000] {dag.py:3096} INFO - Sync 1 DAGs
[2026-06-30T02:53:28.545+0000] {logging_mixin.py:188} INFO - [2026-06-30T02:53:28.545+0000] {dag.py:3954} INFO - Setting next_dagrun for dbt_gold_transformation to 2026-06-30 00:00:00+00:00, run_after=2026-07-01 00:00:00+00:00
[2026-06-30T02:53:28.554+0000] {processor.py:183} INFO - Processing /opt/airflow/dags/dag_gold_dbt.py took 0.049 seconds
[2026-06-30T02:53:59.664+0000] {processor.py:161} INFO - Started process (PID=18910) to work on /opt/airflow/dags/dag_gold_dbt.py
[2026-06-30T02:53:59.664+0000] {processor.py:830} INFO - Processing file /opt/airflow/dags/dag_gold_dbt.py for tasks to queue
[2026-06-30T02:53:59.665+0000] {logging_mixin.py:188} INFO - [2026-06-30T02:53:59.664+0000] {dagbag.py:545} INFO - Filling up the DagBag from /opt/airflow/dags/dag_gold_dbt.py
[2026-06-30T02:53:59.676+0000] {processor.py:840} INFO - DAG(s) 'dbt_gold_transformation' retrieved from /opt/airflow/dags/dag_gold_dbt.py
[2026-06-30T02:53:59.690+0000] {logging_mixin.py:188} INFO - [2026-06-30T02:53:59.689+0000] {dag.py:3096} INFO - Sync 1 DAGs
[2026-06-30T02:53:59.698+0000] {logging_mixin.py:188} INFO - [2026-06-30T02:53:59.698+0000] {dag.py:3954} INFO - Setting next_dagrun for dbt_gold_transformation to 2026-06-30 00:00:00+00:00, run_after=2026-07-01 00:00:00+00:00
[2026-06-30T02:53:59.704+0000] {processor.py:183} INFO - Processing /opt/airflow/dags/dag_gold_dbt.py took 0.044 seconds
[2026-06-30T02:54:30.796+0000] {processor.py:161} INFO - Started process (PID=18937) to work on /opt/airflow/dags/dag_gold_dbt.py
[2026-06-30T02:54:30.796+0000] {processor.py:830} INFO - Processing file /opt/airflow/dags/dag_gold_dbt.py for tasks to queue
[2026-06-30T02:54:30.798+0000] {logging_mixin.py:188} INFO - [2026-06-30T02:54:30.797+0000] {dagbag.py:545} INFO - Filling up the DagBag from /opt/airflow/dags/dag_gold_dbt.py
[2026-06-30T02:54:30.804+0000] {processor.py:840} INFO - DAG(s) 'dbt_gold_transformation' retrieved from /opt/airflow/dags/dag_gold_dbt.py
[2026-06-30T02:54:30.818+0000] {logging_mixin.py:188} INFO - [2026-06-30T02:54:30.818+0000] {dag.py:3096} INFO - Sync 1 DAGs
[2026-06-30T02:54:30.827+0000] {logging_mixin.py:188} INFO - [2026-06-30T02:54:30.827+0000] {dag.py:3954} INFO - Setting next_dagrun for dbt_gold_transformation to 2026-06-30 00:00:00+00:00, run_after=2026-07-01 00:00:00+00:00
[2026-06-30T02:54:30.833+0000] {processor.py:183} INFO - Processing /opt/airflow/dags/dag_gold_dbt.py took 0.040 seconds
[2026-06-30T02:55:01.954+0000] {processor.py:161} INFO - Started process (PID=18964) to work on /opt/airflow/dags/dag_gold_dbt.py
[2026-06-30T02:55:01.959+0000] {processor.py:830} INFO - Processing file /opt/airflow/dags/dag_gold_dbt.py for tasks to queue
[2026-06-30T02:55:01.960+0000] {logging_mixin.py:188} INFO - [2026-06-30T02:55:01.960+0000] {dagbag.py:545} INFO - Filling up the DagBag from /opt/airflow/dags/dag_gold_dbt.py
[2026-06-30T02:55:01.973+0000] {processor.py:840} INFO - DAG(s) 'dbt_gold_transformation' retrieved from /opt/airflow/dags/dag_gold_dbt.py
[2026-06-30T02:55:02.006+0000] {logging_mixin.py:188} INFO - [2026-06-30T02:55:02.005+0000] {dag.py:3096} INFO - Sync 1 DAGs
[2026-06-30T02:55:02.038+0000] {logging_mixin.py:188} INFO - [2026-06-30T02:55:02.038+0000] {dag.py:3954} INFO - Setting next_dagrun for dbt_gold_transformation to 2026-06-30 00:00:00+00:00, run_after=2026-07-01 00:00:00+00:00
[2026-06-30T02:55:02.055+0000] {processor.py:183} INFO - Processing /opt/airflow/dags/dag_gold_dbt.py took 0.103 seconds
[2026-06-30T02:55:33.395+0000] {processor.py:161} INFO - Started process (PID=18991) to work on /opt/airflow/dags/dag_gold_dbt.py
[2026-06-30T02:55:33.396+0000] {processor.py:830} INFO - Processing file /opt/airflow/dags/dag_gold_dbt.py for tasks to queue
[2026-06-30T02:55:33.397+0000] {logging_mixin.py:188} INFO - [2026-06-30T02:55:33.397+0000] {dagbag.py:545} INFO - Filling up the DagBag from /opt/airflow/dags/dag_gold_dbt.py
[2026-06-30T02:55:33.404+0000] {processor.py:840} INFO - DAG(s) 'dbt_gold_transformation' retrieved from /opt/airflow/dags/dag_gold_dbt.py
[2026-06-30T02:55:33.422+0000] {logging_mixin.py:188} INFO - [2026-06-30T02:55:33.422+0000] {dag.py:3096} INFO - Sync 1 DAGs
[2026-06-30T02:55:33.433+0000] {logging_mixin.py:188} INFO - [2026-06-30T02:55:33.433+0000] {dag.py:3954} INFO - Setting next_dagrun for dbt_gold_transformation to 2026-06-30 00:00:00+00:00, run_after=2026-07-01 00:00:00+00:00
[2026-06-30T02:55:33.440+0000] {processor.py:183} INFO - Processing /opt/airflow/dags/dag_gold_dbt.py took 0.049 seconds
[2026-06-30T02:56:04.729+0000] {processor.py:161} INFO - Started process (PID=19018) to work on /opt/airflow/dags/dag_gold_dbt.py
[2026-06-30T02:56:04.733+0000] {processor.py:830} INFO - Processing file /opt/airflow/dags/dag_gold_dbt.py for tasks to queue
[2026-06-30T02:56:04.733+0000] {logging_mixin.py:188} INFO - [2026-06-30T02:56:04.733+0000] {dagbag.py:545} INFO - Filling up the DagBag from /opt/airflow/dags/dag_gold_dbt.py
[2026-06-30T02:56:04.741+0000] {processor.py:840} INFO - DAG(s) 'dbt_gold_transformation' retrieved from /opt/airflow/dags/dag_gold_dbt.py
[2026-06-30T02:56:04.752+0000] {logging_mixin.py:188} INFO - [2026-06-30T02:56:04.752+0000] {dag.py:3096} INFO - Sync 1 DAGs
[2026-06-30T02:56:04.761+0000] {logging_mixin.py:188} INFO - [2026-06-30T02:56:04.761+0000] {dag.py:3954} INFO - Setting next_dagrun for dbt_gold_transformation to 2026-06-30 00:00:00+00:00, run_after=2026-07-01 00:00:00+00:00
[2026-06-30T02:56:04.766+0000] {processor.py:183} INFO - Processing /opt/airflow/dags/dag_gold_dbt.py took 0.040 seconds
[2026-06-30T02:56:35.861+0000] {processor.py:161} INFO - Started process (PID=19045) to work on /opt/airflow/dags/dag_gold_dbt.py
[2026-06-30T02:56:35.862+0000] {processor.py:830} INFO - Processing file /opt/airflow/dags/dag_gold_dbt.py for tasks to queue
[2026-06-30T02:56:35.863+0000] {logging_mixin.py:188} INFO - [2026-06-30T02:56:35.862+0000] {dagbag.py:545} INFO - Filling up the DagBag from /opt/airflow/dags/dag_gold_dbt.py
[2026-06-30T02:56:35.868+0000] {processor.py:840} INFO - DAG(s) 'dbt_gold_transformation' retrieved from /opt/airflow/dags/dag_gold_dbt.py
[2026-06-30T02:56:35.885+0000] {logging_mixin.py:188} INFO - [2026-06-30T02:56:35.885+0000] {dag.py:3096} INFO - Sync 1 DAGs
[2026-06-30T02:56:35.893+0000] {logging_mixin.py:188} INFO - [2026-06-30T02:56:35.893+0000] {dag.py:3954} INFO - Setting next_dagrun for dbt_gold_transformation to 2026-06-30 00:00:00+00:00, run_after=2026-07-01 00:00:00+00:00
[2026-06-30T02:56:35.900+0000] {processor.py:183} INFO - Processing /opt/airflow/dags/dag_gold_dbt.py took 0.041 seconds
[2026-06-30T02:57:06.815+0000] {processor.py:161} INFO - Started process (PID=19072) to work on /opt/airflow/dags/dag_gold_dbt.py
[2026-06-30T02:57:06.816+0000] {processor.py:830} INFO - Processing file /opt/airflow/dags/dag_gold_dbt.py for tasks to queue
[2026-06-30T02:57:06.816+0000] {logging_mixin.py:188} INFO - [2026-06-30T02:57:06.816+0000] {dagbag.py:545} INFO - Filling up the DagBag from /opt/airflow/dags/dag_gold_dbt.py
[2026-06-30T02:57:06.824+0000] {processor.py:840} INFO - DAG(s) 'dbt_gold_transformation' retrieved from /opt/airflow/dags/dag_gold_dbt.py
[2026-06-30T02:57:06.836+0000] {logging_mixin.py:188} INFO - [2026-06-30T02:57:06.836+0000] {dag.py:3096} INFO - Sync 1 DAGs
[2026-06-30T02:57:06.845+0000] {logging_mixin.py:188} INFO - [2026-06-30T02:57:06.845+0000] {dag.py:3954} INFO - Setting next_dagrun for dbt_gold_transformation to 2026-06-30 00:00:00+00:00, run_after=2026-07-01 00:00:00+00:00
[2026-06-30T02:57:06.851+0000] {processor.py:183} INFO - Processing /opt/airflow/dags/dag_gold_dbt.py took 0.038 seconds
[2026-06-30T02:57:38.173+0000] {processor.py:161} INFO - Started process (PID=19099) to work on /opt/airflow/dags/dag_gold_dbt.py
[2026-06-30T02:57:38.174+0000] {processor.py:830} INFO - Processing file /opt/airflow/dags/dag_gold_dbt.py for tasks to queue
[2026-06-30T02:57:38.174+0000] {logging_mixin.py:188} INFO - [2026-06-30T02:57:38.174+0000] {dagbag.py:545} INFO - Filling up the DagBag from /opt/airflow/dags/dag_gold_dbt.py
[2026-06-30T02:57:38.184+0000] {processor.py:840} INFO - DAG(s) 'dbt_gold_transformation' retrieved from /opt/airflow/dags/dag_gold_dbt.py
[2026-06-30T02:57:38.198+0000] {logging_mixin.py:188} INFO - [2026-06-30T02:57:38.198+0000] {dag.py:3096} INFO - Sync 1 DAGs
[2026-06-30T02:57:38.207+0000] {logging_mixin.py:188} INFO - [2026-06-30T02:57:38.207+0000] {dag.py:3954} INFO - Setting next_dagrun for dbt_gold_transformation to 2026-06-30 00:00:00+00:00, run_after=2026-07-01 00:00:00+00:00
[2026-06-30T02:57:38.213+0000] {processor.py:183} INFO - Processing /opt/airflow/dags/dag_gold_dbt.py took 0.043 seconds
[2026-06-30T02:58:09.291+0000] {processor.py:161} INFO - Started process (PID=19126) to work on /opt/airflow/dags/dag_gold_dbt.py
[2026-06-30T02:58:09.294+0000] {processor.py:830} INFO - Processing file /opt/airflow/dags/dag_gold_dbt.py for tasks to queue
[2026-06-30T02:58:09.294+0000] {logging_mixin.py:188} INFO - [2026-06-30T02:58:09.294+0000] {dagbag.py:545} INFO - Filling up the DagBag from /opt/airflow/dags/dag_gold_dbt.py
[2026-06-30T02:58:09.303+0000] {processor.py:840} INFO - DAG(s) 'dbt_gold_transformation' retrieved from /opt/airflow/dags/dag_gold_dbt.py
[2026-06-30T02:58:09.316+0000] {logging_mixin.py:188} INFO - [2026-06-30T02:58:09.315+0000] {dag.py:3096} INFO - Sync 1 DAGs
[2026-06-30T02:58:09.324+0000] {logging_mixin.py:188} INFO - [2026-06-30T02:58:09.323+0000] {dag.py:3954} INFO - Setting next_dagrun for dbt_gold_transformation to 2026-06-30 00:00:00+00:00, run_after=2026-07-01 00:00:00+00:00
[2026-06-30T02:58:09.329+0000] {processor.py:183} INFO - Processing /opt/airflow/dags/dag_gold_dbt.py took 0.040 seconds
[2026-06-30T02:58:40.434+0000] {processor.py:161} INFO - Started process (PID=19153) to work on /opt/airflow/dags/dag_gold_dbt.py
[2026-06-30T02:58:40.435+0000] {processor.py:830} INFO - Processing file /opt/airflow/dags/dag_gold_dbt.py for tasks to queue
[2026-06-30T02:58:40.435+0000] {logging_mixin.py:188} INFO - [2026-06-30T02:58:40.435+0000] {dagbag.py:545} INFO - Filling up the DagBag from /opt/airflow/dags/dag_gold_dbt.py
[2026-06-30T02:58:40.441+0000] {processor.py:840} INFO - DAG(s) 'dbt_gold_transformation' retrieved from /opt/airflow/dags/dag_gold_dbt.py
[2026-06-30T02:58:40.450+0000] {logging_mixin.py:188} INFO - [2026-06-30T02:58:40.450+0000] {dag.py:3096} INFO - Sync 1 DAGs
[2026-06-30T02:58:40.458+0000] {logging_mixin.py:188} INFO - [2026-06-30T02:58:40.458+0000] {dag.py:3954} INFO - Setting next_dagrun for dbt_gold_transformation to 2026-06-30 00:00:00+00:00, run_after=2026-07-01 00:00:00+00:00
[2026-06-30T02:58:40.464+0000] {processor.py:183} INFO - Processing /opt/airflow/dags/dag_gold_dbt.py took 0.032 seconds
[2026-06-30T02:59:11.495+0000] {processor.py:161} INFO - Started process (PID=19180) to work on /opt/airflow/dags/dag_gold_dbt.py
[2026-06-30T02:59:11.497+0000] {processor.py:830} INFO - Processing file /opt/airflow/dags/dag_gold_dbt.py for tasks to queue
[2026-06-30T02:59:11.497+0000] {logging_mixin.py:188} INFO - [2026-06-30T02:59:11.497+0000] {dagbag.py:545} INFO - Filling up the DagBag from /opt/airflow/dags/dag_gold_dbt.py
[2026-06-30T02:59:11.502+0000] {processor.py:840} INFO - DAG(s) 'dbt_gold_transformation' retrieved from /opt/airflow/dags/dag_gold_dbt.py
[2026-06-30T02:59:11.512+0000] {logging_mixin.py:188} INFO - [2026-06-30T02:59:11.512+0000] {dag.py:3096} INFO - Sync 1 DAGs
[2026-06-30T02:59:11.519+0000] {logging_mixin.py:188} INFO - [2026-06-30T02:59:11.519+0000] {dag.py:3954} INFO - Setting next_dagrun for dbt_gold_transformation to 2026-06-30 00:00:00+00:00, run_after=2026-07-01 00:00:00+00:00
[2026-06-30T02:59:11.525+0000] {processor.py:183} INFO - Processing /opt/airflow/dags/dag_gold_dbt.py took 0.034 seconds
[2026-06-30T02:59:42.636+0000] {processor.py:161} INFO - Started process (PID=19206) to work on /opt/airflow/dags/dag_gold_dbt.py
[2026-06-30T02:59:42.636+0000] {processor.py:830} INFO - Processing file /opt/airflow/dags/dag_gold_dbt.py for tasks to queue
[2026-06-30T02:59:42.637+0000] {logging_mixin.py:188} INFO - [2026-06-30T02:59:42.637+0000] {dagbag.py:545} INFO - Filling up the DagBag from /opt/airflow/dags/dag_gold_dbt.py
[2026-06-30T02:59:42.643+0000] {processor.py:840} INFO - DAG(s) 'dbt_gold_transformation' retrieved from /opt/airflow/dags/dag_gold_dbt.py
[2026-06-30T02:59:42.657+0000] {logging_mixin.py:188} INFO - [2026-06-30T02:59:42.657+0000] {dag.py:3096} INFO - Sync 1 DAGs
[2026-06-30T02:59:42.667+0000] {logging_mixin.py:188} INFO - [2026-06-30T02:59:42.667+0000] {dag.py:3954} INFO - Setting next_dagrun for dbt_gold_transformation to 2026-06-30 00:00:00+00:00, run_after=2026-07-01 00:00:00+00:00
[2026-06-30T02:59:42.674+0000] {processor.py:183} INFO - Processing /opt/airflow/dags/dag_gold_dbt.py took 0.041 seconds
[2026-06-30T03:00:14.068+0000] {processor.py:161} INFO - Started process (PID=19243) to work on /opt/airflow/dags/dag_gold_dbt.py
[2026-06-30T03:00:14.069+0000] {processor.py:830} INFO - Processing file /opt/airflow/dags/dag_gold_dbt.py for tasks to queue
[2026-06-30T03:00:14.070+0000] {logging_mixin.py:188} INFO - [2026-06-30T03:00:14.070+0000] {dagbag.py:545} INFO - Filling up the DagBag from /opt/airflow/dags/dag_gold_dbt.py
[2026-06-30T03:00:14.083+0000] {processor.py:840} INFO - DAG(s) 'dbt_gold_transformation' retrieved from /opt/airflow/dags/dag_gold_dbt.py
[2026-06-30T03:00:14.099+0000] {logging_mixin.py:188} INFO - [2026-06-30T03:00:14.099+0000] {dag.py:3096} INFO - Sync 1 DAGs
[2026-06-30T03:00:14.109+0000] {logging_mixin.py:188} INFO - [2026-06-30T03:00:14.109+0000] {dag.py:3954} INFO - Setting next_dagrun for dbt_gold_transformation to 2026-06-30 00:00:00+00:00, run_after=2026-07-01 00:00:00+00:00
[2026-06-30T03:00:14.117+0000] {processor.py:183} INFO - Processing /opt/airflow/dags/dag_gold_dbt.py took 0.052 seconds
[2026-06-30T03:00:45.167+0000] {processor.py:161} INFO - Started process (PID=19271) to work on /opt/airflow/dags/dag_gold_dbt.py
[2026-06-30T03:00:45.168+0000] {processor.py:830} INFO - Processing file /opt/airflow/dags/dag_gold_dbt.py for tasks to queue
[2026-06-30T03:00:45.169+0000] {logging_mixin.py:188} INFO - [2026-06-30T03:00:45.169+0000] {dagbag.py:545} INFO - Filling up the DagBag from /opt/airflow/dags/dag_gold_dbt.py
[2026-06-30T03:00:45.175+0000] {processor.py:840} INFO - DAG(s) 'dbt_gold_transformation' retrieved from /opt/airflow/dags/dag_gold_dbt.py
[2026-06-30T03:00:45.188+0000] {logging_mixin.py:188} INFO - [2026-06-30T03:00:45.187+0000] {dag.py:3096} INFO - Sync 1 DAGs
[2026-06-30T03:00:45.197+0000] {logging_mixin.py:188} INFO - [2026-06-30T03:00:45.197+0000] {dag.py:3954} INFO - Setting next_dagrun for dbt_gold_transformation to 2026-06-30 00:00:00+00:00, run_after=2026-07-01 00:00:00+00:00
[2026-06-30T03:00:45.204+0000] {processor.py:183} INFO - Processing /opt/airflow/dags/dag_gold_dbt.py took 0.039 seconds
[2026-06-30T03:01:16.367+0000] {processor.py:161} INFO - Started process (PID=19298) to work on /opt/airflow/dags/dag_gold_dbt.py
[2026-06-30T03:01:16.367+0000] {processor.py:830} INFO - Processing file /opt/airflow/dags/dag_gold_dbt.py for tasks to queue
[2026-06-30T03:01:16.369+0000] {logging_mixin.py:188} INFO - [2026-06-30T03:01:16.369+0000] {dagbag.py:545} INFO - Filling up the DagBag from /opt/airflow/dags/dag_gold_dbt.py
[2026-06-30T03:01:16.378+0000] {processor.py:840} INFO - DAG(s) 'dbt_gold_transformation' retrieved from /opt/airflow/dags/dag_gold_dbt.py
[2026-06-30T03:01:16.393+0000] {logging_mixin.py:188} INFO - [2026-06-30T03:01:16.393+0000] {dag.py:3096} INFO - Sync 1 DAGs
[2026-06-30T03:01:16.406+0000] {logging_mixin.py:188} INFO - [2026-06-30T03:01:16.406+0000] {dag.py:3954} INFO - Setting next_dagrun for dbt_gold_transformation to 2026-06-30 00:00:00+00:00, run_after=2026-07-01 00:00:00+00:00
[2026-06-30T03:01:16.417+0000] {processor.py:183} INFO - Processing /opt/airflow/dags/dag_gold_dbt.py took 0.053 seconds
[2026-06-30T03:01:47.663+0000] {processor.py:161} INFO - Started process (PID=19325) to work on /opt/airflow/dags/dag_gold_dbt.py
[2026-06-30T03:01:47.664+0000] {processor.py:830} INFO - Processing file /opt/airflow/dags/dag_gold_dbt.py for tasks to queue
[2026-06-30T03:01:47.665+0000] {logging_mixin.py:188} INFO - [2026-06-30T03:01:47.665+0000] {dagbag.py:545} INFO - Filling up the DagBag from /opt/airflow/dags/dag_gold_dbt.py
[2026-06-30T03:01:47.675+0000] {processor.py:840} INFO - DAG(s) 'dbt_gold_transformation' retrieved from /opt/airflow/dags/dag_gold_dbt.py
[2026-06-30T03:01:47.691+0000] {logging_mixin.py:188} INFO - [2026-06-30T03:01:47.690+0000] {dag.py:3096} INFO - Sync 1 DAGs
[2026-06-30T03:01:47.702+0000] {logging_mixin.py:188} INFO - [2026-06-30T03:01:47.702+0000] {dag.py:3954} INFO - Setting next_dagrun for dbt_gold_transformation to 2026-06-30 00:00:00+00:00, run_after=2026-07-01 00:00:00+00:00
[2026-06-30T03:01:47.710+0000] {processor.py:183} INFO - Processing /opt/airflow/dags/dag_gold_dbt.py took 0.050 seconds
[2026-06-30T03:02:18.697+0000] {processor.py:161} INFO - Started process (PID=19352) to work on /opt/airflow/dags/dag_gold_dbt.py
[2026-06-30T03:02:18.698+0000] {processor.py:830} INFO - Processing file /opt/airflow/dags/dag_gold_dbt.py for tasks to queue
[2026-06-30T03:02:18.699+0000] {logging_mixin.py:188} INFO - [2026-06-30T03:02:18.699+0000] {dagbag.py:545} INFO - Filling up the DagBag from /opt/airflow/dags/dag_gold_dbt.py
[2026-06-30T03:02:18.707+0000] {processor.py:840} INFO - DAG(s) 'dbt_gold_transformation' retrieved from /opt/airflow/dags/dag_gold_dbt.py
[2026-06-30T03:02:18.719+0000] {logging_mixin.py:188} INFO - [2026-06-30T03:02:18.719+0000] {dag.py:3096} INFO - Sync 1 DAGs
[2026-06-30T03:02:18.728+0000] {logging_mixin.py:188} INFO - [2026-06-30T03:02:18.728+0000] {dag.py:3954} INFO - Setting next_dagrun for dbt_gold_transformation to 2026-06-30 00:00:00+00:00, run_after=2026-07-01 00:00:00+00:00
[2026-06-30T03:02:18.735+0000] {processor.py:183} INFO - Processing /opt/airflow/dags/dag_gold_dbt.py took 0.041 seconds
[2026-06-30T03:02:49.727+0000] {processor.py:161} INFO - Started process (PID=19379) to work on /opt/airflow/dags/dag_gold_dbt.py
[2026-06-30T03:02:49.728+0000] {processor.py:830} INFO - Processing file /opt/airflow/dags/dag_gold_dbt.py for tasks to queue
[2026-06-30T03:02:49.729+0000] {logging_mixin.py:188} INFO - [2026-06-30T03:02:49.728+0000] {dagbag.py:545} INFO - Filling up the DagBag from /opt/airflow/dags/dag_gold_dbt.py
[2026-06-30T03:02:49.735+0000] {processor.py:840} INFO - DAG(s) 'dbt_gold_transformation' retrieved from /opt/airflow/dags/dag_gold_dbt.py
[2026-06-30T03:02:49.748+0000] {logging_mixin.py:188} INFO - [2026-06-30T03:02:49.748+0000] {dag.py:3096} INFO - Sync 1 DAGs
[2026-06-30T03:02:49.758+0000] {logging_mixin.py:188} INFO - [2026-06-30T03:02:49.758+0000] {dag.py:3954} INFO - Setting next_dagrun for dbt_gold_transformation to 2026-06-30 00:00:00+00:00, run_after=2026-07-01 00:00:00+00:00
[2026-06-30T03:02:49.763+0000] {processor.py:183} INFO - Processing /opt/airflow/dags/dag_gold_dbt.py took 0.038 seconds
[2026-06-30T03:03:20.814+0000] {processor.py:161} INFO - Started process (PID=19406) to work on /opt/airflow/dags/dag_gold_dbt.py
[2026-06-30T03:03:20.814+0000] {processor.py:830} INFO - Processing file /opt/airflow/dags/dag_gold_dbt.py for tasks to queue
[2026-06-30T03:03:20.815+0000] {logging_mixin.py:188} INFO - [2026-06-30T03:03:20.814+0000] {dagbag.py:545} INFO - Filling up the DagBag from /opt/airflow/dags/dag_gold_dbt.py
[2026-06-30T03:03:20.822+0000] {processor.py:840} INFO - DAG(s) 'dbt_gold_transformation' retrieved from /opt/airflow/dags/dag_gold_dbt.py
[2026-06-30T03:03:20.836+0000] {logging_mixin.py:188} INFO - [2026-06-30T03:03:20.836+0000] {dag.py:3096} INFO - Sync 1 DAGs
[2026-06-30T03:03:20.844+0000] {logging_mixin.py:188} INFO - [2026-06-30T03:03:20.844+0000] {dag.py:3954} INFO - Setting next_dagrun for dbt_gold_transformation to 2026-06-30 00:00:00+00:00, run_after=2026-07-01 00:00:00+00:00
[2026-06-30T03:03:20.851+0000] {processor.py:183} INFO - Processing /opt/airflow/dags/dag_gold_dbt.py took 0.040 seconds
[2026-06-30T03:03:51.918+0000] {processor.py:161} INFO - Started process (PID=19433) to work on /opt/airflow/dags/dag_gold_dbt.py
[2026-06-30T03:03:51.919+0000] {processor.py:830} INFO - Processing file /opt/airflow/dags/dag_gold_dbt.py for tasks to queue
[2026-06-30T03:03:51.920+0000] {logging_mixin.py:188} INFO - [2026-06-30T03:03:51.920+0000] {dagbag.py:545} INFO - Filling up the DagBag from /opt/airflow/dags/dag_gold_dbt.py
[2026-06-30T03:03:51.927+0000] {processor.py:840} INFO - DAG(s) 'dbt_gold_transformation' retrieved from /opt/airflow/dags/dag_gold_dbt.py
[2026-06-30T03:03:51.939+0000] {logging_mixin.py:188} INFO - [2026-06-30T03:03:51.939+0000] {dag.py:3096} INFO - Sync 1 DAGs
[2026-06-30T03:03:51.947+0000] {logging_mixin.py:188} INFO - [2026-06-30T03:03:51.947+0000] {dag.py:3954} INFO - Setting next_dagrun for dbt_gold_transformation to 2026-06-30 00:00:00+00:00, run_after=2026-07-01 00:00:00+00:00
[2026-06-30T03:03:51.953+0000] {processor.py:183} INFO - Processing /opt/airflow/dags/dag_gold_dbt.py took 0.037 seconds
[2026-06-30T03:04:23.055+0000] {processor.py:161} INFO - Started process (PID=19460) to work on /opt/airflow/dags/dag_gold_dbt.py
[2026-06-30T03:04:23.055+0000] {processor.py:830} INFO - Processing file /opt/airflow/dags/dag_gold_dbt.py for tasks to queue
[2026-06-30T03:04:23.056+0000] {logging_mixin.py:188} INFO - [2026-06-30T03:04:23.056+0000] {dagbag.py:545} INFO - Filling up the DagBag from /opt/airflow/dags/dag_gold_dbt.py
[2026-06-30T03:04:23.066+0000] {processor.py:840} INFO - DAG(s) 'dbt_gold_transformation' retrieved from /opt/airflow/dags/dag_gold_dbt.py
[2026-06-30T03:04:23.078+0000] {logging_mixin.py:188} INFO - [2026-06-30T03:04:23.078+0000] {dag.py:3096} INFO - Sync 1 DAGs
[2026-06-30T03:04:23.086+0000] {logging_mixin.py:188} INFO - [2026-06-30T03:04:23.086+0000] {dag.py:3954} INFO - Setting next_dagrun for dbt_gold_transformation to 2026-06-30 00:00:00+00:00, run_after=2026-07-01 00:00:00+00:00
[2026-06-30T03:04:23.092+0000] {processor.py:183} INFO - Processing /opt/airflow/dags/dag_gold_dbt.py took 0.041 seconds
[2026-06-30T03:04:54.507+0000] {processor.py:161} INFO - Started process (PID=19487) to work on /opt/airflow/dags/dag_gold_dbt.py
[2026-06-30T03:04:54.508+0000] {processor.py:830} INFO - Processing file /opt/airflow/dags/dag_gold_dbt.py for tasks to queue
[2026-06-30T03:04:54.509+0000] {logging_mixin.py:188} INFO - [2026-06-30T03:04:54.509+0000] {dagbag.py:545} INFO - Filling up the DagBag from /opt/airflow/dags/dag_gold_dbt.py
[2026-06-30T03:04:54.516+0000] {processor.py:840} INFO - DAG(s) 'dbt_gold_transformation' retrieved from /opt/airflow/dags/dag_gold_dbt.py
[2026-06-30T03:04:54.531+0000] {logging_mixin.py:188} INFO - [2026-06-30T03:04:54.531+0000] {dag.py:3096} INFO - Sync 1 DAGs
[2026-06-30T03:04:54.541+0000] {logging_mixin.py:188} INFO - [2026-06-30T03:04:54.541+0000] {dag.py:3954} INFO - Setting next_dagrun for dbt_gold_transformation to 2026-06-30 00:00:00+00:00, run_after=2026-07-01 00:00:00+00:00
[2026-06-30T03:04:54.549+0000] {processor.py:183} INFO - Processing /opt/airflow/dags/dag_gold_dbt.py took 0.044 seconds
[2026-06-30T03:05:25.799+0000] {processor.py:161} INFO - Started process (PID=19514) to work on /opt/airflow/dags/dag_gold_dbt.py
[2026-06-30T03:05:25.799+0000] {processor.py:830} INFO - Processing file /opt/airflow/dags/dag_gold_dbt.py for tasks to queue
[2026-06-30T03:05:25.801+0000] {logging_mixin.py:188} INFO - [2026-06-30T03:05:25.801+0000] {dagbag.py:545} INFO - Filling up the DagBag from /opt/airflow/dags/dag_gold_dbt.py
[2026-06-30T03:05:25.807+0000] {processor.py:840} INFO - DAG(s) 'dbt_gold_transformation' retrieved from /opt/airflow/dags/dag_gold_dbt.py
[2026-06-30T03:05:25.820+0000] {logging_mixin.py:188} INFO - [2026-06-30T03:05:25.820+0000] {dag.py:3096} INFO - Sync 1 DAGs
[2026-06-30T03:05:25.830+0000] {logging_mixin.py:188} INFO - [2026-06-30T03:05:25.829+0000] {dag.py:3954} INFO - Setting next_dagrun for dbt_gold_transformation to 2026-06-30 00:00:00+00:00, run_after=2026-07-01 00:00:00+00:00
[2026-06-30T03:05:25.836+0000] {processor.py:183} INFO - Processing /opt/airflow/dags/dag_gold_dbt.py took 0.040 seconds
[2026-06-30T03:05:56.886+0000] {processor.py:161} INFO - Started process (PID=19541) to work on /opt/airflow/dags/dag_gold_dbt.py
[2026-06-30T03:05:56.887+0000] {processor.py:830} INFO - Processing file /opt/airflow/dags/dag_gold_dbt.py for tasks to queue
[2026-06-30T03:05:56.888+0000] {logging_mixin.py:188} INFO - [2026-06-30T03:05:56.888+0000] {dagbag.py:545} INFO - Filling up the DagBag from /opt/airflow/dags/dag_gold_dbt.py
[2026-06-30T03:05:56.894+0000] {processor.py:840} INFO - DAG(s) 'dbt_gold_transformation' retrieved from /opt/airflow/dags/dag_gold_dbt.py
[2026-06-30T03:05:56.907+0000] {logging_mixin.py:188} INFO - [2026-06-30T03:05:56.907+0000] {dag.py:3096} INFO - Sync 1 DAGs
[2026-06-30T03:05:56.915+0000] {logging_mixin.py:188} INFO - [2026-06-30T03:05:56.915+0000] {dag.py:3954} INFO - Setting next_dagrun for dbt_gold_transformation to 2026-06-30 00:00:00+00:00, run_after=2026-07-01 00:00:00+00:00
[2026-06-30T03:05:56.921+0000] {processor.py:183} INFO - Processing /opt/airflow/dags/dag_gold_dbt.py took 0.037 seconds
[2026-06-30T03:06:28.031+0000] {processor.py:161} INFO - Started process (PID=19568) to work on /opt/airflow/dags/dag_gold_dbt.py
[2026-06-30T03:06:28.032+0000] {processor.py:830} INFO - Processing file /opt/airflow/dags/dag_gold_dbt.py for tasks to queue
[2026-06-30T03:06:28.032+0000] {logging_mixin.py:188} INFO - [2026-06-30T03:06:28.032+0000] {dagbag.py:545} INFO - Filling up the DagBag from /opt/airflow/dags/dag_gold_dbt.py
[2026-06-30T03:06:28.043+0000] {processor.py:840} INFO - DAG(s) 'dbt_gold_transformation' retrieved from /opt/airflow/dags/dag_gold_dbt.py
[2026-06-30T03:06:28.058+0000] {logging_mixin.py:188} INFO - [2026-06-30T03:06:28.057+0000] {dag.py:3096} INFO - Sync 1 DAGs
[2026-06-30T03:06:28.070+0000] {logging_mixin.py:188} INFO - [2026-06-30T03:06:28.070+0000] {dag.py:3954} INFO - Setting next_dagrun for dbt_gold_transformation to 2026-06-30 00:00:00+00:00, run_after=2026-07-01 00:00:00+00:00
[2026-06-30T03:06:28.077+0000] {processor.py:183} INFO - Processing /opt/airflow/dags/dag_gold_dbt.py took 0.048 seconds
[2026-06-30T03:06:59.117+0000] {processor.py:161} INFO - Started process (PID=19595) to work on /opt/airflow/dags/dag_gold_dbt.py
[2026-06-30T03:06:59.118+0000] {processor.py:830} INFO - Processing file /opt/airflow/dags/dag_gold_dbt.py for tasks to queue
[2026-06-30T03:06:59.118+0000] {logging_mixin.py:188} INFO - [2026-06-30T03:06:59.118+0000] {dagbag.py:545} INFO - Filling up the DagBag from /opt/airflow/dags/dag_gold_dbt.py
[2026-06-30T03:06:59.125+0000] {processor.py:840} INFO - DAG(s) 'dbt_gold_transformation' retrieved from /opt/airflow/dags/dag_gold_dbt.py
[2026-06-30T03:06:59.135+0000] {logging_mixin.py:188} INFO - [2026-06-30T03:06:59.135+0000] {dag.py:3096} INFO - Sync 1 DAGs
[2026-06-30T03:06:59.144+0000] {logging_mixin.py:188} INFO - [2026-06-30T03:06:59.144+0000] {dag.py:3954} INFO - Setting next_dagrun for dbt_gold_transformation to 2026-06-30 00:00:00+00:00, run_after=2026-07-01 00:00:00+00:00
[2026-06-30T03:06:59.150+0000] {processor.py:183} INFO - Processing /opt/airflow/dags/dag_gold_dbt.py took 0.036 seconds
[2026-06-30T03:07:30.275+0000] {processor.py:161} INFO - Started process (PID=19622) to work on /opt/airflow/dags/dag_gold_dbt.py
[2026-06-30T03:07:30.275+0000] {processor.py:830} INFO - Processing file /opt/airflow/dags/dag_gold_dbt.py for tasks to queue
[2026-06-30T03:07:30.276+0000] {logging_mixin.py:188} INFO - [2026-06-30T03:07:30.276+0000] {dagbag.py:545} INFO - Filling up the DagBag from /opt/airflow/dags/dag_gold_dbt.py
[2026-06-30T03:07:30.283+0000] {processor.py:840} INFO - DAG(s) 'dbt_gold_transformation' retrieved from /opt/airflow/dags/dag_gold_dbt.py
[2026-06-30T03:07:30.296+0000] {logging_mixin.py:188} INFO - [2026-06-30T03:07:30.296+0000] {dag.py:3096} INFO - Sync 1 DAGs
[2026-06-30T03:07:30.304+0000] {logging_mixin.py:188} INFO - [2026-06-30T03:07:30.304+0000] {dag.py:3954} INFO - Setting next_dagrun for dbt_gold_transformation to 2026-06-30 00:00:00+00:00, run_after=2026-07-01 00:00:00+00:00
[2026-06-30T03:07:30.312+0000] {processor.py:183} INFO - Processing /opt/airflow/dags/dag_gold_dbt.py took 0.040 seconds
[2026-06-30T03:08:01.427+0000] {processor.py:161} INFO - Started process (PID=19649) to work on /opt/airflow/dags/dag_gold_dbt.py
[2026-06-30T03:08:01.427+0000] {processor.py:830} INFO - Processing file /opt/airflow/dags/dag_gold_dbt.py for tasks to queue
[2026-06-30T03:08:01.428+0000] {logging_mixin.py:188} INFO - [2026-06-30T03:08:01.428+0000] {dagbag.py:545} INFO - Filling up the DagBag from /opt/airflow/dags/dag_gold_dbt.py
[2026-06-30T03:08:01.435+0000] {processor.py:840} INFO - DAG(s) 'dbt_gold_transformation' retrieved from /opt/airflow/dags/dag_gold_dbt.py
[2026-06-30T03:08:01.447+0000] {logging_mixin.py:188} INFO - [2026-06-30T03:08:01.447+0000] {dag.py:3096} INFO - Sync 1 DAGs
[2026-06-30T03:08:01.463+0000] {logging_mixin.py:188} INFO - [2026-06-30T03:08:01.463+0000] {dag.py:3954} INFO - Setting next_dagrun for dbt_gold_transformation to 2026-06-30 00:00:00+00:00, run_after=2026-07-01 00:00:00+00:00
[2026-06-30T03:08:01.471+0000] {processor.py:183} INFO - Processing /opt/airflow/dags/dag_gold_dbt.py took 0.047 seconds
[2026-06-30T03:08:33.068+0000] {processor.py:161} INFO - Started process (PID=19676) to work on /opt/airflow/dags/dag_gold_dbt.py
[2026-06-30T03:08:33.069+0000] {processor.py:830} INFO - Processing file /opt/airflow/dags/dag_gold_dbt.py for tasks to queue
[2026-06-30T03:08:33.070+0000] {logging_mixin.py:188} INFO - [2026-06-30T03:08:33.069+0000] {dagbag.py:545} INFO - Filling up the DagBag from /opt/airflow/dags/dag_gold_dbt.py
[2026-06-30T03:08:33.082+0000] {processor.py:840} INFO - DAG(s) 'dbt_gold_transformation' retrieved from /opt/airflow/dags/dag_gold_dbt.py
[2026-06-30T03:08:33.095+0000] {logging_mixin.py:188} INFO - [2026-06-30T03:08:33.094+0000] {dag.py:3096} INFO - Sync 1 DAGs
[2026-06-30T03:08:33.105+0000] {logging_mixin.py:188} INFO - [2026-06-30T03:08:33.105+0000] {dag.py:3954} INFO - Setting next_dagrun for dbt_gold_transformation to 2026-06-30 00:00:00+00:00, run_after=2026-07-01 00:00:00+00:00
[2026-06-30T03:08:33.114+0000] {processor.py:183} INFO - Processing /opt/airflow/dags/dag_gold_dbt.py took 0.056 seconds
[2026-06-30T03:09:04.094+0000] {processor.py:161} INFO - Started process (PID=19703) to work on /opt/airflow/dags/dag_gold_dbt.py
[2026-06-30T03:09:04.094+0000] {processor.py:830} INFO - Processing file /opt/airflow/dags/dag_gold_dbt.py for tasks to queue
[2026-06-30T03:09:04.095+0000] {logging_mixin.py:188} INFO - [2026-06-30T03:09:04.095+0000] {dagbag.py:545} INFO - Filling up the DagBag from /opt/airflow/dags/dag_gold_dbt.py
[2026-06-30T03:09:04.102+0000] {processor.py:840} INFO - DAG(s) 'dbt_gold_transformation' retrieved from /opt/airflow/dags/dag_gold_dbt.py
[2026-06-30T03:09:04.115+0000] {logging_mixin.py:188} INFO - [2026-06-30T03:09:04.115+0000] {dag.py:3096} INFO - Sync 1 DAGs
[2026-06-30T03:09:04.123+0000] {logging_mixin.py:188} INFO - [2026-06-30T03:09:04.123+0000] {dag.py:3954} INFO - Setting next_dagrun for dbt_gold_transformation to 2026-06-30 00:00:00+00:00, run_after=2026-07-01 00:00:00+00:00
[2026-06-30T03:09:04.130+0000] {processor.py:183} INFO - Processing /opt/airflow/dags/dag_gold_dbt.py took 0.039 seconds
[2026-06-30T03:09:35.652+0000] {processor.py:161} INFO - Started process (PID=19732) to work on /opt/airflow/dags/dag_gold_dbt.py
[2026-06-30T03:09:35.652+0000] {processor.py:830} INFO - Processing file /opt/airflow/dags/dag_gold_dbt.py for tasks to queue
[2026-06-30T03:09:35.653+0000] {logging_mixin.py:188} INFO - [2026-06-30T03:09:35.653+0000] {dagbag.py:545} INFO - Filling up the DagBag from /opt/airflow/dags/dag_gold_dbt.py
[2026-06-30T03:09:35.660+0000] {processor.py:840} INFO - DAG(s) 'dbt_gold_transformation' retrieved from /opt/airflow/dags/dag_gold_dbt.py
[2026-06-30T03:09:35.672+0000] {logging_mixin.py:188} INFO - [2026-06-30T03:09:35.671+0000] {dag.py:3096} INFO - Sync 1 DAGs
[2026-06-30T03:09:35.681+0000] {logging_mixin.py:188} INFO - [2026-06-30T03:09:35.680+0000] {dag.py:3954} INFO - Setting next_dagrun for dbt_gold_transformation to 2026-06-30 00:00:00+00:00, run_after=2026-07-01 00:00:00+00:00
[2026-06-30T03:09:35.687+0000] {processor.py:183} INFO - Processing /opt/airflow/dags/dag_gold_dbt.py took 0.041 seconds
[2026-06-30T03:10:06.654+0000] {processor.py:161} INFO - Started process (PID=19757) to work on /opt/airflow/dags/dag_gold_dbt.py
[2026-06-30T03:10:06.654+0000] {processor.py:830} INFO - Processing file /opt/airflow/dags/dag_gold_dbt.py for tasks to queue
[2026-06-30T03:10:06.655+0000] {logging_mixin.py:188} INFO - [2026-06-30T03:10:06.655+0000] {dagbag.py:545} INFO - Filling up the DagBag from /opt/airflow/dags/dag_gold_dbt.py
[2026-06-30T03:10:06.662+0000] {processor.py:840} INFO - DAG(s) 'dbt_gold_transformation' retrieved from /opt/airflow/dags/dag_gold_dbt.py
[2026-06-30T03:10:06.674+0000] {logging_mixin.py:188} INFO - [2026-06-30T03:10:06.674+0000] {dag.py:3096} INFO - Sync 1 DAGs
[2026-06-30T03:10:06.682+0000] {logging_mixin.py:188} INFO - [2026-06-30T03:10:06.681+0000] {dag.py:3954} INFO - Setting next_dagrun for dbt_gold_transformation to 2026-06-30 00:00:00+00:00, run_after=2026-07-01 00:00:00+00:00
[2026-06-30T03:10:06.688+0000] {processor.py:183} INFO - Processing /opt/airflow/dags/dag_gold_dbt.py took 0.037 seconds
[2026-06-30T03:10:37.761+0000] {processor.py:161} INFO - Started process (PID=19784) to work on /opt/airflow/dags/dag_gold_dbt.py
[2026-06-30T03:10:37.762+0000] {processor.py:830} INFO - Processing file /opt/airflow/dags/dag_gold_dbt.py for tasks to queue
[2026-06-30T03:10:37.762+0000] {logging_mixin.py:188} INFO - [2026-06-30T03:10:37.762+0000] {dagbag.py:545} INFO - Filling up the DagBag from /opt/airflow/dags/dag_gold_dbt.py
[2026-06-30T03:10:37.771+0000] {processor.py:840} INFO - DAG(s) 'dbt_gold_transformation' retrieved from /opt/airflow/dags/dag_gold_dbt.py
[2026-06-30T03:10:37.786+0000] {logging_mixin.py:188} INFO - [2026-06-30T03:10:37.786+0000] {dag.py:3096} INFO - Sync 1 DAGs
[2026-06-30T03:10:37.801+0000] {logging_mixin.py:188} INFO - [2026-06-30T03:10:37.800+0000] {dag.py:3954} INFO - Setting next_dagrun for dbt_gold_transformation to 2026-06-30 00:00:00+00:00, run_after=2026-07-01 00:00:00+00:00
[2026-06-30T03:10:37.812+0000] {processor.py:183} INFO - Processing /opt/airflow/dags/dag_gold_dbt.py took 0.054 seconds
[2026-06-30T03:11:08.816+0000] {processor.py:161} INFO - Started process (PID=19811) to work on /opt/airflow/dags/dag_gold_dbt.py
[2026-06-30T03:11:08.817+0000] {processor.py:830} INFO - Processing file /opt/airflow/dags/dag_gold_dbt.py for tasks to queue
[2026-06-30T03:11:08.818+0000] {logging_mixin.py:188} INFO - [2026-06-30T03:11:08.818+0000] {dagbag.py:545} INFO - Filling up the DagBag from /opt/airflow/dags/dag_gold_dbt.py
[2026-06-30T03:11:08.824+0000] {processor.py:840} INFO - DAG(s) 'dbt_gold_transformation' retrieved from /opt/airflow/dags/dag_gold_dbt.py
[2026-06-30T03:11:08.842+0000] {logging_mixin.py:188} INFO - [2026-06-30T03:11:08.842+0000] {dag.py:3096} INFO - Sync 1 DAGs
[2026-06-30T03:11:08.850+0000] {logging_mixin.py:188} INFO - [2026-06-30T03:11:08.850+0000] {dag.py:3954} INFO - Setting next_dagrun for dbt_gold_transformation to 2026-06-30 00:00:00+00:00, run_after=2026-07-01 00:00:00+00:00
[2026-06-30T03:11:08.856+0000] {processor.py:183} INFO - Processing /opt/airflow/dags/dag_gold_dbt.py took 0.043 seconds
[2026-06-30T03:11:39.858+0000] {processor.py:161} INFO - Started process (PID=19838) to work on /opt/airflow/dags/dag_gold_dbt.py
[2026-06-30T03:11:39.859+0000] {processor.py:830} INFO - Processing file /opt/airflow/dags/dag_gold_dbt.py for tasks to queue
[2026-06-30T03:11:39.860+0000] {logging_mixin.py:188} INFO - [2026-06-30T03:11:39.860+0000] {dagbag.py:545} INFO - Filling up the DagBag from /opt/airflow/dags/dag_gold_dbt.py
[2026-06-30T03:11:39.868+0000] {processor.py:840} INFO - DAG(s) 'dbt_gold_transformation' retrieved from /opt/airflow/dags/dag_gold_dbt.py
[2026-06-30T03:11:39.880+0000] {logging_mixin.py:188} INFO - [2026-06-30T03:11:39.879+0000] {dag.py:3096} INFO - Sync 1 DAGs
[2026-06-30T03:11:39.887+0000] {logging_mixin.py:188} INFO - [2026-06-30T03:11:39.887+0000] {dag.py:3954} INFO - Setting next_dagrun for dbt_gold_transformation to 2026-06-30 00:00:00+00:00, run_after=2026-07-01 00:00:00+00:00
[2026-06-30T03:11:39.893+0000] {processor.py:183} INFO - Processing /opt/airflow/dags/dag_gold_dbt.py took 0.037 seconds
[2026-06-30T03:12:10.829+0000] {processor.py:161} INFO - Started process (PID=19865) to work on /opt/airflow/dags/dag_gold_dbt.py
[2026-06-30T03:12:10.830+0000] {processor.py:830} INFO - Processing file /opt/airflow/dags/dag_gold_dbt.py for tasks to queue
[2026-06-30T03:12:10.830+0000] {logging_mixin.py:188} INFO - [2026-06-30T03:12:10.830+0000] {dagbag.py:545} INFO - Filling up the DagBag from /opt/airflow/dags/dag_gold_dbt.py
[2026-06-30T03:12:10.837+0000] {processor.py:840} INFO - DAG(s) 'dbt_gold_transformation' retrieved from /opt/airflow/dags/dag_gold_dbt.py
[2026-06-30T03:12:10.851+0000] {logging_mixin.py:188} INFO - [2026-06-30T03:12:10.851+0000] {dag.py:3096} INFO - Sync 1 DAGs
[2026-06-30T03:12:10.859+0000] {logging_mixin.py:188} INFO - [2026-06-30T03:12:10.858+0000] {dag.py:3954} INFO - Setting next_dagrun for dbt_gold_transformation to 2026-06-30 00:00:00+00:00, run_after=2026-07-01 00:00:00+00:00
[2026-06-30T03:12:10.864+0000] {processor.py:183} INFO - Processing /opt/airflow/dags/dag_gold_dbt.py took 0.037 seconds
[2026-06-30T03:12:41.903+0000] {processor.py:161} INFO - Started process (PID=19892) to work on /opt/airflow/dags/dag_gold_dbt.py
[2026-06-30T03:12:41.904+0000] {processor.py:830} INFO - Processing file /opt/airflow/dags/dag_gold_dbt.py for tasks to queue
[2026-06-30T03:12:41.904+0000] {logging_mixin.py:188} INFO - [2026-06-30T03:12:41.904+0000] {dagbag.py:545} INFO - Filling up the DagBag from /opt/airflow/dags/dag_gold_dbt.py
[2026-06-30T03:12:41.912+0000] {processor.py:840} INFO - DAG(s) 'dbt_gold_transformation' retrieved from /opt/airflow/dags/dag_gold_dbt.py
[2026-06-30T03:12:41.922+0000] {logging_mixin.py:188} INFO - [2026-06-30T03:12:41.922+0000] {dag.py:3096} INFO - Sync 1 DAGs
[2026-06-30T03:12:41.930+0000] {logging_mixin.py:188} INFO - [2026-06-30T03:12:41.930+0000] {dag.py:3954} INFO - Setting next_dagrun for dbt_gold_transformation to 2026-06-30 00:00:00+00:00, run_after=2026-07-01 00:00:00+00:00
[2026-06-30T03:12:41.936+0000] {processor.py:183} INFO - Processing /opt/airflow/dags/dag_gold_dbt.py took 0.041 seconds
[2026-06-30T03:13:12.935+0000] {processor.py:161} INFO - Started process (PID=19919) to work on /opt/airflow/dags/dag_gold_dbt.py
[2026-06-30T03:13:12.935+0000] {processor.py:830} INFO - Processing file /opt/airflow/dags/dag_gold_dbt.py for tasks to queue
[2026-06-30T03:13:12.936+0000] {logging_mixin.py:188} INFO - [2026-06-30T03:13:12.936+0000] {dagbag.py:545} INFO - Filling up the DagBag from /opt/airflow/dags/dag_gold_dbt.py
[2026-06-30T03:13:12.942+0000] {processor.py:840} INFO - DAG(s) 'dbt_gold_transformation' retrieved from /opt/airflow/dags/dag_gold_dbt.py
[2026-06-30T03:13:12.953+0000] {logging_mixin.py:188} INFO - [2026-06-30T03:13:12.953+0000] {dag.py:3096} INFO - Sync 1 DAGs
[2026-06-30T03:13:12.960+0000] {logging_mixin.py:188} INFO - [2026-06-30T03:13:12.960+0000] {dag.py:3954} INFO - Setting next_dagrun for dbt_gold_transformation to 2026-06-30 00:00:00+00:00, run_after=2026-07-01 00:00:00+00:00
[2026-06-30T03:13:12.966+0000] {processor.py:183} INFO - Processing /opt/airflow/dags/dag_gold_dbt.py took 0.034 seconds
[2026-06-30T03:13:44.020+0000] {processor.py:161} INFO - Started process (PID=19946) to work on /opt/airflow/dags/dag_gold_dbt.py
[2026-06-30T03:13:44.021+0000] {processor.py:830} INFO - Processing file /opt/airflow/dags/dag_gold_dbt.py for tasks to queue
[2026-06-30T03:13:44.021+0000] {logging_mixin.py:188} INFO - [2026-06-30T03:13:44.021+0000] {dagbag.py:545} INFO - Filling up the DagBag from /opt/airflow/dags/dag_gold_dbt.py
[2026-06-30T03:13:44.027+0000] {processor.py:840} INFO - DAG(s) 'dbt_gold_transformation' retrieved from /opt/airflow/dags/dag_gold_dbt.py
[2026-06-30T03:13:44.042+0000] {logging_mixin.py:188} INFO - [2026-06-30T03:13:44.042+0000] {dag.py:3096} INFO - Sync 1 DAGs
[2026-06-30T03:13:44.051+0000] {logging_mixin.py:188} INFO - [2026-06-30T03:13:44.051+0000] {dag.py:3954} INFO - Setting next_dagrun for dbt_gold_transformation to 2026-06-30 00:00:00+00:00, run_after=2026-07-01 00:00:00+00:00
[2026-06-30T03:13:44.058+0000] {processor.py:183} INFO - Processing /opt/airflow/dags/dag_gold_dbt.py took 0.041 seconds
[2026-06-30T03:14:15.036+0000] {processor.py:161} INFO - Started process (PID=19973) to work on /opt/airflow/dags/dag_gold_dbt.py
[2026-06-30T03:14:15.036+0000] {processor.py:830} INFO - Processing file /opt/airflow/dags/dag_gold_dbt.py for tasks to queue
[2026-06-30T03:14:15.038+0000] {logging_mixin.py:188} INFO - [2026-06-30T03:14:15.038+0000] {dagbag.py:545} INFO - Filling up the DagBag from /opt/airflow/dags/dag_gold_dbt.py
[2026-06-30T03:14:15.046+0000] {processor.py:840} INFO - DAG(s) 'dbt_gold_transformation' retrieved from /opt/airflow/dags/dag_gold_dbt.py
[2026-06-30T03:14:15.058+0000] {logging_mixin.py:188} INFO - [2026-06-30T03:14:15.058+0000] {dag.py:3096} INFO - Sync 1 DAGs
[2026-06-30T03:14:15.067+0000] {logging_mixin.py:188} INFO - [2026-06-30T03:14:15.066+0000] {dag.py:3954} INFO - Setting next_dagrun for dbt_gold_transformation to 2026-06-30 00:00:00+00:00, run_after=2026-07-01 00:00:00+00:00
[2026-06-30T03:14:15.072+0000] {processor.py:183} INFO - Processing /opt/airflow/dags/dag_gold_dbt.py took 0.039 seconds
[2026-06-30T03:14:46.488+0000] {processor.py:161} INFO - Started process (PID=20000) to work on /opt/airflow/dags/dag_gold_dbt.py
[2026-06-30T03:14:46.489+0000] {processor.py:830} INFO - Processing file /opt/airflow/dags/dag_gold_dbt.py for tasks to queue
[2026-06-30T03:14:46.490+0000] {logging_mixin.py:188} INFO - [2026-06-30T03:14:46.490+0000] {dagbag.py:545} INFO - Filling up the DagBag from /opt/airflow/dags/dag_gold_dbt.py
[2026-06-30T03:14:46.495+0000] {processor.py:840} INFO - DAG(s) 'dbt_gold_transformation' retrieved from /opt/airflow/dags/dag_gold_dbt.py
[2026-06-30T03:14:46.509+0000] {logging_mixin.py:188} INFO - [2026-06-30T03:14:46.508+0000] {dag.py:3096} INFO - Sync 1 DAGs
[2026-06-30T03:14:46.516+0000] {logging_mixin.py:188} INFO - [2026-06-30T03:14:46.516+0000] {dag.py:3954} INFO - Setting next_dagrun for dbt_gold_transformation to 2026-06-30 00:00:00+00:00, run_after=2026-07-01 00:00:00+00:00
[2026-06-30T03:14:46.522+0000] {processor.py:183} INFO - Processing /opt/airflow/dags/dag_gold_dbt.py took 0.036 seconds
[2026-06-30T03:15:17.546+0000] {processor.py:161} INFO - Started process (PID=20027) to work on /opt/airflow/dags/dag_gold_dbt.py
[2026-06-30T03:15:17.547+0000] {processor.py:830} INFO - Processing file /opt/airflow/dags/dag_gold_dbt.py for tasks to queue
[2026-06-30T03:15:17.547+0000] {logging_mixin.py:188} INFO - [2026-06-30T03:15:17.547+0000] {dagbag.py:545} INFO - Filling up the DagBag from /opt/airflow/dags/dag_gold_dbt.py
[2026-06-30T03:15:17.555+0000] {processor.py:840} INFO - DAG(s) 'dbt_gold_transformation' retrieved from /opt/airflow/dags/dag_gold_dbt.py
[2026-06-30T03:15:17.572+0000] {logging_mixin.py:188} INFO - [2026-06-30T03:15:17.572+0000] {dag.py:3096} INFO - Sync 1 DAGs
[2026-06-30T03:15:17.579+0000] {logging_mixin.py:188} INFO - [2026-06-30T03:15:17.579+0000] {dag.py:3954} INFO - Setting next_dagrun for dbt_gold_transformation to 2026-06-30 00:00:00+00:00, run_after=2026-07-01 00:00:00+00:00
[2026-06-30T03:15:17.585+0000] {processor.py:183} INFO - Processing /opt/airflow/dags/dag_gold_dbt.py took 0.042 seconds
[2026-06-30T03:15:48.781+0000] {processor.py:161} INFO - Started process (PID=20054) to work on /opt/airflow/dags/dag_gold_dbt.py
[2026-06-30T03:15:48.782+0000] {processor.py:830} INFO - Processing file /opt/airflow/dags/dag_gold_dbt.py for tasks to queue
[2026-06-30T03:15:48.783+0000] {logging_mixin.py:188} INFO - [2026-06-30T03:15:48.783+0000] {dagbag.py:545} INFO - Filling up the DagBag from /opt/airflow/dags/dag_gold_dbt.py
[2026-06-30T03:15:48.788+0000] {processor.py:840} INFO - DAG(s) 'dbt_gold_transformation' retrieved from /opt/airflow/dags/dag_gold_dbt.py
[2026-06-30T03:15:48.802+0000] {logging_mixin.py:188} INFO - [2026-06-30T03:15:48.802+0000] {dag.py:3096} INFO - Sync 1 DAGs
[2026-06-30T03:15:48.810+0000] {logging_mixin.py:188} INFO - [2026-06-30T03:15:48.810+0000] {dag.py:3954} INFO - Setting next_dagrun for dbt_gold_transformation to 2026-06-30 00:00:00+00:00, run_after=2026-07-01 00:00:00+00:00
[2026-06-30T03:15:48.816+0000] {processor.py:183} INFO - Processing /opt/airflow/dags/dag_gold_dbt.py took 0.038 seconds
[2026-06-30T03:16:19.771+0000] {processor.py:161} INFO - Started process (PID=20081) to work on /opt/airflow/dags/dag_gold_dbt.py
[2026-06-30T03:16:19.772+0000] {processor.py:830} INFO - Processing file /opt/airflow/dags/dag_gold_dbt.py for tasks to queue
[2026-06-30T03:16:19.772+0000] {logging_mixin.py:188} INFO - [2026-06-30T03:16:19.772+0000] {dagbag.py:545} INFO - Filling up the DagBag from /opt/airflow/dags/dag_gold_dbt.py
[2026-06-30T03:16:19.778+0000] {processor.py:840} INFO - DAG(s) 'dbt_gold_transformation' retrieved from /opt/airflow/dags/dag_gold_dbt.py
[2026-06-30T03:16:19.791+0000] {logging_mixin.py:188} INFO - [2026-06-30T03:16:19.791+0000] {dag.py:3096} INFO - Sync 1 DAGs
[2026-06-30T03:16:19.799+0000] {logging_mixin.py:188} INFO - [2026-06-30T03:16:19.799+0000] {dag.py:3954} INFO - Setting next_dagrun for dbt_gold_transformation to 2026-06-30 00:00:00+00:00, run_after=2026-07-01 00:00:00+00:00
[2026-06-30T03:16:19.804+0000] {processor.py:183} INFO - Processing /opt/airflow/dags/dag_gold_dbt.py took 0.036 seconds
[2026-06-30T03:16:51.006+0000] {processor.py:161} INFO - Started process (PID=20108) to work on /opt/airflow/dags/dag_gold_dbt.py
[2026-06-30T03:16:51.007+0000] {processor.py:830} INFO - Processing file /opt/airflow/dags/dag_gold_dbt.py for tasks to queue
[2026-06-30T03:16:51.007+0000] {logging_mixin.py:188} INFO - [2026-06-30T03:16:51.007+0000] {dagbag.py:545} INFO - Filling up the DagBag from /opt/airflow/dags/dag_gold_dbt.py
[2026-06-30T03:16:51.015+0000] {processor.py:840} INFO - DAG(s) 'dbt_gold_transformation' retrieved from /opt/airflow/dags/dag_gold_dbt.py
[2026-06-30T03:16:51.027+0000] {logging_mixin.py:188} INFO - [2026-06-30T03:16:51.027+0000] {dag.py:3096} INFO - Sync 1 DAGs
[2026-06-30T03:16:51.036+0000] {logging_mixin.py:188} INFO - [2026-06-30T03:16:51.036+0000] {dag.py:3954} INFO - Setting next_dagrun for dbt_gold_transformation to 2026-06-30 00:00:00+00:00, run_after=2026-07-01 00:00:00+00:00
[2026-06-30T03:16:51.042+0000] {processor.py:183} INFO - Processing /opt/airflow/dags/dag_gold_dbt.py took 0.041 seconds
[2026-06-30T03:17:22.030+0000] {processor.py:161} INFO - Started process (PID=20135) to work on /opt/airflow/dags/dag_gold_dbt.py
[2026-06-30T03:17:22.030+0000] {processor.py:830} INFO - Processing file /opt/airflow/dags/dag_gold_dbt.py for tasks to queue
[2026-06-30T03:17:22.032+0000] {logging_mixin.py:188} INFO - [2026-06-30T03:17:22.032+0000] {dagbag.py:545} INFO - Filling up the DagBag from /opt/airflow/dags/dag_gold_dbt.py
[2026-06-30T03:17:22.039+0000] {processor.py:840} INFO - DAG(s) 'dbt_gold_transformation' retrieved from /opt/airflow/dags/dag_gold_dbt.py
[2026-06-30T03:17:22.052+0000] {logging_mixin.py:188} INFO - [2026-06-30T03:17:22.052+0000] {dag.py:3096} INFO - Sync 1 DAGs
[2026-06-30T03:17:22.060+0000] {logging_mixin.py:188} INFO - [2026-06-30T03:17:22.060+0000] {dag.py:3954} INFO - Setting next_dagrun for dbt_gold_transformation to 2026-06-30 00:00:00+00:00, run_after=2026-07-01 00:00:00+00:00
[2026-06-30T03:17:22.067+0000] {processor.py:183} INFO - Processing /opt/airflow/dags/dag_gold_dbt.py took 0.040 seconds
[2026-06-30T03:17:53.362+0000] {processor.py:161} INFO - Started process (PID=20162) to work on /opt/airflow/dags/dag_gold_dbt.py
[2026-06-30T03:17:53.363+0000] {processor.py:830} INFO - Processing file /opt/airflow/dags/dag_gold_dbt.py for tasks to queue
[2026-06-30T03:17:53.364+0000] {logging_mixin.py:188} INFO - [2026-06-30T03:17:53.363+0000] {dagbag.py:545} INFO - Filling up the DagBag from /opt/airflow/dags/dag_gold_dbt.py
[2026-06-30T03:17:53.371+0000] {processor.py:840} INFO - DAG(s) 'dbt_gold_transformation' retrieved from /opt/airflow/dags/dag_gold_dbt.py
[2026-06-30T03:17:53.384+0000] {logging_mixin.py:188} INFO - [2026-06-30T03:17:53.384+0000] {dag.py:3096} INFO - Sync 1 DAGs
[2026-06-30T03:17:53.394+0000] {logging_mixin.py:188} INFO - [2026-06-30T03:17:53.394+0000] {dag.py:3954} INFO - Setting next_dagrun for dbt_gold_transformation to 2026-06-30 00:00:00+00:00, run_after=2026-07-01 00:00:00+00:00
[2026-06-30T03:17:53.400+0000] {processor.py:183} INFO - Processing /opt/airflow/dags/dag_gold_dbt.py took 0.041 seconds
[2026-06-30T03:18:24.640+0000] {processor.py:161} INFO - Started process (PID=20189) to work on /opt/airflow/dags/dag_gold_dbt.py
[2026-06-30T03:18:24.641+0000] {processor.py:830} INFO - Processing file /opt/airflow/dags/dag_gold_dbt.py for tasks to queue
[2026-06-30T03:18:24.642+0000] {logging_mixin.py:188} INFO - [2026-06-30T03:18:24.642+0000] {dagbag.py:545} INFO - Filling up the DagBag from /opt/airflow/dags/dag_gold_dbt.py
[2026-06-30T03:18:24.649+0000] {processor.py:840} INFO - DAG(s) 'dbt_gold_transformation' retrieved from /opt/airflow/dags/dag_gold_dbt.py
[2026-06-30T03:18:24.663+0000] {logging_mixin.py:188} INFO - [2026-06-30T03:18:24.663+0000] {dag.py:3096} INFO - Sync 1 DAGs
[2026-06-30T03:18:24.672+0000] {logging_mixin.py:188} INFO - [2026-06-30T03:18:24.672+0000] {dag.py:3954} INFO - Setting next_dagrun for dbt_gold_transformation to 2026-06-30 00:00:00+00:00, run_after=2026-07-01 00:00:00+00:00
[2026-06-30T03:18:24.678+0000] {processor.py:183} INFO - Processing /opt/airflow/dags/dag_gold_dbt.py took 0.041 seconds
[2026-06-30T03:18:55.743+0000] {processor.py:161} INFO - Started process (PID=20215) to work on /opt/airflow/dags/dag_gold_dbt.py
[2026-06-30T03:18:55.744+0000] {processor.py:830} INFO - Processing file /opt/airflow/dags/dag_gold_dbt.py for tasks to queue
[2026-06-30T03:18:55.745+0000] {logging_mixin.py:188} INFO - [2026-06-30T03:18:55.744+0000] {dagbag.py:545} INFO - Filling up the DagBag from /opt/airflow/dags/dag_gold_dbt.py
[2026-06-30T03:18:55.755+0000] {processor.py:840} INFO - DAG(s) 'dbt_gold_transformation' retrieved from /opt/airflow/dags/dag_gold_dbt.py
[2026-06-30T03:18:55.766+0000] {logging_mixin.py:188} INFO - [2026-06-30T03:18:55.766+0000] {dag.py:3096} INFO - Sync 1 DAGs
[2026-06-30T03:18:55.774+0000] {logging_mixin.py:188} INFO - [2026-06-30T03:18:55.774+0000] {dag.py:3954} INFO - Setting next_dagrun for dbt_gold_transformation to 2026-06-30 00:00:00+00:00, run_after=2026-07-01 00:00:00+00:00
[2026-06-30T03:18:55.780+0000] {processor.py:183} INFO - Processing /opt/airflow/dags/dag_gold_dbt.py took 0.039 seconds
[2026-06-30T03:19:26.751+0000] {processor.py:161} INFO - Started process (PID=20243) to work on /opt/airflow/dags/dag_gold_dbt.py
[2026-06-30T03:19:26.751+0000] {processor.py:830} INFO - Processing file /opt/airflow/dags/dag_gold_dbt.py for tasks to queue
[2026-06-30T03:19:26.753+0000] {logging_mixin.py:188} INFO - [2026-06-30T03:19:26.753+0000] {dagbag.py:545} INFO - Filling up the DagBag from /opt/airflow/dags/dag_gold_dbt.py
[2026-06-30T03:19:26.760+0000] {processor.py:840} INFO - DAG(s) 'dbt_gold_transformation' retrieved from /opt/airflow/dags/dag_gold_dbt.py
[2026-06-30T03:19:26.771+0000] {logging_mixin.py:188} INFO - [2026-06-30T03:19:26.771+0000] {dag.py:3096} INFO - Sync 1 DAGs
[2026-06-30T03:19:26.779+0000] {logging_mixin.py:188} INFO - [2026-06-30T03:19:26.779+0000] {dag.py:3954} INFO - Setting next_dagrun for dbt_gold_transformation to 2026-06-30 00:00:00+00:00, run_after=2026-07-01 00:00:00+00:00
[2026-06-30T03:19:26.785+0000] {processor.py:183} INFO - Processing /opt/airflow/dags/dag_gold_dbt.py took 0.036 seconds
[2026-06-30T03:19:57.852+0000] {processor.py:161} INFO - Started process (PID=20270) to work on /opt/airflow/dags/dag_gold_dbt.py
[2026-06-30T03:19:57.853+0000] {processor.py:830} INFO - Processing file /opt/airflow/dags/dag_gold_dbt.py for tasks to queue
[2026-06-30T03:19:57.854+0000] {logging_mixin.py:188} INFO - [2026-06-30T03:19:57.854+0000] {dagbag.py:545} INFO - Filling up the DagBag from /opt/airflow/dags/dag_gold_dbt.py
[2026-06-30T03:19:57.865+0000] {processor.py:840} INFO - DAG(s) 'dbt_gold_transformation' retrieved from /opt/airflow/dags/dag_gold_dbt.py
[2026-06-30T03:19:57.886+0000] {logging_mixin.py:188} INFO - [2026-06-30T03:19:57.886+0000] {dag.py:3096} INFO - Sync 1 DAGs
[2026-06-30T03:19:57.895+0000] {logging_mixin.py:188} INFO - [2026-06-30T03:19:57.895+0000] {dag.py:3954} INFO - Setting next_dagrun for dbt_gold_transformation to 2026-06-30 00:00:00+00:00, run_after=2026-07-01 00:00:00+00:00
[2026-06-30T03:19:57.901+0000] {processor.py:183} INFO - Processing /opt/airflow/dags/dag_gold_dbt.py took 0.051 seconds
[2026-06-30T03:20:28.884+0000] {processor.py:161} INFO - Started process (PID=20297) to work on /opt/airflow/dags/dag_gold_dbt.py
[2026-06-30T03:20:28.887+0000] {processor.py:830} INFO - Processing file /opt/airflow/dags/dag_gold_dbt.py for tasks to queue
[2026-06-30T03:20:28.887+0000] {logging_mixin.py:188} INFO - [2026-06-30T03:20:28.887+0000] {dagbag.py:545} INFO - Filling up the DagBag from /opt/airflow/dags/dag_gold_dbt.py
[2026-06-30T03:20:28.892+0000] {processor.py:840} INFO - DAG(s) 'dbt_gold_transformation' retrieved from /opt/airflow/dags/dag_gold_dbt.py
[2026-06-30T03:20:28.902+0000] {logging_mixin.py:188} INFO - [2026-06-30T03:20:28.902+0000] {dag.py:3096} INFO - Sync 1 DAGs
[2026-06-30T03:20:28.911+0000] {logging_mixin.py:188} INFO - [2026-06-30T03:20:28.911+0000] {dag.py:3954} INFO - Setting next_dagrun for dbt_gold_transformation to 2026-06-30 00:00:00+00:00, run_after=2026-07-01 00:00:00+00:00
[2026-06-30T03:20:28.917+0000] {processor.py:183} INFO - Processing /opt/airflow/dags/dag_gold_dbt.py took 0.040 seconds
[2026-06-30T03:21:00.070+0000] {processor.py:161} INFO - Started process (PID=20324) to work on /opt/airflow/dags/dag_gold_dbt.py
[2026-06-30T03:21:00.071+0000] {processor.py:830} INFO - Processing file /opt/airflow/dags/dag_gold_dbt.py for tasks to queue
[2026-06-30T03:21:00.071+0000] {logging_mixin.py:188} INFO - [2026-06-30T03:21:00.071+0000] {dagbag.py:545} INFO - Filling up the DagBag from /opt/airflow/dags/dag_gold_dbt.py
[2026-06-30T03:21:00.081+0000] {processor.py:840} INFO - DAG(s) 'dbt_gold_transformation' retrieved from /opt/airflow/dags/dag_gold_dbt.py
[2026-06-30T03:21:00.094+0000] {logging_mixin.py:188} INFO - [2026-06-30T03:21:00.094+0000] {dag.py:3096} INFO - Sync 1 DAGs
[2026-06-30T03:21:00.103+0000] {logging_mixin.py:188} INFO - [2026-06-30T03:21:00.103+0000] {dag.py:3954} INFO - Setting next_dagrun for dbt_gold_transformation to 2026-06-30 00:00:00+00:00, run_after=2026-07-01 00:00:00+00:00
[2026-06-30T03:21:00.110+0000] {processor.py:183} INFO - Processing /opt/airflow/dags/dag_gold_dbt.py took 0.043 seconds
[2026-06-30T03:21:31.099+0000] {processor.py:161} INFO - Started process (PID=20351) to work on /opt/airflow/dags/dag_gold_dbt.py
[2026-06-30T03:21:31.099+0000] {processor.py:830} INFO - Processing file /opt/airflow/dags/dag_gold_dbt.py for tasks to queue
[2026-06-30T03:21:31.100+0000] {logging_mixin.py:188} INFO - [2026-06-30T03:21:31.100+0000] {dagbag.py:545} INFO - Filling up the DagBag from /opt/airflow/dags/dag_gold_dbt.py
[2026-06-30T03:21:31.107+0000] {processor.py:840} INFO - DAG(s) 'dbt_gold_transformation' retrieved from /opt/airflow/dags/dag_gold_dbt.py
[2026-06-30T03:21:31.120+0000] {logging_mixin.py:188} INFO - [2026-06-30T03:21:31.120+0000] {dag.py:3096} INFO - Sync 1 DAGs
[2026-06-30T03:21:31.129+0000] {logging_mixin.py:188} INFO - [2026-06-30T03:21:31.129+0000] {dag.py:3954} INFO - Setting next_dagrun for dbt_gold_transformation to 2026-06-30 00:00:00+00:00, run_after=2026-07-01 00:00:00+00:00
[2026-06-30T03:21:31.136+0000] {processor.py:183} INFO - Processing /opt/airflow/dags/dag_gold_dbt.py took 0.041 seconds
[2026-06-30T03:22:02.180+0000] {processor.py:161} INFO - Started process (PID=20378) to work on /opt/airflow/dags/dag_gold_dbt.py
[2026-06-30T03:22:02.181+0000] {processor.py:830} INFO - Processing file /opt/airflow/dags/dag_gold_dbt.py for tasks to queue
[2026-06-30T03:22:02.182+0000] {logging_mixin.py:188} INFO - [2026-06-30T03:22:02.182+0000] {dagbag.py:545} INFO - Filling up the DagBag from /opt/airflow/dags/dag_gold_dbt.py
[2026-06-30T03:22:02.188+0000] {processor.py:840} INFO - DAG(s) 'dbt_gold_transformation' retrieved from /opt/airflow/dags/dag_gold_dbt.py
[2026-06-30T03:22:02.203+0000] {logging_mixin.py:188} INFO - [2026-06-30T03:22:02.201+0000] {dag.py:3096} INFO - Sync 1 DAGs
[2026-06-30T03:22:02.211+0000] {logging_mixin.py:188} INFO - [2026-06-30T03:22:02.211+0000] {dag.py:3954} INFO - Setting next_dagrun for dbt_gold_transformation to 2026-06-30 00:00:00+00:00, run_after=2026-07-01 00:00:00+00:00
[2026-06-30T03:22:02.217+0000] {processor.py:183} INFO - Processing /opt/airflow/dags/dag_gold_dbt.py took 0.040 seconds
