[2026-06-30T00:01:42.086+0000] {processor.py:161} INFO - Started process (PID=18056) to work on /opt/airflow/dags/dag_shipment_sim.py
[2026-06-30T00:01:42.086+0000] {processor.py:830} INFO - Processing file /opt/airflow/dags/dag_shipment_sim.py for tasks to queue
[2026-06-30T00:01:42.087+0000] {logging_mixin.py:188} INFO - [2026-06-30T00:01:42.087+0000] {dagbag.py:545} INFO - Filling up the DagBag from /opt/airflow/dags/dag_shipment_sim.py
[2026-06-30T00:01:42.093+0000] {processor.py:840} INFO - DAG(s) 'dag_shipment_sim' retrieved from /opt/airflow/dags/dag_shipment_sim.py
[2026-06-30T00:01:42.103+0000] {logging_mixin.py:188} INFO - [2026-06-30T00:01:42.103+0000] {dag.py:3096} INFO - Sync 1 DAGs
[2026-06-30T00:01:42.110+0000] {logging_mixin.py:188} INFO - [2026-06-30T00:01:42.110+0000] {dag.py:3954} INFO - Setting next_dagrun for dag_shipment_sim to 2026-06-29 23:00:00+00:00, run_after=2026-06-30 00:00:00+00:00
[2026-06-30T00:01:42.117+0000] {processor.py:183} INFO - Processing /opt/airflow/dags/dag_shipment_sim.py took 0.034 seconds
[2026-06-30T00:02:13.034+0000] {processor.py:161} INFO - Started process (PID=18126) to work on /opt/airflow/dags/dag_shipment_sim.py
[2026-06-30T00:02:13.044+0000] {processor.py:830} INFO - Processing file /opt/airflow/dags/dag_shipment_sim.py for tasks to queue
[2026-06-30T00:02:13.045+0000] {logging_mixin.py:188} INFO - [2026-06-30T00:02:13.045+0000] {dagbag.py:545} INFO - Filling up the DagBag from /opt/airflow/dags/dag_shipment_sim.py
[2026-06-30T00:02:13.053+0000] {processor.py:840} INFO - DAG(s) 'dag_shipment_sim' retrieved from /opt/airflow/dags/dag_shipment_sim.py
[2026-06-30T00:02:13.074+0000] {logging_mixin.py:188} INFO - [2026-06-30T00:02:13.074+0000] {dag.py:3096} INFO - Sync 1 DAGs
[2026-06-30T00:02:13.082+0000] {logging_mixin.py:188} INFO - [2026-06-30T00:02:13.082+0000] {dag.py:3954} INFO - Setting next_dagrun for dag_shipment_sim to 2026-06-30 00:00:00+00:00, run_after=2026-06-30 01:00:00+00:00
[2026-06-30T00:02:13.090+0000] {processor.py:183} INFO - Processing /opt/airflow/dags/dag_shipment_sim.py took 0.058 seconds
[2026-06-30T00:16:50.453+0000] {processor.py:161} INFO - Started process (PID=18153) to work on /opt/airflow/dags/dag_shipment_sim.py
[2026-06-30T00:16:50.454+0000] {processor.py:830} INFO - Processing file /opt/airflow/dags/dag_shipment_sim.py for tasks to queue
[2026-06-30T00:16:50.454+0000] {logging_mixin.py:188} INFO - [2026-06-30T00:16:50.454+0000] {dagbag.py:545} INFO - Filling up the DagBag from /opt/airflow/dags/dag_shipment_sim.py
[2026-06-30T00:16:50.460+0000] {processor.py:840} INFO - DAG(s) 'dag_shipment_sim' retrieved from /opt/airflow/dags/dag_shipment_sim.py
[2026-06-30T00:16:50.471+0000] {logging_mixin.py:188} INFO - [2026-06-30T00:16:50.471+0000] {dag.py:3096} INFO - Sync 1 DAGs
[2026-06-30T00:16:50.480+0000] {logging_mixin.py:188} INFO - [2026-06-30T00:16:50.480+0000] {dag.py:3954} INFO - Setting next_dagrun for dag_shipment_sim to 2026-06-30 00:00:00+00:00, run_after=2026-06-30 01:00:00+00:00
[2026-06-30T00:16:50.487+0000] {processor.py:183} INFO - Processing /opt/airflow/dags/dag_shipment_sim.py took 0.036 seconds
[2026-06-30T00:17:21.582+0000] {processor.py:161} INFO - Started process (PID=18180) to work on /opt/airflow/dags/dag_shipment_sim.py
[2026-06-30T00:17:21.583+0000] {processor.py:830} INFO - Processing file /opt/airflow/dags/dag_shipment_sim.py for tasks to queue
[2026-06-30T00:17:21.583+0000] {logging_mixin.py:188} INFO - [2026-06-30T00:17:21.583+0000] {dagbag.py:545} INFO - Filling up the DagBag from /opt/airflow/dags/dag_shipment_sim.py
[2026-06-30T00:17:21.590+0000] {processor.py:840} INFO - DAG(s) 'dag_shipment_sim' retrieved from /opt/airflow/dags/dag_shipment_sim.py
[2026-06-30T00:17:21.599+0000] {logging_mixin.py:188} INFO - [2026-06-30T00:17:21.599+0000] {dag.py:3096} INFO - Sync 1 DAGs
[2026-06-30T00:17:21.607+0000] {logging_mixin.py:188} INFO - [2026-06-30T00:17:21.607+0000] {dag.py:3954} INFO - Setting next_dagrun for dag_shipment_sim to 2026-06-30 00:00:00+00:00, run_after=2026-06-30 01:00:00+00:00
[2026-06-30T00:17:21.614+0000] {processor.py:183} INFO - Processing /opt/airflow/dags/dag_shipment_sim.py took 0.034 seconds
[2026-06-30T00:33:27.129+0000] {processor.py:161} INFO - Started process (PID=18207) to work on /opt/airflow/dags/dag_shipment_sim.py
[2026-06-30T00:33:27.130+0000] {processor.py:830} INFO - Processing file /opt/airflow/dags/dag_shipment_sim.py for tasks to queue
[2026-06-30T00:33:27.130+0000] {logging_mixin.py:188} INFO - [2026-06-30T00:33:27.130+0000] {dagbag.py:545} INFO - Filling up the DagBag from /opt/airflow/dags/dag_shipment_sim.py
[2026-06-30T00:33:27.137+0000] {processor.py:840} INFO - DAG(s) 'dag_shipment_sim' retrieved from /opt/airflow/dags/dag_shipment_sim.py
[2026-06-30T00:33:27.147+0000] {logging_mixin.py:188} INFO - [2026-06-30T00:33:27.147+0000] {dag.py:3096} INFO - Sync 1 DAGs
[2026-06-30T00:33:27.155+0000] {logging_mixin.py:188} INFO - [2026-06-30T00:33:27.155+0000] {dag.py:3954} INFO - Setting next_dagrun for dag_shipment_sim to 2026-06-30 00:00:00+00:00, run_after=2026-06-30 01:00:00+00:00
[2026-06-30T00:33:27.162+0000] {processor.py:183} INFO - Processing /opt/airflow/dags/dag_shipment_sim.py took 0.035 seconds
[2026-06-30T00:49:16.406+0000] {processor.py:161} INFO - Started process (PID=18234) to work on /opt/airflow/dags/dag_shipment_sim.py
[2026-06-30T00:49:16.407+0000] {processor.py:830} INFO - Processing file /opt/airflow/dags/dag_shipment_sim.py for tasks to queue
[2026-06-30T00:49:16.407+0000] {logging_mixin.py:188} INFO - [2026-06-30T00:49:16.407+0000] {dagbag.py:545} INFO - Filling up the DagBag from /opt/airflow/dags/dag_shipment_sim.py
[2026-06-30T00:49:16.415+0000] {processor.py:840} INFO - DAG(s) 'dag_shipment_sim' retrieved from /opt/airflow/dags/dag_shipment_sim.py
[2026-06-30T00:49:16.427+0000] {logging_mixin.py:188} INFO - [2026-06-30T00:49:16.427+0000] {dag.py:3096} INFO - Sync 1 DAGs
[2026-06-30T00:49:16.435+0000] {logging_mixin.py:188} INFO - [2026-06-30T00:49:16.435+0000] {dag.py:3954} INFO - Setting next_dagrun for dag_shipment_sim to 2026-06-30 00:00:00+00:00, run_after=2026-06-30 01:00:00+00:00
[2026-06-30T00:49:16.442+0000] {processor.py:183} INFO - Processing /opt/airflow/dags/dag_shipment_sim.py took 0.038 seconds
[2026-06-30T00:49:47.172+0000] {processor.py:161} INFO - Started process (PID=18261) to work on /opt/airflow/dags/dag_shipment_sim.py
[2026-06-30T00:49:47.173+0000] {processor.py:830} INFO - Processing file /opt/airflow/dags/dag_shipment_sim.py for tasks to queue
[2026-06-30T00:49:47.173+0000] {logging_mixin.py:188} INFO - [2026-06-30T00:49:47.173+0000] {dagbag.py:545} INFO - Filling up the DagBag from /opt/airflow/dags/dag_shipment_sim.py
[2026-06-30T00:49:47.181+0000] {processor.py:840} INFO - DAG(s) 'dag_shipment_sim' retrieved from /opt/airflow/dags/dag_shipment_sim.py
[2026-06-30T00:49:47.192+0000] {logging_mixin.py:188} INFO - [2026-06-30T00:49:47.192+0000] {dag.py:3096} INFO - Sync 1 DAGs
[2026-06-30T00:49:47.202+0000] {logging_mixin.py:188} INFO - [2026-06-30T00:49:47.201+0000] {dag.py:3954} INFO - Setting next_dagrun for dag_shipment_sim to 2026-06-30 00:00:00+00:00, run_after=2026-06-30 01:00:00+00:00
[2026-06-30T00:49:47.211+0000] {processor.py:183} INFO - Processing /opt/airflow/dags/dag_shipment_sim.py took 0.041 seconds
[2026-06-30T01:06:54.629+0000] {processor.py:161} INFO - Started process (PID=18292) to work on /opt/airflow/dags/dag_shipment_sim.py
[2026-06-30T01:06:54.630+0000] {processor.py:830} INFO - Processing file /opt/airflow/dags/dag_shipment_sim.py for tasks to queue
[2026-06-30T01:06:54.631+0000] {logging_mixin.py:188} INFO - [2026-06-30T01:06:54.630+0000] {dagbag.py:545} INFO - Filling up the DagBag from /opt/airflow/dags/dag_shipment_sim.py
[2026-06-30T01:06:54.639+0000] {processor.py:840} INFO - DAG(s) 'dag_shipment_sim' retrieved from /opt/airflow/dags/dag_shipment_sim.py
[2026-06-30T01:06:54.654+0000] {logging_mixin.py:188} INFO - [2026-06-30T01:06:54.654+0000] {dag.py:3096} INFO - Sync 1 DAGs
[2026-06-30T01:06:54.678+0000] {logging_mixin.py:188} INFO - [2026-06-30T01:06:54.678+0000] {dag.py:3954} INFO - Setting next_dagrun for dag_shipment_sim to 2026-06-30 01:00:00+00:00, run_after=2026-06-30 02:00:00+00:00
[2026-06-30T01:06:54.701+0000] {processor.py:183} INFO - Processing /opt/airflow/dags/dag_shipment_sim.py took 0.079 seconds
[2026-06-30T01:07:25.531+0000] {processor.py:161} INFO - Started process (PID=18325) to work on /opt/airflow/dags/dag_shipment_sim.py
[2026-06-30T01:07:25.532+0000] {processor.py:830} INFO - Processing file /opt/airflow/dags/dag_shipment_sim.py for tasks to queue
[2026-06-30T01:07:25.532+0000] {logging_mixin.py:188} INFO - [2026-06-30T01:07:25.532+0000] {dagbag.py:545} INFO - Filling up the DagBag from /opt/airflow/dags/dag_shipment_sim.py
[2026-06-30T01:07:25.538+0000] {processor.py:840} INFO - DAG(s) 'dag_shipment_sim' retrieved from /opt/airflow/dags/dag_shipment_sim.py
[2026-06-30T01:07:25.548+0000] {logging_mixin.py:188} INFO - [2026-06-30T01:07:25.548+0000] {dag.py:3096} INFO - Sync 1 DAGs
[2026-06-30T01:07:25.555+0000] {logging_mixin.py:188} INFO - [2026-06-30T01:07:25.555+0000] {dag.py:3954} INFO - Setting next_dagrun for dag_shipment_sim to 2026-06-30 01:00:00+00:00, run_after=2026-06-30 02:00:00+00:00
[2026-06-30T01:07:25.562+0000] {processor.py:183} INFO - Processing /opt/airflow/dags/dag_shipment_sim.py took 0.033 seconds
[2026-06-30T01:17:55.844+0000] {processor.py:161} INFO - Started process (PID=18352) to work on /opt/airflow/dags/dag_shipment_sim.py
[2026-06-30T01:17:55.845+0000] {processor.py:830} INFO - Processing file /opt/airflow/dags/dag_shipment_sim.py for tasks to queue
[2026-06-30T01:17:55.845+0000] {logging_mixin.py:188} INFO - [2026-06-30T01:17:55.845+0000] {dagbag.py:545} INFO - Filling up the DagBag from /opt/airflow/dags/dag_shipment_sim.py
[2026-06-30T01:17:55.852+0000] {processor.py:840} INFO - DAG(s) 'dag_shipment_sim' retrieved from /opt/airflow/dags/dag_shipment_sim.py
[2026-06-30T01:17:55.862+0000] {logging_mixin.py:188} INFO - [2026-06-30T01:17:55.862+0000] {dag.py:3096} INFO - Sync 1 DAGs
[2026-06-30T01:17:55.870+0000] {logging_mixin.py:188} INFO - [2026-06-30T01:17:55.870+0000] {dag.py:3954} INFO - Setting next_dagrun for dag_shipment_sim to 2026-06-30 01:00:00+00:00, run_after=2026-06-30 02:00:00+00:00
[2026-06-30T01:17:55.877+0000] {processor.py:183} INFO - Processing /opt/airflow/dags/dag_shipment_sim.py took 0.035 seconds
[2026-06-30T01:35:05.830+0000] {processor.py:161} INFO - Started process (PID=18379) to work on /opt/airflow/dags/dag_shipment_sim.py
[2026-06-30T01:35:05.831+0000] {processor.py:830} INFO - Processing file /opt/airflow/dags/dag_shipment_sim.py for tasks to queue
[2026-06-30T01:35:05.831+0000] {logging_mixin.py:188} INFO - [2026-06-30T01:35:05.831+0000] {dagbag.py:545} INFO - Filling up the DagBag from /opt/airflow/dags/dag_shipment_sim.py
[2026-06-30T01:35:05.839+0000] {processor.py:840} INFO - DAG(s) 'dag_shipment_sim' retrieved from /opt/airflow/dags/dag_shipment_sim.py
[2026-06-30T01:35:05.852+0000] {logging_mixin.py:188} INFO - [2026-06-30T01:35:05.852+0000] {dag.py:3096} INFO - Sync 1 DAGs
[2026-06-30T01:35:05.861+0000] {logging_mixin.py:188} INFO - [2026-06-30T01:35:05.861+0000] {dag.py:3954} INFO - Setting next_dagrun for dag_shipment_sim to 2026-06-30 01:00:00+00:00, run_after=2026-06-30 02:00:00+00:00
[2026-06-30T01:35:05.869+0000] {processor.py:183} INFO - Processing /opt/airflow/dags/dag_shipment_sim.py took 0.042 seconds
[2026-06-30T01:35:37.057+0000] {processor.py:161} INFO - Started process (PID=18406) to work on /opt/airflow/dags/dag_shipment_sim.py
[2026-06-30T01:35:37.057+0000] {processor.py:830} INFO - Processing file /opt/airflow/dags/dag_shipment_sim.py for tasks to queue
[2026-06-30T01:35:37.058+0000] {logging_mixin.py:188} INFO - [2026-06-30T01:35:37.058+0000] {dagbag.py:545} INFO - Filling up the DagBag from /opt/airflow/dags/dag_shipment_sim.py
[2026-06-30T01:35:37.064+0000] {processor.py:840} INFO - DAG(s) 'dag_shipment_sim' retrieved from /opt/airflow/dags/dag_shipment_sim.py
[2026-06-30T01:35:37.074+0000] {logging_mixin.py:188} INFO - [2026-06-30T01:35:37.074+0000] {dag.py:3096} INFO - Sync 1 DAGs
[2026-06-30T01:35:37.082+0000] {logging_mixin.py:188} INFO - [2026-06-30T01:35:37.081+0000] {dag.py:3954} INFO - Setting next_dagrun for dag_shipment_sim to 2026-06-30 01:00:00+00:00, run_after=2026-06-30 02:00:00+00:00
[2026-06-30T01:35:37.090+0000] {processor.py:183} INFO - Processing /opt/airflow/dags/dag_shipment_sim.py took 0.036 seconds
[2026-06-30T01:52:11.968+0000] {processor.py:161} INFO - Started process (PID=18433) to work on /opt/airflow/dags/dag_shipment_sim.py
[2026-06-30T01:52:11.969+0000] {processor.py:830} INFO - Processing file /opt/airflow/dags/dag_shipment_sim.py for tasks to queue
[2026-06-30T01:52:11.969+0000] {logging_mixin.py:188} INFO - [2026-06-30T01:52:11.969+0000] {dagbag.py:545} INFO - Filling up the DagBag from /opt/airflow/dags/dag_shipment_sim.py
[2026-06-30T01:52:11.981+0000] {processor.py:840} INFO - DAG(s) 'dag_shipment_sim' retrieved from /opt/airflow/dags/dag_shipment_sim.py
[2026-06-30T01:52:11.991+0000] {logging_mixin.py:188} INFO - [2026-06-30T01:52:11.991+0000] {dag.py:3096} INFO - Sync 1 DAGs
[2026-06-30T01:52:11.999+0000] {logging_mixin.py:188} INFO - [2026-06-30T01:52:11.999+0000] {dag.py:3954} INFO - Setting next_dagrun for dag_shipment_sim to 2026-06-30 01:00:00+00:00, run_after=2026-06-30 02:00:00+00:00
[2026-06-30T01:52:12.006+0000] {processor.py:183} INFO - Processing /opt/airflow/dags/dag_shipment_sim.py took 0.040 seconds
[2026-06-30T01:52:43.153+0000] {processor.py:161} INFO - Started process (PID=18460) to work on /opt/airflow/dags/dag_shipment_sim.py
[2026-06-30T01:52:43.154+0000] {processor.py:830} INFO - Processing file /opt/airflow/dags/dag_shipment_sim.py for tasks to queue
[2026-06-30T01:52:43.154+0000] {logging_mixin.py:188} INFO - [2026-06-30T01:52:43.154+0000] {dagbag.py:545} INFO - Filling up the DagBag from /opt/airflow/dags/dag_shipment_sim.py
[2026-06-30T01:52:43.160+0000] {processor.py:840} INFO - DAG(s) 'dag_shipment_sim' retrieved from /opt/airflow/dags/dag_shipment_sim.py
[2026-06-30T01:52:43.170+0000] {logging_mixin.py:188} INFO - [2026-06-30T01:52:43.170+0000] {dag.py:3096} INFO - Sync 1 DAGs
[2026-06-30T01:52:43.177+0000] {logging_mixin.py:188} INFO - [2026-06-30T01:52:43.177+0000] {dag.py:3954} INFO - Setting next_dagrun for dag_shipment_sim to 2026-06-30 01:00:00+00:00, run_after=2026-06-30 02:00:00+00:00
[2026-06-30T01:52:43.184+0000] {processor.py:183} INFO - Processing /opt/airflow/dags/dag_shipment_sim.py took 0.033 seconds
[2026-06-30T02:10:11.930+0000] {processor.py:161} INFO - Started process (PID=18491) to work on /opt/airflow/dags/dag_shipment_sim.py
[2026-06-30T02:10:11.930+0000] {processor.py:830} INFO - Processing file /opt/airflow/dags/dag_shipment_sim.py for tasks to queue
[2026-06-30T02:10:11.931+0000] {logging_mixin.py:188} INFO - [2026-06-30T02:10:11.931+0000] {dagbag.py:545} INFO - Filling up the DagBag from /opt/airflow/dags/dag_shipment_sim.py
[2026-06-30T02:10:11.938+0000] {processor.py:840} INFO - DAG(s) 'dag_shipment_sim' retrieved from /opt/airflow/dags/dag_shipment_sim.py
[2026-06-30T02:10:11.951+0000] {logging_mixin.py:188} INFO - [2026-06-30T02:10:11.951+0000] {dag.py:3096} INFO - Sync 1 DAGs
[2026-06-30T02:10:11.963+0000] {logging_mixin.py:188} INFO - [2026-06-30T02:10:11.963+0000] {dag.py:3954} INFO - Setting next_dagrun for dag_shipment_sim to 2026-06-30 02:00:00+00:00, run_after=2026-06-30 03:00:00+00:00
[2026-06-30T02:10:11.973+0000] {processor.py:183} INFO - Processing /opt/airflow/dags/dag_shipment_sim.py took 0.047 seconds
[2026-06-30T02:18:44.051+0000] {processor.py:161} INFO - Started process (PID=18524) to work on /opt/airflow/dags/dag_shipment_sim.py
[2026-06-30T02:18:44.051+0000] {processor.py:830} INFO - Processing file /opt/airflow/dags/dag_shipment_sim.py for tasks to queue
[2026-06-30T02:18:44.052+0000] {logging_mixin.py:188} INFO - [2026-06-30T02:18:44.052+0000] {dagbag.py:545} INFO - Filling up the DagBag from /opt/airflow/dags/dag_shipment_sim.py
[2026-06-30T02:18:44.059+0000] {processor.py:840} INFO - DAG(s) 'dag_shipment_sim' retrieved from /opt/airflow/dags/dag_shipment_sim.py
[2026-06-30T02:18:44.069+0000] {logging_mixin.py:188} INFO - [2026-06-30T02:18:44.069+0000] {dag.py:3096} INFO - Sync 1 DAGs
[2026-06-30T02:18:44.077+0000] {logging_mixin.py:188} INFO - [2026-06-30T02:18:44.077+0000] {dag.py:3954} INFO - Setting next_dagrun for dag_shipment_sim to 2026-06-30 02:00:00+00:00, run_after=2026-06-30 03:00:00+00:00
[2026-06-30T02:18:44.084+0000] {processor.py:183} INFO - Processing /opt/airflow/dags/dag_shipment_sim.py took 0.036 seconds
[2026-06-30T02:19:14.981+0000] {processor.py:161} INFO - Started process (PID=18551) to work on /opt/airflow/dags/dag_shipment_sim.py
[2026-06-30T02:19:14.981+0000] {processor.py:830} INFO - Processing file /opt/airflow/dags/dag_shipment_sim.py for tasks to queue
[2026-06-30T02:19:14.982+0000] {logging_mixin.py:188} INFO - [2026-06-30T02:19:14.981+0000] {dagbag.py:545} INFO - Filling up the DagBag from /opt/airflow/dags/dag_shipment_sim.py
[2026-06-30T02:19:14.989+0000] {processor.py:840} INFO - DAG(s) 'dag_shipment_sim' retrieved from /opt/airflow/dags/dag_shipment_sim.py
[2026-06-30T02:19:15.001+0000] {logging_mixin.py:188} INFO - [2026-06-30T02:19:15.000+0000] {dag.py:3096} INFO - Sync 1 DAGs
[2026-06-30T02:19:15.009+0000] {logging_mixin.py:188} INFO - [2026-06-30T02:19:15.009+0000] {dag.py:3954} INFO - Setting next_dagrun for dag_shipment_sim to 2026-06-30 02:00:00+00:00, run_after=2026-06-30 03:00:00+00:00
[2026-06-30T02:19:15.021+0000] {processor.py:183} INFO - Processing /opt/airflow/dags/dag_shipment_sim.py took 0.044 seconds
[2026-06-30T02:25:54.310+0000] {processor.py:161} INFO - Started process (PID=18578) to work on /opt/airflow/dags/dag_shipment_sim.py
[2026-06-30T02:25:54.311+0000] {processor.py:830} INFO - Processing file /opt/airflow/dags/dag_shipment_sim.py for tasks to queue
[2026-06-30T02:25:54.311+0000] {logging_mixin.py:188} INFO - [2026-06-30T02:25:54.311+0000] {dagbag.py:545} INFO - Filling up the DagBag from /opt/airflow/dags/dag_shipment_sim.py
[2026-06-30T02:25:54.319+0000] {processor.py:840} INFO - DAG(s) 'dag_shipment_sim' retrieved from /opt/airflow/dags/dag_shipment_sim.py
[2026-06-30T02:25:54.329+0000] {logging_mixin.py:188} INFO - [2026-06-30T02:25:54.329+0000] {dag.py:3096} INFO - Sync 1 DAGs
[2026-06-30T02:25:54.337+0000] {logging_mixin.py:188} INFO - [2026-06-30T02:25:54.337+0000] {dag.py:3954} INFO - Setting next_dagrun for dag_shipment_sim to 2026-06-30 02:00:00+00:00, run_after=2026-06-30 03:00:00+00:00
[2026-06-30T02:25:54.344+0000] {processor.py:183} INFO - Processing /opt/airflow/dags/dag_shipment_sim.py took 0.037 seconds
[2026-06-30T02:26:52.009+0000] {processor.py:161} INFO - Started process (PID=18605) to work on /opt/airflow/dags/dag_shipment_sim.py
[2026-06-30T02:26:52.009+0000] {processor.py:830} INFO - Processing file /opt/airflow/dags/dag_shipment_sim.py for tasks to queue
[2026-06-30T02:26:52.010+0000] {logging_mixin.py:188} INFO - [2026-06-30T02:26:52.010+0000] {dagbag.py:545} INFO - Filling up the DagBag from /opt/airflow/dags/dag_shipment_sim.py
[2026-06-30T02:26:52.017+0000] {processor.py:840} INFO - DAG(s) 'dag_shipment_sim' retrieved from /opt/airflow/dags/dag_shipment_sim.py
[2026-06-30T02:26:52.029+0000] {logging_mixin.py:188} INFO - [2026-06-30T02:26:52.029+0000] {dag.py:3096} INFO - Sync 1 DAGs
[2026-06-30T02:26:52.036+0000] {logging_mixin.py:188} INFO - [2026-06-30T02:26:52.036+0000] {dag.py:3954} INFO - Setting next_dagrun for dag_shipment_sim to 2026-06-30 02:00:00+00:00, run_after=2026-06-30 03:00:00+00:00
[2026-06-30T02:26:52.043+0000] {processor.py:183} INFO - Processing /opt/airflow/dags/dag_shipment_sim.py took 0.037 seconds
[2026-06-30T02:27:23.093+0000] {processor.py:161} INFO - Started process (PID=18632) to work on /opt/airflow/dags/dag_shipment_sim.py
[2026-06-30T02:27:23.094+0000] {processor.py:830} INFO - Processing file /opt/airflow/dags/dag_shipment_sim.py for tasks to queue
[2026-06-30T02:27:23.094+0000] {logging_mixin.py:188} INFO - [2026-06-30T02:27:23.094+0000] {dagbag.py:545} INFO - Filling up the DagBag from /opt/airflow/dags/dag_shipment_sim.py
[2026-06-30T02:27:23.104+0000] {processor.py:840} INFO - DAG(s) 'dag_shipment_sim' retrieved from /opt/airflow/dags/dag_shipment_sim.py
[2026-06-30T02:27:23.115+0000] {logging_mixin.py:188} INFO - [2026-06-30T02:27:23.115+0000] {dag.py:3096} INFO - Sync 1 DAGs
[2026-06-30T02:27:23.124+0000] {logging_mixin.py:188} INFO - [2026-06-30T02:27:23.124+0000] {dag.py:3954} INFO - Setting next_dagrun for dag_shipment_sim to 2026-06-30 02:00:00+00:00, run_after=2026-06-30 03:00:00+00:00
[2026-06-30T02:27:23.136+0000] {processor.py:183} INFO - Processing /opt/airflow/dags/dag_shipment_sim.py took 0.046 seconds
[2026-06-30T02:33:49.945+0000] {processor.py:161} INFO - Started process (PID=18659) to work on /opt/airflow/dags/dag_shipment_sim.py
[2026-06-30T02:33:49.946+0000] {processor.py:830} INFO - Processing file /opt/airflow/dags/dag_shipment_sim.py for tasks to queue
[2026-06-30T02:33:49.947+0000] {logging_mixin.py:188} INFO - [2026-06-30T02:33:49.946+0000] {dagbag.py:545} INFO - Filling up the DagBag from /opt/airflow/dags/dag_shipment_sim.py
[2026-06-30T02:33:49.961+0000] {processor.py:840} INFO - DAG(s) 'dag_shipment_sim' retrieved from /opt/airflow/dags/dag_shipment_sim.py
[2026-06-30T02:33:49.984+0000] {logging_mixin.py:188} INFO - [2026-06-30T02:33:49.984+0000] {dag.py:3096} INFO - Sync 1 DAGs
[2026-06-30T02:33:50.001+0000] {logging_mixin.py:188} INFO - [2026-06-30T02:33:50.001+0000] {dag.py:3954} INFO - Setting next_dagrun for dag_shipment_sim to 2026-06-30 02:00:00+00:00, run_after=2026-06-30 03:00:00+00:00
[2026-06-30T02:33:50.017+0000] {processor.py:183} INFO - Processing /opt/airflow/dags/dag_shipment_sim.py took 0.079 seconds
[2026-06-30T02:49:32.480+0000] {processor.py:161} INFO - Started process (PID=18686) to work on /opt/airflow/dags/dag_shipment_sim.py
[2026-06-30T02:49:32.482+0000] {processor.py:830} INFO - Processing file /opt/airflow/dags/dag_shipment_sim.py for tasks to queue
[2026-06-30T02:49:32.483+0000] {logging_mixin.py:188} INFO - [2026-06-30T02:49:32.482+0000] {dagbag.py:545} INFO - Filling up the DagBag from /opt/airflow/dags/dag_shipment_sim.py
[2026-06-30T02:49:32.503+0000] {processor.py:840} INFO - DAG(s) 'dag_shipment_sim' retrieved from /opt/airflow/dags/dag_shipment_sim.py
[2026-06-30T02:49:32.538+0000] {logging_mixin.py:188} INFO - [2026-06-30T02:49:32.537+0000] {dag.py:3096} INFO - Sync 1 DAGs
[2026-06-30T02:49:32.559+0000] {logging_mixin.py:188} INFO - [2026-06-30T02:49:32.558+0000] {dag.py:3954} INFO - Setting next_dagrun for dag_shipment_sim to 2026-06-30 02:00:00+00:00, run_after=2026-06-30 03:00:00+00:00
[2026-06-30T02:49:32.575+0000] {processor.py:183} INFO - Processing /opt/airflow/dags/dag_shipment_sim.py took 0.111 seconds
[2026-06-30T02:50:21.535+0000] {processor.py:161} INFO - Started process (PID=18713) to work on /opt/airflow/dags/dag_shipment_sim.py
[2026-06-30T02:50:21.536+0000] {processor.py:830} INFO - Processing file /opt/airflow/dags/dag_shipment_sim.py for tasks to queue
[2026-06-30T02:50:21.537+0000] {logging_mixin.py:188} INFO - [2026-06-30T02:50:21.536+0000] {dagbag.py:545} INFO - Filling up the DagBag from /opt/airflow/dags/dag_shipment_sim.py
[2026-06-30T02:50:21.544+0000] {processor.py:840} INFO - DAG(s) 'dag_shipment_sim' retrieved from /opt/airflow/dags/dag_shipment_sim.py
[2026-06-30T02:50:21.557+0000] {logging_mixin.py:188} INFO - [2026-06-30T02:50:21.557+0000] {dag.py:3096} INFO - Sync 1 DAGs
[2026-06-30T02:50:21.567+0000] {logging_mixin.py:188} INFO - [2026-06-30T02:50:21.566+0000] {dag.py:3954} INFO - Setting next_dagrun for dag_shipment_sim to 2026-06-30 02:00:00+00:00, run_after=2026-06-30 03:00:00+00:00
[2026-06-30T02:50:21.576+0000] {processor.py:183} INFO - Processing /opt/airflow/dags/dag_shipment_sim.py took 0.044 seconds
[2026-06-30T02:50:52.781+0000] {processor.py:161} INFO - Started process (PID=18740) to work on /opt/airflow/dags/dag_shipment_sim.py
[2026-06-30T02:50:52.782+0000] {processor.py:830} INFO - Processing file /opt/airflow/dags/dag_shipment_sim.py for tasks to queue
[2026-06-30T02:50:52.782+0000] {logging_mixin.py:188} INFO - [2026-06-30T02:50:52.782+0000] {dagbag.py:545} INFO - Filling up the DagBag from /opt/airflow/dags/dag_shipment_sim.py
[2026-06-30T02:50:52.793+0000] {processor.py:840} INFO - DAG(s) 'dag_shipment_sim' retrieved from /opt/airflow/dags/dag_shipment_sim.py
[2026-06-30T02:50:52.808+0000] {logging_mixin.py:188} INFO - [2026-06-30T02:50:52.808+0000] {dag.py:3096} INFO - Sync 1 DAGs
[2026-06-30T02:50:52.821+0000] {logging_mixin.py:188} INFO - [2026-06-30T02:50:52.821+0000] {dag.py:3954} INFO - Setting next_dagrun for dag_shipment_sim to 2026-06-30 02:00:00+00:00, run_after=2026-06-30 03:00:00+00:00
[2026-06-30T02:50:52.834+0000] {processor.py:183} INFO - Processing /opt/airflow/dags/dag_shipment_sim.py took 0.057 seconds
[2026-06-30T02:51:23.809+0000] {processor.py:161} INFO - Started process (PID=18767) to work on /opt/airflow/dags/dag_shipment_sim.py
[2026-06-30T02:51:23.809+0000] {processor.py:830} INFO - Processing file /opt/airflow/dags/dag_shipment_sim.py for tasks to queue
[2026-06-30T02:51:23.810+0000] {logging_mixin.py:188} INFO - [2026-06-30T02:51:23.810+0000] {dagbag.py:545} INFO - Filling up the DagBag from /opt/airflow/dags/dag_shipment_sim.py
[2026-06-30T02:51:23.817+0000] {processor.py:840} INFO - DAG(s) 'dag_shipment_sim' retrieved from /opt/airflow/dags/dag_shipment_sim.py
[2026-06-30T02:51:23.827+0000] {logging_mixin.py:188} INFO - [2026-06-30T02:51:23.827+0000] {dag.py:3096} INFO - Sync 1 DAGs
[2026-06-30T02:51:23.835+0000] {logging_mixin.py:188} INFO - [2026-06-30T02:51:23.835+0000] {dag.py:3954} INFO - Setting next_dagrun for dag_shipment_sim to 2026-06-30 02:00:00+00:00, run_after=2026-06-30 03:00:00+00:00
[2026-06-30T02:51:23.842+0000] {processor.py:183} INFO - Processing /opt/airflow/dags/dag_shipment_sim.py took 0.036 seconds
[2026-06-30T02:51:54.970+0000] {processor.py:161} INFO - Started process (PID=18794) to work on /opt/airflow/dags/dag_shipment_sim.py
[2026-06-30T02:51:54.973+0000] {processor.py:830} INFO - Processing file /opt/airflow/dags/dag_shipment_sim.py for tasks to queue
[2026-06-30T02:51:54.982+0000] {logging_mixin.py:188} INFO - [2026-06-30T02:51:54.980+0000] {dagbag.py:545} INFO - Filling up the DagBag from /opt/airflow/dags/dag_shipment_sim.py
[2026-06-30T02:51:54.990+0000] {processor.py:840} INFO - DAG(s) 'dag_shipment_sim' retrieved from /opt/airflow/dags/dag_shipment_sim.py
[2026-06-30T02:51:55.002+0000] {logging_mixin.py:188} INFO - [2026-06-30T02:51:55.001+0000] {dag.py:3096} INFO - Sync 1 DAGs
[2026-06-30T02:51:55.010+0000] {logging_mixin.py:188} INFO - [2026-06-30T02:51:55.010+0000] {dag.py:3954} INFO - Setting next_dagrun for dag_shipment_sim to 2026-06-30 02:00:00+00:00, run_after=2026-06-30 03:00:00+00:00
[2026-06-30T02:51:55.018+0000] {processor.py:183} INFO - Processing /opt/airflow/dags/dag_shipment_sim.py took 0.051 seconds
[2026-06-30T02:52:26.130+0000] {processor.py:161} INFO - Started process (PID=18821) to work on /opt/airflow/dags/dag_shipment_sim.py
[2026-06-30T02:52:26.131+0000] {processor.py:830} INFO - Processing file /opt/airflow/dags/dag_shipment_sim.py for tasks to queue
[2026-06-30T02:52:26.133+0000] {logging_mixin.py:188} INFO - [2026-06-30T02:52:26.132+0000] {dagbag.py:545} INFO - Filling up the DagBag from /opt/airflow/dags/dag_shipment_sim.py
[2026-06-30T02:52:26.159+0000] {processor.py:840} INFO - DAG(s) 'dag_shipment_sim' retrieved from /opt/airflow/dags/dag_shipment_sim.py
[2026-06-30T02:52:26.170+0000] {logging_mixin.py:188} INFO - [2026-06-30T02:52:26.170+0000] {dag.py:3096} INFO - Sync 1 DAGs
[2026-06-30T02:52:26.178+0000] {logging_mixin.py:188} INFO - [2026-06-30T02:52:26.178+0000] {dag.py:3954} INFO - Setting next_dagrun for dag_shipment_sim to 2026-06-30 02:00:00+00:00, run_after=2026-06-30 03:00:00+00:00
[2026-06-30T02:52:26.185+0000] {processor.py:183} INFO - Processing /opt/airflow/dags/dag_shipment_sim.py took 0.058 seconds
[2026-06-30T02:52:57.315+0000] {processor.py:161} INFO - Started process (PID=18848) to work on /opt/airflow/dags/dag_shipment_sim.py
[2026-06-30T02:52:57.316+0000] {processor.py:830} INFO - Processing file /opt/airflow/dags/dag_shipment_sim.py for tasks to queue
[2026-06-30T02:52:57.317+0000] {logging_mixin.py:188} INFO - [2026-06-30T02:52:57.316+0000] {dagbag.py:545} INFO - Filling up the DagBag from /opt/airflow/dags/dag_shipment_sim.py
[2026-06-30T02:52:57.324+0000] {processor.py:840} INFO - DAG(s) 'dag_shipment_sim' retrieved from /opt/airflow/dags/dag_shipment_sim.py
[2026-06-30T02:52:57.336+0000] {logging_mixin.py:188} INFO - [2026-06-30T02:52:57.336+0000] {dag.py:3096} INFO - Sync 1 DAGs
[2026-06-30T02:52:57.344+0000] {logging_mixin.py:188} INFO - [2026-06-30T02:52:57.344+0000] {dag.py:3954} INFO - Setting next_dagrun for dag_shipment_sim to 2026-06-30 02:00:00+00:00, run_after=2026-06-30 03:00:00+00:00
[2026-06-30T02:52:57.361+0000] {processor.py:183} INFO - Processing /opt/airflow/dags/dag_shipment_sim.py took 0.048 seconds
[2026-06-30T02:53:28.434+0000] {processor.py:161} INFO - Started process (PID=18875) to work on /opt/airflow/dags/dag_shipment_sim.py
[2026-06-30T02:53:28.434+0000] {processor.py:830} INFO - Processing file /opt/airflow/dags/dag_shipment_sim.py for tasks to queue
[2026-06-30T02:53:28.435+0000] {logging_mixin.py:188} INFO - [2026-06-30T02:53:28.435+0000] {dagbag.py:545} INFO - Filling up the DagBag from /opt/airflow/dags/dag_shipment_sim.py
[2026-06-30T02:53:28.460+0000] {processor.py:840} INFO - DAG(s) 'dag_shipment_sim' retrieved from /opt/airflow/dags/dag_shipment_sim.py
[2026-06-30T02:53:28.471+0000] {logging_mixin.py:188} INFO - [2026-06-30T02:53:28.471+0000] {dag.py:3096} INFO - Sync 1 DAGs
[2026-06-30T02:53:28.480+0000] {logging_mixin.py:188} INFO - [2026-06-30T02:53:28.479+0000] {dag.py:3954} INFO - Setting next_dagrun for dag_shipment_sim to 2026-06-30 02:00:00+00:00, run_after=2026-06-30 03:00:00+00:00
[2026-06-30T02:53:28.489+0000] {processor.py:183} INFO - Processing /opt/airflow/dags/dag_shipment_sim.py took 0.058 seconds
[2026-06-30T02:53:59.629+0000] {processor.py:161} INFO - Started process (PID=18902) to work on /opt/airflow/dags/dag_shipment_sim.py
[2026-06-30T02:53:59.630+0000] {processor.py:830} INFO - Processing file /opt/airflow/dags/dag_shipment_sim.py for tasks to queue
[2026-06-30T02:53:59.631+0000] {logging_mixin.py:188} INFO - [2026-06-30T02:53:59.631+0000] {dagbag.py:545} INFO - Filling up the DagBag from /opt/airflow/dags/dag_shipment_sim.py
[2026-06-30T02:53:59.640+0000] {processor.py:840} INFO - DAG(s) 'dag_shipment_sim' retrieved from /opt/airflow/dags/dag_shipment_sim.py
[2026-06-30T02:53:59.656+0000] {logging_mixin.py:188} INFO - [2026-06-30T02:53:59.656+0000] {dag.py:3096} INFO - Sync 1 DAGs
[2026-06-30T02:53:59.667+0000] {logging_mixin.py:188} INFO - [2026-06-30T02:53:59.667+0000] {dag.py:3954} INFO - Setting next_dagrun for dag_shipment_sim to 2026-06-30 02:00:00+00:00, run_after=2026-06-30 03:00:00+00:00
[2026-06-30T02:53:59.680+0000] {processor.py:183} INFO - Processing /opt/airflow/dags/dag_shipment_sim.py took 0.054 seconds
[2026-06-30T02:54:30.744+0000] {processor.py:161} INFO - Started process (PID=18929) to work on /opt/airflow/dags/dag_shipment_sim.py
[2026-06-30T02:54:30.745+0000] {processor.py:830} INFO - Processing file /opt/airflow/dags/dag_shipment_sim.py for tasks to queue
[2026-06-30T02:54:30.745+0000] {logging_mixin.py:188} INFO - [2026-06-30T02:54:30.745+0000] {dagbag.py:545} INFO - Filling up the DagBag from /opt/airflow/dags/dag_shipment_sim.py
[2026-06-30T02:54:30.753+0000] {processor.py:840} INFO - DAG(s) 'dag_shipment_sim' retrieved from /opt/airflow/dags/dag_shipment_sim.py
[2026-06-30T02:54:30.763+0000] {logging_mixin.py:188} INFO - [2026-06-30T02:54:30.763+0000] {dag.py:3096} INFO - Sync 1 DAGs
[2026-06-30T02:54:30.772+0000] {logging_mixin.py:188} INFO - [2026-06-30T02:54:30.772+0000] {dag.py:3954} INFO - Setting next_dagrun for dag_shipment_sim to 2026-06-30 02:00:00+00:00, run_after=2026-06-30 03:00:00+00:00
[2026-06-30T02:54:30.780+0000] {processor.py:183} INFO - Processing /opt/airflow/dags/dag_shipment_sim.py took 0.038 seconds
[2026-06-30T02:55:01.908+0000] {processor.py:161} INFO - Started process (PID=18956) to work on /opt/airflow/dags/dag_shipment_sim.py
[2026-06-30T02:55:01.909+0000] {processor.py:830} INFO - Processing file /opt/airflow/dags/dag_shipment_sim.py for tasks to queue
[2026-06-30T02:55:01.909+0000] {logging_mixin.py:188} INFO - [2026-06-30T02:55:01.909+0000] {dagbag.py:545} INFO - Filling up the DagBag from /opt/airflow/dags/dag_shipment_sim.py
[2026-06-30T02:55:01.916+0000] {processor.py:840} INFO - DAG(s) 'dag_shipment_sim' retrieved from /opt/airflow/dags/dag_shipment_sim.py
[2026-06-30T02:55:01.926+0000] {logging_mixin.py:188} INFO - [2026-06-30T02:55:01.926+0000] {dag.py:3096} INFO - Sync 1 DAGs
[2026-06-30T02:55:01.934+0000] {logging_mixin.py:188} INFO - [2026-06-30T02:55:01.934+0000] {dag.py:3954} INFO - Setting next_dagrun for dag_shipment_sim to 2026-06-30 02:00:00+00:00, run_after=2026-06-30 03:00:00+00:00
[2026-06-30T02:55:01.942+0000] {processor.py:183} INFO - Processing /opt/airflow/dags/dag_shipment_sim.py took 0.037 seconds
[2026-06-30T02:55:33.336+0000] {processor.py:161} INFO - Started process (PID=18983) to work on /opt/airflow/dags/dag_shipment_sim.py
[2026-06-30T02:55:33.336+0000] {processor.py:830} INFO - Processing file /opt/airflow/dags/dag_shipment_sim.py for tasks to queue
[2026-06-30T02:55:33.337+0000] {logging_mixin.py:188} INFO - [2026-06-30T02:55:33.337+0000] {dagbag.py:545} INFO - Filling up the DagBag from /opt/airflow/dags/dag_shipment_sim.py
[2026-06-30T02:55:33.344+0000] {processor.py:840} INFO - DAG(s) 'dag_shipment_sim' retrieved from /opt/airflow/dags/dag_shipment_sim.py
[2026-06-30T02:55:33.355+0000] {logging_mixin.py:188} INFO - [2026-06-30T02:55:33.355+0000] {dag.py:3096} INFO - Sync 1 DAGs
[2026-06-30T02:55:33.363+0000] {logging_mixin.py:188} INFO - [2026-06-30T02:55:33.363+0000] {dag.py:3954} INFO - Setting next_dagrun for dag_shipment_sim to 2026-06-30 02:00:00+00:00, run_after=2026-06-30 03:00:00+00:00
[2026-06-30T02:55:33.371+0000] {processor.py:183} INFO - Processing /opt/airflow/dags/dag_shipment_sim.py took 0.040 seconds
[2026-06-30T02:56:04.691+0000] {processor.py:161} INFO - Started process (PID=19010) to work on /opt/airflow/dags/dag_shipment_sim.py
[2026-06-30T02:56:04.691+0000] {processor.py:830} INFO - Processing file /opt/airflow/dags/dag_shipment_sim.py for tasks to queue
[2026-06-30T02:56:04.692+0000] {logging_mixin.py:188} INFO - [2026-06-30T02:56:04.692+0000] {dagbag.py:545} INFO - Filling up the DagBag from /opt/airflow/dags/dag_shipment_sim.py
[2026-06-30T02:56:04.704+0000] {processor.py:840} INFO - DAG(s) 'dag_shipment_sim' retrieved from /opt/airflow/dags/dag_shipment_sim.py
[2026-06-30T02:56:04.717+0000] {logging_mixin.py:188} INFO - [2026-06-30T02:56:04.717+0000] {dag.py:3096} INFO - Sync 1 DAGs
[2026-06-30T02:56:04.726+0000] {logging_mixin.py:188} INFO - [2026-06-30T02:56:04.725+0000] {dag.py:3954} INFO - Setting next_dagrun for dag_shipment_sim to 2026-06-30 02:00:00+00:00, run_after=2026-06-30 03:00:00+00:00
[2026-06-30T02:56:04.741+0000] {processor.py:183} INFO - Processing /opt/airflow/dags/dag_shipment_sim.py took 0.053 seconds
[2026-06-30T02:56:35.825+0000] {processor.py:161} INFO - Started process (PID=19037) to work on /opt/airflow/dags/dag_shipment_sim.py
[2026-06-30T02:56:35.825+0000] {processor.py:830} INFO - Processing file /opt/airflow/dags/dag_shipment_sim.py for tasks to queue
[2026-06-30T02:56:35.826+0000] {logging_mixin.py:188} INFO - [2026-06-30T02:56:35.826+0000] {dagbag.py:545} INFO - Filling up the DagBag from /opt/airflow/dags/dag_shipment_sim.py
[2026-06-30T02:56:35.836+0000] {processor.py:840} INFO - DAG(s) 'dag_shipment_sim' retrieved from /opt/airflow/dags/dag_shipment_sim.py
[2026-06-30T02:56:35.858+0000] {logging_mixin.py:188} INFO - [2026-06-30T02:56:35.858+0000] {dag.py:3096} INFO - Sync 1 DAGs
[2026-06-30T02:56:35.867+0000] {logging_mixin.py:188} INFO - [2026-06-30T02:56:35.867+0000] {dag.py:3954} INFO - Setting next_dagrun for dag_shipment_sim to 2026-06-30 02:00:00+00:00, run_after=2026-06-30 03:00:00+00:00
[2026-06-30T02:56:35.881+0000] {processor.py:183} INFO - Processing /opt/airflow/dags/dag_shipment_sim.py took 0.059 seconds
[2026-06-30T02:57:06.761+0000] {processor.py:161} INFO - Started process (PID=19064) to work on /opt/airflow/dags/dag_shipment_sim.py
[2026-06-30T02:57:06.761+0000] {processor.py:830} INFO - Processing file /opt/airflow/dags/dag_shipment_sim.py for tasks to queue
[2026-06-30T02:57:06.762+0000] {logging_mixin.py:188} INFO - [2026-06-30T02:57:06.762+0000] {dagbag.py:545} INFO - Filling up the DagBag from /opt/airflow/dags/dag_shipment_sim.py
[2026-06-30T02:57:06.769+0000] {processor.py:840} INFO - DAG(s) 'dag_shipment_sim' retrieved from /opt/airflow/dags/dag_shipment_sim.py
[2026-06-30T02:57:06.784+0000] {logging_mixin.py:188} INFO - [2026-06-30T02:57:06.784+0000] {dag.py:3096} INFO - Sync 1 DAGs
[2026-06-30T02:57:06.793+0000] {logging_mixin.py:188} INFO - [2026-06-30T02:57:06.793+0000] {dag.py:3954} INFO - Setting next_dagrun for dag_shipment_sim to 2026-06-30 02:00:00+00:00, run_after=2026-06-30 03:00:00+00:00
[2026-06-30T02:57:06.801+0000] {processor.py:183} INFO - Processing /opt/airflow/dags/dag_shipment_sim.py took 0.044 seconds
[2026-06-30T02:57:38.138+0000] {processor.py:161} INFO - Started process (PID=19091) to work on /opt/airflow/dags/dag_shipment_sim.py
[2026-06-30T02:57:38.139+0000] {processor.py:830} INFO - Processing file /opt/airflow/dags/dag_shipment_sim.py for tasks to queue
[2026-06-30T02:57:38.140+0000] {logging_mixin.py:188} INFO - [2026-06-30T02:57:38.139+0000] {dagbag.py:545} INFO - Filling up the DagBag from /opt/airflow/dags/dag_shipment_sim.py
[2026-06-30T02:57:38.148+0000] {processor.py:840} INFO - DAG(s) 'dag_shipment_sim' retrieved from /opt/airflow/dags/dag_shipment_sim.py
[2026-06-30T02:57:38.166+0000] {logging_mixin.py:188} INFO - [2026-06-30T02:57:38.166+0000] {dag.py:3096} INFO - Sync 1 DAGs
[2026-06-30T02:57:38.177+0000] {logging_mixin.py:188} INFO - [2026-06-30T02:57:38.177+0000] {dag.py:3954} INFO - Setting next_dagrun for dag_shipment_sim to 2026-06-30 02:00:00+00:00, run_after=2026-06-30 03:00:00+00:00
[2026-06-30T02:57:38.188+0000] {processor.py:183} INFO - Processing /opt/airflow/dags/dag_shipment_sim.py took 0.053 seconds
[2026-06-30T02:58:09.260+0000] {processor.py:161} INFO - Started process (PID=19118) to work on /opt/airflow/dags/dag_shipment_sim.py
[2026-06-30T02:58:09.260+0000] {processor.py:830} INFO - Processing file /opt/airflow/dags/dag_shipment_sim.py for tasks to queue
[2026-06-30T02:58:09.261+0000] {logging_mixin.py:188} INFO - [2026-06-30T02:58:09.261+0000] {dagbag.py:545} INFO - Filling up the DagBag from /opt/airflow/dags/dag_shipment_sim.py
[2026-06-30T02:58:09.270+0000] {processor.py:840} INFO - DAG(s) 'dag_shipment_sim' retrieved from /opt/airflow/dags/dag_shipment_sim.py
[2026-06-30T02:58:09.281+0000] {logging_mixin.py:188} INFO - [2026-06-30T02:58:09.281+0000] {dag.py:3096} INFO - Sync 1 DAGs
[2026-06-30T02:58:09.290+0000] {logging_mixin.py:188} INFO - [2026-06-30T02:58:09.290+0000] {dag.py:3954} INFO - Setting next_dagrun for dag_shipment_sim to 2026-06-30 02:00:00+00:00, run_after=2026-06-30 03:00:00+00:00
[2026-06-30T02:58:09.301+0000] {processor.py:183} INFO - Processing /opt/airflow/dags/dag_shipment_sim.py took 0.044 seconds
[2026-06-30T02:58:40.395+0000] {processor.py:161} INFO - Started process (PID=19145) to work on /opt/airflow/dags/dag_shipment_sim.py
[2026-06-30T02:58:40.396+0000] {processor.py:830} INFO - Processing file /opt/airflow/dags/dag_shipment_sim.py for tasks to queue
[2026-06-30T02:58:40.396+0000] {logging_mixin.py:188} INFO - [2026-06-30T02:58:40.396+0000] {dagbag.py:545} INFO - Filling up the DagBag from /opt/airflow/dags/dag_shipment_sim.py
[2026-06-30T02:58:40.403+0000] {processor.py:840} INFO - DAG(s) 'dag_shipment_sim' retrieved from /opt/airflow/dags/dag_shipment_sim.py
[2026-06-30T02:58:40.416+0000] {logging_mixin.py:188} INFO - [2026-06-30T02:58:40.415+0000] {dag.py:3096} INFO - Sync 1 DAGs
[2026-06-30T02:58:40.426+0000] {logging_mixin.py:188} INFO - [2026-06-30T02:58:40.426+0000] {dag.py:3954} INFO - Setting next_dagrun for dag_shipment_sim to 2026-06-30 02:00:00+00:00, run_after=2026-06-30 03:00:00+00:00
[2026-06-30T02:58:40.436+0000] {processor.py:183} INFO - Processing /opt/airflow/dags/dag_shipment_sim.py took 0.044 seconds
[2026-06-30T02:59:11.425+0000] {processor.py:161} INFO - Started process (PID=19172) to work on /opt/airflow/dags/dag_shipment_sim.py
[2026-06-30T02:59:11.425+0000] {processor.py:830} INFO - Processing file /opt/airflow/dags/dag_shipment_sim.py for tasks to queue
[2026-06-30T02:59:11.426+0000] {logging_mixin.py:188} INFO - [2026-06-30T02:59:11.426+0000] {dagbag.py:545} INFO - Filling up the DagBag from /opt/airflow/dags/dag_shipment_sim.py
[2026-06-30T02:59:11.432+0000] {processor.py:840} INFO - DAG(s) 'dag_shipment_sim' retrieved from /opt/airflow/dags/dag_shipment_sim.py
[2026-06-30T02:59:11.442+0000] {logging_mixin.py:188} INFO - [2026-06-30T02:59:11.442+0000] {dag.py:3096} INFO - Sync 1 DAGs
[2026-06-30T02:59:11.449+0000] {logging_mixin.py:188} INFO - [2026-06-30T02:59:11.449+0000] {dag.py:3954} INFO - Setting next_dagrun for dag_shipment_sim to 2026-06-30 02:00:00+00:00, run_after=2026-06-30 03:00:00+00:00
[2026-06-30T02:59:11.457+0000] {processor.py:183} INFO - Processing /opt/airflow/dags/dag_shipment_sim.py took 0.035 seconds
[2026-06-30T02:59:42.576+0000] {processor.py:161} INFO - Started process (PID=19199) to work on /opt/airflow/dags/dag_shipment_sim.py
[2026-06-30T02:59:42.577+0000] {processor.py:830} INFO - Processing file /opt/airflow/dags/dag_shipment_sim.py for tasks to queue
[2026-06-30T02:59:42.577+0000] {logging_mixin.py:188} INFO - [2026-06-30T02:59:42.577+0000] {dagbag.py:545} INFO - Filling up the DagBag from /opt/airflow/dags/dag_shipment_sim.py
[2026-06-30T02:59:42.587+0000] {processor.py:840} INFO - DAG(s) 'dag_shipment_sim' retrieved from /opt/airflow/dags/dag_shipment_sim.py
[2026-06-30T02:59:42.599+0000] {logging_mixin.py:188} INFO - [2026-06-30T02:59:42.599+0000] {dag.py:3096} INFO - Sync 1 DAGs
[2026-06-30T02:59:42.608+0000] {logging_mixin.py:188} INFO - [2026-06-30T02:59:42.608+0000] {dag.py:3954} INFO - Setting next_dagrun for dag_shipment_sim to 2026-06-30 02:00:00+00:00, run_after=2026-06-30 03:00:00+00:00
[2026-06-30T02:59:42.618+0000] {processor.py:183} INFO - Processing /opt/airflow/dags/dag_shipment_sim.py took 0.046 seconds
[2026-06-30T03:00:14.019+0000] {processor.py:161} INFO - Started process (PID=19233) to work on /opt/airflow/dags/dag_shipment_sim.py
[2026-06-30T03:00:14.020+0000] {processor.py:830} INFO - Processing file /opt/airflow/dags/dag_shipment_sim.py for tasks to queue
[2026-06-30T03:00:14.020+0000] {logging_mixin.py:188} INFO - [2026-06-30T03:00:14.020+0000] {dagbag.py:545} INFO - Filling up the DagBag from /opt/airflow/dags/dag_shipment_sim.py
[2026-06-30T03:00:14.028+0000] {processor.py:840} INFO - DAG(s) 'dag_shipment_sim' retrieved from /opt/airflow/dags/dag_shipment_sim.py
[2026-06-30T03:00:14.049+0000] {logging_mixin.py:188} INFO - [2026-06-30T03:00:14.048+0000] {dag.py:3096} INFO - Sync 1 DAGs
[2026-06-30T03:00:14.063+0000] {logging_mixin.py:188} INFO - [2026-06-30T03:00:14.063+0000] {dag.py:3954} INFO - Setting next_dagrun for dag_shipment_sim to 2026-06-30 03:00:00+00:00, run_after=2026-06-30 04:00:00+00:00
[2026-06-30T03:00:14.079+0000] {processor.py:183} INFO - Processing /opt/airflow/dags/dag_shipment_sim.py took 0.068 seconds
[2026-06-30T03:00:45.117+0000] {processor.py:161} INFO - Started process (PID=19263) to work on /opt/airflow/dags/dag_shipment_sim.py
[2026-06-30T03:00:45.118+0000] {processor.py:830} INFO - Processing file /opt/airflow/dags/dag_shipment_sim.py for tasks to queue
[2026-06-30T03:00:45.119+0000] {logging_mixin.py:188} INFO - [2026-06-30T03:00:45.118+0000] {dagbag.py:545} INFO - Filling up the DagBag from /opt/airflow/dags/dag_shipment_sim.py
[2026-06-30T03:00:45.127+0000] {processor.py:840} INFO - DAG(s) 'dag_shipment_sim' retrieved from /opt/airflow/dags/dag_shipment_sim.py
[2026-06-30T03:00:45.138+0000] {logging_mixin.py:188} INFO - [2026-06-30T03:00:45.138+0000] {dag.py:3096} INFO - Sync 1 DAGs
[2026-06-30T03:00:45.146+0000] {logging_mixin.py:188} INFO - [2026-06-30T03:00:45.146+0000] {dag.py:3954} INFO - Setting next_dagrun for dag_shipment_sim to 2026-06-30 03:00:00+00:00, run_after=2026-06-30 04:00:00+00:00
[2026-06-30T03:00:45.154+0000] {processor.py:183} INFO - Processing /opt/airflow/dags/dag_shipment_sim.py took 0.040 seconds
[2026-06-30T03:01:16.330+0000] {processor.py:161} INFO - Started process (PID=19290) to work on /opt/airflow/dags/dag_shipment_sim.py
[2026-06-30T03:01:16.331+0000] {processor.py:830} INFO - Processing file /opt/airflow/dags/dag_shipment_sim.py for tasks to queue
[2026-06-30T03:01:16.331+0000] {logging_mixin.py:188} INFO - [2026-06-30T03:01:16.331+0000] {dagbag.py:545} INFO - Filling up the DagBag from /opt/airflow/dags/dag_shipment_sim.py
[2026-06-30T03:01:16.338+0000] {processor.py:840} INFO - DAG(s) 'dag_shipment_sim' retrieved from /opt/airflow/dags/dag_shipment_sim.py
[2026-06-30T03:01:16.356+0000] {logging_mixin.py:188} INFO - [2026-06-30T03:01:16.356+0000] {dag.py:3096} INFO - Sync 1 DAGs
[2026-06-30T03:01:16.367+0000] {logging_mixin.py:188} INFO - [2026-06-30T03:01:16.367+0000] {dag.py:3954} INFO - Setting next_dagrun for dag_shipment_sim to 2026-06-30 03:00:00+00:00, run_after=2026-06-30 04:00:00+00:00
[2026-06-30T03:01:16.380+0000] {processor.py:183} INFO - Processing /opt/airflow/dags/dag_shipment_sim.py took 0.053 seconds
[2026-06-30T03:01:47.625+0000] {processor.py:161} INFO - Started process (PID=19317) to work on /opt/airflow/dags/dag_shipment_sim.py
[2026-06-30T03:01:47.626+0000] {processor.py:830} INFO - Processing file /opt/airflow/dags/dag_shipment_sim.py for tasks to queue
[2026-06-30T03:01:47.626+0000] {logging_mixin.py:188} INFO - [2026-06-30T03:01:47.626+0000] {dagbag.py:545} INFO - Filling up the DagBag from /opt/airflow/dags/dag_shipment_sim.py
[2026-06-30T03:01:47.638+0000] {processor.py:840} INFO - DAG(s) 'dag_shipment_sim' retrieved from /opt/airflow/dags/dag_shipment_sim.py
[2026-06-30T03:01:47.656+0000] {logging_mixin.py:188} INFO - [2026-06-30T03:01:47.655+0000] {dag.py:3096} INFO - Sync 1 DAGs
[2026-06-30T03:01:47.668+0000] {logging_mixin.py:188} INFO - [2026-06-30T03:01:47.668+0000] {dag.py:3954} INFO - Setting next_dagrun for dag_shipment_sim to 2026-06-30 03:00:00+00:00, run_after=2026-06-30 04:00:00+00:00
[2026-06-30T03:01:47.680+0000] {processor.py:183} INFO - Processing /opt/airflow/dags/dag_shipment_sim.py took 0.059 seconds
[2026-06-30T03:02:18.659+0000] {processor.py:161} INFO - Started process (PID=19344) to work on /opt/airflow/dags/dag_shipment_sim.py
[2026-06-30T03:02:18.660+0000] {processor.py:830} INFO - Processing file /opt/airflow/dags/dag_shipment_sim.py for tasks to queue
[2026-06-30T03:02:18.660+0000] {logging_mixin.py:188} INFO - [2026-06-30T03:02:18.660+0000] {dagbag.py:545} INFO - Filling up the DagBag from /opt/airflow/dags/dag_shipment_sim.py
[2026-06-30T03:02:18.668+0000] {processor.py:840} INFO - DAG(s) 'dag_shipment_sim' retrieved from /opt/airflow/dags/dag_shipment_sim.py
[2026-06-30T03:02:18.685+0000] {logging_mixin.py:188} INFO - [2026-06-30T03:02:18.685+0000] {dag.py:3096} INFO - Sync 1 DAGs
[2026-06-30T03:02:18.695+0000] {logging_mixin.py:188} INFO - [2026-06-30T03:02:18.695+0000] {dag.py:3954} INFO - Setting next_dagrun for dag_shipment_sim to 2026-06-30 03:00:00+00:00, run_after=2026-06-30 04:00:00+00:00
[2026-06-30T03:02:18.707+0000] {processor.py:183} INFO - Processing /opt/airflow/dags/dag_shipment_sim.py took 0.052 seconds
[2026-06-30T03:02:49.680+0000] {processor.py:161} INFO - Started process (PID=19371) to work on /opt/airflow/dags/dag_shipment_sim.py
[2026-06-30T03:02:49.681+0000] {processor.py:830} INFO - Processing file /opt/airflow/dags/dag_shipment_sim.py for tasks to queue
[2026-06-30T03:02:49.681+0000] {logging_mixin.py:188} INFO - [2026-06-30T03:02:49.681+0000] {dagbag.py:545} INFO - Filling up the DagBag from /opt/airflow/dags/dag_shipment_sim.py
[2026-06-30T03:02:49.690+0000] {processor.py:840} INFO - DAG(s) 'dag_shipment_sim' retrieved from /opt/airflow/dags/dag_shipment_sim.py
[2026-06-30T03:02:49.700+0000] {logging_mixin.py:188} INFO - [2026-06-30T03:02:49.700+0000] {dag.py:3096} INFO - Sync 1 DAGs
[2026-06-30T03:02:49.708+0000] {logging_mixin.py:188} INFO - [2026-06-30T03:02:49.708+0000] {dag.py:3954} INFO - Setting next_dagrun for dag_shipment_sim to 2026-06-30 03:00:00+00:00, run_after=2026-06-30 04:00:00+00:00
[2026-06-30T03:02:49.715+0000] {processor.py:183} INFO - Processing /opt/airflow/dags/dag_shipment_sim.py took 0.038 seconds
[2026-06-30T03:03:20.766+0000] {processor.py:161} INFO - Started process (PID=19398) to work on /opt/airflow/dags/dag_shipment_sim.py
[2026-06-30T03:03:20.767+0000] {processor.py:830} INFO - Processing file /opt/airflow/dags/dag_shipment_sim.py for tasks to queue
[2026-06-30T03:03:20.767+0000] {logging_mixin.py:188} INFO - [2026-06-30T03:03:20.767+0000] {dagbag.py:545} INFO - Filling up the DagBag from /opt/airflow/dags/dag_shipment_sim.py
[2026-06-30T03:03:20.774+0000] {processor.py:840} INFO - DAG(s) 'dag_shipment_sim' retrieved from /opt/airflow/dags/dag_shipment_sim.py
[2026-06-30T03:03:20.785+0000] {logging_mixin.py:188} INFO - [2026-06-30T03:03:20.785+0000] {dag.py:3096} INFO - Sync 1 DAGs
[2026-06-30T03:03:20.793+0000] {logging_mixin.py:188} INFO - [2026-06-30T03:03:20.793+0000] {dag.py:3954} INFO - Setting next_dagrun for dag_shipment_sim to 2026-06-30 03:00:00+00:00, run_after=2026-06-30 04:00:00+00:00
[2026-06-30T03:03:20.800+0000] {processor.py:183} INFO - Processing /opt/airflow/dags/dag_shipment_sim.py took 0.038 seconds
[2026-06-30T03:03:51.871+0000] {processor.py:161} INFO - Started process (PID=19425) to work on /opt/airflow/dags/dag_shipment_sim.py
[2026-06-30T03:03:51.871+0000] {processor.py:830} INFO - Processing file /opt/airflow/dags/dag_shipment_sim.py for tasks to queue
[2026-06-30T03:03:51.872+0000] {logging_mixin.py:188} INFO - [2026-06-30T03:03:51.872+0000] {dagbag.py:545} INFO - Filling up the DagBag from /opt/airflow/dags/dag_shipment_sim.py
[2026-06-30T03:03:51.878+0000] {processor.py:840} INFO - DAG(s) 'dag_shipment_sim' retrieved from /opt/airflow/dags/dag_shipment_sim.py
[2026-06-30T03:03:51.889+0000] {logging_mixin.py:188} INFO - [2026-06-30T03:03:51.889+0000] {dag.py:3096} INFO - Sync 1 DAGs
[2026-06-30T03:03:51.896+0000] {logging_mixin.py:188} INFO - [2026-06-30T03:03:51.896+0000] {dag.py:3954} INFO - Setting next_dagrun for dag_shipment_sim to 2026-06-30 03:00:00+00:00, run_after=2026-06-30 04:00:00+00:00
[2026-06-30T03:03:51.903+0000] {processor.py:183} INFO - Processing /opt/airflow/dags/dag_shipment_sim.py took 0.038 seconds
[2026-06-30T03:04:23.018+0000] {processor.py:161} INFO - Started process (PID=19452) to work on /opt/airflow/dags/dag_shipment_sim.py
[2026-06-30T03:04:23.018+0000] {processor.py:830} INFO - Processing file /opt/airflow/dags/dag_shipment_sim.py for tasks to queue
[2026-06-30T03:04:23.019+0000] {logging_mixin.py:188} INFO - [2026-06-30T03:04:23.019+0000] {dagbag.py:545} INFO - Filling up the DagBag from /opt/airflow/dags/dag_shipment_sim.py
[2026-06-30T03:04:23.028+0000] {processor.py:840} INFO - DAG(s) 'dag_shipment_sim' retrieved from /opt/airflow/dags/dag_shipment_sim.py
[2026-06-30T03:04:23.041+0000] {logging_mixin.py:188} INFO - [2026-06-30T03:04:23.041+0000] {dag.py:3096} INFO - Sync 1 DAGs
[2026-06-30T03:04:23.054+0000] {logging_mixin.py:188} INFO - [2026-06-30T03:04:23.054+0000] {dag.py:3954} INFO - Setting next_dagrun for dag_shipment_sim to 2026-06-30 03:00:00+00:00, run_after=2026-06-30 04:00:00+00:00
[2026-06-30T03:04:23.068+0000] {processor.py:183} INFO - Processing /opt/airflow/dags/dag_shipment_sim.py took 0.053 seconds
[2026-06-30T03:04:54.431+0000] {processor.py:161} INFO - Started process (PID=19479) to work on /opt/airflow/dags/dag_shipment_sim.py
[2026-06-30T03:04:54.432+0000] {processor.py:830} INFO - Processing file /opt/airflow/dags/dag_shipment_sim.py for tasks to queue
[2026-06-30T03:04:54.433+0000] {logging_mixin.py:188} INFO - [2026-06-30T03:04:54.433+0000] {dagbag.py:545} INFO - Filling up the DagBag from /opt/airflow/dags/dag_shipment_sim.py
[2026-06-30T03:04:54.444+0000] {processor.py:840} INFO - DAG(s) 'dag_shipment_sim' retrieved from /opt/airflow/dags/dag_shipment_sim.py
[2026-06-30T03:04:54.466+0000] {logging_mixin.py:188} INFO - [2026-06-30T03:04:54.465+0000] {dag.py:3096} INFO - Sync 1 DAGs
[2026-06-30T03:04:54.475+0000] {logging_mixin.py:188} INFO - [2026-06-30T03:04:54.475+0000] {dag.py:3954} INFO - Setting next_dagrun for dag_shipment_sim to 2026-06-30 03:00:00+00:00, run_after=2026-06-30 04:00:00+00:00
[2026-06-30T03:04:54.485+0000] {processor.py:183} INFO - Processing /opt/airflow/dags/dag_shipment_sim.py took 0.057 seconds
[2026-06-30T03:05:25.742+0000] {processor.py:161} INFO - Started process (PID=19506) to work on /opt/airflow/dags/dag_shipment_sim.py
[2026-06-30T03:05:25.742+0000] {processor.py:830} INFO - Processing file /opt/airflow/dags/dag_shipment_sim.py for tasks to queue
[2026-06-30T03:05:25.743+0000] {logging_mixin.py:188} INFO - [2026-06-30T03:05:25.743+0000] {dagbag.py:545} INFO - Filling up the DagBag from /opt/airflow/dags/dag_shipment_sim.py
[2026-06-30T03:05:25.751+0000] {processor.py:840} INFO - DAG(s) 'dag_shipment_sim' retrieved from /opt/airflow/dags/dag_shipment_sim.py
[2026-06-30T03:05:25.764+0000] {logging_mixin.py:188} INFO - [2026-06-30T03:05:25.763+0000] {dag.py:3096} INFO - Sync 1 DAGs
[2026-06-30T03:05:25.772+0000] {logging_mixin.py:188} INFO - [2026-06-30T03:05:25.772+0000] {dag.py:3954} INFO - Setting next_dagrun for dag_shipment_sim to 2026-06-30 03:00:00+00:00, run_after=2026-06-30 04:00:00+00:00
[2026-06-30T03:05:25.782+0000] {processor.py:183} INFO - Processing /opt/airflow/dags/dag_shipment_sim.py took 0.043 seconds
[2026-06-30T03:05:56.839+0000] {processor.py:161} INFO - Started process (PID=19533) to work on /opt/airflow/dags/dag_shipment_sim.py
[2026-06-30T03:05:56.840+0000] {processor.py:830} INFO - Processing file /opt/airflow/dags/dag_shipment_sim.py for tasks to queue
[2026-06-30T03:05:56.840+0000] {logging_mixin.py:188} INFO - [2026-06-30T03:05:56.840+0000] {dagbag.py:545} INFO - Filling up the DagBag from /opt/airflow/dags/dag_shipment_sim.py
[2026-06-30T03:05:56.846+0000] {processor.py:840} INFO - DAG(s) 'dag_shipment_sim' retrieved from /opt/airflow/dags/dag_shipment_sim.py
[2026-06-30T03:05:56.855+0000] {logging_mixin.py:188} INFO - [2026-06-30T03:05:56.855+0000] {dag.py:3096} INFO - Sync 1 DAGs
[2026-06-30T03:05:56.865+0000] {logging_mixin.py:188} INFO - [2026-06-30T03:05:56.865+0000] {dag.py:3954} INFO - Setting next_dagrun for dag_shipment_sim to 2026-06-30 03:00:00+00:00, run_after=2026-06-30 04:00:00+00:00
[2026-06-30T03:05:56.872+0000] {processor.py:183} INFO - Processing /opt/airflow/dags/dag_shipment_sim.py took 0.036 seconds
[2026-06-30T03:06:27.981+0000] {processor.py:161} INFO - Started process (PID=19560) to work on /opt/airflow/dags/dag_shipment_sim.py
[2026-06-30T03:06:27.982+0000] {processor.py:830} INFO - Processing file /opt/airflow/dags/dag_shipment_sim.py for tasks to queue
[2026-06-30T03:06:27.982+0000] {logging_mixin.py:188} INFO - [2026-06-30T03:06:27.982+0000] {dagbag.py:545} INFO - Filling up the DagBag from /opt/airflow/dags/dag_shipment_sim.py
[2026-06-30T03:06:27.989+0000] {processor.py:840} INFO - DAG(s) 'dag_shipment_sim' retrieved from /opt/airflow/dags/dag_shipment_sim.py
[2026-06-30T03:06:28.000+0000] {logging_mixin.py:188} INFO - [2026-06-30T03:06:28.000+0000] {dag.py:3096} INFO - Sync 1 DAGs
[2026-06-30T03:06:28.008+0000] {logging_mixin.py:188} INFO - [2026-06-30T03:06:28.008+0000] {dag.py:3954} INFO - Setting next_dagrun for dag_shipment_sim to 2026-06-30 03:00:00+00:00, run_after=2026-06-30 04:00:00+00:00
[2026-06-30T03:06:28.017+0000] {processor.py:183} INFO - Processing /opt/airflow/dags/dag_shipment_sim.py took 0.039 seconds
[2026-06-30T03:06:59.063+0000] {processor.py:161} INFO - Started process (PID=19587) to work on /opt/airflow/dags/dag_shipment_sim.py
[2026-06-30T03:06:59.063+0000] {processor.py:830} INFO - Processing file /opt/airflow/dags/dag_shipment_sim.py for tasks to queue
[2026-06-30T03:06:59.064+0000] {logging_mixin.py:188} INFO - [2026-06-30T03:06:59.064+0000] {dagbag.py:545} INFO - Filling up the DagBag from /opt/airflow/dags/dag_shipment_sim.py
[2026-06-30T03:06:59.073+0000] {processor.py:840} INFO - DAG(s) 'dag_shipment_sim' retrieved from /opt/airflow/dags/dag_shipment_sim.py
[2026-06-30T03:06:59.088+0000] {logging_mixin.py:188} INFO - [2026-06-30T03:06:59.087+0000] {dag.py:3096} INFO - Sync 1 DAGs
[2026-06-30T03:06:59.101+0000] {logging_mixin.py:188} INFO - [2026-06-30T03:06:59.101+0000] {dag.py:3954} INFO - Setting next_dagrun for dag_shipment_sim to 2026-06-30 03:00:00+00:00, run_after=2026-06-30 04:00:00+00:00
[2026-06-30T03:06:59.113+0000] {processor.py:183} INFO - Processing /opt/airflow/dags/dag_shipment_sim.py took 0.054 seconds
[2026-06-30T03:07:30.226+0000] {processor.py:161} INFO - Started process (PID=19614) to work on /opt/airflow/dags/dag_shipment_sim.py
[2026-06-30T03:07:30.226+0000] {processor.py:830} INFO - Processing file /opt/airflow/dags/dag_shipment_sim.py for tasks to queue
[2026-06-30T03:07:30.227+0000] {logging_mixin.py:188} INFO - [2026-06-30T03:07:30.227+0000] {dagbag.py:545} INFO - Filling up the DagBag from /opt/airflow/dags/dag_shipment_sim.py
[2026-06-30T03:07:30.233+0000] {processor.py:840} INFO - DAG(s) 'dag_shipment_sim' retrieved from /opt/airflow/dags/dag_shipment_sim.py
[2026-06-30T03:07:30.244+0000] {logging_mixin.py:188} INFO - [2026-06-30T03:07:30.244+0000] {dag.py:3096} INFO - Sync 1 DAGs
[2026-06-30T03:07:30.253+0000] {logging_mixin.py:188} INFO - [2026-06-30T03:07:30.253+0000] {dag.py:3954} INFO - Setting next_dagrun for dag_shipment_sim to 2026-06-30 03:00:00+00:00, run_after=2026-06-30 04:00:00+00:00
[2026-06-30T03:07:30.260+0000] {processor.py:183} INFO - Processing /opt/airflow/dags/dag_shipment_sim.py took 0.039 seconds
[2026-06-30T03:08:01.377+0000] {processor.py:161} INFO - Started process (PID=19641) to work on /opt/airflow/dags/dag_shipment_sim.py
[2026-06-30T03:08:01.377+0000] {processor.py:830} INFO - Processing file /opt/airflow/dags/dag_shipment_sim.py for tasks to queue
[2026-06-30T03:08:01.378+0000] {logging_mixin.py:188} INFO - [2026-06-30T03:08:01.377+0000] {dagbag.py:545} INFO - Filling up the DagBag from /opt/airflow/dags/dag_shipment_sim.py
[2026-06-30T03:08:01.384+0000] {processor.py:840} INFO - DAG(s) 'dag_shipment_sim' retrieved from /opt/airflow/dags/dag_shipment_sim.py
[2026-06-30T03:08:01.395+0000] {logging_mixin.py:188} INFO - [2026-06-30T03:08:01.395+0000] {dag.py:3096} INFO - Sync 1 DAGs
[2026-06-30T03:08:01.403+0000] {logging_mixin.py:188} INFO - [2026-06-30T03:08:01.403+0000] {dag.py:3954} INFO - Setting next_dagrun for dag_shipment_sim to 2026-06-30 03:00:00+00:00, run_after=2026-06-30 04:00:00+00:00
[2026-06-30T03:08:01.411+0000] {processor.py:183} INFO - Processing /opt/airflow/dags/dag_shipment_sim.py took 0.037 seconds
[2026-06-30T03:08:32.934+0000] {processor.py:161} INFO - Started process (PID=19668) to work on /opt/airflow/dags/dag_shipment_sim.py
[2026-06-30T03:08:32.936+0000] {processor.py:830} INFO - Processing file /opt/airflow/dags/dag_shipment_sim.py for tasks to queue
[2026-06-30T03:08:32.937+0000] {logging_mixin.py:188} INFO - [2026-06-30T03:08:32.936+0000] {dagbag.py:545} INFO - Filling up the DagBag from /opt/airflow/dags/dag_shipment_sim.py
[2026-06-30T03:08:32.955+0000] {processor.py:840} INFO - DAG(s) 'dag_shipment_sim' retrieved from /opt/airflow/dags/dag_shipment_sim.py
[2026-06-30T03:08:32.991+0000] {logging_mixin.py:188} INFO - [2026-06-30T03:08:32.991+0000] {dag.py:3096} INFO - Sync 1 DAGs
[2026-06-30T03:08:33.014+0000] {logging_mixin.py:188} INFO - [2026-06-30T03:08:33.014+0000] {dag.py:3954} INFO - Setting next_dagrun for dag_shipment_sim to 2026-06-30 03:00:00+00:00, run_after=2026-06-30 04:00:00+00:00
[2026-06-30T03:08:33.030+0000] {processor.py:183} INFO - Processing /opt/airflow/dags/dag_shipment_sim.py took 0.104 seconds
[2026-06-30T03:09:04.048+0000] {processor.py:161} INFO - Started process (PID=19695) to work on /opt/airflow/dags/dag_shipment_sim.py
[2026-06-30T03:09:04.049+0000] {processor.py:830} INFO - Processing file /opt/airflow/dags/dag_shipment_sim.py for tasks to queue
[2026-06-30T03:09:04.049+0000] {logging_mixin.py:188} INFO - [2026-06-30T03:09:04.049+0000] {dagbag.py:545} INFO - Filling up the DagBag from /opt/airflow/dags/dag_shipment_sim.py
[2026-06-30T03:09:04.056+0000] {processor.py:840} INFO - DAG(s) 'dag_shipment_sim' retrieved from /opt/airflow/dags/dag_shipment_sim.py
[2026-06-30T03:09:04.067+0000] {logging_mixin.py:188} INFO - [2026-06-30T03:09:04.067+0000] {dag.py:3096} INFO - Sync 1 DAGs
[2026-06-30T03:09:04.074+0000] {logging_mixin.py:188} INFO - [2026-06-30T03:09:04.074+0000] {dag.py:3954} INFO - Setting next_dagrun for dag_shipment_sim to 2026-06-30 03:00:00+00:00, run_after=2026-06-30 04:00:00+00:00
[2026-06-30T03:09:04.082+0000] {processor.py:183} INFO - Processing /opt/airflow/dags/dag_shipment_sim.py took 0.036 seconds
[2026-06-30T03:09:35.487+0000] {processor.py:161} INFO - Started process (PID=19722) to work on /opt/airflow/dags/dag_shipment_sim.py
[2026-06-30T03:09:35.489+0000] {processor.py:830} INFO - Processing file /opt/airflow/dags/dag_shipment_sim.py for tasks to queue
[2026-06-30T03:09:35.490+0000] {logging_mixin.py:188} INFO - [2026-06-30T03:09:35.489+0000] {dagbag.py:545} INFO - Filling up the DagBag from /opt/airflow/dags/dag_shipment_sim.py
[2026-06-30T03:09:35.530+0000] {processor.py:840} INFO - DAG(s) 'dag_shipment_sim' retrieved from /opt/airflow/dags/dag_shipment_sim.py
[2026-06-30T03:09:35.562+0000] {logging_mixin.py:188} INFO - [2026-06-30T03:09:35.562+0000] {dag.py:3096} INFO - Sync 1 DAGs
[2026-06-30T03:09:35.574+0000] {logging_mixin.py:188} INFO - [2026-06-30T03:09:35.574+0000] {dag.py:3954} INFO - Setting next_dagrun for dag_shipment_sim to 2026-06-30 03:00:00+00:00, run_after=2026-06-30 04:00:00+00:00
[2026-06-30T03:09:35.586+0000] {processor.py:183} INFO - Processing /opt/airflow/dags/dag_shipment_sim.py took 0.103 seconds
[2026-06-30T03:10:06.602+0000] {processor.py:161} INFO - Started process (PID=19749) to work on /opt/airflow/dags/dag_shipment_sim.py
[2026-06-30T03:10:06.603+0000] {processor.py:830} INFO - Processing file /opt/airflow/dags/dag_shipment_sim.py for tasks to queue
[2026-06-30T03:10:06.603+0000] {logging_mixin.py:188} INFO - [2026-06-30T03:10:06.603+0000] {dagbag.py:545} INFO - Filling up the DagBag from /opt/airflow/dags/dag_shipment_sim.py
[2026-06-30T03:10:06.610+0000] {processor.py:840} INFO - DAG(s) 'dag_shipment_sim' retrieved from /opt/airflow/dags/dag_shipment_sim.py
[2026-06-30T03:10:06.624+0000] {logging_mixin.py:188} INFO - [2026-06-30T03:10:06.624+0000] {dag.py:3096} INFO - Sync 1 DAGs
[2026-06-30T03:10:06.633+0000] {logging_mixin.py:188} INFO - [2026-06-30T03:10:06.633+0000] {dag.py:3954} INFO - Setting next_dagrun for dag_shipment_sim to 2026-06-30 03:00:00+00:00, run_after=2026-06-30 04:00:00+00:00
[2026-06-30T03:10:06.641+0000] {processor.py:183} INFO - Processing /opt/airflow/dags/dag_shipment_sim.py took 0.044 seconds
[2026-06-30T03:10:37.712+0000] {processor.py:161} INFO - Started process (PID=19776) to work on /opt/airflow/dags/dag_shipment_sim.py
[2026-06-30T03:10:37.713+0000] {processor.py:830} INFO - Processing file /opt/airflow/dags/dag_shipment_sim.py for tasks to queue
[2026-06-30T03:10:37.714+0000] {logging_mixin.py:188} INFO - [2026-06-30T03:10:37.713+0000] {dagbag.py:545} INFO - Filling up the DagBag from /opt/airflow/dags/dag_shipment_sim.py
[2026-06-30T03:10:37.720+0000] {processor.py:840} INFO - DAG(s) 'dag_shipment_sim' retrieved from /opt/airflow/dags/dag_shipment_sim.py
[2026-06-30T03:10:37.731+0000] {logging_mixin.py:188} INFO - [2026-06-30T03:10:37.731+0000] {dag.py:3096} INFO - Sync 1 DAGs
[2026-06-30T03:10:37.739+0000] {logging_mixin.py:188} INFO - [2026-06-30T03:10:37.739+0000] {dag.py:3954} INFO - Setting next_dagrun for dag_shipment_sim to 2026-06-30 03:00:00+00:00, run_after=2026-06-30 04:00:00+00:00
[2026-06-30T03:10:37.748+0000] {processor.py:183} INFO - Processing /opt/airflow/dags/dag_shipment_sim.py took 0.038 seconds
[2026-06-30T03:11:08.784+0000] {processor.py:161} INFO - Started process (PID=19803) to work on /opt/airflow/dags/dag_shipment_sim.py
[2026-06-30T03:11:08.785+0000] {processor.py:830} INFO - Processing file /opt/airflow/dags/dag_shipment_sim.py for tasks to queue
[2026-06-30T03:11:08.786+0000] {logging_mixin.py:188} INFO - [2026-06-30T03:11:08.786+0000] {dagbag.py:545} INFO - Filling up the DagBag from /opt/airflow/dags/dag_shipment_sim.py
[2026-06-30T03:11:08.799+0000] {processor.py:840} INFO - DAG(s) 'dag_shipment_sim' retrieved from /opt/airflow/dags/dag_shipment_sim.py
[2026-06-30T03:11:08.814+0000] {logging_mixin.py:188} INFO - [2026-06-30T03:11:08.814+0000] {dag.py:3096} INFO - Sync 1 DAGs
[2026-06-30T03:11:08.824+0000] {logging_mixin.py:188} INFO - [2026-06-30T03:11:08.824+0000] {dag.py:3954} INFO - Setting next_dagrun for dag_shipment_sim to 2026-06-30 03:00:00+00:00, run_after=2026-06-30 04:00:00+00:00
[2026-06-30T03:11:08.838+0000] {processor.py:183} INFO - Processing /opt/airflow/dags/dag_shipment_sim.py took 0.057 seconds
[2026-06-30T03:11:39.831+0000] {processor.py:161} INFO - Started process (PID=19830) to work on /opt/airflow/dags/dag_shipment_sim.py
[2026-06-30T03:11:39.832+0000] {processor.py:830} INFO - Processing file /opt/airflow/dags/dag_shipment_sim.py for tasks to queue
[2026-06-30T03:11:39.832+0000] {logging_mixin.py:188} INFO - [2026-06-30T03:11:39.832+0000] {dagbag.py:545} INFO - Filling up the DagBag from /opt/airflow/dags/dag_shipment_sim.py
[2026-06-30T03:11:39.840+0000] {processor.py:840} INFO - DAG(s) 'dag_shipment_sim' retrieved from /opt/airflow/dags/dag_shipment_sim.py
[2026-06-30T03:11:39.852+0000] {logging_mixin.py:188} INFO - [2026-06-30T03:11:39.852+0000] {dag.py:3096} INFO - Sync 1 DAGs
[2026-06-30T03:11:39.862+0000] {logging_mixin.py:188} INFO - [2026-06-30T03:11:39.862+0000] {dag.py:3954} INFO - Setting next_dagrun for dag_shipment_sim to 2026-06-30 03:00:00+00:00, run_after=2026-06-30 04:00:00+00:00
[2026-06-30T03:11:39.873+0000] {processor.py:183} INFO - Processing /opt/airflow/dags/dag_shipment_sim.py took 0.045 seconds
[2026-06-30T03:12:10.782+0000] {processor.py:161} INFO - Started process (PID=19857) to work on /opt/airflow/dags/dag_shipment_sim.py
[2026-06-30T03:12:10.783+0000] {processor.py:830} INFO - Processing file /opt/airflow/dags/dag_shipment_sim.py for tasks to queue
[2026-06-30T03:12:10.783+0000] {logging_mixin.py:188} INFO - [2026-06-30T03:12:10.783+0000] {dagbag.py:545} INFO - Filling up the DagBag from /opt/airflow/dags/dag_shipment_sim.py
[2026-06-30T03:12:10.790+0000] {processor.py:840} INFO - DAG(s) 'dag_shipment_sim' retrieved from /opt/airflow/dags/dag_shipment_sim.py
[2026-06-30T03:12:10.801+0000] {logging_mixin.py:188} INFO - [2026-06-30T03:12:10.801+0000] {dag.py:3096} INFO - Sync 1 DAGs
[2026-06-30T03:12:10.808+0000] {logging_mixin.py:188} INFO - [2026-06-30T03:12:10.808+0000] {dag.py:3954} INFO - Setting next_dagrun for dag_shipment_sim to 2026-06-30 03:00:00+00:00, run_after=2026-06-30 04:00:00+00:00
[2026-06-30T03:12:10.816+0000] {processor.py:183} INFO - Processing /opt/airflow/dags/dag_shipment_sim.py took 0.038 seconds
[2026-06-30T03:12:41.860+0000] {processor.py:161} INFO - Started process (PID=19884) to work on /opt/airflow/dags/dag_shipment_sim.py
[2026-06-30T03:12:41.861+0000] {processor.py:830} INFO - Processing file /opt/airflow/dags/dag_shipment_sim.py for tasks to queue
[2026-06-30T03:12:41.861+0000] {logging_mixin.py:188} INFO - [2026-06-30T03:12:41.861+0000] {dagbag.py:545} INFO - Filling up the DagBag from /opt/airflow/dags/dag_shipment_sim.py
[2026-06-30T03:12:41.870+0000] {processor.py:840} INFO - DAG(s) 'dag_shipment_sim' retrieved from /opt/airflow/dags/dag_shipment_sim.py
[2026-06-30T03:12:41.886+0000] {logging_mixin.py:188} INFO - [2026-06-30T03:12:41.886+0000] {dag.py:3096} INFO - Sync 1 DAGs
[2026-06-30T03:12:41.897+0000] {logging_mixin.py:188} INFO - [2026-06-30T03:12:41.897+0000] {dag.py:3954} INFO - Setting next_dagrun for dag_shipment_sim to 2026-06-30 03:00:00+00:00, run_after=2026-06-30 04:00:00+00:00
[2026-06-30T03:12:41.909+0000] {processor.py:183} INFO - Processing /opt/airflow/dags/dag_shipment_sim.py took 0.052 seconds
[2026-06-30T03:13:12.882+0000] {processor.py:161} INFO - Started process (PID=19911) to work on /opt/airflow/dags/dag_shipment_sim.py
[2026-06-30T03:13:12.883+0000] {processor.py:830} INFO - Processing file /opt/airflow/dags/dag_shipment_sim.py for tasks to queue
[2026-06-30T03:13:12.883+0000] {logging_mixin.py:188} INFO - [2026-06-30T03:13:12.883+0000] {dagbag.py:545} INFO - Filling up the DagBag from /opt/airflow/dags/dag_shipment_sim.py
[2026-06-30T03:13:12.891+0000] {processor.py:840} INFO - DAG(s) 'dag_shipment_sim' retrieved from /opt/airflow/dags/dag_shipment_sim.py
[2026-06-30T03:13:12.906+0000] {logging_mixin.py:188} INFO - [2026-06-30T03:13:12.906+0000] {dag.py:3096} INFO - Sync 1 DAGs
[2026-06-30T03:13:12.914+0000] {logging_mixin.py:188} INFO - [2026-06-30T03:13:12.914+0000] {dag.py:3954} INFO - Setting next_dagrun for dag_shipment_sim to 2026-06-30 03:00:00+00:00, run_after=2026-06-30 04:00:00+00:00
[2026-06-30T03:13:12.921+0000] {processor.py:183} INFO - Processing /opt/airflow/dags/dag_shipment_sim.py took 0.041 seconds
[2026-06-30T03:13:43.973+0000] {processor.py:161} INFO - Started process (PID=19938) to work on /opt/airflow/dags/dag_shipment_sim.py
[2026-06-30T03:13:43.974+0000] {processor.py:830} INFO - Processing file /opt/airflow/dags/dag_shipment_sim.py for tasks to queue
[2026-06-30T03:13:43.974+0000] {logging_mixin.py:188} INFO - [2026-06-30T03:13:43.974+0000] {dagbag.py:545} INFO - Filling up the DagBag from /opt/airflow/dags/dag_shipment_sim.py
[2026-06-30T03:13:43.981+0000] {processor.py:840} INFO - DAG(s) 'dag_shipment_sim' retrieved from /opt/airflow/dags/dag_shipment_sim.py
[2026-06-30T03:13:43.992+0000] {logging_mixin.py:188} INFO - [2026-06-30T03:13:43.992+0000] {dag.py:3096} INFO - Sync 1 DAGs
[2026-06-30T03:13:43.999+0000] {logging_mixin.py:188} INFO - [2026-06-30T03:13:43.999+0000] {dag.py:3954} INFO - Setting next_dagrun for dag_shipment_sim to 2026-06-30 03:00:00+00:00, run_after=2026-06-30 04:00:00+00:00
[2026-06-30T03:13:44.007+0000] {processor.py:183} INFO - Processing /opt/airflow/dags/dag_shipment_sim.py took 0.036 seconds
[2026-06-30T03:14:14.991+0000] {processor.py:161} INFO - Started process (PID=19965) to work on /opt/airflow/dags/dag_shipment_sim.py
[2026-06-30T03:14:14.991+0000] {processor.py:830} INFO - Processing file /opt/airflow/dags/dag_shipment_sim.py for tasks to queue
[2026-06-30T03:14:14.992+0000] {logging_mixin.py:188} INFO - [2026-06-30T03:14:14.991+0000] {dagbag.py:545} INFO - Filling up the DagBag from /opt/airflow/dags/dag_shipment_sim.py
[2026-06-30T03:14:14.998+0000] {processor.py:840} INFO - DAG(s) 'dag_shipment_sim' retrieved from /opt/airflow/dags/dag_shipment_sim.py
[2026-06-30T03:14:15.008+0000] {logging_mixin.py:188} INFO - [2026-06-30T03:14:15.008+0000] {dag.py:3096} INFO - Sync 1 DAGs
[2026-06-30T03:14:15.016+0000] {logging_mixin.py:188} INFO - [2026-06-30T03:14:15.016+0000] {dag.py:3954} INFO - Setting next_dagrun for dag_shipment_sim to 2026-06-30 03:00:00+00:00, run_after=2026-06-30 04:00:00+00:00
[2026-06-30T03:14:15.023+0000] {processor.py:183} INFO - Processing /opt/airflow/dags/dag_shipment_sim.py took 0.035 seconds
[2026-06-30T03:14:46.430+0000] {processor.py:161} INFO - Started process (PID=19992) to work on /opt/airflow/dags/dag_shipment_sim.py
[2026-06-30T03:14:46.430+0000] {processor.py:830} INFO - Processing file /opt/airflow/dags/dag_shipment_sim.py for tasks to queue
[2026-06-30T03:14:46.431+0000] {logging_mixin.py:188} INFO - [2026-06-30T03:14:46.431+0000] {dagbag.py:545} INFO - Filling up the DagBag from /opt/airflow/dags/dag_shipment_sim.py
[2026-06-30T03:14:46.438+0000] {processor.py:840} INFO - DAG(s) 'dag_shipment_sim' retrieved from /opt/airflow/dags/dag_shipment_sim.py
[2026-06-30T03:14:46.449+0000] {logging_mixin.py:188} INFO - [2026-06-30T03:14:46.449+0000] {dag.py:3096} INFO - Sync 1 DAGs
[2026-06-30T03:14:46.457+0000] {logging_mixin.py:188} INFO - [2026-06-30T03:14:46.457+0000] {dag.py:3954} INFO - Setting next_dagrun for dag_shipment_sim to 2026-06-30 03:00:00+00:00, run_after=2026-06-30 04:00:00+00:00
[2026-06-30T03:14:46.465+0000] {processor.py:183} INFO - Processing /opt/airflow/dags/dag_shipment_sim.py took 0.038 seconds
[2026-06-30T03:15:17.517+0000] {processor.py:161} INFO - Started process (PID=20019) to work on /opt/airflow/dags/dag_shipment_sim.py
[2026-06-30T03:15:17.519+0000] {processor.py:830} INFO - Processing file /opt/airflow/dags/dag_shipment_sim.py for tasks to queue
[2026-06-30T03:15:17.520+0000] {logging_mixin.py:188} INFO - [2026-06-30T03:15:17.520+0000] {dagbag.py:545} INFO - Filling up the DagBag from /opt/airflow/dags/dag_shipment_sim.py
[2026-06-30T03:15:17.530+0000] {processor.py:840} INFO - DAG(s) 'dag_shipment_sim' retrieved from /opt/airflow/dags/dag_shipment_sim.py
[2026-06-30T03:15:17.543+0000] {logging_mixin.py:188} INFO - [2026-06-30T03:15:17.543+0000] {dag.py:3096} INFO - Sync 1 DAGs
[2026-06-30T03:15:17.555+0000] {logging_mixin.py:188} INFO - [2026-06-30T03:15:17.555+0000] {dag.py:3954} INFO - Setting next_dagrun for dag_shipment_sim to 2026-06-30 03:00:00+00:00, run_after=2026-06-30 04:00:00+00:00
[2026-06-30T03:15:17.568+0000] {processor.py:183} INFO - Processing /opt/airflow/dags/dag_shipment_sim.py took 0.054 seconds
[2026-06-30T03:15:48.728+0000] {processor.py:161} INFO - Started process (PID=20046) to work on /opt/airflow/dags/dag_shipment_sim.py
[2026-06-30T03:15:48.728+0000] {processor.py:830} INFO - Processing file /opt/airflow/dags/dag_shipment_sim.py for tasks to queue
[2026-06-30T03:15:48.729+0000] {logging_mixin.py:188} INFO - [2026-06-30T03:15:48.729+0000] {dagbag.py:545} INFO - Filling up the DagBag from /opt/airflow/dags/dag_shipment_sim.py
[2026-06-30T03:15:48.735+0000] {processor.py:840} INFO - DAG(s) 'dag_shipment_sim' retrieved from /opt/airflow/dags/dag_shipment_sim.py
[2026-06-30T03:15:48.750+0000] {logging_mixin.py:188} INFO - [2026-06-30T03:15:48.750+0000] {dag.py:3096} INFO - Sync 1 DAGs
[2026-06-30T03:15:48.760+0000] {logging_mixin.py:188} INFO - [2026-06-30T03:15:48.760+0000] {dag.py:3954} INFO - Setting next_dagrun for dag_shipment_sim to 2026-06-30 03:00:00+00:00, run_after=2026-06-30 04:00:00+00:00
[2026-06-30T03:15:48.767+0000] {processor.py:183} INFO - Processing /opt/airflow/dags/dag_shipment_sim.py took 0.044 seconds
[2026-06-30T03:16:19.724+0000] {processor.py:161} INFO - Started process (PID=20073) to work on /opt/airflow/dags/dag_shipment_sim.py
[2026-06-30T03:16:19.725+0000] {processor.py:830} INFO - Processing file /opt/airflow/dags/dag_shipment_sim.py for tasks to queue
[2026-06-30T03:16:19.725+0000] {logging_mixin.py:188} INFO - [2026-06-30T03:16:19.725+0000] {dagbag.py:545} INFO - Filling up the DagBag from /opt/airflow/dags/dag_shipment_sim.py
[2026-06-30T03:16:19.732+0000] {processor.py:840} INFO - DAG(s) 'dag_shipment_sim' retrieved from /opt/airflow/dags/dag_shipment_sim.py
[2026-06-30T03:16:19.742+0000] {logging_mixin.py:188} INFO - [2026-06-30T03:16:19.742+0000] {dag.py:3096} INFO - Sync 1 DAGs
[2026-06-30T03:16:19.750+0000] {logging_mixin.py:188} INFO - [2026-06-30T03:16:19.750+0000] {dag.py:3954} INFO - Setting next_dagrun for dag_shipment_sim to 2026-06-30 03:00:00+00:00, run_after=2026-06-30 04:00:00+00:00
[2026-06-30T03:16:19.757+0000] {processor.py:183} INFO - Processing /opt/airflow/dags/dag_shipment_sim.py took 0.035 seconds
[2026-06-30T03:16:50.952+0000] {processor.py:161} INFO - Started process (PID=20100) to work on /opt/airflow/dags/dag_shipment_sim.py
[2026-06-30T03:16:50.953+0000] {processor.py:830} INFO - Processing file /opt/airflow/dags/dag_shipment_sim.py for tasks to queue
[2026-06-30T03:16:50.953+0000] {logging_mixin.py:188} INFO - [2026-06-30T03:16:50.953+0000] {dagbag.py:545} INFO - Filling up the DagBag from /opt/airflow/dags/dag_shipment_sim.py
[2026-06-30T03:16:50.960+0000] {processor.py:840} INFO - DAG(s) 'dag_shipment_sim' retrieved from /opt/airflow/dags/dag_shipment_sim.py
[2026-06-30T03:16:50.972+0000] {logging_mixin.py:188} INFO - [2026-06-30T03:16:50.972+0000] {dag.py:3096} INFO - Sync 1 DAGs
[2026-06-30T03:16:50.981+0000] {logging_mixin.py:188} INFO - [2026-06-30T03:16:50.981+0000] {dag.py:3954} INFO - Setting next_dagrun for dag_shipment_sim to 2026-06-30 03:00:00+00:00, run_after=2026-06-30 04:00:00+00:00
[2026-06-30T03:16:50.989+0000] {processor.py:183} INFO - Processing /opt/airflow/dags/dag_shipment_sim.py took 0.040 seconds
[2026-06-30T03:17:21.979+0000] {processor.py:161} INFO - Started process (PID=20127) to work on /opt/airflow/dags/dag_shipment_sim.py
[2026-06-30T03:17:21.979+0000] {processor.py:830} INFO - Processing file /opt/airflow/dags/dag_shipment_sim.py for tasks to queue
[2026-06-30T03:17:21.980+0000] {logging_mixin.py:188} INFO - [2026-06-30T03:17:21.980+0000] {dagbag.py:545} INFO - Filling up the DagBag from /opt/airflow/dags/dag_shipment_sim.py
[2026-06-30T03:17:21.986+0000] {processor.py:840} INFO - DAG(s) 'dag_shipment_sim' retrieved from /opt/airflow/dags/dag_shipment_sim.py
[2026-06-30T03:17:21.996+0000] {logging_mixin.py:188} INFO - [2026-06-30T03:17:21.996+0000] {dag.py:3096} INFO - Sync 1 DAGs
[2026-06-30T03:17:22.004+0000] {logging_mixin.py:188} INFO - [2026-06-30T03:17:22.004+0000] {dag.py:3954} INFO - Setting next_dagrun for dag_shipment_sim to 2026-06-30 03:00:00+00:00, run_after=2026-06-30 04:00:00+00:00
[2026-06-30T03:17:22.012+0000] {processor.py:183} INFO - Processing /opt/airflow/dags/dag_shipment_sim.py took 0.035 seconds
[2026-06-30T03:17:53.301+0000] {processor.py:161} INFO - Started process (PID=20154) to work on /opt/airflow/dags/dag_shipment_sim.py
[2026-06-30T03:17:53.302+0000] {processor.py:830} INFO - Processing file /opt/airflow/dags/dag_shipment_sim.py for tasks to queue
[2026-06-30T03:17:53.303+0000] {logging_mixin.py:188} INFO - [2026-06-30T03:17:53.302+0000] {dagbag.py:545} INFO - Filling up the DagBag from /opt/airflow/dags/dag_shipment_sim.py
[2026-06-30T03:17:53.310+0000] {processor.py:840} INFO - DAG(s) 'dag_shipment_sim' retrieved from /opt/airflow/dags/dag_shipment_sim.py
[2026-06-30T03:17:53.332+0000] {logging_mixin.py:188} INFO - [2026-06-30T03:17:53.332+0000] {dag.py:3096} INFO - Sync 1 DAGs
[2026-06-30T03:17:53.341+0000] {logging_mixin.py:188} INFO - [2026-06-30T03:17:53.340+0000] {dag.py:3954} INFO - Setting next_dagrun for dag_shipment_sim to 2026-06-30 03:00:00+00:00, run_after=2026-06-30 04:00:00+00:00
[2026-06-30T03:17:53.348+0000] {processor.py:183} INFO - Processing /opt/airflow/dags/dag_shipment_sim.py took 0.051 seconds
[2026-06-30T03:18:24.599+0000] {processor.py:161} INFO - Started process (PID=20181) to work on /opt/airflow/dags/dag_shipment_sim.py
[2026-06-30T03:18:24.599+0000] {processor.py:830} INFO - Processing file /opt/airflow/dags/dag_shipment_sim.py for tasks to queue
[2026-06-30T03:18:24.600+0000] {logging_mixin.py:188} INFO - [2026-06-30T03:18:24.600+0000] {dagbag.py:545} INFO - Filling up the DagBag from /opt/airflow/dags/dag_shipment_sim.py
[2026-06-30T03:18:24.610+0000] {processor.py:840} INFO - DAG(s) 'dag_shipment_sim' retrieved from /opt/airflow/dags/dag_shipment_sim.py
[2026-06-30T03:18:24.628+0000] {logging_mixin.py:188} INFO - [2026-06-30T03:18:24.628+0000] {dag.py:3096} INFO - Sync 1 DAGs
[2026-06-30T03:18:24.639+0000] {logging_mixin.py:188} INFO - [2026-06-30T03:18:24.638+0000] {dag.py:3954} INFO - Setting next_dagrun for dag_shipment_sim to 2026-06-30 03:00:00+00:00, run_after=2026-06-30 04:00:00+00:00
[2026-06-30T03:18:24.653+0000] {processor.py:183} INFO - Processing /opt/airflow/dags/dag_shipment_sim.py took 0.059 seconds
[2026-06-30T03:18:55.696+0000] {processor.py:161} INFO - Started process (PID=20208) to work on /opt/airflow/dags/dag_shipment_sim.py
[2026-06-30T03:18:55.697+0000] {processor.py:830} INFO - Processing file /opt/airflow/dags/dag_shipment_sim.py for tasks to queue
[2026-06-30T03:18:55.697+0000] {logging_mixin.py:188} INFO - [2026-06-30T03:18:55.697+0000] {dagbag.py:545} INFO - Filling up the DagBag from /opt/airflow/dags/dag_shipment_sim.py
[2026-06-30T03:18:55.704+0000] {processor.py:840} INFO - DAG(s) 'dag_shipment_sim' retrieved from /opt/airflow/dags/dag_shipment_sim.py
[2026-06-30T03:18:55.714+0000] {logging_mixin.py:188} INFO - [2026-06-30T03:18:55.714+0000] {dag.py:3096} INFO - Sync 1 DAGs
[2026-06-30T03:18:55.721+0000] {logging_mixin.py:188} INFO - [2026-06-30T03:18:55.721+0000] {dag.py:3954} INFO - Setting next_dagrun for dag_shipment_sim to 2026-06-30 03:00:00+00:00, run_after=2026-06-30 04:00:00+00:00
[2026-06-30T03:18:55.728+0000] {processor.py:183} INFO - Processing /opt/airflow/dags/dag_shipment_sim.py took 0.034 seconds
[2026-06-30T03:19:26.707+0000] {processor.py:161} INFO - Started process (PID=20235) to work on /opt/airflow/dags/dag_shipment_sim.py
[2026-06-30T03:19:26.707+0000] {processor.py:830} INFO - Processing file /opt/airflow/dags/dag_shipment_sim.py for tasks to queue
[2026-06-30T03:19:26.707+0000] {logging_mixin.py:188} INFO - [2026-06-30T03:19:26.707+0000] {dagbag.py:545} INFO - Filling up the DagBag from /opt/airflow/dags/dag_shipment_sim.py
[2026-06-30T03:19:26.714+0000] {processor.py:840} INFO - DAG(s) 'dag_shipment_sim' retrieved from /opt/airflow/dags/dag_shipment_sim.py
[2026-06-30T03:19:26.724+0000] {logging_mixin.py:188} INFO - [2026-06-30T03:19:26.724+0000] {dag.py:3096} INFO - Sync 1 DAGs
[2026-06-30T03:19:26.731+0000] {logging_mixin.py:188} INFO - [2026-06-30T03:19:26.731+0000] {dag.py:3954} INFO - Setting next_dagrun for dag_shipment_sim to 2026-06-30 03:00:00+00:00, run_after=2026-06-30 04:00:00+00:00
[2026-06-30T03:19:26.739+0000] {processor.py:183} INFO - Processing /opt/airflow/dags/dag_shipment_sim.py took 0.034 seconds
[2026-06-30T03:19:57.803+0000] {processor.py:161} INFO - Started process (PID=20262) to work on /opt/airflow/dags/dag_shipment_sim.py
[2026-06-30T03:19:57.803+0000] {processor.py:830} INFO - Processing file /opt/airflow/dags/dag_shipment_sim.py for tasks to queue
[2026-06-30T03:19:57.804+0000] {logging_mixin.py:188} INFO - [2026-06-30T03:19:57.804+0000] {dagbag.py:545} INFO - Filling up the DagBag from /opt/airflow/dags/dag_shipment_sim.py
[2026-06-30T03:19:57.811+0000] {processor.py:840} INFO - DAG(s) 'dag_shipment_sim' retrieved from /opt/airflow/dags/dag_shipment_sim.py
[2026-06-30T03:19:57.823+0000] {logging_mixin.py:188} INFO - [2026-06-30T03:19:57.823+0000] {dag.py:3096} INFO - Sync 1 DAGs
[2026-06-30T03:19:57.831+0000] {logging_mixin.py:188} INFO - [2026-06-30T03:19:57.831+0000] {dag.py:3954} INFO - Setting next_dagrun for dag_shipment_sim to 2026-06-30 03:00:00+00:00, run_after=2026-06-30 04:00:00+00:00
[2026-06-30T03:19:57.839+0000] {processor.py:183} INFO - Processing /opt/airflow/dags/dag_shipment_sim.py took 0.038 seconds
[2026-06-30T03:20:28.838+0000] {processor.py:161} INFO - Started process (PID=20289) to work on /opt/airflow/dags/dag_shipment_sim.py
[2026-06-30T03:20:28.838+0000] {processor.py:830} INFO - Processing file /opt/airflow/dags/dag_shipment_sim.py for tasks to queue
[2026-06-30T03:20:28.839+0000] {logging_mixin.py:188} INFO - [2026-06-30T03:20:28.839+0000] {dagbag.py:545} INFO - Filling up the DagBag from /opt/airflow/dags/dag_shipment_sim.py
[2026-06-30T03:20:28.849+0000] {processor.py:840} INFO - DAG(s) 'dag_shipment_sim' retrieved from /opt/airflow/dags/dag_shipment_sim.py
[2026-06-30T03:20:28.861+0000] {logging_mixin.py:188} INFO - [2026-06-30T03:20:28.861+0000] {dag.py:3096} INFO - Sync 1 DAGs
[2026-06-30T03:20:28.871+0000] {logging_mixin.py:188} INFO - [2026-06-30T03:20:28.871+0000] {dag.py:3954} INFO - Setting next_dagrun for dag_shipment_sim to 2026-06-30 03:00:00+00:00, run_after=2026-06-30 04:00:00+00:00
[2026-06-30T03:20:28.880+0000] {processor.py:183} INFO - Processing /opt/airflow/dags/dag_shipment_sim.py took 0.045 seconds
[2026-06-30T03:21:00.018+0000] {processor.py:161} INFO - Started process (PID=20316) to work on /opt/airflow/dags/dag_shipment_sim.py
[2026-06-30T03:21:00.019+0000] {processor.py:830} INFO - Processing file /opt/airflow/dags/dag_shipment_sim.py for tasks to queue
[2026-06-30T03:21:00.019+0000] {logging_mixin.py:188} INFO - [2026-06-30T03:21:00.019+0000] {dagbag.py:545} INFO - Filling up the DagBag from /opt/airflow/dags/dag_shipment_sim.py
[2026-06-30T03:21:00.026+0000] {processor.py:840} INFO - DAG(s) 'dag_shipment_sim' retrieved from /opt/airflow/dags/dag_shipment_sim.py
[2026-06-30T03:21:00.038+0000] {logging_mixin.py:188} INFO - [2026-06-30T03:21:00.038+0000] {dag.py:3096} INFO - Sync 1 DAGs
[2026-06-30T03:21:00.046+0000] {logging_mixin.py:188} INFO - [2026-06-30T03:21:00.046+0000] {dag.py:3954} INFO - Setting next_dagrun for dag_shipment_sim to 2026-06-30 03:00:00+00:00, run_after=2026-06-30 04:00:00+00:00
[2026-06-30T03:21:00.055+0000] {processor.py:183} INFO - Processing /opt/airflow/dags/dag_shipment_sim.py took 0.040 seconds
[2026-06-30T03:21:31.050+0000] {processor.py:161} INFO - Started process (PID=20343) to work on /opt/airflow/dags/dag_shipment_sim.py
[2026-06-30T03:21:31.051+0000] {processor.py:830} INFO - Processing file /opt/airflow/dags/dag_shipment_sim.py for tasks to queue
[2026-06-30T03:21:31.051+0000] {logging_mixin.py:188} INFO - [2026-06-30T03:21:31.051+0000] {dagbag.py:545} INFO - Filling up the DagBag from /opt/airflow/dags/dag_shipment_sim.py
[2026-06-30T03:21:31.058+0000] {processor.py:840} INFO - DAG(s) 'dag_shipment_sim' retrieved from /opt/airflow/dags/dag_shipment_sim.py
[2026-06-30T03:21:31.069+0000] {logging_mixin.py:188} INFO - [2026-06-30T03:21:31.069+0000] {dag.py:3096} INFO - Sync 1 DAGs
[2026-06-30T03:21:31.077+0000] {logging_mixin.py:188} INFO - [2026-06-30T03:21:31.077+0000] {dag.py:3954} INFO - Setting next_dagrun for dag_shipment_sim to 2026-06-30 03:00:00+00:00, run_after=2026-06-30 04:00:00+00:00
[2026-06-30T03:21:31.084+0000] {processor.py:183} INFO - Processing /opt/airflow/dags/dag_shipment_sim.py took 0.037 seconds
[2026-06-30T03:22:02.147+0000] {processor.py:161} INFO - Started process (PID=20370) to work on /opt/airflow/dags/dag_shipment_sim.py
[2026-06-30T03:22:02.148+0000] {processor.py:830} INFO - Processing file /opt/airflow/dags/dag_shipment_sim.py for tasks to queue
[2026-06-30T03:22:02.148+0000] {logging_mixin.py:188} INFO - [2026-06-30T03:22:02.148+0000] {dagbag.py:545} INFO - Filling up the DagBag from /opt/airflow/dags/dag_shipment_sim.py
[2026-06-30T03:22:02.156+0000] {processor.py:840} INFO - DAG(s) 'dag_shipment_sim' retrieved from /opt/airflow/dags/dag_shipment_sim.py
[2026-06-30T03:22:02.169+0000] {logging_mixin.py:188} INFO - [2026-06-30T03:22:02.169+0000] {dag.py:3096} INFO - Sync 1 DAGs
[2026-06-30T03:22:02.180+0000] {logging_mixin.py:188} INFO - [2026-06-30T03:22:02.180+0000] {dag.py:3954} INFO - Setting next_dagrun for dag_shipment_sim to 2026-06-30 03:00:00+00:00, run_after=2026-06-30 04:00:00+00:00
[2026-06-30T03:22:02.199+0000] {processor.py:183} INFO - Processing /opt/airflow/dags/dag_shipment_sim.py took 0.055 seconds
