[2026-06-30T00:01:42.131+0000] {processor.py:161} INFO - Started process (PID=18061) to work on /opt/airflow/dags/pipeline_datasets.py
[2026-06-30T00:01:42.131+0000] {processor.py:830} INFO - Processing file /opt/airflow/dags/pipeline_datasets.py for tasks to queue
[2026-06-30T00:01:42.131+0000] {logging_mixin.py:188} INFO - [2026-06-30T00:01:42.131+0000] {dagbag.py:545} INFO - Filling up the DagBag from /opt/airflow/dags/pipeline_datasets.py
[2026-06-30T00:01:42.133+0000] {processor.py:842} WARNING - No viable dags retrieved from /opt/airflow/dags/pipeline_datasets.py
[2026-06-30T00:01:42.141+0000] {processor.py:183} INFO - Processing /opt/airflow/dags/pipeline_datasets.py took 0.014 seconds
[2026-06-30T00:02:13.101+0000] {processor.py:161} INFO - Started process (PID=18131) to work on /opt/airflow/dags/pipeline_datasets.py
[2026-06-30T00:02:13.101+0000] {processor.py:830} INFO - Processing file /opt/airflow/dags/pipeline_datasets.py for tasks to queue
[2026-06-30T00:02:13.102+0000] {logging_mixin.py:188} INFO - [2026-06-30T00:02:13.102+0000] {dagbag.py:545} INFO - Filling up the DagBag from /opt/airflow/dags/pipeline_datasets.py
[2026-06-30T00:02:13.104+0000] {processor.py:842} WARNING - No viable dags retrieved from /opt/airflow/dags/pipeline_datasets.py
[2026-06-30T00:02:13.113+0000] {processor.py:183} INFO - Processing /opt/airflow/dags/pipeline_datasets.py took 0.015 seconds
[2026-06-30T00:16:50.498+0000] {processor.py:161} INFO - Started process (PID=18158) to work on /opt/airflow/dags/pipeline_datasets.py
[2026-06-30T00:16:50.498+0000] {processor.py:830} INFO - Processing file /opt/airflow/dags/pipeline_datasets.py for tasks to queue
[2026-06-30T00:16:50.499+0000] {logging_mixin.py:188} INFO - [2026-06-30T00:16:50.499+0000] {dagbag.py:545} INFO - Filling up the DagBag from /opt/airflow/dags/pipeline_datasets.py
[2026-06-30T00:16:50.501+0000] {processor.py:842} WARNING - No viable dags retrieved from /opt/airflow/dags/pipeline_datasets.py
[2026-06-30T00:16:50.509+0000] {processor.py:183} INFO - Processing /opt/airflow/dags/pipeline_datasets.py took 0.014 seconds
[2026-06-30T00:17:21.625+0000] {processor.py:161} INFO - Started process (PID=18185) to work on /opt/airflow/dags/pipeline_datasets.py
[2026-06-30T00:17:21.625+0000] {processor.py:830} INFO - Processing file /opt/airflow/dags/pipeline_datasets.py for tasks to queue
[2026-06-30T00:17:21.626+0000] {logging_mixin.py:188} INFO - [2026-06-30T00:17:21.626+0000] {dagbag.py:545} INFO - Filling up the DagBag from /opt/airflow/dags/pipeline_datasets.py
[2026-06-30T00:17:21.628+0000] {processor.py:842} WARNING - No viable dags retrieved from /opt/airflow/dags/pipeline_datasets.py
[2026-06-30T00:17:21.636+0000] {processor.py:183} INFO - Processing /opt/airflow/dags/pipeline_datasets.py took 0.014 seconds
[2026-06-30T00:33:27.173+0000] {processor.py:161} INFO - Started process (PID=18212) to work on /opt/airflow/dags/pipeline_datasets.py
[2026-06-30T00:33:27.173+0000] {processor.py:830} INFO - Processing file /opt/airflow/dags/pipeline_datasets.py for tasks to queue
[2026-06-30T00:33:27.173+0000] {logging_mixin.py:188} INFO - [2026-06-30T00:33:27.173+0000] {dagbag.py:545} INFO - Filling up the DagBag from /opt/airflow/dags/pipeline_datasets.py
[2026-06-30T00:33:27.176+0000] {processor.py:842} WARNING - No viable dags retrieved from /opt/airflow/dags/pipeline_datasets.py
[2026-06-30T00:33:27.185+0000] {processor.py:183} INFO - Processing /opt/airflow/dags/pipeline_datasets.py took 0.014 seconds
[2026-06-30T00:49:16.452+0000] {processor.py:161} INFO - Started process (PID=18239) to work on /opt/airflow/dags/pipeline_datasets.py
[2026-06-30T00:49:16.452+0000] {processor.py:830} INFO - Processing file /opt/airflow/dags/pipeline_datasets.py for tasks to queue
[2026-06-30T00:49:16.453+0000] {logging_mixin.py:188} INFO - [2026-06-30T00:49:16.453+0000] {dagbag.py:545} INFO - Filling up the DagBag from /opt/airflow/dags/pipeline_datasets.py
[2026-06-30T00:49:16.455+0000] {processor.py:842} WARNING - No viable dags retrieved from /opt/airflow/dags/pipeline_datasets.py
[2026-06-30T00:49:16.463+0000] {processor.py:183} INFO - Processing /opt/airflow/dags/pipeline_datasets.py took 0.013 seconds
[2026-06-30T00:49:47.174+0000] {processor.py:161} INFO - Started process (PID=18264) to work on /opt/airflow/dags/pipeline_datasets.py
[2026-06-30T00:49:47.174+0000] {processor.py:830} INFO - Processing file /opt/airflow/dags/pipeline_datasets.py for tasks to queue
[2026-06-30T00:49:47.174+0000] {logging_mixin.py:188} INFO - [2026-06-30T00:49:47.174+0000] {dagbag.py:545} INFO - Filling up the DagBag from /opt/airflow/dags/pipeline_datasets.py
[2026-06-30T00:49:47.179+0000] {processor.py:842} WARNING - No viable dags retrieved from /opt/airflow/dags/pipeline_datasets.py
[2026-06-30T00:49:47.187+0000] {processor.py:183} INFO - Processing /opt/airflow/dags/pipeline_datasets.py took 0.016 seconds
[2026-06-30T01:06:54.632+0000] {processor.py:161} INFO - Started process (PID=18295) to work on /opt/airflow/dags/pipeline_datasets.py
[2026-06-30T01:06:54.633+0000] {processor.py:830} INFO - Processing file /opt/airflow/dags/pipeline_datasets.py for tasks to queue
[2026-06-30T01:06:54.637+0000] {logging_mixin.py:188} INFO - [2026-06-30T01:06:54.637+0000] {dagbag.py:545} INFO - Filling up the DagBag from /opt/airflow/dags/pipeline_datasets.py
[2026-06-30T01:06:54.640+0000] {processor.py:842} WARNING - No viable dags retrieved from /opt/airflow/dags/pipeline_datasets.py
[2026-06-30T01:06:54.647+0000] {processor.py:183} INFO - Processing /opt/airflow/dags/pipeline_datasets.py took 0.018 seconds
[2026-06-30T01:07:25.572+0000] {processor.py:161} INFO - Started process (PID=18330) to work on /opt/airflow/dags/pipeline_datasets.py
[2026-06-30T01:07:25.573+0000] {processor.py:830} INFO - Processing file /opt/airflow/dags/pipeline_datasets.py for tasks to queue
[2026-06-30T01:07:25.573+0000] {logging_mixin.py:188} INFO - [2026-06-30T01:07:25.573+0000] {dagbag.py:545} INFO - Filling up the DagBag from /opt/airflow/dags/pipeline_datasets.py
[2026-06-30T01:07:25.575+0000] {processor.py:842} WARNING - No viable dags retrieved from /opt/airflow/dags/pipeline_datasets.py
[2026-06-30T01:07:25.583+0000] {processor.py:183} INFO - Processing /opt/airflow/dags/pipeline_datasets.py took 0.013 seconds
[2026-06-30T01:17:55.887+0000] {processor.py:161} INFO - Started process (PID=18357) to work on /opt/airflow/dags/pipeline_datasets.py
[2026-06-30T01:17:55.888+0000] {processor.py:830} INFO - Processing file /opt/airflow/dags/pipeline_datasets.py for tasks to queue
[2026-06-30T01:17:55.888+0000] {logging_mixin.py:188} INFO - [2026-06-30T01:17:55.888+0000] {dagbag.py:545} INFO - Filling up the DagBag from /opt/airflow/dags/pipeline_datasets.py
[2026-06-30T01:17:55.890+0000] {processor.py:842} WARNING - No viable dags retrieved from /opt/airflow/dags/pipeline_datasets.py
[2026-06-30T01:17:55.903+0000] {processor.py:183} INFO - Processing /opt/airflow/dags/pipeline_datasets.py took 0.018 seconds
[2026-06-30T01:35:05.882+0000] {processor.py:161} INFO - Started process (PID=18384) to work on /opt/airflow/dags/pipeline_datasets.py
[2026-06-30T01:35:05.883+0000] {processor.py:830} INFO - Processing file /opt/airflow/dags/pipeline_datasets.py for tasks to queue
[2026-06-30T01:35:05.883+0000] {logging_mixin.py:188} INFO - [2026-06-30T01:35:05.883+0000] {dagbag.py:545} INFO - Filling up the DagBag from /opt/airflow/dags/pipeline_datasets.py
[2026-06-30T01:35:05.886+0000] {processor.py:842} WARNING - No viable dags retrieved from /opt/airflow/dags/pipeline_datasets.py
[2026-06-30T01:35:05.897+0000] {processor.py:183} INFO - Processing /opt/airflow/dags/pipeline_datasets.py took 0.018 seconds
[2026-06-30T01:35:37.104+0000] {processor.py:161} INFO - Started process (PID=18411) to work on /opt/airflow/dags/pipeline_datasets.py
[2026-06-30T01:35:37.104+0000] {processor.py:830} INFO - Processing file /opt/airflow/dags/pipeline_datasets.py for tasks to queue
[2026-06-30T01:35:37.105+0000] {logging_mixin.py:188} INFO - [2026-06-30T01:35:37.104+0000] {dagbag.py:545} INFO - Filling up the DagBag from /opt/airflow/dags/pipeline_datasets.py
[2026-06-30T01:35:37.107+0000] {processor.py:842} WARNING - No viable dags retrieved from /opt/airflow/dags/pipeline_datasets.py
[2026-06-30T01:35:37.116+0000] {processor.py:183} INFO - Processing /opt/airflow/dags/pipeline_datasets.py took 0.016 seconds
[2026-06-30T01:52:12.017+0000] {processor.py:161} INFO - Started process (PID=18438) to work on /opt/airflow/dags/pipeline_datasets.py
[2026-06-30T01:52:12.017+0000] {processor.py:830} INFO - Processing file /opt/airflow/dags/pipeline_datasets.py for tasks to queue
[2026-06-30T01:52:12.018+0000] {logging_mixin.py:188} INFO - [2026-06-30T01:52:12.018+0000] {dagbag.py:545} INFO - Filling up the DagBag from /opt/airflow/dags/pipeline_datasets.py
[2026-06-30T01:52:12.020+0000] {processor.py:842} WARNING - No viable dags retrieved from /opt/airflow/dags/pipeline_datasets.py
[2026-06-30T01:52:12.030+0000] {processor.py:183} INFO - Processing /opt/airflow/dags/pipeline_datasets.py took 0.016 seconds
[2026-06-30T01:52:43.195+0000] {processor.py:161} INFO - Started process (PID=18465) to work on /opt/airflow/dags/pipeline_datasets.py
[2026-06-30T01:52:43.195+0000] {processor.py:830} INFO - Processing file /opt/airflow/dags/pipeline_datasets.py for tasks to queue
[2026-06-30T01:52:43.196+0000] {logging_mixin.py:188} INFO - [2026-06-30T01:52:43.196+0000] {dagbag.py:545} INFO - Filling up the DagBag from /opt/airflow/dags/pipeline_datasets.py
[2026-06-30T01:52:43.198+0000] {processor.py:842} WARNING - No viable dags retrieved from /opt/airflow/dags/pipeline_datasets.py
[2026-06-30T01:52:43.208+0000] {processor.py:183} INFO - Processing /opt/airflow/dags/pipeline_datasets.py took 0.015 seconds
[2026-06-30T02:10:11.986+0000] {processor.py:161} INFO - Started process (PID=18497) to work on /opt/airflow/dags/pipeline_datasets.py
[2026-06-30T02:10:11.987+0000] {processor.py:830} INFO - Processing file /opt/airflow/dags/pipeline_datasets.py for tasks to queue
[2026-06-30T02:10:11.988+0000] {logging_mixin.py:188} INFO - [2026-06-30T02:10:11.988+0000] {dagbag.py:545} INFO - Filling up the DagBag from /opt/airflow/dags/pipeline_datasets.py
[2026-06-30T02:10:11.991+0000] {processor.py:842} WARNING - No viable dags retrieved from /opt/airflow/dags/pipeline_datasets.py
[2026-06-30T02:10:12.003+0000] {processor.py:183} INFO - Processing /opt/airflow/dags/pipeline_datasets.py took 0.020 seconds
[2026-06-30T02:18:44.095+0000] {processor.py:161} INFO - Started process (PID=18529) to work on /opt/airflow/dags/pipeline_datasets.py
[2026-06-30T02:18:44.096+0000] {processor.py:830} INFO - Processing file /opt/airflow/dags/pipeline_datasets.py for tasks to queue
[2026-06-30T02:18:44.096+0000] {logging_mixin.py:188} INFO - [2026-06-30T02:18:44.096+0000] {dagbag.py:545} INFO - Filling up the DagBag from /opt/airflow/dags/pipeline_datasets.py
[2026-06-30T02:18:44.098+0000] {processor.py:842} WARNING - No viable dags retrieved from /opt/airflow/dags/pipeline_datasets.py
[2026-06-30T02:18:44.109+0000] {processor.py:183} INFO - Processing /opt/airflow/dags/pipeline_datasets.py took 0.017 seconds
[2026-06-30T02:19:14.985+0000] {processor.py:161} INFO - Started process (PID=18554) to work on /opt/airflow/dags/pipeline_datasets.py
[2026-06-30T02:19:14.985+0000] {processor.py:830} INFO - Processing file /opt/airflow/dags/pipeline_datasets.py for tasks to queue
[2026-06-30T02:19:14.986+0000] {logging_mixin.py:188} INFO - [2026-06-30T02:19:14.986+0000] {dagbag.py:545} INFO - Filling up the DagBag from /opt/airflow/dags/pipeline_datasets.py
[2026-06-30T02:19:14.988+0000] {processor.py:842} WARNING - No viable dags retrieved from /opt/airflow/dags/pipeline_datasets.py
[2026-06-30T02:19:14.996+0000] {processor.py:183} INFO - Processing /opt/airflow/dags/pipeline_datasets.py took 0.015 seconds
[2026-06-30T02:25:54.356+0000] {processor.py:161} INFO - Started process (PID=18583) to work on /opt/airflow/dags/pipeline_datasets.py
[2026-06-30T02:25:54.356+0000] {processor.py:830} INFO - Processing file /opt/airflow/dags/pipeline_datasets.py for tasks to queue
[2026-06-30T02:25:54.357+0000] {logging_mixin.py:188} INFO - [2026-06-30T02:25:54.357+0000] {dagbag.py:545} INFO - Filling up the DagBag from /opt/airflow/dags/pipeline_datasets.py
[2026-06-30T02:25:54.360+0000] {processor.py:842} WARNING - No viable dags retrieved from /opt/airflow/dags/pipeline_datasets.py
[2026-06-30T02:25:54.370+0000] {processor.py:183} INFO - Processing /opt/airflow/dags/pipeline_datasets.py took 0.018 seconds
[2026-06-30T02:26:52.054+0000] {processor.py:161} INFO - Started process (PID=18610) to work on /opt/airflow/dags/pipeline_datasets.py
[2026-06-30T02:26:52.055+0000] {processor.py:830} INFO - Processing file /opt/airflow/dags/pipeline_datasets.py for tasks to queue
[2026-06-30T02:26:52.055+0000] {logging_mixin.py:188} INFO - [2026-06-30T02:26:52.055+0000] {dagbag.py:545} INFO - Filling up the DagBag from /opt/airflow/dags/pipeline_datasets.py
[2026-06-30T02:26:52.057+0000] {processor.py:842} WARNING - No viable dags retrieved from /opt/airflow/dags/pipeline_datasets.py
[2026-06-30T02:26:52.067+0000] {processor.py:183} INFO - Processing /opt/airflow/dags/pipeline_datasets.py took 0.015 seconds
[2026-06-30T02:27:23.094+0000] {processor.py:161} INFO - Started process (PID=18635) to work on /opt/airflow/dags/pipeline_datasets.py
[2026-06-30T02:27:23.094+0000] {processor.py:830} INFO - Processing file /opt/airflow/dags/pipeline_datasets.py for tasks to queue
[2026-06-30T02:27:23.095+0000] {logging_mixin.py:188} INFO - [2026-06-30T02:27:23.095+0000] {dagbag.py:545} INFO - Filling up the DagBag from /opt/airflow/dags/pipeline_datasets.py
[2026-06-30T02:27:23.098+0000] {processor.py:842} WARNING - No viable dags retrieved from /opt/airflow/dags/pipeline_datasets.py
[2026-06-30T02:27:23.108+0000] {processor.py:183} INFO - Processing /opt/airflow/dags/pipeline_datasets.py took 0.016 seconds
[2026-06-30T02:33:50.043+0000] {processor.py:161} INFO - Started process (PID=18664) to work on /opt/airflow/dags/pipeline_datasets.py
[2026-06-30T02:33:50.045+0000] {processor.py:830} INFO - Processing file /opt/airflow/dags/pipeline_datasets.py for tasks to queue
[2026-06-30T02:33:50.046+0000] {logging_mixin.py:188} INFO - [2026-06-30T02:33:50.046+0000] {dagbag.py:545} INFO - Filling up the DagBag from /opt/airflow/dags/pipeline_datasets.py
[2026-06-30T02:33:50.052+0000] {processor.py:842} WARNING - No viable dags retrieved from /opt/airflow/dags/pipeline_datasets.py
[2026-06-30T02:33:50.066+0000] {processor.py:183} INFO - Processing /opt/airflow/dags/pipeline_datasets.py took 0.029 seconds
[2026-06-30T02:49:32.601+0000] {processor.py:161} INFO - Started process (PID=18691) to work on /opt/airflow/dags/pipeline_datasets.py
[2026-06-30T02:49:32.603+0000] {processor.py:830} INFO - Processing file /opt/airflow/dags/pipeline_datasets.py for tasks to queue
[2026-06-30T02:49:32.603+0000] {logging_mixin.py:188} INFO - [2026-06-30T02:49:32.603+0000] {dagbag.py:545} INFO - Filling up the DagBag from /opt/airflow/dags/pipeline_datasets.py
[2026-06-30T02:49:32.607+0000] {processor.py:842} WARNING - No viable dags retrieved from /opt/airflow/dags/pipeline_datasets.py
[2026-06-30T02:49:32.629+0000] {processor.py:183} INFO - Processing /opt/airflow/dags/pipeline_datasets.py took 0.034 seconds
[2026-06-30T02:50:21.591+0000] {processor.py:161} INFO - Started process (PID=18718) to work on /opt/airflow/dags/pipeline_datasets.py
[2026-06-30T02:50:21.592+0000] {processor.py:830} INFO - Processing file /opt/airflow/dags/pipeline_datasets.py for tasks to queue
[2026-06-30T02:50:21.593+0000] {logging_mixin.py:188} INFO - [2026-06-30T02:50:21.592+0000] {dagbag.py:545} INFO - Filling up the DagBag from /opt/airflow/dags/pipeline_datasets.py
[2026-06-30T02:50:21.595+0000] {processor.py:842} WARNING - No viable dags retrieved from /opt/airflow/dags/pipeline_datasets.py
[2026-06-30T02:50:21.607+0000] {processor.py:183} INFO - Processing /opt/airflow/dags/pipeline_datasets.py took 0.020 seconds
[2026-06-30T02:50:52.784+0000] {processor.py:161} INFO - Started process (PID=18743) to work on /opt/airflow/dags/pipeline_datasets.py
[2026-06-30T02:50:52.785+0000] {processor.py:830} INFO - Processing file /opt/airflow/dags/pipeline_datasets.py for tasks to queue
[2026-06-30T02:50:52.788+0000] {logging_mixin.py:188} INFO - [2026-06-30T02:50:52.787+0000] {dagbag.py:545} INFO - Filling up the DagBag from /opt/airflow/dags/pipeline_datasets.py
[2026-06-30T02:50:52.793+0000] {processor.py:842} WARNING - No viable dags retrieved from /opt/airflow/dags/pipeline_datasets.py
[2026-06-30T02:50:52.802+0000] {processor.py:183} INFO - Processing /opt/airflow/dags/pipeline_datasets.py took 0.022 seconds
[2026-06-30T02:51:23.854+0000] {processor.py:161} INFO - Started process (PID=18772) to work on /opt/airflow/dags/pipeline_datasets.py
[2026-06-30T02:51:23.855+0000] {processor.py:830} INFO - Processing file /opt/airflow/dags/pipeline_datasets.py for tasks to queue
[2026-06-30T02:51:23.855+0000] {logging_mixin.py:188} INFO - [2026-06-30T02:51:23.855+0000] {dagbag.py:545} INFO - Filling up the DagBag from /opt/airflow/dags/pipeline_datasets.py
[2026-06-30T02:51:23.857+0000] {processor.py:842} WARNING - No viable dags retrieved from /opt/airflow/dags/pipeline_datasets.py
[2026-06-30T02:51:23.866+0000] {processor.py:183} INFO - Processing /opt/airflow/dags/pipeline_datasets.py took 0.015 seconds
[2026-06-30T02:51:55.031+0000] {processor.py:161} INFO - Started process (PID=18799) to work on /opt/airflow/dags/pipeline_datasets.py
[2026-06-30T02:51:55.032+0000] {processor.py:830} INFO - Processing file /opt/airflow/dags/pipeline_datasets.py for tasks to queue
[2026-06-30T02:51:55.032+0000] {logging_mixin.py:188} INFO - [2026-06-30T02:51:55.032+0000] {dagbag.py:545} INFO - Filling up the DagBag from /opt/airflow/dags/pipeline_datasets.py
[2026-06-30T02:51:55.035+0000] {processor.py:842} WARNING - No viable dags retrieved from /opt/airflow/dags/pipeline_datasets.py
[2026-06-30T02:51:55.048+0000] {processor.py:183} INFO - Processing /opt/airflow/dags/pipeline_datasets.py took 0.020 seconds
[2026-06-30T02:52:26.198+0000] {processor.py:161} INFO - Started process (PID=18826) to work on /opt/airflow/dags/pipeline_datasets.py
[2026-06-30T02:52:26.199+0000] {processor.py:830} INFO - Processing file /opt/airflow/dags/pipeline_datasets.py for tasks to queue
[2026-06-30T02:52:26.199+0000] {logging_mixin.py:188} INFO - [2026-06-30T02:52:26.199+0000] {dagbag.py:545} INFO - Filling up the DagBag from /opt/airflow/dags/pipeline_datasets.py
[2026-06-30T02:52:26.202+0000] {processor.py:842} WARNING - No viable dags retrieved from /opt/airflow/dags/pipeline_datasets.py
[2026-06-30T02:52:26.214+0000] {processor.py:183} INFO - Processing /opt/airflow/dags/pipeline_datasets.py took 0.019 seconds
[2026-06-30T02:52:57.378+0000] {processor.py:161} INFO - Started process (PID=18853) to work on /opt/airflow/dags/pipeline_datasets.py
[2026-06-30T02:52:57.379+0000] {processor.py:830} INFO - Processing file /opt/airflow/dags/pipeline_datasets.py for tasks to queue
[2026-06-30T02:52:57.379+0000] {logging_mixin.py:188} INFO - [2026-06-30T02:52:57.379+0000] {dagbag.py:545} INFO - Filling up the DagBag from /opt/airflow/dags/pipeline_datasets.py
[2026-06-30T02:52:57.383+0000] {processor.py:842} WARNING - No viable dags retrieved from /opt/airflow/dags/pipeline_datasets.py
[2026-06-30T02:52:57.395+0000] {processor.py:183} INFO - Processing /opt/airflow/dags/pipeline_datasets.py took 0.020 seconds
[2026-06-30T02:53:28.504+0000] {processor.py:161} INFO - Started process (PID=18880) to work on /opt/airflow/dags/pipeline_datasets.py
[2026-06-30T02:53:28.505+0000] {processor.py:830} INFO - Processing file /opt/airflow/dags/pipeline_datasets.py for tasks to queue
[2026-06-30T02:53:28.505+0000] {logging_mixin.py:188} INFO - [2026-06-30T02:53:28.505+0000] {dagbag.py:545} INFO - Filling up the DagBag from /opt/airflow/dags/pipeline_datasets.py
[2026-06-30T02:53:28.508+0000] {processor.py:842} WARNING - No viable dags retrieved from /opt/airflow/dags/pipeline_datasets.py
[2026-06-30T02:53:28.521+0000] {processor.py:183} INFO - Processing /opt/airflow/dags/pipeline_datasets.py took 0.020 seconds
[2026-06-30T02:53:59.631+0000] {processor.py:161} INFO - Started process (PID=18905) to work on /opt/airflow/dags/pipeline_datasets.py
[2026-06-30T02:53:59.632+0000] {processor.py:830} INFO - Processing file /opt/airflow/dags/pipeline_datasets.py for tasks to queue
[2026-06-30T02:53:59.632+0000] {logging_mixin.py:188} INFO - [2026-06-30T02:53:59.632+0000] {dagbag.py:545} INFO - Filling up the DagBag from /opt/airflow/dags/pipeline_datasets.py
[2026-06-30T02:53:59.635+0000] {processor.py:842} WARNING - No viable dags retrieved from /opt/airflow/dags/pipeline_datasets.py
[2026-06-30T02:53:59.644+0000] {processor.py:183} INFO - Processing /opt/airflow/dags/pipeline_datasets.py took 0.015 seconds
[2026-06-30T02:54:30.793+0000] {processor.py:161} INFO - Started process (PID=18934) to work on /opt/airflow/dags/pipeline_datasets.py
[2026-06-30T02:54:30.793+0000] {processor.py:830} INFO - Processing file /opt/airflow/dags/pipeline_datasets.py for tasks to queue
[2026-06-30T02:54:30.794+0000] {logging_mixin.py:188} INFO - [2026-06-30T02:54:30.794+0000] {dagbag.py:545} INFO - Filling up the DagBag from /opt/airflow/dags/pipeline_datasets.py
[2026-06-30T02:54:30.796+0000] {processor.py:842} WARNING - No viable dags retrieved from /opt/airflow/dags/pipeline_datasets.py
[2026-06-30T02:54:30.807+0000] {processor.py:183} INFO - Processing /opt/airflow/dags/pipeline_datasets.py took 0.017 seconds
[2026-06-30T02:55:01.953+0000] {processor.py:161} INFO - Started process (PID=18961) to work on /opt/airflow/dags/pipeline_datasets.py
[2026-06-30T02:55:01.959+0000] {processor.py:830} INFO - Processing file /opt/airflow/dags/pipeline_datasets.py for tasks to queue
[2026-06-30T02:55:01.960+0000] {logging_mixin.py:188} INFO - [2026-06-30T02:55:01.960+0000] {dagbag.py:545} INFO - Filling up the DagBag from /opt/airflow/dags/pipeline_datasets.py
[2026-06-30T02:55:01.963+0000] {processor.py:842} WARNING - No viable dags retrieved from /opt/airflow/dags/pipeline_datasets.py
[2026-06-30T02:55:01.986+0000] {processor.py:183} INFO - Processing /opt/airflow/dags/pipeline_datasets.py took 0.035 seconds
[2026-06-30T02:55:33.403+0000] {processor.py:161} INFO - Started process (PID=18988) to work on /opt/airflow/dags/pipeline_datasets.py
[2026-06-30T02:55:33.404+0000] {processor.py:830} INFO - Processing file /opt/airflow/dags/pipeline_datasets.py for tasks to queue
[2026-06-30T02:55:33.406+0000] {logging_mixin.py:188} INFO - [2026-06-30T02:55:33.406+0000] {dagbag.py:545} INFO - Filling up the DagBag from /opt/airflow/dags/pipeline_datasets.py
[2026-06-30T02:55:33.409+0000] {processor.py:842} WARNING - No viable dags retrieved from /opt/airflow/dags/pipeline_datasets.py
[2026-06-30T02:55:33.421+0000] {processor.py:183} INFO - Processing /opt/airflow/dags/pipeline_datasets.py took 0.034 seconds
[2026-06-30T02:56:04.693+0000] {processor.py:161} INFO - Started process (PID=19013) to work on /opt/airflow/dags/pipeline_datasets.py
[2026-06-30T02:56:04.694+0000] {processor.py:830} INFO - Processing file /opt/airflow/dags/pipeline_datasets.py for tasks to queue
[2026-06-30T02:56:04.696+0000] {logging_mixin.py:188} INFO - [2026-06-30T02:56:04.696+0000] {dagbag.py:545} INFO - Filling up the DagBag from /opt/airflow/dags/pipeline_datasets.py
[2026-06-30T02:56:04.701+0000] {processor.py:842} WARNING - No viable dags retrieved from /opt/airflow/dags/pipeline_datasets.py
[2026-06-30T02:56:04.709+0000] {processor.py:183} INFO - Processing /opt/airflow/dags/pipeline_datasets.py took 0.018 seconds
[2026-06-30T02:56:35.827+0000] {processor.py:161} INFO - Started process (PID=19040) to work on /opt/airflow/dags/pipeline_datasets.py
[2026-06-30T02:56:35.827+0000] {processor.py:830} INFO - Processing file /opt/airflow/dags/pipeline_datasets.py for tasks to queue
[2026-06-30T02:56:35.828+0000] {logging_mixin.py:188} INFO - [2026-06-30T02:56:35.828+0000] {dagbag.py:545} INFO - Filling up the DagBag from /opt/airflow/dags/pipeline_datasets.py
[2026-06-30T02:56:35.832+0000] {processor.py:842} WARNING - No viable dags retrieved from /opt/airflow/dags/pipeline_datasets.py
[2026-06-30T02:56:35.845+0000] {processor.py:183} INFO - Processing /opt/airflow/dags/pipeline_datasets.py took 0.021 seconds
[2026-06-30T02:57:06.814+0000] {processor.py:161} INFO - Started process (PID=19069) to work on /opt/airflow/dags/pipeline_datasets.py
[2026-06-30T02:57:06.815+0000] {processor.py:830} INFO - Processing file /opt/airflow/dags/pipeline_datasets.py for tasks to queue
[2026-06-30T02:57:06.815+0000] {logging_mixin.py:188} INFO - [2026-06-30T02:57:06.815+0000] {dagbag.py:545} INFO - Filling up the DagBag from /opt/airflow/dags/pipeline_datasets.py
[2026-06-30T02:57:06.818+0000] {processor.py:842} WARNING - No viable dags retrieved from /opt/airflow/dags/pipeline_datasets.py
[2026-06-30T02:57:06.827+0000] {processor.py:183} INFO - Processing /opt/airflow/dags/pipeline_datasets.py took 0.015 seconds
[2026-06-30T02:57:38.142+0000] {processor.py:161} INFO - Started process (PID=19094) to work on /opt/airflow/dags/pipeline_datasets.py
[2026-06-30T02:57:38.144+0000] {processor.py:830} INFO - Processing file /opt/airflow/dags/pipeline_datasets.py for tasks to queue
[2026-06-30T02:57:38.145+0000] {logging_mixin.py:188} INFO - [2026-06-30T02:57:38.145+0000] {dagbag.py:545} INFO - Filling up the DagBag from /opt/airflow/dags/pipeline_datasets.py
[2026-06-30T02:57:38.148+0000] {processor.py:842} WARNING - No viable dags retrieved from /opt/airflow/dags/pipeline_datasets.py
[2026-06-30T02:57:38.159+0000] {processor.py:183} INFO - Processing /opt/airflow/dags/pipeline_datasets.py took 0.020 seconds
[2026-06-30T02:58:09.262+0000] {processor.py:161} INFO - Started process (PID=19121) to work on /opt/airflow/dags/pipeline_datasets.py
[2026-06-30T02:58:09.262+0000] {processor.py:830} INFO - Processing file /opt/airflow/dags/pipeline_datasets.py for tasks to queue
[2026-06-30T02:58:09.264+0000] {logging_mixin.py:188} INFO - [2026-06-30T02:58:09.264+0000] {dagbag.py:545} INFO - Filling up the DagBag from /opt/airflow/dags/pipeline_datasets.py
[2026-06-30T02:58:09.267+0000] {processor.py:842} WARNING - No viable dags retrieved from /opt/airflow/dags/pipeline_datasets.py
[2026-06-30T02:58:09.276+0000] {processor.py:183} INFO - Processing /opt/airflow/dags/pipeline_datasets.py took 0.017 seconds
[2026-06-30T02:58:40.401+0000] {processor.py:161} INFO - Started process (PID=19148) to work on /opt/airflow/dags/pipeline_datasets.py
[2026-06-30T02:58:40.402+0000] {processor.py:830} INFO - Processing file /opt/airflow/dags/pipeline_datasets.py for tasks to queue
[2026-06-30T02:58:40.403+0000] {logging_mixin.py:188} INFO - [2026-06-30T02:58:40.402+0000] {dagbag.py:545} INFO - Filling up the DagBag from /opt/airflow/dags/pipeline_datasets.py
[2026-06-30T02:58:40.406+0000] {processor.py:842} WARNING - No viable dags retrieved from /opt/airflow/dags/pipeline_datasets.py
[2026-06-30T02:58:40.413+0000] {processor.py:183} INFO - Processing /opt/airflow/dags/pipeline_datasets.py took 0.015 seconds
[2026-06-30T02:59:11.478+0000] {processor.py:161} INFO - Started process (PID=19177) to work on /opt/airflow/dags/pipeline_datasets.py
[2026-06-30T02:59:11.480+0000] {processor.py:830} INFO - Processing file /opt/airflow/dags/pipeline_datasets.py for tasks to queue
[2026-06-30T02:59:11.481+0000] {logging_mixin.py:188} INFO - [2026-06-30T02:59:11.481+0000] {dagbag.py:545} INFO - Filling up the DagBag from /opt/airflow/dags/pipeline_datasets.py
[2026-06-30T02:59:11.487+0000] {processor.py:842} WARNING - No viable dags retrieved from /opt/airflow/dags/pipeline_datasets.py
[2026-06-30T02:59:11.494+0000] {processor.py:183} INFO - Processing /opt/airflow/dags/pipeline_datasets.py took 0.018 seconds
[2026-06-30T02:59:42.637+0000] {processor.py:161} INFO - Started process (PID=19204) to work on /opt/airflow/dags/pipeline_datasets.py
[2026-06-30T02:59:42.638+0000] {processor.py:830} INFO - Processing file /opt/airflow/dags/pipeline_datasets.py for tasks to queue
[2026-06-30T02:59:42.639+0000] {logging_mixin.py:188} INFO - [2026-06-30T02:59:42.639+0000] {dagbag.py:545} INFO - Filling up the DagBag from /opt/airflow/dags/pipeline_datasets.py
[2026-06-30T02:59:42.644+0000] {processor.py:842} WARNING - No viable dags retrieved from /opt/airflow/dags/pipeline_datasets.py
[2026-06-30T02:59:42.652+0000] {processor.py:183} INFO - Processing /opt/airflow/dags/pipeline_datasets.py took 0.020 seconds
[2026-06-30T03:00:14.036+0000] {processor.py:161} INFO - Started process (PID=19238) to work on /opt/airflow/dags/pipeline_datasets.py
[2026-06-30T03:00:14.037+0000] {processor.py:830} INFO - Processing file /opt/airflow/dags/pipeline_datasets.py for tasks to queue
[2026-06-30T03:00:14.037+0000] {logging_mixin.py:188} INFO - [2026-06-30T03:00:14.037+0000] {dagbag.py:545} INFO - Filling up the DagBag from /opt/airflow/dags/pipeline_datasets.py
[2026-06-30T03:00:14.040+0000] {processor.py:842} WARNING - No viable dags retrieved from /opt/airflow/dags/pipeline_datasets.py
[2026-06-30T03:00:14.050+0000] {processor.py:183} INFO - Processing /opt/airflow/dags/pipeline_datasets.py took 0.022 seconds
[2026-06-30T03:00:45.165+0000] {processor.py:161} INFO - Started process (PID=19268) to work on /opt/airflow/dags/pipeline_datasets.py
[2026-06-30T03:00:45.166+0000] {processor.py:830} INFO - Processing file /opt/airflow/dags/pipeline_datasets.py for tasks to queue
[2026-06-30T03:00:45.166+0000] {logging_mixin.py:188} INFO - [2026-06-30T03:00:45.166+0000] {dagbag.py:545} INFO - Filling up the DagBag from /opt/airflow/dags/pipeline_datasets.py
[2026-06-30T03:00:45.169+0000] {processor.py:842} WARNING - No viable dags retrieved from /opt/airflow/dags/pipeline_datasets.py
[2026-06-30T03:00:45.178+0000] {processor.py:183} INFO - Processing /opt/airflow/dags/pipeline_datasets.py took 0.016 seconds
[2026-06-30T03:01:16.334+0000] {processor.py:161} INFO - Started process (PID=19293) to work on /opt/airflow/dags/pipeline_datasets.py
[2026-06-30T03:01:16.336+0000] {processor.py:830} INFO - Processing file /opt/airflow/dags/pipeline_datasets.py for tasks to queue
[2026-06-30T03:01:16.339+0000] {logging_mixin.py:188} INFO - [2026-06-30T03:01:16.339+0000] {dagbag.py:545} INFO - Filling up the DagBag from /opt/airflow/dags/pipeline_datasets.py
[2026-06-30T03:01:16.341+0000] {processor.py:842} WARNING - No viable dags retrieved from /opt/airflow/dags/pipeline_datasets.py
[2026-06-30T03:01:16.350+0000] {processor.py:183} INFO - Processing /opt/airflow/dags/pipeline_datasets.py took 0.019 seconds
[2026-06-30T03:01:47.628+0000] {processor.py:161} INFO - Started process (PID=19320) to work on /opt/airflow/dags/pipeline_datasets.py
[2026-06-30T03:01:47.629+0000] {processor.py:830} INFO - Processing file /opt/airflow/dags/pipeline_datasets.py for tasks to queue
[2026-06-30T03:01:47.631+0000] {logging_mixin.py:188} INFO - [2026-06-30T03:01:47.630+0000] {dagbag.py:545} INFO - Filling up the DagBag from /opt/airflow/dags/pipeline_datasets.py
[2026-06-30T03:01:47.639+0000] {processor.py:842} WARNING - No viable dags retrieved from /opt/airflow/dags/pipeline_datasets.py
[2026-06-30T03:01:47.648+0000] {processor.py:183} INFO - Processing /opt/airflow/dags/pipeline_datasets.py took 0.024 seconds
[2026-06-30T03:02:18.663+0000] {processor.py:161} INFO - Started process (PID=19347) to work on /opt/airflow/dags/pipeline_datasets.py
[2026-06-30T03:02:18.664+0000] {processor.py:830} INFO - Processing file /opt/airflow/dags/pipeline_datasets.py for tasks to queue
[2026-06-30T03:02:18.665+0000] {logging_mixin.py:188} INFO - [2026-06-30T03:02:18.665+0000] {dagbag.py:545} INFO - Filling up the DagBag from /opt/airflow/dags/pipeline_datasets.py
[2026-06-30T03:02:18.669+0000] {processor.py:842} WARNING - No viable dags retrieved from /opt/airflow/dags/pipeline_datasets.py
[2026-06-30T03:02:18.680+0000] {processor.py:183} INFO - Processing /opt/airflow/dags/pipeline_datasets.py took 0.020 seconds
[2026-06-30T03:02:49.726+0000] {processor.py:161} INFO - Started process (PID=19376) to work on /opt/airflow/dags/pipeline_datasets.py
[2026-06-30T03:02:49.726+0000] {processor.py:830} INFO - Processing file /opt/airflow/dags/pipeline_datasets.py for tasks to queue
[2026-06-30T03:02:49.727+0000] {logging_mixin.py:188} INFO - [2026-06-30T03:02:49.727+0000] {dagbag.py:545} INFO - Filling up the DagBag from /opt/airflow/dags/pipeline_datasets.py
[2026-06-30T03:02:49.729+0000] {processor.py:842} WARNING - No viable dags retrieved from /opt/airflow/dags/pipeline_datasets.py
[2026-06-30T03:02:49.735+0000] {processor.py:183} INFO - Processing /opt/airflow/dags/pipeline_datasets.py took 0.012 seconds
[2026-06-30T03:03:20.812+0000] {processor.py:161} INFO - Started process (PID=19403) to work on /opt/airflow/dags/pipeline_datasets.py
[2026-06-30T03:03:20.813+0000] {processor.py:830} INFO - Processing file /opt/airflow/dags/pipeline_datasets.py for tasks to queue
[2026-06-30T03:03:20.813+0000] {logging_mixin.py:188} INFO - [2026-06-30T03:03:20.813+0000] {dagbag.py:545} INFO - Filling up the DagBag from /opt/airflow/dags/pipeline_datasets.py
[2026-06-30T03:03:20.816+0000] {processor.py:842} WARNING - No viable dags retrieved from /opt/airflow/dags/pipeline_datasets.py
[2026-06-30T03:03:20.831+0000] {processor.py:183} INFO - Processing /opt/airflow/dags/pipeline_datasets.py took 0.021 seconds
[2026-06-30T03:03:51.915+0000] {processor.py:161} INFO - Started process (PID=19430) to work on /opt/airflow/dags/pipeline_datasets.py
[2026-06-30T03:03:51.915+0000] {processor.py:830} INFO - Processing file /opt/airflow/dags/pipeline_datasets.py for tasks to queue
[2026-06-30T03:03:51.916+0000] {logging_mixin.py:188} INFO - [2026-06-30T03:03:51.916+0000] {dagbag.py:545} INFO - Filling up the DagBag from /opt/airflow/dags/pipeline_datasets.py
[2026-06-30T03:03:51.918+0000] {processor.py:842} WARNING - No viable dags retrieved from /opt/airflow/dags/pipeline_datasets.py
[2026-06-30T03:03:51.926+0000] {processor.py:183} INFO - Processing /opt/airflow/dags/pipeline_datasets.py took 0.015 seconds
[2026-06-30T03:04:23.020+0000] {processor.py:161} INFO - Started process (PID=19455) to work on /opt/airflow/dags/pipeline_datasets.py
[2026-06-30T03:04:23.021+0000] {processor.py:830} INFO - Processing file /opt/airflow/dags/pipeline_datasets.py for tasks to queue
[2026-06-30T03:04:23.021+0000] {logging_mixin.py:188} INFO - [2026-06-30T03:04:23.021+0000] {dagbag.py:545} INFO - Filling up the DagBag from /opt/airflow/dags/pipeline_datasets.py
[2026-06-30T03:04:23.026+0000] {processor.py:842} WARNING - No viable dags retrieved from /opt/airflow/dags/pipeline_datasets.py
[2026-06-30T03:04:23.035+0000] {processor.py:183} INFO - Processing /opt/airflow/dags/pipeline_datasets.py took 0.018 seconds
[2026-06-30T03:04:54.501+0000] {processor.py:161} INFO - Started process (PID=19484) to work on /opt/airflow/dags/pipeline_datasets.py
[2026-06-30T03:04:54.503+0000] {processor.py:830} INFO - Processing file /opt/airflow/dags/pipeline_datasets.py for tasks to queue
[2026-06-30T03:04:54.504+0000] {logging_mixin.py:188} INFO - [2026-06-30T03:04:54.504+0000] {dagbag.py:545} INFO - Filling up the DagBag from /opt/airflow/dags/pipeline_datasets.py
[2026-06-30T03:04:54.506+0000] {processor.py:842} WARNING - No viable dags retrieved from /opt/airflow/dags/pipeline_datasets.py
[2026-06-30T03:04:54.521+0000] {processor.py:183} INFO - Processing /opt/airflow/dags/pipeline_datasets.py took 0.024 seconds
[2026-06-30T03:05:25.796+0000] {processor.py:161} INFO - Started process (PID=19511) to work on /opt/airflow/dags/pipeline_datasets.py
[2026-06-30T03:05:25.797+0000] {processor.py:830} INFO - Processing file /opt/airflow/dags/pipeline_datasets.py for tasks to queue
[2026-06-30T03:05:25.797+0000] {logging_mixin.py:188} INFO - [2026-06-30T03:05:25.797+0000] {dagbag.py:545} INFO - Filling up the DagBag from /opt/airflow/dags/pipeline_datasets.py
[2026-06-30T03:05:25.799+0000] {processor.py:842} WARNING - No viable dags retrieved from /opt/airflow/dags/pipeline_datasets.py
[2026-06-30T03:05:25.808+0000] {processor.py:183} INFO - Processing /opt/airflow/dags/pipeline_datasets.py took 0.015 seconds
[2026-06-30T03:05:56.884+0000] {processor.py:161} INFO - Started process (PID=19538) to work on /opt/airflow/dags/pipeline_datasets.py
[2026-06-30T03:05:56.884+0000] {processor.py:830} INFO - Processing file /opt/airflow/dags/pipeline_datasets.py for tasks to queue
[2026-06-30T03:05:56.884+0000] {logging_mixin.py:188} INFO - [2026-06-30T03:05:56.884+0000] {dagbag.py:545} INFO - Filling up the DagBag from /opt/airflow/dags/pipeline_datasets.py
[2026-06-30T03:05:56.886+0000] {processor.py:842} WARNING - No viable dags retrieved from /opt/airflow/dags/pipeline_datasets.py
[2026-06-30T03:05:56.896+0000] {processor.py:183} INFO - Processing /opt/airflow/dags/pipeline_datasets.py took 0.015 seconds
[2026-06-30T03:06:28.030+0000] {processor.py:161} INFO - Started process (PID=19565) to work on /opt/airflow/dags/pipeline_datasets.py
[2026-06-30T03:06:28.031+0000] {processor.py:830} INFO - Processing file /opt/airflow/dags/pipeline_datasets.py for tasks to queue
[2026-06-30T03:06:28.031+0000] {logging_mixin.py:188} INFO - [2026-06-30T03:06:28.031+0000] {dagbag.py:545} INFO - Filling up the DagBag from /opt/airflow/dags/pipeline_datasets.py
[2026-06-30T03:06:28.035+0000] {processor.py:842} WARNING - No viable dags retrieved from /opt/airflow/dags/pipeline_datasets.py
[2026-06-30T03:06:28.043+0000] {processor.py:183} INFO - Processing /opt/airflow/dags/pipeline_datasets.py took 0.016 seconds
[2026-06-30T03:06:59.075+0000] {processor.py:161} INFO - Started process (PID=19590) to work on /opt/airflow/dags/pipeline_datasets.py
[2026-06-30T03:06:59.076+0000] {processor.py:830} INFO - Processing file /opt/airflow/dags/pipeline_datasets.py for tasks to queue
[2026-06-30T03:06:59.077+0000] {logging_mixin.py:188} INFO - [2026-06-30T03:06:59.076+0000] {dagbag.py:545} INFO - Filling up the DagBag from /opt/airflow/dags/pipeline_datasets.py
[2026-06-30T03:06:59.079+0000] {processor.py:842} WARNING - No viable dags retrieved from /opt/airflow/dags/pipeline_datasets.py
[2026-06-30T03:06:59.095+0000] {processor.py:183} INFO - Processing /opt/airflow/dags/pipeline_datasets.py took 0.027 seconds
[2026-06-30T03:07:30.273+0000] {processor.py:161} INFO - Started process (PID=19619) to work on /opt/airflow/dags/pipeline_datasets.py
[2026-06-30T03:07:30.274+0000] {processor.py:830} INFO - Processing file /opt/airflow/dags/pipeline_datasets.py for tasks to queue
[2026-06-30T03:07:30.274+0000] {logging_mixin.py:188} INFO - [2026-06-30T03:07:30.274+0000] {dagbag.py:545} INFO - Filling up the DagBag from /opt/airflow/dags/pipeline_datasets.py
[2026-06-30T03:07:30.277+0000] {processor.py:842} WARNING - No viable dags retrieved from /opt/airflow/dags/pipeline_datasets.py
[2026-06-30T03:07:30.286+0000] {processor.py:183} INFO - Processing /opt/airflow/dags/pipeline_datasets.py took 0.016 seconds
[2026-06-30T03:08:01.424+0000] {processor.py:161} INFO - Started process (PID=19646) to work on /opt/airflow/dags/pipeline_datasets.py
[2026-06-30T03:08:01.425+0000] {processor.py:830} INFO - Processing file /opt/airflow/dags/pipeline_datasets.py for tasks to queue
[2026-06-30T03:08:01.425+0000] {logging_mixin.py:188} INFO - [2026-06-30T03:08:01.425+0000] {dagbag.py:545} INFO - Filling up the DagBag from /opt/airflow/dags/pipeline_datasets.py
[2026-06-30T03:08:01.427+0000] {processor.py:842} WARNING - No viable dags retrieved from /opt/airflow/dags/pipeline_datasets.py
[2026-06-30T03:08:01.436+0000] {processor.py:183} INFO - Processing /opt/airflow/dags/pipeline_datasets.py took 0.014 seconds
[2026-06-30T03:08:33.053+0000] {processor.py:161} INFO - Started process (PID=19673) to work on /opt/airflow/dags/pipeline_datasets.py
[2026-06-30T03:08:33.055+0000] {processor.py:830} INFO - Processing file /opt/airflow/dags/pipeline_datasets.py for tasks to queue
[2026-06-30T03:08:33.056+0000] {logging_mixin.py:188} INFO - [2026-06-30T03:08:33.055+0000] {dagbag.py:545} INFO - Filling up the DagBag from /opt/airflow/dags/pipeline_datasets.py
[2026-06-30T03:08:33.061+0000] {processor.py:842} WARNING - No viable dags retrieved from /opt/airflow/dags/pipeline_datasets.py
[2026-06-30T03:08:33.075+0000] {processor.py:183} INFO - Processing /opt/airflow/dags/pipeline_datasets.py took 0.029 seconds
[2026-06-30T03:09:04.092+0000] {processor.py:161} INFO - Started process (PID=19700) to work on /opt/airflow/dags/pipeline_datasets.py
[2026-06-30T03:09:04.093+0000] {processor.py:830} INFO - Processing file /opt/airflow/dags/pipeline_datasets.py for tasks to queue
[2026-06-30T03:09:04.093+0000] {logging_mixin.py:188} INFO - [2026-06-30T03:09:04.093+0000] {dagbag.py:545} INFO - Filling up the DagBag from /opt/airflow/dags/pipeline_datasets.py
[2026-06-30T03:09:04.095+0000] {processor.py:842} WARNING - No viable dags retrieved from /opt/airflow/dags/pipeline_datasets.py
[2026-06-30T03:09:04.106+0000] {processor.py:183} INFO - Processing /opt/airflow/dags/pipeline_datasets.py took 0.016 seconds
[2026-06-30T03:09:35.616+0000] {processor.py:161} INFO - Started process (PID=19727) to work on /opt/airflow/dags/pipeline_datasets.py
[2026-06-30T03:09:35.618+0000] {processor.py:830} INFO - Processing file /opt/airflow/dags/pipeline_datasets.py for tasks to queue
[2026-06-30T03:09:35.620+0000] {logging_mixin.py:188} INFO - [2026-06-30T03:09:35.619+0000] {dagbag.py:545} INFO - Filling up the DagBag from /opt/airflow/dags/pipeline_datasets.py
[2026-06-30T03:09:35.624+0000] {processor.py:842} WARNING - No viable dags retrieved from /opt/airflow/dags/pipeline_datasets.py
[2026-06-30T03:09:35.634+0000] {processor.py:183} INFO - Processing /opt/airflow/dags/pipeline_datasets.py took 0.032 seconds
[2026-06-30T03:10:06.652+0000] {processor.py:161} INFO - Started process (PID=19754) to work on /opt/airflow/dags/pipeline_datasets.py
[2026-06-30T03:10:06.653+0000] {processor.py:830} INFO - Processing file /opt/airflow/dags/pipeline_datasets.py for tasks to queue
[2026-06-30T03:10:06.653+0000] {logging_mixin.py:188} INFO - [2026-06-30T03:10:06.653+0000] {dagbag.py:545} INFO - Filling up the DagBag from /opt/airflow/dags/pipeline_datasets.py
[2026-06-30T03:10:06.655+0000] {processor.py:842} WARNING - No viable dags retrieved from /opt/airflow/dags/pipeline_datasets.py
[2026-06-30T03:10:06.664+0000] {processor.py:183} INFO - Processing /opt/airflow/dags/pipeline_datasets.py took 0.015 seconds
[2026-06-30T03:10:37.759+0000] {processor.py:161} INFO - Started process (PID=19781) to work on /opt/airflow/dags/pipeline_datasets.py
[2026-06-30T03:10:37.759+0000] {processor.py:830} INFO - Processing file /opt/airflow/dags/pipeline_datasets.py for tasks to queue
[2026-06-30T03:10:37.760+0000] {logging_mixin.py:188} INFO - [2026-06-30T03:10:37.760+0000] {dagbag.py:545} INFO - Filling up the DagBag from /opt/airflow/dags/pipeline_datasets.py
[2026-06-30T03:10:37.762+0000] {processor.py:842} WARNING - No viable dags retrieved from /opt/airflow/dags/pipeline_datasets.py
[2026-06-30T03:10:37.774+0000] {processor.py:183} INFO - Processing /opt/airflow/dags/pipeline_datasets.py took 0.018 seconds
[2026-06-30T03:11:08.786+0000] {processor.py:161} INFO - Started process (PID=19806) to work on /opt/airflow/dags/pipeline_datasets.py
[2026-06-30T03:11:08.787+0000] {processor.py:830} INFO - Processing file /opt/airflow/dags/pipeline_datasets.py for tasks to queue
[2026-06-30T03:11:08.788+0000] {logging_mixin.py:188} INFO - [2026-06-30T03:11:08.788+0000] {dagbag.py:545} INFO - Filling up the DagBag from /opt/airflow/dags/pipeline_datasets.py
[2026-06-30T03:11:08.794+0000] {processor.py:842} WARNING - No viable dags retrieved from /opt/airflow/dags/pipeline_datasets.py
[2026-06-30T03:11:08.802+0000] {processor.py:183} INFO - Processing /opt/airflow/dags/pipeline_datasets.py took 0.018 seconds
[2026-06-30T03:11:39.833+0000] {processor.py:161} INFO - Started process (PID=19833) to work on /opt/airflow/dags/pipeline_datasets.py
[2026-06-30T03:11:39.833+0000] {processor.py:830} INFO - Processing file /opt/airflow/dags/pipeline_datasets.py for tasks to queue
[2026-06-30T03:11:39.834+0000] {logging_mixin.py:188} INFO - [2026-06-30T03:11:39.834+0000] {dagbag.py:545} INFO - Filling up the DagBag from /opt/airflow/dags/pipeline_datasets.py
[2026-06-30T03:11:39.838+0000] {processor.py:842} WARNING - No viable dags retrieved from /opt/airflow/dags/pipeline_datasets.py
[2026-06-30T03:11:39.847+0000] {processor.py:183} INFO - Processing /opt/airflow/dags/pipeline_datasets.py took 0.017 seconds
[2026-06-30T03:12:10.827+0000] {processor.py:161} INFO - Started process (PID=19862) to work on /opt/airflow/dags/pipeline_datasets.py
[2026-06-30T03:12:10.828+0000] {processor.py:830} INFO - Processing file /opt/airflow/dags/pipeline_datasets.py for tasks to queue
[2026-06-30T03:12:10.828+0000] {logging_mixin.py:188} INFO - [2026-06-30T03:12:10.828+0000] {dagbag.py:545} INFO - Filling up the DagBag from /opt/airflow/dags/pipeline_datasets.py
[2026-06-30T03:12:10.830+0000] {processor.py:842} WARNING - No viable dags retrieved from /opt/airflow/dags/pipeline_datasets.py
[2026-06-30T03:12:10.839+0000] {processor.py:183} INFO - Processing /opt/airflow/dags/pipeline_datasets.py took 0.014 seconds
[2026-06-30T03:12:41.871+0000] {processor.py:161} INFO - Started process (PID=19887) to work on /opt/airflow/dags/pipeline_datasets.py
[2026-06-30T03:12:41.872+0000] {processor.py:830} INFO - Processing file /opt/airflow/dags/pipeline_datasets.py for tasks to queue
[2026-06-30T03:12:41.872+0000] {logging_mixin.py:188} INFO - [2026-06-30T03:12:41.872+0000] {dagbag.py:545} INFO - Filling up the DagBag from /opt/airflow/dags/pipeline_datasets.py
[2026-06-30T03:12:41.874+0000] {processor.py:842} WARNING - No viable dags retrieved from /opt/airflow/dags/pipeline_datasets.py
[2026-06-30T03:12:41.883+0000] {processor.py:183} INFO - Processing /opt/airflow/dags/pipeline_datasets.py took 0.016 seconds
[2026-06-30T03:13:12.933+0000] {processor.py:161} INFO - Started process (PID=19916) to work on /opt/airflow/dags/pipeline_datasets.py
[2026-06-30T03:13:12.933+0000] {processor.py:830} INFO - Processing file /opt/airflow/dags/pipeline_datasets.py for tasks to queue
[2026-06-30T03:13:12.934+0000] {logging_mixin.py:188} INFO - [2026-06-30T03:13:12.933+0000] {dagbag.py:545} INFO - Filling up the DagBag from /opt/airflow/dags/pipeline_datasets.py
[2026-06-30T03:13:12.935+0000] {processor.py:842} WARNING - No viable dags retrieved from /opt/airflow/dags/pipeline_datasets.py
[2026-06-30T03:13:12.946+0000] {processor.py:183} INFO - Processing /opt/airflow/dags/pipeline_datasets.py took 0.017 seconds
[2026-06-30T03:13:44.018+0000] {processor.py:161} INFO - Started process (PID=19943) to work on /opt/airflow/dags/pipeline_datasets.py
[2026-06-30T03:13:44.019+0000] {processor.py:830} INFO - Processing file /opt/airflow/dags/pipeline_datasets.py for tasks to queue
[2026-06-30T03:13:44.019+0000] {logging_mixin.py:188} INFO - [2026-06-30T03:13:44.019+0000] {dagbag.py:545} INFO - Filling up the DagBag from /opt/airflow/dags/pipeline_datasets.py
[2026-06-30T03:13:44.021+0000] {processor.py:842} WARNING - No viable dags retrieved from /opt/airflow/dags/pipeline_datasets.py
[2026-06-30T03:13:44.030+0000] {processor.py:183} INFO - Processing /opt/airflow/dags/pipeline_datasets.py took 0.015 seconds
[2026-06-30T03:14:15.034+0000] {processor.py:161} INFO - Started process (PID=19970) to work on /opt/airflow/dags/pipeline_datasets.py
[2026-06-30T03:14:15.035+0000] {processor.py:830} INFO - Processing file /opt/airflow/dags/pipeline_datasets.py for tasks to queue
[2026-06-30T03:14:15.035+0000] {logging_mixin.py:188} INFO - [2026-06-30T03:14:15.035+0000] {dagbag.py:545} INFO - Filling up the DagBag from /opt/airflow/dags/pipeline_datasets.py
[2026-06-30T03:14:15.037+0000] {processor.py:842} WARNING - No viable dags retrieved from /opt/airflow/dags/pipeline_datasets.py
[2026-06-30T03:14:15.047+0000] {processor.py:183} INFO - Processing /opt/airflow/dags/pipeline_datasets.py took 0.016 seconds
[2026-06-30T03:14:46.486+0000] {processor.py:161} INFO - Started process (PID=19997) to work on /opt/airflow/dags/pipeline_datasets.py
[2026-06-30T03:14:46.486+0000] {processor.py:830} INFO - Processing file /opt/airflow/dags/pipeline_datasets.py for tasks to queue
[2026-06-30T03:14:46.487+0000] {logging_mixin.py:188} INFO - [2026-06-30T03:14:46.487+0000] {dagbag.py:545} INFO - Filling up the DagBag from /opt/airflow/dags/pipeline_datasets.py
[2026-06-30T03:14:46.489+0000] {processor.py:842} WARNING - No viable dags retrieved from /opt/airflow/dags/pipeline_datasets.py
[2026-06-30T03:14:46.499+0000] {processor.py:183} INFO - Processing /opt/airflow/dags/pipeline_datasets.py took 0.017 seconds
[2026-06-30T03:15:17.519+0000] {processor.py:161} INFO - Started process (PID=20022) to work on /opt/airflow/dags/pipeline_datasets.py
[2026-06-30T03:15:17.520+0000] {processor.py:830} INFO - Processing file /opt/airflow/dags/pipeline_datasets.py for tasks to queue
[2026-06-30T03:15:17.521+0000] {logging_mixin.py:188} INFO - [2026-06-30T03:15:17.521+0000] {dagbag.py:545} INFO - Filling up the DagBag from /opt/airflow/dags/pipeline_datasets.py
[2026-06-30T03:15:17.525+0000] {processor.py:842} WARNING - No viable dags retrieved from /opt/airflow/dags/pipeline_datasets.py
[2026-06-30T03:15:17.531+0000] {processor.py:183} INFO - Processing /opt/airflow/dags/pipeline_datasets.py took 0.014 seconds
[2026-06-30T03:15:48.779+0000] {processor.py:161} INFO - Started process (PID=20051) to work on /opt/airflow/dags/pipeline_datasets.py
[2026-06-30T03:15:48.780+0000] {processor.py:830} INFO - Processing file /opt/airflow/dags/pipeline_datasets.py for tasks to queue
[2026-06-30T03:15:48.780+0000] {logging_mixin.py:188} INFO - [2026-06-30T03:15:48.780+0000] {dagbag.py:545} INFO - Filling up the DagBag from /opt/airflow/dags/pipeline_datasets.py
[2026-06-30T03:15:48.782+0000] {processor.py:842} WARNING - No viable dags retrieved from /opt/airflow/dags/pipeline_datasets.py
[2026-06-30T03:15:48.792+0000] {processor.py:183} INFO - Processing /opt/airflow/dags/pipeline_datasets.py took 0.016 seconds
[2026-06-30T03:16:19.768+0000] {processor.py:161} INFO - Started process (PID=20078) to work on /opt/airflow/dags/pipeline_datasets.py
[2026-06-30T03:16:19.769+0000] {processor.py:830} INFO - Processing file /opt/airflow/dags/pipeline_datasets.py for tasks to queue
[2026-06-30T03:16:19.769+0000] {logging_mixin.py:188} INFO - [2026-06-30T03:16:19.769+0000] {dagbag.py:545} INFO - Filling up the DagBag from /opt/airflow/dags/pipeline_datasets.py
[2026-06-30T03:16:19.771+0000] {processor.py:842} WARNING - No viable dags retrieved from /opt/airflow/dags/pipeline_datasets.py
[2026-06-30T03:16:19.782+0000] {processor.py:183} INFO - Processing /opt/airflow/dags/pipeline_datasets.py took 0.016 seconds
[2026-06-30T03:16:51.001+0000] {processor.py:161} INFO - Started process (PID=20105) to work on /opt/airflow/dags/pipeline_datasets.py
[2026-06-30T03:16:51.002+0000] {processor.py:830} INFO - Processing file /opt/airflow/dags/pipeline_datasets.py for tasks to queue
[2026-06-30T03:16:51.002+0000] {logging_mixin.py:188} INFO - [2026-06-30T03:16:51.002+0000] {dagbag.py:545} INFO - Filling up the DagBag from /opt/airflow/dags/pipeline_datasets.py
[2026-06-30T03:16:51.005+0000] {processor.py:842} WARNING - No viable dags retrieved from /opt/airflow/dags/pipeline_datasets.py
[2026-06-30T03:16:51.016+0000] {processor.py:183} INFO - Processing /opt/airflow/dags/pipeline_datasets.py took 0.017 seconds
[2026-06-30T03:17:22.028+0000] {processor.py:161} INFO - Started process (PID=20132) to work on /opt/airflow/dags/pipeline_datasets.py
[2026-06-30T03:17:22.029+0000] {processor.py:830} INFO - Processing file /opt/airflow/dags/pipeline_datasets.py for tasks to queue
[2026-06-30T03:17:22.029+0000] {logging_mixin.py:188} INFO - [2026-06-30T03:17:22.029+0000] {dagbag.py:545} INFO - Filling up the DagBag from /opt/airflow/dags/pipeline_datasets.py
[2026-06-30T03:17:22.032+0000] {processor.py:842} WARNING - No viable dags retrieved from /opt/airflow/dags/pipeline_datasets.py
[2026-06-30T03:17:22.041+0000] {processor.py:183} INFO - Processing /opt/airflow/dags/pipeline_datasets.py took 0.021 seconds
[2026-06-30T03:17:53.361+0000] {processor.py:161} INFO - Started process (PID=20159) to work on /opt/airflow/dags/pipeline_datasets.py
[2026-06-30T03:17:53.361+0000] {processor.py:830} INFO - Processing file /opt/airflow/dags/pipeline_datasets.py for tasks to queue
[2026-06-30T03:17:53.362+0000] {logging_mixin.py:188} INFO - [2026-06-30T03:17:53.361+0000] {dagbag.py:545} INFO - Filling up the DagBag from /opt/airflow/dags/pipeline_datasets.py
[2026-06-30T03:17:53.364+0000] {processor.py:842} WARNING - No viable dags retrieved from /opt/airflow/dags/pipeline_datasets.py
[2026-06-30T03:17:53.372+0000] {processor.py:183} INFO - Processing /opt/airflow/dags/pipeline_datasets.py took 0.014 seconds
[2026-06-30T03:18:24.605+0000] {processor.py:161} INFO - Started process (PID=20184) to work on /opt/airflow/dags/pipeline_datasets.py
[2026-06-30T03:18:24.610+0000] {processor.py:830} INFO - Processing file /opt/airflow/dags/pipeline_datasets.py for tasks to queue
[2026-06-30T03:18:24.610+0000] {logging_mixin.py:188} INFO - [2026-06-30T03:18:24.610+0000] {dagbag.py:545} INFO - Filling up the DagBag from /opt/airflow/dags/pipeline_datasets.py
[2026-06-30T03:18:24.613+0000] {processor.py:842} WARNING - No viable dags retrieved from /opt/airflow/dags/pipeline_datasets.py
[2026-06-30T03:18:24.621+0000] {processor.py:183} INFO - Processing /opt/airflow/dags/pipeline_datasets.py took 0.021 seconds
[2026-06-30T03:18:55.743+0000] {processor.py:161} INFO - Started process (PID=20213) to work on /opt/airflow/dags/pipeline_datasets.py
[2026-06-30T03:18:55.744+0000] {processor.py:830} INFO - Processing file /opt/airflow/dags/pipeline_datasets.py for tasks to queue
[2026-06-30T03:18:55.745+0000] {logging_mixin.py:188} INFO - [2026-06-30T03:18:55.745+0000] {dagbag.py:545} INFO - Filling up the DagBag from /opt/airflow/dags/pipeline_datasets.py
[2026-06-30T03:18:55.749+0000] {processor.py:842} WARNING - No viable dags retrieved from /opt/airflow/dags/pipeline_datasets.py
[2026-06-30T03:18:55.757+0000] {processor.py:183} INFO - Processing /opt/airflow/dags/pipeline_datasets.py took 0.017 seconds
[2026-06-30T03:19:26.750+0000] {processor.py:161} INFO - Started process (PID=20240) to work on /opt/airflow/dags/pipeline_datasets.py
[2026-06-30T03:19:26.750+0000] {processor.py:830} INFO - Processing file /opt/airflow/dags/pipeline_datasets.py for tasks to queue
[2026-06-30T03:19:26.750+0000] {logging_mixin.py:188} INFO - [2026-06-30T03:19:26.750+0000] {dagbag.py:545} INFO - Filling up the DagBag from /opt/airflow/dags/pipeline_datasets.py
[2026-06-30T03:19:26.752+0000] {processor.py:842} WARNING - No viable dags retrieved from /opt/airflow/dags/pipeline_datasets.py
[2026-06-30T03:19:26.762+0000] {processor.py:183} INFO - Processing /opt/airflow/dags/pipeline_datasets.py took 0.015 seconds
[2026-06-30T03:19:57.850+0000] {processor.py:161} INFO - Started process (PID=20267) to work on /opt/airflow/dags/pipeline_datasets.py
[2026-06-30T03:19:57.851+0000] {processor.py:830} INFO - Processing file /opt/airflow/dags/pipeline_datasets.py for tasks to queue
[2026-06-30T03:19:57.851+0000] {logging_mixin.py:188} INFO - [2026-06-30T03:19:57.851+0000] {dagbag.py:545} INFO - Filling up the DagBag from /opt/airflow/dags/pipeline_datasets.py
[2026-06-30T03:19:57.857+0000] {processor.py:842} WARNING - No viable dags retrieved from /opt/airflow/dags/pipeline_datasets.py
[2026-06-30T03:19:57.878+0000] {processor.py:183} INFO - Processing /opt/airflow/dags/pipeline_datasets.py took 0.031 seconds
[2026-06-30T03:20:28.841+0000] {processor.py:161} INFO - Started process (PID=20292) to work on /opt/airflow/dags/pipeline_datasets.py
[2026-06-30T03:20:28.841+0000] {processor.py:830} INFO - Processing file /opt/airflow/dags/pipeline_datasets.py for tasks to queue
[2026-06-30T03:20:28.842+0000] {logging_mixin.py:188} INFO - [2026-06-30T03:20:28.842+0000] {dagbag.py:545} INFO - Filling up the DagBag from /opt/airflow/dags/pipeline_datasets.py
[2026-06-30T03:20:28.846+0000] {processor.py:842} WARNING - No viable dags retrieved from /opt/airflow/dags/pipeline_datasets.py
[2026-06-30T03:20:28.857+0000] {processor.py:183} INFO - Processing /opt/airflow/dags/pipeline_datasets.py took 0.019 seconds
[2026-06-30T03:21:00.068+0000] {processor.py:161} INFO - Started process (PID=20321) to work on /opt/airflow/dags/pipeline_datasets.py
[2026-06-30T03:21:00.068+0000] {processor.py:830} INFO - Processing file /opt/airflow/dags/pipeline_datasets.py for tasks to queue
[2026-06-30T03:21:00.069+0000] {logging_mixin.py:188} INFO - [2026-06-30T03:21:00.068+0000] {dagbag.py:545} INFO - Filling up the DagBag from /opt/airflow/dags/pipeline_datasets.py
[2026-06-30T03:21:00.071+0000] {processor.py:842} WARNING - No viable dags retrieved from /opt/airflow/dags/pipeline_datasets.py
[2026-06-30T03:21:00.081+0000] {processor.py:183} INFO - Processing /opt/airflow/dags/pipeline_datasets.py took 0.017 seconds
[2026-06-30T03:21:31.096+0000] {processor.py:161} INFO - Started process (PID=20348) to work on /opt/airflow/dags/pipeline_datasets.py
[2026-06-30T03:21:31.096+0000] {processor.py:830} INFO - Processing file /opt/airflow/dags/pipeline_datasets.py for tasks to queue
[2026-06-30T03:21:31.097+0000] {logging_mixin.py:188} INFO - [2026-06-30T03:21:31.097+0000] {dagbag.py:545} INFO - Filling up the DagBag from /opt/airflow/dags/pipeline_datasets.py
[2026-06-30T03:21:31.099+0000] {processor.py:842} WARNING - No viable dags retrieved from /opt/airflow/dags/pipeline_datasets.py
[2026-06-30T03:21:31.109+0000] {processor.py:183} INFO - Processing /opt/airflow/dags/pipeline_datasets.py took 0.016 seconds
[2026-06-30T03:22:02.153+0000] {processor.py:161} INFO - Started process (PID=20373) to work on /opt/airflow/dags/pipeline_datasets.py
[2026-06-30T03:22:02.154+0000] {processor.py:830} INFO - Processing file /opt/airflow/dags/pipeline_datasets.py for tasks to queue
[2026-06-30T03:22:02.155+0000] {logging_mixin.py:188} INFO - [2026-06-30T03:22:02.155+0000] {dagbag.py:545} INFO - Filling up the DagBag from /opt/airflow/dags/pipeline_datasets.py
[2026-06-30T03:22:02.159+0000] {processor.py:842} WARNING - No viable dags retrieved from /opt/airflow/dags/pipeline_datasets.py
[2026-06-30T03:22:02.167+0000] {processor.py:183} INFO - Processing /opt/airflow/dags/pipeline_datasets.py took 0.017 seconds
