[2026-07-08T21:26:17.896+0000] {local_task_job_runner.py:120} INFO - ::group::Pre task execution logs
[2026-07-08T21:26:17.912+0000] {taskinstance.py:2076} INFO - Dependencies all met for dep_context=non-requeueable deps ti=<TaskInstance: gold_dbt_dag.trigger_dbt_build dataset_triggered__2026-07-08T21:08:31.852396+00:00 [queued]>
[2026-07-08T21:26:17.916+0000] {taskinstance.py:2076} INFO - Dependencies all met for dep_context=requeueable deps ti=<TaskInstance: gold_dbt_dag.trigger_dbt_build dataset_triggered__2026-07-08T21:08:31.852396+00:00 [queued]>
[2026-07-08T21:26:17.916+0000] {taskinstance.py:2306} INFO - Starting attempt 2 of 2
[2026-07-08T21:26:17.921+0000] {taskinstance.py:2330} INFO - Executing <Task(BashOperator): trigger_dbt_build> on 2026-07-08 21:08:31.852396+00:00
[2026-07-08T21:26:17.925+0000] {standard_task_runner.py:90} INFO - Running: ['***', 'tasks', 'run', 'gold_dbt_dag', 'trigger_dbt_build', 'dataset_triggered__2026-07-08T21:08:31.852396+00:00', '--job-id', '1193', '--raw', '--subdir', 'DAGS_FOLDER/dag_gold_dbt.py', '--cfg-path', '/tmp/tmp9spxh509']
[2026-07-08T21:26:17.927+0000] {standard_task_runner.py:91} INFO - Job 1193: Subtask trigger_dbt_build
[2026-07-08T21:26:17.927+0000] {logging_mixin.py:188} WARNING - /home/***/.local/lib/python3.12/site-packages/***/task/task_runner/standard_task_runner.py:61 DeprecationWarning: This process (pid=38402) is multi-threaded, use of fork() may lead to deadlocks in the child.
[2026-07-08T21:26:17.928+0000] {standard_task_runner.py:63} INFO - Started process 38403 to run task
[2026-07-08T21:26:17.944+0000] {task_command.py:426} INFO - Running <TaskInstance: gold_dbt_dag.trigger_dbt_build dataset_triggered__2026-07-08T21:08:31.852396+00:00 [running]> on host bd23e89d97be
[2026-07-08T21:26:17.977+0000] {taskinstance.py:2648} INFO - Exporting env vars: AIRFLOW_CTX_DAG_OWNER='data_engineer' AIRFLOW_CTX_DAG_ID='gold_dbt_dag' AIRFLOW_CTX_TASK_ID='trigger_dbt_build' AIRFLOW_CTX_EXECUTION_DATE='2026-07-08T21:08:31.852396+00:00' AIRFLOW_CTX_TRY_NUMBER='2' AIRFLOW_CTX_DAG_RUN_ID='dataset_triggered__2026-07-08T21:08:31.852396+00:00'
[2026-07-08T21:26:17.978+0000] {taskinstance.py:430} INFO - ::endgroup::
[2026-07-08T21:26:17.984+0000] {subprocess.py:63} INFO - Tmp dir root location: /tmp
[2026-07-08T21:26:17.985+0000] {subprocess.py:75} INFO - Running command: ['/usr/bin/bash', '-c', 'cd /opt/***/dbt && dbt build --profiles-dir . --target dev']
[2026-07-08T21:26:17.988+0000] {subprocess.py:86} INFO - Output:
[2026-07-08T21:26:18.950+0000] {subprocess.py:93} INFO - [0m21:26:18  Running with dbt=1.11.11
[2026-07-08T21:26:19.420+0000] {subprocess.py:93} INFO - [0m21:26:19  Registered adapter: bigquery=1.11.3
[2026-07-08T21:26:19.629+0000] {subprocess.py:93} INFO - [0m21:26:19  Found 6 models, 4 sources, 553 macros
[2026-07-08T21:26:19.630+0000] {subprocess.py:93} INFO - [0m21:26:19
[2026-07-08T21:26:19.630+0000] {subprocess.py:93} INFO - [0m21:26:19  Concurrency: 4 threads (target='dev')
[2026-07-08T21:26:19.631+0000] {subprocess.py:93} INFO - [0m21:26:19
[2026-07-08T21:26:21.252+0000] {subprocess.py:93} INFO - [0m21:26:21  1 of 6 START sql table model logistics_mart.dim_drivers ........................ [RUN]
[2026-07-08T21:26:21.253+0000] {subprocess.py:93} INFO - [0m21:26:21  2 of 6 START sql table model logistics_mart.dim_hubs ........................... [RUN]
[2026-07-08T21:26:21.253+0000] {subprocess.py:93} INFO - [0m21:26:21  3 of 6 START sql view model logistics_mart.stg_shipments ....................... [RUN]
[2026-07-08T21:26:21.254+0000] {subprocess.py:93} INFO - [0m21:26:21  4 of 6 START sql view model logistics_mart.stg_weather ......................... [RUN]
[2026-07-08T21:26:23.405+0000] {subprocess.py:93} INFO - [0m21:26:23  4 of 6 OK created sql view model logistics_mart.stg_weather .................... [[32mCREATE VIEW (0 processed)[0m in 2.15s]
[2026-07-08T21:26:23.406+0000] {subprocess.py:93} INFO - [0m21:26:23  3 of 6 OK created sql view model logistics_mart.stg_shipments .................. [[32mCREATE VIEW (0 processed)[0m in 2.15s]
[2026-07-08T21:26:23.408+0000] {subprocess.py:93} INFO - [0m21:26:23  5 of 6 START sql view model logistics_mart.stg_weather_consensus ............... [RUN]
[2026-07-08T21:26:24.673+0000] {subprocess.py:93} INFO - [0m21:26:24  BigQuery adapter: https://console.cloud.google.com/bigquery?project=logistics-500519&j=bq:US:04ba13a3-86ca-4c95-b27a-9e0e8f137b5f&page=queryresults
[2026-07-08T21:26:24.679+0000] {subprocess.py:93} INFO - [0m21:26:24  5 of 6 ERROR creating sql view model logistics_mart.stg_weather_consensus ...... [[31mERROR[0m in 1.27s]
[2026-07-08T21:26:25.014+0000] {subprocess.py:93} INFO - [0m21:26:25  1 of 6 OK created sql table model logistics_mart.dim_drivers ................... [[32mCREATE TABLE (3.0 rows, 108.0 Bytes processed)[0m in 3.76s]
[2026-07-08T21:26:25.384+0000] {subprocess.py:93} INFO - [0m21:26:25  2 of 6 OK created sql table model logistics_mart.dim_hubs ...................... [[32mCREATE TABLE (3.0 rows, 149.0 Bytes processed)[0m in 4.12s]
[2026-07-08T21:26:25.389+0000] {subprocess.py:93} INFO - [0m21:26:25  6 of 6 START sql table model logistics_mart.fact_shipment_weather .............. [RUN]
[2026-07-08T21:26:29.473+0000] {subprocess.py:93} INFO - [0m21:26:29  6 of 6 OK created sql table model logistics_mart.fact_shipment_weather ......... [[32mCREATE TABLE (1.4k rows, 89.1 KiB processed)[0m in 4.08s]
[2026-07-08T21:26:29.522+0000] {subprocess.py:93} INFO - [0m21:26:29
[2026-07-08T21:26:29.522+0000] {subprocess.py:93} INFO - [0m21:26:29  Finished running 3 table models, 3 view models in 0 hours 0 minutes and 9.89 seconds (9.89s).
[2026-07-08T21:26:29.552+0000] {subprocess.py:93} INFO - [0m21:26:29
[2026-07-08T21:26:29.552+0000] {subprocess.py:93} INFO - [0m21:26:29  [31mCompleted with 1 error, 0 partial successes, and 0 warnings:[0m
[2026-07-08T21:26:29.553+0000] {subprocess.py:93} INFO - [0m21:26:29
[2026-07-08T21:26:29.553+0000] {subprocess.py:93} INFO - [0m21:26:29  [31mFailure in model stg_weather_consensus (models/staging/stg_weather_consensus.sql)[0m
[2026-07-08T21:26:29.553+0000] {subprocess.py:93} INFO - [0m21:26:29    Database Error in model stg_weather_consensus (models/staging/stg_weather_consensus.sql)
[2026-07-08T21:26:29.553+0000] {subprocess.py:93} INFO -   Unrecognized name: fetched_at at [11:11]
[2026-07-08T21:26:29.554+0000] {subprocess.py:93} INFO -   compiled code at target/run/logistics_lakehouse/models/staging/stg_weather_consensus.sql
[2026-07-08T21:26:29.554+0000] {subprocess.py:93} INFO - [0m21:26:29
[2026-07-08T21:26:29.554+0000] {subprocess.py:93} INFO - [0m21:26:29    compiled code at target/compiled/logistics_lakehouse/models/staging/stg_weather_consensus.sql
[2026-07-08T21:26:29.554+0000] {subprocess.py:93} INFO - [0m21:26:29
[2026-07-08T21:26:29.554+0000] {subprocess.py:93} INFO - [0m21:26:29  Done. PASS=5 WARN=0 ERROR=1 SKIP=0 NO-OP=0 TOTAL=6
[2026-07-08T21:26:31.684+0000] {subprocess.py:97} INFO - Command exited with return code 1
[2026-07-08T21:26:31.685+0000] {taskinstance.py:441} INFO - ::group::Post task execution logs
[2026-07-08T21:26:31.691+0000] {taskinstance.py:2905} ERROR - Task failed with exception
Traceback (most recent call last):
  File "/home/airflow/.local/lib/python3.12/site-packages/airflow/models/taskinstance.py", line 465, in _execute_task
    result = _execute_callable(context=context, **execute_callable_kwargs)
             ^^^^^^^^^^^^^^^^^^^^^^^^^^^^^^^^^^^^^^^^^^^^^^^^^^^^^^^^^^^^^
  File "/home/airflow/.local/lib/python3.12/site-packages/airflow/models/taskinstance.py", line 432, in _execute_callable
    return execute_callable(context=context, **execute_callable_kwargs)
           ^^^^^^^^^^^^^^^^^^^^^^^^^^^^^^^^^^^^^^^^^^^^^^^^^^^^^^^^^^^^
  File "/home/airflow/.local/lib/python3.12/site-packages/airflow/models/baseoperator.py", line 400, in wrapper
    return func(self, *args, **kwargs)
           ^^^^^^^^^^^^^^^^^^^^^^^^^^^
  File "/home/airflow/.local/lib/python3.12/site-packages/airflow/operators/bash.py", line 243, in execute
    raise AirflowException(
airflow.exceptions.AirflowException: Bash command failed. The command returned a non-zero exit code 1.
[2026-07-08T21:26:31.693+0000] {taskinstance.py:1206} INFO - Marking task as FAILED. dag_id=gold_dbt_dag, task_id=trigger_dbt_build, run_id=dataset_triggered__2026-07-08T21:08:31.852396+00:00, execution_date=20260708T210831, start_date=20260708T212617, end_date=20260708T212631
[2026-07-08T21:26:31.700+0000] {standard_task_runner.py:110} ERROR - Failed to execute job 1193 for task trigger_dbt_build (Bash command failed. The command returned a non-zero exit code 1.; 38403)
[2026-07-08T21:26:31.733+0000] {local_task_job_runner.py:240} INFO - Task exited with return code 1
[2026-07-08T21:26:31.740+0000] {taskinstance.py:3498} INFO - 0 downstream tasks scheduled from follow-on schedule check
[2026-07-08T21:26:31.740+0000] {local_task_job_runner.py:222} INFO - ::endgroup::
