[2026-07-11T12:30:22.283+0000] {local_task_job_runner.py:120} INFO - ::group::Pre task execution logs
[2026-07-11T12:30:22.312+0000] {taskinstance.py:2076} INFO - Dependencies all met for dep_context=non-requeueable deps ti=<TaskInstance: gold_dbt_dag.trigger_dbt_build dataset_triggered__2026-07-11T10:03:04.624958+00:00 [queued]>
[2026-07-11T12:30:22.317+0000] {taskinstance.py:2076} INFO - Dependencies all met for dep_context=requeueable deps ti=<TaskInstance: gold_dbt_dag.trigger_dbt_build dataset_triggered__2026-07-11T10:03:04.624958+00:00 [queued]>
[2026-07-11T12:30:22.317+0000] {taskinstance.py:2306} INFO - Starting attempt 2 of 2
[2026-07-11T12:30:22.324+0000] {taskinstance.py:2330} INFO - Executing <Task(BashOperator): trigger_dbt_build> on 2026-07-11 10:03:04.624958+00:00
[2026-07-11T12:30:22.330+0000] {standard_task_runner.py:90} INFO - Running: ['***', 'tasks', 'run', 'gold_dbt_dag', 'trigger_dbt_build', 'dataset_triggered__2026-07-11T10:03:04.624958+00:00', '--job-id', '1623', '--raw', '--subdir', 'DAGS_FOLDER/dag_gold_dbt.py', '--cfg-path', '/tmp/tmpcn_2i42f']
[2026-07-11T12:30:22.336+0000] {standard_task_runner.py:91} INFO - Job 1623: Subtask trigger_dbt_build
[2026-07-11T12:30:22.338+0000] {logging_mixin.py:188} WARNING - /home/***/.local/lib/python3.12/site-packages/***/task/task_runner/standard_task_runner.py:61 DeprecationWarning: This process (pid=67750) is multi-threaded, use of fork() may lead to deadlocks in the child.
[2026-07-11T12:30:22.339+0000] {standard_task_runner.py:63} INFO - Started process 67760 to run task
[2026-07-11T12:30:22.384+0000] {task_command.py:426} INFO - Running <TaskInstance: gold_dbt_dag.trigger_dbt_build dataset_triggered__2026-07-11T10:03:04.624958+00:00 [running]> on host bd23e89d97be
[2026-07-11T12:30:22.436+0000] {taskinstance.py:2648} INFO - Exporting env vars: AIRFLOW_CTX_DAG_OWNER='data_engineer' AIRFLOW_CTX_DAG_ID='gold_dbt_dag' AIRFLOW_CTX_TASK_ID='trigger_dbt_build' AIRFLOW_CTX_EXECUTION_DATE='2026-07-11T10:03:04.624958+00:00' AIRFLOW_CTX_TRY_NUMBER='2' AIRFLOW_CTX_DAG_RUN_ID='dataset_triggered__2026-07-11T10:03:04.624958+00:00'
[2026-07-11T12:30:22.437+0000] {taskinstance.py:430} INFO - ::endgroup::
[2026-07-11T12:30:22.446+0000] {subprocess.py:63} INFO - Tmp dir root location: /tmp
[2026-07-11T12:30:22.446+0000] {subprocess.py:75} INFO - Running command: ['/usr/bin/bash', '-c', 'cd /opt/***/dbt && dbt build --profiles-dir . --target dev']
[2026-07-11T12:30:22.452+0000] {subprocess.py:86} INFO - Output:
[2026-07-11T12:30:24.086+0000] {subprocess.py:93} INFO - [0m12:30:24  Running with dbt=1.11.11
[2026-07-11T12:30:24.810+0000] {subprocess.py:93} INFO - [0m12:30:24  Registered adapter: bigquery=1.11.3
[2026-07-11T12:30:25.106+0000] {subprocess.py:93} INFO - [0m12:30:25  Found 6 models, 4 sources, 553 macros
[2026-07-11T12:30:25.107+0000] {subprocess.py:93} INFO - [0m12:30:25
[2026-07-11T12:30:25.107+0000] {subprocess.py:93} INFO - [0m12:30:25  Concurrency: 4 threads (target='dev')
[2026-07-11T12:30:25.108+0000] {subprocess.py:93} INFO - [0m12:30:25
[2026-07-11T12:30:27.184+0000] {subprocess.py:93} INFO - [0m12:30:27  2 of 6 START sql table model logistics_mart.dim_hubs ........................... [RUN]
[2026-07-11T12:30:27.205+0000] {subprocess.py:93} INFO - [0m12:30:27  3 of 6 START sql view model logistics_mart.stg_shipments ....................... [RUN]
[2026-07-11T12:30:27.206+0000] {subprocess.py:93} INFO - [0m12:30:27  1 of 6 START sql table model logistics_mart.dim_drivers ........................ [RUN]
[2026-07-11T12:30:27.207+0000] {subprocess.py:93} INFO - [0m12:30:27  4 of 6 START sql view model logistics_mart.stg_weather ......................... [RUN]
[2026-07-11T12:30:29.854+0000] {subprocess.py:93} INFO - [0m12:30:29  3 of 6 OK created sql view model logistics_mart.stg_shipments .................. [[32mCREATE VIEW (0 processed)[0m in 2.63s]
[2026-07-11T12:30:29.858+0000] {subprocess.py:93} INFO - [0m12:30:29  4 of 6 OK created sql view model logistics_mart.stg_weather .................... [[32mCREATE VIEW (0 processed)[0m in 2.64s]
[2026-07-11T12:30:29.869+0000] {subprocess.py:93} INFO - [0m12:30:29  5 of 6 START sql view model logistics_mart.stg_weather_consensus ............... [RUN]
[2026-07-11T12:30:31.316+0000] {subprocess.py:93} INFO - [0m12:30:31  1 of 6 OK created sql table model logistics_mart.dim_drivers ................... [[32mCREATE TABLE (3.0 rows, 108.0 Bytes processed)[0m in 4.10s]
[2026-07-11T12:30:31.323+0000] {subprocess.py:93} INFO - [0m12:30:31  BigQuery adapter: https://console.cloud.google.com/bigquery?project=logistics-500519&j=bq:US:657ec7c8-7983-415a-8ba2-0eedd71320da&page=queryresults
[2026-07-11T12:30:31.341+0000] {subprocess.py:93} INFO - [0m12:30:31  5 of 6 ERROR creating sql view model logistics_mart.stg_weather_consensus ...... [[31mERROR[0m in 1.46s]
[2026-07-11T12:30:32.132+0000] {subprocess.py:93} INFO - [0m12:30:32  2 of 6 OK created sql table model logistics_mart.dim_hubs ...................... [[32mCREATE TABLE (3.0 rows, 149.0 Bytes processed)[0m in 4.91s]
[2026-07-11T12:30:32.184+0000] {subprocess.py:93} INFO - [0m12:30:32  6 of 6 START sql table model logistics_mart.fact_shipment_weather .............. [RUN]
[2026-07-11T12:30:36.707+0000] {subprocess.py:93} INFO - [0m12:30:36  6 of 6 OK created sql table model logistics_mart.fact_shipment_weather ......... [[32mCREATE TABLE (1.9k rows, 118.2 KiB processed)[0m in 4.51s]
[2026-07-11T12:30:36.906+0000] {subprocess.py:93} INFO - [0m12:30:36
[2026-07-11T12:30:36.908+0000] {subprocess.py:93} INFO - [0m12:30:36  Finished running 3 table models, 3 view models in 0 hours 0 minutes and 11.79 seconds (11.79s).
[2026-07-11T12:30:37.096+0000] {subprocess.py:93} INFO - [0m12:30:37
[2026-07-11T12:30:37.195+0000] {subprocess.py:93} INFO - [0m12:30:37  [31mCompleted with 1 error, 0 partial successes, and 0 warnings:[0m
[2026-07-11T12:30:37.221+0000] {subprocess.py:93} INFO - [0m12:30:37
[2026-07-11T12:30:37.232+0000] {subprocess.py:93} INFO - [0m12:30:37  [31mFailure in model stg_weather_consensus (models/staging/stg_weather_consensus.sql)[0m
[2026-07-11T12:30:37.241+0000] {subprocess.py:93} INFO - [0m12:30:37    Database Error in model stg_weather_consensus (models/staging/stg_weather_consensus.sql)
[2026-07-11T12:30:37.250+0000] {subprocess.py:93} INFO -   Unrecognized name: fetched_at at [11:11]
[2026-07-11T12:30:37.256+0000] {subprocess.py:93} INFO -   compiled code at target/run/logistics_lakehouse/models/staging/stg_weather_consensus.sql
[2026-07-11T12:30:37.262+0000] {subprocess.py:93} INFO - [0m12:30:37
[2026-07-11T12:30:37.268+0000] {subprocess.py:93} INFO - [0m12:30:37    compiled code at target/compiled/logistics_lakehouse/models/staging/stg_weather_consensus.sql
[2026-07-11T12:30:37.270+0000] {subprocess.py:93} INFO - [0m12:30:37
[2026-07-11T12:30:37.274+0000] {subprocess.py:93} INFO - [0m12:30:37  Done. PASS=5 WARN=0 ERROR=1 SKIP=0 NO-OP=0 TOTAL=6
[2026-07-11T12:30:39.573+0000] {subprocess.py:97} INFO - Command exited with return code 1
[2026-07-11T12:30:39.576+0000] {taskinstance.py:441} INFO - ::group::Post task execution logs
[2026-07-11T12:30:39.590+0000] {taskinstance.py:2905} ERROR - Task failed with exception
Traceback (most recent call last):
  File "/home/airflow/.local/lib/python3.12/site-packages/airflow/models/taskinstance.py", line 465, in _execute_task
    result = _execute_callable(context=context, **execute_callable_kwargs)
             ^^^^^^^^^^^^^^^^^^^^^^^^^^^^^^^^^^^^^^^^^^^^^^^^^^^^^^^^^^^^^
  File "/home/airflow/.local/lib/python3.12/site-packages/airflow/models/taskinstance.py", line 432, in _execute_callable
    return execute_callable(context=context, **execute_callable_kwargs)
           ^^^^^^^^^^^^^^^^^^^^^^^^^^^^^^^^^^^^^^^^^^^^^^^^^^^^^^^^^^^^
  File "/home/airflow/.local/lib/python3.12/site-packages/airflow/models/baseoperator.py", line 400, in wrapper
    return func(self, *args, **kwargs)
           ^^^^^^^^^^^^^^^^^^^^^^^^^^^
  File "/home/airflow/.local/lib/python3.12/site-packages/airflow/operators/bash.py", line 243, in execute
    raise AirflowException(
airflow.exceptions.AirflowException: Bash command failed. The command returned a non-zero exit code 1.
[2026-07-11T12:30:39.595+0000] {taskinstance.py:1206} INFO - Marking task as FAILED. dag_id=gold_dbt_dag, task_id=trigger_dbt_build, run_id=dataset_triggered__2026-07-11T10:03:04.624958+00:00, execution_date=20260711T100304, start_date=20260711T123022, end_date=20260711T123039
[2026-07-11T12:30:39.611+0000] {standard_task_runner.py:110} ERROR - Failed to execute job 1623 for task trigger_dbt_build (Bash command failed. The command returned a non-zero exit code 1.; 67760)
[2026-07-11T12:30:39.637+0000] {local_task_job_runner.py:240} INFO - Task exited with return code 1
[2026-07-11T12:30:39.652+0000] {taskinstance.py:3498} INFO - 0 downstream tasks scheduled from follow-on schedule check
[2026-07-11T12:30:39.653+0000] {local_task_job_runner.py:222} INFO - ::endgroup::
