[2026-07-03T04:13:30.213+0000] {local_task_job_runner.py:120} INFO - ::group::Pre task execution logs
[2026-07-03T04:13:30.228+0000] {taskinstance.py:2076} INFO - Dependencies all met for dep_context=non-requeueable deps ti=<TaskInstance: gold_dbt_dag.trigger_dbt_build dataset_triggered__2026-07-03T04:13:29.230658+00:00 [queued]>
[2026-07-03T04:13:30.231+0000] {taskinstance.py:2076} INFO - Dependencies all met for dep_context=requeueable deps ti=<TaskInstance: gold_dbt_dag.trigger_dbt_build dataset_triggered__2026-07-03T04:13:29.230658+00:00 [queued]>
[2026-07-03T04:13:30.231+0000] {taskinstance.py:2306} INFO - Starting attempt 1 of 2
[2026-07-03T04:13:30.235+0000] {taskinstance.py:2330} INFO - Executing <Task(BashOperator): trigger_dbt_build> on 2026-07-03 04:13:29.230658+00:00
[2026-07-03T04:13:30.239+0000] {logging_mixin.py:188} WARNING - /home/***/.local/lib/python3.12/site-packages/***/task/task_runner/standard_task_runner.py:61 DeprecationWarning: This process (pid=2339) is multi-threaded, use of fork() may lead to deadlocks in the child.
[2026-07-03T04:13:30.240+0000] {standard_task_runner.py:63} INFO - Started process 2340 to run task
[2026-07-03T04:13:30.239+0000] {standard_task_runner.py:90} INFO - Running: ['***', 'tasks', 'run', 'gold_dbt_dag', 'trigger_dbt_build', 'dataset_triggered__2026-07-03T04:13:29.230658+00:00', '--job-id', '336', '--raw', '--subdir', 'DAGS_FOLDER/dag_gold_dbt.py', '--cfg-path', '/tmp/tmps2r7tkto']
[2026-07-03T04:13:30.240+0000] {standard_task_runner.py:91} INFO - Job 336: Subtask trigger_dbt_build
[2026-07-03T04:13:30.256+0000] {task_command.py:426} INFO - Running <TaskInstance: gold_dbt_dag.trigger_dbt_build dataset_triggered__2026-07-03T04:13:29.230658+00:00 [running]> on host bd23e89d97be
[2026-07-03T04:13:30.284+0000] {taskinstance.py:2648} INFO - Exporting env vars: AIRFLOW_CTX_DAG_OWNER='data_engineer' AIRFLOW_CTX_DAG_ID='gold_dbt_dag' AIRFLOW_CTX_TASK_ID='trigger_dbt_build' AIRFLOW_CTX_EXECUTION_DATE='2026-07-03T04:13:29.230658+00:00' AIRFLOW_CTX_TRY_NUMBER='1' AIRFLOW_CTX_DAG_RUN_ID='dataset_triggered__2026-07-03T04:13:29.230658+00:00'
[2026-07-03T04:13:30.285+0000] {taskinstance.py:430} INFO - ::endgroup::
[2026-07-03T04:13:30.292+0000] {subprocess.py:63} INFO - Tmp dir root location: /tmp
[2026-07-03T04:13:30.292+0000] {subprocess.py:75} INFO - Running command: ['/usr/bin/bash', '-c', 'cd /opt/***/dbt && dbt build --profiles-dir . --target dev']
[2026-07-03T04:13:30.295+0000] {subprocess.py:86} INFO - Output:
[2026-07-03T04:13:31.275+0000] {subprocess.py:93} INFO - [0m04:13:31  Running with dbt=1.11.11
[2026-07-03T04:13:31.756+0000] {subprocess.py:93} INFO - [0m04:13:31  Registered adapter: bigquery=1.11.3
[2026-07-03T04:13:31.963+0000] {subprocess.py:93} INFO - [0m04:13:31  Found 5 models, 4 sources, 553 macros
[2026-07-03T04:13:31.964+0000] {subprocess.py:93} INFO - [0m04:13:31
[2026-07-03T04:13:31.964+0000] {subprocess.py:93} INFO - [0m04:13:31  Concurrency: 4 threads (target='dev')
[2026-07-03T04:13:31.964+0000] {subprocess.py:93} INFO - [0m04:13:31
[2026-07-03T04:13:33.557+0000] {subprocess.py:93} INFO - [0m04:13:33  1 of 5 START sql table model logistics_mart.dim_drivers ........................ [RUN]
[2026-07-03T04:13:33.557+0000] {subprocess.py:93} INFO - [0m04:13:33  2 of 5 START sql table model logistics_mart.dim_hubs ........................... [RUN]
[2026-07-03T04:13:33.558+0000] {subprocess.py:93} INFO - [0m04:13:33  3 of 5 START sql view model logistics_mart.stg_shipments ....................... [RUN]
[2026-07-03T04:13:33.558+0000] {subprocess.py:93} INFO - [0m04:13:33  4 of 5 START sql view model logistics_mart.stg_weather ......................... [RUN]
[2026-07-03T04:13:35.645+0000] {subprocess.py:93} INFO - [0m04:13:35  4 of 5 OK created sql view model logistics_mart.stg_weather .................... [[32mCREATE VIEW (0 processed)[0m in 2.08s]
[2026-07-03T04:13:35.703+0000] {subprocess.py:93} INFO - [0m04:13:35  3 of 5 OK created sql view model logistics_mart.stg_shipments .................. [[32mCREATE VIEW (0 processed)[0m in 2.14s]
[2026-07-03T04:13:37.128+0000] {subprocess.py:93} INFO - [0m04:13:37  1 of 5 OK created sql table model logistics_mart.dim_drivers ................... [[32mCREATE TABLE (3.0 rows, 108.0 Bytes processed)[0m in 3.57s]
[2026-07-03T04:13:37.170+0000] {subprocess.py:93} INFO - [0m04:13:37  2 of 5 OK created sql table model logistics_mart.dim_hubs ...................... [[32mCREATE TABLE (3.0 rows, 149.0 Bytes processed)[0m in 3.61s]
[2026-07-03T04:13:37.175+0000] {subprocess.py:93} INFO - [0m04:13:37  5 of 5 START sql table model logistics_mart.fact_shipment_weather .............. [RUN]
[2026-07-03T04:13:40.967+0000] {subprocess.py:93} INFO - [0m04:13:40  5 of 5 OK created sql table model logistics_mart.fact_shipment_weather ......... [[32mCREATE TABLE (367.0 rows, 23.5 KiB processed)[0m in 3.79s]
[2026-07-03T04:13:41.014+0000] {subprocess.py:93} INFO - [0m04:13:41
[2026-07-03T04:13:41.015+0000] {subprocess.py:93} INFO - [0m04:13:41  Finished running 3 table models, 2 view models in 0 hours 0 minutes and 9.05 seconds (9.05s).
[2026-07-03T04:13:41.046+0000] {subprocess.py:93} INFO - [0m04:13:41
[2026-07-03T04:13:41.047+0000] {subprocess.py:93} INFO - [0m04:13:41  [32mCompleted successfully[0m
[2026-07-03T04:13:41.047+0000] {subprocess.py:93} INFO - [0m04:13:41
[2026-07-03T04:13:41.047+0000] {subprocess.py:93} INFO - [0m04:13:41  Done. PASS=5 WARN=0 ERROR=0 SKIP=0 NO-OP=0 TOTAL=5
[2026-07-03T04:13:42.855+0000] {subprocess.py:97} INFO - Command exited with return code 0
[2026-07-03T04:13:42.855+0000] {taskinstance.py:441} INFO - ::group::Post task execution logs
[2026-07-03T04:13:42.866+0000] {taskinstance.py:1206} INFO - Marking task as SUCCESS. dag_id=gold_dbt_dag, task_id=trigger_dbt_build, run_id=dataset_triggered__2026-07-03T04:13:29.230658+00:00, execution_date=20260703T041329, start_date=20260703T041330, end_date=20260703T041342
[2026-07-03T04:13:42.907+0000] {local_task_job_runner.py:240} INFO - Task exited with return code 0
[2026-07-03T04:13:42.924+0000] {taskinstance.py:3498} INFO - 0 downstream tasks scheduled from follow-on schedule check
[2026-07-03T04:13:42.925+0000] {local_task_job_runner.py:222} INFO - ::endgroup::
