[2026-07-11T21:01:31.938+0000] {local_task_job_runner.py:120} INFO - ::group::Pre task execution logs
[2026-07-11T21:01:31.960+0000] {taskinstance.py:2076} INFO - Dependencies all met for dep_context=non-requeueable deps ti=<TaskInstance: gold_dbt_dag.trigger_dbt_build dataset_triggered__2026-07-11T18:25:18.890471+00:00 [queued]>
[2026-07-11T21:01:31.964+0000] {taskinstance.py:2076} INFO - Dependencies all met for dep_context=requeueable deps ti=<TaskInstance: gold_dbt_dag.trigger_dbt_build dataset_triggered__2026-07-11T18:25:18.890471+00:00 [queued]>
[2026-07-11T21:01:31.965+0000] {taskinstance.py:2306} INFO - Starting attempt 2 of 2
[2026-07-11T21:01:31.972+0000] {taskinstance.py:2330} INFO - Executing <Task(BashOperator): trigger_dbt_build> on 2026-07-11 18:25:18.890471+00:00
[2026-07-11T21:01:31.978+0000] {standard_task_runner.py:90} INFO - Running: ['***', 'tasks', 'run', 'gold_dbt_dag', 'trigger_dbt_build', 'dataset_triggered__2026-07-11T18:25:18.890471+00:00', '--job-id', '38', '--raw', '--subdir', 'DAGS_FOLDER/dag_gold_dbt.py', '--cfg-path', '/tmp/tmp3rdo731l']
[2026-07-11T21:01:31.982+0000] {standard_task_runner.py:91} INFO - Job 38: Subtask trigger_dbt_build
[2026-07-11T21:01:31.982+0000] {logging_mixin.py:188} WARNING - /home/***/.local/lib/python3.12/site-packages/***/task/task_runner/standard_task_runner.py:61 DeprecationWarning: This process (pid=7167) is multi-threaded, use of fork() may lead to deadlocks in the child.
[2026-07-11T21:01:31.983+0000] {standard_task_runner.py:63} INFO - Started process 7172 to run task
[2026-07-11T21:01:32.018+0000] {task_command.py:426} INFO - Running <TaskInstance: gold_dbt_dag.trigger_dbt_build dataset_triggered__2026-07-11T18:25:18.890471+00:00 [running]> on host ad4e12f53b08
[2026-07-11T21:01:32.070+0000] {taskinstance.py:2648} INFO - Exporting env vars: AIRFLOW_CTX_DAG_OWNER='data_engineer' AIRFLOW_CTX_DAG_ID='gold_dbt_dag' AIRFLOW_CTX_TASK_ID='trigger_dbt_build' AIRFLOW_CTX_EXECUTION_DATE='2026-07-11T18:25:18.890471+00:00' AIRFLOW_CTX_TRY_NUMBER='2' AIRFLOW_CTX_DAG_RUN_ID='dataset_triggered__2026-07-11T18:25:18.890471+00:00'
[2026-07-11T21:01:32.071+0000] {taskinstance.py:430} INFO - ::endgroup::
[2026-07-11T21:01:32.080+0000] {subprocess.py:63} INFO - Tmp dir root location: /tmp
[2026-07-11T21:01:32.081+0000] {subprocess.py:75} INFO - Running command: ['/usr/bin/bash', '-c', 'cd /opt/***/dbt && dbt build --profiles-dir . --target dev']
[2026-07-11T21:01:32.094+0000] {subprocess.py:86} INFO - Output:
[2026-07-11T21:01:33.491+0000] {subprocess.py:93} INFO - [0m21:01:33  Running with dbt=1.11.11
[2026-07-11T21:01:35.021+0000] {subprocess.py:93} INFO - [0m21:01:35  Registered adapter: bigquery=1.11.3
[2026-07-11T21:01:35.399+0000] {subprocess.py:93} INFO - [0m21:01:35  Found 6 models, 4 sources, 553 macros
[2026-07-11T21:01:35.401+0000] {subprocess.py:93} INFO - [0m21:01:35
[2026-07-11T21:01:35.402+0000] {subprocess.py:93} INFO - [0m21:01:35  Concurrency: 4 threads (target='dev')
[2026-07-11T21:01:35.402+0000] {subprocess.py:93} INFO - [0m21:01:35
[2026-07-11T21:01:36.804+0000] {subprocess.py:93} INFO - [0m21:01:36  1 of 6 START sql table model logistics_mart.dim_drivers ........................ [RUN]
[2026-07-11T21:01:36.805+0000] {subprocess.py:93} INFO - [0m21:01:36  2 of 6 START sql table model logistics_mart.dim_hubs ........................... [RUN]
[2026-07-11T21:01:36.806+0000] {subprocess.py:93} INFO - [0m21:01:36  3 of 6 START sql view model logistics_mart.stg_shipments ....................... [RUN]
[2026-07-11T21:01:36.806+0000] {subprocess.py:93} INFO - [0m21:01:36  4 of 6 START sql view model logistics_mart.stg_weather ......................... [RUN]
[2026-07-11T21:01:53.403+0000] {subprocess.py:93} INFO - [0m21:01:53  4 of 6 ERROR creating sql view model logistics_mart.stg_weather ................ [[31mERROR[0m in 16.59s]
[2026-07-11T21:01:53.405+0000] {subprocess.py:93} INFO - [0m21:01:53  5 of 6 START sql view model logistics_mart.stg_weather_consensus ............... [RUN]
[2026-07-11T21:01:53.490+0000] {subprocess.py:93} INFO - [0m21:01:53  3 of 6 ERROR creating sql view model logistics_mart.stg_shipments .............. [[31mERROR[0m in 16.68s]
[2026-07-11T21:01:53.522+0000] {subprocess.py:93} INFO - [0m21:01:53  2 of 6 ERROR creating sql table model logistics_mart.dim_hubs .................. [[31mERROR[0m in 16.71s]
[2026-07-11T21:01:53.628+0000] {subprocess.py:93} INFO - [0m21:01:53  5 of 6 ERROR creating sql view model logistics_mart.stg_weather_consensus ...... [[31mERROR[0m in 0.22s]
[2026-07-11T21:01:53.632+0000] {subprocess.py:93} INFO - [0m21:01:53  6 of 6 SKIP relation logistics_mart.fact_shipment_weather ...................... [[33mSKIP[0m]
[2026-07-11T21:01:53.654+0000] {subprocess.py:93} INFO - [0m21:01:53  1 of 6 ERROR creating sql table model logistics_mart.dim_drivers ............... [[31mERROR[0m in 16.85s]
[2026-07-11T21:01:53.694+0000] {subprocess.py:93} INFO - [0m21:01:53
[2026-07-11T21:01:53.694+0000] {subprocess.py:93} INFO - [0m21:01:53  Finished running 3 table models, 3 view models in 0 hours 0 minutes and 18.29 seconds (18.29s).
[2026-07-11T21:01:53.745+0000] {subprocess.py:93} INFO - [0m21:01:53
[2026-07-11T21:01:53.746+0000] {subprocess.py:93} INFO - [0m21:01:53  [31mCompleted with 5 errors, 0 partial successes, and 0 warnings:[0m
[2026-07-11T21:01:53.746+0000] {subprocess.py:93} INFO - [0m21:01:53
[2026-07-11T21:01:53.746+0000] {subprocess.py:93} INFO - [0m21:01:53  [31mFailure in model stg_weather (models/staging/stg_weather.sql)[0m
[2026-07-11T21:01:53.747+0000] {subprocess.py:93} INFO - [0m21:01:53    Database Error in model stg_weather (models/staging/stg_weather.sql)
[2026-07-11T21:01:53.747+0000] {subprocess.py:93} INFO -   ('Connection aborted.', RemoteDisconnected('Remote end closed connection without response'))
[2026-07-11T21:01:53.747+0000] {subprocess.py:93} INFO -   compiled code at target/run/logistics_lakehouse/models/staging/stg_weather.sql
[2026-07-11T21:01:53.747+0000] {subprocess.py:93} INFO - [0m21:01:53
[2026-07-11T21:01:53.748+0000] {subprocess.py:93} INFO - [0m21:01:53    compiled code at target/compiled/logistics_lakehouse/models/staging/stg_weather.sql
[2026-07-11T21:01:53.748+0000] {subprocess.py:93} INFO - [0m21:01:53
[2026-07-11T21:01:53.748+0000] {subprocess.py:93} INFO - [0m21:01:53  [31mFailure in model stg_shipments (models/staging/stg_shipments.sql)[0m
[2026-07-11T21:01:53.749+0000] {subprocess.py:93} INFO - [0m21:01:53    Database Error in model stg_shipments (models/staging/stg_shipments.sql)
[2026-07-11T21:01:53.749+0000] {subprocess.py:93} INFO -   ('Connection aborted.', RemoteDisconnected('Remote end closed connection without response'))
[2026-07-11T21:01:53.749+0000] {subprocess.py:93} INFO -   compiled code at target/run/logistics_lakehouse/models/staging/stg_shipments.sql
[2026-07-11T21:01:53.750+0000] {subprocess.py:93} INFO - [0m21:01:53
[2026-07-11T21:01:53.750+0000] {subprocess.py:93} INFO - [0m21:01:53    compiled code at target/compiled/logistics_lakehouse/models/staging/stg_shipments.sql
[2026-07-11T21:01:53.750+0000] {subprocess.py:93} INFO - [0m21:01:53
[2026-07-11T21:01:53.751+0000] {subprocess.py:93} INFO - [0m21:01:53  [31mFailure in model dim_hubs (models/mart/dim_hubs.sql)[0m
[2026-07-11T21:01:53.751+0000] {subprocess.py:93} INFO - [0m21:01:53    Database Error in model dim_hubs (models/mart/dim_hubs.sql)
[2026-07-11T21:01:53.752+0000] {subprocess.py:93} INFO -   ('Connection aborted.', RemoteDisconnected('Remote end closed connection without response'))
[2026-07-11T21:01:53.752+0000] {subprocess.py:93} INFO -   compiled code at target/run/logistics_lakehouse/models/mart/dim_hubs.sql
[2026-07-11T21:01:53.752+0000] {subprocess.py:93} INFO - [0m21:01:53
[2026-07-11T21:01:53.753+0000] {subprocess.py:93} INFO - [0m21:01:53    compiled code at target/compiled/logistics_lakehouse/models/mart/dim_hubs.sql
[2026-07-11T21:01:53.753+0000] {subprocess.py:93} INFO - [0m21:01:53
[2026-07-11T21:01:53.753+0000] {subprocess.py:93} INFO - [0m21:01:53  [31mFailure in model stg_weather_consensus (models/staging/stg_weather_consensus.sql)[0m
[2026-07-11T21:01:53.753+0000] {subprocess.py:93} INFO - [0m21:01:53    Database Error in model stg_weather_consensus (models/staging/stg_weather_consensus.sql)
[2026-07-11T21:01:53.753+0000] {subprocess.py:93} INFO -   Unable to generate access token, if you're using impersonate_service_account, make sure your initial account has the "roles/iam.serviceAccountTokenCreator" role on the account you are trying to impersonate.
[2026-07-11T21:01:53.754+0000] {subprocess.py:93} INFO - 
[2026-07-11T21:01:53.754+0000] {subprocess.py:93} INFO -   ('invalid_grant: Invalid JWT: Token must be a short-lived token (60 minutes) and in a reasonable timeframe. Check your iat and exp values in the JWT claim.', {'error': 'invalid_grant', 'error_description': 'Invalid JWT: Token must be a short-lived token (60 minutes) and in a reasonable timeframe. Check your iat and exp values in the JWT claim.'})
[2026-07-11T21:01:53.754+0000] {subprocess.py:93} INFO -   compiled code at target/run/logistics_lakehouse/models/staging/stg_weather_consensus.sql
[2026-07-11T21:01:53.755+0000] {subprocess.py:93} INFO - [0m21:01:53
[2026-07-11T21:01:53.755+0000] {subprocess.py:93} INFO - [0m21:01:53    compiled code at target/compiled/logistics_lakehouse/models/staging/stg_weather_consensus.sql
[2026-07-11T21:01:53.755+0000] {subprocess.py:93} INFO - [0m21:01:53
[2026-07-11T21:01:53.756+0000] {subprocess.py:93} INFO - [0m21:01:53  [31mFailure in model dim_drivers (models/mart/dim_drivers.sql)[0m
[2026-07-11T21:01:53.756+0000] {subprocess.py:93} INFO - [0m21:01:53    Database Error in model dim_drivers (models/mart/dim_drivers.sql)
[2026-07-11T21:01:53.756+0000] {subprocess.py:93} INFO -   ('Connection aborted.', RemoteDisconnected('Remote end closed connection without response'))
[2026-07-11T21:01:53.756+0000] {subprocess.py:93} INFO -   compiled code at target/run/logistics_lakehouse/models/mart/dim_drivers.sql
[2026-07-11T21:01:53.756+0000] {subprocess.py:93} INFO - [0m21:01:53
[2026-07-11T21:01:53.756+0000] {subprocess.py:93} INFO - [0m21:01:53    compiled code at target/compiled/logistics_lakehouse/models/mart/dim_drivers.sql
[2026-07-11T21:01:53.756+0000] {subprocess.py:93} INFO - [0m21:01:53
[2026-07-11T21:01:53.757+0000] {subprocess.py:93} INFO - [0m21:01:53  Done. PASS=0 WARN=0 ERROR=5 SKIP=1 NO-OP=0 TOTAL=6
[2026-07-11T21:01:56.460+0000] {subprocess.py:97} INFO - Command exited with return code 1
[2026-07-11T21:01:56.463+0000] {taskinstance.py:441} INFO - ::group::Post task execution logs
[2026-07-11T21:01:56.489+0000] {taskinstance.py:2905} ERROR - Task failed with exception
Traceback (most recent call last):
  File "/home/airflow/.local/lib/python3.12/site-packages/airflow/models/taskinstance.py", line 465, in _execute_task
    result = _execute_callable(context=context, **execute_callable_kwargs)
             ^^^^^^^^^^^^^^^^^^^^^^^^^^^^^^^^^^^^^^^^^^^^^^^^^^^^^^^^^^^^^
  File "/home/airflow/.local/lib/python3.12/site-packages/airflow/models/taskinstance.py", line 432, in _execute_callable
    return execute_callable(context=context, **execute_callable_kwargs)
           ^^^^^^^^^^^^^^^^^^^^^^^^^^^^^^^^^^^^^^^^^^^^^^^^^^^^^^^^^^^^
  File "/home/airflow/.local/lib/python3.12/site-packages/airflow/models/baseoperator.py", line 400, in wrapper
    return func(self, *args, **kwargs)
           ^^^^^^^^^^^^^^^^^^^^^^^^^^^
  File "/home/airflow/.local/lib/python3.12/site-packages/airflow/operators/bash.py", line 243, in execute
    raise AirflowException(
airflow.exceptions.AirflowException: Bash command failed. The command returned a non-zero exit code 1.
[2026-07-11T21:01:56.493+0000] {taskinstance.py:1206} INFO - Marking task as FAILED. dag_id=gold_dbt_dag, task_id=trigger_dbt_build, run_id=dataset_triggered__2026-07-11T18:25:18.890471+00:00, execution_date=20260711T182518, start_date=20260711T210131, end_date=20260711T210156
[2026-07-11T21:01:56.506+0000] {standard_task_runner.py:110} ERROR - Failed to execute job 38 for task trigger_dbt_build (Bash command failed. The command returned a non-zero exit code 1.; 7172)
[2026-07-11T21:01:56.520+0000] {local_task_job_runner.py:240} INFO - Task exited with return code 1
[2026-07-11T21:01:56.541+0000] {taskinstance.py:3498} INFO - 0 downstream tasks scheduled from follow-on schedule check
[2026-07-11T21:01:56.542+0000] {local_task_job_runner.py:222} INFO - ::endgroup::
