[2026-07-12T16:02:33.730+0000] {local_task_job_runner.py:120} INFO - ::group::Pre task execution logs
[2026-07-12T16:02:33.763+0000] {taskinstance.py:2076} INFO - Dependencies all met for dep_context=non-requeueable deps ti=<TaskInstance: gold_dbt_dag.trigger_dbt_build dataset_triggered__2026-07-12T16:00:20.644819+00:00 [queued]>
[2026-07-12T16:02:33.767+0000] {taskinstance.py:2076} INFO - Dependencies all met for dep_context=requeueable deps ti=<TaskInstance: gold_dbt_dag.trigger_dbt_build dataset_triggered__2026-07-12T16:00:20.644819+00:00 [queued]>
[2026-07-12T16:02:33.767+0000] {taskinstance.py:2306} INFO - Starting attempt 2 of 2
[2026-07-12T16:02:33.773+0000] {taskinstance.py:2330} INFO - Executing <Task(BashOperator): trigger_dbt_build> on 2026-07-12 16:00:20.644819+00:00
[2026-07-12T16:02:33.785+0000] {standard_task_runner.py:90} INFO - Running: ['***', 'tasks', 'run', 'gold_dbt_dag', 'trigger_dbt_build', 'dataset_triggered__2026-07-12T16:00:20.644819+00:00', '--job-id', '175', '--raw', '--subdir', 'DAGS_FOLDER/dag_gold_dbt.py', '--cfg-path', '/tmp/tmpo7ktd_qc']
[2026-07-12T16:02:33.792+0000] {standard_task_runner.py:91} INFO - Job 175: Subtask trigger_dbt_build
[2026-07-12T16:02:33.798+0000] {logging_mixin.py:188} WARNING - /home/***/.local/lib/python3.12/site-packages/***/task/task_runner/standard_task_runner.py:61 DeprecationWarning: This process (pid=21079) is multi-threaded, use of fork() may lead to deadlocks in the child.
[2026-07-12T16:02:33.799+0000] {standard_task_runner.py:63} INFO - Started process 21080 to run task
[2026-07-12T16:02:33.833+0000] {task_command.py:426} INFO - Running <TaskInstance: gold_dbt_dag.trigger_dbt_build dataset_triggered__2026-07-12T16:00:20.644819+00:00 [running]> on host ad4e12f53b08
[2026-07-12T16:02:33.879+0000] {taskinstance.py:2648} INFO - Exporting env vars: AIRFLOW_CTX_DAG_OWNER='data_engineer' AIRFLOW_CTX_DAG_ID='gold_dbt_dag' AIRFLOW_CTX_TASK_ID='trigger_dbt_build' AIRFLOW_CTX_EXECUTION_DATE='2026-07-12T16:00:20.644819+00:00' AIRFLOW_CTX_TRY_NUMBER='2' AIRFLOW_CTX_DAG_RUN_ID='dataset_triggered__2026-07-12T16:00:20.644819+00:00'
[2026-07-12T16:02:33.880+0000] {taskinstance.py:430} INFO - ::endgroup::
[2026-07-12T16:02:33.889+0000] {subprocess.py:63} INFO - Tmp dir root location: /tmp
[2026-07-12T16:02:33.891+0000] {subprocess.py:75} INFO - Running command: ['/usr/bin/bash', '-c', 'cd /opt/***/dbt && dbt build --profiles-dir . --target dev']
[2026-07-12T16:02:33.897+0000] {subprocess.py:86} INFO - Output:
[2026-07-12T16:02:35.336+0000] {subprocess.py:93} INFO - [0m16:02:35  Running with dbt=1.11.11
[2026-07-12T16:02:36.223+0000] {subprocess.py:93} INFO - [0m16:02:36  Registered adapter: bigquery=1.11.3
[2026-07-12T16:02:36.493+0000] {subprocess.py:93} INFO - [0m16:02:36  Found 6 models, 4 sources, 553 macros
[2026-07-12T16:02:36.495+0000] {subprocess.py:93} INFO - [0m16:02:36
[2026-07-12T16:02:36.495+0000] {subprocess.py:93} INFO - [0m16:02:36  Concurrency: 4 threads (target='dev')
[2026-07-12T16:02:36.495+0000] {subprocess.py:93} INFO - [0m16:02:36
[2026-07-12T16:02:38.207+0000] {subprocess.py:93} INFO - [0m16:02:38  1 of 6 START sql table model logistics_mart.dim_drivers ........................ [RUN]
[2026-07-12T16:02:38.209+0000] {subprocess.py:93} INFO - [0m16:02:38  2 of 6 START sql table model logistics_mart.dim_hubs ........................... [RUN]
[2026-07-12T16:02:38.209+0000] {subprocess.py:93} INFO - [0m16:02:38  3 of 6 START sql view model logistics_mart.stg_shipments ....................... [RUN]
[2026-07-12T16:02:38.210+0000] {subprocess.py:93} INFO - [0m16:02:38  4 of 6 START sql view model logistics_mart.stg_weather ......................... [RUN]
[2026-07-12T16:02:40.424+0000] {subprocess.py:93} INFO - [0m16:02:40  BigQuery adapter: https://console.cloud.google.com/bigquery?project=logistics-500519&j=bq:US:889dc7b2-203c-4abb-b6e4-5860a454242e&page=queryresults
[2026-07-12T16:02:40.429+0000] {subprocess.py:93} INFO - [0m16:02:40  BigQuery adapter: https://console.cloud.google.com/bigquery?project=logistics-500519&j=bq:US:f44e581b-6bc1-4499-a724-99fd65e2cb8e&page=queryresults
[2026-07-12T16:02:40.439+0000] {subprocess.py:93} INFO - [0m16:02:40  3 of 6 OK created sql view model logistics_mart.stg_shipments .................. [[32mCREATE VIEW (0 processed)[0m in 2.21s]
[2026-07-12T16:02:40.441+0000] {subprocess.py:93} INFO - [0m16:02:40  4 of 6 OK created sql view model logistics_mart.stg_weather .................... [[32mCREATE VIEW (0 processed)[0m in 2.22s]
[2026-07-12T16:02:40.448+0000] {subprocess.py:93} INFO - [0m16:02:40  5 of 6 START sql view model logistics_mart.stg_weather_consensus ............... [RUN]
[2026-07-12T16:02:40.461+0000] {subprocess.py:93} INFO - [0m16:02:40  2 of 6 ERROR creating sql table model logistics_mart.dim_hubs .................. [[31mERROR[0m in 2.25s]
[2026-07-12T16:02:40.462+0000] {subprocess.py:93} INFO - [0m16:02:40  1 of 6 ERROR creating sql table model logistics_mart.dim_drivers ............... [[31mERROR[0m in 2.25s]
[2026-07-12T16:02:42.167+0000] {subprocess.py:93} INFO - [0m16:02:42  5 of 6 OK created sql view model logistics_mart.stg_weather_consensus .......... [[32mCREATE VIEW (0 processed)[0m in 1.71s]
[2026-07-12T16:02:42.172+0000] {subprocess.py:93} INFO - [0m16:02:42  6 of 6 SKIP relation logistics_mart.fact_shipment_weather ...................... [[33mSKIP[0m]
[2026-07-12T16:02:42.208+0000] {subprocess.py:93} INFO - [0m16:02:42
[2026-07-12T16:02:42.208+0000] {subprocess.py:93} INFO - [0m16:02:42  Finished running 3 table models, 3 view models in 0 hours 0 minutes and 5.71 seconds (5.71s).
[2026-07-12T16:02:42.249+0000] {subprocess.py:93} INFO - [0m16:02:42
[2026-07-12T16:02:42.250+0000] {subprocess.py:93} INFO - [0m16:02:42  [31mCompleted with 2 errors, 0 partial successes, and 0 warnings:[0m
[2026-07-12T16:02:42.250+0000] {subprocess.py:93} INFO - [0m16:02:42
[2026-07-12T16:02:42.251+0000] {subprocess.py:93} INFO - [0m16:02:42  [31mFailure in model dim_hubs (models/mart/dim_hubs.sql)[0m
[2026-07-12T16:02:42.252+0000] {subprocess.py:93} INFO - [0m16:02:42    Database Error in model dim_hubs (models/mart/dim_hubs.sql)
[2026-07-12T16:02:42.252+0000] {subprocess.py:93} INFO -   Unrecognized name: is_current at [24:7]
[2026-07-12T16:02:42.252+0000] {subprocess.py:93} INFO -   compiled code at target/run/logistics_lakehouse/models/mart/dim_hubs.sql
[2026-07-12T16:02:42.252+0000] {subprocess.py:93} INFO - [0m16:02:42
[2026-07-12T16:02:42.252+0000] {subprocess.py:93} INFO - [0m16:02:42    compiled code at target/compiled/logistics_lakehouse/models/mart/dim_hubs.sql
[2026-07-12T16:02:42.252+0000] {subprocess.py:93} INFO - [0m16:02:42
[2026-07-12T16:02:42.253+0000] {subprocess.py:93} INFO - [0m16:02:42  [31mFailure in model dim_drivers (models/mart/dim_drivers.sql)[0m
[2026-07-12T16:02:42.253+0000] {subprocess.py:93} INFO - [0m16:02:42    Database Error in model dim_drivers (models/mart/dim_drivers.sql)
[2026-07-12T16:02:42.253+0000] {subprocess.py:93} INFO -   Unrecognized name: is_current at [24:7]
[2026-07-12T16:02:42.253+0000] {subprocess.py:93} INFO -   compiled code at target/run/logistics_lakehouse/models/mart/dim_drivers.sql
[2026-07-12T16:02:42.253+0000] {subprocess.py:93} INFO - [0m16:02:42
[2026-07-12T16:02:42.253+0000] {subprocess.py:93} INFO - [0m16:02:42    compiled code at target/compiled/logistics_lakehouse/models/mart/dim_drivers.sql
[2026-07-12T16:02:42.253+0000] {subprocess.py:93} INFO - [0m16:02:42
[2026-07-12T16:02:42.254+0000] {subprocess.py:93} INFO - [0m16:02:42  Done. PASS=3 WARN=0 ERROR=2 SKIP=1 NO-OP=0 TOTAL=6
[2026-07-12T16:02:44.251+0000] {subprocess.py:97} INFO - Command exited with return code 1
[2026-07-12T16:02:44.254+0000] {taskinstance.py:441} INFO - ::group::Post task execution logs
[2026-07-12T16:02:44.279+0000] {taskinstance.py:2905} ERROR - Task failed with exception
Traceback (most recent call last):
  File "/home/airflow/.local/lib/python3.12/site-packages/airflow/models/taskinstance.py", line 465, in _execute_task
    result = _execute_callable(context=context, **execute_callable_kwargs)
             ^^^^^^^^^^^^^^^^^^^^^^^^^^^^^^^^^^^^^^^^^^^^^^^^^^^^^^^^^^^^^
  File "/home/airflow/.local/lib/python3.12/site-packages/airflow/models/taskinstance.py", line 432, in _execute_callable
    return execute_callable(context=context, **execute_callable_kwargs)
           ^^^^^^^^^^^^^^^^^^^^^^^^^^^^^^^^^^^^^^^^^^^^^^^^^^^^^^^^^^^^
  File "/home/airflow/.local/lib/python3.12/site-packages/airflow/models/baseoperator.py", line 400, in wrapper
    return func(self, *args, **kwargs)
           ^^^^^^^^^^^^^^^^^^^^^^^^^^^
  File "/home/airflow/.local/lib/python3.12/site-packages/airflow/operators/bash.py", line 243, in execute
    raise AirflowException(
airflow.exceptions.AirflowException: Bash command failed. The command returned a non-zero exit code 1.
[2026-07-12T16:02:44.288+0000] {taskinstance.py:1206} INFO - Marking task as FAILED. dag_id=gold_dbt_dag, task_id=trigger_dbt_build, run_id=dataset_triggered__2026-07-12T16:00:20.644819+00:00, execution_date=20260712T160020, start_date=20260712T160233, end_date=20260712T160244
[2026-07-12T16:02:44.312+0000] {standard_task_runner.py:110} ERROR - Failed to execute job 175 for task trigger_dbt_build (Bash command failed. The command returned a non-zero exit code 1.; 21080)
[2026-07-12T16:02:44.350+0000] {local_task_job_runner.py:240} INFO - Task exited with return code 1
[2026-07-12T16:02:44.366+0000] {taskinstance.py:3498} INFO - 0 downstream tasks scheduled from follow-on schedule check
[2026-07-12T16:02:44.367+0000] {local_task_job_runner.py:222} INFO - ::endgroup::
