[2026-07-03T07:00:10.566+0000] {local_task_job_runner.py:120} INFO - ::group::Pre task execution logs
[2026-07-03T07:00:10.586+0000] {taskinstance.py:2076} INFO - Dependencies all met for dep_context=non-requeueable deps ti=<TaskInstance: gold_dbt_dag.trigger_dbt_build dataset_triggered__2026-07-03T07:00:09.913286+00:00 [queued]>
[2026-07-03T07:00:10.590+0000] {taskinstance.py:2076} INFO - Dependencies all met for dep_context=requeueable deps ti=<TaskInstance: gold_dbt_dag.trigger_dbt_build dataset_triggered__2026-07-03T07:00:09.913286+00:00 [queued]>
[2026-07-03T07:00:10.590+0000] {taskinstance.py:2306} INFO - Starting attempt 1 of 2
[2026-07-03T07:00:10.597+0000] {taskinstance.py:2330} INFO - Executing <Task(BashOperator): trigger_dbt_build> on 2026-07-03 07:00:09.913286+00:00
[2026-07-03T07:00:10.601+0000] {logging_mixin.py:188} WARNING - /home/***/.local/lib/python3.12/site-packages/***/task/task_runner/standard_task_runner.py:61 DeprecationWarning: This process (pid=4744) is multi-threaded, use of fork() may lead to deadlocks in the child.
[2026-07-03T07:00:10.602+0000] {standard_task_runner.py:63} INFO - Started process 4745 to run task
[2026-07-03T07:00:10.601+0000] {standard_task_runner.py:90} INFO - Running: ['***', 'tasks', 'run', 'gold_dbt_dag', 'trigger_dbt_build', 'dataset_triggered__2026-07-03T07:00:09.913286+00:00', '--job-id', '354', '--raw', '--subdir', 'DAGS_FOLDER/dag_gold_dbt.py', '--cfg-path', '/tmp/tmprgktp_ig']
[2026-07-03T07:00:10.602+0000] {standard_task_runner.py:91} INFO - Job 354: Subtask trigger_dbt_build
[2026-07-03T07:00:10.630+0000] {task_command.py:426} INFO - Running <TaskInstance: gold_dbt_dag.trigger_dbt_build dataset_triggered__2026-07-03T07:00:09.913286+00:00 [running]> on host bd23e89d97be
[2026-07-03T07:00:10.662+0000] {taskinstance.py:2648} INFO - Exporting env vars: AIRFLOW_CTX_DAG_OWNER='data_engineer' AIRFLOW_CTX_DAG_ID='gold_dbt_dag' AIRFLOW_CTX_TASK_ID='trigger_dbt_build' AIRFLOW_CTX_EXECUTION_DATE='2026-07-03T07:00:09.913286+00:00' AIRFLOW_CTX_TRY_NUMBER='1' AIRFLOW_CTX_DAG_RUN_ID='dataset_triggered__2026-07-03T07:00:09.913286+00:00'
[2026-07-03T07:00:10.662+0000] {taskinstance.py:430} INFO - ::endgroup::
[2026-07-03T07:00:10.669+0000] {subprocess.py:63} INFO - Tmp dir root location: /tmp
[2026-07-03T07:00:10.670+0000] {subprocess.py:75} INFO - Running command: ['/usr/bin/bash', '-c', 'cd /opt/***/dbt && dbt build --profiles-dir . --target dev']
[2026-07-03T07:00:10.673+0000] {subprocess.py:86} INFO - Output:
[2026-07-03T07:00:11.757+0000] {subprocess.py:93} INFO - [0m07:00:11  Running with dbt=1.11.11
[2026-07-03T07:00:12.233+0000] {subprocess.py:93} INFO - [0m07:00:12  Registered adapter: bigquery=1.11.3
[2026-07-03T07:00:12.472+0000] {subprocess.py:93} INFO - [0m07:00:12  Found 5 models, 4 sources, 553 macros
[2026-07-03T07:00:12.474+0000] {subprocess.py:93} INFO - [0m07:00:12
[2026-07-03T07:00:12.475+0000] {subprocess.py:93} INFO - [0m07:00:12  Concurrency: 4 threads (target='dev')
[2026-07-03T07:00:12.475+0000] {subprocess.py:93} INFO - [0m07:00:12
[2026-07-03T07:00:14.108+0000] {subprocess.py:93} INFO - [0m07:00:14  1 of 5 START sql table model logistics_mart.dim_drivers ........................ [RUN]
[2026-07-03T07:00:14.109+0000] {subprocess.py:93} INFO - [0m07:00:14  2 of 5 START sql table model logistics_mart.dim_hubs ........................... [RUN]
[2026-07-03T07:00:14.109+0000] {subprocess.py:93} INFO - [0m07:00:14  3 of 5 START sql view model logistics_mart.stg_shipments ....................... [RUN]
[2026-07-03T07:00:14.110+0000] {subprocess.py:93} INFO - [0m07:00:14  4 of 5 START sql view model logistics_mart.stg_weather ......................... [RUN]
[2026-07-03T07:15:39.775+0000] {subprocess.py:93} INFO - [0m07:15:39  4 of 5 OK created sql view model logistics_mart.stg_weather .................... [[32mCREATE VIEW (0 processed)[0m in 925.66s]
[2026-07-03T07:15:40.264+0000] {subprocess.py:93} INFO - [0m07:15:40  3 of 5 OK created sql view model logistics_mart.stg_shipments .................. [[32mCREATE VIEW (0 processed)[0m in 926.15s]
[2026-07-03T07:15:41.397+0000] {subprocess.py:93} INFO - [0m07:15:41  2 of 5 OK created sql table model logistics_mart.dim_hubs ...................... [[32mCREATE TABLE (3.0 rows, 149.0 Bytes processed)[0m in 927.28s]
[2026-07-03T07:15:41.401+0000] {subprocess.py:93} INFO - [0m07:15:41  5 of 5 START sql table model logistics_mart.fact_shipment_weather .............. [RUN]
[2026-07-03T07:15:41.655+0000] {subprocess.py:93} INFO - [0m07:15:41  1 of 5 OK created sql table model logistics_mart.dim_drivers ................... [[32mCREATE TABLE (3.0 rows, 108.0 Bytes processed)[0m in 927.54s]
[2026-07-03T07:15:45.532+0000] {subprocess.py:93} INFO - [0m07:15:45  5 of 5 OK created sql table model logistics_mart.fact_shipment_weather ......... [[32mCREATE TABLE (389.0 rows, 25.0 KiB processed)[0m in 4.13s]
[2026-07-03T07:15:45.567+0000] {subprocess.py:93} INFO - [0m07:15:45
[2026-07-03T07:15:45.568+0000] {subprocess.py:93} INFO - [0m07:15:45  Finished running 3 table models, 2 view models in 0 hours 15 minutes and 33.09 seconds (933.09s).
[2026-07-03T07:15:45.596+0000] {subprocess.py:93} INFO - [0m07:15:45
[2026-07-03T07:15:45.597+0000] {subprocess.py:93} INFO - [0m07:15:45  [32mCompleted successfully[0m
[2026-07-03T07:15:45.597+0000] {subprocess.py:93} INFO - [0m07:15:45
[2026-07-03T07:15:45.597+0000] {subprocess.py:93} INFO - [0m07:15:45  Done. PASS=5 WARN=0 ERROR=0 SKIP=0 NO-OP=0 TOTAL=5
[2026-07-03T07:15:47.201+0000] {subprocess.py:97} INFO - Command exited with return code 0
[2026-07-03T07:15:47.202+0000] {taskinstance.py:441} INFO - ::group::Post task execution logs
[2026-07-03T07:15:47.215+0000] {taskinstance.py:1206} INFO - Marking task as SUCCESS. dag_id=gold_dbt_dag, task_id=trigger_dbt_build, run_id=dataset_triggered__2026-07-03T07:00:09.913286+00:00, execution_date=20260703T070009, start_date=20260703T070010, end_date=20260703T071547
[2026-07-03T07:15:47.250+0000] {local_task_job_runner.py:240} INFO - Task exited with return code 0
[2026-07-03T07:15:47.258+0000] {taskinstance.py:3498} INFO - 0 downstream tasks scheduled from follow-on schedule check
[2026-07-03T07:15:47.258+0000] {local_task_job_runner.py:222} INFO - ::endgroup::
