[2026-07-10T01:12:46.623+0000] {local_task_job_runner.py:120} INFO - ::group::Pre task execution logs
[2026-07-10T01:12:46.645+0000] {taskinstance.py:2076} INFO - Dependencies all met for dep_context=non-requeueable deps ti=<TaskInstance: gold_dbt_dag.trigger_dbt_build dataset_triggered__2026-07-10T01:12:45.798826+00:00 [queued]>
[2026-07-10T01:12:46.651+0000] {taskinstance.py:2076} INFO - Dependencies all met for dep_context=requeueable deps ti=<TaskInstance: gold_dbt_dag.trigger_dbt_build dataset_triggered__2026-07-10T01:12:45.798826+00:00 [queued]>
[2026-07-10T01:12:46.651+0000] {taskinstance.py:2306} INFO - Starting attempt 1 of 2
[2026-07-10T01:12:46.656+0000] {taskinstance.py:2330} INFO - Executing <Task(BashOperator): trigger_dbt_build> on 2026-07-10 01:12:45.798826+00:00
[2026-07-10T01:12:46.660+0000] {standard_task_runner.py:90} INFO - Running: ['***', 'tasks', 'run', 'gold_dbt_dag', 'trigger_dbt_build', 'dataset_triggered__2026-07-10T01:12:45.798826+00:00', '--job-id', '1386', '--raw', '--subdir', 'DAGS_FOLDER/dag_gold_dbt.py', '--cfg-path', '/tmp/tmpk55c77et']
[2026-07-10T01:12:46.662+0000] {standard_task_runner.py:91} INFO - Job 1386: Subtask trigger_dbt_build
[2026-07-10T01:12:46.664+0000] {logging_mixin.py:188} WARNING - /home/***/.local/lib/python3.12/site-packages/***/task/task_runner/standard_task_runner.py:61 DeprecationWarning: This process (pid=92546) is multi-threaded, use of fork() may lead to deadlocks in the child.
[2026-07-10T01:12:46.664+0000] {standard_task_runner.py:63} INFO - Started process 92547 to run task
[2026-07-10T01:12:46.682+0000] {task_command.py:426} INFO - Running <TaskInstance: gold_dbt_dag.trigger_dbt_build dataset_triggered__2026-07-10T01:12:45.798826+00:00 [running]> on host bd23e89d97be
[2026-07-10T01:12:46.720+0000] {taskinstance.py:2648} INFO - Exporting env vars: AIRFLOW_CTX_DAG_OWNER='data_engineer' AIRFLOW_CTX_DAG_ID='gold_dbt_dag' AIRFLOW_CTX_TASK_ID='trigger_dbt_build' AIRFLOW_CTX_EXECUTION_DATE='2026-07-10T01:12:45.798826+00:00' AIRFLOW_CTX_TRY_NUMBER='1' AIRFLOW_CTX_DAG_RUN_ID='dataset_triggered__2026-07-10T01:12:45.798826+00:00'
[2026-07-10T01:12:46.721+0000] {taskinstance.py:430} INFO - ::endgroup::
[2026-07-10T01:12:46.728+0000] {subprocess.py:63} INFO - Tmp dir root location: /tmp
[2026-07-10T01:12:46.729+0000] {subprocess.py:75} INFO - Running command: ['/usr/bin/bash', '-c', 'cd /opt/***/dbt && dbt build --profiles-dir . --target dev']
[2026-07-10T01:12:46.732+0000] {subprocess.py:86} INFO - Output:
[2026-07-10T01:12:47.792+0000] {subprocess.py:93} INFO - [0m01:12:47  Running with dbt=1.11.11
[2026-07-10T01:12:48.271+0000] {subprocess.py:93} INFO - [0m01:12:48  Registered adapter: bigquery=1.11.3
[2026-07-10T01:12:48.485+0000] {subprocess.py:93} INFO - [0m01:12:48  Found 6 models, 4 sources, 553 macros
[2026-07-10T01:12:48.487+0000] {subprocess.py:93} INFO - [0m01:12:48
[2026-07-10T01:12:48.487+0000] {subprocess.py:93} INFO - [0m01:12:48  Concurrency: 4 threads (target='dev')
[2026-07-10T01:12:48.487+0000] {subprocess.py:93} INFO - [0m01:12:48
[2026-07-10T01:12:51.166+0000] {subprocess.py:93} INFO - [0m01:12:51  1 of 6 START sql table model logistics_mart.dim_drivers ........................ [RUN]
[2026-07-10T01:12:51.167+0000] {subprocess.py:93} INFO - [0m01:12:51  2 of 6 START sql table model logistics_mart.dim_hubs ........................... [RUN]
[2026-07-10T01:12:51.167+0000] {subprocess.py:93} INFO - [0m01:12:51  3 of 6 START sql view model logistics_mart.stg_shipments ....................... [RUN]
[2026-07-10T01:12:51.167+0000] {subprocess.py:93} INFO - [0m01:12:51  4 of 6 START sql view model logistics_mart.stg_weather ......................... [RUN]
[2026-07-10T01:12:53.806+0000] {subprocess.py:93} INFO - [0m01:12:53  3 of 6 OK created sql view model logistics_mart.stg_shipments .................. [[32mCREATE VIEW (0 processed)[0m in 2.64s]
[2026-07-10T01:12:53.808+0000] {subprocess.py:93} INFO - [0m01:12:53  5 of 6 START sql view model logistics_mart.stg_weather_consensus ............... [RUN]
[2026-07-10T01:12:53.825+0000] {subprocess.py:93} INFO - [0m01:12:53  4 of 6 OK created sql view model logistics_mart.stg_weather .................... [[32mCREATE VIEW (0 processed)[0m in 2.66s]
[2026-07-10T01:12:54.950+0000] {subprocess.py:93} INFO - [0m01:12:54  1 of 6 OK created sql table model logistics_mart.dim_drivers ................... [[32mCREATE TABLE (3.0 rows, 108.0 Bytes processed)[0m in 3.78s]
[2026-07-10T01:12:55.452+0000] {subprocess.py:93} INFO - [0m01:12:55  BigQuery adapter: https://console.cloud.google.com/bigquery?project=logistics-500519&j=bq:US:e450fc99-a301-4299-bc4b-8ffe70d9e391&page=queryresults
[2026-07-10T01:12:55.478+0000] {subprocess.py:93} INFO - [0m01:12:55  5 of 6 ERROR creating sql view model logistics_mart.stg_weather_consensus ...... [[31mERROR[0m in 1.67s]
[2026-07-10T01:12:56.379+0000] {subprocess.py:93} INFO - [0m01:12:56  2 of 6 OK created sql table model logistics_mart.dim_hubs ...................... [[32mCREATE TABLE (3.0 rows, 149.0 Bytes processed)[0m in 5.21s]
[2026-07-10T01:12:56.381+0000] {subprocess.py:93} INFO - [0m01:12:56  6 of 6 START sql table model logistics_mart.fact_shipment_weather .............. [RUN]
[2026-07-10T01:37:17.961+0000] {subprocess.py:93} INFO - [0m01:37:17  6 of 6 ERROR creating sql table model logistics_mart.fact_shipment_weather ..... [[31mERROR[0m in 1461.51s]
[2026-07-10T01:37:18.137+0000] {subprocess.py:93} INFO - [0m01:37:18
[2026-07-10T01:37:18.140+0000] {subprocess.py:93} INFO - [0m01:37:18  Finished running 3 table models, 3 view models in 0 hours 24 minutes and 29.64 seconds (1469.64s).
[2026-07-10T01:37:18.431+0000] {subprocess.py:93} INFO - [0m01:37:18
[2026-07-10T01:37:18.432+0000] {subprocess.py:93} INFO - [0m01:37:18  [31mCompleted with 2 errors, 0 partial successes, and 0 warnings:[0m
[2026-07-10T01:37:18.433+0000] {subprocess.py:93} INFO - [0m01:37:18
[2026-07-10T01:37:18.436+0000] {subprocess.py:93} INFO - [0m01:37:18  [31mFailure in model stg_weather_consensus (models/staging/stg_weather_consensus.sql)[0m
[2026-07-10T01:37:18.440+0000] {subprocess.py:93} INFO - [0m01:37:18    Database Error in model stg_weather_consensus (models/staging/stg_weather_consensus.sql)
[2026-07-10T01:37:18.441+0000] {subprocess.py:93} INFO -   Unrecognized name: fetched_at at [11:11]
[2026-07-10T01:37:18.442+0000] {subprocess.py:93} INFO -   compiled code at target/run/logistics_lakehouse/models/staging/stg_weather_consensus.sql
[2026-07-10T01:37:18.445+0000] {subprocess.py:93} INFO - [0m01:37:18
[2026-07-10T01:37:18.445+0000] {subprocess.py:93} INFO - [0m01:37:18    compiled code at target/compiled/logistics_lakehouse/models/staging/stg_weather_consensus.sql
[2026-07-10T01:37:18.445+0000] {subprocess.py:93} INFO - [0m01:37:18
[2026-07-10T01:37:18.445+0000] {subprocess.py:93} INFO - [0m01:37:18  [31mFailure in model fact_shipment_weather (models/mart/fact_shipment_weather.sql)[0m
[2026-07-10T01:37:18.445+0000] {subprocess.py:93} INFO - [0m01:37:18    Database Error in model fact_shipment_weather (models/mart/fact_shipment_weather.sql)
[2026-07-10T01:37:18.446+0000] {subprocess.py:93} INFO -   ('Connection broken: IncompleteRead(2299 bytes read, 662 more expected)', IncompleteRead(2299 bytes read, 662 more expected))
[2026-07-10T01:37:18.447+0000] {subprocess.py:93} INFO -   compiled code at target/run/logistics_lakehouse/models/mart/fact_shipment_weather.sql
[2026-07-10T01:37:18.447+0000] {subprocess.py:93} INFO - [0m01:37:18
[2026-07-10T01:37:18.448+0000] {subprocess.py:93} INFO - [0m01:37:18    compiled code at target/compiled/logistics_lakehouse/models/mart/fact_shipment_weather.sql
[2026-07-10T01:37:18.448+0000] {subprocess.py:93} INFO - [0m01:37:18
[2026-07-10T01:37:18.448+0000] {subprocess.py:93} INFO - [0m01:37:18  Done. PASS=4 WARN=0 ERROR=2 SKIP=0 NO-OP=0 TOTAL=6
[2026-07-10T01:37:21.842+0000] {subprocess.py:97} INFO - Command exited with return code 1
[2026-07-10T01:37:21.858+0000] {taskinstance.py:441} INFO - ::group::Post task execution logs
[2026-07-10T01:37:21.916+0000] {taskinstance.py:2905} ERROR - Task failed with exception
Traceback (most recent call last):
  File "/home/airflow/.local/lib/python3.12/site-packages/airflow/models/taskinstance.py", line 465, in _execute_task
    result = _execute_callable(context=context, **execute_callable_kwargs)
             ^^^^^^^^^^^^^^^^^^^^^^^^^^^^^^^^^^^^^^^^^^^^^^^^^^^^^^^^^^^^^
  File "/home/airflow/.local/lib/python3.12/site-packages/airflow/models/taskinstance.py", line 432, in _execute_callable
    return execute_callable(context=context, **execute_callable_kwargs)
           ^^^^^^^^^^^^^^^^^^^^^^^^^^^^^^^^^^^^^^^^^^^^^^^^^^^^^^^^^^^^
  File "/home/airflow/.local/lib/python3.12/site-packages/airflow/models/baseoperator.py", line 400, in wrapper
    return func(self, *args, **kwargs)
           ^^^^^^^^^^^^^^^^^^^^^^^^^^^
  File "/home/airflow/.local/lib/python3.12/site-packages/airflow/operators/bash.py", line 243, in execute
    raise AirflowException(
airflow.exceptions.AirflowException: Bash command failed. The command returned a non-zero exit code 1.
[2026-07-10T01:37:21.934+0000] {taskinstance.py:1206} INFO - Marking task as UP_FOR_RETRY. dag_id=gold_dbt_dag, task_id=trigger_dbt_build, run_id=dataset_triggered__2026-07-10T01:12:45.798826+00:00, execution_date=20260710T011245, start_date=20260710T011246, end_date=20260710T013721
[2026-07-10T01:37:21.982+0000] {standard_task_runner.py:110} ERROR - Failed to execute job 1386 for task trigger_dbt_build (Bash command failed. The command returned a non-zero exit code 1.; 92547)
[2026-07-10T01:37:22.033+0000] {local_task_job_runner.py:240} INFO - Task exited with return code 1
[2026-07-10T01:37:22.067+0000] {local_task_job_runner.py:222} INFO - ::endgroup::
