[2026-07-10T01:39:23.350+0000] {local_task_job_runner.py:120} INFO - ::group::Pre task execution logs
[2026-07-10T01:39:23.415+0000] {taskinstance.py:2076} INFO - Dependencies all met for dep_context=non-requeueable deps ti=<TaskInstance: gold_dbt_dag.trigger_dbt_build dataset_triggered__2026-07-10T01:12:45.798826+00:00 [queued]>
[2026-07-10T01:39:23.423+0000] {taskinstance.py:2076} INFO - Dependencies all met for dep_context=requeueable deps ti=<TaskInstance: gold_dbt_dag.trigger_dbt_build dataset_triggered__2026-07-10T01:12:45.798826+00:00 [queued]>
[2026-07-10T01:39:23.424+0000] {taskinstance.py:2306} INFO - Starting attempt 2 of 2
[2026-07-10T01:39:23.441+0000] {taskinstance.py:2330} INFO - Executing <Task(BashOperator): trigger_dbt_build> on 2026-07-10 01:12:45.798826+00:00
[2026-07-10T01:39:23.449+0000] {standard_task_runner.py:90} INFO - Running: ['***', 'tasks', 'run', 'gold_dbt_dag', 'trigger_dbt_build', 'dataset_triggered__2026-07-10T01:12:45.798826+00:00', '--job-id', '1387', '--raw', '--subdir', 'DAGS_FOLDER/dag_gold_dbt.py', '--cfg-path', '/tmp/tmphw10j17x']
[2026-07-10T01:39:23.454+0000] {standard_task_runner.py:91} INFO - Job 1387: Subtask trigger_dbt_build
[2026-07-10T01:39:23.456+0000] {logging_mixin.py:188} WARNING - /home/***/.local/lib/python3.12/site-packages/***/task/task_runner/standard_task_runner.py:61 DeprecationWarning: This process (pid=92913) is multi-threaded, use of fork() may lead to deadlocks in the child.
[2026-07-10T01:39:23.458+0000] {standard_task_runner.py:63} INFO - Started process 92914 to run task
[2026-07-10T01:39:23.499+0000] {task_command.py:426} INFO - Running <TaskInstance: gold_dbt_dag.trigger_dbt_build dataset_triggered__2026-07-10T01:12:45.798826+00:00 [running]> on host bd23e89d97be
[2026-07-10T01:39:23.560+0000] {taskinstance.py:2648} INFO - Exporting env vars: AIRFLOW_CTX_DAG_OWNER='data_engineer' AIRFLOW_CTX_DAG_ID='gold_dbt_dag' AIRFLOW_CTX_TASK_ID='trigger_dbt_build' AIRFLOW_CTX_EXECUTION_DATE='2026-07-10T01:12:45.798826+00:00' AIRFLOW_CTX_TRY_NUMBER='2' AIRFLOW_CTX_DAG_RUN_ID='dataset_triggered__2026-07-10T01:12:45.798826+00:00'
[2026-07-10T01:39:23.561+0000] {taskinstance.py:430} INFO - ::endgroup::
[2026-07-10T01:39:23.579+0000] {subprocess.py:63} INFO - Tmp dir root location: /tmp
[2026-07-10T01:39:23.582+0000] {subprocess.py:75} INFO - Running command: ['/usr/bin/bash', '-c', 'cd /opt/***/dbt && dbt build --profiles-dir . --target dev']
[2026-07-10T01:39:23.593+0000] {subprocess.py:86} INFO - Output:
[2026-07-10T01:39:25.117+0000] {subprocess.py:93} INFO - [0m01:39:25  Running with dbt=1.11.11
[2026-07-10T01:39:25.866+0000] {subprocess.py:93} INFO - [0m01:39:25  Registered adapter: bigquery=1.11.3
[2026-07-10T01:39:26.111+0000] {subprocess.py:93} INFO - [0m01:39:26  Found 6 models, 4 sources, 553 macros
[2026-07-10T01:39:26.113+0000] {subprocess.py:93} INFO - [0m01:39:26
[2026-07-10T01:39:26.113+0000] {subprocess.py:93} INFO - [0m01:39:26  Concurrency: 4 threads (target='dev')
[2026-07-10T01:39:26.113+0000] {subprocess.py:93} INFO - [0m01:39:26
[2026-07-10T01:39:27.733+0000] {subprocess.py:93} INFO - [0m01:39:27  1 of 6 START sql table model logistics_mart.dim_drivers ........................ [RUN]
[2026-07-10T01:39:27.735+0000] {subprocess.py:93} INFO - [0m01:39:27  2 of 6 START sql table model logistics_mart.dim_hubs ........................... [RUN]
[2026-07-10T01:39:27.735+0000] {subprocess.py:93} INFO - [0m01:39:27  3 of 6 START sql view model logistics_mart.stg_shipments ....................... [RUN]
[2026-07-10T01:39:27.736+0000] {subprocess.py:93} INFO - [0m01:39:27  4 of 6 START sql view model logistics_mart.stg_weather ......................... [RUN]
[2026-07-10T01:39:29.755+0000] {subprocess.py:93} INFO - [0m01:39:29  3 of 6 OK created sql view model logistics_mart.stg_shipments .................. [[32mCREATE VIEW (0 processed)[0m in 2.01s]
[2026-07-10T01:39:29.758+0000] {subprocess.py:93} INFO - [0m01:39:29  5 of 6 START sql view model logistics_mart.stg_weather_consensus ............... [RUN]
[2026-07-10T01:39:29.774+0000] {subprocess.py:93} INFO - [0m01:39:29  4 of 6 OK created sql view model logistics_mart.stg_weather .................... [[32mCREATE VIEW (0 processed)[0m in 2.03s]
[2026-07-10T01:39:31.126+0000] {subprocess.py:93} INFO - [0m01:39:31  BigQuery adapter: https://console.cloud.google.com/bigquery?project=logistics-500519&j=bq:US:b0dcf8ad-e8e8-43fa-9618-c0d899620f00&page=queryresults
[2026-07-10T01:39:31.153+0000] {subprocess.py:93} INFO - [0m01:39:31  5 of 6 ERROR creating sql view model logistics_mart.stg_weather_consensus ...... [[31mERROR[0m in 1.39s]
[2026-07-10T01:39:31.615+0000] {subprocess.py:93} INFO - [0m01:39:31  2 of 6 OK created sql table model logistics_mart.dim_hubs ...................... [[32mCREATE TABLE (3.0 rows, 149.0 Bytes processed)[0m in 3.88s]
[2026-07-10T01:39:31.617+0000] {subprocess.py:93} INFO - [0m01:39:31  6 of 6 START sql table model logistics_mart.fact_shipment_weather .............. [RUN]
[2026-07-10T01:39:31.773+0000] {subprocess.py:93} INFO - [0m01:39:31  1 of 6 OK created sql table model logistics_mart.dim_drivers ................... [[32mCREATE TABLE (3.0 rows, 108.0 Bytes processed)[0m in 4.04s]
[2026-07-10T01:39:35.277+0000] {subprocess.py:93} INFO - [0m01:39:35  6 of 6 OK created sql table model logistics_mart.fact_shipment_weather ......... [[32mCREATE TABLE (1.6k rows, 101.9 KiB processed)[0m in 3.65s]
[2026-07-10T01:39:35.324+0000] {subprocess.py:93} INFO - [0m01:39:35
[2026-07-10T01:39:35.326+0000] {subprocess.py:93} INFO - [0m01:39:35  Finished running 3 table models, 3 view models in 0 hours 0 minutes and 9.21 seconds (9.21s).
[2026-07-10T01:39:35.394+0000] {subprocess.py:93} INFO - [0m01:39:35
[2026-07-10T01:39:35.395+0000] {subprocess.py:93} INFO - [0m01:39:35  [31mCompleted with 1 error, 0 partial successes, and 0 warnings:[0m
[2026-07-10T01:39:35.395+0000] {subprocess.py:93} INFO - [0m01:39:35
[2026-07-10T01:39:35.396+0000] {subprocess.py:93} INFO - [0m01:39:35  [31mFailure in model stg_weather_consensus (models/staging/stg_weather_consensus.sql)[0m
[2026-07-10T01:39:35.396+0000] {subprocess.py:93} INFO - [0m01:39:35    Database Error in model stg_weather_consensus (models/staging/stg_weather_consensus.sql)
[2026-07-10T01:39:35.396+0000] {subprocess.py:93} INFO -   Unrecognized name: fetched_at at [11:11]
[2026-07-10T01:39:35.396+0000] {subprocess.py:93} INFO -   compiled code at target/run/logistics_lakehouse/models/staging/stg_weather_consensus.sql
[2026-07-10T01:39:35.397+0000] {subprocess.py:93} INFO - [0m01:39:35
[2026-07-10T01:39:35.397+0000] {subprocess.py:93} INFO - [0m01:39:35    compiled code at target/compiled/logistics_lakehouse/models/staging/stg_weather_consensus.sql
[2026-07-10T01:39:35.397+0000] {subprocess.py:93} INFO - [0m01:39:35
[2026-07-10T01:39:35.397+0000] {subprocess.py:93} INFO - [0m01:39:35  Done. PASS=5 WARN=0 ERROR=1 SKIP=0 NO-OP=0 TOTAL=6
[2026-07-10T01:39:37.685+0000] {subprocess.py:97} INFO - Command exited with return code 1
[2026-07-10T01:39:37.686+0000] {taskinstance.py:441} INFO - ::group::Post task execution logs
[2026-07-10T01:39:37.704+0000] {taskinstance.py:2905} ERROR - Task failed with exception
Traceback (most recent call last):
  File "/home/airflow/.local/lib/python3.12/site-packages/airflow/models/taskinstance.py", line 465, in _execute_task
    result = _execute_callable(context=context, **execute_callable_kwargs)
             ^^^^^^^^^^^^^^^^^^^^^^^^^^^^^^^^^^^^^^^^^^^^^^^^^^^^^^^^^^^^^
  File "/home/airflow/.local/lib/python3.12/site-packages/airflow/models/taskinstance.py", line 432, in _execute_callable
    return execute_callable(context=context, **execute_callable_kwargs)
           ^^^^^^^^^^^^^^^^^^^^^^^^^^^^^^^^^^^^^^^^^^^^^^^^^^^^^^^^^^^^
  File "/home/airflow/.local/lib/python3.12/site-packages/airflow/models/baseoperator.py", line 400, in wrapper
    return func(self, *args, **kwargs)
           ^^^^^^^^^^^^^^^^^^^^^^^^^^^
  File "/home/airflow/.local/lib/python3.12/site-packages/airflow/operators/bash.py", line 243, in execute
    raise AirflowException(
airflow.exceptions.AirflowException: Bash command failed. The command returned a non-zero exit code 1.
[2026-07-10T01:39:37.712+0000] {taskinstance.py:1206} INFO - Marking task as FAILED. dag_id=gold_dbt_dag, task_id=trigger_dbt_build, run_id=dataset_triggered__2026-07-10T01:12:45.798826+00:00, execution_date=20260710T011245, start_date=20260710T013923, end_date=20260710T013937
[2026-07-10T01:39:37.730+0000] {standard_task_runner.py:110} ERROR - Failed to execute job 1387 for task trigger_dbt_build (Bash command failed. The command returned a non-zero exit code 1.; 92914)
[2026-07-10T01:39:37.747+0000] {local_task_job_runner.py:240} INFO - Task exited with return code 1
[2026-07-10T01:39:37.774+0000] {taskinstance.py:3498} INFO - 0 downstream tasks scheduled from follow-on schedule check
[2026-07-10T01:39:37.775+0000] {local_task_job_runner.py:222} INFO - ::endgroup::
