[2026-07-06T18:02:41.678+0000] {local_task_job_runner.py:120} INFO - ::group::Pre task execution logs
[2026-07-06T18:02:41.832+0000] {taskinstance.py:2076} INFO - Dependencies all met for dep_context=non-requeueable deps ti=<TaskInstance: gold_dbt_dag.trigger_dbt_build dataset_triggered__2026-07-06T18:02:39.178843+00:00 [queued]>
[2026-07-06T18:02:41.871+0000] {taskinstance.py:2076} INFO - Dependencies all met for dep_context=requeueable deps ti=<TaskInstance: gold_dbt_dag.trigger_dbt_build dataset_triggered__2026-07-06T18:02:39.178843+00:00 [queued]>
[2026-07-06T18:02:41.872+0000] {taskinstance.py:2306} INFO - Starting attempt 1 of 2
[2026-07-06T18:02:41.906+0000] {taskinstance.py:2330} INFO - Executing <Task(BashOperator): trigger_dbt_build> on 2026-07-06 18:02:39.178843+00:00
[2026-07-06T18:02:41.965+0000] {logging_mixin.py:188} WARNING - /home/***/.local/lib/python3.12/site-packages/***/task/task_runner/standard_task_runner.py:61 DeprecationWarning: This process (pid=97362) is multi-threaded, use of fork() may lead to deadlocks in the child.
[2026-07-06T18:02:41.957+0000] {standard_task_runner.py:90} INFO - Running: ['***', 'tasks', 'run', 'gold_dbt_dag', 'trigger_dbt_build', 'dataset_triggered__2026-07-06T18:02:39.178843+00:00', '--job-id', '845', '--raw', '--subdir', 'DAGS_FOLDER/dag_gold_dbt.py', '--cfg-path', '/tmp/tmpdy1fpp0j']
[2026-07-06T18:02:41.971+0000] {standard_task_runner.py:91} INFO - Job 845: Subtask trigger_dbt_build
[2026-07-06T18:02:41.970+0000] {standard_task_runner.py:63} INFO - Started process 97363 to run task
[2026-07-06T18:02:42.205+0000] {task_command.py:426} INFO - Running <TaskInstance: gold_dbt_dag.trigger_dbt_build dataset_triggered__2026-07-06T18:02:39.178843+00:00 [running]> on host bd23e89d97be
[2026-07-06T18:02:42.522+0000] {taskinstance.py:2648} INFO - Exporting env vars: AIRFLOW_CTX_DAG_OWNER='data_engineer' AIRFLOW_CTX_DAG_ID='gold_dbt_dag' AIRFLOW_CTX_TASK_ID='trigger_dbt_build' AIRFLOW_CTX_EXECUTION_DATE='2026-07-06T18:02:39.178843+00:00' AIRFLOW_CTX_TRY_NUMBER='1' AIRFLOW_CTX_DAG_RUN_ID='dataset_triggered__2026-07-06T18:02:39.178843+00:00'
[2026-07-06T18:02:42.524+0000] {taskinstance.py:430} INFO - ::endgroup::
[2026-07-06T18:02:42.574+0000] {subprocess.py:63} INFO - Tmp dir root location: /tmp
[2026-07-06T18:02:42.577+0000] {subprocess.py:75} INFO - Running command: ['/usr/bin/bash', '-c', 'cd /opt/***/dbt && dbt build --profiles-dir . --target dev']
[2026-07-06T18:02:42.618+0000] {subprocess.py:86} INFO - Output:
[2026-07-06T18:02:57.029+0000] {subprocess.py:93} INFO - [0m18:02:57  Running with dbt=1.11.11
[2026-07-06T18:03:05.519+0000] {subprocess.py:93} INFO - [0m18:03:05  Registered adapter: bigquery=1.11.3
[2026-07-06T18:03:09.410+0000] {subprocess.py:93} INFO - [0m18:03:09  Found 5 models, 4 sources, 553 macros
[2026-07-06T18:03:09.420+0000] {subprocess.py:93} INFO - [0m18:03:09
[2026-07-06T18:03:09.423+0000] {subprocess.py:93} INFO - [0m18:03:09  Concurrency: 4 threads (target='dev')
[2026-07-06T18:03:09.425+0000] {subprocess.py:93} INFO - [0m18:03:09
[2026-07-06T18:03:12.222+0000] {subprocess.py:93} INFO - [0m18:03:12  1 of 5 START sql table model logistics_mart.dim_drivers ........................ [RUN]
[2026-07-06T18:03:12.228+0000] {subprocess.py:93} INFO - [0m18:03:12  2 of 5 START sql table model logistics_mart.dim_hubs ........................... [RUN]
[2026-07-06T18:03:12.232+0000] {subprocess.py:93} INFO - [0m18:03:12  3 of 5 START sql view model logistics_mart.stg_shipments ....................... [RUN]
[2026-07-06T18:03:12.236+0000] {subprocess.py:93} INFO - [0m18:03:12  4 of 5 START sql view model logistics_mart.stg_weather ......................... [RUN]
[2026-07-06T18:03:15.907+0000] {subprocess.py:93} INFO - [0m18:03:15  4 of 5 OK created sql view model logistics_mart.stg_weather .................... [[32mCREATE VIEW (0 processed)[0m in 3.62s]
[2026-07-06T18:03:15.915+0000] {subprocess.py:93} INFO - [0m18:03:15  3 of 5 OK created sql view model logistics_mart.stg_shipments .................. [[32mCREATE VIEW (0 processed)[0m in 3.62s]
[2026-07-06T18:03:16.899+0000] {subprocess.py:93} INFO - [0m18:03:16  2 of 5 OK created sql table model logistics_mart.dim_hubs ...................... [[32mCREATE TABLE (3.0 rows, 149.0 Bytes processed)[0m in 4.65s]
[2026-07-06T18:03:16.913+0000] {subprocess.py:93} INFO - [0m18:03:16  5 of 5 START sql table model logistics_mart.fact_shipment_weather .............. [RUN]
[2026-07-06T18:03:17.425+0000] {subprocess.py:93} INFO - [0m18:03:17  1 of 5 OK created sql table model logistics_mart.dim_drivers ................... [[32mCREATE TABLE (3.0 rows, 108.0 Bytes processed)[0m in 5.12s]
[2026-07-06T18:03:22.208+0000] {subprocess.py:93} INFO - [0m18:03:22  5 of 5 OK created sql table model logistics_mart.fact_shipment_weather ......... [[32mCREATE TABLE (1.0k rows, 63.7 KiB processed)[0m in 5.27s]
[2026-07-06T18:03:22.430+0000] {subprocess.py:93} INFO - [0m18:03:22
[2026-07-06T18:03:22.435+0000] {subprocess.py:93} INFO - [0m18:03:22  Finished running 3 table models, 2 view models in 0 hours 0 minutes and 13.00 seconds (13.00s).
[2026-07-06T18:03:22.694+0000] {subprocess.py:93} INFO - [0m18:03:22
[2026-07-06T18:03:22.699+0000] {subprocess.py:93} INFO - [0m18:03:22  [32mCompleted successfully[0m
[2026-07-06T18:03:22.703+0000] {subprocess.py:93} INFO - [0m18:03:22
[2026-07-06T18:03:22.708+0000] {subprocess.py:93} INFO - [0m18:03:22  Done. PASS=5 WARN=0 ERROR=0 SKIP=0 NO-OP=0 TOTAL=5
[2026-07-06T18:03:30.162+0000] {subprocess.py:97} INFO - Command exited with return code 0
[2026-07-06T18:03:30.181+0000] {taskinstance.py:441} INFO - ::group::Post task execution logs
[2026-07-06T18:03:30.487+0000] {taskinstance.py:1206} INFO - Marking task as SUCCESS. dag_id=gold_dbt_dag, task_id=trigger_dbt_build, run_id=dataset_triggered__2026-07-06T18:02:39.178843+00:00, execution_date=20260706T180239, start_date=20260706T180241, end_date=20260706T180330
[2026-07-06T18:03:30.592+0000] {local_task_job_runner.py:240} INFO - Task exited with return code 0
[2026-07-06T18:03:30.683+0000] {taskinstance.py:3498} INFO - 0 downstream tasks scheduled from follow-on schedule check
[2026-07-06T18:03:30.687+0000] {local_task_job_runner.py:222} INFO - ::endgroup::
