[2026-07-07T19:05:58.307+0000] {local_task_job_runner.py:120} INFO - ::group::Pre task execution logs
[2026-07-07T19:05:58.330+0000] {taskinstance.py:2076} INFO - Dependencies all met for dep_context=non-requeueable deps ti=<TaskInstance: gold_dbt_dag.trigger_dbt_build dataset_triggered__2026-07-07T19:03:34.321564+00:00 [queued]>
[2026-07-07T19:05:58.335+0000] {taskinstance.py:2076} INFO - Dependencies all met for dep_context=requeueable deps ti=<TaskInstance: gold_dbt_dag.trigger_dbt_build dataset_triggered__2026-07-07T19:03:34.321564+00:00 [queued]>
[2026-07-07T19:05:58.336+0000] {taskinstance.py:2306} INFO - Starting attempt 2 of 2
[2026-07-07T19:05:58.342+0000] {taskinstance.py:2330} INFO - Executing <Task(BashOperator): trigger_dbt_build> on 2026-07-07 19:03:34.321564+00:00
[2026-07-07T19:05:58.351+0000] {logging_mixin.py:188} WARNING - /home/***/.local/lib/python3.12/site-packages/***/task/task_runner/standard_task_runner.py:61 DeprecationWarning: This process (pid=74628) is multi-threaded, use of fork() may lead to deadlocks in the child.
[2026-07-07T19:05:58.352+0000] {standard_task_runner.py:63} INFO - Started process 74644 to run task
[2026-07-07T19:05:58.351+0000] {standard_task_runner.py:90} INFO - Running: ['***', 'tasks', 'run', 'gold_dbt_dag', 'trigger_dbt_build', 'dataset_triggered__2026-07-07T19:03:34.321564+00:00', '--job-id', '1012', '--raw', '--subdir', 'DAGS_FOLDER/dag_gold_dbt.py', '--cfg-path', '/tmp/tmpe00ad6y8']
[2026-07-07T19:05:58.353+0000] {standard_task_runner.py:91} INFO - Job 1012: Subtask trigger_dbt_build
[2026-07-07T19:05:58.379+0000] {task_command.py:426} INFO - Running <TaskInstance: gold_dbt_dag.trigger_dbt_build dataset_triggered__2026-07-07T19:03:34.321564+00:00 [running]> on host bd23e89d97be
[2026-07-07T19:05:58.421+0000] {taskinstance.py:2648} INFO - Exporting env vars: AIRFLOW_CTX_DAG_OWNER='data_engineer' AIRFLOW_CTX_DAG_ID='gold_dbt_dag' AIRFLOW_CTX_TASK_ID='trigger_dbt_build' AIRFLOW_CTX_EXECUTION_DATE='2026-07-07T19:03:34.321564+00:00' AIRFLOW_CTX_TRY_NUMBER='2' AIRFLOW_CTX_DAG_RUN_ID='dataset_triggered__2026-07-07T19:03:34.321564+00:00'
[2026-07-07T19:05:58.422+0000] {taskinstance.py:430} INFO - ::endgroup::
[2026-07-07T19:05:58.430+0000] {subprocess.py:63} INFO - Tmp dir root location: /tmp
[2026-07-07T19:05:58.433+0000] {subprocess.py:75} INFO - Running command: ['/usr/bin/bash', '-c', 'cd /opt/***/dbt && dbt build --profiles-dir . --target dev']
[2026-07-07T19:05:58.437+0000] {subprocess.py:86} INFO - Output:
[2026-07-07T19:05:59.452+0000] {subprocess.py:93} INFO - [0m19:05:59  Running with dbt=1.11.11
[2026-07-07T19:05:59.885+0000] {subprocess.py:93} INFO - [0m19:05:59  Registered adapter: bigquery=1.11.3
[2026-07-07T19:06:00.160+0000] {subprocess.py:93} INFO - [0m19:06:00  Found 6 models, 4 sources, 553 macros
[2026-07-07T19:06:00.161+0000] {subprocess.py:93} INFO - [0m19:06:00
[2026-07-07T19:06:00.161+0000] {subprocess.py:93} INFO - [0m19:06:00  Concurrency: 4 threads (target='dev')
[2026-07-07T19:06:00.161+0000] {subprocess.py:93} INFO - [0m19:06:00
[2026-07-07T19:06:01.770+0000] {subprocess.py:93} INFO - [0m19:06:01  1 of 6 START sql table model logistics_mart.dim_drivers ........................ [RUN]
[2026-07-07T19:06:01.770+0000] {subprocess.py:93} INFO - [0m19:06:01  2 of 6 START sql table model logistics_mart.dim_hubs ........................... [RUN]
[2026-07-07T19:06:01.771+0000] {subprocess.py:93} INFO - [0m19:06:01  3 of 6 START sql view model logistics_mart.stg_shipments ....................... [RUN]
[2026-07-07T19:06:01.771+0000] {subprocess.py:93} INFO - [0m19:06:01  4 of 6 START sql view model logistics_mart.stg_weather ......................... [RUN]
[2026-07-07T19:06:03.732+0000] {subprocess.py:93} INFO - [0m19:06:03  4 of 6 OK created sql view model logistics_mart.stg_weather .................... [[32mCREATE VIEW (0 processed)[0m in 1.96s]
[2026-07-07T19:06:03.739+0000] {subprocess.py:93} INFO - [0m19:06:03  5 of 6 START sql view model logistics_mart.stg_weather_consensus ............... [RUN]
[2026-07-07T19:06:03.915+0000] {subprocess.py:93} INFO - [0m19:06:03  3 of 6 OK created sql view model logistics_mart.stg_shipments .................. [[32mCREATE VIEW (0 processed)[0m in 2.14s]
[2026-07-07T19:06:05.080+0000] {subprocess.py:93} INFO - [0m19:06:05  BigQuery adapter: https://console.cloud.google.com/bigquery?project=logistics-500519&j=bq:US:bfb5e837-f531-4877-bd85-bb1281237328&page=queryresults
[2026-07-07T19:06:05.100+0000] {subprocess.py:93} INFO - [0m19:06:05  5 of 6 ERROR creating sql view model logistics_mart.stg_weather_consensus ...... [[31mERROR[0m in 1.36s]
[2026-07-07T19:06:05.209+0000] {subprocess.py:93} INFO - [0m19:06:05  1 of 6 OK created sql table model logistics_mart.dim_drivers ................... [[32mCREATE TABLE (3.0 rows, 108.0 Bytes processed)[0m in 3.43s]
[2026-07-07T19:06:05.775+0000] {subprocess.py:93} INFO - [0m19:06:05  2 of 6 OK created sql table model logistics_mart.dim_hubs ...................... [[32mCREATE TABLE (3.0 rows, 149.0 Bytes processed)[0m in 4.00s]
[2026-07-07T19:06:05.780+0000] {subprocess.py:93} INFO - [0m19:06:05  6 of 6 START sql table model logistics_mart.fact_shipment_weather .............. [RUN]
[2026-07-07T19:06:09.785+0000] {subprocess.py:93} INFO - [0m19:06:09  6 of 6 OK created sql table model logistics_mart.fact_shipment_weather ......... [[32mCREATE TABLE (1.2k rows, 76.6 KiB processed)[0m in 4.00s]
[2026-07-07T19:06:09.833+0000] {subprocess.py:93} INFO - [0m19:06:09
[2026-07-07T19:06:09.833+0000] {subprocess.py:93} INFO - [0m19:06:09  Finished running 3 table models, 3 view models in 0 hours 0 minutes and 9.67 seconds (9.67s).
[2026-07-07T19:06:09.861+0000] {subprocess.py:93} INFO - [0m19:06:09
[2026-07-07T19:06:09.861+0000] {subprocess.py:93} INFO - [0m19:06:09  [31mCompleted with 1 error, 0 partial successes, and 0 warnings:[0m
[2026-07-07T19:06:09.861+0000] {subprocess.py:93} INFO - [0m19:06:09
[2026-07-07T19:06:09.862+0000] {subprocess.py:93} INFO - [0m19:06:09  [31mFailure in model stg_weather_consensus (models/staging/stg_weather_consensus.sql)[0m
[2026-07-07T19:06:09.862+0000] {subprocess.py:93} INFO - [0m19:06:09    Database Error in model stg_weather_consensus (models/staging/stg_weather_consensus.sql)
[2026-07-07T19:06:09.862+0000] {subprocess.py:93} INFO -   Unrecognized name: fetched_at at [11:11]
[2026-07-07T19:06:09.862+0000] {subprocess.py:93} INFO -   compiled code at target/run/logistics_lakehouse/models/staging/stg_weather_consensus.sql
[2026-07-07T19:06:09.862+0000] {subprocess.py:93} INFO - [0m19:06:09
[2026-07-07T19:06:09.862+0000] {subprocess.py:93} INFO - [0m19:06:09    compiled code at target/compiled/logistics_lakehouse/models/staging/stg_weather_consensus.sql
[2026-07-07T19:06:09.863+0000] {subprocess.py:93} INFO - [0m19:06:09
[2026-07-07T19:06:09.863+0000] {subprocess.py:93} INFO - [0m19:06:09  Done. PASS=5 WARN=0 ERROR=1 SKIP=0 NO-OP=0 TOTAL=6
[2026-07-07T19:06:12.000+0000] {subprocess.py:97} INFO - Command exited with return code 1
[2026-07-07T19:06:12.001+0000] {taskinstance.py:441} INFO - ::group::Post task execution logs
[2026-07-07T19:06:12.009+0000] {taskinstance.py:2905} ERROR - Task failed with exception
Traceback (most recent call last):
  File "/home/airflow/.local/lib/python3.12/site-packages/airflow/models/taskinstance.py", line 465, in _execute_task
    result = _execute_callable(context=context, **execute_callable_kwargs)
             ^^^^^^^^^^^^^^^^^^^^^^^^^^^^^^^^^^^^^^^^^^^^^^^^^^^^^^^^^^^^^
  File "/home/airflow/.local/lib/python3.12/site-packages/airflow/models/taskinstance.py", line 432, in _execute_callable
    return execute_callable(context=context, **execute_callable_kwargs)
           ^^^^^^^^^^^^^^^^^^^^^^^^^^^^^^^^^^^^^^^^^^^^^^^^^^^^^^^^^^^^
  File "/home/airflow/.local/lib/python3.12/site-packages/airflow/models/baseoperator.py", line 400, in wrapper
    return func(self, *args, **kwargs)
           ^^^^^^^^^^^^^^^^^^^^^^^^^^^
  File "/home/airflow/.local/lib/python3.12/site-packages/airflow/operators/bash.py", line 243, in execute
    raise AirflowException(
airflow.exceptions.AirflowException: Bash command failed. The command returned a non-zero exit code 1.
[2026-07-07T19:06:12.020+0000] {taskinstance.py:1206} INFO - Marking task as FAILED. dag_id=gold_dbt_dag, task_id=trigger_dbt_build, run_id=dataset_triggered__2026-07-07T19:03:34.321564+00:00, execution_date=20260707T190334, start_date=20260707T190558, end_date=20260707T190612
[2026-07-07T19:06:12.028+0000] {standard_task_runner.py:110} ERROR - Failed to execute job 1012 for task trigger_dbt_build (Bash command failed. The command returned a non-zero exit code 1.; 74644)
[2026-07-07T19:06:12.038+0000] {local_task_job_runner.py:240} INFO - Task exited with return code 1
[2026-07-07T19:06:12.047+0000] {taskinstance.py:3498} INFO - 0 downstream tasks scheduled from follow-on schedule check
[2026-07-07T19:06:12.048+0000] {local_task_job_runner.py:222} INFO - ::endgroup::
