[2026-07-07T17:02:34.333+0000] {local_task_job_runner.py:120} INFO - ::group::Pre task execution logs
[2026-07-07T17:02:34.363+0000] {taskinstance.py:2076} INFO - Dependencies all met for dep_context=non-requeueable deps ti=<TaskInstance: gold_dbt_dag.trigger_dbt_build dataset_triggered__2026-07-07T17:00:17.337160+00:00 [queued]>
[2026-07-07T17:02:34.366+0000] {taskinstance.py:2076} INFO - Dependencies all met for dep_context=requeueable deps ti=<TaskInstance: gold_dbt_dag.trigger_dbt_build dataset_triggered__2026-07-07T17:00:17.337160+00:00 [queued]>
[2026-07-07T17:02:34.366+0000] {taskinstance.py:2306} INFO - Starting attempt 2 of 2
[2026-07-07T17:02:34.373+0000] {taskinstance.py:2330} INFO - Executing <Task(BashOperator): trigger_dbt_build> on 2026-07-07 17:00:17.337160+00:00
[2026-07-07T17:02:34.377+0000] {standard_task_runner.py:90} INFO - Running: ['***', 'tasks', 'run', 'gold_dbt_dag', 'trigger_dbt_build', 'dataset_triggered__2026-07-07T17:00:17.337160+00:00', '--job-id', '998', '--raw', '--subdir', 'DAGS_FOLDER/dag_gold_dbt.py', '--cfg-path', '/tmp/tmps7_9_7wn']
[2026-07-07T17:02:34.389+0000] {standard_task_runner.py:91} INFO - Job 998: Subtask trigger_dbt_build
[2026-07-07T17:02:34.390+0000] {logging_mixin.py:188} WARNING - /home/***/.local/lib/python3.12/site-packages/***/task/task_runner/standard_task_runner.py:61 DeprecationWarning: This process (pid=70232) is multi-threaded, use of fork() may lead to deadlocks in the child.
[2026-07-07T17:02:34.392+0000] {standard_task_runner.py:63} INFO - Started process 70233 to run task
[2026-07-07T17:02:34.428+0000] {task_command.py:426} INFO - Running <TaskInstance: gold_dbt_dag.trigger_dbt_build dataset_triggered__2026-07-07T17:00:17.337160+00:00 [running]> on host bd23e89d97be
[2026-07-07T17:02:34.476+0000] {taskinstance.py:2648} INFO - Exporting env vars: AIRFLOW_CTX_DAG_OWNER='data_engineer' AIRFLOW_CTX_DAG_ID='gold_dbt_dag' AIRFLOW_CTX_TASK_ID='trigger_dbt_build' AIRFLOW_CTX_EXECUTION_DATE='2026-07-07T17:00:17.337160+00:00' AIRFLOW_CTX_TRY_NUMBER='2' AIRFLOW_CTX_DAG_RUN_ID='dataset_triggered__2026-07-07T17:00:17.337160+00:00'
[2026-07-07T17:02:34.477+0000] {taskinstance.py:430} INFO - ::endgroup::
[2026-07-07T17:02:34.488+0000] {subprocess.py:63} INFO - Tmp dir root location: /tmp
[2026-07-07T17:02:34.489+0000] {subprocess.py:75} INFO - Running command: ['/usr/bin/bash', '-c', 'cd /opt/***/dbt && dbt build --profiles-dir . --target dev']
[2026-07-07T17:02:34.495+0000] {subprocess.py:86} INFO - Output:
[2026-07-07T17:02:35.722+0000] {subprocess.py:93} INFO - [0m17:02:35  Running with dbt=1.11.11
[2026-07-07T17:02:36.297+0000] {subprocess.py:93} INFO - [0m17:02:36  Registered adapter: bigquery=1.11.3
[2026-07-07T17:02:36.526+0000] {subprocess.py:93} INFO - [0m17:02:36  Found 6 models, 4 sources, 553 macros
[2026-07-07T17:02:36.527+0000] {subprocess.py:93} INFO - [0m17:02:36
[2026-07-07T17:02:36.527+0000] {subprocess.py:93} INFO - [0m17:02:36  Concurrency: 4 threads (target='dev')
[2026-07-07T17:02:36.528+0000] {subprocess.py:93} INFO - [0m17:02:36
[2026-07-07T17:02:38.210+0000] {subprocess.py:93} INFO - [0m17:02:38  1 of 6 START sql table model logistics_mart.dim_drivers ........................ [RUN]
[2026-07-07T17:02:38.211+0000] {subprocess.py:93} INFO - [0m17:02:38  2 of 6 START sql table model logistics_mart.dim_hubs ........................... [RUN]
[2026-07-07T17:02:38.212+0000] {subprocess.py:93} INFO - [0m17:02:38  3 of 6 START sql view model logistics_mart.stg_shipments ....................... [RUN]
[2026-07-07T17:02:38.212+0000] {subprocess.py:93} INFO - [0m17:02:38  4 of 6 START sql view model logistics_mart.stg_weather ......................... [RUN]
[2026-07-07T17:02:40.303+0000] {subprocess.py:93} INFO - [0m17:02:40  4 of 6 OK created sql view model logistics_mart.stg_weather .................... [[32mCREATE VIEW (0 processed)[0m in 2.09s]
[2026-07-07T17:02:40.304+0000] {subprocess.py:93} INFO - [0m17:02:40  3 of 6 OK created sql view model logistics_mart.stg_shipments .................. [[32mCREATE VIEW (0 processed)[0m in 2.09s]
[2026-07-07T17:02:40.306+0000] {subprocess.py:93} INFO - [0m17:02:40  5 of 6 START sql view model logistics_mart.stg_weather_consensus ............... [RUN]
[2026-07-07T17:02:42.054+0000] {subprocess.py:93} INFO - [0m17:02:42  BigQuery adapter: https://console.cloud.google.com/bigquery?project=logistics-500519&j=bq:US:d7330eba-7129-4b96-a3b7-0c520eb088d6&page=queryresults
[2026-07-07T17:02:42.070+0000] {subprocess.py:93} INFO - [0m17:02:42  5 of 6 ERROR creating sql view model logistics_mart.stg_weather_consensus ...... [[31mERROR[0m in 1.76s]
[2026-07-07T17:02:42.526+0000] {subprocess.py:93} INFO - [0m17:02:42  1 of 6 OK created sql table model logistics_mart.dim_drivers ................... [[32mCREATE TABLE (3.0 rows, 108.0 Bytes processed)[0m in 4.31s]
[2026-07-07T17:02:42.589+0000] {subprocess.py:93} INFO - [0m17:02:42  2 of 6 OK created sql table model logistics_mart.dim_hubs ...................... [[32mCREATE TABLE (3.0 rows, 149.0 Bytes processed)[0m in 4.37s]
[2026-07-07T17:02:42.592+0000] {subprocess.py:93} INFO - [0m17:02:42  6 of 6 START sql table model logistics_mart.fact_shipment_weather .............. [RUN]
[2026-07-07T17:02:47.667+0000] {subprocess.py:93} INFO - [0m17:02:47  6 of 6 OK created sql table model logistics_mart.fact_shipment_weather ......... [[32mCREATE TABLE (1.2k rows, 75.5 KiB processed)[0m in 5.07s]
[2026-07-07T17:02:47.720+0000] {subprocess.py:93} INFO - [0m17:02:47
[2026-07-07T17:02:47.720+0000] {subprocess.py:93} INFO - [0m17:02:47  Finished running 3 table models, 3 view models in 0 hours 0 minutes and 11.19 seconds (11.19s).
[2026-07-07T17:02:47.781+0000] {subprocess.py:93} INFO - [0m17:02:47
[2026-07-07T17:02:47.782+0000] {subprocess.py:93} INFO - [0m17:02:47  [31mCompleted with 1 error, 0 partial successes, and 0 warnings:[0m
[2026-07-07T17:02:47.782+0000] {subprocess.py:93} INFO - [0m17:02:47
[2026-07-07T17:02:47.783+0000] {subprocess.py:93} INFO - [0m17:02:47  [31mFailure in model stg_weather_consensus (models/staging/stg_weather_consensus.sql)[0m
[2026-07-07T17:02:47.783+0000] {subprocess.py:93} INFO - [0m17:02:47    Database Error in model stg_weather_consensus (models/staging/stg_weather_consensus.sql)
[2026-07-07T17:02:47.783+0000] {subprocess.py:93} INFO -   Unrecognized name: fetched_at at [11:11]
[2026-07-07T17:02:47.784+0000] {subprocess.py:93} INFO -   compiled code at target/run/logistics_lakehouse/models/staging/stg_weather_consensus.sql
[2026-07-07T17:02:47.784+0000] {subprocess.py:93} INFO - [0m17:02:47
[2026-07-07T17:02:47.784+0000] {subprocess.py:93} INFO - [0m17:02:47    compiled code at target/compiled/logistics_lakehouse/models/staging/stg_weather_consensus.sql
[2026-07-07T17:02:47.784+0000] {subprocess.py:93} INFO - [0m17:02:47
[2026-07-07T17:02:47.785+0000] {subprocess.py:93} INFO - [0m17:02:47  Done. PASS=5 WARN=0 ERROR=1 SKIP=0 NO-OP=0 TOTAL=6
[2026-07-07T17:02:50.156+0000] {subprocess.py:97} INFO - Command exited with return code 1
[2026-07-07T17:02:50.157+0000] {taskinstance.py:441} INFO - ::group::Post task execution logs
[2026-07-07T17:02:50.183+0000] {taskinstance.py:2905} ERROR - Task failed with exception
Traceback (most recent call last):
  File "/home/airflow/.local/lib/python3.12/site-packages/airflow/models/taskinstance.py", line 465, in _execute_task
    result = _execute_callable(context=context, **execute_callable_kwargs)
             ^^^^^^^^^^^^^^^^^^^^^^^^^^^^^^^^^^^^^^^^^^^^^^^^^^^^^^^^^^^^^
  File "/home/airflow/.local/lib/python3.12/site-packages/airflow/models/taskinstance.py", line 432, in _execute_callable
    return execute_callable(context=context, **execute_callable_kwargs)
           ^^^^^^^^^^^^^^^^^^^^^^^^^^^^^^^^^^^^^^^^^^^^^^^^^^^^^^^^^^^^
  File "/home/airflow/.local/lib/python3.12/site-packages/airflow/models/baseoperator.py", line 400, in wrapper
    return func(self, *args, **kwargs)
           ^^^^^^^^^^^^^^^^^^^^^^^^^^^
  File "/home/airflow/.local/lib/python3.12/site-packages/airflow/operators/bash.py", line 243, in execute
    raise AirflowException(
airflow.exceptions.AirflowException: Bash command failed. The command returned a non-zero exit code 1.
[2026-07-07T17:02:50.188+0000] {taskinstance.py:1206} INFO - Marking task as FAILED. dag_id=gold_dbt_dag, task_id=trigger_dbt_build, run_id=dataset_triggered__2026-07-07T17:00:17.337160+00:00, execution_date=20260707T170017, start_date=20260707T170234, end_date=20260707T170250
[2026-07-07T17:02:50.204+0000] {standard_task_runner.py:110} ERROR - Failed to execute job 998 for task trigger_dbt_build (Bash command failed. The command returned a non-zero exit code 1.; 70233)
[2026-07-07T17:02:50.229+0000] {local_task_job_runner.py:240} INFO - Task exited with return code 1
[2026-07-07T17:02:50.247+0000] {taskinstance.py:3498} INFO - 0 downstream tasks scheduled from follow-on schedule check
[2026-07-07T17:02:50.248+0000] {local_task_job_runner.py:222} INFO - ::endgroup::
