[2026-07-11T01:15:01.161+0000] {local_task_job_runner.py:120} INFO - ::group::Pre task execution logs
[2026-07-11T01:15:01.173+0000] {taskinstance.py:2076} INFO - Dependencies all met for dep_context=non-requeueable deps ti=<TaskInstance: logistics_postgres_to_bq.push_to_bigquery dataset_triggered__2026-07-11T01:15:00.093091+00:00 [queued]>
[2026-07-11T01:15:01.175+0000] {taskinstance.py:2076} INFO - Dependencies all met for dep_context=requeueable deps ti=<TaskInstance: logistics_postgres_to_bq.push_to_bigquery dataset_triggered__2026-07-11T01:15:00.093091+00:00 [queued]>
[2026-07-11T01:15:01.176+0000] {taskinstance.py:2306} INFO - Starting attempt 1 of 1
[2026-07-11T01:15:01.180+0000] {taskinstance.py:2330} INFO - Executing <Task(PythonOperator): push_to_bigquery> on 2026-07-11 01:15:00.093091+00:00
[2026-07-11T01:15:01.186+0000] {logging_mixin.py:188} WARNING - /home/***/.local/lib/python3.12/site-packages/***/task/task_runner/standard_task_runner.py:61 DeprecationWarning: This process (pid=51409) is multi-threaded, use of fork() may lead to deadlocks in the child.
[2026-07-11T01:15:01.186+0000] {standard_task_runner.py:63} INFO - Started process 51416 to run task
[2026-07-11T01:15:01.186+0000] {standard_task_runner.py:90} INFO - Running: ['***', 'tasks', 'run', 'logistics_postgres_to_bq', 'push_to_bigquery', 'dataset_triggered__2026-07-11T01:15:00.093091+00:00', '--job-id', '1552', '--raw', '--subdir', 'DAGS_FOLDER/dag_postgres_to_bq.py', '--cfg-path', '/tmp/tmpwzry3d1y']
[2026-07-11T01:15:01.187+0000] {standard_task_runner.py:91} INFO - Job 1552: Subtask push_to_bigquery
[2026-07-11T01:15:01.224+0000] {task_command.py:426} INFO - Running <TaskInstance: logistics_postgres_to_bq.push_to_bigquery dataset_triggered__2026-07-11T01:15:00.093091+00:00 [running]> on host bd23e89d97be
[2026-07-11T01:15:01.304+0000] {taskinstance.py:2648} INFO - Exporting env vars: AIRFLOW_CTX_DAG_OWNER='***' AIRFLOW_CTX_DAG_ID='logistics_postgres_to_bq' AIRFLOW_CTX_TASK_ID='push_to_bigquery' AIRFLOW_CTX_EXECUTION_DATE='2026-07-11T01:15:00.093091+00:00' AIRFLOW_CTX_TRY_NUMBER='1' AIRFLOW_CTX_DAG_RUN_ID='dataset_triggered__2026-07-11T01:15:00.093091+00:00'
[2026-07-11T01:15:01.305+0000] {taskinstance.py:430} INFO - ::endgroup::
[2026-07-11T01:15:02.102+0000] {logging_mixin.py:188} WARNING - /opt/***/dags/dag_postgres_to_bq.py:34 UserWarning: pandas only supports SQLAlchemy connectable (engine/connection) or database string URI or sqlite3 DBAPI2 connection. Other DBAPI2 objects are not tested. Please consider using SQLAlchemy.
[2026-07-11T01:15:06.685+0000] {logging_mixin.py:188} INFO - Pushed 1792 rows from shipments to BigQuery.
[2026-07-11T01:15:06.699+0000] {logging_mixin.py:188} WARNING - /opt/***/dags/dag_postgres_to_bq.py:34 UserWarning: pandas only supports SQLAlchemy connectable (engine/connection) or database string URI or sqlite3 DBAPI2 connection. Other DBAPI2 objects are not tested. Please consider using SQLAlchemy.
[2026-07-11T01:15:32.555+0000] {logging_mixin.py:188} INFO - Pushed 3 rows from hubs to BigQuery.
[2026-07-11T01:15:32.572+0000] {logging_mixin.py:188} WARNING - /opt/***/dags/dag_postgres_to_bq.py:34 UserWarning: pandas only supports SQLAlchemy connectable (engine/connection) or database string URI or sqlite3 DBAPI2 connection. Other DBAPI2 objects are not tested. Please consider using SQLAlchemy.
[2026-07-11T01:15:35.969+0000] {logging_mixin.py:188} INFO - Pushed 3 rows from drivers to BigQuery.
[2026-07-11T01:15:35.982+0000] {python.py:237} INFO - Done. Returned value was: None
[2026-07-11T01:15:35.989+0000] {taskinstance.py:441} INFO - ::group::Post task execution logs
[2026-07-11T01:15:36.069+0000] {taskinstance.py:1206} INFO - Marking task as SUCCESS. dag_id=logistics_postgres_to_bq, task_id=push_to_bigquery, run_id=dataset_triggered__2026-07-11T01:15:00.093091+00:00, execution_date=20260711T011500, start_date=20260711T011501, end_date=20260711T011536
[2026-07-11T01:15:36.167+0000] {local_task_job_runner.py:240} INFO - Task exited with return code 0
[2026-07-11T01:15:36.189+0000] {taskinstance.py:3498} INFO - 0 downstream tasks scheduled from follow-on schedule check
[2026-07-11T01:15:36.190+0000] {local_task_job_runner.py:222} INFO - ::endgroup::
