[2026-06-29T13:25:55.554+0000] {local_task_job_runner.py:120} INFO - ::group::Pre task execution logs
[2026-06-29T13:25:55.567+0000] {taskinstance.py:2076} INFO - Dependencies all met for dep_context=non-requeueable deps ti=<TaskInstance: logistics_postgres_to_bq.push_to_bigquery dataset_triggered__2026-06-29T13:25:54.621907+00:00 [queued]>
[2026-06-29T13:25:55.570+0000] {taskinstance.py:2076} INFO - Dependencies all met for dep_context=requeueable deps ti=<TaskInstance: logistics_postgres_to_bq.push_to_bigquery dataset_triggered__2026-06-29T13:25:54.621907+00:00 [queued]>
[2026-06-29T13:25:55.570+0000] {taskinstance.py:2306} INFO - Starting attempt 1 of 1
[2026-06-29T13:25:55.575+0000] {taskinstance.py:2330} INFO - Executing <Task(PythonOperator): push_to_bigquery> on 2026-06-29 13:25:54.621907+00:00
[2026-06-29T13:25:55.581+0000] {logging_mixin.py:188} WARNING - /home/***/.local/lib/python3.12/site-packages/***/task/task_runner/standard_task_runner.py:61 DeprecationWarning: This process (pid=3284) is multi-threaded, use of fork() may lead to deadlocks in the child.
[2026-06-29T13:25:55.580+0000] {standard_task_runner.py:90} INFO - Running: ['***', 'tasks', 'run', 'logistics_postgres_to_bq', 'push_to_bigquery', 'dataset_triggered__2026-06-29T13:25:54.621907+00:00', '--job-id', '55', '--raw', '--subdir', 'DAGS_FOLDER/dag_postgres_to_bq.py', '--cfg-path', '/tmp/tmpdp8_vop2']
[2026-06-29T13:25:55.581+0000] {standard_task_runner.py:63} INFO - Started process 3286 to run task
[2026-06-29T13:25:55.581+0000] {standard_task_runner.py:91} INFO - Job 55: Subtask push_to_bigquery
[2026-06-29T13:25:55.604+0000] {task_command.py:426} INFO - Running <TaskInstance: logistics_postgres_to_bq.push_to_bigquery dataset_triggered__2026-06-29T13:25:54.621907+00:00 [running]> on host ae627d26e698
[2026-06-29T13:25:55.641+0000] {taskinstance.py:2648} INFO - Exporting env vars: AIRFLOW_CTX_DAG_OWNER='***' AIRFLOW_CTX_DAG_ID='logistics_postgres_to_bq' AIRFLOW_CTX_TASK_ID='push_to_bigquery' AIRFLOW_CTX_EXECUTION_DATE='2026-06-29T13:25:54.621907+00:00' AIRFLOW_CTX_TRY_NUMBER='1' AIRFLOW_CTX_DAG_RUN_ID='dataset_triggered__2026-06-29T13:25:54.621907+00:00'
[2026-06-29T13:25:55.641+0000] {taskinstance.py:430} INFO - ::endgroup::
[2026-06-29T13:25:57.562+0000] {logging_mixin.py:188} WARNING - /opt/***/dags/dag_postgres_to_bq.py:34 UserWarning: pandas only supports SQLAlchemy connectable (engine/connection) or database string URI or sqlite3 DBAPI2 connection. Other DBAPI2 objects are not tested. Please consider using SQLAlchemy.
[2026-06-29T13:26:04.568+0000] {logging_mixin.py:188} INFO - Pushed 80 rows from shipments to BigQuery.
[2026-06-29T13:26:04.575+0000] {logging_mixin.py:188} WARNING - /opt/***/dags/dag_postgres_to_bq.py:34 UserWarning: pandas only supports SQLAlchemy connectable (engine/connection) or database string URI or sqlite3 DBAPI2 connection. Other DBAPI2 objects are not tested. Please consider using SQLAlchemy.
[2026-06-29T13:26:09.973+0000] {logging_mixin.py:188} INFO - Pushed 3 rows from hubs to BigQuery.
[2026-06-29T13:26:09.977+0000] {logging_mixin.py:188} WARNING - /opt/***/dags/dag_postgres_to_bq.py:34 UserWarning: pandas only supports SQLAlchemy connectable (engine/connection) or database string URI or sqlite3 DBAPI2 connection. Other DBAPI2 objects are not tested. Please consider using SQLAlchemy.
[2026-06-29T13:26:13.468+0000] {logging_mixin.py:188} INFO - Pushed 3 rows from drivers to BigQuery.
[2026-06-29T13:26:13.476+0000] {python.py:237} INFO - Done. Returned value was: None
[2026-06-29T13:26:13.492+0000] {taskinstance.py:441} INFO - ::group::Post task execution logs
[2026-06-29T13:26:13.638+0000] {taskinstance.py:1206} INFO - Marking task as SUCCESS. dag_id=logistics_postgres_to_bq, task_id=push_to_bigquery, run_id=dataset_triggered__2026-06-29T13:25:54.621907+00:00, execution_date=20260629T132554, start_date=20260629T132555, end_date=20260629T132613
[2026-06-29T13:26:13.771+0000] {local_task_job_runner.py:240} INFO - Task exited with return code 0
[2026-06-29T13:26:13.836+0000] {taskinstance.py:3498} INFO - 0 downstream tasks scheduled from follow-on schedule check
[2026-06-29T13:26:13.838+0000] {local_task_job_runner.py:222} INFO - ::endgroup::
