[2026-07-05T17:59:11.424+0000] {local_task_job_runner.py:120} INFO - ::group::Pre task execution logs
[2026-07-05T17:59:11.439+0000] {taskinstance.py:2076} INFO - Dependencies all met for dep_context=non-requeueable deps ti=<TaskInstance: logistics_postgres_to_bq.push_to_bigquery dataset_triggered__2026-07-05T17:59:09.686346+00:00 [queued]>
[2026-07-05T17:59:11.443+0000] {taskinstance.py:2076} INFO - Dependencies all met for dep_context=requeueable deps ti=<TaskInstance: logistics_postgres_to_bq.push_to_bigquery dataset_triggered__2026-07-05T17:59:09.686346+00:00 [queued]>
[2026-07-05T17:59:11.443+0000] {taskinstance.py:2306} INFO - Starting attempt 1 of 1
[2026-07-05T17:59:11.451+0000] {taskinstance.py:2330} INFO - Executing <Task(PythonOperator): push_to_bigquery> on 2026-07-05 17:59:09.686346+00:00
[2026-07-05T17:59:11.466+0000] {logging_mixin.py:188} WARNING - /home/***/.local/lib/python3.12/site-packages/***/task/task_runner/standard_task_runner.py:61 DeprecationWarning: This process (pid=52597) is multi-threaded, use of fork() may lead to deadlocks in the child.
[2026-07-05T17:59:11.462+0000] {standard_task_runner.py:90} INFO - Running: ['***', 'tasks', 'run', 'logistics_postgres_to_bq', 'push_to_bigquery', 'dataset_triggered__2026-07-05T17:59:09.686346+00:00', '--job-id', '701', '--raw', '--subdir', 'DAGS_FOLDER/dag_postgres_to_bq.py', '--cfg-path', '/tmp/tmpz04ofd8s']
[2026-07-05T17:59:11.467+0000] {standard_task_runner.py:63} INFO - Started process 52621 to run task
[2026-07-05T17:59:11.467+0000] {standard_task_runner.py:91} INFO - Job 701: Subtask push_to_bigquery
[2026-07-05T17:59:11.592+0000] {task_command.py:426} INFO - Running <TaskInstance: logistics_postgres_to_bq.push_to_bigquery dataset_triggered__2026-07-05T17:59:09.686346+00:00 [running]> on host bd23e89d97be
[2026-07-05T17:59:11.666+0000] {taskinstance.py:2648} INFO - Exporting env vars: AIRFLOW_CTX_DAG_OWNER='***' AIRFLOW_CTX_DAG_ID='logistics_postgres_to_bq' AIRFLOW_CTX_TASK_ID='push_to_bigquery' AIRFLOW_CTX_EXECUTION_DATE='2026-07-05T17:59:09.686346+00:00' AIRFLOW_CTX_TRY_NUMBER='1' AIRFLOW_CTX_DAG_RUN_ID='dataset_triggered__2026-07-05T17:59:09.686346+00:00'
[2026-07-05T17:59:11.668+0000] {taskinstance.py:430} INFO - ::endgroup::
[2026-07-05T17:59:12.507+0000] {logging_mixin.py:188} WARNING - /opt/***/dags/dag_postgres_to_bq.py:34 UserWarning: pandas only supports SQLAlchemy connectable (engine/connection) or database string URI or sqlite3 DBAPI2 connection. Other DBAPI2 objects are not tested. Please consider using SQLAlchemy.
[2026-07-05T20:51:43.453+0000] {local_task_job_runner.py:310} WARNING - State of this instance has been externally set to failed. Terminating instance.
[2026-07-05T20:51:43.463+0000] {local_task_job_runner.py:222} INFO - ::endgroup::
[2026-07-05T20:51:43.481+0000] {process_utils.py:132} INFO - Sending 15 to group 52621. PIDs of all processes in the group: [52621]
[2026-07-05T20:51:43.494+0000] {process_utils.py:87} INFO - Sending the signal 15 to group 52621
[2026-07-05T20:51:43.509+0000] {taskinstance.py:2611} ERROR - Received SIGTERM. Terminating subprocesses.
[2026-07-05T20:51:43.547+0000] {taskinstance.py:441} INFO - ::group::Post task execution logs
[2026-07-05T20:51:43.981+0000] {process_utils.py:80} INFO - Process psutil.Process(pid=52621, status='terminated', exitcode=0, started='17:59:11') (52621) terminated with exit code 0
