[2026-07-11T15:02:36.001+0000] {local_task_job_runner.py:120} INFO - ::group::Pre task execution logs
[2026-07-11T15:02:36.035+0000] {taskinstance.py:2076} INFO - Dependencies all met for dep_context=non-requeueable deps ti=<TaskInstance: gold_dbt_dag.trigger_dbt_build dataset_triggered__2026-07-11T15:00:19.235647+00:00 [queued]>
[2026-07-11T15:02:36.039+0000] {taskinstance.py:2076} INFO - Dependencies all met for dep_context=requeueable deps ti=<TaskInstance: gold_dbt_dag.trigger_dbt_build dataset_triggered__2026-07-11T15:00:19.235647+00:00 [queued]>
[2026-07-11T15:02:36.040+0000] {taskinstance.py:2306} INFO - Starting attempt 2 of 2
[2026-07-11T15:02:36.047+0000] {taskinstance.py:2330} INFO - Executing <Task(BashOperator): trigger_dbt_build> on 2026-07-11 15:00:19.235647+00:00
[2026-07-11T15:02:36.055+0000] {standard_task_runner.py:90} INFO - Running: ['***', 'tasks', 'run', 'gold_dbt_dag', 'trigger_dbt_build', 'dataset_triggered__2026-07-11T15:00:19.235647+00:00', '--job-id', '1652', '--raw', '--subdir', 'DAGS_FOLDER/dag_gold_dbt.py', '--cfg-path', '/tmp/tmpppqgt_af']
[2026-07-11T15:02:36.058+0000] {standard_task_runner.py:91} INFO - Job 1652: Subtask trigger_dbt_build
[2026-07-11T15:02:36.058+0000] {logging_mixin.py:188} WARNING - /home/***/.local/lib/python3.12/site-packages/***/task/task_runner/standard_task_runner.py:61 DeprecationWarning: This process (pid=72886) is multi-threaded, use of fork() may lead to deadlocks in the child.
[2026-07-11T15:02:36.059+0000] {standard_task_runner.py:63} INFO - Started process 72887 to run task
[2026-07-11T15:02:36.096+0000] {task_command.py:426} INFO - Running <TaskInstance: gold_dbt_dag.trigger_dbt_build dataset_triggered__2026-07-11T15:00:19.235647+00:00 [running]> on host bd23e89d97be
[2026-07-11T15:02:36.143+0000] {taskinstance.py:2648} INFO - Exporting env vars: AIRFLOW_CTX_DAG_OWNER='data_engineer' AIRFLOW_CTX_DAG_ID='gold_dbt_dag' AIRFLOW_CTX_TASK_ID='trigger_dbt_build' AIRFLOW_CTX_EXECUTION_DATE='2026-07-11T15:00:19.235647+00:00' AIRFLOW_CTX_TRY_NUMBER='2' AIRFLOW_CTX_DAG_RUN_ID='dataset_triggered__2026-07-11T15:00:19.235647+00:00'
[2026-07-11T15:02:36.143+0000] {taskinstance.py:430} INFO - ::endgroup::
[2026-07-11T15:02:36.153+0000] {subprocess.py:63} INFO - Tmp dir root location: /tmp
[2026-07-11T15:02:36.154+0000] {subprocess.py:75} INFO - Running command: ['/usr/bin/bash', '-c', 'cd /opt/***/dbt && dbt build --profiles-dir . --target dev']
[2026-07-11T15:02:36.159+0000] {subprocess.py:86} INFO - Output:
[2026-07-11T15:02:37.401+0000] {subprocess.py:93} INFO - [0m15:02:37  Running with dbt=1.11.11
[2026-07-11T15:02:38.024+0000] {subprocess.py:93} INFO - [0m15:02:38  Registered adapter: bigquery=1.11.3
[2026-07-11T15:02:38.271+0000] {subprocess.py:93} INFO - [0m15:02:38  Found 6 models, 4 sources, 553 macros
[2026-07-11T15:02:38.273+0000] {subprocess.py:93} INFO - [0m15:02:38
[2026-07-11T15:02:38.273+0000] {subprocess.py:93} INFO - [0m15:02:38  Concurrency: 4 threads (target='dev')
[2026-07-11T15:02:38.273+0000] {subprocess.py:93} INFO - [0m15:02:38
[2026-07-11T15:02:39.937+0000] {subprocess.py:93} INFO - [0m15:02:39  1 of 6 START sql table model logistics_mart.dim_drivers ........................ [RUN]
[2026-07-11T15:02:39.938+0000] {subprocess.py:93} INFO - [0m15:02:39  2 of 6 START sql table model logistics_mart.dim_hubs ........................... [RUN]
[2026-07-11T15:02:39.939+0000] {subprocess.py:93} INFO - [0m15:02:39  3 of 6 START sql view model logistics_mart.stg_shipments ....................... [RUN]
[2026-07-11T15:02:39.939+0000] {subprocess.py:93} INFO - [0m15:02:39  4 of 6 START sql view model logistics_mart.stg_weather ......................... [RUN]
[2026-07-11T15:02:42.085+0000] {subprocess.py:93} INFO - [0m15:02:42  4 of 6 OK created sql view model logistics_mart.stg_weather .................... [[32mCREATE VIEW (0 processed)[0m in 2.14s]
[2026-07-11T15:02:42.087+0000] {subprocess.py:93} INFO - [0m15:02:42  3 of 6 OK created sql view model logistics_mart.stg_shipments .................. [[32mCREATE VIEW (0 processed)[0m in 2.14s]
[2026-07-11T15:02:42.088+0000] {subprocess.py:93} INFO - [0m15:02:42  5 of 6 START sql view model logistics_mart.stg_weather_consensus ............... [RUN]
[2026-07-11T15:02:43.447+0000] {subprocess.py:93} INFO - [0m15:02:43  BigQuery adapter: https://console.cloud.google.com/bigquery?project=logistics-500519&j=bq:US:8679ff75-d69a-47be-bcef-42b941534829&page=queryresults
[2026-07-11T15:02:43.467+0000] {subprocess.py:93} INFO - [0m15:02:43  5 of 6 ERROR creating sql view model logistics_mart.stg_weather_consensus ...... [[31mERROR[0m in 1.38s]
[2026-07-11T15:02:43.660+0000] {subprocess.py:93} INFO - [0m15:02:43  2 of 6 OK created sql table model logistics_mart.dim_hubs ...................... [[32mCREATE TABLE (3.0 rows, 149.0 Bytes processed)[0m in 3.72s]
[2026-07-11T15:02:43.665+0000] {subprocess.py:93} INFO - [0m15:02:43  6 of 6 START sql table model logistics_mart.fact_shipment_weather .............. [RUN]
[2026-07-11T15:02:44.087+0000] {subprocess.py:93} INFO - [0m15:02:44  1 of 6 OK created sql table model logistics_mart.dim_drivers ................... [[32mCREATE TABLE (3.0 rows, 108.0 Bytes processed)[0m in 4.15s]
[2026-07-11T15:02:48.406+0000] {subprocess.py:93} INFO - [0m15:02:48  6 of 6 OK created sql table model logistics_mart.fact_shipment_weather ......... [[32mCREATE TABLE (1.9k rows, 119.7 KiB processed)[0m in 4.73s]
[2026-07-11T15:02:48.456+0000] {subprocess.py:93} INFO - [0m15:02:48
[2026-07-11T15:02:48.456+0000] {subprocess.py:93} INFO - [0m15:02:48  Finished running 3 table models, 3 view models in 0 hours 0 minutes and 10.18 seconds (10.18s).
[2026-07-11T15:02:48.502+0000] {subprocess.py:93} INFO - [0m15:02:48
[2026-07-11T15:02:48.502+0000] {subprocess.py:93} INFO - [0m15:02:48  [31mCompleted with 1 error, 0 partial successes, and 0 warnings:[0m
[2026-07-11T15:02:48.503+0000] {subprocess.py:93} INFO - [0m15:02:48
[2026-07-11T15:02:48.503+0000] {subprocess.py:93} INFO - [0m15:02:48  [31mFailure in model stg_weather_consensus (models/staging/stg_weather_consensus.sql)[0m
[2026-07-11T15:02:48.504+0000] {subprocess.py:93} INFO - [0m15:02:48    Database Error in model stg_weather_consensus (models/staging/stg_weather_consensus.sql)
[2026-07-11T15:02:48.504+0000] {subprocess.py:93} INFO -   Unrecognized name: fetched_at at [11:11]
[2026-07-11T15:02:48.504+0000] {subprocess.py:93} INFO -   compiled code at target/run/logistics_lakehouse/models/staging/stg_weather_consensus.sql
[2026-07-11T15:02:48.504+0000] {subprocess.py:93} INFO - [0m15:02:48
[2026-07-11T15:02:48.504+0000] {subprocess.py:93} INFO - [0m15:02:48    compiled code at target/compiled/logistics_lakehouse/models/staging/stg_weather_consensus.sql
[2026-07-11T15:02:48.504+0000] {subprocess.py:93} INFO - [0m15:02:48
[2026-07-11T15:02:48.505+0000] {subprocess.py:93} INFO - [0m15:02:48  Done. PASS=5 WARN=0 ERROR=1 SKIP=0 NO-OP=0 TOTAL=6
[2026-07-11T15:02:50.481+0000] {subprocess.py:97} INFO - Command exited with return code 1
[2026-07-11T15:02:50.484+0000] {taskinstance.py:441} INFO - ::group::Post task execution logs
[2026-07-11T15:02:50.511+0000] {taskinstance.py:2905} ERROR - Task failed with exception
Traceback (most recent call last):
  File "/home/airflow/.local/lib/python3.12/site-packages/airflow/models/taskinstance.py", line 465, in _execute_task
    result = _execute_callable(context=context, **execute_callable_kwargs)
             ^^^^^^^^^^^^^^^^^^^^^^^^^^^^^^^^^^^^^^^^^^^^^^^^^^^^^^^^^^^^^
  File "/home/airflow/.local/lib/python3.12/site-packages/airflow/models/taskinstance.py", line 432, in _execute_callable
    return execute_callable(context=context, **execute_callable_kwargs)
           ^^^^^^^^^^^^^^^^^^^^^^^^^^^^^^^^^^^^^^^^^^^^^^^^^^^^^^^^^^^^
  File "/home/airflow/.local/lib/python3.12/site-packages/airflow/models/baseoperator.py", line 400, in wrapper
    return func(self, *args, **kwargs)
           ^^^^^^^^^^^^^^^^^^^^^^^^^^^
  File "/home/airflow/.local/lib/python3.12/site-packages/airflow/operators/bash.py", line 243, in execute
    raise AirflowException(
airflow.exceptions.AirflowException: Bash command failed. The command returned a non-zero exit code 1.
[2026-07-11T15:02:50.524+0000] {taskinstance.py:1206} INFO - Marking task as FAILED. dag_id=gold_dbt_dag, task_id=trigger_dbt_build, run_id=dataset_triggered__2026-07-11T15:00:19.235647+00:00, execution_date=20260711T150019, start_date=20260711T150236, end_date=20260711T150250
[2026-07-11T15:02:50.599+0000] {standard_task_runner.py:110} ERROR - Failed to execute job 1652 for task trigger_dbt_build (Bash command failed. The command returned a non-zero exit code 1.; 72887)
[2026-07-11T15:02:50.698+0000] {local_task_job_runner.py:240} INFO - Task exited with return code 1
[2026-07-11T15:02:50.724+0000] {taskinstance.py:3498} INFO - 0 downstream tasks scheduled from follow-on schedule check
[2026-07-11T15:02:50.725+0000] {local_task_job_runner.py:222} INFO - ::endgroup::
