[2026-07-07T09:00:19.611+0000] {local_task_job_runner.py:120} INFO - ::group::Pre task execution logs
[2026-07-07T09:00:19.656+0000] {taskinstance.py:2076} INFO - Dependencies all met for dep_context=non-requeueable deps ti=<TaskInstance: gold_dbt_dag.trigger_dbt_build dataset_triggered__2026-07-07T09:00:18.647658+00:00 [queued]>
[2026-07-07T09:00:19.668+0000] {taskinstance.py:2076} INFO - Dependencies all met for dep_context=requeueable deps ti=<TaskInstance: gold_dbt_dag.trigger_dbt_build dataset_triggered__2026-07-07T09:00:18.647658+00:00 [queued]>
[2026-07-07T09:00:19.668+0000] {taskinstance.py:2306} INFO - Starting attempt 1 of 2
[2026-07-07T09:00:19.679+0000] {taskinstance.py:2330} INFO - Executing <Task(BashOperator): trigger_dbt_build> on 2026-07-07 09:00:18.647658+00:00
[2026-07-07T09:00:19.686+0000] {standard_task_runner.py:90} INFO - Running: ['***', 'tasks', 'run', 'gold_dbt_dag', 'trigger_dbt_build', 'dataset_triggered__2026-07-07T09:00:18.647658+00:00', '--job-id', '941', '--raw', '--subdir', 'DAGS_FOLDER/dag_gold_dbt.py', '--cfg-path', '/tmp/tmp7khcfsrn']
[2026-07-07T09:00:19.688+0000] {standard_task_runner.py:91} INFO - Job 941: Subtask trigger_dbt_build
[2026-07-07T09:00:19.693+0000] {logging_mixin.py:188} WARNING - /home/***/.local/lib/python3.12/site-packages/***/task/task_runner/standard_task_runner.py:61 DeprecationWarning: This process (pid=36161) is multi-threaded, use of fork() may lead to deadlocks in the child.
[2026-07-07T09:00:19.695+0000] {standard_task_runner.py:63} INFO - Started process 36162 to run task
[2026-07-07T09:00:19.746+0000] {task_command.py:426} INFO - Running <TaskInstance: gold_dbt_dag.trigger_dbt_build dataset_triggered__2026-07-07T09:00:18.647658+00:00 [running]> on host bd23e89d97be
[2026-07-07T09:00:19.812+0000] {taskinstance.py:2648} INFO - Exporting env vars: AIRFLOW_CTX_DAG_OWNER='data_engineer' AIRFLOW_CTX_DAG_ID='gold_dbt_dag' AIRFLOW_CTX_TASK_ID='trigger_dbt_build' AIRFLOW_CTX_EXECUTION_DATE='2026-07-07T09:00:18.647658+00:00' AIRFLOW_CTX_TRY_NUMBER='1' AIRFLOW_CTX_DAG_RUN_ID='dataset_triggered__2026-07-07T09:00:18.647658+00:00'
[2026-07-07T09:00:19.813+0000] {taskinstance.py:430} INFO - ::endgroup::
[2026-07-07T09:00:19.824+0000] {subprocess.py:63} INFO - Tmp dir root location: /tmp
[2026-07-07T09:00:19.826+0000] {subprocess.py:75} INFO - Running command: ['/usr/bin/bash', '-c', 'cd /opt/***/dbt && dbt build --profiles-dir . --target dev']
[2026-07-07T09:00:19.834+0000] {subprocess.py:86} INFO - Output:
[2026-07-07T09:00:21.168+0000] {subprocess.py:93} INFO - [0m09:00:21  Running with dbt=1.11.11
[2026-07-07T09:00:21.741+0000] {subprocess.py:93} INFO - [0m09:00:21  Registered adapter: bigquery=1.11.3
[2026-07-07T09:00:21.995+0000] {subprocess.py:93} INFO - [0m09:00:21  Found 6 models, 4 sources, 553 macros
[2026-07-07T09:00:21.996+0000] {subprocess.py:93} INFO - [0m09:00:21
[2026-07-07T09:00:21.996+0000] {subprocess.py:93} INFO - [0m09:00:21  Concurrency: 4 threads (target='dev')
[2026-07-07T09:00:21.997+0000] {subprocess.py:93} INFO - [0m09:00:21
[2026-07-07T09:00:23.654+0000] {subprocess.py:93} INFO - [0m09:00:23  1 of 6 START sql table model logistics_mart.dim_drivers ........................ [RUN]
[2026-07-07T09:00:23.655+0000] {subprocess.py:93} INFO - [0m09:00:23  2 of 6 START sql table model logistics_mart.dim_hubs ........................... [RUN]
[2026-07-07T09:00:23.655+0000] {subprocess.py:93} INFO - [0m09:00:23  3 of 6 START sql view model logistics_mart.stg_shipments ....................... [RUN]
[2026-07-07T09:00:23.655+0000] {subprocess.py:93} INFO - [0m09:00:23  4 of 6 START sql view model logistics_mart.stg_weather ......................... [RUN]
[2026-07-07T09:00:25.745+0000] {subprocess.py:93} INFO - [0m09:00:25  4 of 6 OK created sql view model logistics_mart.stg_weather .................... [[32mCREATE VIEW (0 processed)[0m in 2.08s]
[2026-07-07T09:00:25.747+0000] {subprocess.py:93} INFO - [0m09:00:25  3 of 6 OK created sql view model logistics_mart.stg_shipments .................. [[32mCREATE VIEW (0 processed)[0m in 2.09s]
[2026-07-07T09:00:25.750+0000] {subprocess.py:93} INFO - [0m09:00:25  5 of 6 START sql view model logistics_mart.stg_weather_consensus ............... [RUN]
[2026-07-07T09:00:27.081+0000] {subprocess.py:93} INFO - [0m09:00:27  BigQuery adapter: https://console.cloud.google.com/bigquery?project=logistics-500519&j=bq:US:3cb71ba3-6fc3-402e-8e8c-394fbad602d2&page=queryresults
[2026-07-07T09:00:27.104+0000] {subprocess.py:93} INFO - [0m09:00:27  5 of 6 ERROR creating sql view model logistics_mart.stg_weather_consensus ...... [[31mERROR[0m in 1.35s]
[2026-07-07T09:00:27.838+0000] {subprocess.py:93} INFO - [0m09:00:27  1 of 6 OK created sql table model logistics_mart.dim_drivers ................... [[32mCREATE TABLE (3.0 rows, 108.0 Bytes processed)[0m in 4.18s]
[2026-07-07T09:00:29.311+0000] {subprocess.py:93} INFO - [0m09:00:29  2 of 6 OK created sql table model logistics_mart.dim_hubs ...................... [[32mCREATE TABLE (3.0 rows, 149.0 Bytes processed)[0m in 5.65s]
[2026-07-07T09:00:29.315+0000] {subprocess.py:93} INFO - [0m09:00:29  6 of 6 START sql table model logistics_mart.fact_shipment_weather .............. [RUN]
[2026-07-07T09:00:33.904+0000] {subprocess.py:93} INFO - [0m09:00:33  6 of 6 OK created sql table model logistics_mart.fact_shipment_weather ......... [[32mCREATE TABLE (1.1k rows, 71.9 KiB processed)[0m in 4.58s]
[2026-07-07T09:00:33.958+0000] {subprocess.py:93} INFO - [0m09:00:33
[2026-07-07T09:00:33.959+0000] {subprocess.py:93} INFO - [0m09:00:33  Finished running 3 table models, 3 view models in 0 hours 0 minutes and 11.96 seconds (11.96s).
[2026-07-07T09:00:33.999+0000] {subprocess.py:93} INFO - [0m09:00:33
[2026-07-07T09:00:34.000+0000] {subprocess.py:93} INFO - [0m09:00:33  [31mCompleted with 1 error, 0 partial successes, and 0 warnings:[0m
[2026-07-07T09:00:34.000+0000] {subprocess.py:93} INFO - [0m09:00:34
[2026-07-07T09:00:34.000+0000] {subprocess.py:93} INFO - [0m09:00:34  [31mFailure in model stg_weather_consensus (models/staging/stg_weather_consensus.sql)[0m
[2026-07-07T09:00:34.000+0000] {subprocess.py:93} INFO - [0m09:00:34    Database Error in model stg_weather_consensus (models/staging/stg_weather_consensus.sql)
[2026-07-07T09:00:34.001+0000] {subprocess.py:93} INFO -   Unrecognized name: fetched_at at [11:11]
[2026-07-07T09:00:34.001+0000] {subprocess.py:93} INFO -   compiled code at target/run/logistics_lakehouse/models/staging/stg_weather_consensus.sql
[2026-07-07T09:00:34.001+0000] {subprocess.py:93} INFO - [0m09:00:34
[2026-07-07T09:00:34.001+0000] {subprocess.py:93} INFO - [0m09:00:34    compiled code at target/compiled/logistics_lakehouse/models/staging/stg_weather_consensus.sql
[2026-07-07T09:00:34.001+0000] {subprocess.py:93} INFO - [0m09:00:34
[2026-07-07T09:00:34.002+0000] {subprocess.py:93} INFO - [0m09:00:34  Done. PASS=5 WARN=0 ERROR=1 SKIP=0 NO-OP=0 TOTAL=6
[2026-07-07T09:00:36.355+0000] {subprocess.py:97} INFO - Command exited with return code 1
[2026-07-07T09:00:36.357+0000] {taskinstance.py:441} INFO - ::group::Post task execution logs
[2026-07-07T09:00:36.377+0000] {taskinstance.py:2905} ERROR - Task failed with exception
Traceback (most recent call last):
  File "/home/airflow/.local/lib/python3.12/site-packages/airflow/models/taskinstance.py", line 465, in _execute_task
    result = _execute_callable(context=context, **execute_callable_kwargs)
             ^^^^^^^^^^^^^^^^^^^^^^^^^^^^^^^^^^^^^^^^^^^^^^^^^^^^^^^^^^^^^
  File "/home/airflow/.local/lib/python3.12/site-packages/airflow/models/taskinstance.py", line 432, in _execute_callable
    return execute_callable(context=context, **execute_callable_kwargs)
           ^^^^^^^^^^^^^^^^^^^^^^^^^^^^^^^^^^^^^^^^^^^^^^^^^^^^^^^^^^^^
  File "/home/airflow/.local/lib/python3.12/site-packages/airflow/models/baseoperator.py", line 400, in wrapper
    return func(self, *args, **kwargs)
           ^^^^^^^^^^^^^^^^^^^^^^^^^^^
  File "/home/airflow/.local/lib/python3.12/site-packages/airflow/operators/bash.py", line 243, in execute
    raise AirflowException(
airflow.exceptions.AirflowException: Bash command failed. The command returned a non-zero exit code 1.
[2026-07-07T09:00:36.386+0000] {taskinstance.py:1206} INFO - Marking task as UP_FOR_RETRY. dag_id=gold_dbt_dag, task_id=trigger_dbt_build, run_id=dataset_triggered__2026-07-07T09:00:18.647658+00:00, execution_date=20260707T090018, start_date=20260707T090019, end_date=20260707T090036
[2026-07-07T09:00:36.398+0000] {standard_task_runner.py:110} ERROR - Failed to execute job 941 for task trigger_dbt_build (Bash command failed. The command returned a non-zero exit code 1.; 36162)
[2026-07-07T09:00:36.411+0000] {local_task_job_runner.py:240} INFO - Task exited with return code 1
[2026-07-07T09:00:36.420+0000] {taskinstance.py:3498} INFO - 0 downstream tasks scheduled from follow-on schedule check
[2026-07-07T09:00:36.421+0000] {local_task_job_runner.py:222} INFO - ::endgroup::
