[2026-07-09T20:29:54.079+0000] {local_task_job_runner.py:120} INFO - ::group::Pre task execution logs
[2026-07-09T20:29:54.109+0000] {taskinstance.py:2076} INFO - Dependencies all met for dep_context=non-requeueable deps ti=<TaskInstance: gold_dbt_dag.trigger_dbt_build dataset_triggered__2026-07-09T20:13:56.375199+00:00 [queued]>
[2026-07-09T20:29:54.113+0000] {taskinstance.py:2076} INFO - Dependencies all met for dep_context=requeueable deps ti=<TaskInstance: gold_dbt_dag.trigger_dbt_build dataset_triggered__2026-07-09T20:13:56.375199+00:00 [queued]>
[2026-07-09T20:29:54.113+0000] {taskinstance.py:2306} INFO - Starting attempt 2 of 2
[2026-07-09T20:29:54.119+0000] {taskinstance.py:2330} INFO - Executing <Task(BashOperator): trigger_dbt_build> on 2026-07-09 20:13:56.375199+00:00
[2026-07-09T20:29:54.126+0000] {standard_task_runner.py:90} INFO - Running: ['***', 'tasks', 'run', 'gold_dbt_dag', 'trigger_dbt_build', 'dataset_triggered__2026-07-09T20:13:56.375199+00:00', '--job-id', '1353', '--raw', '--subdir', 'DAGS_FOLDER/dag_gold_dbt.py', '--cfg-path', '/tmp/tmpi9uxsqws']
[2026-07-09T20:29:54.128+0000] {standard_task_runner.py:91} INFO - Job 1353: Subtask trigger_dbt_build
[2026-07-09T20:29:54.132+0000] {logging_mixin.py:188} WARNING - /home/***/.local/lib/python3.12/site-packages/***/task/task_runner/standard_task_runner.py:61 DeprecationWarning: This process (pid=87477) is multi-threaded, use of fork() may lead to deadlocks in the child.
[2026-07-09T20:29:54.132+0000] {standard_task_runner.py:63} INFO - Started process 87490 to run task
[2026-07-09T20:29:54.161+0000] {task_command.py:426} INFO - Running <TaskInstance: gold_dbt_dag.trigger_dbt_build dataset_triggered__2026-07-09T20:13:56.375199+00:00 [running]> on host bd23e89d97be
[2026-07-09T20:29:54.212+0000] {taskinstance.py:2648} INFO - Exporting env vars: AIRFLOW_CTX_DAG_OWNER='data_engineer' AIRFLOW_CTX_DAG_ID='gold_dbt_dag' AIRFLOW_CTX_TASK_ID='trigger_dbt_build' AIRFLOW_CTX_EXECUTION_DATE='2026-07-09T20:13:56.375199+00:00' AIRFLOW_CTX_TRY_NUMBER='2' AIRFLOW_CTX_DAG_RUN_ID='dataset_triggered__2026-07-09T20:13:56.375199+00:00'
[2026-07-09T20:29:54.212+0000] {taskinstance.py:430} INFO - ::endgroup::
[2026-07-09T20:29:54.223+0000] {subprocess.py:63} INFO - Tmp dir root location: /tmp
[2026-07-09T20:29:54.224+0000] {subprocess.py:75} INFO - Running command: ['/usr/bin/bash', '-c', 'cd /opt/***/dbt && dbt build --profiles-dir . --target dev']
[2026-07-09T20:29:54.229+0000] {subprocess.py:86} INFO - Output:
[2026-07-09T20:29:55.202+0000] {subprocess.py:93} INFO - [0m20:29:55  Running with dbt=1.11.11
[2026-07-09T20:29:55.619+0000] {subprocess.py:93} INFO - [0m20:29:55  Registered adapter: bigquery=1.11.3
[2026-07-09T20:29:55.847+0000] {subprocess.py:93} INFO - [0m20:29:55  Found 6 models, 4 sources, 553 macros
[2026-07-09T20:29:55.848+0000] {subprocess.py:93} INFO - [0m20:29:55
[2026-07-09T20:29:55.849+0000] {subprocess.py:93} INFO - [0m20:29:55  Concurrency: 4 threads (target='dev')
[2026-07-09T20:29:55.849+0000] {subprocess.py:93} INFO - [0m20:29:55
[2026-07-09T20:29:57.558+0000] {subprocess.py:93} INFO - [0m20:29:57  1 of 6 START sql table model logistics_mart.dim_drivers ........................ [RUN]
[2026-07-09T20:29:57.559+0000] {subprocess.py:93} INFO - [0m20:29:57  2 of 6 START sql table model logistics_mart.dim_hubs ........................... [RUN]
[2026-07-09T20:29:57.559+0000] {subprocess.py:93} INFO - [0m20:29:57  3 of 6 START sql view model logistics_mart.stg_shipments ....................... [RUN]
[2026-07-09T20:29:57.560+0000] {subprocess.py:93} INFO - [0m20:29:57  4 of 6 START sql view model logistics_mart.stg_weather ......................... [RUN]
[2026-07-09T20:29:59.844+0000] {subprocess.py:93} INFO - [0m20:29:59  3 of 6 OK created sql view model logistics_mart.stg_shipments .................. [[32mCREATE VIEW (0 processed)[0m in 2.28s]
[2026-07-09T20:29:59.845+0000] {subprocess.py:93} INFO - [0m20:29:59  4 of 6 OK created sql view model logistics_mart.stg_weather .................... [[32mCREATE VIEW (0 processed)[0m in 2.28s]
[2026-07-09T20:29:59.847+0000] {subprocess.py:93} INFO - [0m20:29:59  5 of 6 START sql view model logistics_mart.stg_weather_consensus ............... [RUN]
[2026-07-09T20:30:02.195+0000] {subprocess.py:93} INFO - [0m20:30:02  1 of 6 OK created sql table model logistics_mart.dim_drivers ................... [[32mCREATE TABLE (3.0 rows, 108.0 Bytes processed)[0m in 4.63s]
[2026-07-09T20:30:02.320+0000] {subprocess.py:93} INFO - [0m20:30:02  BigQuery adapter: https://console.cloud.google.com/bigquery?project=logistics-500519&j=bq:US:7acc3c03-d2e6-4419-b8ff-1ba97fc851a4&page=queryresults
[2026-07-09T20:30:02.338+0000] {subprocess.py:93} INFO - [0m20:30:02  5 of 6 ERROR creating sql view model logistics_mart.stg_weather_consensus ...... [[31mERROR[0m in 2.49s]
[2026-07-09T20:30:03.139+0000] {subprocess.py:93} INFO - [0m20:30:03  2 of 6 OK created sql table model logistics_mart.dim_hubs ...................... [[32mCREATE TABLE (3.0 rows, 149.0 Bytes processed)[0m in 5.58s]
[2026-07-09T20:30:03.145+0000] {subprocess.py:93} INFO - [0m20:30:03  6 of 6 START sql table model logistics_mart.fact_shipment_weather .............. [RUN]
[2026-07-09T20:30:07.220+0000] {subprocess.py:93} INFO - [0m20:30:07  6 of 6 OK created sql table model logistics_mart.fact_shipment_weather ......... [[32mCREATE TABLE (1.6k rows, 99.4 KiB processed)[0m in 4.07s]
[2026-07-09T20:30:07.266+0000] {subprocess.py:93} INFO - [0m20:30:07
[2026-07-09T20:30:07.267+0000] {subprocess.py:93} INFO - [0m20:30:07  Finished running 3 table models, 3 view models in 0 hours 0 minutes and 11.42 seconds (11.42s).
[2026-07-09T20:30:07.295+0000] {subprocess.py:93} INFO - [0m20:30:07
[2026-07-09T20:30:07.296+0000] {subprocess.py:93} INFO - [0m20:30:07  [31mCompleted with 1 error, 0 partial successes, and 0 warnings:[0m
[2026-07-09T20:30:07.296+0000] {subprocess.py:93} INFO - [0m20:30:07
[2026-07-09T20:30:07.296+0000] {subprocess.py:93} INFO - [0m20:30:07  [31mFailure in model stg_weather_consensus (models/staging/stg_weather_consensus.sql)[0m
[2026-07-09T20:30:07.296+0000] {subprocess.py:93} INFO - [0m20:30:07    Database Error in model stg_weather_consensus (models/staging/stg_weather_consensus.sql)
[2026-07-09T20:30:07.296+0000] {subprocess.py:93} INFO -   Unrecognized name: fetched_at at [11:11]
[2026-07-09T20:30:07.297+0000] {subprocess.py:93} INFO -   compiled code at target/run/logistics_lakehouse/models/staging/stg_weather_consensus.sql
[2026-07-09T20:30:07.297+0000] {subprocess.py:93} INFO - [0m20:30:07
[2026-07-09T20:30:07.297+0000] {subprocess.py:93} INFO - [0m20:30:07    compiled code at target/compiled/logistics_lakehouse/models/staging/stg_weather_consensus.sql
[2026-07-09T20:30:07.297+0000] {subprocess.py:93} INFO - [0m20:30:07
[2026-07-09T20:30:07.297+0000] {subprocess.py:93} INFO - [0m20:30:07  Done. PASS=5 WARN=0 ERROR=1 SKIP=0 NO-OP=0 TOTAL=6
[2026-07-09T20:30:09.897+0000] {subprocess.py:97} INFO - Command exited with return code 1
[2026-07-09T20:30:09.905+0000] {taskinstance.py:441} INFO - ::group::Post task execution logs
[2026-07-09T20:30:09.926+0000] {taskinstance.py:2905} ERROR - Task failed with exception
Traceback (most recent call last):
  File "/home/airflow/.local/lib/python3.12/site-packages/airflow/models/taskinstance.py", line 465, in _execute_task
    result = _execute_callable(context=context, **execute_callable_kwargs)
             ^^^^^^^^^^^^^^^^^^^^^^^^^^^^^^^^^^^^^^^^^^^^^^^^^^^^^^^^^^^^^
  File "/home/airflow/.local/lib/python3.12/site-packages/airflow/models/taskinstance.py", line 432, in _execute_callable
    return execute_callable(context=context, **execute_callable_kwargs)
           ^^^^^^^^^^^^^^^^^^^^^^^^^^^^^^^^^^^^^^^^^^^^^^^^^^^^^^^^^^^^
  File "/home/airflow/.local/lib/python3.12/site-packages/airflow/models/baseoperator.py", line 400, in wrapper
    return func(self, *args, **kwargs)
           ^^^^^^^^^^^^^^^^^^^^^^^^^^^
  File "/home/airflow/.local/lib/python3.12/site-packages/airflow/operators/bash.py", line 243, in execute
    raise AirflowException(
airflow.exceptions.AirflowException: Bash command failed. The command returned a non-zero exit code 1.
[2026-07-09T20:30:09.938+0000] {taskinstance.py:1206} INFO - Marking task as FAILED. dag_id=gold_dbt_dag, task_id=trigger_dbt_build, run_id=dataset_triggered__2026-07-09T20:13:56.375199+00:00, execution_date=20260709T201356, start_date=20260709T202954, end_date=20260709T203009
[2026-07-09T20:30:09.955+0000] {standard_task_runner.py:110} ERROR - Failed to execute job 1353 for task trigger_dbt_build (Bash command failed. The command returned a non-zero exit code 1.; 87490)
[2026-07-09T20:30:09.982+0000] {local_task_job_runner.py:240} INFO - Task exited with return code 1
[2026-07-09T20:30:10.001+0000] {local_task_job_runner.py:222} INFO - ::endgroup::
