[2026-07-08T18:11:01.550+0000] {local_task_job_runner.py:120} INFO - ::group::Pre task execution logs
[2026-07-08T18:11:01.604+0000] {taskinstance.py:2076} INFO - Dependencies all met for dep_context=non-requeueable deps ti=<TaskInstance: gold_dbt_dag.trigger_dbt_build dataset_triggered__2026-07-08T17:06:19.995863+00:00 [queued]>
[2026-07-08T18:11:01.615+0000] {taskinstance.py:2076} INFO - Dependencies all met for dep_context=requeueable deps ti=<TaskInstance: gold_dbt_dag.trigger_dbt_build dataset_triggered__2026-07-08T17:06:19.995863+00:00 [queued]>
[2026-07-08T18:11:01.617+0000] {taskinstance.py:2306} INFO - Starting attempt 2 of 2
[2026-07-08T18:11:01.730+0000] {taskinstance.py:2330} INFO - Executing <Task(BashOperator): trigger_dbt_build> on 2026-07-08 17:06:19.995863+00:00
[2026-07-08T18:11:01.897+0000] {standard_task_runner.py:90} INFO - Running: ['***', 'tasks', 'run', 'gold_dbt_dag', 'trigger_dbt_build', 'dataset_triggered__2026-07-08T17:06:19.995863+00:00', '--job-id', '1165', '--raw', '--subdir', 'DAGS_FOLDER/dag_gold_dbt.py', '--cfg-path', '/tmp/tmparo45bxk']
[2026-07-08T18:11:01.910+0000] {standard_task_runner.py:91} INFO - Job 1165: Subtask trigger_dbt_build
[2026-07-08T18:11:01.904+0000] {logging_mixin.py:188} WARNING - /home/***/.local/lib/python3.12/site-packages/***/task/task_runner/standard_task_runner.py:61 DeprecationWarning: This process (pid=35197) is multi-threaded, use of fork() may lead to deadlocks in the child.
[2026-07-08T18:11:01.912+0000] {standard_task_runner.py:63} INFO - Started process 35200 to run task
[2026-07-08T18:11:02.078+0000] {task_command.py:426} INFO - Running <TaskInstance: gold_dbt_dag.trigger_dbt_build dataset_triggered__2026-07-08T17:06:19.995863+00:00 [running]> on host bd23e89d97be
[2026-07-08T18:11:02.267+0000] {taskinstance.py:2648} INFO - Exporting env vars: AIRFLOW_CTX_DAG_OWNER='data_engineer' AIRFLOW_CTX_DAG_ID='gold_dbt_dag' AIRFLOW_CTX_TASK_ID='trigger_dbt_build' AIRFLOW_CTX_EXECUTION_DATE='2026-07-08T17:06:19.995863+00:00' AIRFLOW_CTX_TRY_NUMBER='2' AIRFLOW_CTX_DAG_RUN_ID='dataset_triggered__2026-07-08T17:06:19.995863+00:00'
[2026-07-08T18:11:02.269+0000] {taskinstance.py:430} INFO - ::endgroup::
[2026-07-08T18:11:02.293+0000] {subprocess.py:63} INFO - Tmp dir root location: /tmp
[2026-07-08T18:11:02.296+0000] {subprocess.py:75} INFO - Running command: ['/usr/bin/bash', '-c', 'cd /opt/***/dbt && dbt build --profiles-dir . --target dev']
[2026-07-08T18:11:02.307+0000] {subprocess.py:86} INFO - Output:
[2026-07-08T18:11:03.978+0000] {subprocess.py:93} INFO - [0m18:11:03  Running with dbt=1.11.11
[2026-07-08T18:11:04.944+0000] {subprocess.py:93} INFO - [0m18:11:04  Registered adapter: bigquery=1.11.3
[2026-07-08T18:11:05.372+0000] {subprocess.py:93} INFO - [0m18:11:05  Found 6 models, 4 sources, 553 macros
[2026-07-08T18:11:05.374+0000] {subprocess.py:93} INFO - [0m18:11:05
[2026-07-08T18:11:05.375+0000] {subprocess.py:93} INFO - [0m18:11:05  Concurrency: 4 threads (target='dev')
[2026-07-08T18:11:05.375+0000] {subprocess.py:93} INFO - [0m18:11:05
[2026-07-08T18:11:06.935+0000] {subprocess.py:93} INFO - [0m18:11:06  1 of 6 START sql table model logistics_mart.dim_drivers ........................ [RUN]
[2026-07-08T18:11:06.937+0000] {subprocess.py:93} INFO - [0m18:11:06  2 of 6 START sql table model logistics_mart.dim_hubs ........................... [RUN]
[2026-07-08T18:11:06.938+0000] {subprocess.py:93} INFO - [0m18:11:06  3 of 6 START sql view model logistics_mart.stg_shipments ....................... [RUN]
[2026-07-08T18:11:06.945+0000] {subprocess.py:93} INFO - [0m18:11:06  4 of 6 START sql view model logistics_mart.stg_weather ......................... [RUN]
[2026-07-08T18:11:08.955+0000] {subprocess.py:93} INFO - [0m18:11:08  3 of 6 OK created sql view model logistics_mart.stg_shipments .................. [[32mCREATE VIEW (0 processed)[0m in 2.01s]
[2026-07-08T18:11:08.957+0000] {subprocess.py:93} INFO - [0m18:11:08  5 of 6 START sql view model logistics_mart.stg_weather_consensus ............... [RUN]
[2026-07-08T18:11:09.017+0000] {subprocess.py:93} INFO - [0m18:11:09  4 of 6 OK created sql view model logistics_mart.stg_weather .................... [[32mCREATE VIEW (0 processed)[0m in 2.04s]
[2026-07-08T18:11:10.499+0000] {subprocess.py:93} INFO - [0m18:11:10  BigQuery adapter: https://console.cloud.google.com/bigquery?project=logistics-500519&j=bq:US:b38afc41-e9d8-4215-a0e1-7e05f3fc5cbc&page=queryresults
[2026-07-08T18:11:10.619+0000] {subprocess.py:93} INFO - [0m18:11:10  2 of 6 OK created sql table model logistics_mart.dim_hubs ...................... [[32mCREATE TABLE (3.0 rows, 149.0 Bytes processed)[0m in 3.66s]
[2026-07-08T18:11:10.625+0000] {subprocess.py:93} INFO - [0m18:11:10  5 of 6 ERROR creating sql view model logistics_mart.stg_weather_consensus ...... [[31mERROR[0m in 1.66s]
[2026-07-08T18:11:10.649+0000] {subprocess.py:93} INFO - [0m18:11:10  6 of 6 START sql table model logistics_mart.fact_shipment_weather .............. [RUN]
[2026-07-08T18:11:10.983+0000] {subprocess.py:93} INFO - [0m18:11:10  1 of 6 OK created sql table model logistics_mart.dim_drivers ................... [[32mCREATE TABLE (3.0 rows, 108.0 Bytes processed)[0m in 4.04s]
[2026-07-08T18:11:14.504+0000] {subprocess.py:93} INFO - [0m18:11:14  6 of 6 OK created sql table model logistics_mart.fact_shipment_weather ......... [[32mCREATE TABLE (1.4k rows, 87.8 KiB processed)[0m in 3.85s]
[2026-07-08T18:11:14.542+0000] {subprocess.py:93} INFO - [0m18:11:14
[2026-07-08T18:11:14.542+0000] {subprocess.py:93} INFO - [0m18:11:14  Finished running 3 table models, 3 view models in 0 hours 0 minutes and 9.17 seconds (9.17s).
[2026-07-08T18:11:14.580+0000] {subprocess.py:93} INFO - [0m18:11:14
[2026-07-08T18:11:14.580+0000] {subprocess.py:93} INFO - [0m18:11:14  [31mCompleted with 1 error, 0 partial successes, and 0 warnings:[0m
[2026-07-08T18:11:14.581+0000] {subprocess.py:93} INFO - [0m18:11:14
[2026-07-08T18:11:14.582+0000] {subprocess.py:93} INFO - [0m18:11:14  [31mFailure in model stg_weather_consensus (models/staging/stg_weather_consensus.sql)[0m
[2026-07-08T18:11:14.583+0000] {subprocess.py:93} INFO - [0m18:11:14    Database Error in model stg_weather_consensus (models/staging/stg_weather_consensus.sql)
[2026-07-08T18:11:14.583+0000] {subprocess.py:93} INFO -   Unrecognized name: fetched_at at [11:11]
[2026-07-08T18:11:14.583+0000] {subprocess.py:93} INFO -   compiled code at target/run/logistics_lakehouse/models/staging/stg_weather_consensus.sql
[2026-07-08T18:11:14.584+0000] {subprocess.py:93} INFO - [0m18:11:14
[2026-07-08T18:11:14.584+0000] {subprocess.py:93} INFO - [0m18:11:14    compiled code at target/compiled/logistics_lakehouse/models/staging/stg_weather_consensus.sql
[2026-07-08T18:11:14.584+0000] {subprocess.py:93} INFO - [0m18:11:14
[2026-07-08T18:11:14.584+0000] {subprocess.py:93} INFO - [0m18:11:14  Done. PASS=5 WARN=0 ERROR=1 SKIP=0 NO-OP=0 TOTAL=6
[2026-07-08T18:11:16.354+0000] {subprocess.py:97} INFO - Command exited with return code 1
[2026-07-08T18:11:16.355+0000] {taskinstance.py:441} INFO - ::group::Post task execution logs
[2026-07-08T18:11:16.368+0000] {taskinstance.py:2905} ERROR - Task failed with exception
Traceback (most recent call last):
  File "/home/airflow/.local/lib/python3.12/site-packages/airflow/models/taskinstance.py", line 465, in _execute_task
    result = _execute_callable(context=context, **execute_callable_kwargs)
             ^^^^^^^^^^^^^^^^^^^^^^^^^^^^^^^^^^^^^^^^^^^^^^^^^^^^^^^^^^^^^
  File "/home/airflow/.local/lib/python3.12/site-packages/airflow/models/taskinstance.py", line 432, in _execute_callable
    return execute_callable(context=context, **execute_callable_kwargs)
           ^^^^^^^^^^^^^^^^^^^^^^^^^^^^^^^^^^^^^^^^^^^^^^^^^^^^^^^^^^^^
  File "/home/airflow/.local/lib/python3.12/site-packages/airflow/models/baseoperator.py", line 400, in wrapper
    return func(self, *args, **kwargs)
           ^^^^^^^^^^^^^^^^^^^^^^^^^^^
  File "/home/airflow/.local/lib/python3.12/site-packages/airflow/operators/bash.py", line 243, in execute
    raise AirflowException(
airflow.exceptions.AirflowException: Bash command failed. The command returned a non-zero exit code 1.
[2026-07-08T18:11:16.375+0000] {taskinstance.py:1206} INFO - Marking task as FAILED. dag_id=gold_dbt_dag, task_id=trigger_dbt_build, run_id=dataset_triggered__2026-07-08T17:06:19.995863+00:00, execution_date=20260708T170619, start_date=20260708T181101, end_date=20260708T181116
[2026-07-08T18:11:16.383+0000] {standard_task_runner.py:110} ERROR - Failed to execute job 1165 for task trigger_dbt_build (Bash command failed. The command returned a non-zero exit code 1.; 35200)
[2026-07-08T18:11:16.412+0000] {local_task_job_runner.py:240} INFO - Task exited with return code 1
[2026-07-08T18:11:16.423+0000] {taskinstance.py:3498} INFO - 0 downstream tasks scheduled from follow-on schedule check
[2026-07-08T18:11:16.424+0000] {local_task_job_runner.py:222} INFO - ::endgroup::
