[2026-07-08T23:05:44.228+0000] {local_task_job_runner.py:120} INFO - ::group::Pre task execution logs
[2026-07-08T23:05:44.247+0000] {taskinstance.py:2076} INFO - Dependencies all met for dep_context=non-requeueable deps ti=<TaskInstance: gold_dbt_dag.trigger_dbt_build dataset_triggered__2026-07-08T23:05:43.054011+00:00 [queued]>
[2026-07-08T23:05:44.250+0000] {taskinstance.py:2076} INFO - Dependencies all met for dep_context=requeueable deps ti=<TaskInstance: gold_dbt_dag.trigger_dbt_build dataset_triggered__2026-07-08T23:05:43.054011+00:00 [queued]>
[2026-07-08T23:05:44.250+0000] {taskinstance.py:2306} INFO - Starting attempt 1 of 2
[2026-07-08T23:05:44.255+0000] {taskinstance.py:2330} INFO - Executing <Task(BashOperator): trigger_dbt_build> on 2026-07-08 23:05:43.054011+00:00
[2026-07-08T23:05:44.258+0000] {standard_task_runner.py:90} INFO - Running: ['***', 'tasks', 'run', 'gold_dbt_dag', 'trigger_dbt_build', 'dataset_triggered__2026-07-08T23:05:43.054011+00:00', '--job-id', '1206', '--raw', '--subdir', 'DAGS_FOLDER/dag_gold_dbt.py', '--cfg-path', '/tmp/tmpjio2tbt2']
[2026-07-08T23:05:44.260+0000] {standard_task_runner.py:91} INFO - Job 1206: Subtask trigger_dbt_build
[2026-07-08T23:05:44.260+0000] {logging_mixin.py:188} WARNING - /home/***/.local/lib/python3.12/site-packages/***/task/task_runner/standard_task_runner.py:61 DeprecationWarning: This process (pid=39934) is multi-threaded, use of fork() may lead to deadlocks in the child.
[2026-07-08T23:05:44.261+0000] {standard_task_runner.py:63} INFO - Started process 39935 to run task
[2026-07-08T23:05:44.290+0000] {task_command.py:426} INFO - Running <TaskInstance: gold_dbt_dag.trigger_dbt_build dataset_triggered__2026-07-08T23:05:43.054011+00:00 [running]> on host bd23e89d97be
[2026-07-08T23:05:44.330+0000] {taskinstance.py:2648} INFO - Exporting env vars: AIRFLOW_CTX_DAG_OWNER='data_engineer' AIRFLOW_CTX_DAG_ID='gold_dbt_dag' AIRFLOW_CTX_TASK_ID='trigger_dbt_build' AIRFLOW_CTX_EXECUTION_DATE='2026-07-08T23:05:43.054011+00:00' AIRFLOW_CTX_TRY_NUMBER='1' AIRFLOW_CTX_DAG_RUN_ID='dataset_triggered__2026-07-08T23:05:43.054011+00:00'
[2026-07-08T23:05:44.331+0000] {taskinstance.py:430} INFO - ::endgroup::
[2026-07-08T23:05:44.339+0000] {subprocess.py:63} INFO - Tmp dir root location: /tmp
[2026-07-08T23:05:44.340+0000] {subprocess.py:75} INFO - Running command: ['/usr/bin/bash', '-c', 'cd /opt/***/dbt && dbt build --profiles-dir . --target dev']
[2026-07-08T23:05:44.344+0000] {subprocess.py:86} INFO - Output:
[2026-07-08T23:05:45.364+0000] {subprocess.py:93} INFO - [0m23:05:45  Running with dbt=1.11.11
[2026-07-08T23:05:45.847+0000] {subprocess.py:93} INFO - [0m23:05:45  Registered adapter: bigquery=1.11.3
[2026-07-08T23:05:46.059+0000] {subprocess.py:93} INFO - [0m23:05:46  Found 6 models, 4 sources, 553 macros
[2026-07-08T23:05:46.060+0000] {subprocess.py:93} INFO - [0m23:05:46
[2026-07-08T23:05:46.060+0000] {subprocess.py:93} INFO - [0m23:05:46  Concurrency: 4 threads (target='dev')
[2026-07-08T23:05:46.060+0000] {subprocess.py:93} INFO - [0m23:05:46
[2026-07-08T23:05:47.577+0000] {subprocess.py:93} INFO - [0m23:05:47  1 of 6 START sql table model logistics_mart.dim_drivers ........................ [RUN]
[2026-07-08T23:05:47.578+0000] {subprocess.py:93} INFO - [0m23:05:47  2 of 6 START sql table model logistics_mart.dim_hubs ........................... [RUN]
[2026-07-08T23:05:47.578+0000] {subprocess.py:93} INFO - [0m23:05:47  3 of 6 START sql view model logistics_mart.stg_shipments ....................... [RUN]
[2026-07-08T23:05:47.578+0000] {subprocess.py:93} INFO - [0m23:05:47  4 of 6 START sql view model logistics_mart.stg_weather ......................... [RUN]
[2026-07-08T23:05:49.647+0000] {subprocess.py:93} INFO - [0m23:05:49  3 of 6 OK created sql view model logistics_mart.stg_shipments .................. [[32mCREATE VIEW (0 processed)[0m in 2.07s]
[2026-07-08T23:05:49.648+0000] {subprocess.py:93} INFO - [0m23:05:49  4 of 6 OK created sql view model logistics_mart.stg_weather .................... [[32mCREATE VIEW (0 processed)[0m in 2.07s]
[2026-07-08T23:05:49.650+0000] {subprocess.py:93} INFO - [0m23:05:49  5 of 6 START sql view model logistics_mart.stg_weather_consensus ............... [RUN]
[2026-07-08T23:05:50.995+0000] {subprocess.py:93} INFO - [0m23:05:50  BigQuery adapter: https://console.cloud.google.com/bigquery?project=logistics-500519&j=bq:US:48178cef-59c3-48d6-9b42-1db8c4d2332f&page=queryresults
[2026-07-08T23:05:51.013+0000] {subprocess.py:93} INFO - [0m23:05:51  5 of 6 ERROR creating sql view model logistics_mart.stg_weather_consensus ...... [[31mERROR[0m in 1.36s]
[2026-07-08T23:05:51.213+0000] {subprocess.py:93} INFO - [0m23:05:51  2 of 6 OK created sql table model logistics_mart.dim_hubs ...................... [[32mCREATE TABLE (3.0 rows, 149.0 Bytes processed)[0m in 3.63s]
[2026-07-08T23:05:51.216+0000] {subprocess.py:93} INFO - [0m23:05:51  6 of 6 START sql table model logistics_mart.fact_shipment_weather .............. [RUN]
[2026-07-08T23:05:51.255+0000] {subprocess.py:93} INFO - [0m23:05:51  1 of 6 OK created sql table model logistics_mart.dim_drivers ................... [[32mCREATE TABLE (3.0 rows, 108.0 Bytes processed)[0m in 3.68s]
[2026-07-08T23:58:00.290+0000] {subprocess.py:93} INFO - [0m23:58:00  6 of 6 ERROR creating sql table model logistics_mart.fact_shipment_weather ..... [[31mERROR[0m in 3129.06s]
[2026-07-08T23:58:00.357+0000] {subprocess.py:93} INFO - [0m23:58:00
[2026-07-08T23:58:00.358+0000] {subprocess.py:93} INFO - [0m23:58:00  Finished running 3 table models, 3 view models in 0 hours 52 minutes and 14.29 seconds (3134.29s).
[2026-07-08T23:58:00.428+0000] {subprocess.py:93} INFO - [0m23:58:00
[2026-07-08T23:58:00.429+0000] {subprocess.py:93} INFO - [0m23:58:00  [31mCompleted with 2 errors, 0 partial successes, and 0 warnings:[0m
[2026-07-08T23:58:00.429+0000] {subprocess.py:93} INFO - [0m23:58:00
[2026-07-08T23:58:00.429+0000] {subprocess.py:93} INFO - [0m23:58:00  [31mFailure in model stg_weather_consensus (models/staging/stg_weather_consensus.sql)[0m
[2026-07-08T23:58:00.430+0000] {subprocess.py:93} INFO - [0m23:58:00    Database Error in model stg_weather_consensus (models/staging/stg_weather_consensus.sql)
[2026-07-08T23:58:00.430+0000] {subprocess.py:93} INFO -   Unrecognized name: fetched_at at [11:11]
[2026-07-08T23:58:00.430+0000] {subprocess.py:93} INFO -   compiled code at target/run/logistics_lakehouse/models/staging/stg_weather_consensus.sql
[2026-07-08T23:58:00.430+0000] {subprocess.py:93} INFO - [0m23:58:00
[2026-07-08T23:58:00.430+0000] {subprocess.py:93} INFO - [0m23:58:00    compiled code at target/compiled/logistics_lakehouse/models/staging/stg_weather_consensus.sql
[2026-07-08T23:58:00.431+0000] {subprocess.py:93} INFO - [0m23:58:00
[2026-07-08T23:58:00.431+0000] {subprocess.py:93} INFO - [0m23:58:00  [31mFailure in model fact_shipment_weather (models/mart/fact_shipment_weather.sql)[0m
[2026-07-08T23:58:00.431+0000] {subprocess.py:93} INFO - [0m23:58:00    Database Error in model fact_shipment_weather (models/mart/fact_shipment_weather.sql)
[2026-07-08T23:58:00.432+0000] {subprocess.py:93} INFO -   ('Connection aborted.', RemoteDisconnected('Remote end closed connection without response'))
[2026-07-08T23:58:00.432+0000] {subprocess.py:93} INFO -   compiled code at target/run/logistics_lakehouse/models/mart/fact_shipment_weather.sql
[2026-07-08T23:58:00.432+0000] {subprocess.py:93} INFO - [0m23:58:00
[2026-07-08T23:58:00.432+0000] {subprocess.py:93} INFO - [0m23:58:00    compiled code at target/compiled/logistics_lakehouse/models/mart/fact_shipment_weather.sql
[2026-07-08T23:58:00.433+0000] {subprocess.py:93} INFO - [0m23:58:00
[2026-07-08T23:58:00.433+0000] {subprocess.py:93} INFO - [0m23:58:00  Done. PASS=4 WARN=0 ERROR=2 SKIP=0 NO-OP=0 TOTAL=6
[2026-07-08T23:58:06.239+0000] {subprocess.py:97} INFO - Command exited with return code 1
[2026-07-08T23:58:06.241+0000] {taskinstance.py:441} INFO - ::group::Post task execution logs
[2026-07-08T23:58:06.267+0000] {taskinstance.py:2905} ERROR - Task failed with exception
Traceback (most recent call last):
  File "/home/airflow/.local/lib/python3.12/site-packages/airflow/models/taskinstance.py", line 465, in _execute_task
    result = _execute_callable(context=context, **execute_callable_kwargs)
             ^^^^^^^^^^^^^^^^^^^^^^^^^^^^^^^^^^^^^^^^^^^^^^^^^^^^^^^^^^^^^
  File "/home/airflow/.local/lib/python3.12/site-packages/airflow/models/taskinstance.py", line 432, in _execute_callable
    return execute_callable(context=context, **execute_callable_kwargs)
           ^^^^^^^^^^^^^^^^^^^^^^^^^^^^^^^^^^^^^^^^^^^^^^^^^^^^^^^^^^^^
  File "/home/airflow/.local/lib/python3.12/site-packages/airflow/models/baseoperator.py", line 400, in wrapper
    return func(self, *args, **kwargs)
           ^^^^^^^^^^^^^^^^^^^^^^^^^^^
  File "/home/airflow/.local/lib/python3.12/site-packages/airflow/operators/bash.py", line 243, in execute
    raise AirflowException(
airflow.exceptions.AirflowException: Bash command failed. The command returned a non-zero exit code 1.
[2026-07-08T23:58:06.276+0000] {taskinstance.py:1206} INFO - Marking task as UP_FOR_RETRY. dag_id=gold_dbt_dag, task_id=trigger_dbt_build, run_id=dataset_triggered__2026-07-08T23:05:43.054011+00:00, execution_date=20260708T230543, start_date=20260708T230544, end_date=20260708T235806
[2026-07-08T23:58:06.297+0000] {standard_task_runner.py:110} ERROR - Failed to execute job 1206 for task trigger_dbt_build (Bash command failed. The command returned a non-zero exit code 1.; 39935)
[2026-07-08T23:58:06.323+0000] {local_task_job_runner.py:240} INFO - Task exited with return code 1
[2026-07-08T23:58:06.338+0000] {taskinstance.py:3498} INFO - 0 downstream tasks scheduled from follow-on schedule check
[2026-07-08T23:58:06.338+0000] {local_task_job_runner.py:222} INFO - ::endgroup::
