[2026-07-01T03:54:42.323+0000] {local_task_job_runner.py:120} INFO - ::group::Pre task execution logs
[2026-07-01T03:54:42.351+0000] {taskinstance.py:2076} INFO - Dependencies all met for dep_context=non-requeueable deps ti=<TaskInstance: silver_cdc_dag.spark_cdc_to_iceberg manual__2026-07-01T03:54:41.894155+00:00 [queued]>
[2026-07-01T03:54:42.356+0000] {taskinstance.py:2076} INFO - Dependencies all met for dep_context=requeueable deps ti=<TaskInstance: silver_cdc_dag.spark_cdc_to_iceberg manual__2026-07-01T03:54:41.894155+00:00 [queued]>
[2026-07-01T03:54:42.356+0000] {taskinstance.py:2306} INFO - Starting attempt 1 of 1
[2026-07-01T03:54:42.367+0000] {taskinstance.py:2330} INFO - Executing <Task(BashOperator): spark_cdc_to_iceberg> on 2026-07-01 03:54:41.894155+00:00
[2026-07-01T03:54:42.374+0000] {standard_task_runner.py:90} INFO - Running: ['***', 'tasks', 'run', 'silver_cdc_dag', 'spark_cdc_to_iceberg', 'manual__2026-07-01T03:54:41.894155+00:00', '--job-id', '9', '--raw', '--subdir', 'DAGS_FOLDER/dag_silver_cdc.py', '--cfg-path', '/tmp/tmp05r_1p1g']
[2026-07-01T03:54:42.376+0000] {standard_task_runner.py:91} INFO - Job 9: Subtask spark_cdc_to_iceberg
[2026-07-01T03:54:42.376+0000] {logging_mixin.py:188} WARNING - /home/***/.local/lib/python3.12/site-packages/***/task/task_runner/standard_task_runner.py:61 DeprecationWarning: This process (pid=1378) is multi-threaded, use of fork() may lead to deadlocks in the child.
[2026-07-01T03:54:42.377+0000] {standard_task_runner.py:63} INFO - Started process 1379 to run task
[2026-07-01T03:54:42.413+0000] {task_command.py:426} INFO - Running <TaskInstance: silver_cdc_dag.spark_cdc_to_iceberg manual__2026-07-01T03:54:41.894155+00:00 [running]> on host bd23e89d97be
[2026-07-01T03:54:42.458+0000] {taskinstance.py:2648} INFO - Exporting env vars: AIRFLOW_CTX_DAG_OWNER='data_engineer' AIRFLOW_CTX_DAG_ID='silver_cdc_dag' AIRFLOW_CTX_TASK_ID='spark_cdc_to_iceberg' AIRFLOW_CTX_EXECUTION_DATE='2026-07-01T03:54:41.894155+00:00' AIRFLOW_CTX_TRY_NUMBER='1' AIRFLOW_CTX_DAG_RUN_ID='manual__2026-07-01T03:54:41.894155+00:00'
[2026-07-01T03:54:42.458+0000] {taskinstance.py:430} INFO - ::endgroup::
[2026-07-01T03:54:42.467+0000] {subprocess.py:63} INFO - Tmp dir root location: /tmp
[2026-07-01T03:54:42.468+0000] {subprocess.py:75} INFO - Running command: ['/usr/bin/bash', '-c', 'export JAVA_HOME=/usr/lib/jvm/default-java && python /opt/***/dags/spark/silver_cdc.py "gs://your-lakehouse-bucket/bronze/cdc/shipments/" "shipments_iceberg"']
[2026-07-01T03:54:42.474+0000] {subprocess.py:86} INFO - Output:
[2026-07-01T03:54:43.029+0000] {subprocess.py:93} INFO - WARNING: Using incubator modules: jdk.incubator.vector
[2026-07-01T03:54:43.719+0000] {subprocess.py:93} INFO - :: loading settings :: url = jar:file:/home/***/.local/lib/python3.12/site-packages/pyspark/jars/ivy-2.5.3.jar!/org/apache/ivy/core/settings/ivysettings.xml
[2026-07-01T03:54:43.749+0000] {subprocess.py:93} INFO - Ivy Default Cache set to: /home/***/.ivy2.5.2/cache
[2026-07-01T03:54:43.749+0000] {subprocess.py:93} INFO - The jars for the packages stored in: /home/***/.ivy2.5.2/jars
[2026-07-01T03:54:43.751+0000] {subprocess.py:93} INFO - org.apache.iceberg#iceberg-spark-runtime-3.4_2.12 added as a dependency
[2026-07-01T03:54:43.751+0000] {subprocess.py:93} INFO - org.apache.spark#spark-avro_2.12 added as a dependency
[2026-07-01T03:54:43.752+0000] {subprocess.py:93} INFO - :: resolving dependencies :: org.apache.spark#spark-submit-parent-70474dac-5fdf-4a71-9343-2a3b5cce1023;1.0
[2026-07-01T03:54:43.752+0000] {subprocess.py:93} INFO - 	confs: [default]
[2026-07-01T03:54:43.847+0000] {subprocess.py:93} INFO - 	found org.apache.iceberg#iceberg-spark-runtime-3.4_2.12;1.3.1 in central
[2026-07-01T03:54:43.887+0000] {subprocess.py:93} INFO - 	found org.apache.spark#spark-avro_2.12;3.4.1 in central
[2026-07-01T03:54:43.902+0000] {subprocess.py:93} INFO - 	found org.tukaani#xz;1.9 in central
[2026-07-01T03:54:43.918+0000] {subprocess.py:93} INFO - :: resolution report :: resolve 161ms :: artifacts dl 5ms
[2026-07-01T03:54:43.918+0000] {subprocess.py:93} INFO - 	:: modules in use:
[2026-07-01T03:54:43.919+0000] {subprocess.py:93} INFO - 	org.apache.iceberg#iceberg-spark-runtime-3.4_2.12;1.3.1 from central in [default]
[2026-07-01T03:54:43.919+0000] {subprocess.py:93} INFO - 	org.apache.spark#spark-avro_2.12;3.4.1 from central in [default]
[2026-07-01T03:54:43.919+0000] {subprocess.py:93} INFO - 	org.tukaani#xz;1.9 from central in [default]
[2026-07-01T03:54:43.920+0000] {subprocess.py:93} INFO - 	---------------------------------------------------------------------
[2026-07-01T03:54:43.920+0000] {subprocess.py:93} INFO - 	|                  |            modules            ||   artifacts   |
[2026-07-01T03:54:43.920+0000] {subprocess.py:93} INFO - 	|       conf       | number| search|dwnlded|evicted|| number|dwnlded|
[2026-07-01T03:54:43.920+0000] {subprocess.py:93} INFO - 	---------------------------------------------------------------------
[2026-07-01T03:54:43.921+0000] {subprocess.py:93} INFO - 	|      default     |   3   |   0   |   0   |   0   ||   3   |   0   |
[2026-07-01T03:54:43.921+0000] {subprocess.py:93} INFO - 	---------------------------------------------------------------------
[2026-07-01T03:54:43.922+0000] {subprocess.py:93} INFO - :: retrieving :: org.apache.spark#spark-submit-parent-70474dac-5fdf-4a71-9343-2a3b5cce1023
[2026-07-01T03:54:43.924+0000] {subprocess.py:93} INFO - 	confs: [default]
[2026-07-01T03:54:43.927+0000] {subprocess.py:93} INFO - 	0 artifacts copied, 3 already retrieved (0kB/4ms)
[2026-07-01T03:54:44.068+0000] {subprocess.py:93} INFO - 26/07/01 03:54:44 WARN NativeCodeLoader: Unable to load native-hadoop library for your platform... using builtin-java classes where applicable
[2026-07-01T03:54:44.149+0000] {subprocess.py:93} INFO - Using Spark's default log4j profile: org/apache/spark/log4j2-defaults.properties
[2026-07-01T03:54:44.149+0000] {subprocess.py:93} INFO - Setting default log level to "WARN".
[2026-07-01T03:54:44.149+0000] {subprocess.py:93} INFO - To adjust logging level use sc.setLogLevel(newLevel). For SparkR, use setLogLevel(newLevel).
[2026-07-01T03:54:46.152+0000] {subprocess.py:93} INFO - 26/07/01 03:54:46 WARN SparkSession: Cannot use org.apache.iceberg.spark.extensions.IcebergSparkSessionExtensions to configure session extensions.
[2026-07-01T03:54:46.155+0000] {subprocess.py:93} INFO - java.lang.NoClassDefFoundError: scala/Serializable
[2026-07-01T03:54:46.155+0000] {subprocess.py:93} INFO - 	at org.apache.iceberg.spark.extensions.IcebergSparkSessionExtensions.apply(IcebergSparkSessionExtensions.scala:45)
[2026-07-01T03:54:46.155+0000] {subprocess.py:93} INFO - 	at org.apache.iceberg.spark.extensions.IcebergSparkSessionExtensions.apply(IcebergSparkSessionExtensions.scala:41)
[2026-07-01T03:54:46.155+0000] {subprocess.py:93} INFO - 	at org.apache.spark.sql.classic.SparkSession$.$anonfun$applyExtensions$2(SparkSession.scala:1235)
[2026-07-01T03:54:46.155+0000] {subprocess.py:93} INFO - 	at org.apache.spark.sql.classic.SparkSession$.$anonfun$applyExtensions$2$adapted(SparkSession.scala:1230)
[2026-07-01T03:54:46.155+0000] {subprocess.py:93} INFO - 	at scala.collection.IterableOnceOps.foreach(IterableOnce.scala:630)
[2026-07-01T03:54:46.156+0000] {subprocess.py:93} INFO - 	at scala.collection.IterableOnceOps.foreach$(IterableOnce.scala:628)
[2026-07-01T03:54:46.156+0000] {subprocess.py:93} INFO - 	at scala.collection.AbstractIterable.foreach(Iterable.scala:936)
[2026-07-01T03:54:46.156+0000] {subprocess.py:93} INFO - 	at org.apache.spark.sql.classic.SparkSession$.org$apache$spark$sql$classic$SparkSession$$applyExtensions(SparkSession.scala:1230)
[2026-07-01T03:54:46.156+0000] {subprocess.py:93} INFO - 	at org.apache.spark.sql.classic.SparkSession$.applyAndLoadExtensions(SparkSession.scala:1214)
[2026-07-01T03:54:46.156+0000] {subprocess.py:93} INFO - 	at org.apache.spark.sql.classic.SparkSession.<init>(SparkSession.scala:117)
[2026-07-01T03:54:46.156+0000] {subprocess.py:93} INFO - 	at java.base/jdk.internal.reflect.NativeConstructorAccessorImpl.newInstance0(Native Method)
[2026-07-01T03:54:46.156+0000] {subprocess.py:93} INFO - 	at java.base/jdk.internal.reflect.NativeConstructorAccessorImpl.newInstance(NativeConstructorAccessorImpl.java:77)
[2026-07-01T03:54:46.156+0000] {subprocess.py:93} INFO - 	at java.base/jdk.internal.reflect.DelegatingConstructorAccessorImpl.newInstance(DelegatingConstructorAccessorImpl.java:45)
[2026-07-01T03:54:46.156+0000] {subprocess.py:93} INFO - 	at java.base/java.lang.reflect.Constructor.newInstanceWithCaller(Constructor.java:500)
[2026-07-01T03:54:46.156+0000] {subprocess.py:93} INFO - 	at java.base/java.lang.reflect.Constructor.newInstance(Constructor.java:481)
[2026-07-01T03:54:46.157+0000] {subprocess.py:93} INFO - 	at py4j.reflection.MethodInvoker.invoke(MethodInvoker.java:247)
[2026-07-01T03:54:46.157+0000] {subprocess.py:93} INFO - 	at py4j.reflection.ReflectionEngine.invoke(ReflectionEngine.java:374)
[2026-07-01T03:54:46.157+0000] {subprocess.py:93} INFO - 	at py4j.Gateway.invoke(Gateway.java:238)
[2026-07-01T03:54:46.157+0000] {subprocess.py:93} INFO - 	at py4j.commands.ConstructorCommand.invokeConstructor(ConstructorCommand.java:80)
[2026-07-01T03:54:46.157+0000] {subprocess.py:93} INFO - 	at py4j.commands.ConstructorCommand.execute(ConstructorCommand.java:69)
[2026-07-01T03:54:46.157+0000] {subprocess.py:93} INFO - 	at py4j.ClientServerConnection.waitForCommands(ClientServerConnection.java:184)
[2026-07-01T03:54:46.157+0000] {subprocess.py:93} INFO - 	at py4j.ClientServerConnection.run(ClientServerConnection.java:108)
[2026-07-01T03:54:46.157+0000] {subprocess.py:93} INFO - 	at java.base/java.lang.Thread.run(Thread.java:840)
[2026-07-01T03:54:46.157+0000] {subprocess.py:93} INFO - Caused by: java.lang.ClassNotFoundException: scala.Serializable
[2026-07-01T03:54:46.157+0000] {subprocess.py:93} INFO - 	at java.base/java.net.URLClassLoader.findClass(URLClassLoader.java:445)
[2026-07-01T03:54:46.157+0000] {subprocess.py:93} INFO - 	at java.base/java.lang.ClassLoader.loadClass(ClassLoader.java:592)
[2026-07-01T03:54:46.157+0000] {subprocess.py:93} INFO - 	at java.base/java.lang.ClassLoader.loadClass(ClassLoader.java:525)
[2026-07-01T03:54:46.158+0000] {subprocess.py:93} INFO - 	... 23 more
[2026-07-01T03:54:49.314+0000] {subprocess.py:93} INFO - Reading Bronze Avro data from: gs://your-lakehouse-bucket/bronze/cdc/shipments/
[2026-07-01T03:54:49.315+0000] {subprocess.py:93} INFO - Notice: 'gs://' path detected. Generating mock DataFrame for local testing...
[2026-07-01T03:54:49.315+0000] {subprocess.py:93} INFO - Traceback (most recent call last):
[2026-07-01T03:54:49.315+0000] {subprocess.py:93} INFO -   File "/opt/***/dags/spark/silver_cdc.py", line 67, in <module>
[2026-07-01T03:54:49.315+0000] {subprocess.py:93} INFO -     process_cdc_to_iceberg(bronze_avro_path, table_name)
[2026-07-01T03:54:49.315+0000] {subprocess.py:93} INFO -   File "/opt/***/dags/spark/silver_cdc.py", line 37, in process_cdc_to_iceberg
[2026-07-01T03:54:49.315+0000] {subprocess.py:93} INFO -     if not spark.catalog.tableExists(table_identifier):
[2026-07-01T03:54:49.316+0000] {subprocess.py:93} INFO -            ^^^^^^^^^^^^^^^^^^^^^^^^^^^^^^^^^^^^^^^^^^^
[2026-07-01T03:54:49.316+0000] {subprocess.py:93} INFO -   File "/home/***/.local/lib/python3.12/site-packages/pyspark/sql/catalog.py", line 745, in tableExists
[2026-07-01T03:54:49.316+0000] {subprocess.py:93} INFO -     return self._jcatalog.tableExists(tableName)
[2026-07-01T03:54:49.316+0000] {subprocess.py:93} INFO -            ^^^^^^^^^^^^^^^^^^^^^^^^^^^^^^^^^^^^^
[2026-07-01T03:54:49.316+0000] {subprocess.py:93} INFO -   File "/home/***/.local/lib/python3.12/site-packages/py4j/java_gateway.py", line 1362, in __call__
[2026-07-01T03:54:49.316+0000] {subprocess.py:93} INFO -     return_value = get_return_value(
[2026-07-01T03:54:49.316+0000] {subprocess.py:93} INFO -                    ^^^^^^^^^^^^^^^^^
[2026-07-01T03:54:49.316+0000] {subprocess.py:93} INFO -   File "/home/***/.local/lib/python3.12/site-packages/pyspark/errors/exceptions/captured.py", line 263, in deco
[2026-07-01T03:54:49.316+0000] {subprocess.py:93} INFO -     return f(*a, **kw)
[2026-07-01T03:54:49.316+0000] {subprocess.py:93} INFO -            ^^^^^^^^^^^
[2026-07-01T03:54:49.317+0000] {subprocess.py:93} INFO -   File "/home/***/.local/lib/python3.12/site-packages/py4j/protocol.py", line 327, in get_return_value
[2026-07-01T03:54:49.317+0000] {subprocess.py:93} INFO -     raise Py4JJavaError(
[2026-07-01T03:54:49.317+0000] {subprocess.py:93} INFO - py4j.protocol.Py4JJavaError: An error occurred while calling o73.tableExists.
[2026-07-01T03:54:49.318+0000] {subprocess.py:93} INFO - : java.lang.NoSuchMethodError: 'org.apache.spark.sql.internal.SQLConf org.apache.spark.sql.SQLContext.conf()'
[2026-07-01T03:54:49.318+0000] {subprocess.py:93} INFO - 	at org.apache.iceberg.spark.SparkUtil.hadoopConfCatalogOverrides(SparkUtil.java:143)
[2026-07-01T03:54:49.318+0000] {subprocess.py:93} INFO - 	at org.apache.iceberg.spark.SparkCatalog.buildIcebergCatalog(SparkCatalog.java:138)
[2026-07-01T03:54:49.318+0000] {subprocess.py:93} INFO - 	at org.apache.iceberg.spark.SparkCatalog.initialize(SparkCatalog.java:551)
[2026-07-01T03:54:49.318+0000] {subprocess.py:93} INFO - 	at org.apache.spark.sql.connector.catalog.Catalogs$.load(Catalogs.scala:66)
[2026-07-01T03:54:49.318+0000] {subprocess.py:93} INFO - 	at org.apache.spark.sql.connector.catalog.CatalogManager.$anonfun$catalog$1(CatalogManager.scala:56)
[2026-07-01T03:54:49.318+0000] {subprocess.py:93} INFO - 	at scala.collection.mutable.HashMap.getOrElseUpdate(HashMap.scala:469)
[2026-07-01T03:54:49.319+0000] {subprocess.py:93} INFO - 	at org.apache.spark.sql.connector.catalog.CatalogManager.catalog(CatalogManager.scala:56)
[2026-07-01T03:54:49.319+0000] {subprocess.py:93} INFO - 	at org.apache.spark.sql.connector.catalog.LookupCatalog$CatalogAndIdentifier$.unapply(LookupCatalog.scala:122)
[2026-07-01T03:54:49.319+0000] {subprocess.py:93} INFO - 	at org.apache.spark.sql.catalyst.analysis.Analyzer$ResolveRelations$.$anonfun$lookupTableOrView$2(Analyzer.scala:1298)
[2026-07-01T03:54:49.319+0000] {subprocess.py:93} INFO - 	at scala.Option.orElse(Option.scala:477)
[2026-07-01T03:54:49.319+0000] {subprocess.py:93} INFO - 	at org.apache.spark.sql.catalyst.analysis.Analyzer$ResolveRelations$.org$apache$spark$sql$catalyst$analysis$Analyzer$ResolveRelations$$lookupTableOrView(Analyzer.scala:1297)
[2026-07-01T03:54:49.319+0000] {subprocess.py:93} INFO - 	at org.apache.spark.sql.catalyst.analysis.Analyzer$ResolveRelations$$anonfun$apply$12.applyOrElse(Analyzer.scala:1279)
[2026-07-01T03:54:49.319+0000] {subprocess.py:93} INFO - 	at org.apache.spark.sql.catalyst.analysis.Analyzer$ResolveRelations$$anonfun$apply$12.applyOrElse(Analyzer.scala:1205)
[2026-07-01T03:54:49.320+0000] {subprocess.py:93} INFO - 	at org.apache.spark.sql.catalyst.plans.logical.AnalysisHelper.$anonfun$resolveOperatorsUpWithPruning$3(AnalysisHelper.scala:139)
[2026-07-01T03:54:49.320+0000] {subprocess.py:93} INFO - 	at org.apache.spark.sql.catalyst.trees.CurrentOrigin$.withOrigin(origin.scala:107)
[2026-07-01T03:54:49.320+0000] {subprocess.py:93} INFO - 	at org.apache.spark.sql.catalyst.plans.logical.AnalysisHelper.$anonfun$resolveOperatorsUpWithPruning$1(AnalysisHelper.scala:139)
[2026-07-01T03:54:49.320+0000] {subprocess.py:93} INFO - 	at org.apache.spark.sql.catalyst.plans.logical.AnalysisHelper$.allowInvokingTransformsInAnalyzer(AnalysisHelper.scala:416)
[2026-07-01T03:54:49.320+0000] {subprocess.py:93} INFO - 	at org.apache.spark.sql.catalyst.plans.logical.AnalysisHelper.resolveOperatorsUpWithPruning(AnalysisHelper.scala:135)
[2026-07-01T03:54:49.320+0000] {subprocess.py:93} INFO - 	at org.apache.spark.sql.catalyst.plans.logical.AnalysisHelper.resolveOperatorsUpWithPruning$(AnalysisHelper.scala:131)
[2026-07-01T03:54:49.321+0000] {subprocess.py:93} INFO - 	at org.apache.spark.sql.catalyst.plans.logical.LogicalPlan.resolveOperatorsUpWithPruning(LogicalPlan.scala:37)
[2026-07-01T03:54:49.321+0000] {subprocess.py:93} INFO - 	at org.apache.spark.sql.catalyst.analysis.Analyzer$ResolveRelations$.apply(Analyzer.scala:1205)
[2026-07-01T03:54:49.321+0000] {subprocess.py:93} INFO - 	at org.apache.spark.sql.catalyst.analysis.Analyzer$ResolveRelations$.apply(Analyzer.scala:1167)
[2026-07-01T03:54:49.321+0000] {subprocess.py:93} INFO - 	at org.apache.spark.sql.catalyst.rules.RuleExecutor.$anonfun$execute$2(RuleExecutor.scala:248)
[2026-07-01T03:54:49.321+0000] {subprocess.py:93} INFO - 	at scala.collection.LinearSeqOps.foldLeft(LinearSeq.scala:183)
[2026-07-01T03:54:49.321+0000] {subprocess.py:93} INFO - 	at scala.collection.LinearSeqOps.foldLeft$(LinearSeq.scala:179)
[2026-07-01T03:54:49.321+0000] {subprocess.py:93} INFO - 	at scala.collection.immutable.List.foldLeft(List.scala:79)
[2026-07-01T03:54:49.322+0000] {subprocess.py:93} INFO - 	at org.apache.spark.sql.catalyst.rules.RuleExecutor.$anonfun$execute$1(RuleExecutor.scala:245)
[2026-07-01T03:54:49.322+0000] {subprocess.py:93} INFO - 	at org.apache.spark.sql.catalyst.rules.RuleExecutor.$anonfun$execute$1$adapted(RuleExecutor.scala:237)
[2026-07-01T03:54:49.322+0000] {subprocess.py:93} INFO - 	at scala.collection.immutable.List.foreach(List.scala:323)
[2026-07-01T03:54:49.322+0000] {subprocess.py:93} INFO - 	at org.apache.spark.sql.catalyst.rules.RuleExecutor.execute(RuleExecutor.scala:237)
[2026-07-01T03:54:49.322+0000] {subprocess.py:93} INFO - 	at org.apache.spark.sql.catalyst.analysis.Analyzer.org$apache$spark$sql$catalyst$analysis$Analyzer$$executeSameContext(Analyzer.scala:343)
[2026-07-01T03:54:49.322+0000] {subprocess.py:93} INFO - 	at org.apache.spark.sql.catalyst.analysis.Analyzer.$anonfun$execute$1(Analyzer.scala:339)
[2026-07-01T03:54:49.322+0000] {subprocess.py:93} INFO - 	at org.apache.spark.sql.catalyst.analysis.AnalysisContext$.withNewAnalysisContext(Analyzer.scala:224)
[2026-07-01T03:54:49.323+0000] {subprocess.py:93} INFO - 	at org.apache.spark.sql.catalyst.analysis.Analyzer.execute(Analyzer.scala:339)
[2026-07-01T03:54:49.323+0000] {subprocess.py:93} INFO - 	at org.apache.spark.sql.catalyst.analysis.Analyzer.execute(Analyzer.scala:289)
[2026-07-01T03:54:49.323+0000] {subprocess.py:93} INFO - 	at org.apache.spark.sql.catalyst.rules.RuleExecutor.$anonfun$executeAndTrack$1(RuleExecutor.scala:207)
[2026-07-01T03:54:49.323+0000] {subprocess.py:93} INFO - 	at org.apache.spark.sql.catalyst.QueryPlanningTracker$.withTracker(QueryPlanningTracker.scala:89)
[2026-07-01T03:54:49.323+0000] {subprocess.py:93} INFO - 	at org.apache.spark.sql.catalyst.rules.RuleExecutor.executeAndTrack(RuleExecutor.scala:207)
[2026-07-01T03:54:49.324+0000] {subprocess.py:93} INFO - 	at org.apache.spark.sql.catalyst.analysis.resolver.HybridAnalyzer.resolveInFixedPoint(HybridAnalyzer.scala:236)
[2026-07-01T03:54:49.326+0000] {subprocess.py:93} INFO - 	at org.apache.spark.sql.catalyst.analysis.resolver.HybridAnalyzer.$anonfun$apply$1(HybridAnalyzer.scala:91)
[2026-07-01T03:54:49.326+0000] {subprocess.py:93} INFO - 	at org.apache.spark.sql.catalyst.analysis.resolver.HybridAnalyzer.withTrackedAnalyzerBridgeState(HybridAnalyzer.scala:122)
[2026-07-01T03:54:49.327+0000] {subprocess.py:93} INFO - 	at org.apache.spark.sql.catalyst.analysis.resolver.HybridAnalyzer.apply(HybridAnalyzer.scala:84)
[2026-07-01T03:54:49.327+0000] {subprocess.py:93} INFO - 	at org.apache.spark.sql.catalyst.analysis.Analyzer.$anonfun$executeAndCheck$1(Analyzer.scala:322)
[2026-07-01T03:54:49.328+0000] {subprocess.py:93} INFO - 	at org.apache.spark.sql.catalyst.plans.logical.AnalysisHelper$.markInAnalyzer(AnalysisHelper.scala:423)
[2026-07-01T03:54:49.328+0000] {subprocess.py:93} INFO - 	at org.apache.spark.sql.catalyst.analysis.Analyzer.executeAndCheck(Analyzer.scala:322)
[2026-07-01T03:54:49.328+0000] {subprocess.py:93} INFO - 	at org.apache.spark.sql.execution.QueryExecution.$anonfun$lazyAnalyzed$2(QueryExecution.scala:139)
[2026-07-01T03:54:49.328+0000] {subprocess.py:93} INFO - 	at org.apache.spark.sql.catalyst.QueryPlanningTracker.measurePhase(QueryPlanningTracker.scala:148)
[2026-07-01T03:54:49.329+0000] {subprocess.py:93} INFO - 	at org.apache.spark.sql.execution.QueryExecution.$anonfun$executePhase$2(QueryExecution.scala:330)
[2026-07-01T03:54:49.329+0000] {subprocess.py:93} INFO - 	at org.apache.spark.sql.execution.QueryExecution$.withInternalError(QueryExecution.scala:717)
[2026-07-01T03:54:49.329+0000] {subprocess.py:93} INFO - 	at org.apache.spark.sql.execution.QueryExecution.$anonfun$executePhase$1(QueryExecution.scala:330)
[2026-07-01T03:54:49.329+0000] {subprocess.py:93} INFO - 	at org.apache.spark.sql.SparkSession.withActive(SparkSession.scala:804)
[2026-07-01T03:54:49.329+0000] {subprocess.py:93} INFO - 	at org.apache.spark.sql.execution.QueryExecution.executePhase(QueryExecution.scala:329)
[2026-07-01T03:54:49.329+0000] {subprocess.py:93} INFO - 	at org.apache.spark.sql.execution.QueryExecution.$anonfun$lazyAnalyzed$1(QueryExecution.scala:139)
[2026-07-01T03:54:49.329+0000] {subprocess.py:93} INFO - 	at scala.util.Try$.apply(Try.scala:217)
[2026-07-01T03:54:49.329+0000] {subprocess.py:93} INFO - 	at org.apache.spark.util.Utils$.doTryWithCallerStacktrace(Utils.scala:1392)
[2026-07-01T03:54:49.329+0000] {subprocess.py:93} INFO - 	at org.apache.spark.util.LazyTry.tryT$lzycompute(LazyTry.scala:46)
[2026-07-01T03:54:49.329+0000] {subprocess.py:93} INFO - 	at org.apache.spark.util.LazyTry.tryT(LazyTry.scala:46)
[2026-07-01T03:54:49.330+0000] {subprocess.py:93} INFO - 	at org.apache.spark.util.LazyTry.get(LazyTry.scala:58)
[2026-07-01T03:54:49.330+0000] {subprocess.py:93} INFO - 	at org.apache.spark.sql.execution.QueryExecution.analyzed(QueryExecution.scala:150)
[2026-07-01T03:54:49.330+0000] {subprocess.py:93} INFO - 	at org.apache.spark.sql.classic.Catalog.tableExists(Catalog.scala:208)
[2026-07-01T03:54:49.330+0000] {subprocess.py:93} INFO - 	at org.apache.spark.sql.classic.Catalog.tableExists(Catalog.scala:555)
[2026-07-01T03:54:49.330+0000] {subprocess.py:93} INFO - 	at java.base/jdk.internal.reflect.NativeMethodAccessorImpl.invoke0(Native Method)
[2026-07-01T03:54:49.330+0000] {subprocess.py:93} INFO - 	at java.base/jdk.internal.reflect.NativeMethodAccessorImpl.invoke(NativeMethodAccessorImpl.java:77)
[2026-07-01T03:54:49.330+0000] {subprocess.py:93} INFO - 	at java.base/jdk.internal.reflect.DelegatingMethodAccessorImpl.invoke(DelegatingMethodAccessorImpl.java:43)
[2026-07-01T03:54:49.330+0000] {subprocess.py:93} INFO - 	at java.base/java.lang.reflect.Method.invoke(Method.java:569)
[2026-07-01T03:54:49.330+0000] {subprocess.py:93} INFO - 	at py4j.reflection.MethodInvoker.invoke(MethodInvoker.java:244)
[2026-07-01T03:54:49.330+0000] {subprocess.py:93} INFO - 	at py4j.reflection.ReflectionEngine.invoke(ReflectionEngine.java:374)
[2026-07-01T03:54:49.330+0000] {subprocess.py:93} INFO - 	at py4j.Gateway.invoke(Gateway.java:282)
[2026-07-01T03:54:49.331+0000] {subprocess.py:93} INFO - 	at py4j.commands.AbstractCommand.invokeMethod(AbstractCommand.java:132)
[2026-07-01T03:54:49.331+0000] {subprocess.py:93} INFO - 	at py4j.commands.CallCommand.execute(CallCommand.java:79)
[2026-07-01T03:54:49.331+0000] {subprocess.py:93} INFO - 	at py4j.ClientServerConnection.waitForCommands(ClientServerConnection.java:184)
[2026-07-01T03:54:49.331+0000] {subprocess.py:93} INFO - 	at py4j.ClientServerConnection.run(ClientServerConnection.java:108)
[2026-07-01T03:54:49.331+0000] {subprocess.py:93} INFO - 	at java.base/java.lang.Thread.run(Thread.java:840)
[2026-07-01T03:54:49.331+0000] {subprocess.py:93} INFO - 
[2026-07-01T03:54:49.852+0000] {subprocess.py:97} INFO - Command exited with return code 1
[2026-07-01T03:54:49.854+0000] {taskinstance.py:441} INFO - ::group::Post task execution logs
[2026-07-01T03:54:49.868+0000] {taskinstance.py:2905} ERROR - Task failed with exception
Traceback (most recent call last):
  File "/home/airflow/.local/lib/python3.12/site-packages/airflow/models/taskinstance.py", line 465, in _execute_task
    result = _execute_callable(context=context, **execute_callable_kwargs)
             ^^^^^^^^^^^^^^^^^^^^^^^^^^^^^^^^^^^^^^^^^^^^^^^^^^^^^^^^^^^^^
  File "/home/airflow/.local/lib/python3.12/site-packages/airflow/models/taskinstance.py", line 432, in _execute_callable
    return execute_callable(context=context, **execute_callable_kwargs)
           ^^^^^^^^^^^^^^^^^^^^^^^^^^^^^^^^^^^^^^^^^^^^^^^^^^^^^^^^^^^^
  File "/home/airflow/.local/lib/python3.12/site-packages/airflow/models/baseoperator.py", line 400, in wrapper
    return func(self, *args, **kwargs)
           ^^^^^^^^^^^^^^^^^^^^^^^^^^^
  File "/home/airflow/.local/lib/python3.12/site-packages/airflow/operators/bash.py", line 243, in execute
    raise AirflowException(
airflow.exceptions.AirflowException: Bash command failed. The command returned a non-zero exit code 1.
[2026-07-01T03:54:49.874+0000] {taskinstance.py:1206} INFO - Marking task as FAILED. dag_id=silver_cdc_dag, task_id=spark_cdc_to_iceberg, run_id=manual__2026-07-01T03:54:41.894155+00:00, execution_date=20260701T035441, start_date=20260701T035442, end_date=20260701T035449
[2026-07-01T03:54:49.891+0000] {standard_task_runner.py:110} ERROR - Failed to execute job 9 for task spark_cdc_to_iceberg (Bash command failed. The command returned a non-zero exit code 1.; 1379)
[2026-07-01T03:54:49.907+0000] {local_task_job_runner.py:240} INFO - Task exited with return code 1
[2026-07-01T03:54:49.918+0000] {taskinstance.py:3498} INFO - 0 downstream tasks scheduled from follow-on schedule check
[2026-07-01T03:54:49.919+0000] {local_task_job_runner.py:222} INFO - ::endgroup::
