[2026-07-12T01:15:53.156+0000] {local_task_job_runner.py:120} INFO - ::group::Pre task execution logs
[2026-07-12T01:15:53.179+0000] {taskinstance.py:2076} INFO - Dependencies all met for dep_context=non-requeueable deps ti=<TaskInstance: gold_dbt_dag.trigger_dbt_build dataset_triggered__2026-07-12T00:34:22.288502+00:00 [queued]>
[2026-07-12T01:15:53.185+0000] {taskinstance.py:2076} INFO - Dependencies all met for dep_context=requeueable deps ti=<TaskInstance: gold_dbt_dag.trigger_dbt_build dataset_triggered__2026-07-12T00:34:22.288502+00:00 [queued]>
[2026-07-12T01:15:53.186+0000] {taskinstance.py:2306} INFO - Starting attempt 2 of 2
[2026-07-12T01:15:53.196+0000] {taskinstance.py:2330} INFO - Executing <Task(BashOperator): trigger_dbt_build> on 2026-07-12 00:34:22.288502+00:00
[2026-07-12T01:15:53.205+0000] {logging_mixin.py:188} WARNING - /home/***/.local/lib/python3.12/site-packages/***/task/task_runner/standard_task_runner.py:61 DeprecationWarning: This process (pid=9694) is multi-threaded, use of fork() may lead to deadlocks in the child.
[2026-07-12T01:15:53.205+0000] {standard_task_runner.py:90} INFO - Running: ['***', 'tasks', 'run', 'gold_dbt_dag', 'trigger_dbt_build', 'dataset_triggered__2026-07-12T00:34:22.288502+00:00', '--job-id', '68', '--raw', '--subdir', 'DAGS_FOLDER/dag_gold_dbt.py', '--cfg-path', '/tmp/tmp0q4aox94']
[2026-07-12T01:15:53.208+0000] {standard_task_runner.py:63} INFO - Started process 9702 to run task
[2026-07-12T01:15:53.208+0000] {standard_task_runner.py:91} INFO - Job 68: Subtask trigger_dbt_build
[2026-07-12T01:15:53.265+0000] {task_command.py:426} INFO - Running <TaskInstance: gold_dbt_dag.trigger_dbt_build dataset_triggered__2026-07-12T00:34:22.288502+00:00 [running]> on host ad4e12f53b08
[2026-07-12T01:15:53.324+0000] {taskinstance.py:2648} INFO - Exporting env vars: AIRFLOW_CTX_DAG_OWNER='data_engineer' AIRFLOW_CTX_DAG_ID='gold_dbt_dag' AIRFLOW_CTX_TASK_ID='trigger_dbt_build' AIRFLOW_CTX_EXECUTION_DATE='2026-07-12T00:34:22.288502+00:00' AIRFLOW_CTX_TRY_NUMBER='2' AIRFLOW_CTX_DAG_RUN_ID='dataset_triggered__2026-07-12T00:34:22.288502+00:00'
[2026-07-12T01:15:53.325+0000] {taskinstance.py:430} INFO - ::endgroup::
[2026-07-12T01:15:53.335+0000] {subprocess.py:63} INFO - Tmp dir root location: /tmp
[2026-07-12T01:15:53.336+0000] {subprocess.py:75} INFO - Running command: ['/usr/bin/bash', '-c', 'cd /opt/***/dbt && dbt build --profiles-dir . --target dev']
[2026-07-12T01:15:53.346+0000] {subprocess.py:86} INFO - Output:
[2026-07-12T01:15:54.955+0000] {subprocess.py:93} INFO - [0m01:15:54  Running with dbt=1.11.11
[2026-07-12T01:15:56.553+0000] {subprocess.py:93} INFO - [0m01:15:56  Registered adapter: bigquery=1.11.3
[2026-07-12T01:15:58.626+0000] {subprocess.py:93} INFO - [0m01:15:58  Found 6 models, 4 sources, 553 macros
[2026-07-12T01:15:58.629+0000] {subprocess.py:93} INFO - [0m01:15:58
[2026-07-12T01:15:58.630+0000] {subprocess.py:93} INFO - [0m01:15:58  Concurrency: 4 threads (target='dev')
[2026-07-12T01:15:58.631+0000] {subprocess.py:93} INFO - [0m01:15:58
[2026-07-12T01:16:00.107+0000] {subprocess.py:93} INFO - [0m01:16:00  1 of 6 START sql table model logistics_mart.dim_drivers ........................ [RUN]
[2026-07-12T01:16:00.109+0000] {subprocess.py:93} INFO - [0m01:16:00  3 of 6 START sql view model logistics_mart.stg_shipments ....................... [RUN]
[2026-07-12T01:16:00.110+0000] {subprocess.py:93} INFO - [0m01:16:00  4 of 6 START sql view model logistics_mart.stg_weather ......................... [RUN]
[2026-07-12T01:16:00.111+0000] {subprocess.py:93} INFO - [0m01:16:00  2 of 6 START sql table model logistics_mart.dim_hubs ........................... [RUN]
[2026-07-12T01:16:02.898+0000] {subprocess.py:93} INFO - [0m01:16:02  BigQuery adapter: https://console.cloud.google.com/bigquery?project=logistics-500519&j=bq:US:e2a20132-1896-490b-a491-7da4a43bb366&page=queryresults
[2026-07-12T01:16:02.968+0000] {subprocess.py:93} INFO - [0m01:16:02  2 of 6 ERROR creating sql table model logistics_mart.dim_hubs .................. [[31mERROR[0m in 2.82s]
[2026-07-12T01:16:02.970+0000] {subprocess.py:93} INFO - [0m01:16:02  3 of 6 OK created sql view model logistics_mart.stg_shipments .................. [[32mCREATE VIEW (0 processed)[0m in 2.85s]
[2026-07-12T01:16:02.976+0000] {subprocess.py:93} INFO - [0m01:16:02  5 of 6 START sql view model logistics_mart.stg_weather_consensus ............... [RUN]
[2026-07-12T01:16:03.069+0000] {subprocess.py:93} INFO - [0m01:16:03  BigQuery adapter: https://console.cloud.google.com/bigquery?project=logistics-500519&j=bq:US:b1d84a04-1c0b-458e-8ccf-f823abc2da88&page=queryresults
[2026-07-12T01:16:03.073+0000] {subprocess.py:93} INFO - [0m01:16:03  1 of 6 ERROR creating sql table model logistics_mart.dim_drivers ............... [[31mERROR[0m in 2.97s]
[2026-07-12T01:16:03.175+0000] {subprocess.py:93} INFO - [0m01:16:03  4 of 6 OK created sql view model logistics_mart.stg_weather .................... [[32mCREATE VIEW (0 processed)[0m in 3.05s]
[2026-07-12T01:16:04.654+0000] {subprocess.py:93} INFO - [0m01:16:04  5 of 6 OK created sql view model logistics_mart.stg_weather_consensus .......... [[32mCREATE VIEW (0 processed)[0m in 1.67s]
[2026-07-12T01:16:04.661+0000] {subprocess.py:93} INFO - [0m01:16:04  6 of 6 SKIP relation logistics_mart.fact_shipment_weather ...................... [[33mSKIP[0m]
[2026-07-12T01:16:04.709+0000] {subprocess.py:93} INFO - [0m01:16:04
[2026-07-12T01:16:04.710+0000] {subprocess.py:93} INFO - [0m01:16:04  Finished running 3 table models, 3 view models in 0 hours 0 minutes and 6.08 seconds (6.08s).
[2026-07-12T01:16:04.793+0000] {subprocess.py:93} INFO - [0m01:16:04
[2026-07-12T01:16:04.795+0000] {subprocess.py:93} INFO - [0m01:16:04  [31mCompleted with 2 errors, 0 partial successes, and 0 warnings:[0m
[2026-07-12T01:16:04.796+0000] {subprocess.py:93} INFO - [0m01:16:04
[2026-07-12T01:16:04.798+0000] {subprocess.py:93} INFO - [0m01:16:04  [31mFailure in model dim_hubs (models/mart/dim_hubs.sql)[0m
[2026-07-12T01:16:04.799+0000] {subprocess.py:93} INFO - [0m01:16:04    Database Error in model dim_hubs (models/mart/dim_hubs.sql)
[2026-07-12T01:16:04.799+0000] {subprocess.py:93} INFO -   Unrecognized name: is_current at [24:7]
[2026-07-12T01:16:04.800+0000] {subprocess.py:93} INFO -   compiled code at target/run/logistics_lakehouse/models/mart/dim_hubs.sql
[2026-07-12T01:16:04.800+0000] {subprocess.py:93} INFO - [0m01:16:04
[2026-07-12T01:16:04.800+0000] {subprocess.py:93} INFO - [0m01:16:04    compiled code at target/compiled/logistics_lakehouse/models/mart/dim_hubs.sql
[2026-07-12T01:16:04.801+0000] {subprocess.py:93} INFO - [0m01:16:04
[2026-07-12T01:16:04.802+0000] {subprocess.py:93} INFO - [0m01:16:04  [31mFailure in model dim_drivers (models/mart/dim_drivers.sql)[0m
[2026-07-12T01:16:04.803+0000] {subprocess.py:93} INFO - [0m01:16:04    Database Error in model dim_drivers (models/mart/dim_drivers.sql)
[2026-07-12T01:16:04.804+0000] {subprocess.py:93} INFO -   Unrecognized name: is_current at [24:7]
[2026-07-12T01:16:04.804+0000] {subprocess.py:93} INFO -   compiled code at target/run/logistics_lakehouse/models/mart/dim_drivers.sql
[2026-07-12T01:16:04.805+0000] {subprocess.py:93} INFO - [0m01:16:04
[2026-07-12T01:16:04.805+0000] {subprocess.py:93} INFO - [0m01:16:04    compiled code at target/compiled/logistics_lakehouse/models/mart/dim_drivers.sql
[2026-07-12T01:16:04.805+0000] {subprocess.py:93} INFO - [0m01:16:04
[2026-07-12T01:16:04.806+0000] {subprocess.py:93} INFO - [0m01:16:04  Done. PASS=3 WARN=0 ERROR=2 SKIP=1 NO-OP=0 TOTAL=6
[2026-07-12T01:16:07.338+0000] {subprocess.py:97} INFO - Command exited with return code 1
[2026-07-12T01:16:07.350+0000] {taskinstance.py:441} INFO - ::group::Post task execution logs
[2026-07-12T01:16:07.377+0000] {taskinstance.py:2905} ERROR - Task failed with exception
Traceback (most recent call last):
  File "/home/airflow/.local/lib/python3.12/site-packages/airflow/models/taskinstance.py", line 465, in _execute_task
    result = _execute_callable(context=context, **execute_callable_kwargs)
             ^^^^^^^^^^^^^^^^^^^^^^^^^^^^^^^^^^^^^^^^^^^^^^^^^^^^^^^^^^^^^
  File "/home/airflow/.local/lib/python3.12/site-packages/airflow/models/taskinstance.py", line 432, in _execute_callable
    return execute_callable(context=context, **execute_callable_kwargs)
           ^^^^^^^^^^^^^^^^^^^^^^^^^^^^^^^^^^^^^^^^^^^^^^^^^^^^^^^^^^^^
  File "/home/airflow/.local/lib/python3.12/site-packages/airflow/models/baseoperator.py", line 400, in wrapper
    return func(self, *args, **kwargs)
           ^^^^^^^^^^^^^^^^^^^^^^^^^^^
  File "/home/airflow/.local/lib/python3.12/site-packages/airflow/operators/bash.py", line 243, in execute
    raise AirflowException(
airflow.exceptions.AirflowException: Bash command failed. The command returned a non-zero exit code 1.
[2026-07-12T01:16:07.384+0000] {taskinstance.py:1206} INFO - Marking task as FAILED. dag_id=gold_dbt_dag, task_id=trigger_dbt_build, run_id=dataset_triggered__2026-07-12T00:34:22.288502+00:00, execution_date=20260712T003422, start_date=20260712T011553, end_date=20260712T011607
[2026-07-12T01:16:07.417+0000] {standard_task_runner.py:110} ERROR - Failed to execute job 68 for task trigger_dbt_build (Bash command failed. The command returned a non-zero exit code 1.; 9702)
[2026-07-12T01:16:07.439+0000] {local_task_job_runner.py:240} INFO - Task exited with return code 1
[2026-07-12T01:16:07.485+0000] {taskinstance.py:3498} INFO - 0 downstream tasks scheduled from follow-on schedule check
[2026-07-12T01:16:07.487+0000] {local_task_job_runner.py:222} INFO - ::endgroup::
