[2026-07-12T00:34:22.672+0000] {local_task_job_runner.py:120} INFO - ::group::Pre task execution logs
[2026-07-12T00:34:22.691+0000] {taskinstance.py:2076} INFO - Dependencies all met for dep_context=non-requeueable deps ti=<TaskInstance: gold_dbt_dag.trigger_dbt_build dataset_triggered__2026-07-12T00:34:22.288502+00:00 [queued]>
[2026-07-12T00:34:22.694+0000] {taskinstance.py:2076} INFO - Dependencies all met for dep_context=requeueable deps ti=<TaskInstance: gold_dbt_dag.trigger_dbt_build dataset_triggered__2026-07-12T00:34:22.288502+00:00 [queued]>
[2026-07-12T00:34:22.694+0000] {taskinstance.py:2306} INFO - Starting attempt 1 of 2
[2026-07-12T00:34:22.700+0000] {taskinstance.py:2330} INFO - Executing <Task(BashOperator): trigger_dbt_build> on 2026-07-12 00:34:22.288502+00:00
[2026-07-12T00:34:22.704+0000] {logging_mixin.py:188} WARNING - /home/***/.local/lib/python3.12/site-packages/***/task/task_runner/standard_task_runner.py:61 DeprecationWarning: This process (pid=9652) is multi-threaded, use of fork() may lead to deadlocks in the child.
[2026-07-12T00:34:22.705+0000] {standard_task_runner.py:63} INFO - Started process 9653 to run task
[2026-07-12T00:34:22.704+0000] {standard_task_runner.py:90} INFO - Running: ['***', 'tasks', 'run', 'gold_dbt_dag', 'trigger_dbt_build', 'dataset_triggered__2026-07-12T00:34:22.288502+00:00', '--job-id', '67', '--raw', '--subdir', 'DAGS_FOLDER/dag_gold_dbt.py', '--cfg-path', '/tmp/tmp91bun1ds']
[2026-07-12T00:34:22.705+0000] {standard_task_runner.py:91} INFO - Job 67: Subtask trigger_dbt_build
[2026-07-12T00:34:22.733+0000] {task_command.py:426} INFO - Running <TaskInstance: gold_dbt_dag.trigger_dbt_build dataset_triggered__2026-07-12T00:34:22.288502+00:00 [running]> on host ad4e12f53b08
[2026-07-12T00:34:22.771+0000] {taskinstance.py:2648} INFO - Exporting env vars: AIRFLOW_CTX_DAG_OWNER='data_engineer' AIRFLOW_CTX_DAG_ID='gold_dbt_dag' AIRFLOW_CTX_TASK_ID='trigger_dbt_build' AIRFLOW_CTX_EXECUTION_DATE='2026-07-12T00:34:22.288502+00:00' AIRFLOW_CTX_TRY_NUMBER='1' AIRFLOW_CTX_DAG_RUN_ID='dataset_triggered__2026-07-12T00:34:22.288502+00:00'
[2026-07-12T00:34:22.771+0000] {taskinstance.py:430} INFO - ::endgroup::
[2026-07-12T00:34:22.779+0000] {subprocess.py:63} INFO - Tmp dir root location: /tmp
[2026-07-12T00:34:22.780+0000] {subprocess.py:75} INFO - Running command: ['/usr/bin/bash', '-c', 'cd /opt/***/dbt && dbt build --profiles-dir . --target dev']
[2026-07-12T00:34:22.783+0000] {subprocess.py:86} INFO - Output:
[2026-07-12T00:34:24.214+0000] {subprocess.py:93} INFO - [0m00:34:24  Running with dbt=1.11.11
[2026-07-12T00:34:24.812+0000] {subprocess.py:93} INFO - [0m00:34:24  Registered adapter: bigquery=1.11.3
[2026-07-12T00:34:25.045+0000] {subprocess.py:93} INFO - [0m00:34:25  Found 6 models, 4 sources, 553 macros
[2026-07-12T00:34:25.047+0000] {subprocess.py:93} INFO - [0m00:34:25
[2026-07-12T00:34:25.047+0000] {subprocess.py:93} INFO - [0m00:34:25  Concurrency: 4 threads (target='dev')
[2026-07-12T00:34:25.047+0000] {subprocess.py:93} INFO - [0m00:34:25
[2026-07-12T00:34:26.676+0000] {subprocess.py:93} INFO - [0m00:34:26  1 of 6 START sql table model logistics_mart.dim_drivers ........................ [RUN]
[2026-07-12T00:34:26.677+0000] {subprocess.py:93} INFO - [0m00:34:26  2 of 6 START sql table model logistics_mart.dim_hubs ........................... [RUN]
[2026-07-12T00:34:26.678+0000] {subprocess.py:93} INFO - [0m00:34:26  3 of 6 START sql view model logistics_mart.stg_shipments ....................... [RUN]
[2026-07-12T00:34:26.679+0000] {subprocess.py:93} INFO - [0m00:34:26  4 of 6 START sql view model logistics_mart.stg_weather ......................... [RUN]
[2026-07-12T00:34:28.745+0000] {subprocess.py:93} INFO - [0m00:34:28  4 of 6 OK created sql view model logistics_mart.stg_weather .................... [[32mCREATE VIEW (0 processed)[0m in 2.06s]
[2026-07-12T00:34:28.747+0000] {subprocess.py:93} INFO - [0m00:34:28  5 of 6 START sql view model logistics_mart.stg_weather_consensus ............... [RUN]
[2026-07-12T00:34:28.779+0000] {subprocess.py:93} INFO - [0m00:34:28  3 of 6 OK created sql view model logistics_mart.stg_shipments .................. [[32mCREATE VIEW (0 processed)[0m in 2.10s]
[2026-07-12T00:34:28.855+0000] {subprocess.py:93} INFO - [0m00:34:28  BigQuery adapter: https://console.cloud.google.com/bigquery?project=logistics-500519&j=bq:US:ebc01199-1789-441b-996b-6b0d673ab3a1&page=queryresults
[2026-07-12T00:34:28.860+0000] {subprocess.py:93} INFO - [0m00:34:28  2 of 6 ERROR creating sql table model logistics_mart.dim_hubs .................. [[31mERROR[0m in 2.18s]
[2026-07-12T00:34:28.928+0000] {subprocess.py:93} INFO - [0m00:34:28  BigQuery adapter: https://console.cloud.google.com/bigquery?project=logistics-500519&j=bq:US:529ecd0c-3e59-4be8-99fa-d1e3a8cdc061&page=queryresults
[2026-07-12T00:34:28.934+0000] {subprocess.py:93} INFO - [0m00:34:28  1 of 6 ERROR creating sql table model logistics_mart.dim_drivers ............... [[31mERROR[0m in 2.25s]
[2026-07-12T00:34:30.437+0000] {subprocess.py:93} INFO - [0m00:34:30  5 of 6 OK created sql view model logistics_mart.stg_weather_consensus .......... [[32mCREATE VIEW (0 processed)[0m in 1.69s]
[2026-07-12T00:34:30.439+0000] {subprocess.py:93} INFO - [0m00:34:30  6 of 6 SKIP relation logistics_mart.fact_shipment_weather ...................... [[33mSKIP[0m]
[2026-07-12T00:34:30.471+0000] {subprocess.py:93} INFO - [0m00:34:30
[2026-07-12T00:34:30.472+0000] {subprocess.py:93} INFO - [0m00:34:30  Finished running 3 table models, 3 view models in 0 hours 0 minutes and 5.42 seconds (5.42s).
[2026-07-12T00:34:30.501+0000] {subprocess.py:93} INFO - [0m00:34:30
[2026-07-12T00:34:30.501+0000] {subprocess.py:93} INFO - [0m00:34:30  [31mCompleted with 2 errors, 0 partial successes, and 0 warnings:[0m
[2026-07-12T00:34:30.502+0000] {subprocess.py:93} INFO - [0m00:34:30
[2026-07-12T00:34:30.502+0000] {subprocess.py:93} INFO - [0m00:34:30  [31mFailure in model dim_hubs (models/mart/dim_hubs.sql)[0m
[2026-07-12T00:34:30.502+0000] {subprocess.py:93} INFO - [0m00:34:30    Database Error in model dim_hubs (models/mart/dim_hubs.sql)
[2026-07-12T00:34:30.503+0000] {subprocess.py:93} INFO -   Unrecognized name: is_current at [24:7]
[2026-07-12T00:34:30.503+0000] {subprocess.py:93} INFO -   compiled code at target/run/logistics_lakehouse/models/mart/dim_hubs.sql
[2026-07-12T00:34:30.503+0000] {subprocess.py:93} INFO - [0m00:34:30
[2026-07-12T00:34:30.503+0000] {subprocess.py:93} INFO - [0m00:34:30    compiled code at target/compiled/logistics_lakehouse/models/mart/dim_hubs.sql
[2026-07-12T00:34:30.503+0000] {subprocess.py:93} INFO - [0m00:34:30
[2026-07-12T00:34:30.504+0000] {subprocess.py:93} INFO - [0m00:34:30  [31mFailure in model dim_drivers (models/mart/dim_drivers.sql)[0m
[2026-07-12T00:34:30.504+0000] {subprocess.py:93} INFO - [0m00:34:30    Database Error in model dim_drivers (models/mart/dim_drivers.sql)
[2026-07-12T00:34:30.504+0000] {subprocess.py:93} INFO -   Unrecognized name: is_current at [24:7]
[2026-07-12T00:34:30.504+0000] {subprocess.py:93} INFO -   compiled code at target/run/logistics_lakehouse/models/mart/dim_drivers.sql
[2026-07-12T00:34:30.504+0000] {subprocess.py:93} INFO - [0m00:34:30
[2026-07-12T00:34:30.504+0000] {subprocess.py:93} INFO - [0m00:34:30    compiled code at target/compiled/logistics_lakehouse/models/mart/dim_drivers.sql
[2026-07-12T00:34:30.505+0000] {subprocess.py:93} INFO - [0m00:34:30
[2026-07-12T00:34:30.505+0000] {subprocess.py:93} INFO - [0m00:34:30  Done. PASS=3 WARN=0 ERROR=2 SKIP=1 NO-OP=0 TOTAL=6
[2026-07-12T00:34:31.911+0000] {subprocess.py:97} INFO - Command exited with return code 1
[2026-07-12T00:34:31.912+0000] {taskinstance.py:441} INFO - ::group::Post task execution logs
[2026-07-12T00:34:31.934+0000] {taskinstance.py:2905} ERROR - Task failed with exception
Traceback (most recent call last):
  File "/home/airflow/.local/lib/python3.12/site-packages/airflow/models/taskinstance.py", line 465, in _execute_task
    result = _execute_callable(context=context, **execute_callable_kwargs)
             ^^^^^^^^^^^^^^^^^^^^^^^^^^^^^^^^^^^^^^^^^^^^^^^^^^^^^^^^^^^^^
  File "/home/airflow/.local/lib/python3.12/site-packages/airflow/models/taskinstance.py", line 432, in _execute_callable
    return execute_callable(context=context, **execute_callable_kwargs)
           ^^^^^^^^^^^^^^^^^^^^^^^^^^^^^^^^^^^^^^^^^^^^^^^^^^^^^^^^^^^^
  File "/home/airflow/.local/lib/python3.12/site-packages/airflow/models/baseoperator.py", line 400, in wrapper
    return func(self, *args, **kwargs)
           ^^^^^^^^^^^^^^^^^^^^^^^^^^^
  File "/home/airflow/.local/lib/python3.12/site-packages/airflow/operators/bash.py", line 243, in execute
    raise AirflowException(
airflow.exceptions.AirflowException: Bash command failed. The command returned a non-zero exit code 1.
[2026-07-12T00:34:31.938+0000] {taskinstance.py:1206} INFO - Marking task as UP_FOR_RETRY. dag_id=gold_dbt_dag, task_id=trigger_dbt_build, run_id=dataset_triggered__2026-07-12T00:34:22.288502+00:00, execution_date=20260712T003422, start_date=20260712T003422, end_date=20260712T003431
[2026-07-12T00:34:31.953+0000] {standard_task_runner.py:110} ERROR - Failed to execute job 67 for task trigger_dbt_build (Bash command failed. The command returned a non-zero exit code 1.; 9653)
[2026-07-12T00:34:31.980+0000] {local_task_job_runner.py:240} INFO - Task exited with return code 1
[2026-07-12T00:34:32.001+0000] {taskinstance.py:3498} INFO - 0 downstream tasks scheduled from follow-on schedule check
[2026-07-12T00:34:32.001+0000] {local_task_job_runner.py:222} INFO - ::endgroup::
