[2026-07-09T14:18:37.861+0000] {local_task_job_runner.py:120} INFO - ::group::Pre task execution logs
[2026-07-09T14:18:37.891+0000] {taskinstance.py:2076} INFO - Dependencies all met for dep_context=non-requeueable deps ti=<TaskInstance: gold_dbt_dag.trigger_dbt_build dataset_triggered__2026-07-09T14:00:51.497741+00:00 [queued]>
[2026-07-09T14:18:37.899+0000] {taskinstance.py:2076} INFO - Dependencies all met for dep_context=requeueable deps ti=<TaskInstance: gold_dbt_dag.trigger_dbt_build dataset_triggered__2026-07-09T14:00:51.497741+00:00 [queued]>
[2026-07-09T14:18:37.900+0000] {taskinstance.py:2306} INFO - Starting attempt 2 of 2
[2026-07-09T14:18:37.906+0000] {taskinstance.py:2330} INFO - Executing <Task(BashOperator): trigger_dbt_build> on 2026-07-09 14:00:51.497741+00:00
[2026-07-09T14:18:37.915+0000] {standard_task_runner.py:90} INFO - Running: ['***', 'tasks', 'run', 'gold_dbt_dag', 'trigger_dbt_build', 'dataset_triggered__2026-07-09T14:00:51.497741+00:00', '--job-id', '1311', '--raw', '--subdir', 'DAGS_FOLDER/dag_gold_dbt.py', '--cfg-path', '/tmp/tmpp_kbyqck']
[2026-07-09T14:18:37.918+0000] {standard_task_runner.py:91} INFO - Job 1311: Subtask trigger_dbt_build
[2026-07-09T14:18:37.922+0000] {logging_mixin.py:188} WARNING - /home/***/.local/lib/python3.12/site-packages/***/task/task_runner/standard_task_runner.py:61 DeprecationWarning: This process (pid=73939) is multi-threaded, use of fork() may lead to deadlocks in the child.
[2026-07-09T14:18:37.922+0000] {standard_task_runner.py:63} INFO - Started process 73952 to run task
[2026-07-09T14:18:37.956+0000] {task_command.py:426} INFO - Running <TaskInstance: gold_dbt_dag.trigger_dbt_build dataset_triggered__2026-07-09T14:00:51.497741+00:00 [running]> on host bd23e89d97be
[2026-07-09T14:18:38.032+0000] {taskinstance.py:2648} INFO - Exporting env vars: AIRFLOW_CTX_DAG_OWNER='data_engineer' AIRFLOW_CTX_DAG_ID='gold_dbt_dag' AIRFLOW_CTX_TASK_ID='trigger_dbt_build' AIRFLOW_CTX_EXECUTION_DATE='2026-07-09T14:00:51.497741+00:00' AIRFLOW_CTX_TRY_NUMBER='2' AIRFLOW_CTX_DAG_RUN_ID='dataset_triggered__2026-07-09T14:00:51.497741+00:00'
[2026-07-09T14:18:38.033+0000] {taskinstance.py:430} INFO - ::endgroup::
[2026-07-09T14:18:38.045+0000] {subprocess.py:63} INFO - Tmp dir root location: /tmp
[2026-07-09T14:18:38.047+0000] {subprocess.py:75} INFO - Running command: ['/usr/bin/bash', '-c', 'cd /opt/***/dbt && dbt build --profiles-dir . --target dev']
[2026-07-09T14:18:38.054+0000] {subprocess.py:86} INFO - Output:
[2026-07-09T14:18:39.111+0000] {subprocess.py:93} INFO - [0m14:18:39  Running with dbt=1.11.11
[2026-07-09T14:18:39.586+0000] {subprocess.py:93} INFO - [0m14:18:39  Registered adapter: bigquery=1.11.3
[2026-07-09T14:18:39.817+0000] {subprocess.py:93} INFO - [0m14:18:39  Found 6 models, 4 sources, 553 macros
[2026-07-09T14:18:39.819+0000] {subprocess.py:93} INFO - [0m14:18:39
[2026-07-09T14:18:39.819+0000] {subprocess.py:93} INFO - [0m14:18:39  Concurrency: 4 threads (target='dev')
[2026-07-09T14:18:39.819+0000] {subprocess.py:93} INFO - [0m14:18:39
[2026-07-09T14:18:42.068+0000] {subprocess.py:93} INFO - [0m14:18:42  1 of 6 START sql table model logistics_mart.dim_drivers ........................ [RUN]
[2026-07-09T14:18:42.069+0000] {subprocess.py:93} INFO - [0m14:18:42  2 of 6 START sql table model logistics_mart.dim_hubs ........................... [RUN]
[2026-07-09T14:18:42.069+0000] {subprocess.py:93} INFO - [0m14:18:42  3 of 6 START sql view model logistics_mart.stg_shipments ....................... [RUN]
[2026-07-09T14:18:42.070+0000] {subprocess.py:93} INFO - [0m14:18:42  4 of 6 START sql view model logistics_mart.stg_weather ......................... [RUN]
[2026-07-09T14:18:44.089+0000] {subprocess.py:93} INFO - [0m14:18:44  4 of 6 OK created sql view model logistics_mart.stg_weather .................... [[32mCREATE VIEW (0 processed)[0m in 2.02s]
[2026-07-09T14:18:44.091+0000] {subprocess.py:93} INFO - [0m14:18:44  5 of 6 START sql view model logistics_mart.stg_weather_consensus ............... [RUN]
[2026-07-09T14:18:44.490+0000] {subprocess.py:93} INFO - [0m14:18:44  3 of 6 OK created sql view model logistics_mart.stg_shipments .................. [[32mCREATE VIEW (0 processed)[0m in 2.42s]
[2026-07-09T14:18:45.524+0000] {subprocess.py:93} INFO - [0m14:18:45  BigQuery adapter: https://console.cloud.google.com/bigquery?project=logistics-500519&j=bq:US:8e33d600-738a-4254-aae3-187727b8fbe5&page=queryresults
[2026-07-09T14:18:45.547+0000] {subprocess.py:93} INFO - [0m14:18:45  5 of 6 ERROR creating sql view model logistics_mart.stg_weather_consensus ...... [[31mERROR[0m in 1.45s]
[2026-07-09T14:18:45.801+0000] {subprocess.py:93} INFO - [0m14:18:45  1 of 6 OK created sql table model logistics_mart.dim_drivers ................... [[32mCREATE TABLE (3.0 rows, 108.0 Bytes processed)[0m in 3.73s]
[2026-07-09T14:18:46.768+0000] {subprocess.py:93} INFO - [0m14:18:46  2 of 6 OK created sql table model logistics_mart.dim_hubs ...................... [[32mCREATE TABLE (3.0 rows, 149.0 Bytes processed)[0m in 4.70s]
[2026-07-09T14:18:46.772+0000] {subprocess.py:93} INFO - [0m14:18:46  6 of 6 START sql table model logistics_mart.fact_shipment_weather .............. [RUN]
[2026-07-09T14:18:51.036+0000] {subprocess.py:93} INFO - [0m14:18:51  6 of 6 OK created sql table model logistics_mart.fact_shipment_weather ......... [[32mCREATE TABLE (1.5k rows, 96.8 KiB processed)[0m in 4.26s]
[2026-07-09T14:18:51.083+0000] {subprocess.py:93} INFO - [0m14:18:51
[2026-07-09T14:18:51.084+0000] {subprocess.py:93} INFO - [0m14:18:51  Finished running 3 table models, 3 view models in 0 hours 0 minutes and 11.26 seconds (11.26s).
[2026-07-09T14:18:51.119+0000] {subprocess.py:93} INFO - [0m14:18:51
[2026-07-09T14:18:51.120+0000] {subprocess.py:93} INFO - [0m14:18:51  [31mCompleted with 1 error, 0 partial successes, and 0 warnings:[0m
[2026-07-09T14:18:51.120+0000] {subprocess.py:93} INFO - [0m14:18:51
[2026-07-09T14:18:51.121+0000] {subprocess.py:93} INFO - [0m14:18:51  [31mFailure in model stg_weather_consensus (models/staging/stg_weather_consensus.sql)[0m
[2026-07-09T14:18:51.121+0000] {subprocess.py:93} INFO - [0m14:18:51    Database Error in model stg_weather_consensus (models/staging/stg_weather_consensus.sql)
[2026-07-09T14:18:51.121+0000] {subprocess.py:93} INFO -   Unrecognized name: fetched_at at [11:11]
[2026-07-09T14:18:51.121+0000] {subprocess.py:93} INFO -   compiled code at target/run/logistics_lakehouse/models/staging/stg_weather_consensus.sql
[2026-07-09T14:18:51.121+0000] {subprocess.py:93} INFO - [0m14:18:51
[2026-07-09T14:18:51.122+0000] {subprocess.py:93} INFO - [0m14:18:51    compiled code at target/compiled/logistics_lakehouse/models/staging/stg_weather_consensus.sql
[2026-07-09T14:18:51.122+0000] {subprocess.py:93} INFO - [0m14:18:51
[2026-07-09T14:18:51.122+0000] {subprocess.py:93} INFO - [0m14:18:51  Done. PASS=5 WARN=0 ERROR=1 SKIP=0 NO-OP=0 TOTAL=6
[2026-07-09T14:18:53.337+0000] {subprocess.py:97} INFO - Command exited with return code 1
[2026-07-09T14:18:53.338+0000] {taskinstance.py:441} INFO - ::group::Post task execution logs
[2026-07-09T14:18:53.349+0000] {taskinstance.py:2905} ERROR - Task failed with exception
Traceback (most recent call last):
  File "/home/airflow/.local/lib/python3.12/site-packages/airflow/models/taskinstance.py", line 465, in _execute_task
    result = _execute_callable(context=context, **execute_callable_kwargs)
             ^^^^^^^^^^^^^^^^^^^^^^^^^^^^^^^^^^^^^^^^^^^^^^^^^^^^^^^^^^^^^
  File "/home/airflow/.local/lib/python3.12/site-packages/airflow/models/taskinstance.py", line 432, in _execute_callable
    return execute_callable(context=context, **execute_callable_kwargs)
           ^^^^^^^^^^^^^^^^^^^^^^^^^^^^^^^^^^^^^^^^^^^^^^^^^^^^^^^^^^^^
  File "/home/airflow/.local/lib/python3.12/site-packages/airflow/models/baseoperator.py", line 400, in wrapper
    return func(self, *args, **kwargs)
           ^^^^^^^^^^^^^^^^^^^^^^^^^^^
  File "/home/airflow/.local/lib/python3.12/site-packages/airflow/operators/bash.py", line 243, in execute
    raise AirflowException(
airflow.exceptions.AirflowException: Bash command failed. The command returned a non-zero exit code 1.
[2026-07-09T14:18:53.352+0000] {taskinstance.py:1206} INFO - Marking task as FAILED. dag_id=gold_dbt_dag, task_id=trigger_dbt_build, run_id=dataset_triggered__2026-07-09T14:00:51.497741+00:00, execution_date=20260709T140051, start_date=20260709T141837, end_date=20260709T141853
[2026-07-09T14:18:53.364+0000] {standard_task_runner.py:110} ERROR - Failed to execute job 1311 for task trigger_dbt_build (Bash command failed. The command returned a non-zero exit code 1.; 73952)
[2026-07-09T14:18:53.378+0000] {local_task_job_runner.py:240} INFO - Task exited with return code 1
[2026-07-09T14:18:53.388+0000] {taskinstance.py:3498} INFO - 0 downstream tasks scheduled from follow-on schedule check
[2026-07-09T14:18:53.389+0000] {local_task_job_runner.py:222} INFO - ::endgroup::
