[2026-07-04T22:43:20.408+0000] {local_task_job_runner.py:120} INFO - ::group::Pre task execution logs
[2026-07-04T22:43:20.434+0000] {taskinstance.py:2076} INFO - Dependencies all met for dep_context=non-requeueable deps ti=<TaskInstance: gold_dbt_dag.trigger_dbt_build dataset_triggered__2026-07-04T22:43:20.177465+00:00 [queued]>
[2026-07-04T22:43:20.437+0000] {taskinstance.py:2076} INFO - Dependencies all met for dep_context=requeueable deps ti=<TaskInstance: gold_dbt_dag.trigger_dbt_build dataset_triggered__2026-07-04T22:43:20.177465+00:00 [queued]>
[2026-07-04T22:43:20.437+0000] {taskinstance.py:2306} INFO - Starting attempt 1 of 2
[2026-07-04T22:43:20.443+0000] {taskinstance.py:2330} INFO - Executing <Task(BashOperator): trigger_dbt_build> on 2026-07-04 22:43:20.177465+00:00
[2026-07-04T22:43:20.447+0000] {logging_mixin.py:188} WARNING - /home/***/.local/lib/python3.12/site-packages/***/task/task_runner/standard_task_runner.py:61 DeprecationWarning: This process (pid=42034) is multi-threaded, use of fork() may lead to deadlocks in the child.
[2026-07-04T22:43:20.447+0000] {standard_task_runner.py:90} INFO - Running: ['***', 'tasks', 'run', 'gold_dbt_dag', 'trigger_dbt_build', 'dataset_triggered__2026-07-04T22:43:20.177465+00:00', '--job-id', '588', '--raw', '--subdir', 'DAGS_FOLDER/dag_gold_dbt.py', '--cfg-path', '/tmp/tmpjjyhbci4']
[2026-07-04T22:43:20.450+0000] {standard_task_runner.py:91} INFO - Job 588: Subtask trigger_dbt_build
[2026-07-04T22:43:20.450+0000] {standard_task_runner.py:63} INFO - Started process 42035 to run task
[2026-07-04T22:43:20.485+0000] {task_command.py:426} INFO - Running <TaskInstance: gold_dbt_dag.trigger_dbt_build dataset_triggered__2026-07-04T22:43:20.177465+00:00 [running]> on host bd23e89d97be
[2026-07-04T22:43:20.520+0000] {taskinstance.py:2648} INFO - Exporting env vars: AIRFLOW_CTX_DAG_OWNER='data_engineer' AIRFLOW_CTX_DAG_ID='gold_dbt_dag' AIRFLOW_CTX_TASK_ID='trigger_dbt_build' AIRFLOW_CTX_EXECUTION_DATE='2026-07-04T22:43:20.177465+00:00' AIRFLOW_CTX_TRY_NUMBER='1' AIRFLOW_CTX_DAG_RUN_ID='dataset_triggered__2026-07-04T22:43:20.177465+00:00'
[2026-07-04T22:43:20.520+0000] {taskinstance.py:430} INFO - ::endgroup::
[2026-07-04T22:43:20.529+0000] {subprocess.py:63} INFO - Tmp dir root location: /tmp
[2026-07-04T22:43:20.529+0000] {subprocess.py:75} INFO - Running command: ['/usr/bin/bash', '-c', 'cd /opt/***/dbt && dbt build --profiles-dir . --target dev']
[2026-07-04T22:43:20.533+0000] {subprocess.py:86} INFO - Output:
[2026-07-04T22:43:22.757+0000] {subprocess.py:93} INFO - [0m22:43:22  Running with dbt=1.11.11
[2026-07-04T22:43:23.548+0000] {subprocess.py:93} INFO - [0m22:43:23  Registered adapter: bigquery=1.11.3
[2026-07-04T22:43:23.763+0000] {subprocess.py:93} INFO - [0m22:43:23  Found 5 models, 4 sources, 553 macros
[2026-07-04T22:43:23.764+0000] {subprocess.py:93} INFO - [0m22:43:23
[2026-07-04T22:43:23.765+0000] {subprocess.py:93} INFO - [0m22:43:23  Concurrency: 4 threads (target='dev')
[2026-07-04T22:43:23.765+0000] {subprocess.py:93} INFO - [0m22:43:23
[2026-07-04T22:43:26.303+0000] {subprocess.py:93} INFO - [0m22:43:26  1 of 5 START sql table model logistics_mart.dim_drivers ........................ [RUN]
[2026-07-04T22:43:26.303+0000] {subprocess.py:93} INFO - [0m22:43:26  2 of 5 START sql table model logistics_mart.dim_hubs ........................... [RUN]
[2026-07-04T22:43:26.304+0000] {subprocess.py:93} INFO - [0m22:43:26  3 of 5 START sql view model logistics_mart.stg_shipments ....................... [RUN]
[2026-07-04T22:43:26.304+0000] {subprocess.py:93} INFO - [0m22:43:26  4 of 5 START sql view model logistics_mart.stg_weather ......................... [RUN]
[2026-07-04T22:43:28.375+0000] {subprocess.py:93} INFO - [0m22:43:28  4 of 5 OK created sql view model logistics_mart.stg_weather .................... [[32mCREATE VIEW (0 processed)[0m in 2.07s]
[2026-07-04T22:43:28.375+0000] {subprocess.py:93} INFO - [0m22:43:28  3 of 5 OK created sql view model logistics_mart.stg_shipments .................. [[32mCREATE VIEW (0 processed)[0m in 2.07s]
[2026-07-04T22:43:29.709+0000] {subprocess.py:93} INFO - [0m22:43:29  1 of 5 OK created sql table model logistics_mart.dim_drivers ................... [[32mCREATE TABLE (3.0 rows, 108.0 Bytes processed)[0m in 3.40s]
[2026-07-04T22:43:29.879+0000] {subprocess.py:93} INFO - [0m22:43:29  2 of 5 OK created sql table model logistics_mart.dim_hubs ...................... [[32mCREATE TABLE (3.0 rows, 149.0 Bytes processed)[0m in 3.57s]
[2026-07-04T22:43:29.884+0000] {subprocess.py:93} INFO - [0m22:43:29  5 of 5 START sql table model logistics_mart.fact_shipment_weather .............. [RUN]
[2026-07-05T04:02:18.335+0000] {subprocess.py:93} INFO - [0m04:02:18  5 of 5 ERROR creating sql table model logistics_mart.fact_shipment_weather ..... [[31mERROR[0m in 19128.44s]
[2026-07-05T04:02:18.392+0000] {subprocess.py:93} INFO - [0m04:02:18
[2026-07-05T04:02:18.393+0000] {subprocess.py:93} INFO - [0m04:02:18  Finished running 3 table models, 2 view models in 5 hours 18 minutes and 54.63 seconds (19134.63s).
[2026-07-05T04:02:18.472+0000] {subprocess.py:93} INFO - [0m04:02:18
[2026-07-05T04:02:18.472+0000] {subprocess.py:93} INFO - [0m04:02:18  [31mCompleted with 1 error, 0 partial successes, and 0 warnings:[0m
[2026-07-05T04:02:18.473+0000] {subprocess.py:93} INFO - [0m04:02:18
[2026-07-05T04:02:18.474+0000] {subprocess.py:93} INFO - [0m04:02:18  [31mFailure in model fact_shipment_weather (models/mart/fact_shipment_weather.sql)[0m
[2026-07-05T04:02:18.474+0000] {subprocess.py:93} INFO - [0m04:02:18    Database Error in model fact_shipment_weather (models/mart/fact_shipment_weather.sql)
[2026-07-05T04:02:18.475+0000] {subprocess.py:93} INFO -   ('Connection aborted.', RemoteDisconnected('Remote end closed connection without response'))
[2026-07-05T04:02:18.475+0000] {subprocess.py:93} INFO -   compiled code at target/run/logistics_lakehouse/models/mart/fact_shipment_weather.sql
[2026-07-05T04:02:18.475+0000] {subprocess.py:93} INFO - [0m04:02:18
[2026-07-05T04:02:18.476+0000] {subprocess.py:93} INFO - [0m04:02:18    compiled code at target/compiled/logistics_lakehouse/models/mart/fact_shipment_weather.sql
[2026-07-05T04:02:18.476+0000] {subprocess.py:93} INFO - [0m04:02:18
[2026-07-05T04:02:18.476+0000] {subprocess.py:93} INFO - [0m04:02:18  Done. PASS=4 WARN=0 ERROR=1 SKIP=0 NO-OP=0 TOTAL=5
[2026-07-05T04:36:28.426+0000] {subprocess.py:97} INFO - Command exited with return code 1
[2026-07-05T04:36:28.431+0000] {taskinstance.py:441} INFO - ::group::Post task execution logs
[2026-07-05T04:36:28.480+0000] {taskinstance.py:2905} ERROR - Task failed with exception
Traceback (most recent call last):
  File "/home/airflow/.local/lib/python3.12/site-packages/airflow/models/taskinstance.py", line 465, in _execute_task
    result = _execute_callable(context=context, **execute_callable_kwargs)
             ^^^^^^^^^^^^^^^^^^^^^^^^^^^^^^^^^^^^^^^^^^^^^^^^^^^^^^^^^^^^^
  File "/home/airflow/.local/lib/python3.12/site-packages/airflow/models/taskinstance.py", line 432, in _execute_callable
    return execute_callable(context=context, **execute_callable_kwargs)
           ^^^^^^^^^^^^^^^^^^^^^^^^^^^^^^^^^^^^^^^^^^^^^^^^^^^^^^^^^^^^
  File "/home/airflow/.local/lib/python3.12/site-packages/airflow/models/baseoperator.py", line 400, in wrapper
    return func(self, *args, **kwargs)
           ^^^^^^^^^^^^^^^^^^^^^^^^^^^
  File "/home/airflow/.local/lib/python3.12/site-packages/airflow/operators/bash.py", line 243, in execute
    raise AirflowException(
airflow.exceptions.AirflowException: Bash command failed. The command returned a non-zero exit code 1.
[2026-07-05T04:36:28.508+0000] {taskinstance.py:1206} INFO - Marking task as UP_FOR_RETRY. dag_id=gold_dbt_dag, task_id=trigger_dbt_build, run_id=dataset_triggered__2026-07-04T22:43:20.177465+00:00, execution_date=20260704T224320, start_date=20260704T224320, end_date=20260705T043628
[2026-07-05T04:36:28.543+0000] {standard_task_runner.py:110} ERROR - Failed to execute job 588 for task trigger_dbt_build (Bash command failed. The command returned a non-zero exit code 1.; 42035)
[2026-07-05T04:36:28.563+0000] {local_task_job_runner.py:240} INFO - Task exited with return code 1
[2026-07-05T04:36:28.594+0000] {taskinstance.py:3498} INFO - 0 downstream tasks scheduled from follow-on schedule check
[2026-07-05T04:36:28.596+0000] {local_task_job_runner.py:222} INFO - ::endgroup::
