[2026-07-05T04:46:46.433+0000] {local_task_job_runner.py:120} INFO - ::group::Pre task execution logs
[2026-07-05T04:46:46.456+0000] {taskinstance.py:2076} INFO - Dependencies all met for dep_context=non-requeueable deps ti=<TaskInstance: gold_dbt_dag.trigger_dbt_build dataset_triggered__2026-07-04T22:43:20.177465+00:00 [queued]>
[2026-07-05T04:46:46.464+0000] {taskinstance.py:2076} INFO - Dependencies all met for dep_context=requeueable deps ti=<TaskInstance: gold_dbt_dag.trigger_dbt_build dataset_triggered__2026-07-04T22:43:20.177465+00:00 [queued]>
[2026-07-05T04:46:46.464+0000] {taskinstance.py:2306} INFO - Starting attempt 2 of 2
[2026-07-05T04:46:46.474+0000] {taskinstance.py:2330} INFO - Executing <Task(BashOperator): trigger_dbt_build> on 2026-07-04 22:43:20.177465+00:00
[2026-07-05T04:46:46.480+0000] {logging_mixin.py:188} WARNING - /home/***/.local/lib/python3.12/site-packages/***/task/task_runner/standard_task_runner.py:61 DeprecationWarning: This process (pid=45227) is multi-threaded, use of fork() may lead to deadlocks in the child.
[2026-07-05T04:46:46.479+0000] {standard_task_runner.py:90} INFO - Running: ['***', 'tasks', 'run', 'gold_dbt_dag', 'trigger_dbt_build', 'dataset_triggered__2026-07-04T22:43:20.177465+00:00', '--job-id', '622', '--raw', '--subdir', 'DAGS_FOLDER/dag_gold_dbt.py', '--cfg-path', '/tmp/tmpfq13_isy']
[2026-07-05T04:46:46.481+0000] {standard_task_runner.py:91} INFO - Job 622: Subtask trigger_dbt_build
[2026-07-05T04:46:46.481+0000] {standard_task_runner.py:63} INFO - Started process 45228 to run task
[2026-07-05T04:46:46.515+0000] {task_command.py:426} INFO - Running <TaskInstance: gold_dbt_dag.trigger_dbt_build dataset_triggered__2026-07-04T22:43:20.177465+00:00 [running]> on host bd23e89d97be
[2026-07-05T04:46:46.570+0000] {taskinstance.py:2648} INFO - Exporting env vars: AIRFLOW_CTX_DAG_OWNER='data_engineer' AIRFLOW_CTX_DAG_ID='gold_dbt_dag' AIRFLOW_CTX_TASK_ID='trigger_dbt_build' AIRFLOW_CTX_EXECUTION_DATE='2026-07-04T22:43:20.177465+00:00' AIRFLOW_CTX_TRY_NUMBER='2' AIRFLOW_CTX_DAG_RUN_ID='dataset_triggered__2026-07-04T22:43:20.177465+00:00'
[2026-07-05T04:46:46.570+0000] {taskinstance.py:430} INFO - ::endgroup::
[2026-07-05T04:46:46.582+0000] {subprocess.py:63} INFO - Tmp dir root location: /tmp
[2026-07-05T04:46:46.584+0000] {subprocess.py:75} INFO - Running command: ['/usr/bin/bash', '-c', 'cd /opt/***/dbt && dbt build --profiles-dir . --target dev']
[2026-07-05T04:46:46.590+0000] {subprocess.py:86} INFO - Output:
[2026-07-05T04:46:47.849+0000] {subprocess.py:93} INFO - [0m04:46:47  Running with dbt=1.11.11
[2026-07-05T04:46:48.479+0000] {subprocess.py:93} INFO - [0m04:46:48  Registered adapter: bigquery=1.11.3
[2026-07-05T04:46:48.829+0000] {subprocess.py:93} INFO - [0m04:46:48  Found 5 models, 4 sources, 553 macros
[2026-07-05T04:46:48.831+0000] {subprocess.py:93} INFO - [0m04:46:48
[2026-07-05T04:46:48.832+0000] {subprocess.py:93} INFO - [0m04:46:48  Concurrency: 4 threads (target='dev')
[2026-07-05T04:46:48.832+0000] {subprocess.py:93} INFO - [0m04:46:48
[2026-07-05T04:46:50.575+0000] {subprocess.py:93} INFO - [0m04:46:50  1 of 5 START sql table model logistics_mart.dim_drivers ........................ [RUN]
[2026-07-05T04:46:50.576+0000] {subprocess.py:93} INFO - [0m04:46:50  2 of 5 START sql table model logistics_mart.dim_hubs ........................... [RUN]
[2026-07-05T04:46:50.576+0000] {subprocess.py:93} INFO - [0m04:46:50  3 of 5 START sql view model logistics_mart.stg_shipments ....................... [RUN]
[2026-07-05T04:46:50.577+0000] {subprocess.py:93} INFO - [0m04:46:50  4 of 5 START sql view model logistics_mart.stg_weather ......................... [RUN]
[2026-07-05T04:46:53.503+0000] {subprocess.py:93} INFO - [0m04:46:53  3 of 5 OK created sql view model logistics_mart.stg_shipments .................. [[32mCREATE VIEW (0 processed)[0m in 2.92s]
[2026-07-05T04:46:53.848+0000] {subprocess.py:93} INFO - [0m04:46:53  4 of 5 OK created sql view model logistics_mart.stg_weather .................... [[32mCREATE VIEW (0 processed)[0m in 3.26s]
[2026-07-05T04:46:55.004+0000] {subprocess.py:93} INFO - [0m04:46:55  1 of 5 OK created sql table model logistics_mart.dim_drivers ................... [[32mCREATE TABLE (3.0 rows, 108.0 Bytes processed)[0m in 4.42s]
[2026-07-05T04:46:55.239+0000] {subprocess.py:93} INFO - [0m04:46:55  2 of 5 OK created sql table model logistics_mart.dim_hubs ...................... [[32mCREATE TABLE (3.0 rows, 149.0 Bytes processed)[0m in 4.66s]
[2026-07-05T04:46:55.243+0000] {subprocess.py:93} INFO - [0m04:46:55  5 of 5 START sql table model logistics_mart.fact_shipment_weather .............. [RUN]
[2026-07-05T04:46:58.881+0000] {subprocess.py:93} INFO - [0m04:46:58  5 of 5 OK created sql table model logistics_mart.fact_shipment_weather ......... [[32mCREATE TABLE (726.0 rows, 46.2 KiB processed)[0m in 3.63s]
[2026-07-05T04:46:58.925+0000] {subprocess.py:93} INFO - [0m04:46:58
[2026-07-05T04:46:58.926+0000] {subprocess.py:93} INFO - [0m04:46:58  Finished running 3 table models, 2 view models in 0 hours 0 minutes and 10.09 seconds (10.09s).
[2026-07-05T04:46:58.996+0000] {subprocess.py:93} INFO - [0m04:46:58
[2026-07-05T04:46:58.996+0000] {subprocess.py:93} INFO - [0m04:46:58  [32mCompleted successfully[0m
[2026-07-05T04:46:58.997+0000] {subprocess.py:93} INFO - [0m04:46:58
[2026-07-05T04:46:58.997+0000] {subprocess.py:93} INFO - [0m04:46:58  Done. PASS=5 WARN=0 ERROR=0 SKIP=0 NO-OP=0 TOTAL=5
[2026-07-05T04:47:02.531+0000] {subprocess.py:97} INFO - Command exited with return code 0
[2026-07-05T04:47:02.533+0000] {taskinstance.py:441} INFO - ::group::Post task execution logs
[2026-07-05T04:47:02.556+0000] {taskinstance.py:1206} INFO - Marking task as SUCCESS. dag_id=gold_dbt_dag, task_id=trigger_dbt_build, run_id=dataset_triggered__2026-07-04T22:43:20.177465+00:00, execution_date=20260704T224320, start_date=20260705T044646, end_date=20260705T044702
[2026-07-05T04:47:02.599+0000] {local_task_job_runner.py:240} INFO - Task exited with return code 0
[2026-07-05T04:47:02.618+0000] {taskinstance.py:3498} INFO - 0 downstream tasks scheduled from follow-on schedule check
[2026-07-05T04:47:02.619+0000] {local_task_job_runner.py:222} INFO - ::endgroup::
