[2026-07-10T18:14:44.748+0000] {local_task_job_runner.py:120} INFO - ::group::Pre task execution logs
[2026-07-10T18:14:44.770+0000] {taskinstance.py:2076} INFO - Dependencies all met for dep_context=non-requeueable deps ti=<TaskInstance: gold_dbt_dag.trigger_dbt_build dataset_triggered__2026-07-10T18:14:44.006115+00:00 [queued]>
[2026-07-10T18:14:44.776+0000] {taskinstance.py:2076} INFO - Dependencies all met for dep_context=requeueable deps ti=<TaskInstance: gold_dbt_dag.trigger_dbt_build dataset_triggered__2026-07-10T18:14:44.006115+00:00 [queued]>
[2026-07-10T18:14:44.776+0000] {taskinstance.py:2306} INFO - Starting attempt 1 of 2
[2026-07-10T18:14:44.781+0000] {taskinstance.py:2330} INFO - Executing <Task(BashOperator): trigger_dbt_build> on 2026-07-10 18:14:44.006115+00:00
[2026-07-10T18:14:44.785+0000] {standard_task_runner.py:90} INFO - Running: ['***', 'tasks', 'run', 'gold_dbt_dag', 'trigger_dbt_build', 'dataset_triggered__2026-07-10T18:14:44.006115+00:00', '--job-id', '1504', '--raw', '--subdir', 'DAGS_FOLDER/dag_gold_dbt.py', '--cfg-path', '/tmp/tmpz2e5mq11']
[2026-07-10T18:14:44.787+0000] {standard_task_runner.py:91} INFO - Job 1504: Subtask trigger_dbt_build
[2026-07-10T18:14:44.791+0000] {logging_mixin.py:188} WARNING - /home/***/.local/lib/python3.12/site-packages/***/task/task_runner/standard_task_runner.py:61 DeprecationWarning: This process (pid=45058) is multi-threaded, use of fork() may lead to deadlocks in the child.
[2026-07-10T18:14:44.792+0000] {standard_task_runner.py:63} INFO - Started process 45059 to run task
[2026-07-10T18:14:44.815+0000] {task_command.py:426} INFO - Running <TaskInstance: gold_dbt_dag.trigger_dbt_build dataset_triggered__2026-07-10T18:14:44.006115+00:00 [running]> on host bd23e89d97be
[2026-07-10T18:14:44.868+0000] {taskinstance.py:2648} INFO - Exporting env vars: AIRFLOW_CTX_DAG_OWNER='data_engineer' AIRFLOW_CTX_DAG_ID='gold_dbt_dag' AIRFLOW_CTX_TASK_ID='trigger_dbt_build' AIRFLOW_CTX_EXECUTION_DATE='2026-07-10T18:14:44.006115+00:00' AIRFLOW_CTX_TRY_NUMBER='1' AIRFLOW_CTX_DAG_RUN_ID='dataset_triggered__2026-07-10T18:14:44.006115+00:00'
[2026-07-10T18:14:44.868+0000] {taskinstance.py:430} INFO - ::endgroup::
[2026-07-10T18:14:44.877+0000] {subprocess.py:63} INFO - Tmp dir root location: /tmp
[2026-07-10T18:14:44.882+0000] {subprocess.py:75} INFO - Running command: ['/usr/bin/bash', '-c', 'cd /opt/***/dbt && dbt build --profiles-dir . --target dev']
[2026-07-10T18:14:44.886+0000] {subprocess.py:86} INFO - Output:
[2026-07-10T18:14:46.242+0000] {subprocess.py:93} INFO - [0m18:14:46  Running with dbt=1.11.11
[2026-07-10T18:14:46.950+0000] {subprocess.py:93} INFO - [0m18:14:46  Registered adapter: bigquery=1.11.3
[2026-07-10T18:14:47.379+0000] {subprocess.py:93} INFO - [0m18:14:47  Found 6 models, 4 sources, 553 macros
[2026-07-10T18:14:47.381+0000] {subprocess.py:93} INFO - [0m18:14:47
[2026-07-10T18:14:47.382+0000] {subprocess.py:93} INFO - [0m18:14:47  Concurrency: 4 threads (target='dev')
[2026-07-10T18:14:47.382+0000] {subprocess.py:93} INFO - [0m18:14:47
[2026-07-10T18:14:48.827+0000] {subprocess.py:93} INFO - [0m18:14:48  1 of 6 START sql table model logistics_mart.dim_drivers ........................ [RUN]
[2026-07-10T18:14:48.829+0000] {subprocess.py:93} INFO - [0m18:14:48  2 of 6 START sql table model logistics_mart.dim_hubs ........................... [RUN]
[2026-07-10T18:14:48.829+0000] {subprocess.py:93} INFO - [0m18:14:48  3 of 6 START sql view model logistics_mart.stg_shipments ....................... [RUN]
[2026-07-10T18:14:48.830+0000] {subprocess.py:93} INFO - [0m18:14:48  4 of 6 START sql view model logistics_mart.stg_weather ......................... [RUN]
[2026-07-10T18:14:50.746+0000] {subprocess.py:93} INFO - [0m18:14:50  3 of 6 OK created sql view model logistics_mart.stg_shipments .................. [[32mCREATE VIEW (0 processed)[0m in 1.91s]
[2026-07-10T18:14:50.747+0000] {subprocess.py:93} INFO - [0m18:14:50  4 of 6 OK created sql view model logistics_mart.stg_weather .................... [[32mCREATE VIEW (0 processed)[0m in 1.91s]
[2026-07-10T18:14:50.749+0000] {subprocess.py:93} INFO - [0m18:14:50  5 of 6 START sql view model logistics_mart.stg_weather_consensus ............... [RUN]
[2026-07-10T18:14:52.070+0000] {subprocess.py:93} INFO - [0m18:14:52  BigQuery adapter: https://console.cloud.google.com/bigquery?project=logistics-500519&j=bq:US:a4118bac-2b52-4d97-b410-cbfe371dc381&page=queryresults
[2026-07-10T18:14:52.098+0000] {subprocess.py:93} INFO - [0m18:14:52  5 of 6 ERROR creating sql view model logistics_mart.stg_weather_consensus ...... [[31mERROR[0m in 1.35s]
[2026-07-10T18:14:52.187+0000] {subprocess.py:93} INFO - [0m18:14:52  2 of 6 OK created sql table model logistics_mart.dim_hubs ...................... [[32mCREATE TABLE (3.0 rows, 149.0 Bytes processed)[0m in 3.35s]
[2026-07-10T18:14:52.190+0000] {subprocess.py:93} INFO - [0m18:14:52  6 of 6 START sql table model logistics_mart.fact_shipment_weather .............. [RUN]
[2026-07-10T18:14:52.695+0000] {subprocess.py:93} INFO - [0m18:14:52  1 of 6 OK created sql table model logistics_mart.dim_drivers ................... [[32mCREATE TABLE (3.0 rows, 108.0 Bytes processed)[0m in 3.86s]
[2026-07-10T18:14:56.419+0000] {subprocess.py:93} INFO - [0m18:14:56  6 of 6 OK created sql table model logistics_mart.fact_shipment_weather ......... [[32mCREATE TABLE (1.7k rows, 110.0 KiB processed)[0m in 4.22s]
[2026-07-10T18:14:56.471+0000] {subprocess.py:93} INFO - [0m18:14:56
[2026-07-10T18:14:56.472+0000] {subprocess.py:93} INFO - [0m18:14:56  Finished running 3 table models, 3 view models in 0 hours 0 minutes and 9.09 seconds (9.09s).
[2026-07-10T18:14:56.511+0000] {subprocess.py:93} INFO - [0m18:14:56
[2026-07-10T18:14:56.511+0000] {subprocess.py:93} INFO - [0m18:14:56  [31mCompleted with 1 error, 0 partial successes, and 0 warnings:[0m
[2026-07-10T18:14:56.512+0000] {subprocess.py:93} INFO - [0m18:14:56
[2026-07-10T18:14:56.513+0000] {subprocess.py:93} INFO - [0m18:14:56  [31mFailure in model stg_weather_consensus (models/staging/stg_weather_consensus.sql)[0m
[2026-07-10T18:14:56.513+0000] {subprocess.py:93} INFO - [0m18:14:56    Database Error in model stg_weather_consensus (models/staging/stg_weather_consensus.sql)
[2026-07-10T18:14:56.514+0000] {subprocess.py:93} INFO -   Unrecognized name: fetched_at at [11:11]
[2026-07-10T18:14:56.514+0000] {subprocess.py:93} INFO -   compiled code at target/run/logistics_lakehouse/models/staging/stg_weather_consensus.sql
[2026-07-10T18:14:56.514+0000] {subprocess.py:93} INFO - [0m18:14:56
[2026-07-10T18:14:56.515+0000] {subprocess.py:93} INFO - [0m18:14:56    compiled code at target/compiled/logistics_lakehouse/models/staging/stg_weather_consensus.sql
[2026-07-10T18:14:56.515+0000] {subprocess.py:93} INFO - [0m18:14:56
[2026-07-10T18:14:56.515+0000] {subprocess.py:93} INFO - [0m18:14:56  Done. PASS=5 WARN=0 ERROR=1 SKIP=0 NO-OP=0 TOTAL=6
[2026-07-10T18:14:58.627+0000] {subprocess.py:97} INFO - Command exited with return code 1
[2026-07-10T18:14:58.630+0000] {taskinstance.py:441} INFO - ::group::Post task execution logs
[2026-07-10T18:14:58.647+0000] {taskinstance.py:2905} ERROR - Task failed with exception
Traceback (most recent call last):
  File "/home/airflow/.local/lib/python3.12/site-packages/airflow/models/taskinstance.py", line 465, in _execute_task
    result = _execute_callable(context=context, **execute_callable_kwargs)
             ^^^^^^^^^^^^^^^^^^^^^^^^^^^^^^^^^^^^^^^^^^^^^^^^^^^^^^^^^^^^^
  File "/home/airflow/.local/lib/python3.12/site-packages/airflow/models/taskinstance.py", line 432, in _execute_callable
    return execute_callable(context=context, **execute_callable_kwargs)
           ^^^^^^^^^^^^^^^^^^^^^^^^^^^^^^^^^^^^^^^^^^^^^^^^^^^^^^^^^^^^
  File "/home/airflow/.local/lib/python3.12/site-packages/airflow/models/baseoperator.py", line 400, in wrapper
    return func(self, *args, **kwargs)
           ^^^^^^^^^^^^^^^^^^^^^^^^^^^
  File "/home/airflow/.local/lib/python3.12/site-packages/airflow/operators/bash.py", line 243, in execute
    raise AirflowException(
airflow.exceptions.AirflowException: Bash command failed. The command returned a non-zero exit code 1.
[2026-07-10T18:14:58.652+0000] {taskinstance.py:1206} INFO - Marking task as UP_FOR_RETRY. dag_id=gold_dbt_dag, task_id=trigger_dbt_build, run_id=dataset_triggered__2026-07-10T18:14:44.006115+00:00, execution_date=20260710T181444, start_date=20260710T181444, end_date=20260710T181458
[2026-07-10T18:14:58.673+0000] {standard_task_runner.py:110} ERROR - Failed to execute job 1504 for task trigger_dbt_build (Bash command failed. The command returned a non-zero exit code 1.; 45059)
[2026-07-10T18:14:58.693+0000] {local_task_job_runner.py:240} INFO - Task exited with return code 1
[2026-07-10T18:14:58.711+0000] {taskinstance.py:3498} INFO - 0 downstream tasks scheduled from follow-on schedule check
[2026-07-10T18:14:58.712+0000] {local_task_job_runner.py:222} INFO - ::endgroup::
