[2026-07-10T18:16:59.126+0000] {local_task_job_runner.py:120} INFO - ::group::Pre task execution logs
[2026-07-10T18:16:59.148+0000] {taskinstance.py:2076} INFO - Dependencies all met for dep_context=non-requeueable deps ti=<TaskInstance: gold_dbt_dag.trigger_dbt_build dataset_triggered__2026-07-10T18:14:44.006115+00:00 [queued]>
[2026-07-10T18:16:59.151+0000] {taskinstance.py:2076} INFO - Dependencies all met for dep_context=requeueable deps ti=<TaskInstance: gold_dbt_dag.trigger_dbt_build dataset_triggered__2026-07-10T18:14:44.006115+00:00 [queued]>
[2026-07-10T18:16:59.152+0000] {taskinstance.py:2306} INFO - Starting attempt 2 of 2
[2026-07-10T18:16:59.157+0000] {taskinstance.py:2330} INFO - Executing <Task(BashOperator): trigger_dbt_build> on 2026-07-10 18:14:44.006115+00:00
[2026-07-10T18:16:59.164+0000] {standard_task_runner.py:90} INFO - Running: ['***', 'tasks', 'run', 'gold_dbt_dag', 'trigger_dbt_build', 'dataset_triggered__2026-07-10T18:14:44.006115+00:00', '--job-id', '1505', '--raw', '--subdir', 'DAGS_FOLDER/dag_gold_dbt.py', '--cfg-path', '/tmp/tmpte6keic6']
[2026-07-10T18:16:59.173+0000] {standard_task_runner.py:91} INFO - Job 1505: Subtask trigger_dbt_build
[2026-07-10T18:16:59.169+0000] {logging_mixin.py:188} WARNING - /home/***/.local/lib/python3.12/site-packages/***/task/task_runner/standard_task_runner.py:61 DeprecationWarning: This process (pid=45240) is multi-threaded, use of fork() may lead to deadlocks in the child.
[2026-07-10T18:16:59.173+0000] {standard_task_runner.py:63} INFO - Started process 45241 to run task
[2026-07-10T18:16:59.200+0000] {task_command.py:426} INFO - Running <TaskInstance: gold_dbt_dag.trigger_dbt_build dataset_triggered__2026-07-10T18:14:44.006115+00:00 [running]> on host bd23e89d97be
[2026-07-10T18:16:59.250+0000] {taskinstance.py:2648} INFO - Exporting env vars: AIRFLOW_CTX_DAG_OWNER='data_engineer' AIRFLOW_CTX_DAG_ID='gold_dbt_dag' AIRFLOW_CTX_TASK_ID='trigger_dbt_build' AIRFLOW_CTX_EXECUTION_DATE='2026-07-10T18:14:44.006115+00:00' AIRFLOW_CTX_TRY_NUMBER='2' AIRFLOW_CTX_DAG_RUN_ID='dataset_triggered__2026-07-10T18:14:44.006115+00:00'
[2026-07-10T18:16:59.251+0000] {taskinstance.py:430} INFO - ::endgroup::
[2026-07-10T18:16:59.259+0000] {subprocess.py:63} INFO - Tmp dir root location: /tmp
[2026-07-10T18:16:59.260+0000] {subprocess.py:75} INFO - Running command: ['/usr/bin/bash', '-c', 'cd /opt/***/dbt && dbt build --profiles-dir . --target dev']
[2026-07-10T18:16:59.268+0000] {subprocess.py:86} INFO - Output:
[2026-07-10T18:17:00.369+0000] {subprocess.py:93} INFO - [0m18:17:00  Running with dbt=1.11.11
[2026-07-10T18:17:00.923+0000] {subprocess.py:93} INFO - [0m18:17:00  Registered adapter: bigquery=1.11.3
[2026-07-10T18:17:01.133+0000] {subprocess.py:93} INFO - [0m18:17:01  Found 6 models, 4 sources, 553 macros
[2026-07-10T18:17:01.134+0000] {subprocess.py:93} INFO - [0m18:17:01
[2026-07-10T18:17:01.134+0000] {subprocess.py:93} INFO - [0m18:17:01  Concurrency: 4 threads (target='dev')
[2026-07-10T18:17:01.135+0000] {subprocess.py:93} INFO - [0m18:17:01
[2026-07-10T18:17:02.597+0000] {subprocess.py:93} INFO - [0m18:17:02  1 of 6 START sql table model logistics_mart.dim_drivers ........................ [RUN]
[2026-07-10T18:17:02.597+0000] {subprocess.py:93} INFO - [0m18:17:02  2 of 6 START sql table model logistics_mart.dim_hubs ........................... [RUN]
[2026-07-10T18:17:02.598+0000] {subprocess.py:93} INFO - [0m18:17:02  3 of 6 START sql view model logistics_mart.stg_shipments ....................... [RUN]
[2026-07-10T18:17:02.598+0000] {subprocess.py:93} INFO - [0m18:17:02  4 of 6 START sql view model logistics_mart.stg_weather ......................... [RUN]
[2026-07-10T18:17:04.644+0000] {subprocess.py:93} INFO - [0m18:17:04  4 of 6 OK created sql view model logistics_mart.stg_weather .................... [[32mCREATE VIEW (0 processed)[0m in 2.04s]
[2026-07-10T18:17:04.645+0000] {subprocess.py:93} INFO - [0m18:17:04  3 of 6 OK created sql view model logistics_mart.stg_shipments .................. [[32mCREATE VIEW (0 processed)[0m in 2.04s]
[2026-07-10T18:17:04.647+0000] {subprocess.py:93} INFO - [0m18:17:04  5 of 6 START sql view model logistics_mart.stg_weather_consensus ............... [RUN]
[2026-07-10T18:17:05.920+0000] {subprocess.py:93} INFO - [0m18:17:05  BigQuery adapter: https://console.cloud.google.com/bigquery?project=logistics-500519&j=bq:US:36b7e348-6a14-4877-858a-4da92c3db56b&page=queryresults
[2026-07-10T18:17:05.939+0000] {subprocess.py:93} INFO - [0m18:17:05  5 of 6 ERROR creating sql view model logistics_mart.stg_weather_consensus ...... [[31mERROR[0m in 1.29s]
[2026-07-10T18:17:06.517+0000] {subprocess.py:93} INFO - [0m18:17:06  1 of 6 OK created sql table model logistics_mart.dim_drivers ................... [[32mCREATE TABLE (3.0 rows, 108.0 Bytes processed)[0m in 3.91s]
[2026-07-10T18:17:06.544+0000] {subprocess.py:93} INFO - [0m18:17:06  2 of 6 OK created sql table model logistics_mart.dim_hubs ...................... [[32mCREATE TABLE (3.0 rows, 149.0 Bytes processed)[0m in 3.94s]
[2026-07-10T18:17:06.548+0000] {subprocess.py:93} INFO - [0m18:17:06  6 of 6 START sql table model logistics_mart.fact_shipment_weather .............. [RUN]
[2026-07-10T18:17:11.285+0000] {subprocess.py:93} INFO - [0m18:17:11  6 of 6 OK created sql table model logistics_mart.fact_shipment_weather ......... [[32mCREATE TABLE (1.7k rows, 110.0 KiB processed)[0m in 4.73s]
[2026-07-10T18:17:11.331+0000] {subprocess.py:93} INFO - [0m18:17:11
[2026-07-10T18:17:11.331+0000] {subprocess.py:93} INFO - [0m18:17:11  Finished running 3 table models, 3 view models in 0 hours 0 minutes and 10.20 seconds (10.20s).
[2026-07-10T18:17:11.366+0000] {subprocess.py:93} INFO - [0m18:17:11
[2026-07-10T18:17:11.366+0000] {subprocess.py:93} INFO - [0m18:17:11  [31mCompleted with 1 error, 0 partial successes, and 0 warnings:[0m
[2026-07-10T18:17:11.367+0000] {subprocess.py:93} INFO - [0m18:17:11
[2026-07-10T18:17:11.367+0000] {subprocess.py:93} INFO - [0m18:17:11  [31mFailure in model stg_weather_consensus (models/staging/stg_weather_consensus.sql)[0m
[2026-07-10T18:17:11.368+0000] {subprocess.py:93} INFO - [0m18:17:11    Database Error in model stg_weather_consensus (models/staging/stg_weather_consensus.sql)
[2026-07-10T18:17:11.368+0000] {subprocess.py:93} INFO -   Unrecognized name: fetched_at at [11:11]
[2026-07-10T18:17:11.369+0000] {subprocess.py:93} INFO -   compiled code at target/run/logistics_lakehouse/models/staging/stg_weather_consensus.sql
[2026-07-10T18:17:11.369+0000] {subprocess.py:93} INFO - [0m18:17:11
[2026-07-10T18:17:11.369+0000] {subprocess.py:93} INFO - [0m18:17:11    compiled code at target/compiled/logistics_lakehouse/models/staging/stg_weather_consensus.sql
[2026-07-10T18:17:11.369+0000] {subprocess.py:93} INFO - [0m18:17:11
[2026-07-10T18:17:11.369+0000] {subprocess.py:93} INFO - [0m18:17:11  Done. PASS=5 WARN=0 ERROR=1 SKIP=0 NO-OP=0 TOTAL=6
[2026-07-10T18:17:13.402+0000] {subprocess.py:97} INFO - Command exited with return code 1
[2026-07-10T18:17:13.403+0000] {taskinstance.py:441} INFO - ::group::Post task execution logs
[2026-07-10T18:17:13.412+0000] {taskinstance.py:2905} ERROR - Task failed with exception
Traceback (most recent call last):
  File "/home/airflow/.local/lib/python3.12/site-packages/airflow/models/taskinstance.py", line 465, in _execute_task
    result = _execute_callable(context=context, **execute_callable_kwargs)
             ^^^^^^^^^^^^^^^^^^^^^^^^^^^^^^^^^^^^^^^^^^^^^^^^^^^^^^^^^^^^^
  File "/home/airflow/.local/lib/python3.12/site-packages/airflow/models/taskinstance.py", line 432, in _execute_callable
    return execute_callable(context=context, **execute_callable_kwargs)
           ^^^^^^^^^^^^^^^^^^^^^^^^^^^^^^^^^^^^^^^^^^^^^^^^^^^^^^^^^^^^
  File "/home/airflow/.local/lib/python3.12/site-packages/airflow/models/baseoperator.py", line 400, in wrapper
    return func(self, *args, **kwargs)
           ^^^^^^^^^^^^^^^^^^^^^^^^^^^
  File "/home/airflow/.local/lib/python3.12/site-packages/airflow/operators/bash.py", line 243, in execute
    raise AirflowException(
airflow.exceptions.AirflowException: Bash command failed. The command returned a non-zero exit code 1.
[2026-07-10T18:17:13.416+0000] {taskinstance.py:1206} INFO - Marking task as FAILED. dag_id=gold_dbt_dag, task_id=trigger_dbt_build, run_id=dataset_triggered__2026-07-10T18:14:44.006115+00:00, execution_date=20260710T181444, start_date=20260710T181659, end_date=20260710T181713
[2026-07-10T18:17:13.429+0000] {standard_task_runner.py:110} ERROR - Failed to execute job 1505 for task trigger_dbt_build (Bash command failed. The command returned a non-zero exit code 1.; 45241)
[2026-07-10T18:17:13.454+0000] {local_task_job_runner.py:240} INFO - Task exited with return code 1
[2026-07-10T18:17:13.469+0000] {taskinstance.py:3498} INFO - 0 downstream tasks scheduled from follow-on schedule check
[2026-07-10T18:17:13.469+0000] {local_task_job_runner.py:222} INFO - ::endgroup::
