[2026-07-10T03:02:36.815+0000] {local_task_job_runner.py:120} INFO - ::group::Pre task execution logs
[2026-07-10T03:02:36.837+0000] {taskinstance.py:2076} INFO - Dependencies all met for dep_context=non-requeueable deps ti=<TaskInstance: gold_dbt_dag.trigger_dbt_build dataset_triggered__2026-07-10T03:00:19.360480+00:00 [queued]>
[2026-07-10T03:02:36.843+0000] {taskinstance.py:2076} INFO - Dependencies all met for dep_context=requeueable deps ti=<TaskInstance: gold_dbt_dag.trigger_dbt_build dataset_triggered__2026-07-10T03:00:19.360480+00:00 [queued]>
[2026-07-10T03:02:36.844+0000] {taskinstance.py:2306} INFO - Starting attempt 2 of 2
[2026-07-10T03:02:36.850+0000] {taskinstance.py:2330} INFO - Executing <Task(BashOperator): trigger_dbt_build> on 2026-07-10 03:00:19.360480+00:00
[2026-07-10T03:02:36.856+0000] {standard_task_runner.py:90} INFO - Running: ['***', 'tasks', 'run', 'gold_dbt_dag', 'trigger_dbt_build', 'dataset_triggered__2026-07-10T03:00:19.360480+00:00', '--job-id', '1401', '--raw', '--subdir', 'DAGS_FOLDER/dag_gold_dbt.py', '--cfg-path', '/tmp/tmp1j3wx6v3']
[2026-07-10T03:02:36.858+0000] {standard_task_runner.py:91} INFO - Job 1401: Subtask trigger_dbt_build
[2026-07-10T03:02:36.863+0000] {logging_mixin.py:188} WARNING - /home/***/.local/lib/python3.12/site-packages/***/task/task_runner/standard_task_runner.py:61 DeprecationWarning: This process (pid=397) is multi-threaded, use of fork() may lead to deadlocks in the child.
[2026-07-10T03:02:36.864+0000] {standard_task_runner.py:63} INFO - Started process 398 to run task
[2026-07-10T03:02:36.881+0000] {task_command.py:426} INFO - Running <TaskInstance: gold_dbt_dag.trigger_dbt_build dataset_triggered__2026-07-10T03:00:19.360480+00:00 [running]> on host bd23e89d97be
[2026-07-10T03:02:36.918+0000] {taskinstance.py:2648} INFO - Exporting env vars: AIRFLOW_CTX_DAG_OWNER='data_engineer' AIRFLOW_CTX_DAG_ID='gold_dbt_dag' AIRFLOW_CTX_TASK_ID='trigger_dbt_build' AIRFLOW_CTX_EXECUTION_DATE='2026-07-10T03:00:19.360480+00:00' AIRFLOW_CTX_TRY_NUMBER='2' AIRFLOW_CTX_DAG_RUN_ID='dataset_triggered__2026-07-10T03:00:19.360480+00:00'
[2026-07-10T03:02:36.919+0000] {taskinstance.py:430} INFO - ::endgroup::
[2026-07-10T03:02:36.928+0000] {subprocess.py:63} INFO - Tmp dir root location: /tmp
[2026-07-10T03:02:36.931+0000] {subprocess.py:75} INFO - Running command: ['/usr/bin/bash', '-c', 'cd /opt/***/dbt && dbt build --profiles-dir . --target dev']
[2026-07-10T03:02:36.939+0000] {subprocess.py:86} INFO - Output:
[2026-07-10T03:02:38.029+0000] {subprocess.py:93} INFO - [0m03:02:38  Running with dbt=1.11.11
[2026-07-10T03:02:38.519+0000] {subprocess.py:93} INFO - [0m03:02:38  Registered adapter: bigquery=1.11.3
[2026-07-10T03:02:38.752+0000] {subprocess.py:93} INFO - [0m03:02:38  Found 6 models, 4 sources, 553 macros
[2026-07-10T03:02:38.753+0000] {subprocess.py:93} INFO - [0m03:02:38
[2026-07-10T03:02:38.754+0000] {subprocess.py:93} INFO - [0m03:02:38  Concurrency: 4 threads (target='dev')
[2026-07-10T03:02:38.754+0000] {subprocess.py:93} INFO - [0m03:02:38
[2026-07-10T03:02:40.684+0000] {subprocess.py:93} INFO - [0m03:02:40  1 of 6 START sql table model logistics_mart.dim_drivers ........................ [RUN]
[2026-07-10T03:02:40.685+0000] {subprocess.py:93} INFO - [0m03:02:40  2 of 6 START sql table model logistics_mart.dim_hubs ........................... [RUN]
[2026-07-10T03:02:40.686+0000] {subprocess.py:93} INFO - [0m03:02:40  3 of 6 START sql view model logistics_mart.stg_shipments ....................... [RUN]
[2026-07-10T03:02:40.686+0000] {subprocess.py:93} INFO - [0m03:02:40  4 of 6 START sql view model logistics_mart.stg_weather ......................... [RUN]
[2026-07-10T03:02:42.756+0000] {subprocess.py:93} INFO - [0m03:02:42  4 of 6 OK created sql view model logistics_mart.stg_weather .................... [[32mCREATE VIEW (0 processed)[0m in 2.06s]
[2026-07-10T03:02:42.757+0000] {subprocess.py:93} INFO - [0m03:02:42  3 of 6 OK created sql view model logistics_mart.stg_shipments .................. [[32mCREATE VIEW (0 processed)[0m in 2.07s]
[2026-07-10T03:02:42.759+0000] {subprocess.py:93} INFO - [0m03:02:42  5 of 6 START sql view model logistics_mart.stg_weather_consensus ............... [RUN]
[2026-07-10T03:02:44.123+0000] {subprocess.py:93} INFO - [0m03:02:44  BigQuery adapter: https://console.cloud.google.com/bigquery?project=logistics-500519&j=bq:US:11db73e4-ed5f-4a6a-9363-8f013421b703&page=queryresults
[2026-07-10T03:02:44.145+0000] {subprocess.py:93} INFO - [0m03:02:44  5 of 6 ERROR creating sql view model logistics_mart.stg_weather_consensus ...... [[31mERROR[0m in 1.38s]
[2026-07-10T03:02:44.810+0000] {subprocess.py:93} INFO - [0m03:02:44  2 of 6 OK created sql table model logistics_mart.dim_hubs ...................... [[32mCREATE TABLE (3.0 rows, 149.0 Bytes processed)[0m in 4.12s]
[2026-07-10T03:02:44.813+0000] {subprocess.py:93} INFO - [0m03:02:44  6 of 6 START sql table model logistics_mart.fact_shipment_weather .............. [RUN]
[2026-07-10T03:02:44.981+0000] {subprocess.py:93} INFO - [0m03:02:44  1 of 6 OK created sql table model logistics_mart.dim_drivers ................... [[32mCREATE TABLE (3.0 rows, 108.0 Bytes processed)[0m in 4.29s]
[2026-07-10T03:02:48.803+0000] {subprocess.py:93} INFO - [0m03:02:48  6 of 6 OK created sql table model logistics_mart.fact_shipment_weather ......... [[32mCREATE TABLE (1.6k rows, 103.0 KiB processed)[0m in 3.98s]
[2026-07-10T03:02:48.853+0000] {subprocess.py:93} INFO - [0m03:02:48
[2026-07-10T03:02:48.854+0000] {subprocess.py:93} INFO - [0m03:02:48  Finished running 3 table models, 3 view models in 0 hours 0 minutes and 10.10 seconds (10.10s).
[2026-07-10T03:02:48.900+0000] {subprocess.py:93} INFO - [0m03:02:48
[2026-07-10T03:02:48.901+0000] {subprocess.py:93} INFO - [0m03:02:48  [31mCompleted with 1 error, 0 partial successes, and 0 warnings:[0m
[2026-07-10T03:02:48.901+0000] {subprocess.py:93} INFO - [0m03:02:48
[2026-07-10T03:02:48.902+0000] {subprocess.py:93} INFO - [0m03:02:48  [31mFailure in model stg_weather_consensus (models/staging/stg_weather_consensus.sql)[0m
[2026-07-10T03:02:48.902+0000] {subprocess.py:93} INFO - [0m03:02:48    Database Error in model stg_weather_consensus (models/staging/stg_weather_consensus.sql)
[2026-07-10T03:02:48.902+0000] {subprocess.py:93} INFO -   Unrecognized name: fetched_at at [11:11]
[2026-07-10T03:02:48.902+0000] {subprocess.py:93} INFO -   compiled code at target/run/logistics_lakehouse/models/staging/stg_weather_consensus.sql
[2026-07-10T03:02:48.902+0000] {subprocess.py:93} INFO - [0m03:02:48
[2026-07-10T03:02:48.903+0000] {subprocess.py:93} INFO - [0m03:02:48    compiled code at target/compiled/logistics_lakehouse/models/staging/stg_weather_consensus.sql
[2026-07-10T03:02:48.903+0000] {subprocess.py:93} INFO - [0m03:02:48
[2026-07-10T03:02:48.903+0000] {subprocess.py:93} INFO - [0m03:02:48  Done. PASS=5 WARN=0 ERROR=1 SKIP=0 NO-OP=0 TOTAL=6
[2026-07-10T03:02:51.203+0000] {subprocess.py:97} INFO - Command exited with return code 1
[2026-07-10T03:02:51.213+0000] {taskinstance.py:441} INFO - ::group::Post task execution logs
[2026-07-10T03:02:51.235+0000] {taskinstance.py:2905} ERROR - Task failed with exception
Traceback (most recent call last):
  File "/home/airflow/.local/lib/python3.12/site-packages/airflow/models/taskinstance.py", line 465, in _execute_task
    result = _execute_callable(context=context, **execute_callable_kwargs)
             ^^^^^^^^^^^^^^^^^^^^^^^^^^^^^^^^^^^^^^^^^^^^^^^^^^^^^^^^^^^^^
  File "/home/airflow/.local/lib/python3.12/site-packages/airflow/models/taskinstance.py", line 432, in _execute_callable
    return execute_callable(context=context, **execute_callable_kwargs)
           ^^^^^^^^^^^^^^^^^^^^^^^^^^^^^^^^^^^^^^^^^^^^^^^^^^^^^^^^^^^^
  File "/home/airflow/.local/lib/python3.12/site-packages/airflow/models/baseoperator.py", line 400, in wrapper
    return func(self, *args, **kwargs)
           ^^^^^^^^^^^^^^^^^^^^^^^^^^^
  File "/home/airflow/.local/lib/python3.12/site-packages/airflow/operators/bash.py", line 243, in execute
    raise AirflowException(
airflow.exceptions.AirflowException: Bash command failed. The command returned a non-zero exit code 1.
[2026-07-10T03:02:51.240+0000] {taskinstance.py:1206} INFO - Marking task as FAILED. dag_id=gold_dbt_dag, task_id=trigger_dbt_build, run_id=dataset_triggered__2026-07-10T03:00:19.360480+00:00, execution_date=20260710T030019, start_date=20260710T030236, end_date=20260710T030251
[2026-07-10T03:02:51.259+0000] {standard_task_runner.py:110} ERROR - Failed to execute job 1401 for task trigger_dbt_build (Bash command failed. The command returned a non-zero exit code 1.; 398)
[2026-07-10T03:02:51.305+0000] {local_task_job_runner.py:240} INFO - Task exited with return code 1
[2026-07-10T03:02:51.331+0000] {taskinstance.py:3498} INFO - 0 downstream tasks scheduled from follow-on schedule check
[2026-07-10T03:02:51.332+0000] {local_task_job_runner.py:222} INFO - ::endgroup::
