[2026-07-10T03:00:19.942+0000] {local_task_job_runner.py:120} INFO - ::group::Pre task execution logs
[2026-07-10T03:00:19.973+0000] {taskinstance.py:2076} INFO - Dependencies all met for dep_context=non-requeueable deps ti=<TaskInstance: gold_dbt_dag.trigger_dbt_build dataset_triggered__2026-07-10T03:00:19.360480+00:00 [queued]>
[2026-07-10T03:00:19.976+0000] {taskinstance.py:2076} INFO - Dependencies all met for dep_context=requeueable deps ti=<TaskInstance: gold_dbt_dag.trigger_dbt_build dataset_triggered__2026-07-10T03:00:19.360480+00:00 [queued]>
[2026-07-10T03:00:19.976+0000] {taskinstance.py:2306} INFO - Starting attempt 1 of 2
[2026-07-10T03:00:19.982+0000] {taskinstance.py:2330} INFO - Executing <Task(BashOperator): trigger_dbt_build> on 2026-07-10 03:00:19.360480+00:00
[2026-07-10T03:00:19.988+0000] {standard_task_runner.py:90} INFO - Running: ['***', 'tasks', 'run', 'gold_dbt_dag', 'trigger_dbt_build', 'dataset_triggered__2026-07-10T03:00:19.360480+00:00', '--job-id', '1400', '--raw', '--subdir', 'DAGS_FOLDER/dag_gold_dbt.py', '--cfg-path', '/tmp/tmp2rvhig_2']
[2026-07-10T03:00:19.991+0000] {standard_task_runner.py:91} INFO - Job 1400: Subtask trigger_dbt_build
[2026-07-10T03:00:19.999+0000] {logging_mixin.py:188} WARNING - /home/***/.local/lib/python3.12/site-packages/***/task/task_runner/standard_task_runner.py:61 DeprecationWarning: This process (pid=99877) is multi-threaded, use of fork() may lead to deadlocks in the child.
[2026-07-10T03:00:20.000+0000] {standard_task_runner.py:63} INFO - Started process 99878 to run task
[2026-07-10T03:00:20.026+0000] {task_command.py:426} INFO - Running <TaskInstance: gold_dbt_dag.trigger_dbt_build dataset_triggered__2026-07-10T03:00:19.360480+00:00 [running]> on host bd23e89d97be
[2026-07-10T03:00:20.092+0000] {taskinstance.py:2648} INFO - Exporting env vars: AIRFLOW_CTX_DAG_OWNER='data_engineer' AIRFLOW_CTX_DAG_ID='gold_dbt_dag' AIRFLOW_CTX_TASK_ID='trigger_dbt_build' AIRFLOW_CTX_EXECUTION_DATE='2026-07-10T03:00:19.360480+00:00' AIRFLOW_CTX_TRY_NUMBER='1' AIRFLOW_CTX_DAG_RUN_ID='dataset_triggered__2026-07-10T03:00:19.360480+00:00'
[2026-07-10T03:00:20.093+0000] {taskinstance.py:430} INFO - ::endgroup::
[2026-07-10T03:00:20.106+0000] {subprocess.py:63} INFO - Tmp dir root location: /tmp
[2026-07-10T03:00:20.107+0000] {subprocess.py:75} INFO - Running command: ['/usr/bin/bash', '-c', 'cd /opt/***/dbt && dbt build --profiles-dir . --target dev']
[2026-07-10T03:00:20.112+0000] {subprocess.py:86} INFO - Output:
[2026-07-10T03:00:21.968+0000] {subprocess.py:93} INFO - [0m03:00:21  Running with dbt=1.11.11
[2026-07-10T03:00:22.958+0000] {subprocess.py:93} INFO - [0m03:00:22  Registered adapter: bigquery=1.11.3
[2026-07-10T03:00:23.285+0000] {subprocess.py:93} INFO - [0m03:00:23  Found 6 models, 4 sources, 553 macros
[2026-07-10T03:00:23.287+0000] {subprocess.py:93} INFO - [0m03:00:23
[2026-07-10T03:00:23.287+0000] {subprocess.py:93} INFO - [0m03:00:23  Concurrency: 4 threads (target='dev')
[2026-07-10T03:00:23.288+0000] {subprocess.py:93} INFO - [0m03:00:23
[2026-07-10T03:00:24.863+0000] {subprocess.py:93} INFO - [0m03:00:24  1 of 6 START sql table model logistics_mart.dim_drivers ........................ [RUN]
[2026-07-10T03:00:24.864+0000] {subprocess.py:93} INFO - [0m03:00:24  2 of 6 START sql table model logistics_mart.dim_hubs ........................... [RUN]
[2026-07-10T03:00:24.865+0000] {subprocess.py:93} INFO - [0m03:00:24  3 of 6 START sql view model logistics_mart.stg_shipments ....................... [RUN]
[2026-07-10T03:00:24.865+0000] {subprocess.py:93} INFO - [0m03:00:24  4 of 6 START sql view model logistics_mart.stg_weather ......................... [RUN]
[2026-07-10T03:00:26.903+0000] {subprocess.py:93} INFO - [0m03:00:26  4 of 6 OK created sql view model logistics_mart.stg_weather .................... [[32mCREATE VIEW (0 processed)[0m in 2.03s]
[2026-07-10T03:00:26.904+0000] {subprocess.py:93} INFO - [0m03:00:26  3 of 6 OK created sql view model logistics_mart.stg_shipments .................. [[32mCREATE VIEW (0 processed)[0m in 2.03s]
[2026-07-10T03:00:26.910+0000] {subprocess.py:93} INFO - [0m03:00:26  5 of 6 START sql view model logistics_mart.stg_weather_consensus ............... [RUN]
[2026-07-10T03:00:28.268+0000] {subprocess.py:93} INFO - [0m03:00:28  BigQuery adapter: https://console.cloud.google.com/bigquery?project=logistics-500519&j=bq:US:07dfa80d-0985-4db5-b71f-27c6764632fc&page=queryresults
[2026-07-10T03:00:28.292+0000] {subprocess.py:93} INFO - [0m03:00:28  5 of 6 ERROR creating sql view model logistics_mart.stg_weather_consensus ...... [[31mERROR[0m in 1.38s]
[2026-07-10T03:00:29.076+0000] {subprocess.py:93} INFO - [0m03:00:29  2 of 6 OK created sql table model logistics_mart.dim_hubs ...................... [[32mCREATE TABLE (3.0 rows, 149.0 Bytes processed)[0m in 4.21s]
[2026-07-10T03:00:29.079+0000] {subprocess.py:93} INFO - [0m03:00:29  6 of 6 START sql table model logistics_mart.fact_shipment_weather .............. [RUN]
[2026-07-10T03:00:29.836+0000] {subprocess.py:93} INFO - [0m03:00:29  1 of 6 OK created sql table model logistics_mart.dim_drivers ................... [[32mCREATE TABLE (3.0 rows, 108.0 Bytes processed)[0m in 4.96s]
[2026-07-10T03:00:33.681+0000] {subprocess.py:93} INFO - [0m03:00:33  6 of 6 OK created sql table model logistics_mart.fact_shipment_weather ......... [[32mCREATE TABLE (1.6k rows, 103.0 KiB processed)[0m in 4.60s]
[2026-07-10T03:00:33.727+0000] {subprocess.py:93} INFO - [0m03:00:33
[2026-07-10T03:00:33.728+0000] {subprocess.py:93} INFO - [0m03:00:33  Finished running 3 table models, 3 view models in 0 hours 0 minutes and 10.44 seconds (10.44s).
[2026-07-10T03:00:33.765+0000] {subprocess.py:93} INFO - [0m03:00:33
[2026-07-10T03:00:33.766+0000] {subprocess.py:93} INFO - [0m03:00:33  [31mCompleted with 1 error, 0 partial successes, and 0 warnings:[0m
[2026-07-10T03:00:33.766+0000] {subprocess.py:93} INFO - [0m03:00:33
[2026-07-10T03:00:33.766+0000] {subprocess.py:93} INFO - [0m03:00:33  [31mFailure in model stg_weather_consensus (models/staging/stg_weather_consensus.sql)[0m
[2026-07-10T03:00:33.767+0000] {subprocess.py:93} INFO - [0m03:00:33    Database Error in model stg_weather_consensus (models/staging/stg_weather_consensus.sql)
[2026-07-10T03:00:33.767+0000] {subprocess.py:93} INFO -   Unrecognized name: fetched_at at [11:11]
[2026-07-10T03:00:33.767+0000] {subprocess.py:93} INFO -   compiled code at target/run/logistics_lakehouse/models/staging/stg_weather_consensus.sql
[2026-07-10T03:00:33.767+0000] {subprocess.py:93} INFO - [0m03:00:33
[2026-07-10T03:00:33.767+0000] {subprocess.py:93} INFO - [0m03:00:33    compiled code at target/compiled/logistics_lakehouse/models/staging/stg_weather_consensus.sql
[2026-07-10T03:00:33.768+0000] {subprocess.py:93} INFO - [0m03:00:33
[2026-07-10T03:00:33.768+0000] {subprocess.py:93} INFO - [0m03:00:33  Done. PASS=5 WARN=0 ERROR=1 SKIP=0 NO-OP=0 TOTAL=6
[2026-07-10T03:00:36.119+0000] {subprocess.py:97} INFO - Command exited with return code 1
[2026-07-10T03:00:36.120+0000] {taskinstance.py:441} INFO - ::group::Post task execution logs
[2026-07-10T03:00:36.135+0000] {taskinstance.py:2905} ERROR - Task failed with exception
Traceback (most recent call last):
  File "/home/airflow/.local/lib/python3.12/site-packages/airflow/models/taskinstance.py", line 465, in _execute_task
    result = _execute_callable(context=context, **execute_callable_kwargs)
             ^^^^^^^^^^^^^^^^^^^^^^^^^^^^^^^^^^^^^^^^^^^^^^^^^^^^^^^^^^^^^
  File "/home/airflow/.local/lib/python3.12/site-packages/airflow/models/taskinstance.py", line 432, in _execute_callable
    return execute_callable(context=context, **execute_callable_kwargs)
           ^^^^^^^^^^^^^^^^^^^^^^^^^^^^^^^^^^^^^^^^^^^^^^^^^^^^^^^^^^^^
  File "/home/airflow/.local/lib/python3.12/site-packages/airflow/models/baseoperator.py", line 400, in wrapper
    return func(self, *args, **kwargs)
           ^^^^^^^^^^^^^^^^^^^^^^^^^^^
  File "/home/airflow/.local/lib/python3.12/site-packages/airflow/operators/bash.py", line 243, in execute
    raise AirflowException(
airflow.exceptions.AirflowException: Bash command failed. The command returned a non-zero exit code 1.
[2026-07-10T03:00:36.141+0000] {taskinstance.py:1206} INFO - Marking task as UP_FOR_RETRY. dag_id=gold_dbt_dag, task_id=trigger_dbt_build, run_id=dataset_triggered__2026-07-10T03:00:19.360480+00:00, execution_date=20260710T030019, start_date=20260710T030019, end_date=20260710T030036
[2026-07-10T03:00:36.164+0000] {standard_task_runner.py:110} ERROR - Failed to execute job 1400 for task trigger_dbt_build (Bash command failed. The command returned a non-zero exit code 1.; 99878)
[2026-07-10T03:00:36.198+0000] {local_task_job_runner.py:240} INFO - Task exited with return code 1
[2026-07-10T03:00:36.210+0000] {taskinstance.py:3498} INFO - 0 downstream tasks scheduled from follow-on schedule check
[2026-07-10T03:00:36.211+0000] {local_task_job_runner.py:222} INFO - ::endgroup::
