[2026-06-30T13:03:58.745+0000] {local_task_job_runner.py:120} INFO - ::group::Pre task execution logs
[2026-06-30T13:03:58.760+0000] {taskinstance.py:2076} INFO - Dependencies all met for dep_context=non-requeueable deps ti=<TaskInstance: weather_api_to_bq.fetch_push_weather scheduled__2026-06-30T12:00:00+00:00 [queued]>
[2026-06-30T13:03:58.766+0000] {taskinstance.py:2076} INFO - Dependencies all met for dep_context=requeueable deps ti=<TaskInstance: weather_api_to_bq.fetch_push_weather scheduled__2026-06-30T12:00:00+00:00 [queued]>
[2026-06-30T13:03:58.766+0000] {taskinstance.py:2306} INFO - Starting attempt 1 of 1
[2026-06-30T13:03:58.773+0000] {taskinstance.py:2330} INFO - Executing <Task(PythonOperator): fetch_push_weather> on 2026-06-30 12:00:00+00:00
[2026-06-30T13:03:58.782+0000] {logging_mixin.py:188} WARNING - /home/***/.local/lib/python3.12/site-packages/***/task/task_runner/standard_task_runner.py:61 DeprecationWarning: This process (pid=2765) is multi-threaded, use of fork() may lead to deadlocks in the child.
[2026-06-30T13:03:58.782+0000] {standard_task_runner.py:90} INFO - Running: ['***', 'tasks', 'run', 'weather_api_to_bq', 'fetch_push_weather', 'scheduled__2026-06-30T12:00:00+00:00', '--job-id', '35', '--raw', '--subdir', 'DAGS_FOLDER/dag_weather_api.py', '--cfg-path', '/tmp/tmpm1_i09pv']
[2026-06-30T13:03:58.785+0000] {standard_task_runner.py:91} INFO - Job 35: Subtask fetch_push_weather
[2026-06-30T13:03:58.785+0000] {standard_task_runner.py:63} INFO - Started process 2783 to run task
[2026-06-30T13:03:58.831+0000] {task_command.py:426} INFO - Running <TaskInstance: weather_api_to_bq.fetch_push_weather scheduled__2026-06-30T12:00:00+00:00 [running]> on host c0dde85f51a2
[2026-06-30T13:03:58.870+0000] {taskinstance.py:2648} INFO - Exporting env vars: AIRFLOW_CTX_DAG_OWNER='***' AIRFLOW_CTX_DAG_ID='weather_api_to_bq' AIRFLOW_CTX_TASK_ID='fetch_push_weather' AIRFLOW_CTX_EXECUTION_DATE='2026-06-30T12:00:00+00:00' AIRFLOW_CTX_TRY_NUMBER='1' AIRFLOW_CTX_DAG_RUN_ID='scheduled__2026-06-30T12:00:00+00:00'
[2026-06-30T13:03:58.872+0000] {taskinstance.py:430} INFO - ::endgroup::
[2026-06-30T13:04:06.094+0000] {logging_mixin.py:188} INFO - Successfully pushed live weather for 3 cities to BigQuery.
[2026-06-30T13:04:06.096+0000] {python.py:237} INFO - Done. Returned value was: None
[2026-06-30T13:04:06.099+0000] {taskinstance.py:441} INFO - ::group::Post task execution logs
[2026-06-30T13:04:06.105+0000] {logging_mixin.py:188} WARNING - /home/***/.local/lib/python3.12/site-packages/***/models/baseoperator.py:1564 RemovedInAirflow3Warning: Passing 'execution_date' to 'TaskInstance.xcom_push()' is deprecated.
[2026-06-30T13:04:06.131+0000] {taskinstance.py:1206} INFO - Marking task as SUCCESS. dag_id=weather_api_to_bq, task_id=fetch_push_weather, run_id=scheduled__2026-06-30T12:00:00+00:00, execution_date=20260630T120000, start_date=20260630T130358, end_date=20260630T130406
[2026-06-30T13:04:06.167+0000] {local_task_job_runner.py:240} INFO - Task exited with return code 0
[2026-06-30T13:04:06.181+0000] {taskinstance.py:3498} INFO - 0 downstream tasks scheduled from follow-on schedule check
[2026-06-30T13:04:06.183+0000] {local_task_job_runner.py:222} INFO - ::endgroup::
