[2026-07-04T07:05:37.630+0000] {local_task_job_runner.py:120} INFO - ::group::Pre task execution logs
[2026-07-04T07:05:37.648+0000] {taskinstance.py:2076} INFO - Dependencies all met for dep_context=non-requeueable deps ti=<TaskInstance: gold_dbt_dag.trigger_dbt_build dataset_triggered__2026-07-04T07:05:36.318694+00:00 [queued]>
[2026-07-04T07:05:37.651+0000] {taskinstance.py:2076} INFO - Dependencies all met for dep_context=requeueable deps ti=<TaskInstance: gold_dbt_dag.trigger_dbt_build dataset_triggered__2026-07-04T07:05:36.318694+00:00 [queued]>
[2026-07-04T07:05:37.651+0000] {taskinstance.py:2306} INFO - Starting attempt 1 of 2
[2026-07-04T07:05:37.656+0000] {taskinstance.py:2330} INFO - Executing <Task(BashOperator): trigger_dbt_build> on 2026-07-04 07:05:36.318694+00:00
[2026-07-04T07:05:37.660+0000] {logging_mixin.py:188} WARNING - /home/***/.local/lib/python3.12/site-packages/***/task/task_runner/standard_task_runner.py:61 DeprecationWarning: This process (pid=32879) is multi-threaded, use of fork() may lead to deadlocks in the child.
[2026-07-04T07:05:37.659+0000] {standard_task_runner.py:90} INFO - Running: ['***', 'tasks', 'run', 'gold_dbt_dag', 'trigger_dbt_build', 'dataset_triggered__2026-07-04T07:05:36.318694+00:00', '--job-id', '499', '--raw', '--subdir', 'DAGS_FOLDER/dag_gold_dbt.py', '--cfg-path', '/tmp/tmp5w2k65h3']
[2026-07-04T07:05:37.661+0000] {standard_task_runner.py:91} INFO - Job 499: Subtask trigger_dbt_build
[2026-07-04T07:05:37.661+0000] {standard_task_runner.py:63} INFO - Started process 32880 to run task
[2026-07-04T07:05:37.687+0000] {task_command.py:426} INFO - Running <TaskInstance: gold_dbt_dag.trigger_dbt_build dataset_triggered__2026-07-04T07:05:36.318694+00:00 [running]> on host bd23e89d97be
[2026-07-04T07:05:37.724+0000] {taskinstance.py:2648} INFO - Exporting env vars: AIRFLOW_CTX_DAG_OWNER='data_engineer' AIRFLOW_CTX_DAG_ID='gold_dbt_dag' AIRFLOW_CTX_TASK_ID='trigger_dbt_build' AIRFLOW_CTX_EXECUTION_DATE='2026-07-04T07:05:36.318694+00:00' AIRFLOW_CTX_TRY_NUMBER='1' AIRFLOW_CTX_DAG_RUN_ID='dataset_triggered__2026-07-04T07:05:36.318694+00:00'
[2026-07-04T07:05:37.725+0000] {taskinstance.py:430} INFO - ::endgroup::
[2026-07-04T07:05:37.732+0000] {subprocess.py:63} INFO - Tmp dir root location: /tmp
[2026-07-04T07:05:37.732+0000] {subprocess.py:75} INFO - Running command: ['/usr/bin/bash', '-c', 'cd /opt/***/dbt && dbt build --profiles-dir . --target dev']
[2026-07-04T07:05:37.736+0000] {subprocess.py:86} INFO - Output:
[2026-07-04T07:05:38.805+0000] {subprocess.py:93} INFO - [0m07:05:38  Running with dbt=1.11.11
[2026-07-04T07:05:39.323+0000] {subprocess.py:93} INFO - [0m07:05:39  Registered adapter: bigquery=1.11.3
[2026-07-04T07:05:39.540+0000] {subprocess.py:93} INFO - [0m07:05:39  Found 5 models, 4 sources, 553 macros
[2026-07-04T07:05:39.542+0000] {subprocess.py:93} INFO - [0m07:05:39
[2026-07-04T07:05:39.542+0000] {subprocess.py:93} INFO - [0m07:05:39  Concurrency: 4 threads (target='dev')
[2026-07-04T07:05:39.542+0000] {subprocess.py:93} INFO - [0m07:05:39
[2026-07-04T07:05:42.105+0000] {subprocess.py:93} INFO - [0m07:05:42  1 of 5 START sql table model logistics_mart.dim_drivers ........................ [RUN]
[2026-07-04T07:05:42.106+0000] {subprocess.py:93} INFO - [0m07:05:42  2 of 5 START sql table model logistics_mart.dim_hubs ........................... [RUN]
[2026-07-04T07:05:42.106+0000] {subprocess.py:93} INFO - [0m07:05:42  3 of 5 START sql view model logistics_mart.stg_shipments ....................... [RUN]
[2026-07-04T07:05:42.107+0000] {subprocess.py:93} INFO - [0m07:05:42  4 of 5 START sql view model logistics_mart.stg_weather ......................... [RUN]
[2026-07-04T07:05:44.198+0000] {subprocess.py:93} INFO - [0m07:05:44  4 of 5 OK created sql view model logistics_mart.stg_weather .................... [[32mCREATE VIEW (0 processed)[0m in 2.09s]
[2026-07-04T07:05:44.211+0000] {subprocess.py:93} INFO - [0m07:05:44  3 of 5 OK created sql view model logistics_mart.stg_shipments .................. [[32mCREATE VIEW (0 processed)[0m in 2.10s]
[2026-07-04T07:05:45.593+0000] {subprocess.py:93} INFO - [0m07:05:45  1 of 5 OK created sql table model logistics_mart.dim_drivers ................... [[32mCREATE TABLE (3.0 rows, 108.0 Bytes processed)[0m in 3.48s]
[2026-07-04T07:05:45.767+0000] {subprocess.py:93} INFO - [0m07:05:45  2 of 5 OK created sql table model logistics_mart.dim_hubs ...................... [[32mCREATE TABLE (3.0 rows, 149.0 Bytes processed)[0m in 3.66s]
[2026-07-04T07:05:45.771+0000] {subprocess.py:93} INFO - [0m07:05:45  5 of 5 START sql table model logistics_mart.fact_shipment_weather .............. [RUN]
[2026-07-04T07:13:57.503+0000] {subprocess.py:93} INFO - [0m07:13:57  5 of 5 ERROR creating sql table model logistics_mart.fact_shipment_weather ..... [[31mERROR[0m in 491.73s]
[2026-07-04T07:13:57.544+0000] {subprocess.py:93} INFO - [0m07:13:57
[2026-07-04T07:13:57.545+0000] {subprocess.py:93} INFO - [0m07:13:57  Finished running 3 table models, 2 view models in 0 hours 8 minutes and 18.00 seconds (498.00s).
[2026-07-04T07:13:57.584+0000] {subprocess.py:93} INFO - [0m07:13:57
[2026-07-04T07:13:57.585+0000] {subprocess.py:93} INFO - [0m07:13:57  [31mCompleted with 1 error, 0 partial successes, and 0 warnings:[0m
[2026-07-04T07:13:57.585+0000] {subprocess.py:93} INFO - [0m07:13:57
[2026-07-04T07:13:57.586+0000] {subprocess.py:93} INFO - [0m07:13:57  [31mFailure in model fact_shipment_weather (models/mart/fact_shipment_weather.sql)[0m
[2026-07-04T07:13:57.586+0000] {subprocess.py:93} INFO - [0m07:13:57    Database Error in model fact_shipment_weather (models/mart/fact_shipment_weather.sql)
[2026-07-04T07:13:57.586+0000] {subprocess.py:93} INFO -   409 POST https://bigquery.googleapis.com/bigquery/v2/projects/logistics-500519/jobs?prettyPrint=false: Already Exists: Job logistics-500519:US.56f93fae-19c8-4acb-ae41-8e5dd778a705
[2026-07-04T07:13:57.586+0000] {subprocess.py:93} INFO - 
[2026-07-04T07:13:57.586+0000] {subprocess.py:93} INFO -   Location: None
[2026-07-04T07:13:57.586+0000] {subprocess.py:93} INFO -   Job ID: 56f93fae-19c8-4acb-ae41-8e5dd778a705
[2026-07-04T07:13:57.586+0000] {subprocess.py:93} INFO - 
[2026-07-04T07:13:57.587+0000] {subprocess.py:93} INFO -   compiled code at target/run/logistics_lakehouse/models/mart/fact_shipment_weather.sql
[2026-07-04T07:13:57.587+0000] {subprocess.py:93} INFO - [0m07:13:57
[2026-07-04T07:13:57.587+0000] {subprocess.py:93} INFO - [0m07:13:57    compiled code at target/compiled/logistics_lakehouse/models/mart/fact_shipment_weather.sql
[2026-07-04T07:13:57.587+0000] {subprocess.py:93} INFO - [0m07:13:57
[2026-07-04T07:13:57.587+0000] {subprocess.py:93} INFO - [0m07:13:57  Done. PASS=4 WARN=0 ERROR=1 SKIP=0 NO-OP=0 TOTAL=5
[2026-07-04T07:13:59.454+0000] {subprocess.py:97} INFO - Command exited with return code 1
[2026-07-04T07:13:59.455+0000] {taskinstance.py:441} INFO - ::group::Post task execution logs
[2026-07-04T07:13:59.466+0000] {taskinstance.py:2905} ERROR - Task failed with exception
Traceback (most recent call last):
  File "/home/airflow/.local/lib/python3.12/site-packages/airflow/models/taskinstance.py", line 465, in _execute_task
    result = _execute_callable(context=context, **execute_callable_kwargs)
             ^^^^^^^^^^^^^^^^^^^^^^^^^^^^^^^^^^^^^^^^^^^^^^^^^^^^^^^^^^^^^
  File "/home/airflow/.local/lib/python3.12/site-packages/airflow/models/taskinstance.py", line 432, in _execute_callable
    return execute_callable(context=context, **execute_callable_kwargs)
           ^^^^^^^^^^^^^^^^^^^^^^^^^^^^^^^^^^^^^^^^^^^^^^^^^^^^^^^^^^^^
  File "/home/airflow/.local/lib/python3.12/site-packages/airflow/models/baseoperator.py", line 400, in wrapper
    return func(self, *args, **kwargs)
           ^^^^^^^^^^^^^^^^^^^^^^^^^^^
  File "/home/airflow/.local/lib/python3.12/site-packages/airflow/operators/bash.py", line 243, in execute
    raise AirflowException(
airflow.exceptions.AirflowException: Bash command failed. The command returned a non-zero exit code 1.
[2026-07-04T07:13:59.470+0000] {taskinstance.py:1206} INFO - Marking task as UP_FOR_RETRY. dag_id=gold_dbt_dag, task_id=trigger_dbt_build, run_id=dataset_triggered__2026-07-04T07:05:36.318694+00:00, execution_date=20260704T070536, start_date=20260704T070537, end_date=20260704T071359
[2026-07-04T07:13:59.479+0000] {standard_task_runner.py:110} ERROR - Failed to execute job 499 for task trigger_dbt_build (Bash command failed. The command returned a non-zero exit code 1.; 32880)
[2026-07-04T07:13:59.517+0000] {local_task_job_runner.py:240} INFO - Task exited with return code 1
[2026-07-04T07:13:59.528+0000] {taskinstance.py:3498} INFO - 0 downstream tasks scheduled from follow-on schedule check
[2026-07-04T07:13:59.529+0000] {local_task_job_runner.py:222} INFO - ::endgroup::
