[2026-07-01T03:53:30.265+0000] {local_task_job_runner.py:120} INFO - ::group::Pre task execution logs
[2026-07-01T03:53:30.365+0000] {taskinstance.py:2076} INFO - Dependencies all met for dep_context=non-requeueable deps ti=<TaskInstance: gold_dbt_dag.trigger_dbt_build manual__2026-07-01T03:53:29.316256+00:00 [queued]>
[2026-07-01T03:53:30.373+0000] {taskinstance.py:2076} INFO - Dependencies all met for dep_context=requeueable deps ti=<TaskInstance: gold_dbt_dag.trigger_dbt_build manual__2026-07-01T03:53:29.316256+00:00 [queued]>
[2026-07-01T03:53:30.373+0000] {taskinstance.py:2306} INFO - Starting attempt 1 of 2
[2026-07-01T03:53:30.383+0000] {taskinstance.py:2330} INFO - Executing <Task(BashOperator): trigger_dbt_build> on 2026-07-01 03:53:29.316256+00:00
[2026-07-01T03:53:30.411+0000] {standard_task_runner.py:90} INFO - Running: ['***', 'tasks', 'run', 'gold_dbt_dag', 'trigger_dbt_build', 'manual__2026-07-01T03:53:29.316256+00:00', '--job-id', '8', '--raw', '--subdir', 'DAGS_FOLDER/dag_gold_dbt.py', '--cfg-path', '/tmp/tmpb5l5f16n']
[2026-07-01T03:53:30.417+0000] {logging_mixin.py:188} WARNING - /home/***/.local/lib/python3.12/site-packages/***/task/task_runner/standard_task_runner.py:61 DeprecationWarning: This process (pid=1186) is multi-threaded, use of fork() may lead to deadlocks in the child.
[2026-07-01T03:53:30.421+0000] {standard_task_runner.py:63} INFO - Started process 1196 to run task
[2026-07-01T03:53:30.421+0000] {standard_task_runner.py:91} INFO - Job 8: Subtask trigger_dbt_build
[2026-07-01T03:53:30.475+0000] {task_command.py:426} INFO - Running <TaskInstance: gold_dbt_dag.trigger_dbt_build manual__2026-07-01T03:53:29.316256+00:00 [running]> on host bd23e89d97be
[2026-07-01T03:53:30.617+0000] {taskinstance.py:2648} INFO - Exporting env vars: AIRFLOW_CTX_DAG_OWNER='data_engineer' AIRFLOW_CTX_DAG_ID='gold_dbt_dag' AIRFLOW_CTX_TASK_ID='trigger_dbt_build' AIRFLOW_CTX_EXECUTION_DATE='2026-07-01T03:53:29.316256+00:00' AIRFLOW_CTX_TRY_NUMBER='1' AIRFLOW_CTX_DAG_RUN_ID='manual__2026-07-01T03:53:29.316256+00:00'
[2026-07-01T03:53:30.623+0000] {taskinstance.py:430} INFO - ::endgroup::
[2026-07-01T03:53:30.652+0000] {subprocess.py:63} INFO - Tmp dir root location: /tmp
[2026-07-01T03:53:30.656+0000] {subprocess.py:75} INFO - Running command: ['/usr/bin/bash', '-c', 'cd /opt/***/dbt && dbt build --profiles-dir . --target dev']
[2026-07-01T03:53:30.678+0000] {subprocess.py:86} INFO - Output:
[2026-07-01T03:53:34.069+0000] {subprocess.py:93} INFO - [0m03:53:34  Running with dbt=1.11.11
[2026-07-01T03:53:35.699+0000] {subprocess.py:93} INFO - [0m03:53:35  Registered adapter: bigquery=1.11.3
[2026-07-01T03:53:36.022+0000] {subprocess.py:93} INFO - [0m03:53:36  Found 5 models, 4 sources, 553 macros
[2026-07-01T03:53:36.024+0000] {subprocess.py:93} INFO - [0m03:53:36
[2026-07-01T03:53:36.024+0000] {subprocess.py:93} INFO - [0m03:53:36  Concurrency: 4 threads (target='dev')
[2026-07-01T03:53:36.024+0000] {subprocess.py:93} INFO - [0m03:53:36
[2026-07-01T03:53:38.455+0000] {subprocess.py:93} INFO - [0m03:53:38  1 of 5 START sql table model logistics_mart.dim_drivers ........................ [RUN]
[2026-07-01T03:53:38.456+0000] {subprocess.py:93} INFO - [0m03:53:38  2 of 5 START sql table model logistics_mart.dim_hubs ........................... [RUN]
[2026-07-01T03:53:38.457+0000] {subprocess.py:93} INFO - [0m03:53:38  3 of 5 START sql view model logistics_mart.stg_shipments ....................... [RUN]
[2026-07-01T03:53:38.457+0000] {subprocess.py:93} INFO - [0m03:53:38  4 of 5 START sql view model logistics_mart.stg_weather ......................... [RUN]
[2026-07-01T03:53:40.910+0000] {subprocess.py:93} INFO - [0m03:53:40  4 of 5 OK created sql view model logistics_mart.stg_weather .................... [[32mCREATE VIEW (0 processed)[0m in 2.45s]
[2026-07-01T03:53:41.039+0000] {subprocess.py:93} INFO - [0m03:53:41  3 of 5 OK created sql view model logistics_mart.stg_shipments .................. [[32mCREATE VIEW (0 processed)[0m in 2.58s]
[2026-07-01T03:53:42.171+0000] {subprocess.py:93} INFO - [0m03:53:42  2 of 5 OK created sql table model logistics_mart.dim_hubs ...................... [[32mCREATE TABLE (3.0 rows, 149.0 Bytes processed)[0m in 3.71s]
[2026-07-01T03:53:42.175+0000] {subprocess.py:93} INFO - [0m03:53:42  5 of 5 START sql table model logistics_mart.fact_shipment_weather .............. [RUN]
[2026-07-01T03:53:42.516+0000] {subprocess.py:93} INFO - [0m03:53:42  1 of 5 OK created sql table model logistics_mart.dim_drivers ................... [[32mCREATE TABLE (3.0 rows, 108.0 Bytes processed)[0m in 4.06s]
[2026-07-01T03:53:46.260+0000] {subprocess.py:93} INFO - [0m03:53:46  5 of 5 OK created sql table model logistics_mart.fact_shipment_weather ......... [[32mCREATE TABLE (7.0 rows, 751.0 Bytes processed)[0m in 4.08s]
[2026-07-01T03:53:46.314+0000] {subprocess.py:93} INFO - [0m03:53:46
[2026-07-01T03:53:46.315+0000] {subprocess.py:93} INFO - [0m03:53:46  Finished running 3 table models, 2 view models in 0 hours 0 minutes and 10.29 seconds (10.29s).
[2026-07-01T03:53:46.397+0000] {subprocess.py:93} INFO - [0m03:53:46
[2026-07-01T03:53:46.398+0000] {subprocess.py:93} INFO - [0m03:53:46  [32mCompleted successfully[0m
[2026-07-01T03:53:46.399+0000] {subprocess.py:93} INFO - [0m03:53:46
[2026-07-01T03:53:46.399+0000] {subprocess.py:93} INFO - [0m03:53:46  Done. PASS=5 WARN=0 ERROR=0 SKIP=0 NO-OP=0 TOTAL=5
[2026-07-01T03:53:48.315+0000] {subprocess.py:97} INFO - Command exited with return code 0
[2026-07-01T03:53:48.317+0000] {taskinstance.py:441} INFO - ::group::Post task execution logs
[2026-07-01T03:53:48.349+0000] {taskinstance.py:1206} INFO - Marking task as SUCCESS. dag_id=gold_dbt_dag, task_id=trigger_dbt_build, run_id=manual__2026-07-01T03:53:29.316256+00:00, execution_date=20260701T035329, start_date=20260701T035330, end_date=20260701T035348
[2026-07-01T03:53:48.388+0000] {local_task_job_runner.py:240} INFO - Task exited with return code 0
[2026-07-01T03:53:48.412+0000] {taskinstance.py:3498} INFO - 0 downstream tasks scheduled from follow-on schedule check
[2026-07-01T03:53:48.413+0000] {local_task_job_runner.py:222} INFO - ::endgroup::
