[2026-07-12T12:12:54.728+0000] {local_task_job_runner.py:120} INFO - ::group::Pre task execution logs
[2026-07-12T12:12:54.741+0000] {taskinstance.py:2076} INFO - Dependencies all met for dep_context=non-requeueable deps ti=<TaskInstance: logistics_postgres_to_bq.push_to_bigquery dataset_triggered__2026-07-12T12:12:53.056823+00:00 [queued]>
[2026-07-12T12:12:54.744+0000] {taskinstance.py:2076} INFO - Dependencies all met for dep_context=requeueable deps ti=<TaskInstance: logistics_postgres_to_bq.push_to_bigquery dataset_triggered__2026-07-12T12:12:53.056823+00:00 [queued]>
[2026-07-12T12:12:54.745+0000] {taskinstance.py:2306} INFO - Starting attempt 1 of 1
[2026-07-12T12:12:54.750+0000] {taskinstance.py:2330} INFO - Executing <Task(PythonOperator): push_to_bigquery> on 2026-07-12 12:12:53.056823+00:00
[2026-07-12T12:12:54.755+0000] {logging_mixin.py:188} WARNING - /home/***/.local/lib/python3.12/site-packages/***/task/task_runner/standard_task_runner.py:61 DeprecationWarning: This process (pid=16339) is multi-threaded, use of fork() may lead to deadlocks in the child.
[2026-07-12T12:12:54.756+0000] {standard_task_runner.py:63} INFO - Started process 16347 to run task
[2026-07-12T12:12:54.755+0000] {standard_task_runner.py:90} INFO - Running: ['***', 'tasks', 'run', 'logistics_postgres_to_bq', 'push_to_bigquery', 'dataset_triggered__2026-07-12T12:12:53.056823+00:00', '--job-id', '145', '--raw', '--subdir', 'DAGS_FOLDER/dag_postgres_to_bq.py', '--cfg-path', '/tmp/tmpegwpzeyl']
[2026-07-12T12:12:54.757+0000] {standard_task_runner.py:91} INFO - Job 145: Subtask push_to_bigquery
[2026-07-12T12:12:54.781+0000] {task_command.py:426} INFO - Running <TaskInstance: logistics_postgres_to_bq.push_to_bigquery dataset_triggered__2026-07-12T12:12:53.056823+00:00 [running]> on host ad4e12f53b08
[2026-07-12T12:12:54.866+0000] {taskinstance.py:2648} INFO - Exporting env vars: AIRFLOW_CTX_DAG_OWNER='***' AIRFLOW_CTX_DAG_ID='logistics_postgres_to_bq' AIRFLOW_CTX_TASK_ID='push_to_bigquery' AIRFLOW_CTX_EXECUTION_DATE='2026-07-12T12:12:53.056823+00:00' AIRFLOW_CTX_TRY_NUMBER='1' AIRFLOW_CTX_DAG_RUN_ID='dataset_triggered__2026-07-12T12:12:53.056823+00:00'
[2026-07-12T12:12:54.868+0000] {taskinstance.py:430} INFO - ::endgroup::
[2026-07-12T12:13:02.948+0000] {connectionpool.py:874} WARNING - Retrying (Retry(total=2, connect=None, read=None, redirect=None, status=None)) after connection broken by 'NameResolutionError("<urllib3.connection.HTTPSConnection object at 0xffff6d2bd580>: Failed to resolve 'oauth2.googleapis.com' ([Errno -3] Temporary failure in name resolution)")': /token
[2026-07-12T12:13:10.983+0000] {connectionpool.py:874} WARNING - Retrying (Retry(total=1, connect=None, read=None, redirect=None, status=None)) after connection broken by 'NameResolutionError("<urllib3.connection.HTTPSConnection object at 0xffff6d303920>: Failed to resolve 'oauth2.googleapis.com' ([Errno -3] Temporary failure in name resolution)")': /token
[2026-07-12T12:13:19.024+0000] {connectionpool.py:874} WARNING - Retrying (Retry(total=0, connect=None, read=None, redirect=None, status=None)) after connection broken by 'NameResolutionError("<urllib3.connection.HTTPSConnection object at 0xffff6d303f80>: Failed to resolve 'oauth2.googleapis.com' ([Errno -3] Temporary failure in name resolution)")': /token
[2026-07-12T12:15:14.000+0000] {connectionpool.py:874} WARNING - Retrying (Retry(total=2, connect=None, read=None, redirect=None, status=None)) after connection broken by 'NameResolutionError("<urllib3.connection.HTTPSConnection object at 0xffff6d338800>: Failed to resolve 'oauth2.googleapis.com' ([Errno -3] Temporary failure in name resolution)")': /token
[2026-07-12T12:18:18.453+0000] {connectionpool.py:874} WARNING - Retrying (Retry(total=1, connect=None, read=None, redirect=None, status=None)) after connection broken by 'SSLError(SSLEOFError(8, '[SSL: UNEXPECTED_EOF_WHILE_READING] EOF occurred in violation of protocol (_ssl.c:1000)'))': /token
[2026-07-12T12:21:50.984+0000] {connectionpool.py:874} WARNING - Retrying (Retry(total=0, connect=None, read=None, redirect=None, status=None)) after connection broken by 'SSLError(SSLEOFError(8, '[SSL: UNEXPECTED_EOF_WHILE_READING] EOF occurred in violation of protocol (_ssl.c:1000)'))': /token
[2026-07-12T12:22:09.004+0000] {connectionpool.py:874} WARNING - Retrying (Retry(total=2, connect=None, read=None, redirect=None, status=None)) after connection broken by 'NameResolutionError("<urllib3.connection.HTTPSConnection object at 0xffff6d339730>: Failed to resolve 'oauth2.googleapis.com' ([Errno -3] Temporary failure in name resolution)")': /token
[2026-07-12T12:28:33.387+0000] {connectionpool.py:874} WARNING - Retrying (Retry(total=1, connect=None, read=None, redirect=None, status=None)) after connection broken by 'NameResolutionError("<urllib3.connection.HTTPSConnection object at 0xffff6d339a90>: Failed to resolve 'oauth2.googleapis.com' ([Errno -3] Temporary failure in name resolution)")': /token
[2026-07-12T12:32:05.392+0000] {local_task_job_runner.py:310} WARNING - State of this instance has been externally set to failed. Terminating instance.
[2026-07-12T12:32:05.396+0000] {local_task_job_runner.py:222} INFO - ::endgroup::
[2026-07-12T12:32:05.398+0000] {process_utils.py:132} INFO - Sending 15 to group 16347. PIDs of all processes in the group: [16347]
[2026-07-12T12:32:05.399+0000] {process_utils.py:87} INFO - Sending the signal 15 to group 16347
[2026-07-12T12:32:05.399+0000] {taskinstance.py:2611} ERROR - Received SIGTERM. Terminating subprocesses.
[2026-07-12T12:32:05.402+0000] {taskinstance.py:441} INFO - ::group::Post task execution logs
[2026-07-12T12:32:05.455+0000] {process_utils.py:80} INFO - Process psutil.Process(pid=16347, status='terminated', exitcode=0, started='12:12:53') (16347) terminated with exit code 0
