[2026-07-02T18:00:13.454+0000] {local_task_job_runner.py:120} INFO - ::group::Pre task execution logs
[2026-07-02T18:00:13.472+0000] {taskinstance.py:2076} INFO - Dependencies all met for dep_context=non-requeueable deps ti=<TaskInstance: gold_dbt_dag.trigger_dbt_build dataset_triggered__2026-07-02T18:00:12.959283+00:00 [queued]>
[2026-07-02T18:00:13.476+0000] {taskinstance.py:2076} INFO - Dependencies all met for dep_context=requeueable deps ti=<TaskInstance: gold_dbt_dag.trigger_dbt_build dataset_triggered__2026-07-02T18:00:12.959283+00:00 [queued]>
[2026-07-02T18:00:13.476+0000] {taskinstance.py:2306} INFO - Starting attempt 1 of 2
[2026-07-02T18:00:13.480+0000] {taskinstance.py:2330} INFO - Executing <Task(BashOperator): trigger_dbt_build> on 2026-07-02 18:00:12.959283+00:00
[2026-07-02T18:00:13.484+0000] {standard_task_runner.py:90} INFO - Running: ['***', 'tasks', 'run', 'gold_dbt_dag', 'trigger_dbt_build', 'dataset_triggered__2026-07-02T18:00:12.959283+00:00', '--job-id', '276', '--raw', '--subdir', 'DAGS_FOLDER/dag_gold_dbt.py', '--cfg-path', '/tmp/tmp2idqr1j7']
[2026-07-02T18:00:13.492+0000] {standard_task_runner.py:91} INFO - Job 276: Subtask trigger_dbt_build
[2026-07-02T18:00:13.500+0000] {logging_mixin.py:188} WARNING - /home/***/.local/lib/python3.12/site-packages/***/task/task_runner/standard_task_runner.py:61 DeprecationWarning: This process (pid=87030) is multi-threaded, use of fork() may lead to deadlocks in the child.
[2026-07-02T18:00:13.501+0000] {standard_task_runner.py:63} INFO - Started process 87031 to run task
[2026-07-02T18:00:13.522+0000] {task_command.py:426} INFO - Running <TaskInstance: gold_dbt_dag.trigger_dbt_build dataset_triggered__2026-07-02T18:00:12.959283+00:00 [running]> on host bd23e89d97be
[2026-07-02T18:00:13.558+0000] {taskinstance.py:2648} INFO - Exporting env vars: AIRFLOW_CTX_DAG_OWNER='data_engineer' AIRFLOW_CTX_DAG_ID='gold_dbt_dag' AIRFLOW_CTX_TASK_ID='trigger_dbt_build' AIRFLOW_CTX_EXECUTION_DATE='2026-07-02T18:00:12.959283+00:00' AIRFLOW_CTX_TRY_NUMBER='1' AIRFLOW_CTX_DAG_RUN_ID='dataset_triggered__2026-07-02T18:00:12.959283+00:00'
[2026-07-02T18:00:13.558+0000] {taskinstance.py:430} INFO - ::endgroup::
[2026-07-02T18:00:13.566+0000] {subprocess.py:63} INFO - Tmp dir root location: /tmp
[2026-07-02T18:00:13.566+0000] {subprocess.py:75} INFO - Running command: ['/usr/bin/bash', '-c', 'cd /opt/***/dbt && dbt build --profiles-dir . --target dev']
[2026-07-02T18:00:13.570+0000] {subprocess.py:86} INFO - Output:
[2026-07-02T18:00:14.676+0000] {subprocess.py:93} INFO - [0m18:00:14  Running with dbt=1.11.11
[2026-07-02T18:00:15.234+0000] {subprocess.py:93} INFO - [0m18:00:15  Registered adapter: bigquery=1.11.3
[2026-07-02T18:00:15.480+0000] {subprocess.py:93} INFO - [0m18:00:15  Found 5 models, 4 sources, 553 macros
[2026-07-02T18:00:15.481+0000] {subprocess.py:93} INFO - [0m18:00:15
[2026-07-02T18:00:15.482+0000] {subprocess.py:93} INFO - [0m18:00:15  Concurrency: 4 threads (target='dev')
[2026-07-02T18:00:15.482+0000] {subprocess.py:93} INFO - [0m18:00:15
[2026-07-02T18:00:17.202+0000] {subprocess.py:93} INFO - [0m18:00:17  1 of 5 START sql table model logistics_mart.dim_drivers ........................ [RUN]
[2026-07-02T18:00:17.203+0000] {subprocess.py:93} INFO - [0m18:00:17  2 of 5 START sql table model logistics_mart.dim_hubs ........................... [RUN]
[2026-07-02T18:00:17.203+0000] {subprocess.py:93} INFO - [0m18:00:17  3 of 5 START sql view model logistics_mart.stg_shipments ....................... [RUN]
[2026-07-02T18:00:17.204+0000] {subprocess.py:93} INFO - [0m18:00:17  4 of 5 START sql view model logistics_mart.stg_weather ......................... [RUN]
[2026-07-02T18:00:19.257+0000] {subprocess.py:93} INFO - [0m18:00:19  4 of 5 OK created sql view model logistics_mart.stg_weather .................... [[32mCREATE VIEW (0 processed)[0m in 2.05s]
[2026-07-02T18:00:19.357+0000] {subprocess.py:93} INFO - [0m18:00:19  3 of 5 OK created sql view model logistics_mart.stg_shipments .................. [[32mCREATE VIEW (0 processed)[0m in 2.15s]
[2026-07-02T18:00:20.985+0000] {subprocess.py:93} INFO - [0m18:00:20  1 of 5 OK created sql table model logistics_mart.dim_drivers ................... [[32mCREATE TABLE (3.0 rows, 108.0 Bytes processed)[0m in 3.78s]
[2026-07-02T18:00:21.455+0000] {subprocess.py:93} INFO - [0m18:00:21  2 of 5 OK created sql table model logistics_mart.dim_hubs ...................... [[32mCREATE TABLE (3.0 rows, 149.0 Bytes processed)[0m in 4.25s]
[2026-07-02T18:00:21.458+0000] {subprocess.py:93} INFO - [0m18:00:21  5 of 5 START sql table model logistics_mart.fact_shipment_weather .............. [RUN]
[2026-07-02T18:00:26.181+0000] {subprocess.py:93} INFO - [0m18:00:26  5 of 5 OK created sql table model logistics_mart.fact_shipment_weather ......... [[32mCREATE TABLE (288.0 rows, 18.5 KiB processed)[0m in 4.72s]
[2026-07-02T18:00:26.227+0000] {subprocess.py:93} INFO - [0m18:00:26
[2026-07-02T18:00:26.227+0000] {subprocess.py:93} INFO - [0m18:00:26  Finished running 3 table models, 2 view models in 0 hours 0 minutes and 10.74 seconds (10.74s).
[2026-07-02T18:00:26.261+0000] {subprocess.py:93} INFO - [0m18:00:26
[2026-07-02T18:00:26.261+0000] {subprocess.py:93} INFO - [0m18:00:26  [32mCompleted successfully[0m
[2026-07-02T18:00:26.261+0000] {subprocess.py:93} INFO - [0m18:00:26
[2026-07-02T18:00:26.262+0000] {subprocess.py:93} INFO - [0m18:00:26  Done. PASS=5 WARN=0 ERROR=0 SKIP=0 NO-OP=0 TOTAL=5
[2026-07-02T18:00:27.961+0000] {subprocess.py:97} INFO - Command exited with return code 0
[2026-07-02T18:00:27.962+0000] {taskinstance.py:441} INFO - ::group::Post task execution logs
[2026-07-02T18:00:27.982+0000] {taskinstance.py:1206} INFO - Marking task as SUCCESS. dag_id=gold_dbt_dag, task_id=trigger_dbt_build, run_id=dataset_triggered__2026-07-02T18:00:12.959283+00:00, execution_date=20260702T180012, start_date=20260702T180013, end_date=20260702T180027
[2026-07-02T18:00:27.995+0000] {local_task_job_runner.py:240} INFO - Task exited with return code 0
[2026-07-02T18:00:28.003+0000] {taskinstance.py:3498} INFO - 0 downstream tasks scheduled from follow-on schedule check
[2026-07-02T18:00:28.004+0000] {local_task_job_runner.py:222} INFO - ::endgroup::
