[2026-07-05T15:31:27.284+0000] {local_task_job_runner.py:120} INFO - ::group::Pre task execution logs
[2026-07-05T15:31:27.309+0000] {taskinstance.py:2076} INFO - Dependencies all met for dep_context=non-requeueable deps ti=<TaskInstance: gold_dbt_dag.trigger_dbt_build dataset_triggered__2026-07-05T15:31:26.089856+00:00 [queued]>
[2026-07-05T15:31:27.312+0000] {taskinstance.py:2076} INFO - Dependencies all met for dep_context=requeueable deps ti=<TaskInstance: gold_dbt_dag.trigger_dbt_build dataset_triggered__2026-07-05T15:31:26.089856+00:00 [queued]>
[2026-07-05T15:31:27.313+0000] {taskinstance.py:2306} INFO - Starting attempt 1 of 2
[2026-07-05T15:31:27.317+0000] {taskinstance.py:2330} INFO - Executing <Task(BashOperator): trigger_dbt_build> on 2026-07-05 15:31:26.089856+00:00
[2026-07-05T15:31:27.321+0000] {standard_task_runner.py:90} INFO - Running: ['***', 'tasks', 'run', 'gold_dbt_dag', 'trigger_dbt_build', 'dataset_triggered__2026-07-05T15:31:26.089856+00:00', '--job-id', '691', '--raw', '--subdir', 'DAGS_FOLDER/dag_gold_dbt.py', '--cfg-path', '/tmp/tmpv1mzlpv1']
[2026-07-05T15:31:27.322+0000] {logging_mixin.py:188} WARNING - /home/***/.local/lib/python3.12/site-packages/***/task/task_runner/standard_task_runner.py:61 DeprecationWarning: This process (pid=51867) is multi-threaded, use of fork() may lead to deadlocks in the child.
[2026-07-05T15:31:27.323+0000] {standard_task_runner.py:91} INFO - Job 691: Subtask trigger_dbt_build
[2026-07-05T15:31:27.323+0000] {standard_task_runner.py:63} INFO - Started process 51868 to run task
[2026-07-05T15:31:27.340+0000] {task_command.py:426} INFO - Running <TaskInstance: gold_dbt_dag.trigger_dbt_build dataset_triggered__2026-07-05T15:31:26.089856+00:00 [running]> on host bd23e89d97be
[2026-07-05T15:31:27.382+0000] {taskinstance.py:2648} INFO - Exporting env vars: AIRFLOW_CTX_DAG_OWNER='data_engineer' AIRFLOW_CTX_DAG_ID='gold_dbt_dag' AIRFLOW_CTX_TASK_ID='trigger_dbt_build' AIRFLOW_CTX_EXECUTION_DATE='2026-07-05T15:31:26.089856+00:00' AIRFLOW_CTX_TRY_NUMBER='1' AIRFLOW_CTX_DAG_RUN_ID='dataset_triggered__2026-07-05T15:31:26.089856+00:00'
[2026-07-05T15:31:27.382+0000] {taskinstance.py:430} INFO - ::endgroup::
[2026-07-05T15:31:27.390+0000] {subprocess.py:63} INFO - Tmp dir root location: /tmp
[2026-07-05T15:31:27.390+0000] {subprocess.py:75} INFO - Running command: ['/usr/bin/bash', '-c', 'cd /opt/***/dbt && dbt build --profiles-dir . --target dev']
[2026-07-05T15:31:27.394+0000] {subprocess.py:86} INFO - Output:
[2026-07-05T15:31:28.409+0000] {subprocess.py:93} INFO - [0m15:31:28  Running with dbt=1.11.11
[2026-07-05T15:31:28.917+0000] {subprocess.py:93} INFO - [0m15:31:28  Registered adapter: bigquery=1.11.3
[2026-07-05T15:31:29.126+0000] {subprocess.py:93} INFO - [0m15:31:29  Found 5 models, 4 sources, 553 macros
[2026-07-05T15:31:29.128+0000] {subprocess.py:93} INFO - [0m15:31:29
[2026-07-05T15:31:29.128+0000] {subprocess.py:93} INFO - [0m15:31:29  Concurrency: 4 threads (target='dev')
[2026-07-05T15:31:29.128+0000] {subprocess.py:93} INFO - [0m15:31:29
[2026-07-05T16:31:07.047+0000] {local_task_job_runner.py:310} WARNING - State of this instance has been externally set to up_for_retry. Terminating instance.
[2026-07-05T16:31:07.052+0000] {local_task_job_runner.py:222} INFO - ::endgroup::
[2026-07-05T16:31:07.055+0000] {process_utils.py:132} INFO - Sending 15 to group 51868. PIDs of all processes in the group: [51869, 51883, 51868]
[2026-07-05T16:31:07.056+0000] {process_utils.py:87} INFO - Sending the signal 15 to group 51868
[2026-07-05T16:31:07.057+0000] {taskinstance.py:2611} ERROR - Received SIGTERM. Terminating subprocesses.
[2026-07-05T16:31:07.061+0000] {subprocess.py:104} INFO - Sending SIGTERM signal to process group
[2026-07-05T16:31:07.064+0000] {taskinstance.py:441} INFO - ::group::Post task execution logs
[2026-07-05T16:31:07.097+0000] {taskinstance.py:2905} ERROR - Task failed with exception
Traceback (most recent call last):
  File "/home/airflow/.local/lib/python3.12/site-packages/airflow/models/taskinstance.py", line 465, in _execute_task
    result = _execute_callable(context=context, **execute_callable_kwargs)
             ^^^^^^^^^^^^^^^^^^^^^^^^^^^^^^^^^^^^^^^^^^^^^^^^^^^^^^^^^^^^^
  File "/home/airflow/.local/lib/python3.12/site-packages/airflow/models/taskinstance.py", line 432, in _execute_callable
    return execute_callable(context=context, **execute_callable_kwargs)
           ^^^^^^^^^^^^^^^^^^^^^^^^^^^^^^^^^^^^^^^^^^^^^^^^^^^^^^^^^^^^
  File "/home/airflow/.local/lib/python3.12/site-packages/airflow/models/baseoperator.py", line 400, in wrapper
    return func(self, *args, **kwargs)
           ^^^^^^^^^^^^^^^^^^^^^^^^^^^
  File "/home/airflow/.local/lib/python3.12/site-packages/airflow/operators/bash.py", line 234, in execute
    result = self.subprocess_hook.run_command(
             ^^^^^^^^^^^^^^^^^^^^^^^^^^^^^^^^^
  File "/home/airflow/.local/lib/python3.12/site-packages/airflow/hooks/subprocess.py", line 91, in run_command
    for raw_line in iter(self.sub_process.stdout.readline, b""):
  File "/home/airflow/.local/lib/python3.12/site-packages/airflow/models/taskinstance.py", line 2613, in signal_handler
    raise AirflowTaskTerminated("Task received SIGTERM signal")
airflow.exceptions.AirflowTaskTerminated: Task received SIGTERM signal
[2026-07-05T16:31:07.105+0000] {taskinstance.py:1206} INFO - Marking task as FAILED. dag_id=gold_dbt_dag, task_id=trigger_dbt_build, run_id=dataset_triggered__2026-07-05T15:31:26.089856+00:00, execution_date=20260705T153126, start_date=20260705T153127, end_date=20260705T163107
[2026-07-05T16:31:07.112+0000] {process_utils.py:80} INFO - Process psutil.Process(pid=51883, status='terminated', started='15:31:27') (51883) terminated with exit code None
[2026-07-05T16:31:07.145+0000] {process_utils.py:80} INFO - Process psutil.Process(pid=51868, status='terminated', exitcode=2, started='15:31:26') (51868) terminated with exit code 2
[2026-07-05T16:31:07.146+0000] {process_utils.py:80} INFO - Process psutil.Process(pid=51869, status='terminated', started='15:31:26') (51869) terminated with exit code None
