[2026-07-03T00:02:58.519+0000] {local_task_job_runner.py:120} INFO - ::group::Pre task execution logs
[2026-07-03T00:02:58.543+0000] {taskinstance.py:2076} INFO - Dependencies all met for dep_context=non-requeueable deps ti=<TaskInstance: gold_dbt_dag.trigger_dbt_build dataset_triggered__2026-07-03T00:02:57.634153+00:00 [queued]>
[2026-07-03T00:02:58.546+0000] {taskinstance.py:2076} INFO - Dependencies all met for dep_context=requeueable deps ti=<TaskInstance: gold_dbt_dag.trigger_dbt_build dataset_triggered__2026-07-03T00:02:57.634153+00:00 [queued]>
[2026-07-03T00:02:58.547+0000] {taskinstance.py:2306} INFO - Starting attempt 1 of 2
[2026-07-03T00:02:58.551+0000] {taskinstance.py:2330} INFO - Executing <Task(BashOperator): trigger_dbt_build> on 2026-07-03 00:02:57.634153+00:00
[2026-07-03T00:02:58.555+0000] {logging_mixin.py:188} WARNING - /home/***/.local/lib/python3.12/site-packages/***/task/task_runner/standard_task_runner.py:61 DeprecationWarning: This process (pid=98357) is multi-threaded, use of fork() may lead to deadlocks in the child.
[2026-07-03T00:02:58.555+0000] {standard_task_runner.py:63} INFO - Started process 98358 to run task
[2026-07-03T00:02:58.554+0000] {standard_task_runner.py:90} INFO - Running: ['***', 'tasks', 'run', 'gold_dbt_dag', 'trigger_dbt_build', 'dataset_triggered__2026-07-03T00:02:57.634153+00:00', '--job-id', '312', '--raw', '--subdir', 'DAGS_FOLDER/dag_gold_dbt.py', '--cfg-path', '/tmp/tmpwu6vo9tv']
[2026-07-03T00:02:58.556+0000] {standard_task_runner.py:91} INFO - Job 312: Subtask trigger_dbt_build
[2026-07-03T00:02:58.580+0000] {task_command.py:426} INFO - Running <TaskInstance: gold_dbt_dag.trigger_dbt_build dataset_triggered__2026-07-03T00:02:57.634153+00:00 [running]> on host bd23e89d97be
[2026-07-03T00:02:58.613+0000] {taskinstance.py:2648} INFO - Exporting env vars: AIRFLOW_CTX_DAG_OWNER='data_engineer' AIRFLOW_CTX_DAG_ID='gold_dbt_dag' AIRFLOW_CTX_TASK_ID='trigger_dbt_build' AIRFLOW_CTX_EXECUTION_DATE='2026-07-03T00:02:57.634153+00:00' AIRFLOW_CTX_TRY_NUMBER='1' AIRFLOW_CTX_DAG_RUN_ID='dataset_triggered__2026-07-03T00:02:57.634153+00:00'
[2026-07-03T00:02:58.613+0000] {taskinstance.py:430} INFO - ::endgroup::
[2026-07-03T00:02:58.620+0000] {subprocess.py:63} INFO - Tmp dir root location: /tmp
[2026-07-03T00:02:58.620+0000] {subprocess.py:75} INFO - Running command: ['/usr/bin/bash', '-c', 'cd /opt/***/dbt && dbt build --profiles-dir . --target dev']
[2026-07-03T00:02:58.624+0000] {subprocess.py:86} INFO - Output:
[2026-07-03T00:02:59.587+0000] {subprocess.py:93} INFO - [0m00:02:59  Running with dbt=1.11.11
[2026-07-03T00:03:00.093+0000] {subprocess.py:93} INFO - [0m00:03:00  Registered adapter: bigquery=1.11.3
[2026-07-03T00:03:00.305+0000] {subprocess.py:93} INFO - [0m00:03:00  Found 5 models, 4 sources, 553 macros
[2026-07-03T00:03:00.306+0000] {subprocess.py:93} INFO - [0m00:03:00
[2026-07-03T00:03:00.306+0000] {subprocess.py:93} INFO - [0m00:03:00  Concurrency: 4 threads (target='dev')
[2026-07-03T00:03:00.307+0000] {subprocess.py:93} INFO - [0m00:03:00
[2026-07-03T00:03:01.898+0000] {subprocess.py:93} INFO - [0m00:03:01  1 of 5 START sql table model logistics_mart.dim_drivers ........................ [RUN]
[2026-07-03T00:03:01.899+0000] {subprocess.py:93} INFO - [0m00:03:01  2 of 5 START sql table model logistics_mart.dim_hubs ........................... [RUN]
[2026-07-03T00:03:01.899+0000] {subprocess.py:93} INFO - [0m00:03:01  3 of 5 START sql view model logistics_mart.stg_shipments ....................... [RUN]
[2026-07-03T00:03:01.899+0000] {subprocess.py:93} INFO - [0m00:03:01  4 of 5 START sql view model logistics_mart.stg_weather ......................... [RUN]
[2026-07-03T00:03:03.955+0000] {subprocess.py:93} INFO - [0m00:03:03  3 of 5 OK created sql view model logistics_mart.stg_shipments .................. [[32mCREATE VIEW (0 processed)[0m in 2.05s]
[2026-07-03T00:03:04.036+0000] {subprocess.py:93} INFO - [0m00:03:04  4 of 5 OK created sql view model logistics_mart.stg_weather .................... [[32mCREATE VIEW (0 processed)[0m in 2.13s]
[2026-07-03T00:03:05.636+0000] {subprocess.py:93} INFO - [0m00:03:05  1 of 5 OK created sql table model logistics_mart.dim_drivers ................... [[32mCREATE TABLE (3.0 rows, 108.0 Bytes processed)[0m in 3.73s]
[2026-07-03T00:03:06.276+0000] {subprocess.py:93} INFO - [0m00:03:06  2 of 5 OK created sql table model logistics_mart.dim_hubs ...................... [[32mCREATE TABLE (3.0 rows, 149.0 Bytes processed)[0m in 4.37s]
[2026-07-03T00:03:06.279+0000] {subprocess.py:93} INFO - [0m00:03:06  5 of 5 START sql table model logistics_mart.fact_shipment_weather .............. [RUN]
[2026-07-03T00:03:10.160+0000] {subprocess.py:93} INFO - [0m00:03:10  5 of 5 OK created sql table model logistics_mart.fact_shipment_weather ......... [[32mCREATE TABLE (333.0 rows, 21.4 KiB processed)[0m in 3.88s]
[2026-07-03T00:03:10.207+0000] {subprocess.py:93} INFO - [0m00:03:10
[2026-07-03T00:03:10.207+0000] {subprocess.py:93} INFO - [0m00:03:10  Finished running 3 table models, 2 view models in 0 hours 0 minutes and 9.90 seconds (9.90s).
[2026-07-03T00:03:10.235+0000] {subprocess.py:93} INFO - [0m00:03:10
[2026-07-03T00:03:10.236+0000] {subprocess.py:93} INFO - [0m00:03:10  [32mCompleted successfully[0m
[2026-07-03T00:03:10.236+0000] {subprocess.py:93} INFO - [0m00:03:10
[2026-07-03T00:03:10.236+0000] {subprocess.py:93} INFO - [0m00:03:10  Done. PASS=5 WARN=0 ERROR=0 SKIP=0 NO-OP=0 TOTAL=5
[2026-07-03T00:03:11.892+0000] {subprocess.py:97} INFO - Command exited with return code 0
[2026-07-03T00:03:11.893+0000] {taskinstance.py:441} INFO - ::group::Post task execution logs
[2026-07-03T00:03:11.909+0000] {taskinstance.py:1206} INFO - Marking task as SUCCESS. dag_id=gold_dbt_dag, task_id=trigger_dbt_build, run_id=dataset_triggered__2026-07-03T00:02:57.634153+00:00, execution_date=20260703T000257, start_date=20260703T000258, end_date=20260703T000311
[2026-07-03T00:03:11.932+0000] {local_task_job_runner.py:240} INFO - Task exited with return code 0
[2026-07-03T00:03:11.940+0000] {taskinstance.py:3498} INFO - 0 downstream tasks scheduled from follow-on schedule check
[2026-07-03T00:03:11.941+0000] {local_task_job_runner.py:222} INFO - ::endgroup::
