[2026-07-04T14:30:08.318+0000] {local_task_job_runner.py:120} INFO - ::group::Pre task execution logs
[2026-07-04T14:30:08.402+0000] {taskinstance.py:2076} INFO - Dependencies all met for dep_context=non-requeueable deps ti=<TaskInstance: logistics_postgres_to_bq.push_to_bigquery dataset_triggered__2026-07-04T14:30:06.351467+00:00 [queued]>
[2026-07-04T14:30:08.411+0000] {taskinstance.py:2076} INFO - Dependencies all met for dep_context=requeueable deps ti=<TaskInstance: logistics_postgres_to_bq.push_to_bigquery dataset_triggered__2026-07-04T14:30:06.351467+00:00 [queued]>
[2026-07-04T14:30:08.414+0000] {taskinstance.py:2306} INFO - Starting attempt 1 of 1
[2026-07-04T14:30:08.428+0000] {taskinstance.py:2330} INFO - Executing <Task(PythonOperator): push_to_bigquery> on 2026-07-04 14:30:06.351467+00:00
[2026-07-04T14:30:08.442+0000] {logging_mixin.py:188} WARNING - /home/***/.local/lib/python3.12/site-packages/***/task/task_runner/standard_task_runner.py:61 DeprecationWarning: This process (pid=37088) is multi-threaded, use of fork() may lead to deadlocks in the child.
[2026-07-04T14:30:08.443+0000] {standard_task_runner.py:63} INFO - Started process 37131 to run task
[2026-07-04T14:30:08.442+0000] {standard_task_runner.py:90} INFO - Running: ['***', 'tasks', 'run', 'logistics_postgres_to_bq', 'push_to_bigquery', 'dataset_triggered__2026-07-04T14:30:06.351467+00:00', '--job-id', '544', '--raw', '--subdir', 'DAGS_FOLDER/dag_postgres_to_bq.py', '--cfg-path', '/tmp/tmpb9v68enm']
[2026-07-04T14:30:08.445+0000] {standard_task_runner.py:91} INFO - Job 544: Subtask push_to_bigquery
[2026-07-04T14:30:08.485+0000] {task_command.py:426} INFO - Running <TaskInstance: logistics_postgres_to_bq.push_to_bigquery dataset_triggered__2026-07-04T14:30:06.351467+00:00 [running]> on host bd23e89d97be
[2026-07-04T14:30:08.530+0000] {taskinstance.py:2648} INFO - Exporting env vars: AIRFLOW_CTX_DAG_OWNER='***' AIRFLOW_CTX_DAG_ID='logistics_postgres_to_bq' AIRFLOW_CTX_TASK_ID='push_to_bigquery' AIRFLOW_CTX_EXECUTION_DATE='2026-07-04T14:30:06.351467+00:00' AIRFLOW_CTX_TRY_NUMBER='1' AIRFLOW_CTX_DAG_RUN_ID='dataset_triggered__2026-07-04T14:30:06.351467+00:00'
[2026-07-04T14:30:08.531+0000] {taskinstance.py:430} INFO - ::endgroup::
[2026-07-04T14:30:09.318+0000] {logging_mixin.py:188} WARNING - /opt/***/dags/dag_postgres_to_bq.py:34 UserWarning: pandas only supports SQLAlchemy connectable (engine/connection) or database string URI or sqlite3 DBAPI2 connection. Other DBAPI2 objects are not tested. Please consider using SQLAlchemy.
[2026-07-04T15:51:59.600+0000] {local_task_job_runner.py:310} WARNING - State of this instance has been externally set to failed. Terminating instance.
[2026-07-04T15:51:59.604+0000] {local_task_job_runner.py:222} INFO - ::endgroup::
[2026-07-04T15:51:59.605+0000] {process_utils.py:132} INFO - Sending 15 to group 37131. PIDs of all processes in the group: [37131]
[2026-07-04T15:51:59.605+0000] {process_utils.py:87} INFO - Sending the signal 15 to group 37131
[2026-07-04T15:51:59.606+0000] {taskinstance.py:2611} ERROR - Received SIGTERM. Terminating subprocesses.
[2026-07-04T15:51:59.611+0000] {taskinstance.py:441} INFO - ::group::Post task execution logs
[2026-07-04T15:51:59.666+0000] {process_utils.py:80} INFO - Process psutil.Process(pid=37131, status='terminated', exitcode=0, started='14:30:08') (37131) terminated with exit code 0
