[2026-07-02T03:00:18.531+0000] {local_task_job_runner.py:120} INFO - ::group::Pre task execution logs
[2026-07-02T03:00:18.553+0000] {taskinstance.py:2076} INFO - Dependencies all met for dep_context=non-requeueable deps ti=<TaskInstance: gold_dbt_dag.trigger_dbt_build dataset_triggered__2026-07-01T23:47:21.557046+00:00 [queued]>
[2026-07-02T03:00:18.557+0000] {taskinstance.py:2076} INFO - Dependencies all met for dep_context=requeueable deps ti=<TaskInstance: gold_dbt_dag.trigger_dbt_build dataset_triggered__2026-07-01T23:47:21.557046+00:00 [queued]>
[2026-07-02T03:00:18.557+0000] {taskinstance.py:2306} INFO - Starting attempt 2 of 2
[2026-07-02T03:00:18.565+0000] {taskinstance.py:2330} INFO - Executing <Task(BashOperator): trigger_dbt_build> on 2026-07-01 23:47:21.557046+00:00
[2026-07-02T03:00:18.573+0000] {standard_task_runner.py:90} INFO - Running: ['***', 'tasks', 'run', 'gold_dbt_dag', 'trigger_dbt_build', 'dataset_triggered__2026-07-01T23:47:21.557046+00:00', '--job-id', '157', '--raw', '--subdir', 'DAGS_FOLDER/dag_gold_dbt.py', '--cfg-path', '/tmp/tmp5glsi8xl']
[2026-07-02T03:00:18.576+0000] {standard_task_runner.py:91} INFO - Job 157: Subtask trigger_dbt_build
[2026-07-02T03:00:18.577+0000] {logging_mixin.py:188} WARNING - /home/***/.local/lib/python3.12/site-packages/***/task/task_runner/standard_task_runner.py:61 DeprecationWarning: This process (pid=43963) is multi-threaded, use of fork() may lead to deadlocks in the child.
[2026-07-02T03:00:18.578+0000] {standard_task_runner.py:63} INFO - Started process 43975 to run task
[2026-07-02T03:00:18.601+0000] {task_command.py:426} INFO - Running <TaskInstance: gold_dbt_dag.trigger_dbt_build dataset_triggered__2026-07-01T23:47:21.557046+00:00 [running]> on host bd23e89d97be
[2026-07-02T03:00:18.645+0000] {taskinstance.py:2648} INFO - Exporting env vars: AIRFLOW_CTX_DAG_OWNER='data_engineer' AIRFLOW_CTX_DAG_ID='gold_dbt_dag' AIRFLOW_CTX_TASK_ID='trigger_dbt_build' AIRFLOW_CTX_EXECUTION_DATE='2026-07-01T23:47:21.557046+00:00' AIRFLOW_CTX_TRY_NUMBER='2' AIRFLOW_CTX_DAG_RUN_ID='dataset_triggered__2026-07-01T23:47:21.557046+00:00'
[2026-07-02T03:00:18.646+0000] {taskinstance.py:430} INFO - ::endgroup::
[2026-07-02T03:00:18.657+0000] {subprocess.py:63} INFO - Tmp dir root location: /tmp
[2026-07-02T03:00:18.659+0000] {subprocess.py:75} INFO - Running command: ['/usr/bin/bash', '-c', 'cd /opt/***/dbt && dbt build --profiles-dir . --target dev']
[2026-07-02T03:00:18.667+0000] {subprocess.py:86} INFO - Output:
[2026-07-02T03:00:20.082+0000] {subprocess.py:93} INFO - [0m03:00:20  Running with dbt=1.11.11
[2026-07-02T03:00:20.668+0000] {subprocess.py:93} INFO - [0m03:00:20  Registered adapter: bigquery=1.11.3
[2026-07-02T03:00:20.918+0000] {subprocess.py:93} INFO - [0m03:00:20  Found 5 models, 4 sources, 553 macros
[2026-07-02T03:00:20.920+0000] {subprocess.py:93} INFO - [0m03:00:20
[2026-07-02T03:00:20.920+0000] {subprocess.py:93} INFO - [0m03:00:20  Concurrency: 4 threads (target='dev')
[2026-07-02T03:00:20.920+0000] {subprocess.py:93} INFO - [0m03:00:20
[2026-07-02T03:00:22.850+0000] {subprocess.py:93} INFO - [0m03:00:22  1 of 5 START sql table model logistics_mart.dim_drivers ........................ [RUN]
[2026-07-02T03:00:22.850+0000] {subprocess.py:93} INFO - [0m03:00:22  2 of 5 START sql table model logistics_mart.dim_hubs ........................... [RUN]
[2026-07-02T03:00:22.851+0000] {subprocess.py:93} INFO - [0m03:00:22  3 of 5 START sql view model logistics_mart.stg_shipments ....................... [RUN]
[2026-07-02T03:00:22.851+0000] {subprocess.py:93} INFO - [0m03:00:22  4 of 5 START sql view model logistics_mart.stg_weather ......................... [RUN]
[2026-07-02T03:00:24.847+0000] {subprocess.py:93} INFO - [0m03:00:24  4 of 5 OK created sql view model logistics_mart.stg_weather .................... [[32mCREATE VIEW (0 processed)[0m in 1.99s]
[2026-07-02T03:00:24.847+0000] {subprocess.py:93} INFO - [0m03:00:24  3 of 5 OK created sql view model logistics_mart.stg_shipments .................. [[32mCREATE VIEW (0 processed)[0m in 1.99s]
[2026-07-02T03:00:27.245+0000] {subprocess.py:93} INFO - [0m03:00:27  1 of 5 OK created sql table model logistics_mart.dim_drivers ................... [[32mCREATE TABLE (3.0 rows, 108.0 Bytes processed)[0m in 4.39s]
[2026-07-02T03:00:31.229+0000] {subprocess.py:93} INFO - [0m03:00:31  2 of 5 OK created sql table model logistics_mart.dim_hubs ...................... [[32mCREATE TABLE (3.0 rows, 149.0 Bytes processed)[0m in 8.37s]
[2026-07-02T03:00:31.233+0000] {subprocess.py:93} INFO - [0m03:00:31  5 of 5 START sql table model logistics_mart.fact_shipment_weather .............. [RUN]
[2026-07-02T03:00:35.939+0000] {subprocess.py:93} INFO - [0m03:00:35  5 of 5 OK created sql table model logistics_mart.fact_shipment_weather ......... [[32mCREATE TABLE (175.0 rows, 11.4 KiB processed)[0m in 4.69s]
[2026-07-02T03:00:36.039+0000] {subprocess.py:93} INFO - [0m03:00:36
[2026-07-02T03:00:36.041+0000] {subprocess.py:93} INFO - [0m03:00:36  Finished running 3 table models, 2 view models in 0 hours 0 minutes and 15.11 seconds (15.11s).
[2026-07-02T03:00:36.199+0000] {subprocess.py:93} INFO - [0m03:00:36
[2026-07-02T03:00:36.201+0000] {subprocess.py:93} INFO - [0m03:00:36  [32mCompleted successfully[0m
[2026-07-02T03:00:36.203+0000] {subprocess.py:93} INFO - [0m03:00:36
[2026-07-02T03:00:36.204+0000] {subprocess.py:93} INFO - [0m03:00:36  Done. PASS=5 WARN=0 ERROR=0 SKIP=0 NO-OP=0 TOTAL=5
[2026-07-02T03:00:38.211+0000] {subprocess.py:97} INFO - Command exited with return code 0
[2026-07-02T03:00:38.219+0000] {taskinstance.py:441} INFO - ::group::Post task execution logs
[2026-07-02T03:00:38.258+0000] {taskinstance.py:1206} INFO - Marking task as SUCCESS. dag_id=gold_dbt_dag, task_id=trigger_dbt_build, run_id=dataset_triggered__2026-07-01T23:47:21.557046+00:00, execution_date=20260701T234721, start_date=20260702T030018, end_date=20260702T030038
[2026-07-02T03:00:38.279+0000] {local_task_job_runner.py:240} INFO - Task exited with return code 0
[2026-07-02T03:00:38.291+0000] {taskinstance.py:3498} INFO - 0 downstream tasks scheduled from follow-on schedule check
[2026-07-02T03:00:38.291+0000] {local_task_job_runner.py:222} INFO - ::endgroup::
