[2026-07-01T23:47:22.490+0000] {local_task_job_runner.py:120} INFO - ::group::Pre task execution logs
[2026-07-01T23:47:22.748+0000] {taskinstance.py:2076} INFO - Dependencies all met for dep_context=non-requeueable deps ti=<TaskInstance: gold_dbt_dag.trigger_dbt_build dataset_triggered__2026-07-01T23:47:21.557046+00:00 [queued]>
[2026-07-01T23:47:22.760+0000] {taskinstance.py:2076} INFO - Dependencies all met for dep_context=requeueable deps ti=<TaskInstance: gold_dbt_dag.trigger_dbt_build dataset_triggered__2026-07-01T23:47:21.557046+00:00 [queued]>
[2026-07-01T23:47:22.761+0000] {taskinstance.py:2306} INFO - Starting attempt 1 of 2
[2026-07-01T23:47:22.794+0000] {taskinstance.py:2330} INFO - Executing <Task(BashOperator): trigger_dbt_build> on 2026-07-01 23:47:21.557046+00:00
[2026-07-01T23:47:22.861+0000] {standard_task_runner.py:90} INFO - Running: ['***', 'tasks', 'run', 'gold_dbt_dag', 'trigger_dbt_build', 'dataset_triggered__2026-07-01T23:47:21.557046+00:00', '--job-id', '130', '--raw', '--subdir', 'DAGS_FOLDER/dag_gold_dbt.py', '--cfg-path', '/tmp/tmp9pdd0mh8']
[2026-07-01T23:47:22.869+0000] {logging_mixin.py:188} WARNING - /home/***/.local/lib/python3.12/site-packages/***/task/task_runner/standard_task_runner.py:61 DeprecationWarning: This process (pid=41361) is multi-threaded, use of fork() may lead to deadlocks in the child.
[2026-07-01T23:47:22.869+0000] {standard_task_runner.py:91} INFO - Job 130: Subtask trigger_dbt_build
[2026-07-01T23:47:22.869+0000] {standard_task_runner.py:63} INFO - Started process 41362 to run task
[2026-07-01T23:47:22.997+0000] {task_command.py:426} INFO - Running <TaskInstance: gold_dbt_dag.trigger_dbt_build dataset_triggered__2026-07-01T23:47:21.557046+00:00 [running]> on host bd23e89d97be
[2026-07-01T23:47:23.165+0000] {taskinstance.py:2648} INFO - Exporting env vars: AIRFLOW_CTX_DAG_OWNER='data_engineer' AIRFLOW_CTX_DAG_ID='gold_dbt_dag' AIRFLOW_CTX_TASK_ID='trigger_dbt_build' AIRFLOW_CTX_EXECUTION_DATE='2026-07-01T23:47:21.557046+00:00' AIRFLOW_CTX_TRY_NUMBER='1' AIRFLOW_CTX_DAG_RUN_ID='dataset_triggered__2026-07-01T23:47:21.557046+00:00'
[2026-07-01T23:47:23.167+0000] {taskinstance.py:430} INFO - ::endgroup::
[2026-07-01T23:47:23.209+0000] {subprocess.py:63} INFO - Tmp dir root location: /tmp
[2026-07-01T23:47:23.211+0000] {subprocess.py:75} INFO - Running command: ['/usr/bin/bash', '-c', 'cd /opt/***/dbt && dbt build --profiles-dir . --target dev']
[2026-07-01T23:47:23.219+0000] {subprocess.py:86} INFO - Output:
[2026-07-01T23:47:24.953+0000] {subprocess.py:93} INFO - [0m23:47:24  Running with dbt=1.11.11
[2026-07-01T23:47:26.563+0000] {subprocess.py:93} INFO - [0m23:47:26  Registered adapter: bigquery=1.11.3
[2026-07-01T23:47:26.963+0000] {subprocess.py:93} INFO - [0m23:47:26  Found 5 models, 4 sources, 553 macros
[2026-07-01T23:47:26.964+0000] {subprocess.py:93} INFO - [0m23:47:26
[2026-07-01T23:47:26.964+0000] {subprocess.py:93} INFO - [0m23:47:26  Concurrency: 4 threads (target='dev')
[2026-07-01T23:47:26.965+0000] {subprocess.py:93} INFO - [0m23:47:26
[2026-07-01T23:47:28.642+0000] {subprocess.py:93} INFO - [0m23:47:28  1 of 5 START sql table model logistics_mart.dim_drivers ........................ [RUN]
[2026-07-01T23:47:28.644+0000] {subprocess.py:93} INFO - [0m23:47:28  2 of 5 START sql table model logistics_mart.dim_hubs ........................... [RUN]
[2026-07-01T23:47:28.645+0000] {subprocess.py:93} INFO - [0m23:47:28  3 of 5 START sql view model logistics_mart.stg_shipments ....................... [RUN]
[2026-07-01T23:47:28.645+0000] {subprocess.py:93} INFO - [0m23:47:28  4 of 5 START sql view model logistics_mart.stg_weather ......................... [RUN]
[2026-07-01T23:47:30.824+0000] {subprocess.py:93} INFO - [0m23:47:30  4 of 5 OK created sql view model logistics_mart.stg_weather .................... [[32mCREATE VIEW (0 processed)[0m in 2.18s]
[2026-07-01T23:47:30.849+0000] {subprocess.py:93} INFO - [0m23:47:30  3 of 5 OK created sql view model logistics_mart.stg_shipments .................. [[32mCREATE VIEW (0 processed)[0m in 2.20s]
[2026-07-02T02:47:57.409+0000] {subprocess.py:93} INFO - [0m02:47:57  1 of 5 ERROR creating sql table model logistics_mart.dim_drivers ............... [[31mERROR[0m in 10828.64s]
[2026-07-02T02:47:57.588+0000] {subprocess.py:93} INFO - [0m02:47:57  2 of 5 ERROR creating sql table model logistics_mart.dim_hubs .................. [[31mERROR[0m in 10828.66s]
[2026-07-02T02:47:57.651+0000] {subprocess.py:93} INFO - [0m02:47:57  5 of 5 SKIP relation logistics_mart.fact_shipment_weather ...................... [[33mSKIP[0m]
[2026-07-02T02:47:57.840+0000] {subprocess.py:93} INFO - [0m02:47:57
[2026-07-02T02:47:57.841+0000] {subprocess.py:93} INFO - [0m02:47:57  Finished running 3 table models, 2 view models in 3 hours 0 minutes and 30.87 seconds (10830.87s).
[2026-07-02T02:47:58.018+0000] {subprocess.py:93} INFO - [0m02:47:58
[2026-07-02T02:47:58.018+0000] {subprocess.py:93} INFO - [0m02:47:58  [31mCompleted with 2 errors, 0 partial successes, and 0 warnings:[0m
[2026-07-02T02:47:58.019+0000] {subprocess.py:93} INFO - [0m02:47:58
[2026-07-02T02:47:58.020+0000] {subprocess.py:93} INFO - [0m02:47:58  [31mFailure in model dim_drivers (models/mart/dim_drivers.sql)[0m
[2026-07-02T02:47:58.021+0000] {subprocess.py:93} INFO - [0m02:47:58    Database Error in model dim_drivers (models/mart/dim_drivers.sql)
[2026-07-02T02:47:58.022+0000] {subprocess.py:93} INFO -   ('Connection aborted.', RemoteDisconnected('Remote end closed connection without response'))
[2026-07-02T02:47:58.022+0000] {subprocess.py:93} INFO -   compiled code at target/run/logistics_lakehouse/models/mart/dim_drivers.sql
[2026-07-02T02:47:58.023+0000] {subprocess.py:93} INFO - [0m02:47:58
[2026-07-02T02:47:58.023+0000] {subprocess.py:93} INFO - [0m02:47:58    compiled code at target/compiled/logistics_lakehouse/models/mart/dim_drivers.sql
[2026-07-02T02:47:58.024+0000] {subprocess.py:93} INFO - [0m02:47:58
[2026-07-02T02:47:58.024+0000] {subprocess.py:93} INFO - [0m02:47:58  [31mFailure in model dim_hubs (models/mart/dim_hubs.sql)[0m
[2026-07-02T02:47:58.025+0000] {subprocess.py:93} INFO - [0m02:47:58    Database Error in model dim_hubs (models/mart/dim_hubs.sql)
[2026-07-02T02:47:58.025+0000] {subprocess.py:93} INFO -   ('Connection aborted.', RemoteDisconnected('Remote end closed connection without response'))
[2026-07-02T02:47:58.026+0000] {subprocess.py:93} INFO -   compiled code at target/run/logistics_lakehouse/models/mart/dim_hubs.sql
[2026-07-02T02:47:58.027+0000] {subprocess.py:93} INFO - [0m02:47:58
[2026-07-02T02:47:58.028+0000] {subprocess.py:93} INFO - [0m02:47:58    compiled code at target/compiled/logistics_lakehouse/models/mart/dim_hubs.sql
[2026-07-02T02:47:58.028+0000] {subprocess.py:93} INFO - [0m02:47:58
[2026-07-02T02:47:58.029+0000] {subprocess.py:93} INFO - [0m02:47:58  Done. PASS=2 WARN=0 ERROR=2 SKIP=1 NO-OP=0 TOTAL=5
[2026-07-02T02:58:17.615+0000] {subprocess.py:97} INFO - Command exited with return code 1
[2026-07-02T02:58:17.620+0000] {taskinstance.py:441} INFO - ::group::Post task execution logs
[2026-07-02T02:58:17.664+0000] {taskinstance.py:2905} ERROR - Task failed with exception
Traceback (most recent call last):
  File "/home/airflow/.local/lib/python3.12/site-packages/airflow/models/taskinstance.py", line 465, in _execute_task
    result = _execute_callable(context=context, **execute_callable_kwargs)
             ^^^^^^^^^^^^^^^^^^^^^^^^^^^^^^^^^^^^^^^^^^^^^^^^^^^^^^^^^^^^^
  File "/home/airflow/.local/lib/python3.12/site-packages/airflow/models/taskinstance.py", line 432, in _execute_callable
    return execute_callable(context=context, **execute_callable_kwargs)
           ^^^^^^^^^^^^^^^^^^^^^^^^^^^^^^^^^^^^^^^^^^^^^^^^^^^^^^^^^^^^
  File "/home/airflow/.local/lib/python3.12/site-packages/airflow/models/baseoperator.py", line 400, in wrapper
    return func(self, *args, **kwargs)
           ^^^^^^^^^^^^^^^^^^^^^^^^^^^
  File "/home/airflow/.local/lib/python3.12/site-packages/airflow/operators/bash.py", line 243, in execute
    raise AirflowException(
airflow.exceptions.AirflowException: Bash command failed. The command returned a non-zero exit code 1.
[2026-07-02T02:58:17.677+0000] {taskinstance.py:1206} INFO - Marking task as UP_FOR_RETRY. dag_id=gold_dbt_dag, task_id=trigger_dbt_build, run_id=dataset_triggered__2026-07-01T23:47:21.557046+00:00, execution_date=20260701T234721, start_date=20260701T234722, end_date=20260702T025817
[2026-07-02T02:58:17.742+0000] {standard_task_runner.py:110} ERROR - Failed to execute job 130 for task trigger_dbt_build (Bash command failed. The command returned a non-zero exit code 1.; 41362)
[2026-07-02T02:58:17.910+0000] {local_task_job_runner.py:240} INFO - Task exited with return code 1
[2026-07-02T02:58:17.996+0000] {taskinstance.py:3498} INFO - 0 downstream tasks scheduled from follow-on schedule check
[2026-07-02T02:58:18.021+0000] {local_task_job_runner.py:222} INFO - ::endgroup::
