[2026-07-13T00:32:47.863+0000] {processor.py:161} INFO - Started process (PID=46857) to work on /opt/airflow/dags/dag_shipment_sim.py
[2026-07-13T00:32:47.864+0000] {processor.py:830} INFO - Processing file /opt/airflow/dags/dag_shipment_sim.py for tasks to queue
[2026-07-13T00:32:47.865+0000] {logging_mixin.py:188} INFO - [2026-07-13T00:32:47.865+0000] {dagbag.py:545} INFO - Filling up the DagBag from /opt/airflow/dags/dag_shipment_sim.py
[2026-07-13T00:32:47.873+0000] {processor.py:840} INFO - DAG(s) 'dag_shipment_sim' retrieved from /opt/airflow/dags/dag_shipment_sim.py
[2026-07-13T00:32:47.883+0000] {logging_mixin.py:188} INFO - [2026-07-13T00:32:47.883+0000] {dag.py:3096} INFO - Sync 1 DAGs
[2026-07-13T00:32:47.892+0000] {logging_mixin.py:188} INFO - [2026-07-13T00:32:47.892+0000] {dag.py:3954} INFO - Setting next_dagrun for dag_shipment_sim to 2026-07-13 00:00:00+00:00, run_after=2026-07-13 01:00:00+00:00
[2026-07-13T00:32:47.900+0000] {processor.py:183} INFO - Processing /opt/airflow/dags/dag_shipment_sim.py took 0.040 seconds
[2026-07-13T01:46:28.946+0000] {processor.py:161} INFO - Started process (PID=47146) to work on /opt/airflow/dags/dag_shipment_sim.py
[2026-07-13T01:46:28.946+0000] {processor.py:830} INFO - Processing file /opt/airflow/dags/dag_shipment_sim.py for tasks to queue
[2026-07-13T01:46:28.947+0000] {logging_mixin.py:188} INFO - [2026-07-13T01:46:28.947+0000] {dagbag.py:545} INFO - Filling up the DagBag from /opt/airflow/dags/dag_shipment_sim.py
[2026-07-13T01:46:28.955+0000] {processor.py:840} INFO - DAG(s) 'dag_shipment_sim' retrieved from /opt/airflow/dags/dag_shipment_sim.py
[2026-07-13T01:46:28.966+0000] {logging_mixin.py:188} INFO - [2026-07-13T01:46:28.966+0000] {dag.py:3096} INFO - Sync 1 DAGs
[2026-07-13T01:46:28.974+0000] {logging_mixin.py:188} INFO - [2026-07-13T01:46:28.974+0000] {dag.py:3954} INFO - Setting next_dagrun for dag_shipment_sim to 2026-07-13 00:00:00+00:00, run_after=2026-07-13 01:00:00+00:00
[2026-07-13T01:46:28.982+0000] {processor.py:183} INFO - Processing /opt/airflow/dags/dag_shipment_sim.py took 0.039 seconds
[2026-07-13T02:21:31.977+0000] {processor.py:161} INFO - Started process (PID=47442) to work on /opt/airflow/dags/dag_shipment_sim.py
[2026-07-13T02:21:31.979+0000] {processor.py:830} INFO - Processing file /opt/airflow/dags/dag_shipment_sim.py for tasks to queue
[2026-07-13T02:21:31.982+0000] {logging_mixin.py:188} INFO - [2026-07-13T02:21:31.981+0000] {dagbag.py:545} INFO - Filling up the DagBag from /opt/airflow/dags/dag_shipment_sim.py
[2026-07-13T02:21:32.004+0000] {processor.py:840} INFO - DAG(s) 'dag_shipment_sim' retrieved from /opt/airflow/dags/dag_shipment_sim.py
[2026-07-13T02:21:32.035+0000] {logging_mixin.py:188} INFO - [2026-07-13T02:21:32.034+0000] {taskinstance.py:2907} ERROR - {'DAG Id': 'dag_shipment_sim', 'Task Id': 'generate_data', 'Run Id': 'scheduled__2026-07-12T22:00:00+00:00', 'Hostname': 'ad4e12f53b08'}
[2026-07-13T02:21:32.058+0000] {logging_mixin.py:188} INFO - [2026-07-13T02:21:32.058+0000] {taskinstance.py:1206} INFO - Marking task as FAILED. dag_id=dag_shipment_sim, task_id=generate_data, run_id=scheduled__2026-07-12T22:00:00+00:00, execution_date=20260712T220000, start_date=20260712T233230, end_date=20260713T022132
[2026-07-13T02:21:32.073+0000] {processor.py:791} INFO - Executed failure callback for <TaskInstance: dag_shipment_sim.generate_data scheduled__2026-07-12T22:00:00+00:00 [failed]> in state failed
[2026-07-13T02:21:32.078+0000] {logging_mixin.py:188} INFO - [2026-07-13T02:21:32.078+0000] {taskinstance.py:2907} ERROR - {'DAG Id': 'dag_shipment_sim', 'Task Id': 'generate_data', 'Run Id': 'scheduled__2026-07-12T23:00:00+00:00', 'Hostname': 'ad4e12f53b08'}
[2026-07-13T02:21:32.092+0000] {logging_mixin.py:188} INFO - [2026-07-13T02:21:32.091+0000] {taskinstance.py:1206} INFO - Marking task as FAILED. dag_id=dag_shipment_sim, task_id=generate_data, run_id=scheduled__2026-07-12T23:00:00+00:00, execution_date=20260712T230000, start_date=20260713T003247, end_date=20260713T022132
[2026-07-13T02:21:32.099+0000] {processor.py:791} INFO - Executed failure callback for <TaskInstance: dag_shipment_sim.generate_data scheduled__2026-07-12T23:00:00+00:00 [failed]> in state failed
[2026-07-13T02:21:32.103+0000] {logging_mixin.py:188} INFO - [2026-07-13T02:21:32.103+0000] {taskinstance.py:2907} ERROR - {'DAG Id': 'dag_shipment_sim', 'Task Id': 'generate_data', 'Run Id': 'scheduled__2026-07-13T00:00:00+00:00', 'Hostname': 'ad4e12f53b08'}
[2026-07-13T02:21:32.114+0000] {logging_mixin.py:188} INFO - [2026-07-13T02:21:32.114+0000] {taskinstance.py:1206} INFO - Marking task as FAILED. dag_id=dag_shipment_sim, task_id=generate_data, run_id=scheduled__2026-07-13T00:00:00+00:00, execution_date=20260713T000000, start_date=20260713T014629, end_date=20260713T022132
[2026-07-13T02:21:32.119+0000] {processor.py:791} INFO - Executed failure callback for <TaskInstance: dag_shipment_sim.generate_data scheduled__2026-07-13T00:00:00+00:00 [failed]> in state failed
[2026-07-13T02:21:32.144+0000] {logging_mixin.py:188} INFO - [2026-07-13T02:21:32.144+0000] {dag.py:3096} INFO - Sync 1 DAGs
[2026-07-13T02:21:32.165+0000] {logging_mixin.py:188} INFO - [2026-07-13T02:21:32.164+0000] {dag.py:3954} INFO - Setting next_dagrun for dag_shipment_sim to 2026-07-13 02:00:00+00:00, run_after=2026-07-13 03:00:00+00:00
[2026-07-13T02:21:32.193+0000] {processor.py:183} INFO - Processing /opt/airflow/dags/dag_shipment_sim.py took 0.224 seconds
[2026-07-13T02:22:02.368+0000] {processor.py:161} INFO - Started process (PID=48037) to work on /opt/airflow/dags/dag_shipment_sim.py
[2026-07-13T02:22:02.369+0000] {processor.py:830} INFO - Processing file /opt/airflow/dags/dag_shipment_sim.py for tasks to queue
[2026-07-13T02:22:02.370+0000] {logging_mixin.py:188} INFO - [2026-07-13T02:22:02.370+0000] {dagbag.py:545} INFO - Filling up the DagBag from /opt/airflow/dags/dag_shipment_sim.py
[2026-07-13T02:22:02.383+0000] {processor.py:840} INFO - DAG(s) 'dag_shipment_sim' retrieved from /opt/airflow/dags/dag_shipment_sim.py
[2026-07-13T02:22:02.404+0000] {logging_mixin.py:188} INFO - [2026-07-13T02:22:02.403+0000] {dag.py:3096} INFO - Sync 1 DAGs
[2026-07-13T02:22:02.422+0000] {logging_mixin.py:188} INFO - [2026-07-13T02:22:02.422+0000] {dag.py:3954} INFO - Setting next_dagrun for dag_shipment_sim to 2026-07-13 02:00:00+00:00, run_after=2026-07-13 03:00:00+00:00
[2026-07-13T02:22:02.437+0000] {processor.py:183} INFO - Processing /opt/airflow/dags/dag_shipment_sim.py took 0.074 seconds
[2026-07-13T02:22:39.282+0000] {processor.py:161} INFO - Started process (PID=48096) to work on /opt/airflow/dags/dag_shipment_sim.py
[2026-07-13T02:22:39.282+0000] {processor.py:830} INFO - Processing file /opt/airflow/dags/dag_shipment_sim.py for tasks to queue
[2026-07-13T02:22:39.283+0000] {logging_mixin.py:188} INFO - [2026-07-13T02:22:39.283+0000] {dagbag.py:545} INFO - Filling up the DagBag from /opt/airflow/dags/dag_shipment_sim.py
[2026-07-13T02:22:39.294+0000] {processor.py:840} INFO - DAG(s) 'dag_shipment_sim' retrieved from /opt/airflow/dags/dag_shipment_sim.py
[2026-07-13T02:22:39.308+0000] {logging_mixin.py:188} INFO - [2026-07-13T02:22:39.308+0000] {dag.py:3096} INFO - Sync 1 DAGs
[2026-07-13T02:22:39.319+0000] {logging_mixin.py:188} INFO - [2026-07-13T02:22:39.318+0000] {dag.py:3954} INFO - Setting next_dagrun for dag_shipment_sim to 2026-07-13 02:00:00+00:00, run_after=2026-07-13 03:00:00+00:00
[2026-07-13T02:22:39.328+0000] {processor.py:183} INFO - Processing /opt/airflow/dags/dag_shipment_sim.py took 0.050 seconds
[2026-07-13T02:23:10.520+0000] {processor.py:161} INFO - Started process (PID=48133) to work on /opt/airflow/dags/dag_shipment_sim.py
[2026-07-13T02:23:10.522+0000] {processor.py:830} INFO - Processing file /opt/airflow/dags/dag_shipment_sim.py for tasks to queue
[2026-07-13T02:23:10.528+0000] {logging_mixin.py:188} INFO - [2026-07-13T02:23:10.527+0000] {dagbag.py:545} INFO - Filling up the DagBag from /opt/airflow/dags/dag_shipment_sim.py
[2026-07-13T02:23:10.555+0000] {processor.py:840} INFO - DAG(s) 'dag_shipment_sim' retrieved from /opt/airflow/dags/dag_shipment_sim.py
[2026-07-13T02:23:10.568+0000] {logging_mixin.py:188} INFO - [2026-07-13T02:23:10.568+0000] {dag.py:3096} INFO - Sync 1 DAGs
[2026-07-13T02:23:10.578+0000] {logging_mixin.py:188} INFO - [2026-07-13T02:23:10.578+0000] {dag.py:3954} INFO - Setting next_dagrun for dag_shipment_sim to 2026-07-13 02:00:00+00:00, run_after=2026-07-13 03:00:00+00:00
[2026-07-13T02:23:10.592+0000] {processor.py:183} INFO - Processing /opt/airflow/dags/dag_shipment_sim.py took 0.076 seconds
[2026-07-13T02:23:41.675+0000] {processor.py:161} INFO - Started process (PID=48170) to work on /opt/airflow/dags/dag_shipment_sim.py
[2026-07-13T02:23:41.678+0000] {processor.py:830} INFO - Processing file /opt/airflow/dags/dag_shipment_sim.py for tasks to queue
[2026-07-13T02:23:41.679+0000] {logging_mixin.py:188} INFO - [2026-07-13T02:23:41.679+0000] {dagbag.py:545} INFO - Filling up the DagBag from /opt/airflow/dags/dag_shipment_sim.py
[2026-07-13T02:23:41.697+0000] {processor.py:840} INFO - DAG(s) 'dag_shipment_sim' retrieved from /opt/airflow/dags/dag_shipment_sim.py
[2026-07-13T02:23:41.712+0000] {logging_mixin.py:188} INFO - [2026-07-13T02:23:41.712+0000] {dag.py:3096} INFO - Sync 1 DAGs
[2026-07-13T02:23:41.739+0000] {logging_mixin.py:188} INFO - [2026-07-13T02:23:41.739+0000] {dag.py:3954} INFO - Setting next_dagrun for dag_shipment_sim to 2026-07-13 02:00:00+00:00, run_after=2026-07-13 03:00:00+00:00
[2026-07-13T02:23:41.786+0000] {processor.py:183} INFO - Processing /opt/airflow/dags/dag_shipment_sim.py took 0.119 seconds
[2026-07-13T02:24:12.806+0000] {processor.py:161} INFO - Started process (PID=48207) to work on /opt/airflow/dags/dag_shipment_sim.py
[2026-07-13T02:24:12.808+0000] {processor.py:830} INFO - Processing file /opt/airflow/dags/dag_shipment_sim.py for tasks to queue
[2026-07-13T02:24:12.809+0000] {logging_mixin.py:188} INFO - [2026-07-13T02:24:12.809+0000] {dagbag.py:545} INFO - Filling up the DagBag from /opt/airflow/dags/dag_shipment_sim.py
[2026-07-13T02:24:12.826+0000] {processor.py:840} INFO - DAG(s) 'dag_shipment_sim' retrieved from /opt/airflow/dags/dag_shipment_sim.py
[2026-07-13T02:24:12.844+0000] {logging_mixin.py:188} INFO - [2026-07-13T02:24:12.844+0000] {dag.py:3096} INFO - Sync 1 DAGs
[2026-07-13T02:24:12.856+0000] {logging_mixin.py:188} INFO - [2026-07-13T02:24:12.856+0000] {dag.py:3954} INFO - Setting next_dagrun for dag_shipment_sim to 2026-07-13 02:00:00+00:00, run_after=2026-07-13 03:00:00+00:00
[2026-07-13T02:24:12.866+0000] {processor.py:183} INFO - Processing /opt/airflow/dags/dag_shipment_sim.py took 0.066 seconds
[2026-07-13T02:24:43.826+0000] {processor.py:161} INFO - Started process (PID=48244) to work on /opt/airflow/dags/dag_shipment_sim.py
[2026-07-13T02:24:43.827+0000] {processor.py:830} INFO - Processing file /opt/airflow/dags/dag_shipment_sim.py for tasks to queue
[2026-07-13T02:24:43.828+0000] {logging_mixin.py:188} INFO - [2026-07-13T02:24:43.828+0000] {dagbag.py:545} INFO - Filling up the DagBag from /opt/airflow/dags/dag_shipment_sim.py
[2026-07-13T02:24:43.844+0000] {processor.py:840} INFO - DAG(s) 'dag_shipment_sim' retrieved from /opt/airflow/dags/dag_shipment_sim.py
[2026-07-13T02:24:43.870+0000] {logging_mixin.py:188} INFO - [2026-07-13T02:24:43.870+0000] {dag.py:3096} INFO - Sync 1 DAGs
[2026-07-13T02:24:43.880+0000] {logging_mixin.py:188} INFO - [2026-07-13T02:24:43.880+0000] {dag.py:3954} INFO - Setting next_dagrun for dag_shipment_sim to 2026-07-13 02:00:00+00:00, run_after=2026-07-13 03:00:00+00:00
[2026-07-13T02:24:43.894+0000] {processor.py:183} INFO - Processing /opt/airflow/dags/dag_shipment_sim.py took 0.071 seconds
[2026-07-13T02:25:14.888+0000] {processor.py:161} INFO - Started process (PID=48315) to work on /opt/airflow/dags/dag_shipment_sim.py
[2026-07-13T02:25:14.890+0000] {processor.py:830} INFO - Processing file /opt/airflow/dags/dag_shipment_sim.py for tasks to queue
[2026-07-13T02:25:14.891+0000] {logging_mixin.py:188} INFO - [2026-07-13T02:25:14.891+0000] {dagbag.py:545} INFO - Filling up the DagBag from /opt/airflow/dags/dag_shipment_sim.py
[2026-07-13T02:25:14.907+0000] {processor.py:840} INFO - DAG(s) 'dag_shipment_sim' retrieved from /opt/airflow/dags/dag_shipment_sim.py
[2026-07-13T02:25:14.921+0000] {logging_mixin.py:188} INFO - [2026-07-13T02:25:14.921+0000] {dag.py:3096} INFO - Sync 1 DAGs
[2026-07-13T02:25:14.932+0000] {logging_mixin.py:188} INFO - [2026-07-13T02:25:14.932+0000] {dag.py:3954} INFO - Setting next_dagrun for dag_shipment_sim to 2026-07-13 02:00:00+00:00, run_after=2026-07-13 03:00:00+00:00
[2026-07-13T02:25:14.943+0000] {processor.py:183} INFO - Processing /opt/airflow/dags/dag_shipment_sim.py took 0.058 seconds
[2026-07-13T02:25:46.064+0000] {processor.py:161} INFO - Started process (PID=48352) to work on /opt/airflow/dags/dag_shipment_sim.py
[2026-07-13T02:25:46.066+0000] {processor.py:830} INFO - Processing file /opt/airflow/dags/dag_shipment_sim.py for tasks to queue
[2026-07-13T02:25:46.068+0000] {logging_mixin.py:188} INFO - [2026-07-13T02:25:46.068+0000] {dagbag.py:545} INFO - Filling up the DagBag from /opt/airflow/dags/dag_shipment_sim.py
[2026-07-13T02:25:46.085+0000] {processor.py:840} INFO - DAG(s) 'dag_shipment_sim' retrieved from /opt/airflow/dags/dag_shipment_sim.py
[2026-07-13T02:25:46.099+0000] {logging_mixin.py:188} INFO - [2026-07-13T02:25:46.098+0000] {dag.py:3096} INFO - Sync 1 DAGs
[2026-07-13T02:25:46.109+0000] {logging_mixin.py:188} INFO - [2026-07-13T02:25:46.109+0000] {dag.py:3954} INFO - Setting next_dagrun for dag_shipment_sim to 2026-07-13 02:00:00+00:00, run_after=2026-07-13 03:00:00+00:00
[2026-07-13T02:25:46.118+0000] {processor.py:183} INFO - Processing /opt/airflow/dags/dag_shipment_sim.py took 0.059 seconds
[2026-07-13T02:26:17.072+0000] {processor.py:161} INFO - Started process (PID=48389) to work on /opt/airflow/dags/dag_shipment_sim.py
[2026-07-13T02:26:17.074+0000] {processor.py:830} INFO - Processing file /opt/airflow/dags/dag_shipment_sim.py for tasks to queue
[2026-07-13T02:26:17.082+0000] {logging_mixin.py:188} INFO - [2026-07-13T02:26:17.081+0000] {dagbag.py:545} INFO - Filling up the DagBag from /opt/airflow/dags/dag_shipment_sim.py
[2026-07-13T02:26:17.107+0000] {processor.py:840} INFO - DAG(s) 'dag_shipment_sim' retrieved from /opt/airflow/dags/dag_shipment_sim.py
[2026-07-13T02:26:17.134+0000] {logging_mixin.py:188} INFO - [2026-07-13T02:26:17.133+0000] {dag.py:3096} INFO - Sync 1 DAGs
[2026-07-13T02:26:17.148+0000] {logging_mixin.py:188} INFO - [2026-07-13T02:26:17.148+0000] {dag.py:3954} INFO - Setting next_dagrun for dag_shipment_sim to 2026-07-13 02:00:00+00:00, run_after=2026-07-13 03:00:00+00:00
[2026-07-13T02:26:17.162+0000] {processor.py:183} INFO - Processing /opt/airflow/dags/dag_shipment_sim.py took 0.122 seconds
[2026-07-13T02:26:48.377+0000] {processor.py:161} INFO - Started process (PID=48426) to work on /opt/airflow/dags/dag_shipment_sim.py
[2026-07-13T02:26:48.379+0000] {processor.py:830} INFO - Processing file /opt/airflow/dags/dag_shipment_sim.py for tasks to queue
[2026-07-13T02:26:48.381+0000] {logging_mixin.py:188} INFO - [2026-07-13T02:26:48.381+0000] {dagbag.py:545} INFO - Filling up the DagBag from /opt/airflow/dags/dag_shipment_sim.py
[2026-07-13T02:26:48.398+0000] {processor.py:840} INFO - DAG(s) 'dag_shipment_sim' retrieved from /opt/airflow/dags/dag_shipment_sim.py
[2026-07-13T02:26:48.411+0000] {logging_mixin.py:188} INFO - [2026-07-13T02:26:48.411+0000] {dag.py:3096} INFO - Sync 1 DAGs
[2026-07-13T02:26:48.423+0000] {logging_mixin.py:188} INFO - [2026-07-13T02:26:48.423+0000] {dag.py:3954} INFO - Setting next_dagrun for dag_shipment_sim to 2026-07-13 02:00:00+00:00, run_after=2026-07-13 03:00:00+00:00
[2026-07-13T02:26:48.434+0000] {processor.py:183} INFO - Processing /opt/airflow/dags/dag_shipment_sim.py took 0.059 seconds
[2026-07-13T02:27:19.487+0000] {processor.py:161} INFO - Started process (PID=48463) to work on /opt/airflow/dags/dag_shipment_sim.py
[2026-07-13T02:27:19.488+0000] {processor.py:830} INFO - Processing file /opt/airflow/dags/dag_shipment_sim.py for tasks to queue
[2026-07-13T02:27:19.490+0000] {logging_mixin.py:188} INFO - [2026-07-13T02:27:19.490+0000] {dagbag.py:545} INFO - Filling up the DagBag from /opt/airflow/dags/dag_shipment_sim.py
[2026-07-13T02:27:19.505+0000] {processor.py:840} INFO - DAG(s) 'dag_shipment_sim' retrieved from /opt/airflow/dags/dag_shipment_sim.py
[2026-07-13T02:27:19.524+0000] {logging_mixin.py:188} INFO - [2026-07-13T02:27:19.524+0000] {dag.py:3096} INFO - Sync 1 DAGs
[2026-07-13T02:27:19.535+0000] {logging_mixin.py:188} INFO - [2026-07-13T02:27:19.535+0000] {dag.py:3954} INFO - Setting next_dagrun for dag_shipment_sim to 2026-07-13 02:00:00+00:00, run_after=2026-07-13 03:00:00+00:00
[2026-07-13T02:27:19.550+0000] {processor.py:183} INFO - Processing /opt/airflow/dags/dag_shipment_sim.py took 0.069 seconds
[2026-07-13T02:27:50.642+0000] {processor.py:161} INFO - Started process (PID=48500) to work on /opt/airflow/dags/dag_shipment_sim.py
[2026-07-13T02:27:50.643+0000] {processor.py:830} INFO - Processing file /opt/airflow/dags/dag_shipment_sim.py for tasks to queue
[2026-07-13T02:27:50.646+0000] {logging_mixin.py:188} INFO - [2026-07-13T02:27:50.646+0000] {dagbag.py:545} INFO - Filling up the DagBag from /opt/airflow/dags/dag_shipment_sim.py
[2026-07-13T02:27:50.667+0000] {processor.py:840} INFO - DAG(s) 'dag_shipment_sim' retrieved from /opt/airflow/dags/dag_shipment_sim.py
[2026-07-13T02:27:50.682+0000] {logging_mixin.py:188} INFO - [2026-07-13T02:27:50.682+0000] {dag.py:3096} INFO - Sync 1 DAGs
[2026-07-13T02:27:50.692+0000] {logging_mixin.py:188} INFO - [2026-07-13T02:27:50.692+0000] {dag.py:3954} INFO - Setting next_dagrun for dag_shipment_sim to 2026-07-13 02:00:00+00:00, run_after=2026-07-13 03:00:00+00:00
[2026-07-13T02:27:50.702+0000] {processor.py:183} INFO - Processing /opt/airflow/dags/dag_shipment_sim.py took 0.063 seconds
[2026-07-13T02:28:21.908+0000] {processor.py:161} INFO - Started process (PID=48537) to work on /opt/airflow/dags/dag_shipment_sim.py
[2026-07-13T02:28:21.910+0000] {processor.py:830} INFO - Processing file /opt/airflow/dags/dag_shipment_sim.py for tasks to queue
[2026-07-13T02:28:21.912+0000] {logging_mixin.py:188} INFO - [2026-07-13T02:28:21.912+0000] {dagbag.py:545} INFO - Filling up the DagBag from /opt/airflow/dags/dag_shipment_sim.py
[2026-07-13T02:28:21.935+0000] {processor.py:840} INFO - DAG(s) 'dag_shipment_sim' retrieved from /opt/airflow/dags/dag_shipment_sim.py
[2026-07-13T02:28:21.962+0000] {logging_mixin.py:188} INFO - [2026-07-13T02:28:21.962+0000] {dag.py:3096} INFO - Sync 1 DAGs
[2026-07-13T02:28:21.977+0000] {logging_mixin.py:188} INFO - [2026-07-13T02:28:21.977+0000] {dag.py:3954} INFO - Setting next_dagrun for dag_shipment_sim to 2026-07-13 02:00:00+00:00, run_after=2026-07-13 03:00:00+00:00
[2026-07-13T02:28:21.992+0000] {processor.py:183} INFO - Processing /opt/airflow/dags/dag_shipment_sim.py took 0.091 seconds
[2026-07-13T02:28:52.891+0000] {processor.py:161} INFO - Started process (PID=48574) to work on /opt/airflow/dags/dag_shipment_sim.py
[2026-07-13T02:28:52.893+0000] {processor.py:830} INFO - Processing file /opt/airflow/dags/dag_shipment_sim.py for tasks to queue
[2026-07-13T02:28:52.895+0000] {logging_mixin.py:188} INFO - [2026-07-13T02:28:52.894+0000] {dagbag.py:545} INFO - Filling up the DagBag from /opt/airflow/dags/dag_shipment_sim.py
[2026-07-13T02:28:52.907+0000] {processor.py:840} INFO - DAG(s) 'dag_shipment_sim' retrieved from /opt/airflow/dags/dag_shipment_sim.py
[2026-07-13T02:28:52.924+0000] {logging_mixin.py:188} INFO - [2026-07-13T02:28:52.924+0000] {dag.py:3096} INFO - Sync 1 DAGs
[2026-07-13T02:28:52.933+0000] {logging_mixin.py:188} INFO - [2026-07-13T02:28:52.933+0000] {dag.py:3954} INFO - Setting next_dagrun for dag_shipment_sim to 2026-07-13 02:00:00+00:00, run_after=2026-07-13 03:00:00+00:00
[2026-07-13T02:28:52.941+0000] {processor.py:183} INFO - Processing /opt/airflow/dags/dag_shipment_sim.py took 0.053 seconds
[2026-07-13T02:29:24.033+0000] {processor.py:161} INFO - Started process (PID=48611) to work on /opt/airflow/dags/dag_shipment_sim.py
[2026-07-13T02:29:24.036+0000] {processor.py:830} INFO - Processing file /opt/airflow/dags/dag_shipment_sim.py for tasks to queue
[2026-07-13T02:29:24.039+0000] {logging_mixin.py:188} INFO - [2026-07-13T02:29:24.039+0000] {dagbag.py:545} INFO - Filling up the DagBag from /opt/airflow/dags/dag_shipment_sim.py
[2026-07-13T02:29:24.058+0000] {processor.py:840} INFO - DAG(s) 'dag_shipment_sim' retrieved from /opt/airflow/dags/dag_shipment_sim.py
[2026-07-13T02:29:24.081+0000] {logging_mixin.py:188} INFO - [2026-07-13T02:29:24.081+0000] {dag.py:3096} INFO - Sync 1 DAGs
[2026-07-13T02:29:24.094+0000] {logging_mixin.py:188} INFO - [2026-07-13T02:29:24.094+0000] {dag.py:3954} INFO - Setting next_dagrun for dag_shipment_sim to 2026-07-13 02:00:00+00:00, run_after=2026-07-13 03:00:00+00:00
[2026-07-13T02:29:24.107+0000] {processor.py:183} INFO - Processing /opt/airflow/dags/dag_shipment_sim.py took 0.085 seconds
[2026-07-13T02:29:55.260+0000] {processor.py:161} INFO - Started process (PID=48648) to work on /opt/airflow/dags/dag_shipment_sim.py
[2026-07-13T02:29:55.261+0000] {processor.py:830} INFO - Processing file /opt/airflow/dags/dag_shipment_sim.py for tasks to queue
[2026-07-13T02:29:55.263+0000] {logging_mixin.py:188} INFO - [2026-07-13T02:29:55.263+0000] {dagbag.py:545} INFO - Filling up the DagBag from /opt/airflow/dags/dag_shipment_sim.py
[2026-07-13T02:29:55.274+0000] {processor.py:840} INFO - DAG(s) 'dag_shipment_sim' retrieved from /opt/airflow/dags/dag_shipment_sim.py
[2026-07-13T02:29:55.289+0000] {logging_mixin.py:188} INFO - [2026-07-13T02:29:55.289+0000] {dag.py:3096} INFO - Sync 1 DAGs
[2026-07-13T02:29:55.300+0000] {logging_mixin.py:188} INFO - [2026-07-13T02:29:55.299+0000] {dag.py:3954} INFO - Setting next_dagrun for dag_shipment_sim to 2026-07-13 02:00:00+00:00, run_after=2026-07-13 03:00:00+00:00
[2026-07-13T02:29:55.312+0000] {processor.py:183} INFO - Processing /opt/airflow/dags/dag_shipment_sim.py took 0.058 seconds
[2026-07-13T02:30:26.525+0000] {processor.py:161} INFO - Started process (PID=48685) to work on /opt/airflow/dags/dag_shipment_sim.py
[2026-07-13T02:30:26.526+0000] {processor.py:830} INFO - Processing file /opt/airflow/dags/dag_shipment_sim.py for tasks to queue
[2026-07-13T02:30:26.527+0000] {logging_mixin.py:188} INFO - [2026-07-13T02:30:26.527+0000] {dagbag.py:545} INFO - Filling up the DagBag from /opt/airflow/dags/dag_shipment_sim.py
[2026-07-13T02:30:26.542+0000] {processor.py:840} INFO - DAG(s) 'dag_shipment_sim' retrieved from /opt/airflow/dags/dag_shipment_sim.py
[2026-07-13T02:30:26.560+0000] {logging_mixin.py:188} INFO - [2026-07-13T02:30:26.560+0000] {dag.py:3096} INFO - Sync 1 DAGs
[2026-07-13T02:30:26.704+0000] {logging_mixin.py:188} INFO - [2026-07-13T02:30:26.704+0000] {dag.py:3954} INFO - Setting next_dagrun for dag_shipment_sim to 2026-07-13 02:00:00+00:00, run_after=2026-07-13 03:00:00+00:00
[2026-07-13T02:30:26.719+0000] {processor.py:183} INFO - Processing /opt/airflow/dags/dag_shipment_sim.py took 0.200 seconds
[2026-07-13T02:30:57.664+0000] {processor.py:161} INFO - Started process (PID=48722) to work on /opt/airflow/dags/dag_shipment_sim.py
[2026-07-13T02:30:57.664+0000] {processor.py:830} INFO - Processing file /opt/airflow/dags/dag_shipment_sim.py for tasks to queue
[2026-07-13T02:30:57.666+0000] {logging_mixin.py:188} INFO - [2026-07-13T02:30:57.666+0000] {dagbag.py:545} INFO - Filling up the DagBag from /opt/airflow/dags/dag_shipment_sim.py
[2026-07-13T02:30:57.683+0000] {processor.py:840} INFO - DAG(s) 'dag_shipment_sim' retrieved from /opt/airflow/dags/dag_shipment_sim.py
[2026-07-13T02:30:57.705+0000] {logging_mixin.py:188} INFO - [2026-07-13T02:30:57.705+0000] {dag.py:3096} INFO - Sync 1 DAGs
[2026-07-13T02:30:57.714+0000] {logging_mixin.py:188} INFO - [2026-07-13T02:30:57.714+0000] {dag.py:3954} INFO - Setting next_dagrun for dag_shipment_sim to 2026-07-13 02:00:00+00:00, run_after=2026-07-13 03:00:00+00:00
[2026-07-13T02:30:57.723+0000] {processor.py:183} INFO - Processing /opt/airflow/dags/dag_shipment_sim.py took 0.062 seconds
[2026-07-13T02:31:28.772+0000] {processor.py:161} INFO - Started process (PID=48759) to work on /opt/airflow/dags/dag_shipment_sim.py
[2026-07-13T02:31:28.774+0000] {processor.py:830} INFO - Processing file /opt/airflow/dags/dag_shipment_sim.py for tasks to queue
[2026-07-13T02:31:28.776+0000] {logging_mixin.py:188} INFO - [2026-07-13T02:31:28.776+0000] {dagbag.py:545} INFO - Filling up the DagBag from /opt/airflow/dags/dag_shipment_sim.py
[2026-07-13T02:31:28.790+0000] {processor.py:840} INFO - DAG(s) 'dag_shipment_sim' retrieved from /opt/airflow/dags/dag_shipment_sim.py
[2026-07-13T02:31:28.808+0000] {logging_mixin.py:188} INFO - [2026-07-13T02:31:28.808+0000] {dag.py:3096} INFO - Sync 1 DAGs
[2026-07-13T02:31:28.821+0000] {logging_mixin.py:188} INFO - [2026-07-13T02:31:28.821+0000] {dag.py:3954} INFO - Setting next_dagrun for dag_shipment_sim to 2026-07-13 02:00:00+00:00, run_after=2026-07-13 03:00:00+00:00
[2026-07-13T02:31:28.833+0000] {processor.py:183} INFO - Processing /opt/airflow/dags/dag_shipment_sim.py took 0.067 seconds
[2026-07-13T02:31:59.805+0000] {processor.py:161} INFO - Started process (PID=48796) to work on /opt/airflow/dags/dag_shipment_sim.py
[2026-07-13T02:31:59.806+0000] {processor.py:830} INFO - Processing file /opt/airflow/dags/dag_shipment_sim.py for tasks to queue
[2026-07-13T02:31:59.807+0000] {logging_mixin.py:188} INFO - [2026-07-13T02:31:59.807+0000] {dagbag.py:545} INFO - Filling up the DagBag from /opt/airflow/dags/dag_shipment_sim.py
[2026-07-13T02:31:59.818+0000] {processor.py:840} INFO - DAG(s) 'dag_shipment_sim' retrieved from /opt/airflow/dags/dag_shipment_sim.py
[2026-07-13T02:31:59.831+0000] {logging_mixin.py:188} INFO - [2026-07-13T02:31:59.831+0000] {dag.py:3096} INFO - Sync 1 DAGs
[2026-07-13T02:31:59.839+0000] {logging_mixin.py:188} INFO - [2026-07-13T02:31:59.839+0000] {dag.py:3954} INFO - Setting next_dagrun for dag_shipment_sim to 2026-07-13 02:00:00+00:00, run_after=2026-07-13 03:00:00+00:00
[2026-07-13T02:31:59.849+0000] {processor.py:183} INFO - Processing /opt/airflow/dags/dag_shipment_sim.py took 0.047 seconds
[2026-07-13T02:32:30.846+0000] {processor.py:161} INFO - Started process (PID=48833) to work on /opt/airflow/dags/dag_shipment_sim.py
[2026-07-13T02:32:30.847+0000] {processor.py:830} INFO - Processing file /opt/airflow/dags/dag_shipment_sim.py for tasks to queue
[2026-07-13T02:32:30.848+0000] {logging_mixin.py:188} INFO - [2026-07-13T02:32:30.848+0000] {dagbag.py:545} INFO - Filling up the DagBag from /opt/airflow/dags/dag_shipment_sim.py
[2026-07-13T02:32:30.861+0000] {processor.py:840} INFO - DAG(s) 'dag_shipment_sim' retrieved from /opt/airflow/dags/dag_shipment_sim.py
[2026-07-13T02:32:30.889+0000] {logging_mixin.py:188} INFO - [2026-07-13T02:32:30.889+0000] {dag.py:3096} INFO - Sync 1 DAGs
[2026-07-13T02:32:30.994+0000] {logging_mixin.py:188} INFO - [2026-07-13T02:32:30.994+0000] {dag.py:3954} INFO - Setting next_dagrun for dag_shipment_sim to 2026-07-13 02:00:00+00:00, run_after=2026-07-13 03:00:00+00:00
[2026-07-13T02:32:31.004+0000] {processor.py:183} INFO - Processing /opt/airflow/dags/dag_shipment_sim.py took 0.163 seconds
[2026-07-13T02:33:02.014+0000] {processor.py:161} INFO - Started process (PID=48870) to work on /opt/airflow/dags/dag_shipment_sim.py
[2026-07-13T02:33:02.015+0000] {processor.py:830} INFO - Processing file /opt/airflow/dags/dag_shipment_sim.py for tasks to queue
[2026-07-13T02:33:02.017+0000] {logging_mixin.py:188} INFO - [2026-07-13T02:33:02.016+0000] {dagbag.py:545} INFO - Filling up the DagBag from /opt/airflow/dags/dag_shipment_sim.py
[2026-07-13T02:33:02.030+0000] {processor.py:840} INFO - DAG(s) 'dag_shipment_sim' retrieved from /opt/airflow/dags/dag_shipment_sim.py
[2026-07-13T02:33:02.045+0000] {logging_mixin.py:188} INFO - [2026-07-13T02:33:02.045+0000] {dag.py:3096} INFO - Sync 1 DAGs
[2026-07-13T02:33:02.055+0000] {logging_mixin.py:188} INFO - [2026-07-13T02:33:02.055+0000] {dag.py:3954} INFO - Setting next_dagrun for dag_shipment_sim to 2026-07-13 02:00:00+00:00, run_after=2026-07-13 03:00:00+00:00
[2026-07-13T02:33:02.064+0000] {processor.py:183} INFO - Processing /opt/airflow/dags/dag_shipment_sim.py took 0.054 seconds
[2026-07-13T02:33:33.132+0000] {processor.py:161} INFO - Started process (PID=48907) to work on /opt/airflow/dags/dag_shipment_sim.py
[2026-07-13T02:33:33.133+0000] {processor.py:830} INFO - Processing file /opt/airflow/dags/dag_shipment_sim.py for tasks to queue
[2026-07-13T02:33:33.134+0000] {logging_mixin.py:188} INFO - [2026-07-13T02:33:33.134+0000] {dagbag.py:545} INFO - Filling up the DagBag from /opt/airflow/dags/dag_shipment_sim.py
[2026-07-13T02:33:33.142+0000] {processor.py:840} INFO - DAG(s) 'dag_shipment_sim' retrieved from /opt/airflow/dags/dag_shipment_sim.py
[2026-07-13T02:33:33.153+0000] {logging_mixin.py:188} INFO - [2026-07-13T02:33:33.153+0000] {dag.py:3096} INFO - Sync 1 DAGs
[2026-07-13T02:33:33.162+0000] {logging_mixin.py:188} INFO - [2026-07-13T02:33:33.162+0000] {dag.py:3954} INFO - Setting next_dagrun for dag_shipment_sim to 2026-07-13 02:00:00+00:00, run_after=2026-07-13 03:00:00+00:00
[2026-07-13T02:33:33.173+0000] {processor.py:183} INFO - Processing /opt/airflow/dags/dag_shipment_sim.py took 0.045 seconds
[2026-07-13T02:34:04.084+0000] {processor.py:161} INFO - Started process (PID=48944) to work on /opt/airflow/dags/dag_shipment_sim.py
[2026-07-13T02:34:04.085+0000] {processor.py:830} INFO - Processing file /opt/airflow/dags/dag_shipment_sim.py for tasks to queue
[2026-07-13T02:34:04.086+0000] {logging_mixin.py:188} INFO - [2026-07-13T02:34:04.086+0000] {dagbag.py:545} INFO - Filling up the DagBag from /opt/airflow/dags/dag_shipment_sim.py
[2026-07-13T02:34:04.096+0000] {processor.py:840} INFO - DAG(s) 'dag_shipment_sim' retrieved from /opt/airflow/dags/dag_shipment_sim.py
[2026-07-13T02:34:04.108+0000] {logging_mixin.py:188} INFO - [2026-07-13T02:34:04.108+0000] {dag.py:3096} INFO - Sync 1 DAGs
[2026-07-13T02:34:04.118+0000] {logging_mixin.py:188} INFO - [2026-07-13T02:34:04.118+0000] {dag.py:3954} INFO - Setting next_dagrun for dag_shipment_sim to 2026-07-13 02:00:00+00:00, run_after=2026-07-13 03:00:00+00:00
[2026-07-13T02:34:04.126+0000] {processor.py:183} INFO - Processing /opt/airflow/dags/dag_shipment_sim.py took 0.045 seconds
[2026-07-13T02:34:34.987+0000] {processor.py:161} INFO - Started process (PID=48981) to work on /opt/airflow/dags/dag_shipment_sim.py
[2026-07-13T02:34:34.988+0000] {processor.py:830} INFO - Processing file /opt/airflow/dags/dag_shipment_sim.py for tasks to queue
[2026-07-13T02:34:34.989+0000] {logging_mixin.py:188} INFO - [2026-07-13T02:34:34.988+0000] {dagbag.py:545} INFO - Filling up the DagBag from /opt/airflow/dags/dag_shipment_sim.py
[2026-07-13T02:34:35.000+0000] {processor.py:840} INFO - DAG(s) 'dag_shipment_sim' retrieved from /opt/airflow/dags/dag_shipment_sim.py
[2026-07-13T02:34:35.013+0000] {logging_mixin.py:188} INFO - [2026-07-13T02:34:35.013+0000] {dag.py:3096} INFO - Sync 1 DAGs
[2026-07-13T02:34:35.088+0000] {logging_mixin.py:188} INFO - [2026-07-13T02:34:35.088+0000] {dag.py:3954} INFO - Setting next_dagrun for dag_shipment_sim to 2026-07-13 02:00:00+00:00, run_after=2026-07-13 03:00:00+00:00
[2026-07-13T02:34:35.103+0000] {processor.py:183} INFO - Processing /opt/airflow/dags/dag_shipment_sim.py took 0.119 seconds
[2026-07-13T02:35:06.052+0000] {processor.py:161} INFO - Started process (PID=49018) to work on /opt/airflow/dags/dag_shipment_sim.py
[2026-07-13T02:35:06.054+0000] {processor.py:830} INFO - Processing file /opt/airflow/dags/dag_shipment_sim.py for tasks to queue
[2026-07-13T02:35:06.059+0000] {logging_mixin.py:188} INFO - [2026-07-13T02:35:06.058+0000] {dagbag.py:545} INFO - Filling up the DagBag from /opt/airflow/dags/dag_shipment_sim.py
[2026-07-13T02:35:06.077+0000] {processor.py:840} INFO - DAG(s) 'dag_shipment_sim' retrieved from /opt/airflow/dags/dag_shipment_sim.py
[2026-07-13T02:35:06.108+0000] {logging_mixin.py:188} INFO - [2026-07-13T02:35:06.108+0000] {dag.py:3096} INFO - Sync 1 DAGs
[2026-07-13T02:35:06.128+0000] {logging_mixin.py:188} INFO - [2026-07-13T02:35:06.127+0000] {dag.py:3954} INFO - Setting next_dagrun for dag_shipment_sim to 2026-07-13 02:00:00+00:00, run_after=2026-07-13 03:00:00+00:00
[2026-07-13T02:35:06.160+0000] {processor.py:183} INFO - Processing /opt/airflow/dags/dag_shipment_sim.py took 0.112 seconds
[2026-07-13T02:35:37.436+0000] {processor.py:161} INFO - Started process (PID=49055) to work on /opt/airflow/dags/dag_shipment_sim.py
[2026-07-13T02:35:37.439+0000] {processor.py:830} INFO - Processing file /opt/airflow/dags/dag_shipment_sim.py for tasks to queue
[2026-07-13T02:35:37.441+0000] {logging_mixin.py:188} INFO - [2026-07-13T02:35:37.440+0000] {dagbag.py:545} INFO - Filling up the DagBag from /opt/airflow/dags/dag_shipment_sim.py
[2026-07-13T02:35:37.453+0000] {processor.py:840} INFO - DAG(s) 'dag_shipment_sim' retrieved from /opt/airflow/dags/dag_shipment_sim.py
[2026-07-13T02:35:37.473+0000] {logging_mixin.py:188} INFO - [2026-07-13T02:35:37.472+0000] {dag.py:3096} INFO - Sync 1 DAGs
[2026-07-13T02:35:37.489+0000] {logging_mixin.py:188} INFO - [2026-07-13T02:35:37.489+0000] {dag.py:3954} INFO - Setting next_dagrun for dag_shipment_sim to 2026-07-13 02:00:00+00:00, run_after=2026-07-13 03:00:00+00:00
[2026-07-13T02:35:37.501+0000] {processor.py:183} INFO - Processing /opt/airflow/dags/dag_shipment_sim.py took 0.068 seconds
[2026-07-13T02:36:08.653+0000] {processor.py:161} INFO - Started process (PID=49092) to work on /opt/airflow/dags/dag_shipment_sim.py
[2026-07-13T02:36:08.655+0000] {processor.py:830} INFO - Processing file /opt/airflow/dags/dag_shipment_sim.py for tasks to queue
[2026-07-13T02:36:08.658+0000] {logging_mixin.py:188} INFO - [2026-07-13T02:36:08.657+0000] {dagbag.py:545} INFO - Filling up the DagBag from /opt/airflow/dags/dag_shipment_sim.py
[2026-07-13T02:36:08.669+0000] {processor.py:840} INFO - DAG(s) 'dag_shipment_sim' retrieved from /opt/airflow/dags/dag_shipment_sim.py
[2026-07-13T02:36:08.682+0000] {logging_mixin.py:188} INFO - [2026-07-13T02:36:08.682+0000] {dag.py:3096} INFO - Sync 1 DAGs
[2026-07-13T02:36:08.692+0000] {logging_mixin.py:188} INFO - [2026-07-13T02:36:08.692+0000] {dag.py:3954} INFO - Setting next_dagrun for dag_shipment_sim to 2026-07-13 02:00:00+00:00, run_after=2026-07-13 03:00:00+00:00
[2026-07-13T02:36:08.704+0000] {processor.py:183} INFO - Processing /opt/airflow/dags/dag_shipment_sim.py took 0.059 seconds
[2026-07-13T02:36:39.653+0000] {processor.py:161} INFO - Started process (PID=49129) to work on /opt/airflow/dags/dag_shipment_sim.py
[2026-07-13T02:36:39.654+0000] {processor.py:830} INFO - Processing file /opt/airflow/dags/dag_shipment_sim.py for tasks to queue
[2026-07-13T02:36:39.655+0000] {logging_mixin.py:188} INFO - [2026-07-13T02:36:39.655+0000] {dagbag.py:545} INFO - Filling up the DagBag from /opt/airflow/dags/dag_shipment_sim.py
[2026-07-13T02:36:39.665+0000] {processor.py:840} INFO - DAG(s) 'dag_shipment_sim' retrieved from /opt/airflow/dags/dag_shipment_sim.py
[2026-07-13T02:36:39.681+0000] {logging_mixin.py:188} INFO - [2026-07-13T02:36:39.680+0000] {dag.py:3096} INFO - Sync 1 DAGs
[2026-07-13T02:36:39.761+0000] {logging_mixin.py:188} INFO - [2026-07-13T02:36:39.761+0000] {dag.py:3954} INFO - Setting next_dagrun for dag_shipment_sim to 2026-07-13 02:00:00+00:00, run_after=2026-07-13 03:00:00+00:00
[2026-07-13T02:36:39.778+0000] {processor.py:183} INFO - Processing /opt/airflow/dags/dag_shipment_sim.py took 0.128 seconds
[2026-07-13T02:37:10.531+0000] {processor.py:161} INFO - Started process (PID=49166) to work on /opt/airflow/dags/dag_shipment_sim.py
[2026-07-13T02:37:10.532+0000] {processor.py:830} INFO - Processing file /opt/airflow/dags/dag_shipment_sim.py for tasks to queue
[2026-07-13T02:37:10.655+0000] {logging_mixin.py:188} INFO - [2026-07-13T02:37:10.655+0000] {dagbag.py:545} INFO - Filling up the DagBag from /opt/airflow/dags/dag_shipment_sim.py
[2026-07-13T02:37:10.704+0000] {processor.py:840} INFO - DAG(s) 'dag_shipment_sim' retrieved from /opt/airflow/dags/dag_shipment_sim.py
[2026-07-13T02:37:10.825+0000] {logging_mixin.py:188} INFO - [2026-07-13T02:37:10.824+0000] {dag.py:3096} INFO - Sync 1 DAGs
[2026-07-13T02:37:10.836+0000] {logging_mixin.py:188} INFO - [2026-07-13T02:37:10.836+0000] {dag.py:3954} INFO - Setting next_dagrun for dag_shipment_sim to 2026-07-13 02:00:00+00:00, run_after=2026-07-13 03:00:00+00:00
[2026-07-13T02:37:10.845+0000] {processor.py:183} INFO - Processing /opt/airflow/dags/dag_shipment_sim.py took 0.317 seconds
[2026-07-13T02:37:41.639+0000] {processor.py:161} INFO - Started process (PID=49514) to work on /opt/airflow/dags/dag_shipment_sim.py
[2026-07-13T02:37:41.640+0000] {processor.py:830} INFO - Processing file /opt/airflow/dags/dag_shipment_sim.py for tasks to queue
[2026-07-13T02:37:41.642+0000] {logging_mixin.py:188} INFO - [2026-07-13T02:37:41.641+0000] {dagbag.py:545} INFO - Filling up the DagBag from /opt/airflow/dags/dag_shipment_sim.py
[2026-07-13T02:37:41.655+0000] {processor.py:840} INFO - DAG(s) 'dag_shipment_sim' retrieved from /opt/airflow/dags/dag_shipment_sim.py
[2026-07-13T02:37:41.674+0000] {logging_mixin.py:188} INFO - [2026-07-13T02:37:41.673+0000] {dag.py:3096} INFO - Sync 1 DAGs
[2026-07-13T02:37:41.689+0000] {logging_mixin.py:188} INFO - [2026-07-13T02:37:41.689+0000] {dag.py:3954} INFO - Setting next_dagrun for dag_shipment_sim to 2026-07-13 02:00:00+00:00, run_after=2026-07-13 03:00:00+00:00
[2026-07-13T02:37:41.708+0000] {processor.py:183} INFO - Processing /opt/airflow/dags/dag_shipment_sim.py took 0.073 seconds
[2026-07-13T02:38:12.683+0000] {processor.py:161} INFO - Started process (PID=49944) to work on /opt/airflow/dags/dag_shipment_sim.py
[2026-07-13T02:38:12.684+0000] {processor.py:830} INFO - Processing file /opt/airflow/dags/dag_shipment_sim.py for tasks to queue
[2026-07-13T02:38:12.684+0000] {logging_mixin.py:188} INFO - [2026-07-13T02:38:12.684+0000] {dagbag.py:545} INFO - Filling up the DagBag from /opt/airflow/dags/dag_shipment_sim.py
[2026-07-13T02:38:12.692+0000] {processor.py:840} INFO - DAG(s) 'dag_shipment_sim' retrieved from /opt/airflow/dags/dag_shipment_sim.py
[2026-07-13T02:38:12.703+0000] {logging_mixin.py:188} INFO - [2026-07-13T02:38:12.703+0000] {dag.py:3096} INFO - Sync 1 DAGs
[2026-07-13T02:38:12.712+0000] {logging_mixin.py:188} INFO - [2026-07-13T02:38:12.712+0000] {dag.py:3954} INFO - Setting next_dagrun for dag_shipment_sim to 2026-07-13 02:00:00+00:00, run_after=2026-07-13 03:00:00+00:00
[2026-07-13T02:38:12.720+0000] {processor.py:183} INFO - Processing /opt/airflow/dags/dag_shipment_sim.py took 0.040 seconds
[2026-07-13T02:38:43.959+0000] {processor.py:161} INFO - Started process (PID=49981) to work on /opt/airflow/dags/dag_shipment_sim.py
[2026-07-13T02:38:43.962+0000] {processor.py:830} INFO - Processing file /opt/airflow/dags/dag_shipment_sim.py for tasks to queue
[2026-07-13T02:38:43.964+0000] {logging_mixin.py:188} INFO - [2026-07-13T02:38:43.964+0000] {dagbag.py:545} INFO - Filling up the DagBag from /opt/airflow/dags/dag_shipment_sim.py
[2026-07-13T02:38:43.980+0000] {processor.py:840} INFO - DAG(s) 'dag_shipment_sim' retrieved from /opt/airflow/dags/dag_shipment_sim.py
[2026-07-13T02:38:43.996+0000] {logging_mixin.py:188} INFO - [2026-07-13T02:38:43.996+0000] {dag.py:3096} INFO - Sync 1 DAGs
[2026-07-13T02:38:44.096+0000] {logging_mixin.py:188} INFO - [2026-07-13T02:38:44.096+0000] {dag.py:3954} INFO - Setting next_dagrun for dag_shipment_sim to 2026-07-13 02:00:00+00:00, run_after=2026-07-13 03:00:00+00:00
[2026-07-13T02:38:44.106+0000] {processor.py:183} INFO - Processing /opt/airflow/dags/dag_shipment_sim.py took 0.154 seconds
[2026-07-13T02:39:14.496+0000] {processor.py:161} INFO - Started process (PID=50017) to work on /opt/airflow/dags/dag_shipment_sim.py
[2026-07-13T02:39:14.497+0000] {processor.py:830} INFO - Processing file /opt/airflow/dags/dag_shipment_sim.py for tasks to queue
[2026-07-13T02:39:14.499+0000] {logging_mixin.py:188} INFO - [2026-07-13T02:39:14.498+0000] {dagbag.py:545} INFO - Filling up the DagBag from /opt/airflow/dags/dag_shipment_sim.py
[2026-07-13T02:39:14.516+0000] {processor.py:840} INFO - DAG(s) 'dag_shipment_sim' retrieved from /opt/airflow/dags/dag_shipment_sim.py
[2026-07-13T02:39:14.647+0000] {logging_mixin.py:188} INFO - [2026-07-13T02:39:14.647+0000] {dag.py:3096} INFO - Sync 1 DAGs
[2026-07-13T02:39:14.658+0000] {logging_mixin.py:188} INFO - [2026-07-13T02:39:14.658+0000] {dag.py:3954} INFO - Setting next_dagrun for dag_shipment_sim to 2026-07-13 02:00:00+00:00, run_after=2026-07-13 03:00:00+00:00
[2026-07-13T02:39:14.668+0000] {processor.py:183} INFO - Processing /opt/airflow/dags/dag_shipment_sim.py took 0.175 seconds
[2026-07-13T02:39:44.883+0000] {processor.py:161} INFO - Started process (PID=50047) to work on /opt/airflow/dags/dag_shipment_sim.py
[2026-07-13T02:39:44.886+0000] {processor.py:830} INFO - Processing file /opt/airflow/dags/dag_shipment_sim.py for tasks to queue
[2026-07-13T02:39:44.888+0000] {logging_mixin.py:188} INFO - [2026-07-13T02:39:44.888+0000] {dagbag.py:545} INFO - Filling up the DagBag from /opt/airflow/dags/dag_shipment_sim.py
[2026-07-13T02:39:44.917+0000] {processor.py:840} INFO - DAG(s) 'dag_shipment_sim' retrieved from /opt/airflow/dags/dag_shipment_sim.py
[2026-07-13T02:39:45.179+0000] {logging_mixin.py:188} INFO - [2026-07-13T02:39:45.178+0000] {dag.py:3096} INFO - Sync 1 DAGs
[2026-07-13T02:39:45.190+0000] {logging_mixin.py:188} INFO - [2026-07-13T02:39:45.190+0000] {dag.py:3954} INFO - Setting next_dagrun for dag_shipment_sim to 2026-07-13 02:00:00+00:00, run_after=2026-07-13 03:00:00+00:00
[2026-07-13T02:39:45.201+0000] {processor.py:183} INFO - Processing /opt/airflow/dags/dag_shipment_sim.py took 0.331 seconds
[2026-07-13T02:40:16.422+0000] {processor.py:161} INFO - Started process (PID=50160) to work on /opt/airflow/dags/dag_shipment_sim.py
[2026-07-13T02:40:16.423+0000] {processor.py:830} INFO - Processing file /opt/airflow/dags/dag_shipment_sim.py for tasks to queue
[2026-07-13T02:40:16.425+0000] {logging_mixin.py:188} INFO - [2026-07-13T02:40:16.425+0000] {dagbag.py:545} INFO - Filling up the DagBag from /opt/airflow/dags/dag_shipment_sim.py
[2026-07-13T02:40:16.444+0000] {processor.py:840} INFO - DAG(s) 'dag_shipment_sim' retrieved from /opt/airflow/dags/dag_shipment_sim.py
[2026-07-13T02:40:16.458+0000] {logging_mixin.py:188} INFO - [2026-07-13T02:40:16.458+0000] {dag.py:3096} INFO - Sync 1 DAGs
[2026-07-13T02:40:16.468+0000] {logging_mixin.py:188} INFO - [2026-07-13T02:40:16.468+0000] {dag.py:3954} INFO - Setting next_dagrun for dag_shipment_sim to 2026-07-13 02:00:00+00:00, run_after=2026-07-13 03:00:00+00:00
[2026-07-13T02:40:16.477+0000] {processor.py:183} INFO - Processing /opt/airflow/dags/dag_shipment_sim.py took 0.060 seconds
[2026-07-13T02:40:47.381+0000] {processor.py:161} INFO - Started process (PID=50197) to work on /opt/airflow/dags/dag_shipment_sim.py
[2026-07-13T02:40:47.382+0000] {processor.py:830} INFO - Processing file /opt/airflow/dags/dag_shipment_sim.py for tasks to queue
[2026-07-13T02:40:47.384+0000] {logging_mixin.py:188} INFO - [2026-07-13T02:40:47.383+0000] {dagbag.py:545} INFO - Filling up the DagBag from /opt/airflow/dags/dag_shipment_sim.py
[2026-07-13T02:40:47.395+0000] {processor.py:840} INFO - DAG(s) 'dag_shipment_sim' retrieved from /opt/airflow/dags/dag_shipment_sim.py
[2026-07-13T02:40:47.410+0000] {logging_mixin.py:188} INFO - [2026-07-13T02:40:47.409+0000] {dag.py:3096} INFO - Sync 1 DAGs
[2026-07-13T02:40:47.420+0000] {logging_mixin.py:188} INFO - [2026-07-13T02:40:47.420+0000] {dag.py:3954} INFO - Setting next_dagrun for dag_shipment_sim to 2026-07-13 02:00:00+00:00, run_after=2026-07-13 03:00:00+00:00
[2026-07-13T02:40:47.429+0000] {processor.py:183} INFO - Processing /opt/airflow/dags/dag_shipment_sim.py took 0.055 seconds
[2026-07-13T02:41:18.263+0000] {processor.py:161} INFO - Started process (PID=50234) to work on /opt/airflow/dags/dag_shipment_sim.py
[2026-07-13T02:41:18.266+0000] {processor.py:830} INFO - Processing file /opt/airflow/dags/dag_shipment_sim.py for tasks to queue
[2026-07-13T02:41:18.274+0000] {logging_mixin.py:188} INFO - [2026-07-13T02:41:18.273+0000] {dagbag.py:545} INFO - Filling up the DagBag from /opt/airflow/dags/dag_shipment_sim.py
[2026-07-13T02:41:18.313+0000] {processor.py:840} INFO - DAG(s) 'dag_shipment_sim' retrieved from /opt/airflow/dags/dag_shipment_sim.py
[2026-07-13T02:41:18.350+0000] {logging_mixin.py:188} INFO - [2026-07-13T02:41:18.350+0000] {dag.py:3096} INFO - Sync 1 DAGs
[2026-07-13T02:41:18.373+0000] {logging_mixin.py:188} INFO - [2026-07-13T02:41:18.373+0000] {dag.py:3954} INFO - Setting next_dagrun for dag_shipment_sim to 2026-07-13 02:00:00+00:00, run_after=2026-07-13 03:00:00+00:00
[2026-07-13T02:41:18.398+0000] {processor.py:183} INFO - Processing /opt/airflow/dags/dag_shipment_sim.py took 0.139 seconds
[2026-07-13T02:41:49.436+0000] {processor.py:161} INFO - Started process (PID=50271) to work on /opt/airflow/dags/dag_shipment_sim.py
[2026-07-13T02:41:49.437+0000] {processor.py:830} INFO - Processing file /opt/airflow/dags/dag_shipment_sim.py for tasks to queue
[2026-07-13T02:41:49.439+0000] {logging_mixin.py:188} INFO - [2026-07-13T02:41:49.439+0000] {dagbag.py:545} INFO - Filling up the DagBag from /opt/airflow/dags/dag_shipment_sim.py
[2026-07-13T02:41:49.458+0000] {processor.py:840} INFO - DAG(s) 'dag_shipment_sim' retrieved from /opt/airflow/dags/dag_shipment_sim.py
[2026-07-13T02:41:49.474+0000] {logging_mixin.py:188} INFO - [2026-07-13T02:41:49.474+0000] {dag.py:3096} INFO - Sync 1 DAGs
[2026-07-13T02:41:49.485+0000] {logging_mixin.py:188} INFO - [2026-07-13T02:41:49.485+0000] {dag.py:3954} INFO - Setting next_dagrun for dag_shipment_sim to 2026-07-13 02:00:00+00:00, run_after=2026-07-13 03:00:00+00:00
[2026-07-13T02:41:49.496+0000] {processor.py:183} INFO - Processing /opt/airflow/dags/dag_shipment_sim.py took 0.065 seconds
[2026-07-13T02:42:20.672+0000] {processor.py:161} INFO - Started process (PID=50308) to work on /opt/airflow/dags/dag_shipment_sim.py
[2026-07-13T02:42:20.673+0000] {processor.py:830} INFO - Processing file /opt/airflow/dags/dag_shipment_sim.py for tasks to queue
[2026-07-13T02:42:20.674+0000] {logging_mixin.py:188} INFO - [2026-07-13T02:42:20.674+0000] {dagbag.py:545} INFO - Filling up the DagBag from /opt/airflow/dags/dag_shipment_sim.py
[2026-07-13T02:42:20.688+0000] {processor.py:840} INFO - DAG(s) 'dag_shipment_sim' retrieved from /opt/airflow/dags/dag_shipment_sim.py
[2026-07-13T02:42:20.700+0000] {logging_mixin.py:188} INFO - [2026-07-13T02:42:20.700+0000] {dag.py:3096} INFO - Sync 1 DAGs
[2026-07-13T02:42:20.710+0000] {logging_mixin.py:188} INFO - [2026-07-13T02:42:20.710+0000] {dag.py:3954} INFO - Setting next_dagrun for dag_shipment_sim to 2026-07-13 02:00:00+00:00, run_after=2026-07-13 03:00:00+00:00
[2026-07-13T02:42:20.722+0000] {processor.py:183} INFO - Processing /opt/airflow/dags/dag_shipment_sim.py took 0.054 seconds
[2026-07-13T02:42:51.623+0000] {processor.py:161} INFO - Started process (PID=50345) to work on /opt/airflow/dags/dag_shipment_sim.py
[2026-07-13T02:42:51.624+0000] {processor.py:830} INFO - Processing file /opt/airflow/dags/dag_shipment_sim.py for tasks to queue
[2026-07-13T02:42:51.627+0000] {logging_mixin.py:188} INFO - [2026-07-13T02:42:51.626+0000] {dagbag.py:545} INFO - Filling up the DagBag from /opt/airflow/dags/dag_shipment_sim.py
[2026-07-13T02:42:51.644+0000] {processor.py:840} INFO - DAG(s) 'dag_shipment_sim' retrieved from /opt/airflow/dags/dag_shipment_sim.py
[2026-07-13T02:42:51.657+0000] {logging_mixin.py:188} INFO - [2026-07-13T02:42:51.657+0000] {dag.py:3096} INFO - Sync 1 DAGs
[2026-07-13T02:42:51.666+0000] {logging_mixin.py:188} INFO - [2026-07-13T02:42:51.666+0000] {dag.py:3954} INFO - Setting next_dagrun for dag_shipment_sim to 2026-07-13 02:00:00+00:00, run_after=2026-07-13 03:00:00+00:00
[2026-07-13T02:42:51.677+0000] {processor.py:183} INFO - Processing /opt/airflow/dags/dag_shipment_sim.py took 0.056 seconds
[2026-07-13T02:43:22.719+0000] {processor.py:161} INFO - Started process (PID=50382) to work on /opt/airflow/dags/dag_shipment_sim.py
[2026-07-13T02:43:22.720+0000] {processor.py:830} INFO - Processing file /opt/airflow/dags/dag_shipment_sim.py for tasks to queue
[2026-07-13T02:43:22.721+0000] {logging_mixin.py:188} INFO - [2026-07-13T02:43:22.721+0000] {dagbag.py:545} INFO - Filling up the DagBag from /opt/airflow/dags/dag_shipment_sim.py
[2026-07-13T02:43:22.731+0000] {processor.py:840} INFO - DAG(s) 'dag_shipment_sim' retrieved from /opt/airflow/dags/dag_shipment_sim.py
[2026-07-13T02:43:22.745+0000] {logging_mixin.py:188} INFO - [2026-07-13T02:43:22.745+0000] {dag.py:3096} INFO - Sync 1 DAGs
[2026-07-13T02:43:22.759+0000] {logging_mixin.py:188} INFO - [2026-07-13T02:43:22.759+0000] {dag.py:3954} INFO - Setting next_dagrun for dag_shipment_sim to 2026-07-13 02:00:00+00:00, run_after=2026-07-13 03:00:00+00:00
[2026-07-13T02:43:22.771+0000] {processor.py:183} INFO - Processing /opt/airflow/dags/dag_shipment_sim.py took 0.054 seconds
[2026-07-13T02:43:54.343+0000] {processor.py:161} INFO - Started process (PID=50419) to work on /opt/airflow/dags/dag_shipment_sim.py
[2026-07-13T02:43:54.344+0000] {processor.py:830} INFO - Processing file /opt/airflow/dags/dag_shipment_sim.py for tasks to queue
[2026-07-13T02:43:54.346+0000] {logging_mixin.py:188} INFO - [2026-07-13T02:43:54.346+0000] {dagbag.py:545} INFO - Filling up the DagBag from /opt/airflow/dags/dag_shipment_sim.py
[2026-07-13T02:43:54.355+0000] {processor.py:840} INFO - DAG(s) 'dag_shipment_sim' retrieved from /opt/airflow/dags/dag_shipment_sim.py
[2026-07-13T02:43:54.369+0000] {logging_mixin.py:188} INFO - [2026-07-13T02:43:54.368+0000] {dag.py:3096} INFO - Sync 1 DAGs
[2026-07-13T02:43:54.385+0000] {logging_mixin.py:188} INFO - [2026-07-13T02:43:54.385+0000] {dag.py:3954} INFO - Setting next_dagrun for dag_shipment_sim to 2026-07-13 02:00:00+00:00, run_after=2026-07-13 03:00:00+00:00
[2026-07-13T02:43:54.400+0000] {processor.py:183} INFO - Processing /opt/airflow/dags/dag_shipment_sim.py took 0.060 seconds
[2026-07-13T02:44:25.517+0000] {processor.py:161} INFO - Started process (PID=50456) to work on /opt/airflow/dags/dag_shipment_sim.py
[2026-07-13T02:44:25.518+0000] {processor.py:830} INFO - Processing file /opt/airflow/dags/dag_shipment_sim.py for tasks to queue
[2026-07-13T02:44:25.520+0000] {logging_mixin.py:188} INFO - [2026-07-13T02:44:25.520+0000] {dagbag.py:545} INFO - Filling up the DagBag from /opt/airflow/dags/dag_shipment_sim.py
[2026-07-13T02:44:25.563+0000] {processor.py:840} INFO - DAG(s) 'dag_shipment_sim' retrieved from /opt/airflow/dags/dag_shipment_sim.py
[2026-07-13T02:44:25.584+0000] {logging_mixin.py:188} INFO - [2026-07-13T02:44:25.583+0000] {dag.py:3096} INFO - Sync 1 DAGs
[2026-07-13T02:44:25.596+0000] {logging_mixin.py:188} INFO - [2026-07-13T02:44:25.596+0000] {dag.py:3954} INFO - Setting next_dagrun for dag_shipment_sim to 2026-07-13 02:00:00+00:00, run_after=2026-07-13 03:00:00+00:00
[2026-07-13T02:44:25.615+0000] {processor.py:183} INFO - Processing /opt/airflow/dags/dag_shipment_sim.py took 0.102 seconds
[2026-07-13T02:44:56.582+0000] {processor.py:161} INFO - Started process (PID=50493) to work on /opt/airflow/dags/dag_shipment_sim.py
[2026-07-13T02:44:56.583+0000] {processor.py:830} INFO - Processing file /opt/airflow/dags/dag_shipment_sim.py for tasks to queue
[2026-07-13T02:44:56.585+0000] {logging_mixin.py:188} INFO - [2026-07-13T02:44:56.584+0000] {dagbag.py:545} INFO - Filling up the DagBag from /opt/airflow/dags/dag_shipment_sim.py
[2026-07-13T02:44:56.605+0000] {processor.py:840} INFO - DAG(s) 'dag_shipment_sim' retrieved from /opt/airflow/dags/dag_shipment_sim.py
[2026-07-13T02:44:56.621+0000] {logging_mixin.py:188} INFO - [2026-07-13T02:44:56.621+0000] {dag.py:3096} INFO - Sync 1 DAGs
[2026-07-13T02:44:56.633+0000] {logging_mixin.py:188} INFO - [2026-07-13T02:44:56.633+0000] {dag.py:3954} INFO - Setting next_dagrun for dag_shipment_sim to 2026-07-13 02:00:00+00:00, run_after=2026-07-13 03:00:00+00:00
[2026-07-13T02:44:56.645+0000] {processor.py:183} INFO - Processing /opt/airflow/dags/dag_shipment_sim.py took 0.068 seconds
[2026-07-13T02:45:27.697+0000] {processor.py:161} INFO - Started process (PID=50530) to work on /opt/airflow/dags/dag_shipment_sim.py
[2026-07-13T02:45:27.699+0000] {processor.py:830} INFO - Processing file /opt/airflow/dags/dag_shipment_sim.py for tasks to queue
[2026-07-13T02:45:27.709+0000] {logging_mixin.py:188} INFO - [2026-07-13T02:45:27.705+0000] {dagbag.py:545} INFO - Filling up the DagBag from /opt/airflow/dags/dag_shipment_sim.py
[2026-07-13T02:45:27.799+0000] {processor.py:840} INFO - DAG(s) 'dag_shipment_sim' retrieved from /opt/airflow/dags/dag_shipment_sim.py
[2026-07-13T02:45:27.842+0000] {logging_mixin.py:188} INFO - [2026-07-13T02:45:27.842+0000] {dag.py:3096} INFO - Sync 1 DAGs
[2026-07-13T02:45:27.880+0000] {logging_mixin.py:188} INFO - [2026-07-13T02:45:27.880+0000] {dag.py:3954} INFO - Setting next_dagrun for dag_shipment_sim to 2026-07-13 02:00:00+00:00, run_after=2026-07-13 03:00:00+00:00
[2026-07-13T02:45:27.889+0000] {processor.py:183} INFO - Processing /opt/airflow/dags/dag_shipment_sim.py took 0.196 seconds
[2026-07-13T02:45:58.693+0000] {processor.py:161} INFO - Started process (PID=50567) to work on /opt/airflow/dags/dag_shipment_sim.py
[2026-07-13T02:45:58.694+0000] {processor.py:830} INFO - Processing file /opt/airflow/dags/dag_shipment_sim.py for tasks to queue
[2026-07-13T02:45:58.695+0000] {logging_mixin.py:188} INFO - [2026-07-13T02:45:58.695+0000] {dagbag.py:545} INFO - Filling up the DagBag from /opt/airflow/dags/dag_shipment_sim.py
[2026-07-13T02:45:58.712+0000] {processor.py:840} INFO - DAG(s) 'dag_shipment_sim' retrieved from /opt/airflow/dags/dag_shipment_sim.py
[2026-07-13T02:45:58.727+0000] {logging_mixin.py:188} INFO - [2026-07-13T02:45:58.727+0000] {dag.py:3096} INFO - Sync 1 DAGs
[2026-07-13T02:45:58.737+0000] {logging_mixin.py:188} INFO - [2026-07-13T02:45:58.737+0000] {dag.py:3954} INFO - Setting next_dagrun for dag_shipment_sim to 2026-07-13 02:00:00+00:00, run_after=2026-07-13 03:00:00+00:00
[2026-07-13T02:45:58.748+0000] {processor.py:183} INFO - Processing /opt/airflow/dags/dag_shipment_sim.py took 0.059 seconds
[2026-07-13T02:46:29.825+0000] {processor.py:161} INFO - Started process (PID=50604) to work on /opt/airflow/dags/dag_shipment_sim.py
[2026-07-13T02:46:29.826+0000] {processor.py:830} INFO - Processing file /opt/airflow/dags/dag_shipment_sim.py for tasks to queue
[2026-07-13T02:46:29.827+0000] {logging_mixin.py:188} INFO - [2026-07-13T02:46:29.827+0000] {dagbag.py:545} INFO - Filling up the DagBag from /opt/airflow/dags/dag_shipment_sim.py
[2026-07-13T02:46:29.835+0000] {processor.py:840} INFO - DAG(s) 'dag_shipment_sim' retrieved from /opt/airflow/dags/dag_shipment_sim.py
[2026-07-13T02:46:29.847+0000] {logging_mixin.py:188} INFO - [2026-07-13T02:46:29.847+0000] {dag.py:3096} INFO - Sync 1 DAGs
[2026-07-13T02:46:29.856+0000] {logging_mixin.py:188} INFO - [2026-07-13T02:46:29.856+0000] {dag.py:3954} INFO - Setting next_dagrun for dag_shipment_sim to 2026-07-13 02:00:00+00:00, run_after=2026-07-13 03:00:00+00:00
[2026-07-13T02:46:29.866+0000] {processor.py:183} INFO - Processing /opt/airflow/dags/dag_shipment_sim.py took 0.046 seconds
[2026-07-13T02:47:00.944+0000] {processor.py:161} INFO - Started process (PID=50641) to work on /opt/airflow/dags/dag_shipment_sim.py
[2026-07-13T02:47:00.947+0000] {processor.py:830} INFO - Processing file /opt/airflow/dags/dag_shipment_sim.py for tasks to queue
[2026-07-13T02:47:00.948+0000] {logging_mixin.py:188} INFO - [2026-07-13T02:47:00.947+0000] {dagbag.py:545} INFO - Filling up the DagBag from /opt/airflow/dags/dag_shipment_sim.py
[2026-07-13T02:47:00.960+0000] {processor.py:840} INFO - DAG(s) 'dag_shipment_sim' retrieved from /opt/airflow/dags/dag_shipment_sim.py
[2026-07-13T02:47:00.971+0000] {logging_mixin.py:188} INFO - [2026-07-13T02:47:00.971+0000] {dag.py:3096} INFO - Sync 1 DAGs
[2026-07-13T02:47:00.997+0000] {logging_mixin.py:188} INFO - [2026-07-13T02:47:00.997+0000] {dag.py:3954} INFO - Setting next_dagrun for dag_shipment_sim to 2026-07-13 02:00:00+00:00, run_after=2026-07-13 03:00:00+00:00
[2026-07-13T02:47:01.008+0000] {processor.py:183} INFO - Processing /opt/airflow/dags/dag_shipment_sim.py took 0.068 seconds
[2026-07-13T02:47:31.749+0000] {processor.py:161} INFO - Started process (PID=50677) to work on /opt/airflow/dags/dag_shipment_sim.py
[2026-07-13T02:47:31.750+0000] {processor.py:830} INFO - Processing file /opt/airflow/dags/dag_shipment_sim.py for tasks to queue
[2026-07-13T02:47:31.751+0000] {logging_mixin.py:188} INFO - [2026-07-13T02:47:31.751+0000] {dagbag.py:545} INFO - Filling up the DagBag from /opt/airflow/dags/dag_shipment_sim.py
[2026-07-13T02:47:31.767+0000] {processor.py:840} INFO - DAG(s) 'dag_shipment_sim' retrieved from /opt/airflow/dags/dag_shipment_sim.py
[2026-07-13T02:47:31.784+0000] {logging_mixin.py:188} INFO - [2026-07-13T02:47:31.784+0000] {dag.py:3096} INFO - Sync 1 DAGs
[2026-07-13T02:47:31.795+0000] {logging_mixin.py:188} INFO - [2026-07-13T02:47:31.795+0000] {dag.py:3954} INFO - Setting next_dagrun for dag_shipment_sim to 2026-07-13 02:00:00+00:00, run_after=2026-07-13 03:00:00+00:00
[2026-07-13T02:47:31.806+0000] {processor.py:183} INFO - Processing /opt/airflow/dags/dag_shipment_sim.py took 0.067 seconds
[2026-07-13T02:48:01.941+0000] {processor.py:161} INFO - Started process (PID=50708) to work on /opt/airflow/dags/dag_shipment_sim.py
[2026-07-13T02:48:01.944+0000] {processor.py:830} INFO - Processing file /opt/airflow/dags/dag_shipment_sim.py for tasks to queue
[2026-07-13T02:48:01.950+0000] {logging_mixin.py:188} INFO - [2026-07-13T02:48:01.950+0000] {dagbag.py:545} INFO - Filling up the DagBag from /opt/airflow/dags/dag_shipment_sim.py
[2026-07-13T02:48:02.014+0000] {processor.py:840} INFO - DAG(s) 'dag_shipment_sim' retrieved from /opt/airflow/dags/dag_shipment_sim.py
[2026-07-13T02:48:02.060+0000] {logging_mixin.py:188} INFO - [2026-07-13T02:48:02.060+0000] {dag.py:3096} INFO - Sync 1 DAGs
[2026-07-13T02:48:02.083+0000] {logging_mixin.py:188} INFO - [2026-07-13T02:48:02.083+0000] {dag.py:3954} INFO - Setting next_dagrun for dag_shipment_sim to 2026-07-13 02:00:00+00:00, run_after=2026-07-13 03:00:00+00:00
[2026-07-13T02:48:02.103+0000] {processor.py:183} INFO - Processing /opt/airflow/dags/dag_shipment_sim.py took 0.173 seconds
[2026-07-13T02:48:32.236+0000] {processor.py:161} INFO - Started process (PID=50742) to work on /opt/airflow/dags/dag_shipment_sim.py
[2026-07-13T02:48:32.238+0000] {processor.py:830} INFO - Processing file /opt/airflow/dags/dag_shipment_sim.py for tasks to queue
[2026-07-13T02:48:32.243+0000] {logging_mixin.py:188} INFO - [2026-07-13T02:48:32.241+0000] {dagbag.py:545} INFO - Filling up the DagBag from /opt/airflow/dags/dag_shipment_sim.py
[2026-07-13T02:48:32.302+0000] {processor.py:840} INFO - DAG(s) 'dag_shipment_sim' retrieved from /opt/airflow/dags/dag_shipment_sim.py
[2026-07-13T02:48:32.338+0000] {logging_mixin.py:188} INFO - [2026-07-13T02:48:32.338+0000] {dag.py:3096} INFO - Sync 1 DAGs
[2026-07-13T02:48:32.364+0000] {logging_mixin.py:188} INFO - [2026-07-13T02:48:32.364+0000] {dag.py:3954} INFO - Setting next_dagrun for dag_shipment_sim to 2026-07-13 02:00:00+00:00, run_after=2026-07-13 03:00:00+00:00
[2026-07-13T02:48:32.382+0000] {processor.py:183} INFO - Processing /opt/airflow/dags/dag_shipment_sim.py took 0.163 seconds
[2026-07-13T02:49:02.465+0000] {processor.py:161} INFO - Started process (PID=50779) to work on /opt/airflow/dags/dag_shipment_sim.py
[2026-07-13T02:49:02.467+0000] {processor.py:830} INFO - Processing file /opt/airflow/dags/dag_shipment_sim.py for tasks to queue
[2026-07-13T02:49:02.469+0000] {logging_mixin.py:188} INFO - [2026-07-13T02:49:02.469+0000] {dagbag.py:545} INFO - Filling up the DagBag from /opt/airflow/dags/dag_shipment_sim.py
[2026-07-13T02:49:02.485+0000] {processor.py:840} INFO - DAG(s) 'dag_shipment_sim' retrieved from /opt/airflow/dags/dag_shipment_sim.py
[2026-07-13T02:49:02.508+0000] {logging_mixin.py:188} INFO - [2026-07-13T02:49:02.508+0000] {dag.py:3096} INFO - Sync 1 DAGs
[2026-07-13T02:49:02.525+0000] {logging_mixin.py:188} INFO - [2026-07-13T02:49:02.525+0000] {dag.py:3954} INFO - Setting next_dagrun for dag_shipment_sim to 2026-07-13 02:00:00+00:00, run_after=2026-07-13 03:00:00+00:00
[2026-07-13T02:49:02.551+0000] {processor.py:183} INFO - Processing /opt/airflow/dags/dag_shipment_sim.py took 0.094 seconds
[2026-07-13T02:49:32.654+0000] {processor.py:161} INFO - Started process (PID=50816) to work on /opt/airflow/dags/dag_shipment_sim.py
[2026-07-13T02:49:32.656+0000] {processor.py:830} INFO - Processing file /opt/airflow/dags/dag_shipment_sim.py for tasks to queue
[2026-07-13T02:49:32.658+0000] {logging_mixin.py:188} INFO - [2026-07-13T02:49:32.658+0000] {dagbag.py:545} INFO - Filling up the DagBag from /opt/airflow/dags/dag_shipment_sim.py
[2026-07-13T02:49:32.687+0000] {processor.py:840} INFO - DAG(s) 'dag_shipment_sim' retrieved from /opt/airflow/dags/dag_shipment_sim.py
[2026-07-13T02:49:32.721+0000] {logging_mixin.py:188} INFO - [2026-07-13T02:49:32.721+0000] {dag.py:3096} INFO - Sync 1 DAGs
[2026-07-13T02:49:32.739+0000] {logging_mixin.py:188} INFO - [2026-07-13T02:49:32.739+0000] {dag.py:3954} INFO - Setting next_dagrun for dag_shipment_sim to 2026-07-13 02:00:00+00:00, run_after=2026-07-13 03:00:00+00:00
[2026-07-13T02:49:32.760+0000] {processor.py:183} INFO - Processing /opt/airflow/dags/dag_shipment_sim.py took 0.121 seconds
[2026-07-13T02:50:03.533+0000] {processor.py:161} INFO - Started process (PID=50853) to work on /opt/airflow/dags/dag_shipment_sim.py
[2026-07-13T02:50:03.534+0000] {processor.py:830} INFO - Processing file /opt/airflow/dags/dag_shipment_sim.py for tasks to queue
[2026-07-13T02:50:03.535+0000] {logging_mixin.py:188} INFO - [2026-07-13T02:50:03.535+0000] {dagbag.py:545} INFO - Filling up the DagBag from /opt/airflow/dags/dag_shipment_sim.py
[2026-07-13T02:50:03.548+0000] {processor.py:840} INFO - DAG(s) 'dag_shipment_sim' retrieved from /opt/airflow/dags/dag_shipment_sim.py
[2026-07-13T02:50:03.565+0000] {logging_mixin.py:188} INFO - [2026-07-13T02:50:03.565+0000] {dag.py:3096} INFO - Sync 1 DAGs
[2026-07-13T02:50:03.582+0000] {logging_mixin.py:188} INFO - [2026-07-13T02:50:03.582+0000] {dag.py:3954} INFO - Setting next_dagrun for dag_shipment_sim to 2026-07-13 02:00:00+00:00, run_after=2026-07-13 03:00:00+00:00
[2026-07-13T02:50:03.594+0000] {processor.py:183} INFO - Processing /opt/airflow/dags/dag_shipment_sim.py took 0.067 seconds
[2026-07-13T02:50:33.721+0000] {processor.py:161} INFO - Started process (PID=50890) to work on /opt/airflow/dags/dag_shipment_sim.py
[2026-07-13T02:50:33.723+0000] {processor.py:830} INFO - Processing file /opt/airflow/dags/dag_shipment_sim.py for tasks to queue
[2026-07-13T02:50:33.725+0000] {logging_mixin.py:188} INFO - [2026-07-13T02:50:33.725+0000] {dagbag.py:545} INFO - Filling up the DagBag from /opt/airflow/dags/dag_shipment_sim.py
[2026-07-13T02:50:33.755+0000] {processor.py:840} INFO - DAG(s) 'dag_shipment_sim' retrieved from /opt/airflow/dags/dag_shipment_sim.py
[2026-07-13T02:50:33.802+0000] {logging_mixin.py:188} INFO - [2026-07-13T02:50:33.802+0000] {dag.py:3096} INFO - Sync 1 DAGs
[2026-07-13T02:50:33.820+0000] {logging_mixin.py:188} INFO - [2026-07-13T02:50:33.820+0000] {dag.py:3954} INFO - Setting next_dagrun for dag_shipment_sim to 2026-07-13 02:00:00+00:00, run_after=2026-07-13 03:00:00+00:00
[2026-07-13T02:50:33.834+0000] {processor.py:183} INFO - Processing /opt/airflow/dags/dag_shipment_sim.py took 0.127 seconds
[2026-07-13T02:51:03.957+0000] {processor.py:161} INFO - Started process (PID=50927) to work on /opt/airflow/dags/dag_shipment_sim.py
[2026-07-13T02:51:03.962+0000] {processor.py:830} INFO - Processing file /opt/airflow/dags/dag_shipment_sim.py for tasks to queue
[2026-07-13T02:51:03.964+0000] {logging_mixin.py:188} INFO - [2026-07-13T02:51:03.964+0000] {dagbag.py:545} INFO - Filling up the DagBag from /opt/airflow/dags/dag_shipment_sim.py
[2026-07-13T02:51:03.980+0000] {processor.py:840} INFO - DAG(s) 'dag_shipment_sim' retrieved from /opt/airflow/dags/dag_shipment_sim.py
[2026-07-13T02:51:03.997+0000] {logging_mixin.py:188} INFO - [2026-07-13T02:51:03.997+0000] {dag.py:3096} INFO - Sync 1 DAGs
[2026-07-13T02:51:04.017+0000] {logging_mixin.py:188} INFO - [2026-07-13T02:51:04.017+0000] {dag.py:3954} INFO - Setting next_dagrun for dag_shipment_sim to 2026-07-13 02:00:00+00:00, run_after=2026-07-13 03:00:00+00:00
[2026-07-13T02:51:04.029+0000] {processor.py:183} INFO - Processing /opt/airflow/dags/dag_shipment_sim.py took 0.090 seconds
[2026-07-13T02:51:34.159+0000] {processor.py:161} INFO - Started process (PID=50964) to work on /opt/airflow/dags/dag_shipment_sim.py
[2026-07-13T02:51:34.161+0000] {processor.py:830} INFO - Processing file /opt/airflow/dags/dag_shipment_sim.py for tasks to queue
[2026-07-13T02:51:34.165+0000] {logging_mixin.py:188} INFO - [2026-07-13T02:51:34.164+0000] {dagbag.py:545} INFO - Filling up the DagBag from /opt/airflow/dags/dag_shipment_sim.py
[2026-07-13T02:51:34.187+0000] {processor.py:840} INFO - DAG(s) 'dag_shipment_sim' retrieved from /opt/airflow/dags/dag_shipment_sim.py
[2026-07-13T02:51:34.214+0000] {logging_mixin.py:188} INFO - [2026-07-13T02:51:34.214+0000] {dag.py:3096} INFO - Sync 1 DAGs
[2026-07-13T02:51:34.232+0000] {logging_mixin.py:188} INFO - [2026-07-13T02:51:34.232+0000] {dag.py:3954} INFO - Setting next_dagrun for dag_shipment_sim to 2026-07-13 02:00:00+00:00, run_after=2026-07-13 03:00:00+00:00
[2026-07-13T02:51:34.248+0000] {processor.py:183} INFO - Processing /opt/airflow/dags/dag_shipment_sim.py took 0.100 seconds
[2026-07-13T02:52:05.144+0000] {processor.py:161} INFO - Started process (PID=51001) to work on /opt/airflow/dags/dag_shipment_sim.py
[2026-07-13T02:52:05.145+0000] {processor.py:830} INFO - Processing file /opt/airflow/dags/dag_shipment_sim.py for tasks to queue
[2026-07-13T02:52:05.147+0000] {logging_mixin.py:188} INFO - [2026-07-13T02:52:05.147+0000] {dagbag.py:545} INFO - Filling up the DagBag from /opt/airflow/dags/dag_shipment_sim.py
[2026-07-13T02:52:05.168+0000] {processor.py:840} INFO - DAG(s) 'dag_shipment_sim' retrieved from /opt/airflow/dags/dag_shipment_sim.py
[2026-07-13T02:52:05.185+0000] {logging_mixin.py:188} INFO - [2026-07-13T02:52:05.185+0000] {dag.py:3096} INFO - Sync 1 DAGs
[2026-07-13T02:52:05.199+0000] {logging_mixin.py:188} INFO - [2026-07-13T02:52:05.198+0000] {dag.py:3954} INFO - Setting next_dagrun for dag_shipment_sim to 2026-07-13 02:00:00+00:00, run_after=2026-07-13 03:00:00+00:00
[2026-07-13T02:52:05.209+0000] {processor.py:183} INFO - Processing /opt/airflow/dags/dag_shipment_sim.py took 0.082 seconds
[2026-07-13T02:52:36.140+0000] {processor.py:161} INFO - Started process (PID=51038) to work on /opt/airflow/dags/dag_shipment_sim.py
[2026-07-13T02:52:36.142+0000] {processor.py:830} INFO - Processing file /opt/airflow/dags/dag_shipment_sim.py for tasks to queue
[2026-07-13T02:52:36.144+0000] {logging_mixin.py:188} INFO - [2026-07-13T02:52:36.144+0000] {dagbag.py:545} INFO - Filling up the DagBag from /opt/airflow/dags/dag_shipment_sim.py
[2026-07-13T02:52:36.166+0000] {processor.py:840} INFO - DAG(s) 'dag_shipment_sim' retrieved from /opt/airflow/dags/dag_shipment_sim.py
[2026-07-13T02:52:36.199+0000] {logging_mixin.py:188} INFO - [2026-07-13T02:52:36.198+0000] {dag.py:3096} INFO - Sync 1 DAGs
[2026-07-13T02:52:36.219+0000] {logging_mixin.py:188} INFO - [2026-07-13T02:52:36.219+0000] {dag.py:3954} INFO - Setting next_dagrun for dag_shipment_sim to 2026-07-13 02:00:00+00:00, run_after=2026-07-13 03:00:00+00:00
[2026-07-13T02:52:36.234+0000] {processor.py:183} INFO - Processing /opt/airflow/dags/dag_shipment_sim.py took 0.105 seconds
[2026-07-13T02:53:07.018+0000] {processor.py:161} INFO - Started process (PID=51075) to work on /opt/airflow/dags/dag_shipment_sim.py
[2026-07-13T02:53:07.020+0000] {processor.py:830} INFO - Processing file /opt/airflow/dags/dag_shipment_sim.py for tasks to queue
[2026-07-13T02:53:07.022+0000] {logging_mixin.py:188} INFO - [2026-07-13T02:53:07.021+0000] {dagbag.py:545} INFO - Filling up the DagBag from /opt/airflow/dags/dag_shipment_sim.py
[2026-07-13T02:53:07.049+0000] {processor.py:840} INFO - DAG(s) 'dag_shipment_sim' retrieved from /opt/airflow/dags/dag_shipment_sim.py
[2026-07-13T02:53:07.081+0000] {logging_mixin.py:188} INFO - [2026-07-13T02:53:07.080+0000] {dag.py:3096} INFO - Sync 1 DAGs
[2026-07-13T02:53:07.109+0000] {logging_mixin.py:188} INFO - [2026-07-13T02:53:07.109+0000] {dag.py:3954} INFO - Setting next_dagrun for dag_shipment_sim to 2026-07-13 02:00:00+00:00, run_after=2026-07-13 03:00:00+00:00
[2026-07-13T02:53:07.139+0000] {processor.py:183} INFO - Processing /opt/airflow/dags/dag_shipment_sim.py took 0.134 seconds
[2026-07-13T02:53:38.067+0000] {processor.py:161} INFO - Started process (PID=51112) to work on /opt/airflow/dags/dag_shipment_sim.py
[2026-07-13T02:53:38.069+0000] {processor.py:830} INFO - Processing file /opt/airflow/dags/dag_shipment_sim.py for tasks to queue
[2026-07-13T02:53:38.071+0000] {logging_mixin.py:188} INFO - [2026-07-13T02:53:38.071+0000] {dagbag.py:545} INFO - Filling up the DagBag from /opt/airflow/dags/dag_shipment_sim.py
[2026-07-13T02:53:38.086+0000] {processor.py:840} INFO - DAG(s) 'dag_shipment_sim' retrieved from /opt/airflow/dags/dag_shipment_sim.py
[2026-07-13T02:53:38.100+0000] {logging_mixin.py:188} INFO - [2026-07-13T02:53:38.100+0000] {dag.py:3096} INFO - Sync 1 DAGs
[2026-07-13T02:53:38.115+0000] {logging_mixin.py:188} INFO - [2026-07-13T02:53:38.114+0000] {dag.py:3954} INFO - Setting next_dagrun for dag_shipment_sim to 2026-07-13 02:00:00+00:00, run_after=2026-07-13 03:00:00+00:00
[2026-07-13T02:53:38.123+0000] {processor.py:183} INFO - Processing /opt/airflow/dags/dag_shipment_sim.py took 0.070 seconds
[2026-07-13T02:54:08.226+0000] {processor.py:161} INFO - Started process (PID=51149) to work on /opt/airflow/dags/dag_shipment_sim.py
[2026-07-13T02:54:08.228+0000] {processor.py:830} INFO - Processing file /opt/airflow/dags/dag_shipment_sim.py for tasks to queue
[2026-07-13T02:54:08.229+0000] {logging_mixin.py:188} INFO - [2026-07-13T02:54:08.229+0000] {dagbag.py:545} INFO - Filling up the DagBag from /opt/airflow/dags/dag_shipment_sim.py
[2026-07-13T02:54:08.245+0000] {processor.py:840} INFO - DAG(s) 'dag_shipment_sim' retrieved from /opt/airflow/dags/dag_shipment_sim.py
[2026-07-13T02:54:08.261+0000] {logging_mixin.py:188} INFO - [2026-07-13T02:54:08.260+0000] {dag.py:3096} INFO - Sync 1 DAGs
[2026-07-13T02:54:08.273+0000] {logging_mixin.py:188} INFO - [2026-07-13T02:54:08.273+0000] {dag.py:3954} INFO - Setting next_dagrun for dag_shipment_sim to 2026-07-13 02:00:00+00:00, run_after=2026-07-13 03:00:00+00:00
[2026-07-13T02:54:08.282+0000] {processor.py:183} INFO - Processing /opt/airflow/dags/dag_shipment_sim.py took 0.064 seconds
[2026-07-13T02:54:38.345+0000] {processor.py:161} INFO - Started process (PID=51186) to work on /opt/airflow/dags/dag_shipment_sim.py
[2026-07-13T02:54:38.347+0000] {processor.py:830} INFO - Processing file /opt/airflow/dags/dag_shipment_sim.py for tasks to queue
[2026-07-13T02:54:38.352+0000] {logging_mixin.py:188} INFO - [2026-07-13T02:54:38.351+0000] {dagbag.py:545} INFO - Filling up the DagBag from /opt/airflow/dags/dag_shipment_sim.py
[2026-07-13T02:54:38.368+0000] {processor.py:840} INFO - DAG(s) 'dag_shipment_sim' retrieved from /opt/airflow/dags/dag_shipment_sim.py
[2026-07-13T02:54:38.384+0000] {logging_mixin.py:188} INFO - [2026-07-13T02:54:38.384+0000] {dag.py:3096} INFO - Sync 1 DAGs
[2026-07-13T02:54:38.394+0000] {logging_mixin.py:188} INFO - [2026-07-13T02:54:38.394+0000] {dag.py:3954} INFO - Setting next_dagrun for dag_shipment_sim to 2026-07-13 02:00:00+00:00, run_after=2026-07-13 03:00:00+00:00
[2026-07-13T02:54:38.404+0000] {processor.py:183} INFO - Processing /opt/airflow/dags/dag_shipment_sim.py took 0.069 seconds
[2026-07-13T02:55:09.146+0000] {processor.py:161} INFO - Started process (PID=51223) to work on /opt/airflow/dags/dag_shipment_sim.py
[2026-07-13T02:55:09.148+0000] {processor.py:830} INFO - Processing file /opt/airflow/dags/dag_shipment_sim.py for tasks to queue
[2026-07-13T02:55:09.150+0000] {logging_mixin.py:188} INFO - [2026-07-13T02:55:09.149+0000] {dagbag.py:545} INFO - Filling up the DagBag from /opt/airflow/dags/dag_shipment_sim.py
[2026-07-13T02:55:09.164+0000] {processor.py:840} INFO - DAG(s) 'dag_shipment_sim' retrieved from /opt/airflow/dags/dag_shipment_sim.py
[2026-07-13T02:55:09.183+0000] {logging_mixin.py:188} INFO - [2026-07-13T02:55:09.183+0000] {dag.py:3096} INFO - Sync 1 DAGs
[2026-07-13T02:55:09.196+0000] {logging_mixin.py:188} INFO - [2026-07-13T02:55:09.196+0000] {dag.py:3954} INFO - Setting next_dagrun for dag_shipment_sim to 2026-07-13 02:00:00+00:00, run_after=2026-07-13 03:00:00+00:00
[2026-07-13T02:55:09.212+0000] {processor.py:183} INFO - Processing /opt/airflow/dags/dag_shipment_sim.py took 0.075 seconds
[2026-07-13T02:55:40.103+0000] {processor.py:161} INFO - Started process (PID=51260) to work on /opt/airflow/dags/dag_shipment_sim.py
[2026-07-13T02:55:40.107+0000] {processor.py:830} INFO - Processing file /opt/airflow/dags/dag_shipment_sim.py for tasks to queue
[2026-07-13T02:55:40.113+0000] {logging_mixin.py:188} INFO - [2026-07-13T02:55:40.112+0000] {dagbag.py:545} INFO - Filling up the DagBag from /opt/airflow/dags/dag_shipment_sim.py
[2026-07-13T02:55:40.164+0000] {processor.py:840} INFO - DAG(s) 'dag_shipment_sim' retrieved from /opt/airflow/dags/dag_shipment_sim.py
[2026-07-13T02:55:40.236+0000] {logging_mixin.py:188} INFO - [2026-07-13T02:55:40.236+0000] {dag.py:3096} INFO - Sync 1 DAGs
[2026-07-13T02:55:40.269+0000] {logging_mixin.py:188} INFO - [2026-07-13T02:55:40.268+0000] {dag.py:3954} INFO - Setting next_dagrun for dag_shipment_sim to 2026-07-13 02:00:00+00:00, run_after=2026-07-13 03:00:00+00:00
[2026-07-13T02:55:40.280+0000] {processor.py:183} INFO - Processing /opt/airflow/dags/dag_shipment_sim.py took 0.200 seconds
[2026-07-13T02:56:11.136+0000] {processor.py:161} INFO - Started process (PID=51297) to work on /opt/airflow/dags/dag_shipment_sim.py
[2026-07-13T02:56:11.141+0000] {processor.py:830} INFO - Processing file /opt/airflow/dags/dag_shipment_sim.py for tasks to queue
[2026-07-13T02:56:11.151+0000] {logging_mixin.py:188} INFO - [2026-07-13T02:56:11.151+0000] {dagbag.py:545} INFO - Filling up the DagBag from /opt/airflow/dags/dag_shipment_sim.py
[2026-07-13T02:56:11.171+0000] {processor.py:840} INFO - DAG(s) 'dag_shipment_sim' retrieved from /opt/airflow/dags/dag_shipment_sim.py
[2026-07-13T02:56:11.191+0000] {logging_mixin.py:188} INFO - [2026-07-13T02:56:11.191+0000] {dag.py:3096} INFO - Sync 1 DAGs
[2026-07-13T02:56:11.203+0000] {logging_mixin.py:188} INFO - [2026-07-13T02:56:11.202+0000] {dag.py:3954} INFO - Setting next_dagrun for dag_shipment_sim to 2026-07-13 02:00:00+00:00, run_after=2026-07-13 03:00:00+00:00
[2026-07-13T02:56:11.211+0000] {processor.py:183} INFO - Processing /opt/airflow/dags/dag_shipment_sim.py took 0.084 seconds
[2026-07-13T02:56:41.547+0000] {processor.py:161} INFO - Started process (PID=51334) to work on /opt/airflow/dags/dag_shipment_sim.py
[2026-07-13T02:56:41.549+0000] {processor.py:830} INFO - Processing file /opt/airflow/dags/dag_shipment_sim.py for tasks to queue
[2026-07-13T02:56:41.552+0000] {logging_mixin.py:188} INFO - [2026-07-13T02:56:41.552+0000] {dagbag.py:545} INFO - Filling up the DagBag from /opt/airflow/dags/dag_shipment_sim.py
[2026-07-13T02:56:41.567+0000] {processor.py:840} INFO - DAG(s) 'dag_shipment_sim' retrieved from /opt/airflow/dags/dag_shipment_sim.py
[2026-07-13T02:56:41.599+0000] {logging_mixin.py:188} INFO - [2026-07-13T02:56:41.599+0000] {dag.py:3096} INFO - Sync 1 DAGs
[2026-07-13T02:56:41.612+0000] {logging_mixin.py:188} INFO - [2026-07-13T02:56:41.612+0000] {dag.py:3954} INFO - Setting next_dagrun for dag_shipment_sim to 2026-07-13 02:00:00+00:00, run_after=2026-07-13 03:00:00+00:00
[2026-07-13T02:56:41.626+0000] {processor.py:183} INFO - Processing /opt/airflow/dags/dag_shipment_sim.py took 0.089 seconds
[2026-07-13T02:57:12.529+0000] {processor.py:161} INFO - Started process (PID=51371) to work on /opt/airflow/dags/dag_shipment_sim.py
[2026-07-13T02:57:12.531+0000] {processor.py:830} INFO - Processing file /opt/airflow/dags/dag_shipment_sim.py for tasks to queue
[2026-07-13T02:57:12.533+0000] {logging_mixin.py:188} INFO - [2026-07-13T02:57:12.532+0000] {dagbag.py:545} INFO - Filling up the DagBag from /opt/airflow/dags/dag_shipment_sim.py
[2026-07-13T02:57:12.547+0000] {processor.py:840} INFO - DAG(s) 'dag_shipment_sim' retrieved from /opt/airflow/dags/dag_shipment_sim.py
[2026-07-13T02:57:12.560+0000] {logging_mixin.py:188} INFO - [2026-07-13T02:57:12.560+0000] {dag.py:3096} INFO - Sync 1 DAGs
[2026-07-13T02:57:12.571+0000] {logging_mixin.py:188} INFO - [2026-07-13T02:57:12.571+0000] {dag.py:3954} INFO - Setting next_dagrun for dag_shipment_sim to 2026-07-13 02:00:00+00:00, run_after=2026-07-13 03:00:00+00:00
[2026-07-13T02:57:12.579+0000] {processor.py:183} INFO - Processing /opt/airflow/dags/dag_shipment_sim.py took 0.056 seconds
[2026-07-13T02:57:42.648+0000] {processor.py:161} INFO - Started process (PID=51408) to work on /opt/airflow/dags/dag_shipment_sim.py
[2026-07-13T02:57:42.650+0000] {processor.py:830} INFO - Processing file /opt/airflow/dags/dag_shipment_sim.py for tasks to queue
[2026-07-13T02:57:42.652+0000] {logging_mixin.py:188} INFO - [2026-07-13T02:57:42.651+0000] {dagbag.py:545} INFO - Filling up the DagBag from /opt/airflow/dags/dag_shipment_sim.py
[2026-07-13T02:57:42.668+0000] {processor.py:840} INFO - DAG(s) 'dag_shipment_sim' retrieved from /opt/airflow/dags/dag_shipment_sim.py
[2026-07-13T02:57:42.688+0000] {logging_mixin.py:188} INFO - [2026-07-13T02:57:42.688+0000] {dag.py:3096} INFO - Sync 1 DAGs
[2026-07-13T02:57:42.701+0000] {logging_mixin.py:188} INFO - [2026-07-13T02:57:42.701+0000] {dag.py:3954} INFO - Setting next_dagrun for dag_shipment_sim to 2026-07-13 02:00:00+00:00, run_after=2026-07-13 03:00:00+00:00
[2026-07-13T02:57:42.711+0000] {processor.py:183} INFO - Processing /opt/airflow/dags/dag_shipment_sim.py took 0.069 seconds
[2026-07-13T02:58:13.511+0000] {processor.py:161} INFO - Started process (PID=51445) to work on /opt/airflow/dags/dag_shipment_sim.py
[2026-07-13T02:58:13.521+0000] {processor.py:830} INFO - Processing file /opt/airflow/dags/dag_shipment_sim.py for tasks to queue
[2026-07-13T02:58:13.524+0000] {logging_mixin.py:188} INFO - [2026-07-13T02:58:13.524+0000] {dagbag.py:545} INFO - Filling up the DagBag from /opt/airflow/dags/dag_shipment_sim.py
[2026-07-13T02:58:13.552+0000] {processor.py:840} INFO - DAG(s) 'dag_shipment_sim' retrieved from /opt/airflow/dags/dag_shipment_sim.py
[2026-07-13T02:58:13.580+0000] {logging_mixin.py:188} INFO - [2026-07-13T02:58:13.580+0000] {dag.py:3096} INFO - Sync 1 DAGs
[2026-07-13T02:58:13.616+0000] {logging_mixin.py:188} INFO - [2026-07-13T02:58:13.615+0000] {dag.py:3954} INFO - Setting next_dagrun for dag_shipment_sim to 2026-07-13 02:00:00+00:00, run_after=2026-07-13 03:00:00+00:00
[2026-07-13T02:58:13.627+0000] {processor.py:183} INFO - Processing /opt/airflow/dags/dag_shipment_sim.py took 0.133 seconds
[2026-07-13T02:58:43.772+0000] {processor.py:161} INFO - Started process (PID=51482) to work on /opt/airflow/dags/dag_shipment_sim.py
[2026-07-13T02:58:43.773+0000] {processor.py:830} INFO - Processing file /opt/airflow/dags/dag_shipment_sim.py for tasks to queue
[2026-07-13T02:58:43.774+0000] {logging_mixin.py:188} INFO - [2026-07-13T02:58:43.774+0000] {dagbag.py:545} INFO - Filling up the DagBag from /opt/airflow/dags/dag_shipment_sim.py
[2026-07-13T02:58:43.791+0000] {processor.py:840} INFO - DAG(s) 'dag_shipment_sim' retrieved from /opt/airflow/dags/dag_shipment_sim.py
[2026-07-13T02:58:43.804+0000] {logging_mixin.py:188} INFO - [2026-07-13T02:58:43.804+0000] {dag.py:3096} INFO - Sync 1 DAGs
[2026-07-13T02:58:43.815+0000] {logging_mixin.py:188} INFO - [2026-07-13T02:58:43.814+0000] {dag.py:3954} INFO - Setting next_dagrun for dag_shipment_sim to 2026-07-13 02:00:00+00:00, run_after=2026-07-13 03:00:00+00:00
[2026-07-13T02:58:43.827+0000] {processor.py:183} INFO - Processing /opt/airflow/dags/dag_shipment_sim.py took 0.067 seconds
[2026-07-13T02:59:14.718+0000] {processor.py:161} INFO - Started process (PID=51519) to work on /opt/airflow/dags/dag_shipment_sim.py
[2026-07-13T02:59:14.719+0000] {processor.py:830} INFO - Processing file /opt/airflow/dags/dag_shipment_sim.py for tasks to queue
[2026-07-13T02:59:14.722+0000] {logging_mixin.py:188} INFO - [2026-07-13T02:59:14.721+0000] {dagbag.py:545} INFO - Filling up the DagBag from /opt/airflow/dags/dag_shipment_sim.py
[2026-07-13T02:59:14.734+0000] {processor.py:840} INFO - DAG(s) 'dag_shipment_sim' retrieved from /opt/airflow/dags/dag_shipment_sim.py
[2026-07-13T02:59:14.749+0000] {logging_mixin.py:188} INFO - [2026-07-13T02:59:14.749+0000] {dag.py:3096} INFO - Sync 1 DAGs
[2026-07-13T02:59:14.761+0000] {logging_mixin.py:188} INFO - [2026-07-13T02:59:14.761+0000] {dag.py:3954} INFO - Setting next_dagrun for dag_shipment_sim to 2026-07-13 02:00:00+00:00, run_after=2026-07-13 03:00:00+00:00
[2026-07-13T02:59:14.771+0000] {processor.py:183} INFO - Processing /opt/airflow/dags/dag_shipment_sim.py took 0.062 seconds
[2026-07-13T02:59:44.865+0000] {processor.py:161} INFO - Started process (PID=51556) to work on /opt/airflow/dags/dag_shipment_sim.py
[2026-07-13T02:59:44.866+0000] {processor.py:830} INFO - Processing file /opt/airflow/dags/dag_shipment_sim.py for tasks to queue
[2026-07-13T02:59:44.868+0000] {logging_mixin.py:188} INFO - [2026-07-13T02:59:44.868+0000] {dagbag.py:545} INFO - Filling up the DagBag from /opt/airflow/dags/dag_shipment_sim.py
[2026-07-13T02:59:44.880+0000] {processor.py:840} INFO - DAG(s) 'dag_shipment_sim' retrieved from /opt/airflow/dags/dag_shipment_sim.py
[2026-07-13T02:59:44.895+0000] {logging_mixin.py:188} INFO - [2026-07-13T02:59:44.895+0000] {dag.py:3096} INFO - Sync 1 DAGs
[2026-07-13T02:59:44.906+0000] {logging_mixin.py:188} INFO - [2026-07-13T02:59:44.906+0000] {dag.py:3954} INFO - Setting next_dagrun for dag_shipment_sim to 2026-07-13 02:00:00+00:00, run_after=2026-07-13 03:00:00+00:00
[2026-07-13T02:59:44.916+0000] {processor.py:183} INFO - Processing /opt/airflow/dags/dag_shipment_sim.py took 0.056 seconds
[2026-07-13T03:00:15.333+0000] {processor.py:161} INFO - Started process (PID=52007) to work on /opt/airflow/dags/dag_shipment_sim.py
[2026-07-13T03:00:15.343+0000] {processor.py:830} INFO - Processing file /opt/airflow/dags/dag_shipment_sim.py for tasks to queue
[2026-07-13T03:00:15.365+0000] {logging_mixin.py:188} INFO - [2026-07-13T03:00:15.362+0000] {dagbag.py:545} INFO - Filling up the DagBag from /opt/airflow/dags/dag_shipment_sim.py
[2026-07-13T03:00:15.491+0000] {processor.py:840} INFO - DAG(s) 'dag_shipment_sim' retrieved from /opt/airflow/dags/dag_shipment_sim.py
[2026-07-13T03:00:15.587+0000] {logging_mixin.py:188} INFO - [2026-07-13T03:00:15.587+0000] {dag.py:3096} INFO - Sync 1 DAGs
[2026-07-13T03:00:15.660+0000] {logging_mixin.py:188} INFO - [2026-07-13T03:00:15.659+0000] {dag.py:3954} INFO - Setting next_dagrun for dag_shipment_sim to 2026-07-13 03:00:00+00:00, run_after=2026-07-13 04:00:00+00:00
[2026-07-13T03:00:15.723+0000] {processor.py:183} INFO - Processing /opt/airflow/dags/dag_shipment_sim.py took 0.450 seconds
[2026-07-13T03:00:46.594+0000] {processor.py:161} INFO - Started process (PID=52247) to work on /opt/airflow/dags/dag_shipment_sim.py
[2026-07-13T03:00:46.596+0000] {processor.py:830} INFO - Processing file /opt/airflow/dags/dag_shipment_sim.py for tasks to queue
[2026-07-13T03:00:46.599+0000] {logging_mixin.py:188} INFO - [2026-07-13T03:00:46.599+0000] {dagbag.py:545} INFO - Filling up the DagBag from /opt/airflow/dags/dag_shipment_sim.py
[2026-07-13T03:00:46.649+0000] {processor.py:840} INFO - DAG(s) 'dag_shipment_sim' retrieved from /opt/airflow/dags/dag_shipment_sim.py
[2026-07-13T03:00:46.674+0000] {logging_mixin.py:188} INFO - [2026-07-13T03:00:46.674+0000] {dag.py:3096} INFO - Sync 1 DAGs
[2026-07-13T03:00:46.689+0000] {logging_mixin.py:188} INFO - [2026-07-13T03:00:46.689+0000] {dag.py:3954} INFO - Setting next_dagrun for dag_shipment_sim to 2026-07-13 03:00:00+00:00, run_after=2026-07-13 04:00:00+00:00
[2026-07-13T03:00:46.700+0000] {processor.py:183} INFO - Processing /opt/airflow/dags/dag_shipment_sim.py took 0.118 seconds
[2026-07-13T03:01:17.589+0000] {processor.py:161} INFO - Started process (PID=52284) to work on /opt/airflow/dags/dag_shipment_sim.py
[2026-07-13T03:01:17.590+0000] {processor.py:830} INFO - Processing file /opt/airflow/dags/dag_shipment_sim.py for tasks to queue
[2026-07-13T03:01:17.591+0000] {logging_mixin.py:188} INFO - [2026-07-13T03:01:17.591+0000] {dagbag.py:545} INFO - Filling up the DagBag from /opt/airflow/dags/dag_shipment_sim.py
[2026-07-13T03:01:17.603+0000] {processor.py:840} INFO - DAG(s) 'dag_shipment_sim' retrieved from /opt/airflow/dags/dag_shipment_sim.py
[2026-07-13T03:01:17.617+0000] {logging_mixin.py:188} INFO - [2026-07-13T03:01:17.617+0000] {dag.py:3096} INFO - Sync 1 DAGs
[2026-07-13T03:01:17.629+0000] {logging_mixin.py:188} INFO - [2026-07-13T03:01:17.629+0000] {dag.py:3954} INFO - Setting next_dagrun for dag_shipment_sim to 2026-07-13 03:00:00+00:00, run_after=2026-07-13 04:00:00+00:00
[2026-07-13T03:01:17.639+0000] {processor.py:183} INFO - Processing /opt/airflow/dags/dag_shipment_sim.py took 0.055 seconds
[2026-07-13T03:01:48.494+0000] {processor.py:161} INFO - Started process (PID=52321) to work on /opt/airflow/dags/dag_shipment_sim.py
[2026-07-13T03:01:48.496+0000] {processor.py:830} INFO - Processing file /opt/airflow/dags/dag_shipment_sim.py for tasks to queue
[2026-07-13T03:01:48.499+0000] {logging_mixin.py:188} INFO - [2026-07-13T03:01:48.498+0000] {dagbag.py:545} INFO - Filling up the DagBag from /opt/airflow/dags/dag_shipment_sim.py
[2026-07-13T03:01:48.539+0000] {processor.py:840} INFO - DAG(s) 'dag_shipment_sim' retrieved from /opt/airflow/dags/dag_shipment_sim.py
[2026-07-13T03:01:48.588+0000] {logging_mixin.py:188} INFO - [2026-07-13T03:01:48.588+0000] {dag.py:3096} INFO - Sync 1 DAGs
[2026-07-13T03:01:48.619+0000] {logging_mixin.py:188} INFO - [2026-07-13T03:01:48.619+0000] {dag.py:3954} INFO - Setting next_dagrun for dag_shipment_sim to 2026-07-13 03:00:00+00:00, run_after=2026-07-13 04:00:00+00:00
[2026-07-13T03:01:48.641+0000] {processor.py:183} INFO - Processing /opt/airflow/dags/dag_shipment_sim.py took 0.161 seconds
[2026-07-13T03:02:19.544+0000] {processor.py:161} INFO - Started process (PID=52358) to work on /opt/airflow/dags/dag_shipment_sim.py
[2026-07-13T03:02:19.546+0000] {processor.py:830} INFO - Processing file /opt/airflow/dags/dag_shipment_sim.py for tasks to queue
[2026-07-13T03:02:19.552+0000] {logging_mixin.py:188} INFO - [2026-07-13T03:02:19.550+0000] {dagbag.py:545} INFO - Filling up the DagBag from /opt/airflow/dags/dag_shipment_sim.py
[2026-07-13T03:02:19.593+0000] {processor.py:840} INFO - DAG(s) 'dag_shipment_sim' retrieved from /opt/airflow/dags/dag_shipment_sim.py
[2026-07-13T03:02:19.647+0000] {logging_mixin.py:188} INFO - [2026-07-13T03:02:19.646+0000] {dag.py:3096} INFO - Sync 1 DAGs
[2026-07-13T03:02:19.681+0000] {logging_mixin.py:188} INFO - [2026-07-13T03:02:19.681+0000] {dag.py:3954} INFO - Setting next_dagrun for dag_shipment_sim to 2026-07-13 03:00:00+00:00, run_after=2026-07-13 04:00:00+00:00
[2026-07-13T03:02:19.696+0000] {processor.py:183} INFO - Processing /opt/airflow/dags/dag_shipment_sim.py took 0.163 seconds
[2026-07-13T03:02:50.405+0000] {processor.py:161} INFO - Started process (PID=52429) to work on /opt/airflow/dags/dag_shipment_sim.py
[2026-07-13T03:02:50.406+0000] {processor.py:830} INFO - Processing file /opt/airflow/dags/dag_shipment_sim.py for tasks to queue
[2026-07-13T03:02:50.409+0000] {logging_mixin.py:188} INFO - [2026-07-13T03:02:50.409+0000] {dagbag.py:545} INFO - Filling up the DagBag from /opt/airflow/dags/dag_shipment_sim.py
[2026-07-13T03:02:50.424+0000] {processor.py:840} INFO - DAG(s) 'dag_shipment_sim' retrieved from /opt/airflow/dags/dag_shipment_sim.py
[2026-07-13T03:02:50.438+0000] {logging_mixin.py:188} INFO - [2026-07-13T03:02:50.438+0000] {dag.py:3096} INFO - Sync 1 DAGs
[2026-07-13T03:02:50.452+0000] {logging_mixin.py:188} INFO - [2026-07-13T03:02:50.451+0000] {dag.py:3954} INFO - Setting next_dagrun for dag_shipment_sim to 2026-07-13 03:00:00+00:00, run_after=2026-07-13 04:00:00+00:00
[2026-07-13T03:02:50.462+0000] {processor.py:183} INFO - Processing /opt/airflow/dags/dag_shipment_sim.py took 0.065 seconds
[2026-07-13T03:03:21.389+0000] {processor.py:161} INFO - Started process (PID=52466) to work on /opt/airflow/dags/dag_shipment_sim.py
[2026-07-13T03:03:21.395+0000] {processor.py:830} INFO - Processing file /opt/airflow/dags/dag_shipment_sim.py for tasks to queue
[2026-07-13T03:03:21.404+0000] {logging_mixin.py:188} INFO - [2026-07-13T03:03:21.403+0000] {dagbag.py:545} INFO - Filling up the DagBag from /opt/airflow/dags/dag_shipment_sim.py
[2026-07-13T03:03:21.458+0000] {processor.py:840} INFO - DAG(s) 'dag_shipment_sim' retrieved from /opt/airflow/dags/dag_shipment_sim.py
[2026-07-13T03:03:21.505+0000] {logging_mixin.py:188} INFO - [2026-07-13T03:03:21.505+0000] {dag.py:3096} INFO - Sync 1 DAGs
[2026-07-13T03:03:21.540+0000] {logging_mixin.py:188} INFO - [2026-07-13T03:03:21.540+0000] {dag.py:3954} INFO - Setting next_dagrun for dag_shipment_sim to 2026-07-13 03:00:00+00:00, run_after=2026-07-13 04:00:00+00:00
[2026-07-13T03:03:21.553+0000] {processor.py:183} INFO - Processing /opt/airflow/dags/dag_shipment_sim.py took 0.178 seconds
[2026-07-13T03:03:51.597+0000] {processor.py:161} INFO - Started process (PID=52503) to work on /opt/airflow/dags/dag_shipment_sim.py
[2026-07-13T03:03:51.598+0000] {processor.py:830} INFO - Processing file /opt/airflow/dags/dag_shipment_sim.py for tasks to queue
[2026-07-13T03:03:51.600+0000] {logging_mixin.py:188} INFO - [2026-07-13T03:03:51.600+0000] {dagbag.py:545} INFO - Filling up the DagBag from /opt/airflow/dags/dag_shipment_sim.py
[2026-07-13T03:03:51.614+0000] {processor.py:840} INFO - DAG(s) 'dag_shipment_sim' retrieved from /opt/airflow/dags/dag_shipment_sim.py
[2026-07-13T03:03:51.627+0000] {logging_mixin.py:188} INFO - [2026-07-13T03:03:51.627+0000] {dag.py:3096} INFO - Sync 1 DAGs
[2026-07-13T03:03:51.637+0000] {logging_mixin.py:188} INFO - [2026-07-13T03:03:51.637+0000] {dag.py:3954} INFO - Setting next_dagrun for dag_shipment_sim to 2026-07-13 03:00:00+00:00, run_after=2026-07-13 04:00:00+00:00
[2026-07-13T03:03:51.646+0000] {processor.py:183} INFO - Processing /opt/airflow/dags/dag_shipment_sim.py took 0.054 seconds
[2026-07-13T03:04:22.468+0000] {processor.py:161} INFO - Started process (PID=52540) to work on /opt/airflow/dags/dag_shipment_sim.py
[2026-07-13T03:04:22.470+0000] {processor.py:830} INFO - Processing file /opt/airflow/dags/dag_shipment_sim.py for tasks to queue
[2026-07-13T03:04:22.489+0000] {logging_mixin.py:188} INFO - [2026-07-13T03:04:22.488+0000] {dagbag.py:545} INFO - Filling up the DagBag from /opt/airflow/dags/dag_shipment_sim.py
[2026-07-13T03:04:22.542+0000] {processor.py:840} INFO - DAG(s) 'dag_shipment_sim' retrieved from /opt/airflow/dags/dag_shipment_sim.py
[2026-07-13T03:04:22.594+0000] {logging_mixin.py:188} INFO - [2026-07-13T03:04:22.594+0000] {dag.py:3096} INFO - Sync 1 DAGs
[2026-07-13T03:04:22.623+0000] {logging_mixin.py:188} INFO - [2026-07-13T03:04:22.623+0000] {dag.py:3954} INFO - Setting next_dagrun for dag_shipment_sim to 2026-07-13 03:00:00+00:00, run_after=2026-07-13 04:00:00+00:00
[2026-07-13T03:04:22.646+0000] {processor.py:183} INFO - Processing /opt/airflow/dags/dag_shipment_sim.py took 0.195 seconds
[2026-07-13T03:04:53.588+0000] {processor.py:161} INFO - Started process (PID=52577) to work on /opt/airflow/dags/dag_shipment_sim.py
[2026-07-13T03:04:53.594+0000] {processor.py:830} INFO - Processing file /opt/airflow/dags/dag_shipment_sim.py for tasks to queue
[2026-07-13T03:04:53.598+0000] {logging_mixin.py:188} INFO - [2026-07-13T03:04:53.598+0000] {dagbag.py:545} INFO - Filling up the DagBag from /opt/airflow/dags/dag_shipment_sim.py
[2026-07-13T03:04:53.618+0000] {processor.py:840} INFO - DAG(s) 'dag_shipment_sim' retrieved from /opt/airflow/dags/dag_shipment_sim.py
[2026-07-13T03:04:53.641+0000] {logging_mixin.py:188} INFO - [2026-07-13T03:04:53.641+0000] {dag.py:3096} INFO - Sync 1 DAGs
[2026-07-13T03:04:53.657+0000] {logging_mixin.py:188} INFO - [2026-07-13T03:04:53.657+0000] {dag.py:3954} INFO - Setting next_dagrun for dag_shipment_sim to 2026-07-13 03:00:00+00:00, run_after=2026-07-13 04:00:00+00:00
[2026-07-13T03:04:53.668+0000] {processor.py:183} INFO - Processing /opt/airflow/dags/dag_shipment_sim.py took 0.092 seconds
[2026-07-13T03:05:23.863+0000] {processor.py:161} INFO - Started process (PID=52614) to work on /opt/airflow/dags/dag_shipment_sim.py
[2026-07-13T03:05:23.865+0000] {processor.py:830} INFO - Processing file /opt/airflow/dags/dag_shipment_sim.py for tasks to queue
[2026-07-13T03:05:23.870+0000] {logging_mixin.py:188} INFO - [2026-07-13T03:05:23.868+0000] {dagbag.py:545} INFO - Filling up the DagBag from /opt/airflow/dags/dag_shipment_sim.py
[2026-07-13T03:05:23.908+0000] {processor.py:840} INFO - DAG(s) 'dag_shipment_sim' retrieved from /opt/airflow/dags/dag_shipment_sim.py
[2026-07-13T03:05:23.956+0000] {logging_mixin.py:188} INFO - [2026-07-13T03:05:23.956+0000] {dag.py:3096} INFO - Sync 1 DAGs
[2026-07-13T03:05:23.992+0000] {logging_mixin.py:188} INFO - [2026-07-13T03:05:23.992+0000] {dag.py:3954} INFO - Setting next_dagrun for dag_shipment_sim to 2026-07-13 03:00:00+00:00, run_after=2026-07-13 04:00:00+00:00
[2026-07-13T03:05:24.022+0000] {processor.py:183} INFO - Processing /opt/airflow/dags/dag_shipment_sim.py took 0.170 seconds
[2026-07-13T03:05:54.075+0000] {processor.py:161} INFO - Started process (PID=52651) to work on /opt/airflow/dags/dag_shipment_sim.py
[2026-07-13T03:05:54.076+0000] {processor.py:830} INFO - Processing file /opt/airflow/dags/dag_shipment_sim.py for tasks to queue
[2026-07-13T03:05:54.077+0000] {logging_mixin.py:188} INFO - [2026-07-13T03:05:54.077+0000] {dagbag.py:545} INFO - Filling up the DagBag from /opt/airflow/dags/dag_shipment_sim.py
[2026-07-13T03:05:54.089+0000] {processor.py:840} INFO - DAG(s) 'dag_shipment_sim' retrieved from /opt/airflow/dags/dag_shipment_sim.py
[2026-07-13T03:05:54.104+0000] {logging_mixin.py:188} INFO - [2026-07-13T03:05:54.104+0000] {dag.py:3096} INFO - Sync 1 DAGs
[2026-07-13T03:05:54.115+0000] {logging_mixin.py:188} INFO - [2026-07-13T03:05:54.115+0000] {dag.py:3954} INFO - Setting next_dagrun for dag_shipment_sim to 2026-07-13 03:00:00+00:00, run_after=2026-07-13 04:00:00+00:00
[2026-07-13T03:05:54.123+0000] {processor.py:183} INFO - Processing /opt/airflow/dags/dag_shipment_sim.py took 0.058 seconds
[2026-07-13T03:06:24.161+0000] {processor.py:161} INFO - Started process (PID=52688) to work on /opt/airflow/dags/dag_shipment_sim.py
[2026-07-13T03:06:24.163+0000] {processor.py:830} INFO - Processing file /opt/airflow/dags/dag_shipment_sim.py for tasks to queue
[2026-07-13T03:06:24.165+0000] {logging_mixin.py:188} INFO - [2026-07-13T03:06:24.165+0000] {dagbag.py:545} INFO - Filling up the DagBag from /opt/airflow/dags/dag_shipment_sim.py
[2026-07-13T03:06:24.195+0000] {processor.py:840} INFO - DAG(s) 'dag_shipment_sim' retrieved from /opt/airflow/dags/dag_shipment_sim.py
[2026-07-13T03:06:24.229+0000] {logging_mixin.py:188} INFO - [2026-07-13T03:06:24.229+0000] {dag.py:3096} INFO - Sync 1 DAGs
[2026-07-13T03:06:24.247+0000] {logging_mixin.py:188} INFO - [2026-07-13T03:06:24.247+0000] {dag.py:3954} INFO - Setting next_dagrun for dag_shipment_sim to 2026-07-13 03:00:00+00:00, run_after=2026-07-13 04:00:00+00:00
[2026-07-13T03:06:24.263+0000] {processor.py:183} INFO - Processing /opt/airflow/dags/dag_shipment_sim.py took 0.110 seconds
[2026-07-13T03:06:54.308+0000] {processor.py:161} INFO - Started process (PID=52725) to work on /opt/airflow/dags/dag_shipment_sim.py
[2026-07-13T03:06:54.310+0000] {processor.py:830} INFO - Processing file /opt/airflow/dags/dag_shipment_sim.py for tasks to queue
[2026-07-13T03:06:54.311+0000] {logging_mixin.py:188} INFO - [2026-07-13T03:06:54.311+0000] {dagbag.py:545} INFO - Filling up the DagBag from /opt/airflow/dags/dag_shipment_sim.py
[2026-07-13T03:06:54.324+0000] {processor.py:840} INFO - DAG(s) 'dag_shipment_sim' retrieved from /opt/airflow/dags/dag_shipment_sim.py
[2026-07-13T03:06:54.344+0000] {logging_mixin.py:188} INFO - [2026-07-13T03:06:54.344+0000] {dag.py:3096} INFO - Sync 1 DAGs
[2026-07-13T03:06:54.371+0000] {logging_mixin.py:188} INFO - [2026-07-13T03:06:54.370+0000] {dag.py:3954} INFO - Setting next_dagrun for dag_shipment_sim to 2026-07-13 03:00:00+00:00, run_after=2026-07-13 04:00:00+00:00
[2026-07-13T03:06:54.384+0000] {processor.py:183} INFO - Processing /opt/airflow/dags/dag_shipment_sim.py took 0.084 seconds
[2026-07-13T03:07:25.364+0000] {processor.py:161} INFO - Started process (PID=52762) to work on /opt/airflow/dags/dag_shipment_sim.py
[2026-07-13T03:07:25.369+0000] {processor.py:830} INFO - Processing file /opt/airflow/dags/dag_shipment_sim.py for tasks to queue
[2026-07-13T03:07:25.370+0000] {logging_mixin.py:188} INFO - [2026-07-13T03:07:25.370+0000] {dagbag.py:545} INFO - Filling up the DagBag from /opt/airflow/dags/dag_shipment_sim.py
[2026-07-13T03:07:25.444+0000] {processor.py:840} INFO - DAG(s) 'dag_shipment_sim' retrieved from /opt/airflow/dags/dag_shipment_sim.py
[2026-07-13T03:07:25.464+0000] {logging_mixin.py:188} INFO - [2026-07-13T03:07:25.464+0000] {dag.py:3096} INFO - Sync 1 DAGs
[2026-07-13T03:07:25.476+0000] {logging_mixin.py:188} INFO - [2026-07-13T03:07:25.476+0000] {dag.py:3954} INFO - Setting next_dagrun for dag_shipment_sim to 2026-07-13 03:00:00+00:00, run_after=2026-07-13 04:00:00+00:00
[2026-07-13T03:07:25.487+0000] {processor.py:183} INFO - Processing /opt/airflow/dags/dag_shipment_sim.py took 0.147 seconds
