[2026-07-13T02:37:42.939+0000] {local_task_job_runner.py:120} INFO - ::group::Pre task execution logs
[2026-07-13T02:37:42.985+0000] {taskinstance.py:2076} INFO - Dependencies all met for dep_context=non-requeueable deps ti=<TaskInstance: gold_dbt_dag.trigger_dbt_build dataset_triggered__2026-07-13T02:37:41.627376+00:00 [queued]>
[2026-07-13T02:37:42.991+0000] {taskinstance.py:2076} INFO - Dependencies all met for dep_context=requeueable deps ti=<TaskInstance: gold_dbt_dag.trigger_dbt_build dataset_triggered__2026-07-13T02:37:41.627376+00:00 [queued]>
[2026-07-13T02:37:42.992+0000] {taskinstance.py:2306} INFO - Starting attempt 1 of 2
[2026-07-13T02:37:43.004+0000] {taskinstance.py:2330} INFO - Executing <Task(BashOperator): trigger_dbt_build> on 2026-07-13 02:37:41.627376+00:00
[2026-07-13T02:37:43.014+0000] {logging_mixin.py:188} WARNING - /home/***/.local/lib/python3.12/site-packages/***/task/task_runner/standard_task_runner.py:61 DeprecationWarning: This process (pid=49545) is multi-threaded, use of fork() may lead to deadlocks in the child.
[2026-07-13T02:37:43.012+0000] {standard_task_runner.py:90} INFO - Running: ['***', 'tasks', 'run', 'gold_dbt_dag', 'trigger_dbt_build', 'dataset_triggered__2026-07-13T02:37:41.627376+00:00', '--job-id', '285', '--raw', '--subdir', 'DAGS_FOLDER/dag_gold_dbt.py', '--cfg-path', '/tmp/tmpj17jwmwy']
[2026-07-13T02:37:43.014+0000] {standard_task_runner.py:63} INFO - Started process 49560 to run task
[2026-07-13T02:37:43.014+0000] {standard_task_runner.py:91} INFO - Job 285: Subtask trigger_dbt_build
[2026-07-13T02:37:43.075+0000] {task_command.py:426} INFO - Running <TaskInstance: gold_dbt_dag.trigger_dbt_build dataset_triggered__2026-07-13T02:37:41.627376+00:00 [running]> on host ad4e12f53b08
[2026-07-13T02:37:43.180+0000] {taskinstance.py:2648} INFO - Exporting env vars: AIRFLOW_CTX_DAG_OWNER='data_engineer' AIRFLOW_CTX_DAG_ID='gold_dbt_dag' AIRFLOW_CTX_TASK_ID='trigger_dbt_build' AIRFLOW_CTX_EXECUTION_DATE='2026-07-13T02:37:41.627376+00:00' AIRFLOW_CTX_TRY_NUMBER='1' AIRFLOW_CTX_DAG_RUN_ID='dataset_triggered__2026-07-13T02:37:41.627376+00:00'
[2026-07-13T02:37:43.180+0000] {taskinstance.py:430} INFO - ::endgroup::
[2026-07-13T02:37:43.203+0000] {subprocess.py:63} INFO - Tmp dir root location: /tmp
[2026-07-13T02:37:43.204+0000] {subprocess.py:75} INFO - Running command: ['/usr/bin/bash', '-c', 'cd /opt/***/dbt && dbt build --profiles-dir . --target dev']
[2026-07-13T02:37:43.209+0000] {subprocess.py:86} INFO - Output:
[2026-07-13T02:37:44.907+0000] {subprocess.py:93} INFO - [0m02:37:44  Running with dbt=1.11.11
[2026-07-13T02:37:45.732+0000] {subprocess.py:93} INFO - [0m02:37:45  Registered adapter: bigquery=1.11.3
[2026-07-13T02:37:46.320+0000] {subprocess.py:93} INFO - [0m02:37:46  Found 6 models, 4 sources, 553 macros
[2026-07-13T02:37:46.324+0000] {subprocess.py:93} INFO - [0m02:37:46
[2026-07-13T02:37:46.325+0000] {subprocess.py:93} INFO - [0m02:37:46  Concurrency: 4 threads (target='dev')
[2026-07-13T02:37:46.326+0000] {subprocess.py:93} INFO - [0m02:37:46
[2026-07-13T02:37:47.899+0000] {subprocess.py:93} INFO - [0m02:37:47  1 of 6 START sql table model logistics_mart.dim_drivers ........................ [RUN]
[2026-07-13T02:37:47.901+0000] {subprocess.py:93} INFO - [0m02:37:47  2 of 6 START sql table model logistics_mart.dim_hubs ........................... [RUN]
[2026-07-13T02:37:47.902+0000] {subprocess.py:93} INFO - [0m02:37:47  3 of 6 START sql view model logistics_mart.stg_shipments ....................... [RUN]
[2026-07-13T02:37:47.902+0000] {subprocess.py:93} INFO - [0m02:37:47  4 of 6 START sql view model logistics_mart.stg_weather ......................... [RUN]
[2026-07-13T02:37:49.820+0000] {subprocess.py:93} INFO - [0m02:37:49  3 of 6 OK created sql view model logistics_mart.stg_shipments .................. [[32mCREATE VIEW (0 processed)[0m in 1.91s]
[2026-07-13T02:37:49.834+0000] {subprocess.py:93} INFO - [0m02:37:49  5 of 6 START sql view model logistics_mart.stg_weather_consensus ............... [RUN]
[2026-07-13T02:37:49.837+0000] {subprocess.py:93} INFO - [0m02:37:49  4 of 6 OK created sql view model logistics_mart.stg_weather .................... [[32mCREATE VIEW (0 processed)[0m in 1.93s]
[2026-07-13T02:37:51.361+0000] {subprocess.py:93} INFO - [0m02:37:51  2 of 6 OK created sql table model logistics_mart.dim_hubs ...................... [[32mCREATE TABLE (3.0 rows, 176.0 Bytes processed)[0m in 3.45s]
[2026-07-13T02:37:51.488+0000] {subprocess.py:93} INFO - [0m02:37:51  5 of 6 OK created sql view model logistics_mart.stg_weather_consensus .......... [[32mCREATE VIEW (0 processed)[0m in 1.65s]
[2026-07-13T02:37:51.494+0000] {subprocess.py:93} INFO - [0m02:37:51  6 of 6 START sql table model logistics_mart.fact_shipment_weather .............. [RUN]
[2026-07-13T02:37:51.710+0000] {subprocess.py:93} INFO - [0m02:37:51  1 of 6 OK created sql table model logistics_mart.dim_drivers ................... [[32mCREATE TABLE (3.0 rows, 117.0 Bytes processed)[0m in 3.81s]
[2026-07-13T02:37:55.168+0000] {subprocess.py:93} INFO - [0m02:37:55  6 of 6 OK created sql table model logistics_mart.fact_shipment_weather ......... [[32mCREATE TABLE (8.0 rows, 1.1 KiB processed)[0m in 3.67s]
[2026-07-13T02:37:55.208+0000] {subprocess.py:93} INFO - [0m02:37:55
[2026-07-13T02:37:55.208+0000] {subprocess.py:93} INFO - [0m02:37:55  Finished running 3 table models, 3 view models in 0 hours 0 minutes and 8.88 seconds (8.88s).
[2026-07-13T02:37:55.259+0000] {subprocess.py:93} INFO - [0m02:37:55
[2026-07-13T02:37:55.260+0000] {subprocess.py:93} INFO - [0m02:37:55  [32mCompleted successfully[0m
[2026-07-13T02:37:55.260+0000] {subprocess.py:93} INFO - [0m02:37:55
[2026-07-13T02:37:55.260+0000] {subprocess.py:93} INFO - [0m02:37:55  Done. PASS=6 WARN=0 ERROR=0 SKIP=0 NO-OP=0 TOTAL=6
[2026-07-13T02:37:56.886+0000] {subprocess.py:97} INFO - Command exited with return code 0
[2026-07-13T02:37:56.888+0000] {taskinstance.py:441} INFO - ::group::Post task execution logs
[2026-07-13T02:37:56.925+0000] {taskinstance.py:1206} INFO - Marking task as SUCCESS. dag_id=gold_dbt_dag, task_id=trigger_dbt_build, run_id=dataset_triggered__2026-07-13T02:37:41.627376+00:00, execution_date=20260713T023741, start_date=20260713T023742, end_date=20260713T023756
[2026-07-13T02:37:56.984+0000] {local_task_job_runner.py:240} INFO - Task exited with return code 0
[2026-07-13T02:37:57.014+0000] {taskinstance.py:3498} INFO - 0 downstream tasks scheduled from follow-on schedule check
[2026-07-13T02:37:57.015+0000] {local_task_job_runner.py:222} INFO - ::endgroup::
