[2026-07-07T22:30:54.700+0000] {local_task_job_runner.py:120} INFO - ::group::Pre task execution logs
[2026-07-07T22:30:54.723+0000] {taskinstance.py:2076} INFO - Dependencies all met for dep_context=non-requeueable deps ti=<TaskInstance: gold_dbt_dag.trigger_dbt_build dataset_triggered__2026-07-07T22:13:24.655918+00:00 [queued]>
[2026-07-07T22:30:54.727+0000] {taskinstance.py:2076} INFO - Dependencies all met for dep_context=requeueable deps ti=<TaskInstance: gold_dbt_dag.trigger_dbt_build dataset_triggered__2026-07-07T22:13:24.655918+00:00 [queued]>
[2026-07-07T22:30:54.727+0000] {taskinstance.py:2306} INFO - Starting attempt 2 of 2
[2026-07-07T22:30:54.733+0000] {taskinstance.py:2330} INFO - Executing <Task(BashOperator): trigger_dbt_build> on 2026-07-07 22:13:24.655918+00:00
[2026-07-07T22:30:54.737+0000] {logging_mixin.py:188} WARNING - /home/***/.local/lib/python3.12/site-packages/***/task/task_runner/standard_task_runner.py:61 DeprecationWarning: This process (pid=77304) is multi-threaded, use of fork() may lead to deadlocks in the child.
[2026-07-07T22:30:54.738+0000] {standard_task_runner.py:63} INFO - Started process 77317 to run task
[2026-07-07T22:30:54.738+0000] {standard_task_runner.py:90} INFO - Running: ['***', 'tasks', 'run', 'gold_dbt_dag', 'trigger_dbt_build', 'dataset_triggered__2026-07-07T22:13:24.655918+00:00', '--job-id', '1033', '--raw', '--subdir', 'DAGS_FOLDER/dag_gold_dbt.py', '--cfg-path', '/tmp/tmpo7i9ysmi']
[2026-07-07T22:30:54.739+0000] {standard_task_runner.py:91} INFO - Job 1033: Subtask trigger_dbt_build
[2026-07-07T22:30:54.758+0000] {task_command.py:426} INFO - Running <TaskInstance: gold_dbt_dag.trigger_dbt_build dataset_triggered__2026-07-07T22:13:24.655918+00:00 [running]> on host bd23e89d97be
[2026-07-07T22:30:54.805+0000] {taskinstance.py:2648} INFO - Exporting env vars: AIRFLOW_CTX_DAG_OWNER='data_engineer' AIRFLOW_CTX_DAG_ID='gold_dbt_dag' AIRFLOW_CTX_TASK_ID='trigger_dbt_build' AIRFLOW_CTX_EXECUTION_DATE='2026-07-07T22:13:24.655918+00:00' AIRFLOW_CTX_TRY_NUMBER='2' AIRFLOW_CTX_DAG_RUN_ID='dataset_triggered__2026-07-07T22:13:24.655918+00:00'
[2026-07-07T22:30:54.805+0000] {taskinstance.py:430} INFO - ::endgroup::
[2026-07-07T22:30:54.817+0000] {subprocess.py:63} INFO - Tmp dir root location: /tmp
[2026-07-07T22:30:54.818+0000] {subprocess.py:75} INFO - Running command: ['/usr/bin/bash', '-c', 'cd /opt/***/dbt && dbt build --profiles-dir . --target dev']
[2026-07-07T22:30:54.822+0000] {subprocess.py:86} INFO - Output:
[2026-07-07T22:30:55.822+0000] {subprocess.py:93} INFO - [0m22:30:55  Running with dbt=1.11.11
[2026-07-07T22:30:56.254+0000] {subprocess.py:93} INFO - [0m22:30:56  Registered adapter: bigquery=1.11.3
[2026-07-07T22:30:56.467+0000] {subprocess.py:93} INFO - [0m22:30:56  Found 6 models, 4 sources, 553 macros
[2026-07-07T22:30:56.468+0000] {subprocess.py:93} INFO - [0m22:30:56
[2026-07-07T22:30:56.468+0000] {subprocess.py:93} INFO - [0m22:30:56  Concurrency: 4 threads (target='dev')
[2026-07-07T22:30:56.468+0000] {subprocess.py:93} INFO - [0m22:30:56
[2026-07-07T22:30:58.132+0000] {subprocess.py:93} INFO - [0m22:30:58  1 of 6 START sql table model logistics_mart.dim_drivers ........................ [RUN]
[2026-07-07T22:30:58.133+0000] {subprocess.py:93} INFO - [0m22:30:58  2 of 6 START sql table model logistics_mart.dim_hubs ........................... [RUN]
[2026-07-07T22:30:58.133+0000] {subprocess.py:93} INFO - [0m22:30:58  3 of 6 START sql view model logistics_mart.stg_shipments ....................... [RUN]
[2026-07-07T22:30:58.134+0000] {subprocess.py:93} INFO - [0m22:30:58  4 of 6 START sql view model logistics_mart.stg_weather ......................... [RUN]
[2026-07-07T22:31:00.150+0000] {subprocess.py:93} INFO - [0m22:31:00  4 of 6 OK created sql view model logistics_mart.stg_weather .................... [[32mCREATE VIEW (0 processed)[0m in 2.01s]
[2026-07-07T22:31:00.150+0000] {subprocess.py:93} INFO - [0m22:31:00  3 of 6 OK created sql view model logistics_mart.stg_shipments .................. [[32mCREATE VIEW (0 processed)[0m in 2.01s]
[2026-07-07T22:31:00.152+0000] {subprocess.py:93} INFO - [0m22:31:00  5 of 6 START sql view model logistics_mart.stg_weather_consensus ............... [RUN]
[2026-07-07T22:31:01.436+0000] {subprocess.py:93} INFO - [0m22:31:01  BigQuery adapter: https://console.cloud.google.com/bigquery?project=logistics-500519&j=bq:US:7303342f-67c4-486a-ac50-b808ae916447&page=queryresults
[2026-07-07T22:31:01.454+0000] {subprocess.py:93} INFO - [0m22:31:01  5 of 6 ERROR creating sql view model logistics_mart.stg_weather_consensus ...... [[31mERROR[0m in 1.30s]
[2026-07-07T22:31:01.595+0000] {subprocess.py:93} INFO - [0m22:31:01  1 of 6 OK created sql table model logistics_mart.dim_drivers ................... [[32mCREATE TABLE (3.0 rows, 108.0 Bytes processed)[0m in 3.46s]
[2026-07-07T22:31:01.845+0000] {subprocess.py:93} INFO - [0m22:31:01  2 of 6 OK created sql table model logistics_mart.dim_hubs ...................... [[32mCREATE TABLE (3.0 rows, 149.0 Bytes processed)[0m in 3.71s]
[2026-07-07T22:31:01.848+0000] {subprocess.py:93} INFO - [0m22:31:01  6 of 6 START sql table model logistics_mart.fact_shipment_weather .............. [RUN]
[2026-07-07T22:31:05.995+0000] {subprocess.py:93} INFO - [0m22:31:05  6 of 6 OK created sql table model logistics_mart.fact_shipment_weather ......... [[32mCREATE TABLE (1.2k rows, 78.2 KiB processed)[0m in 4.14s]
[2026-07-07T22:31:06.030+0000] {subprocess.py:93} INFO - [0m22:31:06
[2026-07-07T22:31:06.030+0000] {subprocess.py:93} INFO - [0m22:31:06  Finished running 3 table models, 3 view models in 0 hours 0 minutes and 9.56 seconds (9.56s).
[2026-07-07T22:31:06.064+0000] {subprocess.py:93} INFO - [0m22:31:06
[2026-07-07T22:31:06.065+0000] {subprocess.py:93} INFO - [0m22:31:06  [31mCompleted with 1 error, 0 partial successes, and 0 warnings:[0m
[2026-07-07T22:31:06.065+0000] {subprocess.py:93} INFO - [0m22:31:06
[2026-07-07T22:31:06.065+0000] {subprocess.py:93} INFO - [0m22:31:06  [31mFailure in model stg_weather_consensus (models/staging/stg_weather_consensus.sql)[0m
[2026-07-07T22:31:06.066+0000] {subprocess.py:93} INFO - [0m22:31:06    Database Error in model stg_weather_consensus (models/staging/stg_weather_consensus.sql)
[2026-07-07T22:31:06.066+0000] {subprocess.py:93} INFO -   Unrecognized name: fetched_at at [11:11]
[2026-07-07T22:31:06.066+0000] {subprocess.py:93} INFO -   compiled code at target/run/logistics_lakehouse/models/staging/stg_weather_consensus.sql
[2026-07-07T22:31:06.066+0000] {subprocess.py:93} INFO - [0m22:31:06
[2026-07-07T22:31:06.066+0000] {subprocess.py:93} INFO - [0m22:31:06    compiled code at target/compiled/logistics_lakehouse/models/staging/stg_weather_consensus.sql
[2026-07-07T22:31:06.067+0000] {subprocess.py:93} INFO - [0m22:31:06
[2026-07-07T22:31:06.067+0000] {subprocess.py:93} INFO - [0m22:31:06  Done. PASS=5 WARN=0 ERROR=1 SKIP=0 NO-OP=0 TOTAL=6
[2026-07-07T22:31:11.774+0000] {subprocess.py:97} INFO - Command exited with return code 1
[2026-07-07T22:31:11.775+0000] {taskinstance.py:441} INFO - ::group::Post task execution logs
[2026-07-07T22:31:11.782+0000] {taskinstance.py:2905} ERROR - Task failed with exception
Traceback (most recent call last):
  File "/home/airflow/.local/lib/python3.12/site-packages/airflow/models/taskinstance.py", line 465, in _execute_task
    result = _execute_callable(context=context, **execute_callable_kwargs)
             ^^^^^^^^^^^^^^^^^^^^^^^^^^^^^^^^^^^^^^^^^^^^^^^^^^^^^^^^^^^^^
  File "/home/airflow/.local/lib/python3.12/site-packages/airflow/models/taskinstance.py", line 432, in _execute_callable
    return execute_callable(context=context, **execute_callable_kwargs)
           ^^^^^^^^^^^^^^^^^^^^^^^^^^^^^^^^^^^^^^^^^^^^^^^^^^^^^^^^^^^^
  File "/home/airflow/.local/lib/python3.12/site-packages/airflow/models/baseoperator.py", line 400, in wrapper
    return func(self, *args, **kwargs)
           ^^^^^^^^^^^^^^^^^^^^^^^^^^^
  File "/home/airflow/.local/lib/python3.12/site-packages/airflow/operators/bash.py", line 243, in execute
    raise AirflowException(
airflow.exceptions.AirflowException: Bash command failed. The command returned a non-zero exit code 1.
[2026-07-07T22:31:11.785+0000] {taskinstance.py:1206} INFO - Marking task as FAILED. dag_id=gold_dbt_dag, task_id=trigger_dbt_build, run_id=dataset_triggered__2026-07-07T22:13:24.655918+00:00, execution_date=20260707T221324, start_date=20260707T223054, end_date=20260707T223111
[2026-07-07T22:31:11.793+0000] {standard_task_runner.py:110} ERROR - Failed to execute job 1033 for task trigger_dbt_build (Bash command failed. The command returned a non-zero exit code 1.; 77317)
[2026-07-07T22:31:11.823+0000] {local_task_job_runner.py:240} INFO - Task exited with return code 1
[2026-07-07T22:31:11.832+0000] {taskinstance.py:3498} INFO - 0 downstream tasks scheduled from follow-on schedule check
[2026-07-07T22:31:11.833+0000] {local_task_job_runner.py:222} INFO - ::endgroup::
