[2026-07-07T22:13:25.952+0000] {local_task_job_runner.py:120} INFO - ::group::Pre task execution logs
[2026-07-07T22:13:25.977+0000] {taskinstance.py:2076} INFO - Dependencies all met for dep_context=non-requeueable deps ti=<TaskInstance: gold_dbt_dag.trigger_dbt_build dataset_triggered__2026-07-07T22:13:24.655918+00:00 [queued]>
[2026-07-07T22:13:25.983+0000] {taskinstance.py:2076} INFO - Dependencies all met for dep_context=requeueable deps ti=<TaskInstance: gold_dbt_dag.trigger_dbt_build dataset_triggered__2026-07-07T22:13:24.655918+00:00 [queued]>
[2026-07-07T22:13:25.983+0000] {taskinstance.py:2306} INFO - Starting attempt 1 of 2
[2026-07-07T22:13:25.992+0000] {taskinstance.py:2330} INFO - Executing <Task(BashOperator): trigger_dbt_build> on 2026-07-07 22:13:24.655918+00:00
[2026-07-07T22:13:25.998+0000] {standard_task_runner.py:90} INFO - Running: ['***', 'tasks', 'run', 'gold_dbt_dag', 'trigger_dbt_build', 'dataset_triggered__2026-07-07T22:13:24.655918+00:00', '--job-id', '1032', '--raw', '--subdir', 'DAGS_FOLDER/dag_gold_dbt.py', '--cfg-path', '/tmp/tmp8dbddlna']
[2026-07-07T22:13:26.001+0000] {logging_mixin.py:188} WARNING - /home/***/.local/lib/python3.12/site-packages/***/task/task_runner/standard_task_runner.py:61 DeprecationWarning: This process (pid=77227) is multi-threaded, use of fork() may lead to deadlocks in the child.
[2026-07-07T22:13:26.002+0000] {standard_task_runner.py:91} INFO - Job 1032: Subtask trigger_dbt_build
[2026-07-07T22:13:26.002+0000] {standard_task_runner.py:63} INFO - Started process 77228 to run task
[2026-07-07T22:13:26.034+0000] {task_command.py:426} INFO - Running <TaskInstance: gold_dbt_dag.trigger_dbt_build dataset_triggered__2026-07-07T22:13:24.655918+00:00 [running]> on host bd23e89d97be
[2026-07-07T22:13:26.079+0000] {taskinstance.py:2648} INFO - Exporting env vars: AIRFLOW_CTX_DAG_OWNER='data_engineer' AIRFLOW_CTX_DAG_ID='gold_dbt_dag' AIRFLOW_CTX_TASK_ID='trigger_dbt_build' AIRFLOW_CTX_EXECUTION_DATE='2026-07-07T22:13:24.655918+00:00' AIRFLOW_CTX_TRY_NUMBER='1' AIRFLOW_CTX_DAG_RUN_ID='dataset_triggered__2026-07-07T22:13:24.655918+00:00'
[2026-07-07T22:13:26.079+0000] {taskinstance.py:430} INFO - ::endgroup::
[2026-07-07T22:13:26.094+0000] {subprocess.py:63} INFO - Tmp dir root location: /tmp
[2026-07-07T22:13:26.095+0000] {subprocess.py:75} INFO - Running command: ['/usr/bin/bash', '-c', 'cd /opt/***/dbt && dbt build --profiles-dir . --target dev']
[2026-07-07T22:13:26.101+0000] {subprocess.py:86} INFO - Output:
[2026-07-07T22:13:27.351+0000] {subprocess.py:93} INFO - [0m22:13:27  Running with dbt=1.11.11
[2026-07-07T22:13:28.001+0000] {subprocess.py:93} INFO - [0m22:13:28  Registered adapter: bigquery=1.11.3
[2026-07-07T22:13:28.221+0000] {subprocess.py:93} INFO - [0m22:13:28  Found 6 models, 4 sources, 553 macros
[2026-07-07T22:13:28.223+0000] {subprocess.py:93} INFO - [0m22:13:28
[2026-07-07T22:13:28.223+0000] {subprocess.py:93} INFO - [0m22:13:28  Concurrency: 4 threads (target='dev')
[2026-07-07T22:13:28.223+0000] {subprocess.py:93} INFO - [0m22:13:28
[2026-07-07T22:13:29.741+0000] {subprocess.py:93} INFO - [0m22:13:29  1 of 6 START sql table model logistics_mart.dim_drivers ........................ [RUN]
[2026-07-07T22:13:29.741+0000] {subprocess.py:93} INFO - [0m22:13:29  2 of 6 START sql table model logistics_mart.dim_hubs ........................... [RUN]
[2026-07-07T22:13:29.742+0000] {subprocess.py:93} INFO - [0m22:13:29  3 of 6 START sql view model logistics_mart.stg_shipments ....................... [RUN]
[2026-07-07T22:13:29.742+0000] {subprocess.py:93} INFO - [0m22:13:29  4 of 6 START sql view model logistics_mart.stg_weather ......................... [RUN]
[2026-07-07T22:13:31.577+0000] {subprocess.py:93} INFO - [0m22:13:31  3 of 6 OK created sql view model logistics_mart.stg_shipments .................. [[32mCREATE VIEW (0 processed)[0m in 1.83s]
[2026-07-07T22:13:31.578+0000] {subprocess.py:93} INFO - [0m22:13:31  5 of 6 START sql view model logistics_mart.stg_weather_consensus ............... [RUN]
[2026-07-07T22:13:31.611+0000] {subprocess.py:93} INFO - [0m22:13:31  4 of 6 OK created sql view model logistics_mart.stg_weather .................... [[32mCREATE VIEW (0 processed)[0m in 1.87s]
[2026-07-07T22:13:32.820+0000] {subprocess.py:93} INFO - [0m22:13:32  BigQuery adapter: https://console.cloud.google.com/bigquery?project=logistics-500519&j=bq:US:3c28fc18-8988-4eca-ae29-a87f50c0c122&page=queryresults
[2026-07-07T22:13:32.839+0000] {subprocess.py:93} INFO - [0m22:13:32  5 of 6 ERROR creating sql view model logistics_mart.stg_weather_consensus ...... [[31mERROR[0m in 1.26s]
[2026-07-07T22:13:33.082+0000] {subprocess.py:93} INFO - [0m22:13:33  1 of 6 OK created sql table model logistics_mart.dim_drivers ................... [[32mCREATE TABLE (3.0 rows, 108.0 Bytes processed)[0m in 3.33s]
[2026-07-07T22:13:33.087+0000] {subprocess.py:93} INFO - [0m22:13:33  2 of 6 OK created sql table model logistics_mart.dim_hubs ...................... [[32mCREATE TABLE (3.0 rows, 149.0 Bytes processed)[0m in 3.34s]
[2026-07-07T22:13:33.090+0000] {subprocess.py:93} INFO - [0m22:13:33  6 of 6 START sql table model logistics_mart.fact_shipment_weather .............. [RUN]
[2026-07-07T22:13:37.127+0000] {subprocess.py:93} INFO - [0m22:13:37  6 of 6 OK created sql table model logistics_mart.fact_shipment_weather ......... [[32mCREATE TABLE (1.2k rows, 78.2 KiB processed)[0m in 4.03s]
[2026-07-07T22:13:37.176+0000] {subprocess.py:93} INFO - [0m22:13:37
[2026-07-07T22:13:37.176+0000] {subprocess.py:93} INFO - [0m22:13:37  Finished running 3 table models, 3 view models in 0 hours 0 minutes and 8.95 seconds (8.95s).
[2026-07-07T22:13:37.204+0000] {subprocess.py:93} INFO - [0m22:13:37
[2026-07-07T22:13:37.204+0000] {subprocess.py:93} INFO - [0m22:13:37  [31mCompleted with 1 error, 0 partial successes, and 0 warnings:[0m
[2026-07-07T22:13:37.205+0000] {subprocess.py:93} INFO - [0m22:13:37
[2026-07-07T22:13:37.205+0000] {subprocess.py:93} INFO - [0m22:13:37  [31mFailure in model stg_weather_consensus (models/staging/stg_weather_consensus.sql)[0m
[2026-07-07T22:13:37.205+0000] {subprocess.py:93} INFO - [0m22:13:37    Database Error in model stg_weather_consensus (models/staging/stg_weather_consensus.sql)
[2026-07-07T22:13:37.206+0000] {subprocess.py:93} INFO -   Unrecognized name: fetched_at at [11:11]
[2026-07-07T22:13:37.206+0000] {subprocess.py:93} INFO -   compiled code at target/run/logistics_lakehouse/models/staging/stg_weather_consensus.sql
[2026-07-07T22:13:37.206+0000] {subprocess.py:93} INFO - [0m22:13:37
[2026-07-07T22:13:37.206+0000] {subprocess.py:93} INFO - [0m22:13:37    compiled code at target/compiled/logistics_lakehouse/models/staging/stg_weather_consensus.sql
[2026-07-07T22:13:37.206+0000] {subprocess.py:93} INFO - [0m22:13:37
[2026-07-07T22:13:37.207+0000] {subprocess.py:93} INFO - [0m22:13:37  Done. PASS=5 WARN=0 ERROR=1 SKIP=0 NO-OP=0 TOTAL=6
[2026-07-07T22:13:39.426+0000] {subprocess.py:97} INFO - Command exited with return code 1
[2026-07-07T22:13:39.433+0000] {taskinstance.py:441} INFO - ::group::Post task execution logs
[2026-07-07T22:13:39.452+0000] {taskinstance.py:2905} ERROR - Task failed with exception
Traceback (most recent call last):
  File "/home/airflow/.local/lib/python3.12/site-packages/airflow/models/taskinstance.py", line 465, in _execute_task
    result = _execute_callable(context=context, **execute_callable_kwargs)
             ^^^^^^^^^^^^^^^^^^^^^^^^^^^^^^^^^^^^^^^^^^^^^^^^^^^^^^^^^^^^^
  File "/home/airflow/.local/lib/python3.12/site-packages/airflow/models/taskinstance.py", line 432, in _execute_callable
    return execute_callable(context=context, **execute_callable_kwargs)
           ^^^^^^^^^^^^^^^^^^^^^^^^^^^^^^^^^^^^^^^^^^^^^^^^^^^^^^^^^^^^
  File "/home/airflow/.local/lib/python3.12/site-packages/airflow/models/baseoperator.py", line 400, in wrapper
    return func(self, *args, **kwargs)
           ^^^^^^^^^^^^^^^^^^^^^^^^^^^
  File "/home/airflow/.local/lib/python3.12/site-packages/airflow/operators/bash.py", line 243, in execute
    raise AirflowException(
airflow.exceptions.AirflowException: Bash command failed. The command returned a non-zero exit code 1.
[2026-07-07T22:13:39.457+0000] {taskinstance.py:1206} INFO - Marking task as UP_FOR_RETRY. dag_id=gold_dbt_dag, task_id=trigger_dbt_build, run_id=dataset_triggered__2026-07-07T22:13:24.655918+00:00, execution_date=20260707T221324, start_date=20260707T221325, end_date=20260707T221339
[2026-07-07T22:13:39.467+0000] {standard_task_runner.py:110} ERROR - Failed to execute job 1032 for task trigger_dbt_build (Bash command failed. The command returned a non-zero exit code 1.; 77228)
[2026-07-07T22:13:39.497+0000] {local_task_job_runner.py:240} INFO - Task exited with return code 1
[2026-07-07T22:13:39.509+0000] {taskinstance.py:3498} INFO - 0 downstream tasks scheduled from follow-on schedule check
[2026-07-07T22:13:39.510+0000] {local_task_job_runner.py:222} INFO - ::endgroup::
