[2026-07-07T17:00:05.252+0000] {local_task_job_runner.py:120} INFO - ::group::Pre task execution logs
[2026-07-07T17:00:05.293+0000] {taskinstance.py:2076} INFO - Dependencies all met for dep_context=non-requeueable deps ti=<TaskInstance: silver_weather_dag.spark_weather_to_iceberg dataset_triggered__2026-07-07T17:00:04.039340+00:00 [queued]>
[2026-07-07T17:00:05.298+0000] {taskinstance.py:2076} INFO - Dependencies all met for dep_context=requeueable deps ti=<TaskInstance: silver_weather_dag.spark_weather_to_iceberg dataset_triggered__2026-07-07T17:00:04.039340+00:00 [queued]>
[2026-07-07T17:00:05.298+0000] {taskinstance.py:2306} INFO - Starting attempt 1 of 1
[2026-07-07T17:00:05.305+0000] {taskinstance.py:2330} INFO - Executing <Task(BashOperator): spark_weather_to_iceberg> on 2026-07-07 17:00:04.039340+00:00
[2026-07-07T17:00:05.308+0000] {standard_task_runner.py:90} INFO - Running: ['***', 'tasks', 'run', 'silver_weather_dag', 'spark_weather_to_iceberg', 'dataset_triggered__2026-07-07T17:00:04.039340+00:00', '--job-id', '996', '--raw', '--subdir', 'DAGS_FOLDER/dag_silver_weather.py', '--cfg-path', '/tmp/tmpgky6_gjg']
[2026-07-07T17:00:05.310+0000] {standard_task_runner.py:91} INFO - Job 996: Subtask spark_weather_to_iceberg
[2026-07-07T17:00:05.314+0000] {logging_mixin.py:188} WARNING - /home/***/.local/lib/python3.12/site-packages/***/task/task_runner/standard_task_runner.py:61 DeprecationWarning: This process (pid=69546) is multi-threaded, use of fork() may lead to deadlocks in the child.
[2026-07-07T17:00:05.314+0000] {standard_task_runner.py:63} INFO - Started process 69565 to run task
[2026-07-07T17:00:05.344+0000] {task_command.py:426} INFO - Running <TaskInstance: silver_weather_dag.spark_weather_to_iceberg dataset_triggered__2026-07-07T17:00:04.039340+00:00 [running]> on host bd23e89d97be
[2026-07-07T17:00:05.428+0000] {taskinstance.py:2648} INFO - Exporting env vars: AIRFLOW_CTX_DAG_OWNER='data_engineer' AIRFLOW_CTX_DAG_ID='silver_weather_dag' AIRFLOW_CTX_TASK_ID='spark_weather_to_iceberg' AIRFLOW_CTX_EXECUTION_DATE='2026-07-07T17:00:04.039340+00:00' AIRFLOW_CTX_TRY_NUMBER='1' AIRFLOW_CTX_DAG_RUN_ID='dataset_triggered__2026-07-07T17:00:04.039340+00:00'
[2026-07-07T17:00:05.428+0000] {taskinstance.py:430} INFO - ::endgroup::
[2026-07-07T17:00:05.446+0000] {subprocess.py:63} INFO - Tmp dir root location: /tmp
[2026-07-07T17:00:05.448+0000] {subprocess.py:75} INFO - Running command: ['/usr/bin/bash', '-c', 'export JAVA_HOME=/usr/lib/jvm/default-java && python /opt/***/dags/spark/silver_weather.py "gs://your-lakehouse-bucket/bronze/weather/weather_forecast_latest.parquet" "weather_iceberg"']
[2026-07-07T17:00:05.454+0000] {subprocess.py:86} INFO - Output:
[2026-07-07T17:00:06.069+0000] {subprocess.py:93} INFO - WARNING: Using incubator modules: jdk.incubator.vector
[2026-07-07T17:00:07.095+0000] {subprocess.py:93} INFO - Using Spark's default log4j profile: org/apache/spark/log4j2-defaults.properties
[2026-07-07T17:00:07.095+0000] {subprocess.py:93} INFO - Setting default log level to "WARN".
[2026-07-07T17:00:07.096+0000] {subprocess.py:93} INFO - To adjust logging level use sc.setLogLevel(newLevel). For SparkR, use setLogLevel(newLevel).
[2026-07-07T17:00:07.544+0000] {subprocess.py:93} INFO - 26/07/07 17:00:07 WARN NativeCodeLoader: Unable to load native-hadoop library for your platform... using builtin-java classes where applicable
[2026-07-07T17:00:08.215+0000] {subprocess.py:93} INFO - 26/07/07 17:00:08 WARN Utils: Service 'SparkUI' could not bind on port 4040. Attempting port 4041.
[2026-07-07T17:00:15.531+0000] {subprocess.py:93} INFO - [Stage 0:>                                                        (0 + 12) / 12][Stage 0:===================>                                      (4 + 8) / 12][Stage 0:===============================================>         (10 + 2) / 12][Stage 0:====================================================>    (11 + 1) / 12]                                                                                SUCCESS: Data written to /opt/***/lakehouse/silver/weather_iceberg
[2026-07-07T17:00:16.074+0000] {subprocess.py:97} INFO - Command exited with return code 0
[2026-07-07T17:00:16.078+0000] {taskinstance.py:441} INFO - ::group::Post task execution logs
[2026-07-07T17:00:16.112+0000] {logging_mixin.py:188} WARNING - /home/***/.local/lib/python3.12/site-packages/***/models/baseoperator.py:1564 RemovedInAirflow3Warning: Passing 'execution_date' to 'TaskInstance.xcom_push()' is deprecated.
[2026-07-07T17:00:16.127+0000] {taskinstance.py:1206} INFO - Marking task as SUCCESS. dag_id=silver_weather_dag, task_id=spark_weather_to_iceberg, run_id=dataset_triggered__2026-07-07T17:00:04.039340+00:00, execution_date=20260707T170004, start_date=20260707T170005, end_date=20260707T170016
[2026-07-07T17:00:16.192+0000] {local_task_job_runner.py:240} INFO - Task exited with return code 0
[2026-07-07T17:00:16.206+0000] {taskinstance.py:3498} INFO - 0 downstream tasks scheduled from follow-on schedule check
[2026-07-07T17:00:16.206+0000] {local_task_job_runner.py:222} INFO - ::endgroup::
