[2026-07-10T02:00:25.591+0000] {local_task_job_runner.py:120} INFO - ::group::Pre task execution logs
[2026-07-10T02:00:25.632+0000] {taskinstance.py:2076} INFO - Dependencies all met for dep_context=non-requeueable deps ti=<TaskInstance: gold_dbt_dag.trigger_dbt_build dataset_triggered__2026-07-10T02:00:24.568474+00:00 [queued]>
[2026-07-10T02:00:25.638+0000] {taskinstance.py:2076} INFO - Dependencies all met for dep_context=requeueable deps ti=<TaskInstance: gold_dbt_dag.trigger_dbt_build dataset_triggered__2026-07-10T02:00:24.568474+00:00 [queued]>
[2026-07-10T02:00:25.639+0000] {taskinstance.py:2306} INFO - Starting attempt 1 of 2
[2026-07-10T02:00:25.648+0000] {taskinstance.py:2330} INFO - Executing <Task(BashOperator): trigger_dbt_build> on 2026-07-10 02:00:24.568474+00:00
[2026-07-10T02:00:25.654+0000] {standard_task_runner.py:90} INFO - Running: ['***', 'tasks', 'run', 'gold_dbt_dag', 'trigger_dbt_build', 'dataset_triggered__2026-07-10T02:00:24.568474+00:00', '--job-id', '1393', '--raw', '--subdir', 'DAGS_FOLDER/dag_gold_dbt.py', '--cfg-path', '/tmp/tmpvy5jkydz']
[2026-07-10T02:00:25.655+0000] {standard_task_runner.py:91} INFO - Job 1393: Subtask trigger_dbt_build
[2026-07-10T02:00:25.660+0000] {logging_mixin.py:188} WARNING - /home/***/.local/lib/python3.12/site-packages/***/task/task_runner/standard_task_runner.py:61 DeprecationWarning: This process (pid=94997) is multi-threaded, use of fork() may lead to deadlocks in the child.
[2026-07-10T02:00:25.660+0000] {standard_task_runner.py:63} INFO - Started process 94998 to run task
[2026-07-10T02:00:25.687+0000] {task_command.py:426} INFO - Running <TaskInstance: gold_dbt_dag.trigger_dbt_build dataset_triggered__2026-07-10T02:00:24.568474+00:00 [running]> on host bd23e89d97be
[2026-07-10T02:00:25.763+0000] {taskinstance.py:2648} INFO - Exporting env vars: AIRFLOW_CTX_DAG_OWNER='data_engineer' AIRFLOW_CTX_DAG_ID='gold_dbt_dag' AIRFLOW_CTX_TASK_ID='trigger_dbt_build' AIRFLOW_CTX_EXECUTION_DATE='2026-07-10T02:00:24.568474+00:00' AIRFLOW_CTX_TRY_NUMBER='1' AIRFLOW_CTX_DAG_RUN_ID='dataset_triggered__2026-07-10T02:00:24.568474+00:00'
[2026-07-10T02:00:25.763+0000] {taskinstance.py:430} INFO - ::endgroup::
[2026-07-10T02:00:25.775+0000] {subprocess.py:63} INFO - Tmp dir root location: /tmp
[2026-07-10T02:00:25.776+0000] {subprocess.py:75} INFO - Running command: ['/usr/bin/bash', '-c', 'cd /opt/***/dbt && dbt build --profiles-dir . --target dev']
[2026-07-10T02:00:25.783+0000] {subprocess.py:86} INFO - Output:
[2026-07-10T02:00:27.974+0000] {subprocess.py:93} INFO - [0m02:00:27  Running with dbt=1.11.11
[2026-07-10T02:00:29.077+0000] {subprocess.py:93} INFO - [0m02:00:29  Registered adapter: bigquery=1.11.3
[2026-07-10T02:00:29.541+0000] {subprocess.py:93} INFO - [0m02:00:29  Found 6 models, 4 sources, 553 macros
[2026-07-10T02:00:29.543+0000] {subprocess.py:93} INFO - [0m02:00:29
[2026-07-10T02:00:29.544+0000] {subprocess.py:93} INFO - [0m02:00:29  Concurrency: 4 threads (target='dev')
[2026-07-10T02:00:29.544+0000] {subprocess.py:93} INFO - [0m02:00:29
[2026-07-10T02:00:31.148+0000] {subprocess.py:93} INFO - [0m02:00:31  1 of 6 START sql table model logistics_mart.dim_drivers ........................ [RUN]
[2026-07-10T02:00:31.150+0000] {subprocess.py:93} INFO - [0m02:00:31  2 of 6 START sql table model logistics_mart.dim_hubs ........................... [RUN]
[2026-07-10T02:00:31.151+0000] {subprocess.py:93} INFO - [0m02:00:31  3 of 6 START sql view model logistics_mart.stg_shipments ....................... [RUN]
[2026-07-10T02:00:31.152+0000] {subprocess.py:93} INFO - [0m02:00:31  4 of 6 START sql view model logistics_mart.stg_weather ......................... [RUN]
[2026-07-10T02:00:33.257+0000] {subprocess.py:93} INFO - [0m02:00:33  4 of 6 OK created sql view model logistics_mart.stg_weather .................... [[32mCREATE VIEW (0 processed)[0m in 2.10s]
[2026-07-10T02:00:33.260+0000] {subprocess.py:93} INFO - [0m02:00:33  5 of 6 START sql view model logistics_mart.stg_weather_consensus ............... [RUN]
[2026-07-10T02:00:33.388+0000] {subprocess.py:93} INFO - [0m02:00:33  3 of 6 OK created sql view model logistics_mart.stg_shipments .................. [[32mCREATE VIEW (0 processed)[0m in 2.23s]
[2026-07-10T02:00:34.598+0000] {subprocess.py:93} INFO - [0m02:00:34  BigQuery adapter: https://console.cloud.google.com/bigquery?project=logistics-500519&j=bq:US:5407ba4b-9a0a-4e15-8f0e-b8c0a2d10494&page=queryresults
[2026-07-10T02:00:34.609+0000] {subprocess.py:93} INFO - [0m02:00:34  5 of 6 ERROR creating sql view model logistics_mart.stg_weather_consensus ...... [[31mERROR[0m in 1.35s]
[2026-07-10T02:00:34.851+0000] {subprocess.py:93} INFO - [0m02:00:34  1 of 6 OK created sql table model logistics_mart.dim_drivers ................... [[32mCREATE TABLE (3.0 rows, 108.0 Bytes processed)[0m in 3.70s]
[2026-07-10T02:00:35.090+0000] {subprocess.py:93} INFO - [0m02:00:35  2 of 6 OK created sql table model logistics_mart.dim_hubs ...................... [[32mCREATE TABLE (3.0 rows, 149.0 Bytes processed)[0m in 3.94s]
[2026-07-10T02:00:35.095+0000] {subprocess.py:93} INFO - [0m02:00:35  6 of 6 START sql table model logistics_mart.fact_shipment_weather .............. [RUN]
[2026-07-10T02:00:39.463+0000] {subprocess.py:93} INFO - [0m02:00:39  6 of 6 OK created sql table model logistics_mart.fact_shipment_weather ......... [[32mCREATE TABLE (1.6k rows, 102.3 KiB processed)[0m in 4.36s]
[2026-07-10T02:00:39.514+0000] {subprocess.py:93} INFO - [0m02:00:39
[2026-07-10T02:00:39.514+0000] {subprocess.py:93} INFO - [0m02:00:39  Finished running 3 table models, 3 view models in 0 hours 0 minutes and 9.97 seconds (9.97s).
[2026-07-10T02:00:39.567+0000] {subprocess.py:93} INFO - [0m02:00:39
[2026-07-10T02:00:39.568+0000] {subprocess.py:93} INFO - [0m02:00:39  [31mCompleted with 1 error, 0 partial successes, and 0 warnings:[0m
[2026-07-10T02:00:39.568+0000] {subprocess.py:93} INFO - [0m02:00:39
[2026-07-10T02:00:39.569+0000] {subprocess.py:93} INFO - [0m02:00:39  [31mFailure in model stg_weather_consensus (models/staging/stg_weather_consensus.sql)[0m
[2026-07-10T02:00:39.569+0000] {subprocess.py:93} INFO - [0m02:00:39    Database Error in model stg_weather_consensus (models/staging/stg_weather_consensus.sql)
[2026-07-10T02:00:39.569+0000] {subprocess.py:93} INFO -   Unrecognized name: fetched_at at [11:11]
[2026-07-10T02:00:39.569+0000] {subprocess.py:93} INFO -   compiled code at target/run/logistics_lakehouse/models/staging/stg_weather_consensus.sql
[2026-07-10T02:00:39.570+0000] {subprocess.py:93} INFO - [0m02:00:39
[2026-07-10T02:00:39.570+0000] {subprocess.py:93} INFO - [0m02:00:39    compiled code at target/compiled/logistics_lakehouse/models/staging/stg_weather_consensus.sql
[2026-07-10T02:00:39.570+0000] {subprocess.py:93} INFO - [0m02:00:39
[2026-07-10T02:00:39.570+0000] {subprocess.py:93} INFO - [0m02:00:39  Done. PASS=5 WARN=0 ERROR=1 SKIP=0 NO-OP=0 TOTAL=6
[2026-07-10T02:00:42.020+0000] {subprocess.py:97} INFO - Command exited with return code 1
[2026-07-10T02:00:42.022+0000] {taskinstance.py:441} INFO - ::group::Post task execution logs
[2026-07-10T02:00:42.044+0000] {taskinstance.py:2905} ERROR - Task failed with exception
Traceback (most recent call last):
  File "/home/airflow/.local/lib/python3.12/site-packages/airflow/models/taskinstance.py", line 465, in _execute_task
    result = _execute_callable(context=context, **execute_callable_kwargs)
             ^^^^^^^^^^^^^^^^^^^^^^^^^^^^^^^^^^^^^^^^^^^^^^^^^^^^^^^^^^^^^
  File "/home/airflow/.local/lib/python3.12/site-packages/airflow/models/taskinstance.py", line 432, in _execute_callable
    return execute_callable(context=context, **execute_callable_kwargs)
           ^^^^^^^^^^^^^^^^^^^^^^^^^^^^^^^^^^^^^^^^^^^^^^^^^^^^^^^^^^^^
  File "/home/airflow/.local/lib/python3.12/site-packages/airflow/models/baseoperator.py", line 400, in wrapper
    return func(self, *args, **kwargs)
           ^^^^^^^^^^^^^^^^^^^^^^^^^^^
  File "/home/airflow/.local/lib/python3.12/site-packages/airflow/operators/bash.py", line 243, in execute
    raise AirflowException(
airflow.exceptions.AirflowException: Bash command failed. The command returned a non-zero exit code 1.
[2026-07-10T02:00:42.056+0000] {taskinstance.py:1206} INFO - Marking task as UP_FOR_RETRY. dag_id=gold_dbt_dag, task_id=trigger_dbt_build, run_id=dataset_triggered__2026-07-10T02:00:24.568474+00:00, execution_date=20260710T020024, start_date=20260710T020025, end_date=20260710T020042
[2026-07-10T02:00:42.105+0000] {standard_task_runner.py:110} ERROR - Failed to execute job 1393 for task trigger_dbt_build (Bash command failed. The command returned a non-zero exit code 1.; 94998)
[2026-07-10T02:00:42.143+0000] {local_task_job_runner.py:240} INFO - Task exited with return code 1
[2026-07-10T02:00:42.165+0000] {taskinstance.py:3498} INFO - 0 downstream tasks scheduled from follow-on schedule check
[2026-07-10T02:00:42.167+0000] {local_task_job_runner.py:222} INFO - ::endgroup::
