[2026-07-10T02:02:43.222+0000] {local_task_job_runner.py:120} INFO - ::group::Pre task execution logs
[2026-07-10T02:02:43.268+0000] {taskinstance.py:2076} INFO - Dependencies all met for dep_context=non-requeueable deps ti=<TaskInstance: gold_dbt_dag.trigger_dbt_build dataset_triggered__2026-07-10T02:00:24.568474+00:00 [queued]>
[2026-07-10T02:02:43.276+0000] {taskinstance.py:2076} INFO - Dependencies all met for dep_context=requeueable deps ti=<TaskInstance: gold_dbt_dag.trigger_dbt_build dataset_triggered__2026-07-10T02:00:24.568474+00:00 [queued]>
[2026-07-10T02:02:43.277+0000] {taskinstance.py:2306} INFO - Starting attempt 2 of 2
[2026-07-10T02:02:43.286+0000] {taskinstance.py:2330} INFO - Executing <Task(BashOperator): trigger_dbt_build> on 2026-07-10 02:00:24.568474+00:00
[2026-07-10T02:02:43.292+0000] {standard_task_runner.py:90} INFO - Running: ['***', 'tasks', 'run', 'gold_dbt_dag', 'trigger_dbt_build', 'dataset_triggered__2026-07-10T02:00:24.568474+00:00', '--job-id', '1394', '--raw', '--subdir', 'DAGS_FOLDER/dag_gold_dbt.py', '--cfg-path', '/tmp/tmpn6tca2l9']
[2026-07-10T02:02:43.295+0000] {standard_task_runner.py:91} INFO - Job 1394: Subtask trigger_dbt_build
[2026-07-10T02:02:43.302+0000] {logging_mixin.py:188} WARNING - /home/***/.local/lib/python3.12/site-packages/***/task/task_runner/standard_task_runner.py:61 DeprecationWarning: This process (pid=95206) is multi-threaded, use of fork() may lead to deadlocks in the child.
[2026-07-10T02:02:43.303+0000] {standard_task_runner.py:63} INFO - Started process 95207 to run task
[2026-07-10T02:02:43.348+0000] {task_command.py:426} INFO - Running <TaskInstance: gold_dbt_dag.trigger_dbt_build dataset_triggered__2026-07-10T02:00:24.568474+00:00 [running]> on host bd23e89d97be
[2026-07-10T02:02:43.435+0000] {taskinstance.py:2648} INFO - Exporting env vars: AIRFLOW_CTX_DAG_OWNER='data_engineer' AIRFLOW_CTX_DAG_ID='gold_dbt_dag' AIRFLOW_CTX_TASK_ID='trigger_dbt_build' AIRFLOW_CTX_EXECUTION_DATE='2026-07-10T02:00:24.568474+00:00' AIRFLOW_CTX_TRY_NUMBER='2' AIRFLOW_CTX_DAG_RUN_ID='dataset_triggered__2026-07-10T02:00:24.568474+00:00'
[2026-07-10T02:02:43.435+0000] {taskinstance.py:430} INFO - ::endgroup::
[2026-07-10T02:02:43.450+0000] {subprocess.py:63} INFO - Tmp dir root location: /tmp
[2026-07-10T02:02:43.453+0000] {subprocess.py:75} INFO - Running command: ['/usr/bin/bash', '-c', 'cd /opt/***/dbt && dbt build --profiles-dir . --target dev']
[2026-07-10T02:02:43.460+0000] {subprocess.py:86} INFO - Output:
[2026-07-10T02:02:45.274+0000] {subprocess.py:93} INFO - [0m02:02:45  Running with dbt=1.11.11
[2026-07-10T02:02:46.161+0000] {subprocess.py:93} INFO - [0m02:02:46  Registered adapter: bigquery=1.11.3
[2026-07-10T02:02:46.504+0000] {subprocess.py:93} INFO - [0m02:02:46  Found 6 models, 4 sources, 553 macros
[2026-07-10T02:02:46.506+0000] {subprocess.py:93} INFO - [0m02:02:46
[2026-07-10T02:02:46.506+0000] {subprocess.py:93} INFO - [0m02:02:46  Concurrency: 4 threads (target='dev')
[2026-07-10T02:02:46.506+0000] {subprocess.py:93} INFO - [0m02:02:46
[2026-07-10T02:02:48.144+0000] {subprocess.py:93} INFO - [0m02:02:48  1 of 6 START sql table model logistics_mart.dim_drivers ........................ [RUN]
[2026-07-10T02:02:48.145+0000] {subprocess.py:93} INFO - [0m02:02:48  2 of 6 START sql table model logistics_mart.dim_hubs ........................... [RUN]
[2026-07-10T02:02:48.145+0000] {subprocess.py:93} INFO - [0m02:02:48  3 of 6 START sql view model logistics_mart.stg_shipments ....................... [RUN]
[2026-07-10T02:02:48.146+0000] {subprocess.py:93} INFO - [0m02:02:48  4 of 6 START sql view model logistics_mart.stg_weather ......................... [RUN]
[2026-07-10T02:02:50.518+0000] {subprocess.py:93} INFO - [0m02:02:50  4 of 6 OK created sql view model logistics_mart.stg_weather .................... [[32mCREATE VIEW (0 processed)[0m in 2.36s]
[2026-07-10T02:02:50.521+0000] {subprocess.py:93} INFO - [0m02:02:50  3 of 6 OK created sql view model logistics_mart.stg_shipments .................. [[32mCREATE VIEW (0 processed)[0m in 2.37s]
[2026-07-10T02:02:50.523+0000] {subprocess.py:93} INFO - [0m02:02:50  5 of 6 START sql view model logistics_mart.stg_weather_consensus ............... [RUN]
[2026-07-10T02:02:52.125+0000] {subprocess.py:93} INFO - [0m02:02:52  BigQuery adapter: https://console.cloud.google.com/bigquery?project=logistics-500519&j=bq:US:a87cde66-d78d-424b-95ba-e1cb55460bfb&page=queryresults
[2026-07-10T02:02:52.141+0000] {subprocess.py:93} INFO - [0m02:02:52  5 of 6 ERROR creating sql view model logistics_mart.stg_weather_consensus ...... [[31mERROR[0m in 1.62s]
[2026-07-10T02:02:52.172+0000] {subprocess.py:93} INFO - [0m02:02:52  2 of 6 OK created sql table model logistics_mart.dim_hubs ...................... [[32mCREATE TABLE (3.0 rows, 149.0 Bytes processed)[0m in 4.02s]
[2026-07-10T02:02:52.175+0000] {subprocess.py:93} INFO - [0m02:02:52  6 of 6 START sql table model logistics_mart.fact_shipment_weather .............. [RUN]
[2026-07-10T02:02:52.556+0000] {subprocess.py:93} INFO - [0m02:02:52  1 of 6 OK created sql table model logistics_mart.dim_drivers ................... [[32mCREATE TABLE (3.0 rows, 108.0 Bytes processed)[0m in 4.41s]
[2026-07-10T02:02:55.969+0000] {subprocess.py:93} INFO - [0m02:02:55  6 of 6 OK created sql table model logistics_mart.fact_shipment_weather ......... [[32mCREATE TABLE (1.6k rows, 102.3 KiB processed)[0m in 3.79s]
[2026-07-10T02:02:56.013+0000] {subprocess.py:93} INFO - [0m02:02:56
[2026-07-10T02:02:56.014+0000] {subprocess.py:93} INFO - [0m02:02:56  Finished running 3 table models, 3 view models in 0 hours 0 minutes and 9.51 seconds (9.51s).
[2026-07-10T02:02:56.080+0000] {subprocess.py:93} INFO - [0m02:02:56
[2026-07-10T02:02:56.080+0000] {subprocess.py:93} INFO - [0m02:02:56  [31mCompleted with 1 error, 0 partial successes, and 0 warnings:[0m
[2026-07-10T02:02:56.081+0000] {subprocess.py:93} INFO - [0m02:02:56
[2026-07-10T02:02:56.082+0000] {subprocess.py:93} INFO - [0m02:02:56  [31mFailure in model stg_weather_consensus (models/staging/stg_weather_consensus.sql)[0m
[2026-07-10T02:02:56.082+0000] {subprocess.py:93} INFO - [0m02:02:56    Database Error in model stg_weather_consensus (models/staging/stg_weather_consensus.sql)
[2026-07-10T02:02:56.083+0000] {subprocess.py:93} INFO -   Unrecognized name: fetched_at at [11:11]
[2026-07-10T02:02:56.083+0000] {subprocess.py:93} INFO -   compiled code at target/run/logistics_lakehouse/models/staging/stg_weather_consensus.sql
[2026-07-10T02:02:56.083+0000] {subprocess.py:93} INFO - [0m02:02:56
[2026-07-10T02:02:56.083+0000] {subprocess.py:93} INFO - [0m02:02:56    compiled code at target/compiled/logistics_lakehouse/models/staging/stg_weather_consensus.sql
[2026-07-10T02:02:56.084+0000] {subprocess.py:93} INFO - [0m02:02:56
[2026-07-10T02:02:56.084+0000] {subprocess.py:93} INFO - [0m02:02:56  Done. PASS=5 WARN=0 ERROR=1 SKIP=0 NO-OP=0 TOTAL=6
[2026-07-10T02:02:58.492+0000] {subprocess.py:97} INFO - Command exited with return code 1
[2026-07-10T02:02:58.494+0000] {taskinstance.py:441} INFO - ::group::Post task execution logs
[2026-07-10T02:02:58.516+0000] {taskinstance.py:2905} ERROR - Task failed with exception
Traceback (most recent call last):
  File "/home/airflow/.local/lib/python3.12/site-packages/airflow/models/taskinstance.py", line 465, in _execute_task
    result = _execute_callable(context=context, **execute_callable_kwargs)
             ^^^^^^^^^^^^^^^^^^^^^^^^^^^^^^^^^^^^^^^^^^^^^^^^^^^^^^^^^^^^^
  File "/home/airflow/.local/lib/python3.12/site-packages/airflow/models/taskinstance.py", line 432, in _execute_callable
    return execute_callable(context=context, **execute_callable_kwargs)
           ^^^^^^^^^^^^^^^^^^^^^^^^^^^^^^^^^^^^^^^^^^^^^^^^^^^^^^^^^^^^
  File "/home/airflow/.local/lib/python3.12/site-packages/airflow/models/baseoperator.py", line 400, in wrapper
    return func(self, *args, **kwargs)
           ^^^^^^^^^^^^^^^^^^^^^^^^^^^
  File "/home/airflow/.local/lib/python3.12/site-packages/airflow/operators/bash.py", line 243, in execute
    raise AirflowException(
airflow.exceptions.AirflowException: Bash command failed. The command returned a non-zero exit code 1.
[2026-07-10T02:02:58.524+0000] {taskinstance.py:1206} INFO - Marking task as FAILED. dag_id=gold_dbt_dag, task_id=trigger_dbt_build, run_id=dataset_triggered__2026-07-10T02:00:24.568474+00:00, execution_date=20260710T020024, start_date=20260710T020243, end_date=20260710T020258
[2026-07-10T02:02:58.546+0000] {standard_task_runner.py:110} ERROR - Failed to execute job 1394 for task trigger_dbt_build (Bash command failed. The command returned a non-zero exit code 1.; 95207)
[2026-07-10T02:02:58.554+0000] {local_task_job_runner.py:240} INFO - Task exited with return code 1
[2026-07-10T02:02:58.581+0000] {taskinstance.py:3498} INFO - 0 downstream tasks scheduled from follow-on schedule check
[2026-07-10T02:02:58.582+0000] {local_task_job_runner.py:222} INFO - ::endgroup::
