[2026-07-10T14:00:25.316+0000] {local_task_job_runner.py:120} INFO - ::group::Pre task execution logs
[2026-07-10T14:00:25.353+0000] {taskinstance.py:2076} INFO - Dependencies all met for dep_context=non-requeueable deps ti=<TaskInstance: gold_dbt_dag.trigger_dbt_build dataset_triggered__2026-07-10T14:00:24.184136+00:00 [queued]>
[2026-07-10T14:00:25.364+0000] {taskinstance.py:2076} INFO - Dependencies all met for dep_context=requeueable deps ti=<TaskInstance: gold_dbt_dag.trigger_dbt_build dataset_triggered__2026-07-10T14:00:24.184136+00:00 [queued]>
[2026-07-10T14:00:25.365+0000] {taskinstance.py:2306} INFO - Starting attempt 1 of 2
[2026-07-10T14:00:25.377+0000] {taskinstance.py:2330} INFO - Executing <Task(BashOperator): trigger_dbt_build> on 2026-07-10 14:00:24.184136+00:00
[2026-07-10T14:00:25.389+0000] {standard_task_runner.py:90} INFO - Running: ['***', 'tasks', 'run', 'gold_dbt_dag', 'trigger_dbt_build', 'dataset_triggered__2026-07-10T14:00:24.184136+00:00', '--job-id', '1476', '--raw', '--subdir', 'DAGS_FOLDER/dag_gold_dbt.py', '--cfg-path', '/tmp/tmpumrsgho7']
[2026-07-10T14:00:25.397+0000] {standard_task_runner.py:91} INFO - Job 1476: Subtask trigger_dbt_build
[2026-07-10T14:00:25.401+0000] {logging_mixin.py:188} WARNING - /home/***/.local/lib/python3.12/site-packages/***/task/task_runner/standard_task_runner.py:61 DeprecationWarning: This process (pid=25460) is multi-threaded, use of fork() may lead to deadlocks in the child.
[2026-07-10T14:00:25.402+0000] {standard_task_runner.py:63} INFO - Started process 25461 to run task
[2026-07-10T14:00:25.452+0000] {task_command.py:426} INFO - Running <TaskInstance: gold_dbt_dag.trigger_dbt_build dataset_triggered__2026-07-10T14:00:24.184136+00:00 [running]> on host bd23e89d97be
[2026-07-10T14:00:25.520+0000] {taskinstance.py:2648} INFO - Exporting env vars: AIRFLOW_CTX_DAG_OWNER='data_engineer' AIRFLOW_CTX_DAG_ID='gold_dbt_dag' AIRFLOW_CTX_TASK_ID='trigger_dbt_build' AIRFLOW_CTX_EXECUTION_DATE='2026-07-10T14:00:24.184136+00:00' AIRFLOW_CTX_TRY_NUMBER='1' AIRFLOW_CTX_DAG_RUN_ID='dataset_triggered__2026-07-10T14:00:24.184136+00:00'
[2026-07-10T14:00:25.520+0000] {taskinstance.py:430} INFO - ::endgroup::
[2026-07-10T14:00:25.534+0000] {subprocess.py:63} INFO - Tmp dir root location: /tmp
[2026-07-10T14:00:25.539+0000] {subprocess.py:75} INFO - Running command: ['/usr/bin/bash', '-c', 'cd /opt/***/dbt && dbt build --profiles-dir . --target dev']
[2026-07-10T14:00:25.548+0000] {subprocess.py:86} INFO - Output:
[2026-07-10T14:00:27.748+0000] {subprocess.py:93} INFO - [0m14:00:27  Running with dbt=1.11.11
[2026-07-10T14:00:28.864+0000] {subprocess.py:93} INFO - [0m14:00:28  Registered adapter: bigquery=1.11.3
[2026-07-10T14:00:29.336+0000] {subprocess.py:93} INFO - [0m14:00:29  Found 6 models, 4 sources, 553 macros
[2026-07-10T14:00:29.338+0000] {subprocess.py:93} INFO - [0m14:00:29
[2026-07-10T14:00:29.338+0000] {subprocess.py:93} INFO - [0m14:00:29  Concurrency: 4 threads (target='dev')
[2026-07-10T14:00:29.339+0000] {subprocess.py:93} INFO - [0m14:00:29
[2026-07-10T14:00:30.946+0000] {subprocess.py:93} INFO - [0m14:00:30  1 of 6 START sql table model logistics_mart.dim_drivers ........................ [RUN]
[2026-07-10T14:00:30.947+0000] {subprocess.py:93} INFO - [0m14:00:30  2 of 6 START sql table model logistics_mart.dim_hubs ........................... [RUN]
[2026-07-10T14:00:30.948+0000] {subprocess.py:93} INFO - [0m14:00:30  3 of 6 START sql view model logistics_mart.stg_shipments ....................... [RUN]
[2026-07-10T14:00:30.948+0000] {subprocess.py:93} INFO - [0m14:00:30  4 of 6 START sql view model logistics_mart.stg_weather ......................... [RUN]
[2026-07-10T14:00:32.954+0000] {subprocess.py:93} INFO - [0m14:00:32  3 of 6 OK created sql view model logistics_mart.stg_shipments .................. [[32mCREATE VIEW (0 processed)[0m in 2.00s]
[2026-07-10T14:00:32.957+0000] {subprocess.py:93} INFO - [0m14:00:32  5 of 6 START sql view model logistics_mart.stg_weather_consensus ............... [RUN]
[2026-07-10T14:00:33.005+0000] {subprocess.py:93} INFO - [0m14:00:33  4 of 6 OK created sql view model logistics_mart.stg_weather .................... [[32mCREATE VIEW (0 processed)[0m in 2.05s]
[2026-07-10T14:00:34.261+0000] {subprocess.py:93} INFO - [0m14:00:34  BigQuery adapter: https://console.cloud.google.com/bigquery?project=logistics-500519&j=bq:US:87def4e6-5c52-4895-8ce3-af3613b1b969&page=queryresults
[2026-07-10T14:00:34.279+0000] {subprocess.py:93} INFO - [0m14:00:34  5 of 6 ERROR creating sql view model logistics_mart.stg_weather_consensus ...... [[31mERROR[0m in 1.32s]
[2026-07-10T14:00:35.226+0000] {subprocess.py:93} INFO - [0m14:00:35  1 of 6 OK created sql table model logistics_mart.dim_drivers ................... [[32mCREATE TABLE (3.0 rows, 108.0 Bytes processed)[0m in 4.27s]
[2026-07-10T14:00:36.271+0000] {subprocess.py:93} INFO - [0m14:00:36  2 of 6 OK created sql table model logistics_mart.dim_hubs ...................... [[32mCREATE TABLE (3.0 rows, 149.0 Bytes processed)[0m in 5.14s]
[2026-07-10T14:00:36.435+0000] {subprocess.py:93} INFO - [0m14:00:36  6 of 6 START sql table model logistics_mart.fact_shipment_weather .............. [RUN]
[2026-07-10T14:00:41.051+0000] {subprocess.py:93} INFO - [0m14:00:41  6 of 6 OK created sql table model logistics_mart.fact_shipment_weather ......... [[32mCREATE TABLE (1.7k rows, 108.2 KiB processed)[0m in 4.61s]
[2026-07-10T14:00:41.099+0000] {subprocess.py:93} INFO - [0m14:00:41
[2026-07-10T14:00:41.100+0000] {subprocess.py:93} INFO - [0m14:00:41  Finished running 3 table models, 3 view models in 0 hours 0 minutes and 11.76 seconds (11.76s).
[2026-07-10T14:00:41.163+0000] {subprocess.py:93} INFO - [0m14:00:41
[2026-07-10T14:00:41.164+0000] {subprocess.py:93} INFO - [0m14:00:41  [31mCompleted with 1 error, 0 partial successes, and 0 warnings:[0m
[2026-07-10T14:00:41.167+0000] {subprocess.py:93} INFO - [0m14:00:41
[2026-07-10T14:00:41.168+0000] {subprocess.py:93} INFO - [0m14:00:41  [31mFailure in model stg_weather_consensus (models/staging/stg_weather_consensus.sql)[0m
[2026-07-10T14:00:41.168+0000] {subprocess.py:93} INFO - [0m14:00:41    Database Error in model stg_weather_consensus (models/staging/stg_weather_consensus.sql)
[2026-07-10T14:00:41.169+0000] {subprocess.py:93} INFO -   Unrecognized name: fetched_at at [11:11]
[2026-07-10T14:00:41.169+0000] {subprocess.py:93} INFO -   compiled code at target/run/logistics_lakehouse/models/staging/stg_weather_consensus.sql
[2026-07-10T14:00:41.169+0000] {subprocess.py:93} INFO - [0m14:00:41
[2026-07-10T14:00:41.169+0000] {subprocess.py:93} INFO - [0m14:00:41    compiled code at target/compiled/logistics_lakehouse/models/staging/stg_weather_consensus.sql
[2026-07-10T14:00:41.170+0000] {subprocess.py:93} INFO - [0m14:00:41
[2026-07-10T14:00:41.170+0000] {subprocess.py:93} INFO - [0m14:00:41  Done. PASS=5 WARN=0 ERROR=1 SKIP=0 NO-OP=0 TOTAL=6
[2026-07-10T14:00:43.423+0000] {subprocess.py:97} INFO - Command exited with return code 1
[2026-07-10T14:00:43.425+0000] {taskinstance.py:441} INFO - ::group::Post task execution logs
[2026-07-10T14:00:43.454+0000] {taskinstance.py:2905} ERROR - Task failed with exception
Traceback (most recent call last):
  File "/home/airflow/.local/lib/python3.12/site-packages/airflow/models/taskinstance.py", line 465, in _execute_task
    result = _execute_callable(context=context, **execute_callable_kwargs)
             ^^^^^^^^^^^^^^^^^^^^^^^^^^^^^^^^^^^^^^^^^^^^^^^^^^^^^^^^^^^^^
  File "/home/airflow/.local/lib/python3.12/site-packages/airflow/models/taskinstance.py", line 432, in _execute_callable
    return execute_callable(context=context, **execute_callable_kwargs)
           ^^^^^^^^^^^^^^^^^^^^^^^^^^^^^^^^^^^^^^^^^^^^^^^^^^^^^^^^^^^^
  File "/home/airflow/.local/lib/python3.12/site-packages/airflow/models/baseoperator.py", line 400, in wrapper
    return func(self, *args, **kwargs)
           ^^^^^^^^^^^^^^^^^^^^^^^^^^^
  File "/home/airflow/.local/lib/python3.12/site-packages/airflow/operators/bash.py", line 243, in execute
    raise AirflowException(
airflow.exceptions.AirflowException: Bash command failed. The command returned a non-zero exit code 1.
[2026-07-10T14:00:43.463+0000] {taskinstance.py:1206} INFO - Marking task as UP_FOR_RETRY. dag_id=gold_dbt_dag, task_id=trigger_dbt_build, run_id=dataset_triggered__2026-07-10T14:00:24.184136+00:00, execution_date=20260710T140024, start_date=20260710T140025, end_date=20260710T140043
[2026-07-10T14:00:43.483+0000] {standard_task_runner.py:110} ERROR - Failed to execute job 1476 for task trigger_dbt_build (Bash command failed. The command returned a non-zero exit code 1.; 25461)
[2026-07-10T14:00:43.495+0000] {local_task_job_runner.py:240} INFO - Task exited with return code 1
[2026-07-10T14:00:43.510+0000] {taskinstance.py:3498} INFO - 0 downstream tasks scheduled from follow-on schedule check
[2026-07-10T14:00:43.510+0000] {local_task_job_runner.py:222} INFO - ::endgroup::
