[2026-07-10T14:02:44.606+0000] {local_task_job_runner.py:120} INFO - ::group::Pre task execution logs
[2026-07-10T14:02:44.653+0000] {taskinstance.py:2076} INFO - Dependencies all met for dep_context=non-requeueable deps ti=<TaskInstance: gold_dbt_dag.trigger_dbt_build dataset_triggered__2026-07-10T14:00:24.184136+00:00 [queued]>
[2026-07-10T14:02:44.659+0000] {taskinstance.py:2076} INFO - Dependencies all met for dep_context=requeueable deps ti=<TaskInstance: gold_dbt_dag.trigger_dbt_build dataset_triggered__2026-07-10T14:00:24.184136+00:00 [queued]>
[2026-07-10T14:02:44.660+0000] {taskinstance.py:2306} INFO - Starting attempt 2 of 2
[2026-07-10T14:02:44.671+0000] {taskinstance.py:2330} INFO - Executing <Task(BashOperator): trigger_dbt_build> on 2026-07-10 14:00:24.184136+00:00
[2026-07-10T14:02:44.676+0000] {standard_task_runner.py:90} INFO - Running: ['***', 'tasks', 'run', 'gold_dbt_dag', 'trigger_dbt_build', 'dataset_triggered__2026-07-10T14:00:24.184136+00:00', '--job-id', '1477', '--raw', '--subdir', 'DAGS_FOLDER/dag_gold_dbt.py', '--cfg-path', '/tmp/tmp3ufehmry']
[2026-07-10T14:02:44.681+0000] {standard_task_runner.py:91} INFO - Job 1477: Subtask trigger_dbt_build
[2026-07-10T14:02:44.689+0000] {logging_mixin.py:188} WARNING - /home/***/.local/lib/python3.12/site-packages/***/task/task_runner/standard_task_runner.py:61 DeprecationWarning: This process (pid=25673) is multi-threaded, use of fork() may lead to deadlocks in the child.
[2026-07-10T14:02:44.690+0000] {standard_task_runner.py:63} INFO - Started process 25674 to run task
[2026-07-10T14:02:44.722+0000] {task_command.py:426} INFO - Running <TaskInstance: gold_dbt_dag.trigger_dbt_build dataset_triggered__2026-07-10T14:00:24.184136+00:00 [running]> on host bd23e89d97be
[2026-07-10T14:02:44.797+0000] {taskinstance.py:2648} INFO - Exporting env vars: AIRFLOW_CTX_DAG_OWNER='data_engineer' AIRFLOW_CTX_DAG_ID='gold_dbt_dag' AIRFLOW_CTX_TASK_ID='trigger_dbt_build' AIRFLOW_CTX_EXECUTION_DATE='2026-07-10T14:00:24.184136+00:00' AIRFLOW_CTX_TRY_NUMBER='2' AIRFLOW_CTX_DAG_RUN_ID='dataset_triggered__2026-07-10T14:00:24.184136+00:00'
[2026-07-10T14:02:44.798+0000] {taskinstance.py:430} INFO - ::endgroup::
[2026-07-10T14:02:44.821+0000] {subprocess.py:63} INFO - Tmp dir root location: /tmp
[2026-07-10T14:02:44.823+0000] {subprocess.py:75} INFO - Running command: ['/usr/bin/bash', '-c', 'cd /opt/***/dbt && dbt build --profiles-dir . --target dev']
[2026-07-10T14:02:44.835+0000] {subprocess.py:86} INFO - Output:
[2026-07-10T14:02:46.298+0000] {subprocess.py:93} INFO - [0m14:02:46  Running with dbt=1.11.11
[2026-07-10T14:02:47.055+0000] {subprocess.py:93} INFO - [0m14:02:47  Registered adapter: bigquery=1.11.3
[2026-07-10T14:02:47.339+0000] {subprocess.py:93} INFO - [0m14:02:47  Found 6 models, 4 sources, 553 macros
[2026-07-10T14:02:47.340+0000] {subprocess.py:93} INFO - [0m14:02:47
[2026-07-10T14:02:47.341+0000] {subprocess.py:93} INFO - [0m14:02:47  Concurrency: 4 threads (target='dev')
[2026-07-10T14:02:47.341+0000] {subprocess.py:93} INFO - [0m14:02:47
[2026-07-10T14:02:49.359+0000] {subprocess.py:93} INFO - [0m14:02:49  1 of 6 START sql table model logistics_mart.dim_drivers ........................ [RUN]
[2026-07-10T14:02:49.360+0000] {subprocess.py:93} INFO - [0m14:02:49  2 of 6 START sql table model logistics_mart.dim_hubs ........................... [RUN]
[2026-07-10T14:02:49.360+0000] {subprocess.py:93} INFO - [0m14:02:49  3 of 6 START sql view model logistics_mart.stg_shipments ....................... [RUN]
[2026-07-10T14:02:49.361+0000] {subprocess.py:93} INFO - [0m14:02:49  4 of 6 START sql view model logistics_mart.stg_weather ......................... [RUN]
[2026-07-10T14:02:51.537+0000] {subprocess.py:93} INFO - [0m14:02:51  3 of 6 OK created sql view model logistics_mart.stg_shipments .................. [[32mCREATE VIEW (0 processed)[0m in 2.17s]
[2026-07-10T14:02:51.546+0000] {subprocess.py:93} INFO - [0m14:02:51  5 of 6 START sql view model logistics_mart.stg_weather_consensus ............... [RUN]
[2026-07-10T14:02:51.734+0000] {subprocess.py:93} INFO - [0m14:02:51  4 of 6 OK created sql view model logistics_mart.stg_weather .................... [[32mCREATE VIEW (0 processed)[0m in 2.37s]
[2026-07-10T14:02:52.944+0000] {subprocess.py:93} INFO - [0m14:02:52  1 of 6 OK created sql table model logistics_mart.dim_drivers ................... [[32mCREATE TABLE (3.0 rows, 108.0 Bytes processed)[0m in 3.58s]
[2026-07-10T14:02:53.101+0000] {subprocess.py:93} INFO - [0m14:02:53  BigQuery adapter: https://console.cloud.google.com/bigquery?project=logistics-500519&j=bq:US:963d7635-5efb-4791-a64f-e8dc57795d32&page=queryresults
[2026-07-10T14:02:53.119+0000] {subprocess.py:93} INFO - [0m14:02:53  5 of 6 ERROR creating sql view model logistics_mart.stg_weather_consensus ...... [[31mERROR[0m in 1.57s]
[2026-07-10T14:02:53.336+0000] {subprocess.py:93} INFO - [0m14:02:53  2 of 6 OK created sql table model logistics_mart.dim_hubs ...................... [[32mCREATE TABLE (3.0 rows, 149.0 Bytes processed)[0m in 3.97s]
[2026-07-10T14:02:53.340+0000] {subprocess.py:93} INFO - [0m14:02:53  6 of 6 START sql table model logistics_mart.fact_shipment_weather .............. [RUN]
[2026-07-10T14:02:57.610+0000] {subprocess.py:93} INFO - [0m14:02:57  6 of 6 OK created sql table model logistics_mart.fact_shipment_weather ......... [[32mCREATE TABLE (1.7k rows, 108.2 KiB processed)[0m in 4.27s]
[2026-07-10T14:02:57.649+0000] {subprocess.py:93} INFO - [0m14:02:57
[2026-07-10T14:02:57.650+0000] {subprocess.py:93} INFO - [0m14:02:57  Finished running 3 table models, 3 view models in 0 hours 0 minutes and 10.31 seconds (10.31s).
[2026-07-10T14:02:57.710+0000] {subprocess.py:93} INFO - [0m14:02:57
[2026-07-10T14:02:57.711+0000] {subprocess.py:93} INFO - [0m14:02:57  [31mCompleted with 1 error, 0 partial successes, and 0 warnings:[0m
[2026-07-10T14:02:57.711+0000] {subprocess.py:93} INFO - [0m14:02:57
[2026-07-10T14:02:57.712+0000] {subprocess.py:93} INFO - [0m14:02:57  [31mFailure in model stg_weather_consensus (models/staging/stg_weather_consensus.sql)[0m
[2026-07-10T14:02:57.712+0000] {subprocess.py:93} INFO - [0m14:02:57    Database Error in model stg_weather_consensus (models/staging/stg_weather_consensus.sql)
[2026-07-10T14:02:57.712+0000] {subprocess.py:93} INFO -   Unrecognized name: fetched_at at [11:11]
[2026-07-10T14:02:57.712+0000] {subprocess.py:93} INFO -   compiled code at target/run/logistics_lakehouse/models/staging/stg_weather_consensus.sql
[2026-07-10T14:02:57.712+0000] {subprocess.py:93} INFO - [0m14:02:57
[2026-07-10T14:02:57.713+0000] {subprocess.py:93} INFO - [0m14:02:57    compiled code at target/compiled/logistics_lakehouse/models/staging/stg_weather_consensus.sql
[2026-07-10T14:02:57.713+0000] {subprocess.py:93} INFO - [0m14:02:57
[2026-07-10T14:02:57.713+0000] {subprocess.py:93} INFO - [0m14:02:57  Done. PASS=5 WARN=0 ERROR=1 SKIP=0 NO-OP=0 TOTAL=6
[2026-07-10T14:03:00.209+0000] {subprocess.py:97} INFO - Command exited with return code 1
[2026-07-10T14:03:00.212+0000] {taskinstance.py:441} INFO - ::group::Post task execution logs
[2026-07-10T14:03:00.232+0000] {taskinstance.py:2905} ERROR - Task failed with exception
Traceback (most recent call last):
  File "/home/airflow/.local/lib/python3.12/site-packages/airflow/models/taskinstance.py", line 465, in _execute_task
    result = _execute_callable(context=context, **execute_callable_kwargs)
             ^^^^^^^^^^^^^^^^^^^^^^^^^^^^^^^^^^^^^^^^^^^^^^^^^^^^^^^^^^^^^
  File "/home/airflow/.local/lib/python3.12/site-packages/airflow/models/taskinstance.py", line 432, in _execute_callable
    return execute_callable(context=context, **execute_callable_kwargs)
           ^^^^^^^^^^^^^^^^^^^^^^^^^^^^^^^^^^^^^^^^^^^^^^^^^^^^^^^^^^^^
  File "/home/airflow/.local/lib/python3.12/site-packages/airflow/models/baseoperator.py", line 400, in wrapper
    return func(self, *args, **kwargs)
           ^^^^^^^^^^^^^^^^^^^^^^^^^^^
  File "/home/airflow/.local/lib/python3.12/site-packages/airflow/operators/bash.py", line 243, in execute
    raise AirflowException(
airflow.exceptions.AirflowException: Bash command failed. The command returned a non-zero exit code 1.
[2026-07-10T14:03:00.238+0000] {taskinstance.py:1206} INFO - Marking task as FAILED. dag_id=gold_dbt_dag, task_id=trigger_dbt_build, run_id=dataset_triggered__2026-07-10T14:00:24.184136+00:00, execution_date=20260710T140024, start_date=20260710T140244, end_date=20260710T140300
[2026-07-10T14:03:00.256+0000] {standard_task_runner.py:110} ERROR - Failed to execute job 1477 for task trigger_dbt_build (Bash command failed. The command returned a non-zero exit code 1.; 25674)
[2026-07-10T14:03:00.290+0000] {local_task_job_runner.py:240} INFO - Task exited with return code 1
[2026-07-10T14:03:00.311+0000] {taskinstance.py:3498} INFO - 0 downstream tasks scheduled from follow-on schedule check
[2026-07-10T14:03:00.313+0000] {local_task_job_runner.py:222} INFO - ::endgroup::
