[2026-07-11T02:09:19.298+0000] {local_task_job_runner.py:120} INFO - ::group::Pre task execution logs
[2026-07-11T02:09:19.320+0000] {taskinstance.py:2076} INFO - Dependencies all met for dep_context=non-requeueable deps ti=<TaskInstance: gold_dbt_dag.trigger_dbt_build dataset_triggered__2026-07-11T02:09:18.294466+00:00 [queued]>
[2026-07-11T02:09:19.324+0000] {taskinstance.py:2076} INFO - Dependencies all met for dep_context=requeueable deps ti=<TaskInstance: gold_dbt_dag.trigger_dbt_build dataset_triggered__2026-07-11T02:09:18.294466+00:00 [queued]>
[2026-07-11T02:09:19.324+0000] {taskinstance.py:2306} INFO - Starting attempt 1 of 2
[2026-07-11T02:09:19.329+0000] {taskinstance.py:2330} INFO - Executing <Task(BashOperator): trigger_dbt_build> on 2026-07-11 02:09:18.294466+00:00
[2026-07-11T02:09:19.332+0000] {standard_task_runner.py:90} INFO - Running: ['***', 'tasks', 'run', 'gold_dbt_dag', 'trigger_dbt_build', 'dataset_triggered__2026-07-11T02:09:18.294466+00:00', '--job-id', '1560', '--raw', '--subdir', 'DAGS_FOLDER/dag_gold_dbt.py', '--cfg-path', '/tmp/tmpp591iwlm']
[2026-07-11T02:09:19.335+0000] {standard_task_runner.py:91} INFO - Job 1560: Subtask trigger_dbt_build
[2026-07-11T02:09:19.336+0000] {logging_mixin.py:188} WARNING - /home/***/.local/lib/python3.12/site-packages/***/task/task_runner/standard_task_runner.py:61 DeprecationWarning: This process (pid=52803) is multi-threaded, use of fork() may lead to deadlocks in the child.
[2026-07-11T02:09:19.337+0000] {standard_task_runner.py:63} INFO - Started process 52804 to run task
[2026-07-11T02:09:19.361+0000] {task_command.py:426} INFO - Running <TaskInstance: gold_dbt_dag.trigger_dbt_build dataset_triggered__2026-07-11T02:09:18.294466+00:00 [running]> on host bd23e89d97be
[2026-07-11T02:09:19.414+0000] {taskinstance.py:2648} INFO - Exporting env vars: AIRFLOW_CTX_DAG_OWNER='data_engineer' AIRFLOW_CTX_DAG_ID='gold_dbt_dag' AIRFLOW_CTX_TASK_ID='trigger_dbt_build' AIRFLOW_CTX_EXECUTION_DATE='2026-07-11T02:09:18.294466+00:00' AIRFLOW_CTX_TRY_NUMBER='1' AIRFLOW_CTX_DAG_RUN_ID='dataset_triggered__2026-07-11T02:09:18.294466+00:00'
[2026-07-11T02:09:19.414+0000] {taskinstance.py:430} INFO - ::endgroup::
[2026-07-11T02:09:19.423+0000] {subprocess.py:63} INFO - Tmp dir root location: /tmp
[2026-07-11T02:09:19.424+0000] {subprocess.py:75} INFO - Running command: ['/usr/bin/bash', '-c', 'cd /opt/***/dbt && dbt build --profiles-dir . --target dev']
[2026-07-11T02:09:19.427+0000] {subprocess.py:86} INFO - Output:
[2026-07-11T02:09:20.493+0000] {subprocess.py:93} INFO - [0m02:09:20  Running with dbt=1.11.11
[2026-07-11T02:09:21.001+0000] {subprocess.py:93} INFO - [0m02:09:21  Registered adapter: bigquery=1.11.3
[2026-07-11T02:09:21.214+0000] {subprocess.py:93} INFO - [0m02:09:21  Found 6 models, 4 sources, 553 macros
[2026-07-11T02:09:21.215+0000] {subprocess.py:93} INFO - [0m02:09:21
[2026-07-11T02:09:21.215+0000] {subprocess.py:93} INFO - [0m02:09:21  Concurrency: 4 threads (target='dev')
[2026-07-11T02:09:21.216+0000] {subprocess.py:93} INFO - [0m02:09:21
[2026-07-11T02:09:22.914+0000] {subprocess.py:93} INFO - [0m02:09:22  1 of 6 START sql table model logistics_mart.dim_drivers ........................ [RUN]
[2026-07-11T02:09:22.915+0000] {subprocess.py:93} INFO - [0m02:09:22  2 of 6 START sql table model logistics_mart.dim_hubs ........................... [RUN]
[2026-07-11T02:09:22.915+0000] {subprocess.py:93} INFO - [0m02:09:22  3 of 6 START sql view model logistics_mart.stg_shipments ....................... [RUN]
[2026-07-11T02:09:22.916+0000] {subprocess.py:93} INFO - [0m02:09:22  4 of 6 START sql view model logistics_mart.stg_weather ......................... [RUN]
[2026-07-11T02:09:24.872+0000] {subprocess.py:93} INFO - [0m02:09:24  3 of 6 OK created sql view model logistics_mart.stg_shipments .................. [[32mCREATE VIEW (0 processed)[0m in 1.95s]
[2026-07-11T02:09:24.874+0000] {subprocess.py:93} INFO - [0m02:09:24  5 of 6 START sql view model logistics_mart.stg_weather_consensus ............... [RUN]
[2026-07-11T02:09:24.925+0000] {subprocess.py:93} INFO - [0m02:09:24  4 of 6 OK created sql view model logistics_mart.stg_weather .................... [[32mCREATE VIEW (0 processed)[0m in 2.01s]
[2026-07-11T02:09:26.308+0000] {subprocess.py:93} INFO - [0m02:09:26  BigQuery adapter: https://console.cloud.google.com/bigquery?project=logistics-500519&j=bq:US:85c9c07a-1142-4d2c-b310-7f57a02baa51&page=queryresults
[2026-07-11T02:09:26.329+0000] {subprocess.py:93} INFO - [0m02:09:26  5 of 6 ERROR creating sql view model logistics_mart.stg_weather_consensus ...... [[31mERROR[0m in 1.45s]
[2026-07-11T02:09:26.684+0000] {subprocess.py:93} INFO - [0m02:09:26  1 of 6 OK created sql table model logistics_mart.dim_drivers ................... [[32mCREATE TABLE (3.0 rows, 108.0 Bytes processed)[0m in 3.76s]
[2026-07-11T02:09:27.003+0000] {subprocess.py:93} INFO - [0m02:09:27  2 of 6 OK created sql table model logistics_mart.dim_hubs ...................... [[32mCREATE TABLE (3.0 rows, 149.0 Bytes processed)[0m in 4.08s]
[2026-07-11T02:09:27.007+0000] {subprocess.py:93} INFO - [0m02:09:27  6 of 6 START sql table model logistics_mart.fact_shipment_weather .............. [RUN]
[2026-07-11T02:09:30.668+0000] {subprocess.py:93} INFO - [0m02:09:30  6 of 6 OK created sql table model logistics_mart.fact_shipment_weather ......... [[32mCREATE TABLE (1.8k rows, 113.9 KiB processed)[0m in 3.66s]
[2026-07-11T02:09:30.718+0000] {subprocess.py:93} INFO - [0m02:09:30
[2026-07-11T02:09:30.719+0000] {subprocess.py:93} INFO - [0m02:09:30  Finished running 3 table models, 3 view models in 0 hours 0 minutes and 9.50 seconds (9.50s).
[2026-07-11T02:09:30.757+0000] {subprocess.py:93} INFO - [0m02:09:30
[2026-07-11T02:09:30.757+0000] {subprocess.py:93} INFO - [0m02:09:30  [31mCompleted with 1 error, 0 partial successes, and 0 warnings:[0m
[2026-07-11T02:09:30.757+0000] {subprocess.py:93} INFO - [0m02:09:30
[2026-07-11T02:09:30.757+0000] {subprocess.py:93} INFO - [0m02:09:30  [31mFailure in model stg_weather_consensus (models/staging/stg_weather_consensus.sql)[0m
[2026-07-11T02:09:30.758+0000] {subprocess.py:93} INFO - [0m02:09:30    Database Error in model stg_weather_consensus (models/staging/stg_weather_consensus.sql)
[2026-07-11T02:09:30.758+0000] {subprocess.py:93} INFO -   Unrecognized name: fetched_at at [11:11]
[2026-07-11T02:09:30.758+0000] {subprocess.py:93} INFO -   compiled code at target/run/logistics_lakehouse/models/staging/stg_weather_consensus.sql
[2026-07-11T02:09:30.758+0000] {subprocess.py:93} INFO - [0m02:09:30
[2026-07-11T02:09:30.758+0000] {subprocess.py:93} INFO - [0m02:09:30    compiled code at target/compiled/logistics_lakehouse/models/staging/stg_weather_consensus.sql
[2026-07-11T02:09:30.758+0000] {subprocess.py:93} INFO - [0m02:09:30
[2026-07-11T02:09:30.759+0000] {subprocess.py:93} INFO - [0m02:09:30  Done. PASS=5 WARN=0 ERROR=1 SKIP=0 NO-OP=0 TOTAL=6
[2026-07-11T02:09:32.948+0000] {subprocess.py:97} INFO - Command exited with return code 1
[2026-07-11T02:09:32.949+0000] {taskinstance.py:441} INFO - ::group::Post task execution logs
[2026-07-11T02:09:32.961+0000] {taskinstance.py:2905} ERROR - Task failed with exception
Traceback (most recent call last):
  File "/home/airflow/.local/lib/python3.12/site-packages/airflow/models/taskinstance.py", line 465, in _execute_task
    result = _execute_callable(context=context, **execute_callable_kwargs)
             ^^^^^^^^^^^^^^^^^^^^^^^^^^^^^^^^^^^^^^^^^^^^^^^^^^^^^^^^^^^^^
  File "/home/airflow/.local/lib/python3.12/site-packages/airflow/models/taskinstance.py", line 432, in _execute_callable
    return execute_callable(context=context, **execute_callable_kwargs)
           ^^^^^^^^^^^^^^^^^^^^^^^^^^^^^^^^^^^^^^^^^^^^^^^^^^^^^^^^^^^^
  File "/home/airflow/.local/lib/python3.12/site-packages/airflow/models/baseoperator.py", line 400, in wrapper
    return func(self, *args, **kwargs)
           ^^^^^^^^^^^^^^^^^^^^^^^^^^^
  File "/home/airflow/.local/lib/python3.12/site-packages/airflow/operators/bash.py", line 243, in execute
    raise AirflowException(
airflow.exceptions.AirflowException: Bash command failed. The command returned a non-zero exit code 1.
[2026-07-11T02:09:32.964+0000] {taskinstance.py:1206} INFO - Marking task as UP_FOR_RETRY. dag_id=gold_dbt_dag, task_id=trigger_dbt_build, run_id=dataset_triggered__2026-07-11T02:09:18.294466+00:00, execution_date=20260711T020918, start_date=20260711T020919, end_date=20260711T020932
[2026-07-11T02:09:32.974+0000] {standard_task_runner.py:110} ERROR - Failed to execute job 1560 for task trigger_dbt_build (Bash command failed. The command returned a non-zero exit code 1.; 52804)
[2026-07-11T02:09:32.989+0000] {local_task_job_runner.py:240} INFO - Task exited with return code 1
[2026-07-11T02:09:33.008+0000] {taskinstance.py:3498} INFO - 0 downstream tasks scheduled from follow-on schedule check
[2026-07-11T02:09:33.009+0000] {local_task_job_runner.py:222} INFO - ::endgroup::
