[2026-06-30T02:10:12.703+0000] {local_task_job_runner.py:120} INFO - ::group::Pre task execution logs
[2026-06-30T02:10:12.711+0000] {taskinstance.py:2076} INFO - Dependencies all met for dep_context=non-requeueable deps ti=<TaskInstance: logistics_postgres_to_bq.push_to_bigquery dataset_triggered__2026-06-30T02:10:11.739167+00:00 [queued]>
[2026-06-30T02:10:12.714+0000] {taskinstance.py:2076} INFO - Dependencies all met for dep_context=requeueable deps ti=<TaskInstance: logistics_postgres_to_bq.push_to_bigquery dataset_triggered__2026-06-30T02:10:11.739167+00:00 [queued]>
[2026-06-30T02:10:12.714+0000] {taskinstance.py:2306} INFO - Starting attempt 1 of 1
[2026-06-30T02:10:12.717+0000] {taskinstance.py:2330} INFO - Executing <Task(PythonOperator): push_to_bigquery> on 2026-06-30 02:10:11.739167+00:00
[2026-06-30T02:10:12.721+0000] {logging_mixin.py:188} WARNING - /home/***/.local/lib/python3.12/site-packages/***/task/task_runner/standard_task_runner.py:61 DeprecationWarning: This process (pid=18507) is multi-threaded, use of fork() may lead to deadlocks in the child.
[2026-06-30T02:10:12.721+0000] {standard_task_runner.py:63} INFO - Started process 18509 to run task
[2026-06-30T02:10:12.721+0000] {standard_task_runner.py:90} INFO - Running: ['***', 'tasks', 'run', 'logistics_postgres_to_bq', 'push_to_bigquery', 'dataset_triggered__2026-06-30T02:10:11.739167+00:00', '--job-id', '95', '--raw', '--subdir', 'DAGS_FOLDER/dag_postgres_to_bq.py', '--cfg-path', '/tmp/tmpdgodroo3']
[2026-06-30T02:10:12.722+0000] {standard_task_runner.py:91} INFO - Job 95: Subtask push_to_bigquery
[2026-06-30T02:10:12.735+0000] {task_command.py:426} INFO - Running <TaskInstance: logistics_postgres_to_bq.push_to_bigquery dataset_triggered__2026-06-30T02:10:11.739167+00:00 [running]> on host ae627d26e698
[2026-06-30T02:10:12.759+0000] {taskinstance.py:2648} INFO - Exporting env vars: AIRFLOW_CTX_DAG_OWNER='***' AIRFLOW_CTX_DAG_ID='logistics_postgres_to_bq' AIRFLOW_CTX_TASK_ID='push_to_bigquery' AIRFLOW_CTX_EXECUTION_DATE='2026-06-30T02:10:11.739167+00:00' AIRFLOW_CTX_TRY_NUMBER='1' AIRFLOW_CTX_DAG_RUN_ID='dataset_triggered__2026-06-30T02:10:11.739167+00:00'
[2026-06-30T02:10:12.760+0000] {taskinstance.py:430} INFO - ::endgroup::
[2026-06-30T02:10:13.624+0000] {logging_mixin.py:188} WARNING - /opt/***/dags/dag_postgres_to_bq.py:34 UserWarning: pandas only supports SQLAlchemy connectable (engine/connection) or database string URI or sqlite3 DBAPI2 connection. Other DBAPI2 objects are not tested. Please consider using SQLAlchemy.
[2026-06-30T02:10:17.368+0000] {logging_mixin.py:188} INFO - Pushed 177 rows from shipments to BigQuery.
[2026-06-30T02:10:17.369+0000] {logging_mixin.py:188} WARNING - /opt/***/dags/dag_postgres_to_bq.py:34 UserWarning: pandas only supports SQLAlchemy connectable (engine/connection) or database string URI or sqlite3 DBAPI2 connection. Other DBAPI2 objects are not tested. Please consider using SQLAlchemy.
[2026-06-30T02:10:21.114+0000] {logging_mixin.py:188} INFO - Pushed 3 rows from hubs to BigQuery.
[2026-06-30T02:10:21.114+0000] {logging_mixin.py:188} WARNING - /opt/***/dags/dag_postgres_to_bq.py:34 UserWarning: pandas only supports SQLAlchemy connectable (engine/connection) or database string URI or sqlite3 DBAPI2 connection. Other DBAPI2 objects are not tested. Please consider using SQLAlchemy.
[2026-06-30T02:10:24.809+0000] {logging_mixin.py:188} INFO - Pushed 3 rows from drivers to BigQuery.
[2026-06-30T02:10:24.821+0000] {python.py:237} INFO - Done. Returned value was: None
[2026-06-30T02:10:24.831+0000] {taskinstance.py:441} INFO - ::group::Post task execution logs
[2026-06-30T02:10:24.915+0000] {taskinstance.py:1206} INFO - Marking task as SUCCESS. dag_id=logistics_postgres_to_bq, task_id=push_to_bigquery, run_id=dataset_triggered__2026-06-30T02:10:11.739167+00:00, execution_date=20260630T021011, start_date=20260630T021012, end_date=20260630T021024
[2026-06-30T02:10:25.008+0000] {local_task_job_runner.py:240} INFO - Task exited with return code 0
[2026-06-30T02:10:25.039+0000] {taskinstance.py:3498} INFO - 0 downstream tasks scheduled from follow-on schedule check
[2026-06-30T02:10:25.040+0000] {local_task_job_runner.py:222} INFO - ::endgroup::
