[2026-07-11T06:26:18.771+0000] {local_task_job_runner.py:120} INFO - ::group::Pre task execution logs
[2026-07-11T06:26:18.822+0000] {taskinstance.py:2076} INFO - Dependencies all met for dep_context=non-requeueable deps ti=<TaskInstance: gold_dbt_dag.trigger_dbt_build dataset_triggered__2026-07-11T06:07:53.538014+00:00 [queued]>
[2026-07-11T06:26:18.828+0000] {taskinstance.py:2076} INFO - Dependencies all met for dep_context=requeueable deps ti=<TaskInstance: gold_dbt_dag.trigger_dbt_build dataset_triggered__2026-07-11T06:07:53.538014+00:00 [queued]>
[2026-07-11T06:26:18.828+0000] {taskinstance.py:2306} INFO - Starting attempt 2 of 2
[2026-07-11T06:26:18.840+0000] {taskinstance.py:2330} INFO - Executing <Task(BashOperator): trigger_dbt_build> on 2026-07-11 06:07:53.538014+00:00
[2026-07-11T06:26:18.864+0000] {standard_task_runner.py:90} INFO - Running: ['***', 'tasks', 'run', 'gold_dbt_dag', 'trigger_dbt_build', 'dataset_triggered__2026-07-11T06:07:53.538014+00:00', '--job-id', '1589', '--raw', '--subdir', 'DAGS_FOLDER/dag_gold_dbt.py', '--cfg-path', '/tmp/tmpwmbol2eq']
[2026-07-11T06:26:18.868+0000] {standard_task_runner.py:91} INFO - Job 1589: Subtask trigger_dbt_build
[2026-07-11T06:26:18.869+0000] {logging_mixin.py:188} WARNING - /home/***/.local/lib/python3.12/site-packages/***/task/task_runner/standard_task_runner.py:61 DeprecationWarning: This process (pid=64073) is multi-threaded, use of fork() may lead to deadlocks in the child.
[2026-07-11T06:26:18.870+0000] {standard_task_runner.py:63} INFO - Started process 64080 to run task
[2026-07-11T06:26:18.927+0000] {task_command.py:426} INFO - Running <TaskInstance: gold_dbt_dag.trigger_dbt_build dataset_triggered__2026-07-11T06:07:53.538014+00:00 [running]> on host bd23e89d97be
[2026-07-11T06:26:18.989+0000] {taskinstance.py:2648} INFO - Exporting env vars: AIRFLOW_CTX_DAG_OWNER='data_engineer' AIRFLOW_CTX_DAG_ID='gold_dbt_dag' AIRFLOW_CTX_TASK_ID='trigger_dbt_build' AIRFLOW_CTX_EXECUTION_DATE='2026-07-11T06:07:53.538014+00:00' AIRFLOW_CTX_TRY_NUMBER='2' AIRFLOW_CTX_DAG_RUN_ID='dataset_triggered__2026-07-11T06:07:53.538014+00:00'
[2026-07-11T06:26:18.990+0000] {taskinstance.py:430} INFO - ::endgroup::
[2026-07-11T06:26:19.006+0000] {subprocess.py:63} INFO - Tmp dir root location: /tmp
[2026-07-11T06:26:19.007+0000] {subprocess.py:75} INFO - Running command: ['/usr/bin/bash', '-c', 'cd /opt/***/dbt && dbt build --profiles-dir . --target dev']
[2026-07-11T06:26:19.015+0000] {subprocess.py:86} INFO - Output:
[2026-07-11T06:26:20.299+0000] {subprocess.py:93} INFO - [0m06:26:20  Running with dbt=1.11.11
[2026-07-11T06:26:20.874+0000] {subprocess.py:93} INFO - [0m06:26:20  Registered adapter: bigquery=1.11.3
[2026-07-11T06:26:21.222+0000] {subprocess.py:93} INFO - [0m06:26:21  Found 6 models, 4 sources, 553 macros
[2026-07-11T06:26:21.223+0000] {subprocess.py:93} INFO - [0m06:26:21
[2026-07-11T06:26:21.224+0000] {subprocess.py:93} INFO - [0m06:26:21  Concurrency: 4 threads (target='dev')
[2026-07-11T06:26:21.224+0000] {subprocess.py:93} INFO - [0m06:26:21
[2026-07-11T06:26:22.762+0000] {subprocess.py:93} INFO - [0m06:26:22  1 of 6 START sql table model logistics_mart.dim_drivers ........................ [RUN]
[2026-07-11T06:26:22.763+0000] {subprocess.py:93} INFO - [0m06:26:22  2 of 6 START sql table model logistics_mart.dim_hubs ........................... [RUN]
[2026-07-11T06:26:22.763+0000] {subprocess.py:93} INFO - [0m06:26:22  3 of 6 START sql view model logistics_mart.stg_shipments ....................... [RUN]
[2026-07-11T06:26:22.763+0000] {subprocess.py:93} INFO - [0m06:26:22  4 of 6 START sql view model logistics_mart.stg_weather ......................... [RUN]
[2026-07-11T06:26:24.762+0000] {subprocess.py:93} INFO - [0m06:26:24  3 of 6 OK created sql view model logistics_mart.stg_shipments .................. [[32mCREATE VIEW (0 processed)[0m in 1.99s]
[2026-07-11T06:26:24.762+0000] {subprocess.py:93} INFO - [0m06:26:24  4 of 6 OK created sql view model logistics_mart.stg_weather .................... [[32mCREATE VIEW (0 processed)[0m in 2.00s]
[2026-07-11T06:26:24.764+0000] {subprocess.py:93} INFO - [0m06:26:24  5 of 6 START sql view model logistics_mart.stg_weather_consensus ............... [RUN]
[2026-07-11T06:26:26.048+0000] {subprocess.py:93} INFO - [0m06:26:26  BigQuery adapter: https://console.cloud.google.com/bigquery?project=logistics-500519&j=bq:US:7d13f0cc-c98f-45ec-b4d6-00a572066a75&page=queryresults
[2026-07-11T06:26:26.071+0000] {subprocess.py:93} INFO - [0m06:26:26  5 of 6 ERROR creating sql view model logistics_mart.stg_weather_consensus ...... [[31mERROR[0m in 1.30s]
[2026-07-11T06:26:27.407+0000] {subprocess.py:93} INFO - [0m06:26:27  2 of 6 OK created sql table model logistics_mart.dim_hubs ...................... [[32mCREATE TABLE (3.0 rows, 149.0 Bytes processed)[0m in 4.64s]
[2026-07-11T06:26:27.412+0000] {subprocess.py:93} INFO - [0m06:26:27  6 of 6 START sql table model logistics_mart.fact_shipment_weather .............. [RUN]
[2026-07-11T06:26:31.073+0000] {subprocess.py:93} INFO - [0m06:26:31  6 of 6 OK created sql table model logistics_mart.fact_shipment_weather ......... [[32mCREATE TABLE (1.8k rows, 115.9 KiB processed)[0m in 3.66s]
[2026-07-11T06:59:33.813+0000] {local_task_job_runner.py:310} WARNING - State of this instance has been externally set to failed. Terminating instance.
[2026-07-11T06:59:33.820+0000] {local_task_job_runner.py:222} INFO - ::endgroup::
[2026-07-11T06:59:33.826+0000] {process_utils.py:132} INFO - Sending 15 to group 64080. PIDs of all processes in the group: [64087, 64126, 64080]
[2026-07-11T06:59:33.827+0000] {process_utils.py:87} INFO - Sending the signal 15 to group 64080
[2026-07-11T06:59:33.828+0000] {taskinstance.py:2611} ERROR - Received SIGTERM. Terminating subprocesses.
[2026-07-11T06:59:33.831+0000] {subprocess.py:104} INFO - Sending SIGTERM signal to process group
[2026-07-11T06:59:33.832+0000] {taskinstance.py:441} INFO - ::group::Post task execution logs
[2026-07-11T06:59:33.883+0000] {process_utils.py:80} INFO - Process psutil.Process(pid=64126, status='terminated', started='06:26:20') (64126) terminated with exit code None
[2026-07-11T06:59:33.890+0000] {process_utils.py:80} INFO - Process psutil.Process(pid=64087, status='terminated', started='06:26:18') (64087) terminated with exit code None
[2026-07-11T06:59:33.891+0000] {process_utils.py:80} INFO - Process psutil.Process(pid=64080, status='terminated', exitcode=0, started='06:26:18') (64080) terminated with exit code 0
