[2026-07-12T20:25:33.687+0000] {local_task_job_runner.py:120} INFO - ::group::Pre task execution logs
[2026-07-12T20:25:33.709+0000] {taskinstance.py:2076} INFO - Dependencies all met for dep_context=non-requeueable deps ti=<TaskInstance: gold_dbt_dag.trigger_dbt_build dataset_triggered__2026-07-12T20:25:33.054478+00:00 [queued]>
[2026-07-12T20:25:33.712+0000] {taskinstance.py:2076} INFO - Dependencies all met for dep_context=requeueable deps ti=<TaskInstance: gold_dbt_dag.trigger_dbt_build dataset_triggered__2026-07-12T20:25:33.054478+00:00 [queued]>
[2026-07-12T20:25:33.713+0000] {taskinstance.py:2306} INFO - Starting attempt 1 of 2
[2026-07-12T20:25:33.719+0000] {taskinstance.py:2330} INFO - Executing <Task(BashOperator): trigger_dbt_build> on 2026-07-12 20:25:33.054478+00:00
[2026-07-12T20:25:33.723+0000] {standard_task_runner.py:90} INFO - Running: ['***', 'tasks', 'run', 'gold_dbt_dag', 'trigger_dbt_build', 'dataset_triggered__2026-07-12T20:25:33.054478+00:00', '--job-id', '241', '--raw', '--subdir', 'DAGS_FOLDER/dag_gold_dbt.py', '--cfg-path', '/tmp/tmpn73mip4u']
[2026-07-12T20:25:33.725+0000] {standard_task_runner.py:91} INFO - Job 241: Subtask trigger_dbt_build
[2026-07-12T20:25:33.732+0000] {logging_mixin.py:188} WARNING - /home/***/.local/lib/python3.12/site-packages/***/task/task_runner/standard_task_runner.py:61 DeprecationWarning: This process (pid=43971) is multi-threaded, use of fork() may lead to deadlocks in the child.
[2026-07-12T20:25:33.733+0000] {standard_task_runner.py:63} INFO - Started process 43972 to run task
[2026-07-12T20:25:33.750+0000] {task_command.py:426} INFO - Running <TaskInstance: gold_dbt_dag.trigger_dbt_build dataset_triggered__2026-07-12T20:25:33.054478+00:00 [running]> on host ad4e12f53b08
[2026-07-12T20:25:33.795+0000] {taskinstance.py:2648} INFO - Exporting env vars: AIRFLOW_CTX_DAG_OWNER='data_engineer' AIRFLOW_CTX_DAG_ID='gold_dbt_dag' AIRFLOW_CTX_TASK_ID='trigger_dbt_build' AIRFLOW_CTX_EXECUTION_DATE='2026-07-12T20:25:33.054478+00:00' AIRFLOW_CTX_TRY_NUMBER='1' AIRFLOW_CTX_DAG_RUN_ID='dataset_triggered__2026-07-12T20:25:33.054478+00:00'
[2026-07-12T20:25:33.795+0000] {taskinstance.py:430} INFO - ::endgroup::
[2026-07-12T20:25:33.802+0000] {subprocess.py:63} INFO - Tmp dir root location: /tmp
[2026-07-12T20:25:33.804+0000] {subprocess.py:75} INFO - Running command: ['/usr/bin/bash', '-c', 'cd /opt/***/dbt && dbt build --profiles-dir . --target dev']
[2026-07-12T20:25:33.809+0000] {subprocess.py:86} INFO - Output:
[2026-07-12T20:25:35.187+0000] {subprocess.py:93} INFO - [0m20:25:35  Running with dbt=1.11.11
[2026-07-12T20:25:35.867+0000] {subprocess.py:93} INFO - [0m20:25:35  Registered adapter: bigquery=1.11.3
[2026-07-12T20:25:36.295+0000] {subprocess.py:93} INFO - [0m20:25:36  Found 6 models, 4 sources, 553 macros
[2026-07-12T20:25:36.296+0000] {subprocess.py:93} INFO - [0m20:25:36
[2026-07-12T20:25:36.297+0000] {subprocess.py:93} INFO - [0m20:25:36  Concurrency: 4 threads (target='dev')
[2026-07-12T20:25:36.297+0000] {subprocess.py:93} INFO - [0m20:25:36
[2026-07-12T20:25:37.872+0000] {subprocess.py:93} INFO - [0m20:25:37  1 of 6 START sql table model logistics_mart.dim_drivers ........................ [RUN]
[2026-07-12T20:25:37.874+0000] {subprocess.py:93} INFO - [0m20:25:37  2 of 6 START sql table model logistics_mart.dim_hubs ........................... [RUN]
[2026-07-12T20:25:37.874+0000] {subprocess.py:93} INFO - [0m20:25:37  3 of 6 START sql view model logistics_mart.stg_shipments ....................... [RUN]
[2026-07-12T20:25:37.875+0000] {subprocess.py:93} INFO - [0m20:25:37  4 of 6 START sql view model logistics_mart.stg_weather ......................... [RUN]
[2026-07-12T20:25:39.864+0000] {subprocess.py:93} INFO - [0m20:25:39  3 of 6 OK created sql view model logistics_mart.stg_shipments .................. [[32mCREATE VIEW (0 processed)[0m in 1.98s]
[2026-07-12T20:25:39.866+0000] {subprocess.py:93} INFO - [0m20:25:39  4 of 6 OK created sql view model logistics_mart.stg_weather .................... [[32mCREATE VIEW (0 processed)[0m in 1.98s]
[2026-07-12T20:25:39.874+0000] {subprocess.py:93} INFO - [0m20:25:39  5 of 6 START sql view model logistics_mart.stg_weather_consensus ............... [RUN]
[2026-07-12T20:25:41.307+0000] {subprocess.py:93} INFO - [0m20:25:41  1 of 6 OK created sql table model logistics_mart.dim_drivers ................... [[32mCREATE TABLE (3.0 rows, 117.0 Bytes processed)[0m in 3.43s]
[2026-07-12T20:25:41.571+0000] {subprocess.py:93} INFO - [0m20:25:41  5 of 6 OK created sql view model logistics_mart.stg_weather_consensus .......... [[32mCREATE VIEW (0 processed)[0m in 1.69s]
[2026-07-12T20:25:41.767+0000] {subprocess.py:93} INFO - [0m20:25:41  2 of 6 OK created sql table model logistics_mart.dim_hubs ...................... [[32mCREATE TABLE (3.0 rows, 176.0 Bytes processed)[0m in 3.89s]
[2026-07-12T20:25:41.774+0000] {subprocess.py:93} INFO - [0m20:25:41  6 of 6 START sql table model logistics_mart.fact_shipment_weather .............. [RUN]
[2026-07-12T20:25:43.717+0000] {subprocess.py:93} INFO - [0m20:25:43  BigQuery adapter: https://console.cloud.google.com/bigquery?project=logistics-500519&j=bq:US:004755fe-97e7-44d9-900c-700353e2e313&page=queryresults
[2026-07-12T20:25:43.742+0000] {subprocess.py:93} INFO - [0m20:25:43  6 of 6 ERROR creating sql table model logistics_mart.fact_shipment_weather ..... [[31mERROR[0m in 1.97s]
[2026-07-12T20:25:43.786+0000] {subprocess.py:93} INFO - [0m20:25:43
[2026-07-12T20:25:43.787+0000] {subprocess.py:93} INFO - [0m20:25:43  Finished running 3 table models, 3 view models in 0 hours 0 minutes and 7.49 seconds (7.49s).
[2026-07-12T20:25:43.836+0000] {subprocess.py:93} INFO - [0m20:25:43
[2026-07-12T20:25:43.836+0000] {subprocess.py:93} INFO - [0m20:25:43  [31mCompleted with 1 error, 0 partial successes, and 0 warnings:[0m
[2026-07-12T20:25:43.836+0000] {subprocess.py:93} INFO - [0m20:25:43
[2026-07-12T20:25:43.837+0000] {subprocess.py:93} INFO - [0m20:25:43  [31mFailure in model fact_shipment_weather (models/mart/fact_shipment_weather.sql)[0m
[2026-07-12T20:25:43.837+0000] {subprocess.py:93} INFO - [0m20:25:43    Database Error in model fact_shipment_weather (models/mart/fact_shipment_weather.sql)
[2026-07-12T20:25:43.837+0000] {subprocess.py:93} INFO -   Name created_at not found inside s at [47:11]
[2026-07-12T20:25:43.838+0000] {subprocess.py:93} INFO -   compiled code at target/run/logistics_lakehouse/models/mart/fact_shipment_weather.sql
[2026-07-12T20:25:43.838+0000] {subprocess.py:93} INFO - [0m20:25:43
[2026-07-12T20:25:43.838+0000] {subprocess.py:93} INFO - [0m20:25:43    compiled code at target/compiled/logistics_lakehouse/models/mart/fact_shipment_weather.sql
[2026-07-12T20:25:43.838+0000] {subprocess.py:93} INFO - [0m20:25:43
[2026-07-12T20:25:43.838+0000] {subprocess.py:93} INFO - [0m20:25:43  Done. PASS=5 WARN=0 ERROR=1 SKIP=0 NO-OP=0 TOTAL=6
[2026-07-12T20:25:46.204+0000] {subprocess.py:97} INFO - Command exited with return code 1
[2026-07-12T20:25:46.206+0000] {taskinstance.py:441} INFO - ::group::Post task execution logs
[2026-07-12T20:25:46.220+0000] {taskinstance.py:2905} ERROR - Task failed with exception
Traceback (most recent call last):
  File "/home/airflow/.local/lib/python3.12/site-packages/airflow/models/taskinstance.py", line 465, in _execute_task
    result = _execute_callable(context=context, **execute_callable_kwargs)
             ^^^^^^^^^^^^^^^^^^^^^^^^^^^^^^^^^^^^^^^^^^^^^^^^^^^^^^^^^^^^^
  File "/home/airflow/.local/lib/python3.12/site-packages/airflow/models/taskinstance.py", line 432, in _execute_callable
    return execute_callable(context=context, **execute_callable_kwargs)
           ^^^^^^^^^^^^^^^^^^^^^^^^^^^^^^^^^^^^^^^^^^^^^^^^^^^^^^^^^^^^
  File "/home/airflow/.local/lib/python3.12/site-packages/airflow/models/baseoperator.py", line 400, in wrapper
    return func(self, *args, **kwargs)
           ^^^^^^^^^^^^^^^^^^^^^^^^^^^
  File "/home/airflow/.local/lib/python3.12/site-packages/airflow/operators/bash.py", line 243, in execute
    raise AirflowException(
airflow.exceptions.AirflowException: Bash command failed. The command returned a non-zero exit code 1.
[2026-07-12T20:25:46.226+0000] {taskinstance.py:1206} INFO - Marking task as UP_FOR_RETRY. dag_id=gold_dbt_dag, task_id=trigger_dbt_build, run_id=dataset_triggered__2026-07-12T20:25:33.054478+00:00, execution_date=20260712T202533, start_date=20260712T202533, end_date=20260712T202546
[2026-07-12T20:25:46.241+0000] {standard_task_runner.py:110} ERROR - Failed to execute job 241 for task trigger_dbt_build (Bash command failed. The command returned a non-zero exit code 1.; 43972)
[2026-07-12T20:25:46.257+0000] {local_task_job_runner.py:240} INFO - Task exited with return code 1
[2026-07-12T20:25:46.270+0000] {taskinstance.py:3498} INFO - 0 downstream tasks scheduled from follow-on schedule check
[2026-07-12T20:25:46.270+0000] {local_task_job_runner.py:222} INFO - ::endgroup::
