[2026-07-01T14:02:04.562+0000] {local_task_job_runner.py:120} INFO - ::group::Pre task execution logs
[2026-07-01T14:02:04.697+0000] {taskinstance.py:2076} INFO - Dependencies all met for dep_context=non-requeueable deps ti=<TaskInstance: gold_dbt_dag.trigger_dbt_build dataset_triggered__2026-07-01T14:02:03.286164+00:00 [queued]>
[2026-07-01T14:02:04.717+0000] {taskinstance.py:2076} INFO - Dependencies all met for dep_context=requeueable deps ti=<TaskInstance: gold_dbt_dag.trigger_dbt_build dataset_triggered__2026-07-01T14:02:03.286164+00:00 [queued]>
[2026-07-01T14:02:04.718+0000] {taskinstance.py:2306} INFO - Starting attempt 1 of 2
[2026-07-01T14:02:04.752+0000] {taskinstance.py:2330} INFO - Executing <Task(BashOperator): trigger_dbt_build> on 2026-07-01 14:02:03.286164+00:00
[2026-07-01T14:02:04.777+0000] {standard_task_runner.py:90} INFO - Running: ['***', 'tasks', 'run', 'gold_dbt_dag', 'trigger_dbt_build', 'dataset_triggered__2026-07-01T14:02:03.286164+00:00', '--job-id', '80', '--raw', '--subdir', 'DAGS_FOLDER/dag_gold_dbt.py', '--cfg-path', '/tmp/tmpx4i0lz2c']
[2026-07-01T14:02:04.794+0000] {standard_task_runner.py:91} INFO - Job 80: Subtask trigger_dbt_build
[2026-07-01T14:02:04.805+0000] {logging_mixin.py:188} WARNING - /home/***/.local/lib/python3.12/site-packages/***/task/task_runner/standard_task_runner.py:61 DeprecationWarning: This process (pid=17568) is multi-threaded, use of fork() may lead to deadlocks in the child.
[2026-07-01T14:02:04.808+0000] {standard_task_runner.py:63} INFO - Started process 17569 to run task
[2026-07-01T14:02:04.939+0000] {task_command.py:426} INFO - Running <TaskInstance: gold_dbt_dag.trigger_dbt_build dataset_triggered__2026-07-01T14:02:03.286164+00:00 [running]> on host bd23e89d97be
[2026-07-01T14:02:05.241+0000] {taskinstance.py:2648} INFO - Exporting env vars: AIRFLOW_CTX_DAG_OWNER='data_engineer' AIRFLOW_CTX_DAG_ID='gold_dbt_dag' AIRFLOW_CTX_TASK_ID='trigger_dbt_build' AIRFLOW_CTX_EXECUTION_DATE='2026-07-01T14:02:03.286164+00:00' AIRFLOW_CTX_TRY_NUMBER='1' AIRFLOW_CTX_DAG_RUN_ID='dataset_triggered__2026-07-01T14:02:03.286164+00:00'
[2026-07-01T14:02:05.244+0000] {taskinstance.py:430} INFO - ::endgroup::
[2026-07-01T14:02:05.314+0000] {subprocess.py:63} INFO - Tmp dir root location: /tmp
[2026-07-01T14:02:05.321+0000] {subprocess.py:75} INFO - Running command: ['/usr/bin/bash', '-c', 'cd /opt/***/dbt && dbt build --profiles-dir . --target dev']
[2026-07-01T14:02:05.371+0000] {subprocess.py:86} INFO - Output:
[2026-07-01T14:02:15.617+0000] {subprocess.py:93} INFO - [0m14:02:15  Running with dbt=1.11.11
[2026-07-01T14:02:21.245+0000] {subprocess.py:93} INFO - [0m14:02:21  Registered adapter: bigquery=1.11.3
[2026-07-01T14:02:24.027+0000] {subprocess.py:93} INFO - [0m14:02:24  Found 5 models, 4 sources, 553 macros
[2026-07-01T14:02:24.040+0000] {subprocess.py:93} INFO - [0m14:02:24
[2026-07-01T14:02:24.042+0000] {subprocess.py:93} INFO - [0m14:02:24  Concurrency: 4 threads (target='dev')
[2026-07-01T14:02:24.044+0000] {subprocess.py:93} INFO - [0m14:02:24
[2026-07-01T14:02:26.853+0000] {subprocess.py:93} INFO - [0m14:02:26  1 of 5 START sql table model logistics_mart.dim_drivers ........................ [RUN]
[2026-07-01T14:02:26.857+0000] {subprocess.py:93} INFO - [0m14:02:26  2 of 5 START sql table model logistics_mart.dim_hubs ........................... [RUN]
[2026-07-01T14:02:26.859+0000] {subprocess.py:93} INFO - [0m14:02:26  3 of 5 START sql view model logistics_mart.stg_shipments ....................... [RUN]
[2026-07-01T14:02:26.862+0000] {subprocess.py:93} INFO - [0m14:02:26  4 of 5 START sql view model logistics_mart.stg_weather ......................... [RUN]
[2026-07-01T14:02:29.958+0000] {subprocess.py:93} INFO - [0m14:02:29  4 of 5 OK created sql view model logistics_mart.stg_weather .................... [[32mCREATE VIEW (0 processed)[0m in 3.06s]
[2026-07-01T14:02:29.972+0000] {subprocess.py:93} INFO - [0m14:02:29  3 of 5 OK created sql view model logistics_mart.stg_shipments .................. [[32mCREATE VIEW (0 processed)[0m in 3.07s]
[2026-07-01T14:02:31.645+0000] {subprocess.py:93} INFO - [0m14:02:31  2 of 5 OK created sql table model logistics_mart.dim_hubs ...................... [[32mCREATE TABLE (3.0 rows, 149.0 Bytes processed)[0m in 4.77s]
[2026-07-01T14:02:31.653+0000] {subprocess.py:93} INFO - [0m14:02:31  5 of 5 START sql table model logistics_mart.fact_shipment_weather .............. [RUN]
[2026-07-01T14:02:32.083+0000] {subprocess.py:93} INFO - [0m14:02:32  1 of 5 OK created sql table model logistics_mart.dim_drivers ................... [[32mCREATE TABLE (3.0 rows, 108.0 Bytes processed)[0m in 5.20s]
[2026-07-01T14:02:36.711+0000] {subprocess.py:93} INFO - [0m14:02:36  5 of 5 OK created sql table model logistics_mart.fact_shipment_weather ......... [[32mCREATE TABLE (81.0 rows, 5.4 KiB processed)[0m in 5.04s]
[2026-07-01T14:02:36.963+0000] {subprocess.py:93} INFO - [0m14:02:36
[2026-07-01T14:02:36.966+0000] {subprocess.py:93} INFO - [0m14:02:36  Finished running 3 table models, 2 view models in 0 hours 0 minutes and 12.92 seconds (12.92s).
[2026-07-01T14:02:37.184+0000] {subprocess.py:93} INFO - [0m14:02:37
[2026-07-01T14:02:37.186+0000] {subprocess.py:93} INFO - [0m14:02:37  [32mCompleted successfully[0m
[2026-07-01T14:02:37.187+0000] {subprocess.py:93} INFO - [0m14:02:37
[2026-07-01T14:02:37.190+0000] {subprocess.py:93} INFO - [0m14:02:37  Done. PASS=5 WARN=0 ERROR=0 SKIP=0 NO-OP=0 TOTAL=5
[2026-07-01T14:02:43.792+0000] {subprocess.py:97} INFO - Command exited with return code 0
[2026-07-01T14:02:43.816+0000] {taskinstance.py:441} INFO - ::group::Post task execution logs
[2026-07-01T14:02:43.964+0000] {taskinstance.py:1206} INFO - Marking task as SUCCESS. dag_id=gold_dbt_dag, task_id=trigger_dbt_build, run_id=dataset_triggered__2026-07-01T14:02:03.286164+00:00, execution_date=20260701T140203, start_date=20260701T140204, end_date=20260701T140243
[2026-07-01T14:02:44.084+0000] {local_task_job_runner.py:240} INFO - Task exited with return code 0
[2026-07-01T14:02:44.191+0000] {taskinstance.py:3498} INFO - 0 downstream tasks scheduled from follow-on schedule check
[2026-07-01T14:02:44.195+0000] {local_task_job_runner.py:222} INFO - ::endgroup::
