[2026-07-07T16:01:27.117+0000] {local_task_job_runner.py:120} INFO - ::group::Pre task execution logs
[2026-07-07T16:01:27.198+0000] {taskinstance.py:2076} INFO - Dependencies all met for dep_context=non-requeueable deps ti=<TaskInstance: gold_dbt_dag.trigger_dbt_build dataset_triggered__2026-07-07T16:01:26.493223+00:00 [queued]>
[2026-07-07T16:01:27.208+0000] {taskinstance.py:2076} INFO - Dependencies all met for dep_context=requeueable deps ti=<TaskInstance: gold_dbt_dag.trigger_dbt_build dataset_triggered__2026-07-07T16:01:26.493223+00:00 [queued]>
[2026-07-07T16:01:27.208+0000] {taskinstance.py:2306} INFO - Starting attempt 1 of 2
[2026-07-07T16:01:27.225+0000] {taskinstance.py:2330} INFO - Executing <Task(BashOperator): trigger_dbt_build> on 2026-07-07 16:01:26.493223+00:00
[2026-07-07T16:01:27.236+0000] {standard_task_runner.py:90} INFO - Running: ['***', 'tasks', 'run', 'gold_dbt_dag', 'trigger_dbt_build', 'dataset_triggered__2026-07-07T16:01:26.493223+00:00', '--job-id', '990', '--raw', '--subdir', 'DAGS_FOLDER/dag_gold_dbt.py', '--cfg-path', '/tmp/tmpf_7g0rte']
[2026-07-07T16:01:27.238+0000] {standard_task_runner.py:91} INFO - Job 990: Subtask trigger_dbt_build
[2026-07-07T16:01:27.240+0000] {logging_mixin.py:188} WARNING - /home/***/.local/lib/python3.12/site-packages/***/task/task_runner/standard_task_runner.py:61 DeprecationWarning: This process (pid=65193) is multi-threaded, use of fork() may lead to deadlocks in the child.
[2026-07-07T16:01:27.241+0000] {standard_task_runner.py:63} INFO - Started process 65194 to run task
[2026-07-07T16:01:27.283+0000] {task_command.py:426} INFO - Running <TaskInstance: gold_dbt_dag.trigger_dbt_build dataset_triggered__2026-07-07T16:01:26.493223+00:00 [running]> on host bd23e89d97be
[2026-07-07T16:01:27.389+0000] {taskinstance.py:2648} INFO - Exporting env vars: AIRFLOW_CTX_DAG_OWNER='data_engineer' AIRFLOW_CTX_DAG_ID='gold_dbt_dag' AIRFLOW_CTX_TASK_ID='trigger_dbt_build' AIRFLOW_CTX_EXECUTION_DATE='2026-07-07T16:01:26.493223+00:00' AIRFLOW_CTX_TRY_NUMBER='1' AIRFLOW_CTX_DAG_RUN_ID='dataset_triggered__2026-07-07T16:01:26.493223+00:00'
[2026-07-07T16:01:27.390+0000] {taskinstance.py:430} INFO - ::endgroup::
[2026-07-07T16:01:27.420+0000] {subprocess.py:63} INFO - Tmp dir root location: /tmp
[2026-07-07T16:01:27.422+0000] {subprocess.py:75} INFO - Running command: ['/usr/bin/bash', '-c', 'cd /opt/***/dbt && dbt build --profiles-dir . --target dev']
[2026-07-07T16:01:27.430+0000] {subprocess.py:86} INFO - Output:
[2026-07-07T16:01:29.869+0000] {subprocess.py:93} INFO - [0m16:01:29  Running with dbt=1.11.11
[2026-07-07T16:01:31.109+0000] {subprocess.py:93} INFO - [0m16:01:31  Registered adapter: bigquery=1.11.3
[2026-07-07T16:01:31.749+0000] {subprocess.py:93} INFO - [0m16:01:31  Found 6 models, 4 sources, 553 macros
[2026-07-07T16:01:31.752+0000] {subprocess.py:93} INFO - [0m16:01:31
[2026-07-07T16:01:31.753+0000] {subprocess.py:93} INFO - [0m16:01:31  Concurrency: 4 threads (target='dev')
[2026-07-07T16:01:31.753+0000] {subprocess.py:93} INFO - [0m16:01:31
[2026-07-07T16:01:33.624+0000] {subprocess.py:93} INFO - [0m16:01:33  1 of 6 START sql table model logistics_mart.dim_drivers ........................ [RUN]
[2026-07-07T16:01:33.626+0000] {subprocess.py:93} INFO - [0m16:01:33  2 of 6 START sql table model logistics_mart.dim_hubs ........................... [RUN]
[2026-07-07T16:01:33.626+0000] {subprocess.py:93} INFO - [0m16:01:33  3 of 6 START sql view model logistics_mart.stg_shipments ....................... [RUN]
[2026-07-07T16:01:33.627+0000] {subprocess.py:93} INFO - [0m16:01:33  4 of 6 START sql view model logistics_mart.stg_weather ......................... [RUN]
[2026-07-07T16:01:35.806+0000] {subprocess.py:93} INFO - [0m16:01:35  3 of 6 OK created sql view model logistics_mart.stg_shipments .................. [[32mCREATE VIEW (0 processed)[0m in 2.17s]
[2026-07-07T16:01:35.810+0000] {subprocess.py:93} INFO - [0m16:01:35  5 of 6 START sql view model logistics_mart.stg_weather_consensus ............... [RUN]
[2026-07-07T16:01:35.920+0000] {subprocess.py:93} INFO - [0m16:01:35  4 of 6 OK created sql view model logistics_mart.stg_weather .................... [[32mCREATE VIEW (0 processed)[0m in 2.29s]
[2026-07-07T16:01:37.246+0000] {subprocess.py:93} INFO - [0m16:01:37  BigQuery adapter: https://console.cloud.google.com/bigquery?project=logistics-500519&j=bq:US:c1dda31c-9d81-444a-993a-c1a429e3a90b&page=queryresults
[2026-07-07T16:01:37.286+0000] {subprocess.py:93} INFO - [0m16:01:37  5 of 6 ERROR creating sql view model logistics_mart.stg_weather_consensus ...... [[31mERROR[0m in 1.47s]
[2026-07-07T16:01:37.843+0000] {subprocess.py:93} INFO - [0m16:01:37  2 of 6 OK created sql table model logistics_mart.dim_hubs ...................... [[32mCREATE TABLE (3.0 rows, 149.0 Bytes processed)[0m in 4.21s]
[2026-07-07T16:01:37.854+0000] {subprocess.py:93} INFO - [0m16:01:37  6 of 6 START sql table model logistics_mart.fact_shipment_weather .............. [RUN]
[2026-07-07T16:01:38.280+0000] {subprocess.py:93} INFO - [0m16:01:38  1 of 6 OK created sql table model logistics_mart.dim_drivers ................... [[32mCREATE TABLE (3.0 rows, 108.0 Bytes processed)[0m in 4.63s]
[2026-07-07T16:01:43.192+0000] {subprocess.py:93} INFO - [0m16:01:43  6 of 6 OK created sql table model logistics_mart.fact_shipment_weather ......... [[32mCREATE TABLE (1.2k rows, 75.2 KiB processed)[0m in 5.33s]
[2026-07-07T16:01:43.389+0000] {subprocess.py:93} INFO - [0m16:01:43
[2026-07-07T16:01:43.393+0000] {subprocess.py:93} INFO - [0m16:01:43  Finished running 3 table models, 3 view models in 0 hours 0 minutes and 11.64 seconds (11.64s).
[2026-07-07T16:01:43.576+0000] {subprocess.py:93} INFO - [0m16:01:43
[2026-07-07T16:01:43.579+0000] {subprocess.py:93} INFO - [0m16:01:43  [31mCompleted with 1 error, 0 partial successes, and 0 warnings:[0m
[2026-07-07T16:01:43.582+0000] {subprocess.py:93} INFO - [0m16:01:43
[2026-07-07T16:01:43.586+0000] {subprocess.py:93} INFO - [0m16:01:43  [31mFailure in model stg_weather_consensus (models/staging/stg_weather_consensus.sql)[0m
[2026-07-07T16:01:43.589+0000] {subprocess.py:93} INFO - [0m16:01:43    Database Error in model stg_weather_consensus (models/staging/stg_weather_consensus.sql)
[2026-07-07T16:01:43.590+0000] {subprocess.py:93} INFO -   Unrecognized name: fetched_at at [11:11]
[2026-07-07T16:01:43.591+0000] {subprocess.py:93} INFO -   compiled code at target/run/logistics_lakehouse/models/staging/stg_weather_consensus.sql
[2026-07-07T16:01:43.592+0000] {subprocess.py:93} INFO - [0m16:01:43
[2026-07-07T16:01:43.593+0000] {subprocess.py:93} INFO - [0m16:01:43    compiled code at target/compiled/logistics_lakehouse/models/staging/stg_weather_consensus.sql
[2026-07-07T16:01:43.595+0000] {subprocess.py:93} INFO - [0m16:01:43
[2026-07-07T16:01:43.598+0000] {subprocess.py:93} INFO - [0m16:01:43  Done. PASS=5 WARN=0 ERROR=1 SKIP=0 NO-OP=0 TOTAL=6
[2026-07-07T16:01:47.935+0000] {subprocess.py:97} INFO - Command exited with return code 1
[2026-07-07T16:01:47.943+0000] {taskinstance.py:441} INFO - ::group::Post task execution logs
[2026-07-07T16:01:47.987+0000] {taskinstance.py:2905} ERROR - Task failed with exception
Traceback (most recent call last):
  File "/home/airflow/.local/lib/python3.12/site-packages/airflow/models/taskinstance.py", line 465, in _execute_task
    result = _execute_callable(context=context, **execute_callable_kwargs)
             ^^^^^^^^^^^^^^^^^^^^^^^^^^^^^^^^^^^^^^^^^^^^^^^^^^^^^^^^^^^^^
  File "/home/airflow/.local/lib/python3.12/site-packages/airflow/models/taskinstance.py", line 432, in _execute_callable
    return execute_callable(context=context, **execute_callable_kwargs)
           ^^^^^^^^^^^^^^^^^^^^^^^^^^^^^^^^^^^^^^^^^^^^^^^^^^^^^^^^^^^^
  File "/home/airflow/.local/lib/python3.12/site-packages/airflow/models/baseoperator.py", line 400, in wrapper
    return func(self, *args, **kwargs)
           ^^^^^^^^^^^^^^^^^^^^^^^^^^^
  File "/home/airflow/.local/lib/python3.12/site-packages/airflow/operators/bash.py", line 243, in execute
    raise AirflowException(
airflow.exceptions.AirflowException: Bash command failed. The command returned a non-zero exit code 1.
[2026-07-07T16:01:48.104+0000] {taskinstance.py:1206} INFO - Marking task as UP_FOR_RETRY. dag_id=gold_dbt_dag, task_id=trigger_dbt_build, run_id=dataset_triggered__2026-07-07T16:01:26.493223+00:00, execution_date=20260707T160126, start_date=20260707T160127, end_date=20260707T160148
[2026-07-07T16:01:48.183+0000] {standard_task_runner.py:110} ERROR - Failed to execute job 990 for task trigger_dbt_build (Bash command failed. The command returned a non-zero exit code 1.; 65194)
[2026-07-07T16:01:48.255+0000] {local_task_job_runner.py:240} INFO - Task exited with return code 1
[2026-07-07T16:01:48.319+0000] {taskinstance.py:3498} INFO - 0 downstream tasks scheduled from follow-on schedule check
[2026-07-07T16:01:48.322+0000] {local_task_job_runner.py:222} INFO - ::endgroup::
