[2026-07-12T20:28:35.630+0000] {local_task_job_runner.py:120} INFO - ::group::Pre task execution logs
[2026-07-12T20:28:35.663+0000] {taskinstance.py:2076} INFO - Dependencies all met for dep_context=non-requeueable deps ti=<TaskInstance: gold_dbt_dag.trigger_dbt_build manual__2026-07-12T20:28:34.427974+00:00 [queued]>
[2026-07-12T20:28:35.672+0000] {taskinstance.py:2076} INFO - Dependencies all met for dep_context=requeueable deps ti=<TaskInstance: gold_dbt_dag.trigger_dbt_build manual__2026-07-12T20:28:34.427974+00:00 [queued]>
[2026-07-12T20:28:35.673+0000] {taskinstance.py:2306} INFO - Starting attempt 1 of 2
[2026-07-12T20:28:35.685+0000] {taskinstance.py:2330} INFO - Executing <Task(BashOperator): trigger_dbt_build> on 2026-07-12 20:28:34.427974+00:00
[2026-07-12T20:28:35.691+0000] {standard_task_runner.py:90} INFO - Running: ['***', 'tasks', 'run', 'gold_dbt_dag', 'trigger_dbt_build', 'manual__2026-07-12T20:28:34.427974+00:00', '--job-id', '246', '--raw', '--subdir', 'DAGS_FOLDER/dag_gold_dbt.py', '--cfg-path', '/tmp/tmpipvqbo8i']
[2026-07-12T20:28:35.695+0000] {standard_task_runner.py:91} INFO - Job 246: Subtask trigger_dbt_build
[2026-07-12T20:28:35.699+0000] {logging_mixin.py:188} WARNING - /home/***/.local/lib/python3.12/site-packages/***/task/task_runner/standard_task_runner.py:61 DeprecationWarning: This process (pid=44405) is multi-threaded, use of fork() may lead to deadlocks in the child.
[2026-07-12T20:28:35.700+0000] {standard_task_runner.py:63} INFO - Started process 44411 to run task
[2026-07-12T20:28:35.768+0000] {task_command.py:426} INFO - Running <TaskInstance: gold_dbt_dag.trigger_dbt_build manual__2026-07-12T20:28:34.427974+00:00 [running]> on host ad4e12f53b08
[2026-07-12T20:28:35.859+0000] {taskinstance.py:2648} INFO - Exporting env vars: AIRFLOW_CTX_DAG_OWNER='data_engineer' AIRFLOW_CTX_DAG_ID='gold_dbt_dag' AIRFLOW_CTX_TASK_ID='trigger_dbt_build' AIRFLOW_CTX_EXECUTION_DATE='2026-07-12T20:28:34.427974+00:00' AIRFLOW_CTX_TRY_NUMBER='1' AIRFLOW_CTX_DAG_RUN_ID='manual__2026-07-12T20:28:34.427974+00:00'
[2026-07-12T20:28:35.860+0000] {taskinstance.py:430} INFO - ::endgroup::
[2026-07-12T20:28:35.870+0000] {subprocess.py:63} INFO - Tmp dir root location: /tmp
[2026-07-12T20:28:35.871+0000] {subprocess.py:75} INFO - Running command: ['/usr/bin/bash', '-c', 'cd /opt/***/dbt && dbt build --profiles-dir . --target dev']
[2026-07-12T20:28:35.880+0000] {subprocess.py:86} INFO - Output:
[2026-07-12T20:28:37.554+0000] {subprocess.py:93} INFO - [0m20:28:37  Running with dbt=1.11.11
[2026-07-12T20:28:38.206+0000] {subprocess.py:93} INFO - [0m20:28:38  Registered adapter: bigquery=1.11.3
[2026-07-12T20:28:38.476+0000] {subprocess.py:93} INFO - [0m20:28:38  Found 6 models, 4 sources, 553 macros
[2026-07-12T20:28:38.478+0000] {subprocess.py:93} INFO - [0m20:28:38
[2026-07-12T20:28:38.478+0000] {subprocess.py:93} INFO - [0m20:28:38  Concurrency: 4 threads (target='dev')
[2026-07-12T20:28:38.478+0000] {subprocess.py:93} INFO - [0m20:28:38
[2026-07-12T20:28:39.906+0000] {subprocess.py:93} INFO - [0m20:28:39  1 of 6 START sql table model logistics_mart.dim_drivers ........................ [RUN]
[2026-07-12T20:28:39.906+0000] {subprocess.py:93} INFO - [0m20:28:39  2 of 6 START sql table model logistics_mart.dim_hubs ........................... [RUN]
[2026-07-12T20:28:39.907+0000] {subprocess.py:93} INFO - [0m20:28:39  3 of 6 START sql view model logistics_mart.stg_shipments ....................... [RUN]
[2026-07-12T20:28:39.907+0000] {subprocess.py:93} INFO - [0m20:28:39  4 of 6 START sql view model logistics_mart.stg_weather ......................... [RUN]
[2026-07-12T20:28:41.653+0000] {subprocess.py:93} INFO - [0m20:28:41  4 of 6 OK created sql view model logistics_mart.stg_weather .................... [[32mCREATE VIEW (0 processed)[0m in 1.74s]
[2026-07-12T20:28:41.654+0000] {subprocess.py:93} INFO - [0m20:28:41  3 of 6 OK created sql view model logistics_mart.stg_shipments .................. [[32mCREATE VIEW (0 processed)[0m in 1.74s]
[2026-07-12T20:28:41.656+0000] {subprocess.py:93} INFO - [0m20:28:41  5 of 6 START sql view model logistics_mart.stg_weather_consensus ............... [RUN]
[2026-07-12T20:28:43.205+0000] {subprocess.py:93} INFO - [0m20:28:43  5 of 6 OK created sql view model logistics_mart.stg_weather_consensus .......... [[32mCREATE VIEW (0 processed)[0m in 1.55s]
[2026-07-12T20:28:43.243+0000] {subprocess.py:93} INFO - [0m20:28:43  1 of 6 OK created sql table model logistics_mart.dim_drivers ................... [[32mCREATE TABLE (3.0 rows, 117.0 Bytes processed)[0m in 3.33s]
[2026-07-12T20:28:44.344+0000] {subprocess.py:93} INFO - [0m20:28:44  2 of 6 OK created sql table model logistics_mart.dim_hubs ...................... [[32mCREATE TABLE (3.0 rows, 176.0 Bytes processed)[0m in 4.43s]
[2026-07-12T20:28:44.347+0000] {subprocess.py:93} INFO - [0m20:28:44  6 of 6 START sql table model logistics_mart.fact_shipment_weather .............. [RUN]
[2026-07-12T20:28:45.982+0000] {subprocess.py:93} INFO - [0m20:28:45  BigQuery adapter: https://console.cloud.google.com/bigquery?project=logistics-500519&j=bq:US:cfbc3009-8ef9-45d3-9cd4-f30d926a3bbb&page=queryresults
[2026-07-12T20:28:45.992+0000] {subprocess.py:93} INFO - [0m20:28:45  6 of 6 ERROR creating sql table model logistics_mart.fact_shipment_weather ..... [[31mERROR[0m in 1.64s]
[2026-07-12T20:28:46.059+0000] {subprocess.py:93} INFO - [0m20:28:46
[2026-07-12T20:28:46.061+0000] {subprocess.py:93} INFO - [0m20:28:46  Finished running 3 table models, 3 view models in 0 hours 0 minutes and 7.58 seconds (7.58s).
[2026-07-12T20:28:46.118+0000] {subprocess.py:93} INFO - [0m20:28:46
[2026-07-12T20:28:46.118+0000] {subprocess.py:93} INFO - [0m20:28:46  [31mCompleted with 1 error, 0 partial successes, and 0 warnings:[0m
[2026-07-12T20:28:46.119+0000] {subprocess.py:93} INFO - [0m20:28:46
[2026-07-12T20:28:46.119+0000] {subprocess.py:93} INFO - [0m20:28:46  [31mFailure in model fact_shipment_weather (models/mart/fact_shipment_weather.sql)[0m
[2026-07-12T20:28:46.119+0000] {subprocess.py:93} INFO - [0m20:28:46    Database Error in model fact_shipment_weather (models/mart/fact_shipment_weather.sql)
[2026-07-12T20:28:46.120+0000] {subprocess.py:93} INFO -   Name created_at not found inside s at [47:11]
[2026-07-12T20:28:46.120+0000] {subprocess.py:93} INFO -   compiled code at target/run/logistics_lakehouse/models/mart/fact_shipment_weather.sql
[2026-07-12T20:28:46.121+0000] {subprocess.py:93} INFO - [0m20:28:46
[2026-07-12T20:28:46.122+0000] {subprocess.py:93} INFO - [0m20:28:46    compiled code at target/compiled/logistics_lakehouse/models/mart/fact_shipment_weather.sql
[2026-07-12T20:28:46.123+0000] {subprocess.py:93} INFO - [0m20:28:46
[2026-07-12T20:28:46.123+0000] {subprocess.py:93} INFO - [0m20:28:46  Done. PASS=5 WARN=0 ERROR=1 SKIP=0 NO-OP=0 TOTAL=6
[2026-07-12T20:28:48.004+0000] {subprocess.py:97} INFO - Command exited with return code 1
[2026-07-12T20:28:48.008+0000] {taskinstance.py:441} INFO - ::group::Post task execution logs
[2026-07-12T20:28:48.036+0000] {taskinstance.py:2905} ERROR - Task failed with exception
Traceback (most recent call last):
  File "/home/airflow/.local/lib/python3.12/site-packages/airflow/models/taskinstance.py", line 465, in _execute_task
    result = _execute_callable(context=context, **execute_callable_kwargs)
             ^^^^^^^^^^^^^^^^^^^^^^^^^^^^^^^^^^^^^^^^^^^^^^^^^^^^^^^^^^^^^
  File "/home/airflow/.local/lib/python3.12/site-packages/airflow/models/taskinstance.py", line 432, in _execute_callable
    return execute_callable(context=context, **execute_callable_kwargs)
           ^^^^^^^^^^^^^^^^^^^^^^^^^^^^^^^^^^^^^^^^^^^^^^^^^^^^^^^^^^^^
  File "/home/airflow/.local/lib/python3.12/site-packages/airflow/models/baseoperator.py", line 400, in wrapper
    return func(self, *args, **kwargs)
           ^^^^^^^^^^^^^^^^^^^^^^^^^^^
  File "/home/airflow/.local/lib/python3.12/site-packages/airflow/operators/bash.py", line 243, in execute
    raise AirflowException(
airflow.exceptions.AirflowException: Bash command failed. The command returned a non-zero exit code 1.
[2026-07-12T20:28:48.046+0000] {taskinstance.py:1206} INFO - Marking task as UP_FOR_RETRY. dag_id=gold_dbt_dag, task_id=trigger_dbt_build, run_id=manual__2026-07-12T20:28:34.427974+00:00, execution_date=20260712T202834, start_date=20260712T202835, end_date=20260712T202848
[2026-07-12T20:28:48.060+0000] {standard_task_runner.py:110} ERROR - Failed to execute job 246 for task trigger_dbt_build (Bash command failed. The command returned a non-zero exit code 1.; 44411)
[2026-07-12T20:28:48.093+0000] {local_task_job_runner.py:240} INFO - Task exited with return code 1
[2026-07-12T20:28:48.126+0000] {taskinstance.py:3498} INFO - 0 downstream tasks scheduled from follow-on schedule check
[2026-07-12T20:28:48.128+0000] {local_task_job_runner.py:222} INFO - ::endgroup::
