[2026-07-12T20:30:49.155+0000] {local_task_job_runner.py:120} INFO - ::group::Pre task execution logs
[2026-07-12T20:30:49.189+0000] {taskinstance.py:2076} INFO - Dependencies all met for dep_context=non-requeueable deps ti=<TaskInstance: gold_dbt_dag.trigger_dbt_build manual__2026-07-12T20:28:34.427974+00:00 [queued]>
[2026-07-12T20:30:49.193+0000] {taskinstance.py:2076} INFO - Dependencies all met for dep_context=requeueable deps ti=<TaskInstance: gold_dbt_dag.trigger_dbt_build manual__2026-07-12T20:28:34.427974+00:00 [queued]>
[2026-07-12T20:30:49.193+0000] {taskinstance.py:2306} INFO - Starting attempt 2 of 2
[2026-07-12T20:30:49.199+0000] {taskinstance.py:2330} INFO - Executing <Task(BashOperator): trigger_dbt_build> on 2026-07-12 20:28:34.427974+00:00
[2026-07-12T20:30:49.204+0000] {standard_task_runner.py:90} INFO - Running: ['***', 'tasks', 'run', 'gold_dbt_dag', 'trigger_dbt_build', 'manual__2026-07-12T20:28:34.427974+00:00', '--job-id', '248', '--raw', '--subdir', 'DAGS_FOLDER/dag_gold_dbt.py', '--cfg-path', '/tmp/tmpb97t2mkd']
[2026-07-12T20:30:49.211+0000] {standard_task_runner.py:91} INFO - Job 248: Subtask trigger_dbt_build
[2026-07-12T20:30:49.206+0000] {logging_mixin.py:188} WARNING - /home/***/.local/lib/python3.12/site-packages/***/task/task_runner/standard_task_runner.py:61 DeprecationWarning: This process (pid=44768) is multi-threaded, use of fork() may lead to deadlocks in the child.
[2026-07-12T20:30:49.211+0000] {standard_task_runner.py:63} INFO - Started process 44769 to run task
[2026-07-12T20:30:49.254+0000] {task_command.py:426} INFO - Running <TaskInstance: gold_dbt_dag.trigger_dbt_build manual__2026-07-12T20:28:34.427974+00:00 [running]> on host ad4e12f53b08
[2026-07-12T20:30:49.306+0000] {taskinstance.py:2648} INFO - Exporting env vars: AIRFLOW_CTX_DAG_OWNER='data_engineer' AIRFLOW_CTX_DAG_ID='gold_dbt_dag' AIRFLOW_CTX_TASK_ID='trigger_dbt_build' AIRFLOW_CTX_EXECUTION_DATE='2026-07-12T20:28:34.427974+00:00' AIRFLOW_CTX_TRY_NUMBER='2' AIRFLOW_CTX_DAG_RUN_ID='manual__2026-07-12T20:28:34.427974+00:00'
[2026-07-12T20:30:49.307+0000] {taskinstance.py:430} INFO - ::endgroup::
[2026-07-12T20:30:49.315+0000] {subprocess.py:63} INFO - Tmp dir root location: /tmp
[2026-07-12T20:30:49.317+0000] {subprocess.py:75} INFO - Running command: ['/usr/bin/bash', '-c', 'cd /opt/***/dbt && dbt build --profiles-dir . --target dev']
[2026-07-12T20:30:49.320+0000] {subprocess.py:86} INFO - Output:
[2026-07-12T20:30:50.527+0000] {subprocess.py:93} INFO - [0m20:30:50  Running with dbt=1.11.11
[2026-07-12T20:30:51.071+0000] {subprocess.py:93} INFO - [0m20:30:51  Registered adapter: bigquery=1.11.3
[2026-07-12T20:30:51.440+0000] {subprocess.py:93} INFO - [0m20:30:51  Found 6 models, 4 sources, 553 macros
[2026-07-12T20:30:51.441+0000] {subprocess.py:93} INFO - [0m20:30:51
[2026-07-12T20:30:51.441+0000] {subprocess.py:93} INFO - [0m20:30:51  Concurrency: 4 threads (target='dev')
[2026-07-12T20:30:51.442+0000] {subprocess.py:93} INFO - [0m20:30:51
[2026-07-12T20:30:52.876+0000] {subprocess.py:93} INFO - [0m20:30:52  1 of 6 START sql table model logistics_mart.dim_drivers ........................ [RUN]
[2026-07-12T20:30:52.877+0000] {subprocess.py:93} INFO - [0m20:30:52  2 of 6 START sql table model logistics_mart.dim_hubs ........................... [RUN]
[2026-07-12T20:30:52.877+0000] {subprocess.py:93} INFO - [0m20:30:52  3 of 6 START sql view model logistics_mart.stg_shipments ....................... [RUN]
[2026-07-12T20:30:52.878+0000] {subprocess.py:93} INFO - [0m20:30:52  4 of 6 START sql view model logistics_mart.stg_weather ......................... [RUN]
[2026-07-12T20:30:54.903+0000] {subprocess.py:93} INFO - [0m20:30:54  4 of 6 OK created sql view model logistics_mart.stg_weather .................... [[32mCREATE VIEW (0 processed)[0m in 2.02s]
[2026-07-12T20:30:54.906+0000] {subprocess.py:93} INFO - [0m20:30:54  5 of 6 START sql view model logistics_mart.stg_weather_consensus ............... [RUN]
[2026-07-12T20:30:54.920+0000] {subprocess.py:93} INFO - [0m20:30:54  3 of 6 OK created sql view model logistics_mart.stg_shipments .................. [[32mCREATE VIEW (0 processed)[0m in 2.04s]
[2026-07-12T20:30:56.562+0000] {subprocess.py:93} INFO - [0m20:30:56  2 of 6 OK created sql table model logistics_mart.dim_hubs ...................... [[32mCREATE TABLE (3.0 rows, 176.0 Bytes processed)[0m in 3.68s]
[2026-07-12T20:30:56.728+0000] {subprocess.py:93} INFO - [0m20:30:56  5 of 6 OK created sql view model logistics_mart.stg_weather_consensus .......... [[32mCREATE VIEW (0 processed)[0m in 1.82s]
[2026-07-12T20:30:56.732+0000] {subprocess.py:93} INFO - [0m20:30:56  6 of 6 START sql table model logistics_mart.fact_shipment_weather .............. [RUN]
[2026-07-12T20:30:56.784+0000] {subprocess.py:93} INFO - [0m20:30:56  1 of 6 OK created sql table model logistics_mart.dim_drivers ................... [[32mCREATE TABLE (3.0 rows, 117.0 Bytes processed)[0m in 3.90s]
[2026-07-12T20:30:59.144+0000] {subprocess.py:93} INFO - [0m20:30:59  BigQuery adapter: https://console.cloud.google.com/bigquery?project=logistics-500519&j=bq:US:309be008-1491-43ea-bc07-da5b2fb9a554&page=queryresults
[2026-07-12T20:30:59.152+0000] {subprocess.py:93} INFO - [0m20:30:59  6 of 6 ERROR creating sql table model logistics_mart.fact_shipment_weather ..... [[31mERROR[0m in 2.42s]
[2026-07-12T20:30:59.188+0000] {subprocess.py:93} INFO - [0m20:30:59
[2026-07-12T20:30:59.189+0000] {subprocess.py:93} INFO - [0m20:30:59  Finished running 3 table models, 3 view models in 0 hours 0 minutes and 7.75 seconds (7.75s).
[2026-07-12T20:30:59.229+0000] {subprocess.py:93} INFO - [0m20:30:59
[2026-07-12T20:30:59.229+0000] {subprocess.py:93} INFO - [0m20:30:59  [31mCompleted with 1 error, 0 partial successes, and 0 warnings:[0m
[2026-07-12T20:30:59.230+0000] {subprocess.py:93} INFO - [0m20:30:59
[2026-07-12T20:30:59.231+0000] {subprocess.py:93} INFO - [0m20:30:59  [31mFailure in model fact_shipment_weather (models/mart/fact_shipment_weather.sql)[0m
[2026-07-12T20:30:59.231+0000] {subprocess.py:93} INFO - [0m20:30:59    Database Error in model fact_shipment_weather (models/mart/fact_shipment_weather.sql)
[2026-07-12T20:30:59.231+0000] {subprocess.py:93} INFO -   Name order_type not found inside s at [30:7]
[2026-07-12T20:30:59.232+0000] {subprocess.py:93} INFO -   compiled code at target/run/logistics_lakehouse/models/mart/fact_shipment_weather.sql
[2026-07-12T20:30:59.232+0000] {subprocess.py:93} INFO - [0m20:30:59
[2026-07-12T20:30:59.233+0000] {subprocess.py:93} INFO - [0m20:30:59    compiled code at target/compiled/logistics_lakehouse/models/mart/fact_shipment_weather.sql
[2026-07-12T20:30:59.233+0000] {subprocess.py:93} INFO - [0m20:30:59
[2026-07-12T20:30:59.234+0000] {subprocess.py:93} INFO - [0m20:30:59  Done. PASS=5 WARN=0 ERROR=1 SKIP=0 NO-OP=0 TOTAL=6
[2026-07-12T20:31:01.441+0000] {subprocess.py:97} INFO - Command exited with return code 1
[2026-07-12T20:31:01.445+0000] {taskinstance.py:441} INFO - ::group::Post task execution logs
[2026-07-12T20:31:01.477+0000] {taskinstance.py:2905} ERROR - Task failed with exception
Traceback (most recent call last):
  File "/home/airflow/.local/lib/python3.12/site-packages/airflow/models/taskinstance.py", line 465, in _execute_task
    result = _execute_callable(context=context, **execute_callable_kwargs)
             ^^^^^^^^^^^^^^^^^^^^^^^^^^^^^^^^^^^^^^^^^^^^^^^^^^^^^^^^^^^^^
  File "/home/airflow/.local/lib/python3.12/site-packages/airflow/models/taskinstance.py", line 432, in _execute_callable
    return execute_callable(context=context, **execute_callable_kwargs)
           ^^^^^^^^^^^^^^^^^^^^^^^^^^^^^^^^^^^^^^^^^^^^^^^^^^^^^^^^^^^^
  File "/home/airflow/.local/lib/python3.12/site-packages/airflow/models/baseoperator.py", line 400, in wrapper
    return func(self, *args, **kwargs)
           ^^^^^^^^^^^^^^^^^^^^^^^^^^^
  File "/home/airflow/.local/lib/python3.12/site-packages/airflow/operators/bash.py", line 243, in execute
    raise AirflowException(
airflow.exceptions.AirflowException: Bash command failed. The command returned a non-zero exit code 1.
[2026-07-12T20:31:01.487+0000] {taskinstance.py:1206} INFO - Marking task as FAILED. dag_id=gold_dbt_dag, task_id=trigger_dbt_build, run_id=manual__2026-07-12T20:28:34.427974+00:00, execution_date=20260712T202834, start_date=20260712T203049, end_date=20260712T203101
[2026-07-12T20:31:01.509+0000] {standard_task_runner.py:110} ERROR - Failed to execute job 248 for task trigger_dbt_build (Bash command failed. The command returned a non-zero exit code 1.; 44769)
[2026-07-12T20:31:01.528+0000] {local_task_job_runner.py:240} INFO - Task exited with return code 1
[2026-07-12T20:31:01.552+0000] {taskinstance.py:3498} INFO - 0 downstream tasks scheduled from follow-on schedule check
[2026-07-12T20:31:01.553+0000] {local_task_job_runner.py:222} INFO - ::endgroup::
