[2026-06-29T03:48:32.847+0000] {local_task_job_runner.py:120} INFO - ::group::Pre task execution logs
[2026-06-29T03:48:32.859+0000] {taskinstance.py:2076} INFO - Dependencies all met for dep_context=non-requeueable deps ti=<TaskInstance: logistics_postgres_to_bq.push_to_bigquery manual__2026-06-29T03:48:31.303234+00:00 [queued]>
[2026-06-29T03:48:32.862+0000] {taskinstance.py:2076} INFO - Dependencies all met for dep_context=requeueable deps ti=<TaskInstance: logistics_postgres_to_bq.push_to_bigquery manual__2026-06-29T03:48:31.303234+00:00 [queued]>
[2026-06-29T03:48:32.862+0000] {taskinstance.py:2306} INFO - Starting attempt 1 of 1
[2026-06-29T03:48:32.866+0000] {taskinstance.py:2330} INFO - Executing <Task(PythonOperator): push_to_bigquery> on 2026-06-29 03:48:31.303234+00:00
[2026-06-29T03:48:32.874+0000] {logging_mixin.py:188} WARNING - /home/***/.local/lib/python3.12/site-packages/***/task/task_runner/standard_task_runner.py:61 DeprecationWarning: This process (pid=774) is multi-threaded, use of fork() may lead to deadlocks in the child.
[2026-06-29T03:48:32.873+0000] {standard_task_runner.py:90} INFO - Running: ['***', 'tasks', 'run', 'logistics_postgres_to_bq', 'push_to_bigquery', 'manual__2026-06-29T03:48:31.303234+00:00', '--job-id', '6', '--raw', '--subdir', 'DAGS_FOLDER/dag_postgres_to_bq.py', '--cfg-path', '/tmp/tmpqfojjoi7']
[2026-06-29T03:48:32.875+0000] {standard_task_runner.py:91} INFO - Job 6: Subtask push_to_bigquery
[2026-06-29T03:48:32.875+0000] {standard_task_runner.py:63} INFO - Started process 776 to run task
[2026-06-29T03:48:32.896+0000] {task_command.py:426} INFO - Running <TaskInstance: logistics_postgres_to_bq.push_to_bigquery manual__2026-06-29T03:48:31.303234+00:00 [running]> on host 3fb47717e929
[2026-06-29T03:48:32.925+0000] {taskinstance.py:2648} INFO - Exporting env vars: AIRFLOW_CTX_DAG_OWNER='***' AIRFLOW_CTX_DAG_ID='logistics_postgres_to_bq' AIRFLOW_CTX_TASK_ID='push_to_bigquery' AIRFLOW_CTX_EXECUTION_DATE='2026-06-29T03:48:31.303234+00:00' AIRFLOW_CTX_TRY_NUMBER='1' AIRFLOW_CTX_DAG_RUN_ID='manual__2026-06-29T03:48:31.303234+00:00'
[2026-06-29T03:48:32.926+0000] {taskinstance.py:430} INFO - ::endgroup::
[2026-06-29T03:48:32.965+0000] {taskinstance.py:441} INFO - ::group::Post task execution logs
[2026-06-29T03:48:32.965+0000] {taskinstance.py:2905} ERROR - Task failed with exception
Traceback (most recent call last):
  File "/home/airflow/.local/lib/python3.12/site-packages/airflow/models/taskinstance.py", line 465, in _execute_task
    result = _execute_callable(context=context, **execute_callable_kwargs)
             ^^^^^^^^^^^^^^^^^^^^^^^^^^^^^^^^^^^^^^^^^^^^^^^^^^^^^^^^^^^^^
  File "/home/airflow/.local/lib/python3.12/site-packages/airflow/models/taskinstance.py", line 432, in _execute_callable
    return execute_callable(context=context, **execute_callable_kwargs)
           ^^^^^^^^^^^^^^^^^^^^^^^^^^^^^^^^^^^^^^^^^^^^^^^^^^^^^^^^^^^^
  File "/home/airflow/.local/lib/python3.12/site-packages/airflow/models/baseoperator.py", line 400, in wrapper
    return func(self, *args, **kwargs)
           ^^^^^^^^^^^^^^^^^^^^^^^^^^^
  File "/home/airflow/.local/lib/python3.12/site-packages/airflow/operators/python.py", line 235, in execute
    return_value = self.execute_callable()
                   ^^^^^^^^^^^^^^^^^^^^^^^
  File "/home/airflow/.local/lib/python3.12/site-packages/airflow/operators/python.py", line 252, in execute_callable
    return self.python_callable(*self.op_args, **self.op_kwargs)
           ^^^^^^^^^^^^^^^^^^^^^^^^^^^^^^^^^^^^^^^^^^^^^^^^^^^^^
  File "/opt/airflow/dags/dag_postgres_to_bq.py", line 20, in extract_load_postgres_to_bq
    pg_conn = psycopg2.connect(
              ^^^^^^^^^^^^^^^^^
  File "/home/airflow/.local/lib/python3.12/site-packages/psycopg2/__init__.py", line 122, in connect
    conn = _connect(dsn, connection_factory=connection_factory, **kwasync)
           ^^^^^^^^^^^^^^^^^^^^^^^^^^^^^^^^^^^^^^^^^^^^^^^^^^^^^^^^^^^^^^^
psycopg2.OperationalError: could not translate host name "postgres" to address: Name or service not known

[2026-06-29T03:48:32.970+0000] {taskinstance.py:1206} INFO - Marking task as FAILED. dag_id=logistics_postgres_to_bq, task_id=push_to_bigquery, run_id=manual__2026-06-29T03:48:31.303234+00:00, execution_date=20260629T034831, start_date=20260629T034832, end_date=20260629T034832
[2026-06-29T03:48:32.974+0000] {standard_task_runner.py:110} ERROR - Failed to execute job 6 for task push_to_bigquery (could not translate host name "postgres" to address: Name or service not known
; 776)
[2026-06-29T03:48:33.015+0000] {local_task_job_runner.py:240} INFO - Task exited with return code 1
[2026-06-29T03:48:33.023+0000] {taskinstance.py:3498} INFO - 0 downstream tasks scheduled from follow-on schedule check
[2026-06-29T03:48:33.024+0000] {local_task_job_runner.py:222} INFO - ::endgroup::
