[2026-07-04T03:50:38.779+0000] {local_task_job_runner.py:120} INFO - ::group::Pre task execution logs
[2026-07-04T03:50:38.817+0000] {taskinstance.py:2076} INFO - Dependencies all met for dep_context=non-requeueable deps ti=<TaskInstance: gold_dbt_dag.trigger_dbt_build dataset_triggered__2026-07-04T03:50:37.079678+00:00 [queued]>
[2026-07-04T03:50:38.825+0000] {taskinstance.py:2076} INFO - Dependencies all met for dep_context=requeueable deps ti=<TaskInstance: gold_dbt_dag.trigger_dbt_build dataset_triggered__2026-07-04T03:50:37.079678+00:00 [queued]>
[2026-07-04T03:50:38.826+0000] {taskinstance.py:2306} INFO - Starting attempt 1 of 2
[2026-07-04T03:50:38.837+0000] {taskinstance.py:2330} INFO - Executing <Task(BashOperator): trigger_dbt_build> on 2026-07-04 03:50:37.079678+00:00
[2026-07-04T03:50:38.842+0000] {standard_task_runner.py:90} INFO - Running: ['***', 'tasks', 'run', 'gold_dbt_dag', 'trigger_dbt_build', 'dataset_triggered__2026-07-04T03:50:37.079678+00:00', '--job-id', '474', '--raw', '--subdir', 'DAGS_FOLDER/dag_gold_dbt.py', '--cfg-path', '/tmp/tmphpohtvao']
[2026-07-04T03:50:38.845+0000] {standard_task_runner.py:91} INFO - Job 474: Subtask trigger_dbt_build
[2026-07-04T03:50:38.846+0000] {logging_mixin.py:188} WARNING - /home/***/.local/lib/python3.12/site-packages/***/task/task_runner/standard_task_runner.py:61 DeprecationWarning: This process (pid=30805) is multi-threaded, use of fork() may lead to deadlocks in the child.
[2026-07-04T03:50:38.846+0000] {standard_task_runner.py:63} INFO - Started process 30806 to run task
[2026-07-04T03:50:38.880+0000] {task_command.py:426} INFO - Running <TaskInstance: gold_dbt_dag.trigger_dbt_build dataset_triggered__2026-07-04T03:50:37.079678+00:00 [running]> on host bd23e89d97be
[2026-07-04T03:50:38.931+0000] {taskinstance.py:2648} INFO - Exporting env vars: AIRFLOW_CTX_DAG_OWNER='data_engineer' AIRFLOW_CTX_DAG_ID='gold_dbt_dag' AIRFLOW_CTX_TASK_ID='trigger_dbt_build' AIRFLOW_CTX_EXECUTION_DATE='2026-07-04T03:50:37.079678+00:00' AIRFLOW_CTX_TRY_NUMBER='1' AIRFLOW_CTX_DAG_RUN_ID='dataset_triggered__2026-07-04T03:50:37.079678+00:00'
[2026-07-04T03:50:38.932+0000] {taskinstance.py:430} INFO - ::endgroup::
[2026-07-04T03:50:38.945+0000] {subprocess.py:63} INFO - Tmp dir root location: /tmp
[2026-07-04T03:50:38.946+0000] {subprocess.py:75} INFO - Running command: ['/usr/bin/bash', '-c', 'cd /opt/***/dbt && dbt build --profiles-dir . --target dev']
[2026-07-04T03:50:38.952+0000] {subprocess.py:86} INFO - Output:
[2026-07-04T03:50:40.262+0000] {subprocess.py:93} INFO - [0m03:50:40  Running with dbt=1.11.11
[2026-07-04T03:50:40.880+0000] {subprocess.py:93} INFO - [0m03:50:40  Registered adapter: bigquery=1.11.3
[2026-07-04T03:50:41.162+0000] {subprocess.py:93} INFO - [0m03:50:41  Found 5 models, 4 sources, 553 macros
[2026-07-04T03:50:41.163+0000] {subprocess.py:93} INFO - [0m03:50:41
[2026-07-04T03:50:41.164+0000] {subprocess.py:93} INFO - [0m03:50:41  Concurrency: 4 threads (target='dev')
[2026-07-04T03:50:41.164+0000] {subprocess.py:93} INFO - [0m03:50:41
[2026-07-04T03:50:42.820+0000] {subprocess.py:93} INFO - [0m03:50:42  1 of 5 START sql table model logistics_mart.dim_drivers ........................ [RUN]
[2026-07-04T03:50:42.820+0000] {subprocess.py:93} INFO - [0m03:50:42  2 of 5 START sql table model logistics_mart.dim_hubs ........................... [RUN]
[2026-07-04T03:50:42.820+0000] {subprocess.py:93} INFO - [0m03:50:42  3 of 5 START sql view model logistics_mart.stg_shipments ....................... [RUN]
[2026-07-04T03:50:42.821+0000] {subprocess.py:93} INFO - [0m03:50:42  4 of 5 START sql view model logistics_mart.stg_weather ......................... [RUN]
[2026-07-04T03:50:44.692+0000] {subprocess.py:93} INFO - [0m03:50:44  4 of 5 OK created sql view model logistics_mart.stg_weather .................... [[32mCREATE VIEW (0 processed)[0m in 1.87s]
[2026-07-04T03:50:44.715+0000] {subprocess.py:93} INFO - [0m03:50:44  3 of 5 OK created sql view model logistics_mart.stg_shipments .................. [[32mCREATE VIEW (0 processed)[0m in 1.89s]
[2026-07-04T07:05:47.919+0000] {subprocess.py:93} INFO - [0m07:05:47  1 of 5 ERROR creating sql table model logistics_mart.dim_drivers ............... [[31mERROR[0m in 11705.09s]
[2026-07-04T07:05:47.924+0000] {subprocess.py:93} INFO - [0m07:05:47  2 of 5 ERROR creating sql table model logistics_mart.dim_hubs .................. [[31mERROR[0m in 11705.09s]
[2026-07-04T07:05:47.931+0000] {subprocess.py:93} INFO - [0m07:05:47  5 of 5 SKIP relation logistics_mart.fact_shipment_weather ...................... [[33mSKIP[0m]
[2026-07-04T07:05:47.969+0000] {subprocess.py:93} INFO - [0m07:05:47
[2026-07-04T07:05:47.970+0000] {subprocess.py:93} INFO - [0m07:05:47  Finished running 3 table models, 2 view models in 3 hours 15 minutes and 6.80 seconds (11706.80s).
[2026-07-04T07:05:48.014+0000] {subprocess.py:93} INFO - [0m07:05:48
[2026-07-04T07:05:48.014+0000] {subprocess.py:93} INFO - [0m07:05:48  [31mCompleted with 2 errors, 0 partial successes, and 0 warnings:[0m
[2026-07-04T07:05:48.014+0000] {subprocess.py:93} INFO - [0m07:05:48
[2026-07-04T07:05:48.015+0000] {subprocess.py:93} INFO - [0m07:05:48  [31mFailure in model dim_drivers (models/mart/dim_drivers.sql)[0m
[2026-07-04T07:05:48.015+0000] {subprocess.py:93} INFO - [0m07:05:48    Database Error in model dim_drivers (models/mart/dim_drivers.sql)
[2026-07-04T07:05:48.015+0000] {subprocess.py:93} INFO -   ('Connection aborted.', RemoteDisconnected('Remote end closed connection without response'))
[2026-07-04T07:05:48.015+0000] {subprocess.py:93} INFO -   compiled code at target/run/logistics_lakehouse/models/mart/dim_drivers.sql
[2026-07-04T07:05:48.015+0000] {subprocess.py:93} INFO - [0m07:05:48
[2026-07-04T07:05:48.016+0000] {subprocess.py:93} INFO - [0m07:05:48    compiled code at target/compiled/logistics_lakehouse/models/mart/dim_drivers.sql
[2026-07-04T07:05:48.016+0000] {subprocess.py:93} INFO - [0m07:05:48
[2026-07-04T07:05:48.016+0000] {subprocess.py:93} INFO - [0m07:05:48  [31mFailure in model dim_hubs (models/mart/dim_hubs.sql)[0m
[2026-07-04T07:05:48.016+0000] {subprocess.py:93} INFO - [0m07:05:48    Database Error in model dim_hubs (models/mart/dim_hubs.sql)
[2026-07-04T07:05:48.016+0000] {subprocess.py:93} INFO -   ('Connection aborted.', RemoteDisconnected('Remote end closed connection without response'))
[2026-07-04T07:05:48.017+0000] {subprocess.py:93} INFO -   compiled code at target/run/logistics_lakehouse/models/mart/dim_hubs.sql
[2026-07-04T07:05:48.017+0000] {subprocess.py:93} INFO - [0m07:05:48
[2026-07-04T07:05:48.017+0000] {subprocess.py:93} INFO - [0m07:05:48    compiled code at target/compiled/logistics_lakehouse/models/mart/dim_hubs.sql
[2026-07-04T07:05:48.017+0000] {subprocess.py:93} INFO - [0m07:05:48
[2026-07-04T07:05:48.017+0000] {subprocess.py:93} INFO - [0m07:05:48  Done. PASS=2 WARN=0 ERROR=2 SKIP=1 NO-OP=0 TOTAL=5
[2026-07-04T07:05:49.933+0000] {subprocess.py:97} INFO - Command exited with return code 1
[2026-07-04T07:05:49.935+0000] {taskinstance.py:441} INFO - ::group::Post task execution logs
[2026-07-04T07:05:49.951+0000] {taskinstance.py:2905} ERROR - Task failed with exception
Traceback (most recent call last):
  File "/home/airflow/.local/lib/python3.12/site-packages/airflow/models/taskinstance.py", line 465, in _execute_task
    result = _execute_callable(context=context, **execute_callable_kwargs)
             ^^^^^^^^^^^^^^^^^^^^^^^^^^^^^^^^^^^^^^^^^^^^^^^^^^^^^^^^^^^^^
  File "/home/airflow/.local/lib/python3.12/site-packages/airflow/models/taskinstance.py", line 432, in _execute_callable
    return execute_callable(context=context, **execute_callable_kwargs)
           ^^^^^^^^^^^^^^^^^^^^^^^^^^^^^^^^^^^^^^^^^^^^^^^^^^^^^^^^^^^^
  File "/home/airflow/.local/lib/python3.12/site-packages/airflow/models/baseoperator.py", line 400, in wrapper
    return func(self, *args, **kwargs)
           ^^^^^^^^^^^^^^^^^^^^^^^^^^^
  File "/home/airflow/.local/lib/python3.12/site-packages/airflow/operators/bash.py", line 243, in execute
    raise AirflowException(
airflow.exceptions.AirflowException: Bash command failed. The command returned a non-zero exit code 1.
[2026-07-04T07:05:49.956+0000] {taskinstance.py:1206} INFO - Marking task as UP_FOR_RETRY. dag_id=gold_dbt_dag, task_id=trigger_dbt_build, run_id=dataset_triggered__2026-07-04T03:50:37.079678+00:00, execution_date=20260704T035037, start_date=20260704T035038, end_date=20260704T070549
[2026-07-04T07:05:49.968+0000] {standard_task_runner.py:110} ERROR - Failed to execute job 474 for task trigger_dbt_build (Bash command failed. The command returned a non-zero exit code 1.; 30806)
[2026-07-04T07:05:50.008+0000] {local_task_job_runner.py:240} INFO - Task exited with return code 1
[2026-07-04T07:05:50.024+0000] {taskinstance.py:3498} INFO - 0 downstream tasks scheduled from follow-on schedule check
[2026-07-04T07:05:50.024+0000] {local_task_job_runner.py:222} INFO - ::endgroup::
