[2026-07-10T09:12:12.361+0000] {local_task_job_runner.py:120} INFO - ::group::Pre task execution logs
[2026-07-10T09:12:12.379+0000] {taskinstance.py:2076} INFO - Dependencies all met for dep_context=non-requeueable deps ti=<TaskInstance: gold_dbt_dag.trigger_dbt_build dataset_triggered__2026-07-10T09:12:12.018618+00:00 [queued]>
[2026-07-10T09:12:12.383+0000] {taskinstance.py:2076} INFO - Dependencies all met for dep_context=requeueable deps ti=<TaskInstance: gold_dbt_dag.trigger_dbt_build dataset_triggered__2026-07-10T09:12:12.018618+00:00 [queued]>
[2026-07-10T09:12:12.383+0000] {taskinstance.py:2306} INFO - Starting attempt 1 of 2
[2026-07-10T09:12:12.388+0000] {taskinstance.py:2330} INFO - Executing <Task(BashOperator): trigger_dbt_build> on 2026-07-10 09:12:12.018618+00:00
[2026-07-10T09:12:12.392+0000] {logging_mixin.py:188} WARNING - /home/***/.local/lib/python3.12/site-packages/***/task/task_runner/standard_task_runner.py:61 DeprecationWarning: This process (pid=18327) is multi-threaded, use of fork() may lead to deadlocks in the child.
[2026-07-10T09:12:12.391+0000] {standard_task_runner.py:90} INFO - Running: ['***', 'tasks', 'run', 'gold_dbt_dag', 'trigger_dbt_build', 'dataset_triggered__2026-07-10T09:12:12.018618+00:00', '--job-id', '1441', '--raw', '--subdir', 'DAGS_FOLDER/dag_gold_dbt.py', '--cfg-path', '/tmp/tmpeahj85jg']
[2026-07-10T09:12:12.392+0000] {standard_task_runner.py:91} INFO - Job 1441: Subtask trigger_dbt_build
[2026-07-10T09:12:12.392+0000] {standard_task_runner.py:63} INFO - Started process 18328 to run task
[2026-07-10T09:12:12.412+0000] {task_command.py:426} INFO - Running <TaskInstance: gold_dbt_dag.trigger_dbt_build dataset_triggered__2026-07-10T09:12:12.018618+00:00 [running]> on host bd23e89d97be
[2026-07-10T09:12:12.449+0000] {taskinstance.py:2648} INFO - Exporting env vars: AIRFLOW_CTX_DAG_OWNER='data_engineer' AIRFLOW_CTX_DAG_ID='gold_dbt_dag' AIRFLOW_CTX_TASK_ID='trigger_dbt_build' AIRFLOW_CTX_EXECUTION_DATE='2026-07-10T09:12:12.018618+00:00' AIRFLOW_CTX_TRY_NUMBER='1' AIRFLOW_CTX_DAG_RUN_ID='dataset_triggered__2026-07-10T09:12:12.018618+00:00'
[2026-07-10T09:12:12.449+0000] {taskinstance.py:430} INFO - ::endgroup::
[2026-07-10T09:12:12.457+0000] {subprocess.py:63} INFO - Tmp dir root location: /tmp
[2026-07-10T09:12:12.458+0000] {subprocess.py:75} INFO - Running command: ['/usr/bin/bash', '-c', 'cd /opt/***/dbt && dbt build --profiles-dir . --target dev']
[2026-07-10T09:12:12.461+0000] {subprocess.py:86} INFO - Output:
[2026-07-10T09:12:13.540+0000] {subprocess.py:93} INFO - [0m09:12:13  Running with dbt=1.11.11
[2026-07-10T09:12:14.051+0000] {subprocess.py:93} INFO - [0m09:12:14  Registered adapter: bigquery=1.11.3
[2026-07-10T09:12:14.292+0000] {subprocess.py:93} INFO - [0m09:12:14  Found 6 models, 4 sources, 553 macros
[2026-07-10T09:12:14.293+0000] {subprocess.py:93} INFO - [0m09:12:14
[2026-07-10T09:12:14.294+0000] {subprocess.py:93} INFO - [0m09:12:14  Concurrency: 4 threads (target='dev')
[2026-07-10T09:12:14.294+0000] {subprocess.py:93} INFO - [0m09:12:14
[2026-07-10T09:12:15.917+0000] {subprocess.py:93} INFO - [0m09:12:15  1 of 6 START sql table model logistics_mart.dim_drivers ........................ [RUN]
[2026-07-10T09:12:15.917+0000] {subprocess.py:93} INFO - [0m09:12:15  2 of 6 START sql table model logistics_mart.dim_hubs ........................... [RUN]
[2026-07-10T09:12:15.917+0000] {subprocess.py:93} INFO - [0m09:12:15  3 of 6 START sql view model logistics_mart.stg_shipments ....................... [RUN]
[2026-07-10T09:12:15.918+0000] {subprocess.py:93} INFO - [0m09:12:15  4 of 6 START sql view model logistics_mart.stg_weather ......................... [RUN]
[2026-07-10T09:45:46.023+0000] {subprocess.py:93} INFO - [0m09:45:46  3 of 6 ERROR creating sql view model logistics_mart.stg_shipments .............. [[31mERROR[0m in 2010.09s]
[2026-07-10T09:45:46.028+0000] {subprocess.py:93} INFO - [0m09:45:46  4 of 6 ERROR creating sql view model logistics_mart.stg_weather ................ [[31mERROR[0m in 2010.10s]
[2026-07-10T09:45:46.028+0000] {subprocess.py:93} INFO - [0m09:45:46  5 of 6 START sql view model logistics_mart.stg_weather_consensus ............... [RUN]
[2026-07-10T09:45:47.453+0000] {subprocess.py:93} INFO - [0m09:45:47  BigQuery adapter: https://console.cloud.google.com/bigquery?project=logistics-500519&j=bq:US:188a84d4-08de-4445-915f-f51562ee5e7a&page=queryresults
[2026-07-10T09:45:47.470+0000] {subprocess.py:93} INFO - [0m09:45:47  5 of 6 ERROR creating sql view model logistics_mart.stg_weather_consensus ...... [[31mERROR[0m in 1.44s]
[2026-07-10T09:56:26.522+0000] {subprocess.py:93} INFO - [0m09:56:26  1 of 6 ERROR creating sql table model logistics_mart.dim_drivers ............... [[31mERROR[0m in 2650.59s]
[2026-07-10T09:56:26.531+0000] {subprocess.py:93} INFO - [0m09:56:26  2 of 6 ERROR creating sql table model logistics_mart.dim_hubs .................. [[31mERROR[0m in 2650.59s]
[2026-07-10T09:56:26.537+0000] {subprocess.py:93} INFO - [0m09:56:26  6 of 6 SKIP relation logistics_mart.fact_shipment_weather ...................... [[33mSKIP[0m]
[2026-07-10T09:56:26.581+0000] {subprocess.py:93} INFO - [0m09:56:26
[2026-07-10T09:56:26.582+0000] {subprocess.py:93} INFO - [0m09:56:26  Finished running 3 table models, 3 view models in 0 hours 44 minutes and 12.29 seconds (2652.29s).
[2026-07-10T09:56:26.655+0000] {subprocess.py:93} INFO - [0m09:56:26
[2026-07-10T09:56:26.655+0000] {subprocess.py:93} INFO - [0m09:56:26  [31mCompleted with 5 errors, 0 partial successes, and 0 warnings:[0m
[2026-07-10T09:56:26.656+0000] {subprocess.py:93} INFO - [0m09:56:26
[2026-07-10T09:56:26.656+0000] {subprocess.py:93} INFO - [0m09:56:26  [31mFailure in model stg_weather (models/staging/stg_weather.sql)[0m
[2026-07-10T09:56:26.657+0000] {subprocess.py:93} INFO - [0m09:56:26    Database Error in model stg_weather (models/staging/stg_weather.sql)
[2026-07-10T09:56:26.657+0000] {subprocess.py:93} INFO -   Operation did not complete within the designated timeout of 300 seconds.
[2026-07-10T09:56:26.657+0000] {subprocess.py:93} INFO -   compiled code at target/run/logistics_lakehouse/models/staging/stg_weather.sql
[2026-07-10T09:56:26.657+0000] {subprocess.py:93} INFO - [0m09:56:26
[2026-07-10T09:56:26.658+0000] {subprocess.py:93} INFO - [0m09:56:26    compiled code at target/compiled/logistics_lakehouse/models/staging/stg_weather.sql
[2026-07-10T09:56:26.658+0000] {subprocess.py:93} INFO - [0m09:56:26
[2026-07-10T09:56:26.658+0000] {subprocess.py:93} INFO - [0m09:56:26  [31mFailure in model stg_shipments (models/staging/stg_shipments.sql)[0m
[2026-07-10T09:56:26.658+0000] {subprocess.py:93} INFO - [0m09:56:26    Database Error in model stg_shipments (models/staging/stg_shipments.sql)
[2026-07-10T09:56:26.659+0000] {subprocess.py:93} INFO -   Operation did not complete within the designated timeout of 300 seconds.
[2026-07-10T09:56:26.659+0000] {subprocess.py:93} INFO -   compiled code at target/run/logistics_lakehouse/models/staging/stg_shipments.sql
[2026-07-10T09:56:26.660+0000] {subprocess.py:93} INFO - [0m09:56:26
[2026-07-10T09:56:26.660+0000] {subprocess.py:93} INFO - [0m09:56:26    compiled code at target/compiled/logistics_lakehouse/models/staging/stg_shipments.sql
[2026-07-10T09:56:26.660+0000] {subprocess.py:93} INFO - [0m09:56:26
[2026-07-10T09:56:26.660+0000] {subprocess.py:93} INFO - [0m09:56:26  [31mFailure in model stg_weather_consensus (models/staging/stg_weather_consensus.sql)[0m
[2026-07-10T09:56:26.661+0000] {subprocess.py:93} INFO - [0m09:56:26    Database Error in model stg_weather_consensus (models/staging/stg_weather_consensus.sql)
[2026-07-10T09:56:26.661+0000] {subprocess.py:93} INFO -   Unrecognized name: fetched_at at [11:11]
[2026-07-10T09:56:26.661+0000] {subprocess.py:93} INFO -   compiled code at target/run/logistics_lakehouse/models/staging/stg_weather_consensus.sql
[2026-07-10T09:56:26.661+0000] {subprocess.py:93} INFO - [0m09:56:26
[2026-07-10T09:56:26.662+0000] {subprocess.py:93} INFO - [0m09:56:26    compiled code at target/compiled/logistics_lakehouse/models/staging/stg_weather_consensus.sql
[2026-07-10T09:56:26.662+0000] {subprocess.py:93} INFO - [0m09:56:26
[2026-07-10T09:56:26.662+0000] {subprocess.py:93} INFO - [0m09:56:26  [31mFailure in model dim_drivers (models/mart/dim_drivers.sql)[0m
[2026-07-10T09:56:26.662+0000] {subprocess.py:93} INFO - [0m09:56:26    Database Error in model dim_drivers (models/mart/dim_drivers.sql)
[2026-07-10T09:56:26.662+0000] {subprocess.py:93} INFO -   ('Connection aborted.', RemoteDisconnected('Remote end closed connection without response'))
[2026-07-10T09:56:26.663+0000] {subprocess.py:93} INFO -   compiled code at target/run/logistics_lakehouse/models/mart/dim_drivers.sql
[2026-07-10T09:56:26.663+0000] {subprocess.py:93} INFO - [0m09:56:26
[2026-07-10T09:56:26.663+0000] {subprocess.py:93} INFO - [0m09:56:26    compiled code at target/compiled/logistics_lakehouse/models/mart/dim_drivers.sql
[2026-07-10T09:56:26.663+0000] {subprocess.py:93} INFO - [0m09:56:26
[2026-07-10T09:56:26.663+0000] {subprocess.py:93} INFO - [0m09:56:26  [31mFailure in model dim_hubs (models/mart/dim_hubs.sql)[0m
[2026-07-10T09:56:26.664+0000] {subprocess.py:93} INFO - [0m09:56:26    Database Error in model dim_hubs (models/mart/dim_hubs.sql)
[2026-07-10T09:56:26.664+0000] {subprocess.py:93} INFO -   ('Connection aborted.', RemoteDisconnected('Remote end closed connection without response'))
[2026-07-10T09:56:26.664+0000] {subprocess.py:93} INFO -   compiled code at target/run/logistics_lakehouse/models/mart/dim_hubs.sql
[2026-07-10T09:56:26.664+0000] {subprocess.py:93} INFO - [0m09:56:26
[2026-07-10T09:56:26.664+0000] {subprocess.py:93} INFO - [0m09:56:26    compiled code at target/compiled/logistics_lakehouse/models/mart/dim_hubs.sql
[2026-07-10T09:56:26.665+0000] {subprocess.py:93} INFO - [0m09:56:26
[2026-07-10T09:56:26.665+0000] {subprocess.py:93} INFO - [0m09:56:26  Done. PASS=0 WARN=0 ERROR=5 SKIP=1 NO-OP=0 TOTAL=6
[2026-07-10T09:56:28.616+0000] {subprocess.py:97} INFO - Command exited with return code 1
[2026-07-10T09:56:28.619+0000] {taskinstance.py:441} INFO - ::group::Post task execution logs
[2026-07-10T09:56:28.648+0000] {taskinstance.py:2905} ERROR - Task failed with exception
Traceback (most recent call last):
  File "/home/airflow/.local/lib/python3.12/site-packages/airflow/models/taskinstance.py", line 465, in _execute_task
    result = _execute_callable(context=context, **execute_callable_kwargs)
             ^^^^^^^^^^^^^^^^^^^^^^^^^^^^^^^^^^^^^^^^^^^^^^^^^^^^^^^^^^^^^
  File "/home/airflow/.local/lib/python3.12/site-packages/airflow/models/taskinstance.py", line 432, in _execute_callable
    return execute_callable(context=context, **execute_callable_kwargs)
           ^^^^^^^^^^^^^^^^^^^^^^^^^^^^^^^^^^^^^^^^^^^^^^^^^^^^^^^^^^^^
  File "/home/airflow/.local/lib/python3.12/site-packages/airflow/models/baseoperator.py", line 400, in wrapper
    return func(self, *args, **kwargs)
           ^^^^^^^^^^^^^^^^^^^^^^^^^^^
  File "/home/airflow/.local/lib/python3.12/site-packages/airflow/operators/bash.py", line 243, in execute
    raise AirflowException(
airflow.exceptions.AirflowException: Bash command failed. The command returned a non-zero exit code 1.
[2026-07-10T09:56:28.654+0000] {taskinstance.py:1206} INFO - Marking task as UP_FOR_RETRY. dag_id=gold_dbt_dag, task_id=trigger_dbt_build, run_id=dataset_triggered__2026-07-10T09:12:12.018618+00:00, execution_date=20260710T091212, start_date=20260710T091212, end_date=20260710T095628
[2026-07-10T09:56:28.672+0000] {standard_task_runner.py:110} ERROR - Failed to execute job 1441 for task trigger_dbt_build (Bash command failed. The command returned a non-zero exit code 1.; 18328)
[2026-07-10T09:56:28.696+0000] {local_task_job_runner.py:240} INFO - Task exited with return code 1
[2026-07-10T09:56:28.714+0000] {taskinstance.py:3498} INFO - 0 downstream tasks scheduled from follow-on schedule check
[2026-07-10T09:56:28.714+0000] {local_task_job_runner.py:222} INFO - ::endgroup::
