[2026-07-10T10:12:15.601+0000] {local_task_job_runner.py:120} INFO - ::group::Pre task execution logs
[2026-07-10T10:12:15.625+0000] {taskinstance.py:2076} INFO - Dependencies all met for dep_context=non-requeueable deps ti=<TaskInstance: gold_dbt_dag.trigger_dbt_build dataset_triggered__2026-07-10T09:12:12.018618+00:00 [queued]>
[2026-07-10T10:12:15.632+0000] {taskinstance.py:2076} INFO - Dependencies all met for dep_context=requeueable deps ti=<TaskInstance: gold_dbt_dag.trigger_dbt_build dataset_triggered__2026-07-10T09:12:12.018618+00:00 [queued]>
[2026-07-10T10:12:15.633+0000] {taskinstance.py:2306} INFO - Starting attempt 2 of 2
[2026-07-10T10:12:15.640+0000] {taskinstance.py:2330} INFO - Executing <Task(BashOperator): trigger_dbt_build> on 2026-07-10 09:12:12.018618+00:00
[2026-07-10T10:12:15.648+0000] {standard_task_runner.py:90} INFO - Running: ['***', 'tasks', 'run', 'gold_dbt_dag', 'trigger_dbt_build', 'dataset_triggered__2026-07-10T09:12:12.018618+00:00', '--job-id', '1442', '--raw', '--subdir', 'DAGS_FOLDER/dag_gold_dbt.py', '--cfg-path', '/tmp/tmpzl71neao']
[2026-07-10T10:12:15.653+0000] {standard_task_runner.py:91} INFO - Job 1442: Subtask trigger_dbt_build
[2026-07-10T10:12:15.662+0000] {logging_mixin.py:188} WARNING - /home/***/.local/lib/python3.12/site-packages/***/task/task_runner/standard_task_runner.py:61 DeprecationWarning: This process (pid=18583) is multi-threaded, use of fork() may lead to deadlocks in the child.
[2026-07-10T10:12:15.662+0000] {standard_task_runner.py:63} INFO - Started process 18604 to run task
[2026-07-10T10:12:15.714+0000] {task_command.py:426} INFO - Running <TaskInstance: gold_dbt_dag.trigger_dbt_build dataset_triggered__2026-07-10T09:12:12.018618+00:00 [running]> on host bd23e89d97be
[2026-07-10T10:12:15.767+0000] {taskinstance.py:2648} INFO - Exporting env vars: AIRFLOW_CTX_DAG_OWNER='data_engineer' AIRFLOW_CTX_DAG_ID='gold_dbt_dag' AIRFLOW_CTX_TASK_ID='trigger_dbt_build' AIRFLOW_CTX_EXECUTION_DATE='2026-07-10T09:12:12.018618+00:00' AIRFLOW_CTX_TRY_NUMBER='2' AIRFLOW_CTX_DAG_RUN_ID='dataset_triggered__2026-07-10T09:12:12.018618+00:00'
[2026-07-10T10:12:15.768+0000] {taskinstance.py:430} INFO - ::endgroup::
[2026-07-10T10:12:15.792+0000] {subprocess.py:63} INFO - Tmp dir root location: /tmp
[2026-07-10T10:12:15.795+0000] {subprocess.py:75} INFO - Running command: ['/usr/bin/bash', '-c', 'cd /opt/***/dbt && dbt build --profiles-dir . --target dev']
[2026-07-10T10:12:15.803+0000] {subprocess.py:86} INFO - Output:
[2026-07-10T10:12:17.204+0000] {subprocess.py:93} INFO - [0m10:12:17  Running with dbt=1.11.11
[2026-07-10T10:12:17.934+0000] {subprocess.py:93} INFO - [0m10:12:17  Registered adapter: bigquery=1.11.3
[2026-07-10T10:12:18.263+0000] {subprocess.py:93} INFO - [0m10:12:18  Found 6 models, 4 sources, 553 macros
[2026-07-10T10:12:18.265+0000] {subprocess.py:93} INFO - [0m10:12:18
[2026-07-10T10:12:18.265+0000] {subprocess.py:93} INFO - [0m10:12:18  Concurrency: 4 threads (target='dev')
[2026-07-10T10:12:18.266+0000] {subprocess.py:93} INFO - [0m10:12:18
[2026-07-10T10:12:19.849+0000] {subprocess.py:93} INFO - [0m10:12:19  1 of 6 START sql table model logistics_mart.dim_drivers ........................ [RUN]
[2026-07-10T10:12:19.850+0000] {subprocess.py:93} INFO - [0m10:12:19  2 of 6 START sql table model logistics_mart.dim_hubs ........................... [RUN]
[2026-07-10T10:12:19.850+0000] {subprocess.py:93} INFO - [0m10:12:19  3 of 6 START sql view model logistics_mart.stg_shipments ....................... [RUN]
[2026-07-10T10:12:19.851+0000] {subprocess.py:93} INFO - [0m10:12:19  4 of 6 START sql view model logistics_mart.stg_weather ......................... [RUN]
[2026-07-10T10:12:21.927+0000] {subprocess.py:93} INFO - [0m10:12:21  3 of 6 OK created sql view model logistics_mart.stg_shipments .................. [[32mCREATE VIEW (0 processed)[0m in 2.07s]
[2026-07-10T10:12:21.930+0000] {subprocess.py:93} INFO - [0m10:12:21  5 of 6 START sql view model logistics_mart.stg_weather_consensus ............... [RUN]
[2026-07-10T10:12:21.942+0000] {subprocess.py:93} INFO - [0m10:12:21  4 of 6 OK created sql view model logistics_mart.stg_weather .................... [[32mCREATE VIEW (0 processed)[0m in 2.09s]
[2026-07-10T10:12:23.364+0000] {subprocess.py:93} INFO - [0m10:12:23  BigQuery adapter: https://console.cloud.google.com/bigquery?project=logistics-500519&j=bq:US:830ac7dc-0f8b-4745-befa-af2f6b8ef4b5&page=queryresults
[2026-07-10T10:12:23.384+0000] {subprocess.py:93} INFO - [0m10:12:23  5 of 6 ERROR creating sql view model logistics_mart.stg_weather_consensus ...... [[31mERROR[0m in 1.45s]
[2026-07-10T10:12:23.608+0000] {subprocess.py:93} INFO - [0m10:12:23  1 of 6 OK created sql table model logistics_mart.dim_drivers ................... [[32mCREATE TABLE (3.0 rows, 108.0 Bytes processed)[0m in 3.75s]
[2026-07-10T10:12:24.138+0000] {subprocess.py:93} INFO - [0m10:12:24  2 of 6 OK created sql table model logistics_mart.dim_hubs ...................... [[32mCREATE TABLE (3.0 rows, 149.0 Bytes processed)[0m in 4.28s]
[2026-07-10T10:12:24.144+0000] {subprocess.py:93} INFO - [0m10:12:24  6 of 6 START sql table model logistics_mart.fact_shipment_weather .............. [RUN]
[2026-07-10T10:12:28.219+0000] {subprocess.py:93} INFO - [0m10:12:28  6 of 6 OK created sql table model logistics_mart.fact_shipment_weather ......... [[32mCREATE TABLE (1.7k rows, 106.4 KiB processed)[0m in 4.07s]
[2026-07-10T10:12:28.263+0000] {subprocess.py:93} INFO - [0m10:12:28
[2026-07-10T10:12:28.263+0000] {subprocess.py:93} INFO - [0m10:12:28  Finished running 3 table models, 3 view models in 0 hours 0 minutes and 10.00 seconds (10.00s).
[2026-07-10T10:12:28.305+0000] {subprocess.py:93} INFO - [0m10:12:28
[2026-07-10T10:12:28.306+0000] {subprocess.py:93} INFO - [0m10:12:28  [31mCompleted with 1 error, 0 partial successes, and 0 warnings:[0m
[2026-07-10T10:12:28.306+0000] {subprocess.py:93} INFO - [0m10:12:28
[2026-07-10T10:12:28.307+0000] {subprocess.py:93} INFO - [0m10:12:28  [31mFailure in model stg_weather_consensus (models/staging/stg_weather_consensus.sql)[0m
[2026-07-10T10:12:28.307+0000] {subprocess.py:93} INFO - [0m10:12:28    Database Error in model stg_weather_consensus (models/staging/stg_weather_consensus.sql)
[2026-07-10T10:12:28.307+0000] {subprocess.py:93} INFO -   Unrecognized name: fetched_at at [11:11]
[2026-07-10T10:12:28.307+0000] {subprocess.py:93} INFO -   compiled code at target/run/logistics_lakehouse/models/staging/stg_weather_consensus.sql
[2026-07-10T10:12:28.307+0000] {subprocess.py:93} INFO - [0m10:12:28
[2026-07-10T10:12:28.308+0000] {subprocess.py:93} INFO - [0m10:12:28    compiled code at target/compiled/logistics_lakehouse/models/staging/stg_weather_consensus.sql
[2026-07-10T10:12:28.308+0000] {subprocess.py:93} INFO - [0m10:12:28
[2026-07-10T10:12:28.308+0000] {subprocess.py:93} INFO - [0m10:12:28  Done. PASS=5 WARN=0 ERROR=1 SKIP=0 NO-OP=0 TOTAL=6
[2026-07-10T10:12:30.412+0000] {subprocess.py:97} INFO - Command exited with return code 1
[2026-07-10T10:12:30.414+0000] {taskinstance.py:441} INFO - ::group::Post task execution logs
[2026-07-10T10:12:30.429+0000] {taskinstance.py:2905} ERROR - Task failed with exception
Traceback (most recent call last):
  File "/home/airflow/.local/lib/python3.12/site-packages/airflow/models/taskinstance.py", line 465, in _execute_task
    result = _execute_callable(context=context, **execute_callable_kwargs)
             ^^^^^^^^^^^^^^^^^^^^^^^^^^^^^^^^^^^^^^^^^^^^^^^^^^^^^^^^^^^^^
  File "/home/airflow/.local/lib/python3.12/site-packages/airflow/models/taskinstance.py", line 432, in _execute_callable
    return execute_callable(context=context, **execute_callable_kwargs)
           ^^^^^^^^^^^^^^^^^^^^^^^^^^^^^^^^^^^^^^^^^^^^^^^^^^^^^^^^^^^^
  File "/home/airflow/.local/lib/python3.12/site-packages/airflow/models/baseoperator.py", line 400, in wrapper
    return func(self, *args, **kwargs)
           ^^^^^^^^^^^^^^^^^^^^^^^^^^^
  File "/home/airflow/.local/lib/python3.12/site-packages/airflow/operators/bash.py", line 243, in execute
    raise AirflowException(
airflow.exceptions.AirflowException: Bash command failed. The command returned a non-zero exit code 1.
[2026-07-10T10:12:30.436+0000] {taskinstance.py:1206} INFO - Marking task as FAILED. dag_id=gold_dbt_dag, task_id=trigger_dbt_build, run_id=dataset_triggered__2026-07-10T09:12:12.018618+00:00, execution_date=20260710T091212, start_date=20260710T101215, end_date=20260710T101230
[2026-07-10T10:12:30.449+0000] {standard_task_runner.py:110} ERROR - Failed to execute job 1442 for task trigger_dbt_build (Bash command failed. The command returned a non-zero exit code 1.; 18604)
[2026-07-10T10:12:30.477+0000] {local_task_job_runner.py:240} INFO - Task exited with return code 1
[2026-07-10T10:12:30.496+0000] {taskinstance.py:3498} INFO - 0 downstream tasks scheduled from follow-on schedule check
[2026-07-10T10:12:30.496+0000] {local_task_job_runner.py:222} INFO - ::endgroup::
