[2026-07-06T00:01:51.106+0000] {local_task_job_runner.py:120} INFO - ::group::Pre task execution logs
[2026-07-06T00:01:51.121+0000] {taskinstance.py:2076} INFO - Dependencies all met for dep_context=non-requeueable deps ti=<TaskInstance: gold_dbt_dag.trigger_dbt_build dataset_triggered__2026-07-06T00:01:50.205374+00:00 [queued]>
[2026-07-06T00:01:51.125+0000] {taskinstance.py:2076} INFO - Dependencies all met for dep_context=requeueable deps ti=<TaskInstance: gold_dbt_dag.trigger_dbt_build dataset_triggered__2026-07-06T00:01:50.205374+00:00 [queued]>
[2026-07-06T00:01:51.125+0000] {taskinstance.py:2306} INFO - Starting attempt 1 of 2
[2026-07-06T00:01:51.130+0000] {taskinstance.py:2330} INFO - Executing <Task(BashOperator): trigger_dbt_build> on 2026-07-06 00:01:50.205374+00:00
[2026-07-06T00:01:51.139+0000] {standard_task_runner.py:90} INFO - Running: ['***', 'tasks', 'run', 'gold_dbt_dag', 'trigger_dbt_build', 'dataset_triggered__2026-07-06T00:01:50.205374+00:00', '--job-id', '737', '--raw', '--subdir', 'DAGS_FOLDER/dag_gold_dbt.py', '--cfg-path', '/tmp/tmpx4514f6m']
[2026-07-06T00:01:51.145+0000] {standard_task_runner.py:91} INFO - Job 737: Subtask trigger_dbt_build
[2026-07-06T00:01:51.145+0000] {logging_mixin.py:188} WARNING - /home/***/.local/lib/python3.12/site-packages/***/task/task_runner/standard_task_runner.py:61 DeprecationWarning: This process (pid=56207) is multi-threaded, use of fork() may lead to deadlocks in the child.
[2026-07-06T00:01:51.146+0000] {standard_task_runner.py:63} INFO - Started process 56208 to run task
[2026-07-06T00:01:51.172+0000] {task_command.py:426} INFO - Running <TaskInstance: gold_dbt_dag.trigger_dbt_build dataset_triggered__2026-07-06T00:01:50.205374+00:00 [running]> on host bd23e89d97be
[2026-07-06T00:01:51.228+0000] {taskinstance.py:2648} INFO - Exporting env vars: AIRFLOW_CTX_DAG_OWNER='data_engineer' AIRFLOW_CTX_DAG_ID='gold_dbt_dag' AIRFLOW_CTX_TASK_ID='trigger_dbt_build' AIRFLOW_CTX_EXECUTION_DATE='2026-07-06T00:01:50.205374+00:00' AIRFLOW_CTX_TRY_NUMBER='1' AIRFLOW_CTX_DAG_RUN_ID='dataset_triggered__2026-07-06T00:01:50.205374+00:00'
[2026-07-06T00:01:51.229+0000] {taskinstance.py:430} INFO - ::endgroup::
[2026-07-06T00:01:51.239+0000] {subprocess.py:63} INFO - Tmp dir root location: /tmp
[2026-07-06T00:01:51.240+0000] {subprocess.py:75} INFO - Running command: ['/usr/bin/bash', '-c', 'cd /opt/***/dbt && dbt build --profiles-dir . --target dev']
[2026-07-06T00:01:51.244+0000] {subprocess.py:86} INFO - Output:
[2026-07-06T00:01:52.483+0000] {subprocess.py:93} INFO - [0m00:01:52  Running with dbt=1.11.11
[2026-07-06T00:01:53.111+0000] {subprocess.py:93} INFO - [0m00:01:53  Registered adapter: bigquery=1.11.3
[2026-07-06T00:01:53.369+0000] {subprocess.py:93} INFO - [0m00:01:53  Found 5 models, 4 sources, 553 macros
[2026-07-06T00:01:53.370+0000] {subprocess.py:93} INFO - [0m00:01:53
[2026-07-06T00:01:53.371+0000] {subprocess.py:93} INFO - [0m00:01:53  Concurrency: 4 threads (target='dev')
[2026-07-06T00:01:53.371+0000] {subprocess.py:93} INFO - [0m00:01:53
[2026-07-06T02:26:50.879+0000] {local_task_job_runner.py:310} WARNING - State of this instance has been externally set to up_for_retry. Terminating instance.
[2026-07-06T02:26:50.884+0000] {local_task_job_runner.py:222} INFO - ::endgroup::
[2026-07-06T02:26:50.891+0000] {process_utils.py:132} INFO - Sending 15 to group 56208. PIDs of all processes in the group: [56209, 56223, 56208]
[2026-07-06T02:26:50.893+0000] {process_utils.py:87} INFO - Sending the signal 15 to group 56208
[2026-07-06T02:26:50.897+0000] {taskinstance.py:2611} ERROR - Received SIGTERM. Terminating subprocesses.
[2026-07-06T02:26:50.903+0000] {subprocess.py:104} INFO - Sending SIGTERM signal to process group
[2026-07-06T02:26:50.916+0000] {taskinstance.py:441} INFO - ::group::Post task execution logs
[2026-07-06T02:26:51.031+0000] {taskinstance.py:2905} ERROR - Task failed with exception
Traceback (most recent call last):
  File "/home/airflow/.local/lib/python3.12/site-packages/airflow/models/taskinstance.py", line 465, in _execute_task
    result = _execute_callable(context=context, **execute_callable_kwargs)
             ^^^^^^^^^^^^^^^^^^^^^^^^^^^^^^^^^^^^^^^^^^^^^^^^^^^^^^^^^^^^^
  File "/home/airflow/.local/lib/python3.12/site-packages/airflow/models/taskinstance.py", line 432, in _execute_callable
    return execute_callable(context=context, **execute_callable_kwargs)
           ^^^^^^^^^^^^^^^^^^^^^^^^^^^^^^^^^^^^^^^^^^^^^^^^^^^^^^^^^^^^
  File "/home/airflow/.local/lib/python3.12/site-packages/airflow/models/baseoperator.py", line 400, in wrapper
    return func(self, *args, **kwargs)
           ^^^^^^^^^^^^^^^^^^^^^^^^^^^
  File "/home/airflow/.local/lib/python3.12/site-packages/airflow/operators/bash.py", line 234, in execute
    result = self.subprocess_hook.run_command(
             ^^^^^^^^^^^^^^^^^^^^^^^^^^^^^^^^^
  File "/home/airflow/.local/lib/python3.12/site-packages/airflow/hooks/subprocess.py", line 91, in run_command
    for raw_line in iter(self.sub_process.stdout.readline, b""):
  File "/home/airflow/.local/lib/python3.12/site-packages/airflow/models/taskinstance.py", line 2613, in signal_handler
    raise AirflowTaskTerminated("Task received SIGTERM signal")
airflow.exceptions.AirflowTaskTerminated: Task received SIGTERM signal
[2026-07-06T02:26:51.045+0000] {process_utils.py:80} INFO - Process psutil.Process(pid=56223, status='terminated', started='00:01:52') (56223) terminated with exit code None
[2026-07-06T02:26:51.056+0000] {taskinstance.py:1206} INFO - Marking task as FAILED. dag_id=gold_dbt_dag, task_id=trigger_dbt_build, run_id=dataset_triggered__2026-07-06T00:01:50.205374+00:00, execution_date=20260706T000150, start_date=20260706T000151, end_date=20260706T022651
[2026-07-06T02:26:51.152+0000] {process_utils.py:80} INFO - Process psutil.Process(pid=56208, status='terminated', exitcode=2, started='00:01:50') (56208) terminated with exit code 2
[2026-07-06T02:26:51.154+0000] {process_utils.py:80} INFO - Process psutil.Process(pid=56209, status='terminated', started='00:01:50') (56209) terminated with exit code None
