[2026-07-03T22:08:02.920+0000] {local_task_job_runner.py:120} INFO - ::group::Pre task execution logs
[2026-07-03T22:08:02.939+0000] {taskinstance.py:2076} INFO - Dependencies all met for dep_context=non-requeueable deps ti=<TaskInstance: gold_dbt_dag.trigger_dbt_build dataset_triggered__2026-07-03T22:08:02.015943+00:00 [queued]>
[2026-07-03T22:08:02.944+0000] {taskinstance.py:2076} INFO - Dependencies all met for dep_context=requeueable deps ti=<TaskInstance: gold_dbt_dag.trigger_dbt_build dataset_triggered__2026-07-03T22:08:02.015943+00:00 [queued]>
[2026-07-03T22:08:02.944+0000] {taskinstance.py:2306} INFO - Starting attempt 1 of 2
[2026-07-03T22:08:02.949+0000] {taskinstance.py:2330} INFO - Executing <Task(BashOperator): trigger_dbt_build> on 2026-07-03 22:08:02.015943+00:00
[2026-07-03T22:08:02.953+0000] {standard_task_runner.py:90} INFO - Running: ['***', 'tasks', 'run', 'gold_dbt_dag', 'trigger_dbt_build', 'dataset_triggered__2026-07-03T22:08:02.015943+00:00', '--job-id', '440', '--raw', '--subdir', 'DAGS_FOLDER/dag_gold_dbt.py', '--cfg-path', '/tmp/tmph355izlo']
[2026-07-03T22:08:02.954+0000] {logging_mixin.py:188} WARNING - /home/***/.local/lib/python3.12/site-packages/***/task/task_runner/standard_task_runner.py:61 DeprecationWarning: This process (pid=27679) is multi-threaded, use of fork() may lead to deadlocks in the child.
[2026-07-03T22:08:02.954+0000] {standard_task_runner.py:91} INFO - Job 440: Subtask trigger_dbt_build
[2026-07-03T22:08:02.954+0000] {standard_task_runner.py:63} INFO - Started process 27680 to run task
[2026-07-03T22:08:02.974+0000] {task_command.py:426} INFO - Running <TaskInstance: gold_dbt_dag.trigger_dbt_build dataset_triggered__2026-07-03T22:08:02.015943+00:00 [running]> on host bd23e89d97be
[2026-07-03T22:08:03.007+0000] {taskinstance.py:2648} INFO - Exporting env vars: AIRFLOW_CTX_DAG_OWNER='data_engineer' AIRFLOW_CTX_DAG_ID='gold_dbt_dag' AIRFLOW_CTX_TASK_ID='trigger_dbt_build' AIRFLOW_CTX_EXECUTION_DATE='2026-07-03T22:08:02.015943+00:00' AIRFLOW_CTX_TRY_NUMBER='1' AIRFLOW_CTX_DAG_RUN_ID='dataset_triggered__2026-07-03T22:08:02.015943+00:00'
[2026-07-03T22:08:03.008+0000] {taskinstance.py:430} INFO - ::endgroup::
[2026-07-03T22:08:03.015+0000] {subprocess.py:63} INFO - Tmp dir root location: /tmp
[2026-07-03T22:08:03.015+0000] {subprocess.py:75} INFO - Running command: ['/usr/bin/bash', '-c', 'cd /opt/***/dbt && dbt build --profiles-dir . --target dev']
[2026-07-03T22:08:03.019+0000] {subprocess.py:86} INFO - Output:
[2026-07-03T22:08:03.988+0000] {subprocess.py:93} INFO - [0m22:08:03  Running with dbt=1.11.11
[2026-07-03T22:08:05.322+0000] {subprocess.py:93} INFO - [0m22:08:05  Registered adapter: bigquery=1.11.3
[2026-07-03T22:08:05.906+0000] {subprocess.py:93} INFO - [0m22:08:05  Found 5 models, 4 sources, 553 macros
[2026-07-03T22:08:05.908+0000] {subprocess.py:93} INFO - [0m22:08:05
[2026-07-03T22:08:05.908+0000] {subprocess.py:93} INFO - [0m22:08:05  Concurrency: 4 threads (target='dev')
[2026-07-03T22:08:05.909+0000] {subprocess.py:93} INFO - [0m22:08:05
[2026-07-03T22:08:07.613+0000] {subprocess.py:93} INFO - [0m22:08:07  1 of 5 START sql table model logistics_mart.dim_drivers ........................ [RUN]
[2026-07-03T22:08:07.613+0000] {subprocess.py:93} INFO - [0m22:08:07  2 of 5 START sql table model logistics_mart.dim_hubs ........................... [RUN]
[2026-07-03T22:08:07.614+0000] {subprocess.py:93} INFO - [0m22:08:07  3 of 5 START sql view model logistics_mart.stg_shipments ....................... [RUN]
[2026-07-03T22:08:07.614+0000] {subprocess.py:93} INFO - [0m22:08:07  4 of 5 START sql view model logistics_mart.stg_weather ......................... [RUN]
[2026-07-03T22:08:09.749+0000] {subprocess.py:93} INFO - [0m22:08:09  4 of 5 OK created sql view model logistics_mart.stg_weather .................... [[32mCREATE VIEW (0 processed)[0m in 2.13s]
[2026-07-03T22:08:09.749+0000] {subprocess.py:93} INFO - [0m22:08:09  3 of 5 OK created sql view model logistics_mart.stg_shipments .................. [[32mCREATE VIEW (0 processed)[0m in 2.13s]
[2026-07-04T03:50:39.251+0000] {subprocess.py:93} INFO - [0m03:50:39  1 of 5 ERROR creating sql table model logistics_mart.dim_drivers ............... [[31mERROR[0m in 20551.63s]
[2026-07-04T03:50:39.259+0000] {subprocess.py:93} INFO - [0m03:50:39  2 of 5 ERROR creating sql table model logistics_mart.dim_hubs .................. [[31mERROR[0m in 20551.63s]
[2026-07-04T03:50:39.262+0000] {subprocess.py:93} INFO - [0m03:50:39  5 of 5 SKIP relation logistics_mart.fact_shipment_weather ...................... [[33mSKIP[0m]
[2026-07-04T03:50:39.311+0000] {subprocess.py:93} INFO - [0m03:50:39
[2026-07-04T03:50:39.311+0000] {subprocess.py:93} INFO - [0m03:50:39  Finished running 3 table models, 2 view models in 5 hours 42 minutes and 33.40 seconds (20553.40s).
[2026-07-04T03:50:39.372+0000] {subprocess.py:93} INFO - [0m03:50:39
[2026-07-04T03:50:39.372+0000] {subprocess.py:93} INFO - [0m03:50:39  [31mCompleted with 2 errors, 0 partial successes, and 0 warnings:[0m
[2026-07-04T03:50:39.372+0000] {subprocess.py:93} INFO - [0m03:50:39
[2026-07-04T03:50:39.373+0000] {subprocess.py:93} INFO - [0m03:50:39  [31mFailure in model dim_drivers (models/mart/dim_drivers.sql)[0m
[2026-07-04T03:50:39.373+0000] {subprocess.py:93} INFO - [0m03:50:39    Database Error in model dim_drivers (models/mart/dim_drivers.sql)
[2026-07-04T03:50:39.373+0000] {subprocess.py:93} INFO -   ('Connection aborted.', RemoteDisconnected('Remote end closed connection without response'))
[2026-07-04T03:50:39.373+0000] {subprocess.py:93} INFO -   compiled code at target/run/logistics_lakehouse/models/mart/dim_drivers.sql
[2026-07-04T03:50:39.373+0000] {subprocess.py:93} INFO - [0m03:50:39
[2026-07-04T03:50:39.374+0000] {subprocess.py:93} INFO - [0m03:50:39    compiled code at target/compiled/logistics_lakehouse/models/mart/dim_drivers.sql
[2026-07-04T03:50:39.374+0000] {subprocess.py:93} INFO - [0m03:50:39
[2026-07-04T03:50:39.374+0000] {subprocess.py:93} INFO - [0m03:50:39  [31mFailure in model dim_hubs (models/mart/dim_hubs.sql)[0m
[2026-07-04T03:50:39.374+0000] {subprocess.py:93} INFO - [0m03:50:39    Database Error in model dim_hubs (models/mart/dim_hubs.sql)
[2026-07-04T03:50:39.374+0000] {subprocess.py:93} INFO -   ('Connection aborted.', RemoteDisconnected('Remote end closed connection without response'))
[2026-07-04T03:50:39.374+0000] {subprocess.py:93} INFO -   compiled code at target/run/logistics_lakehouse/models/mart/dim_hubs.sql
[2026-07-04T03:50:39.374+0000] {subprocess.py:93} INFO - [0m03:50:39
[2026-07-04T03:50:39.374+0000] {subprocess.py:93} INFO - [0m03:50:39    compiled code at target/compiled/logistics_lakehouse/models/mart/dim_hubs.sql
[2026-07-04T03:50:39.374+0000] {subprocess.py:93} INFO - [0m03:50:39
[2026-07-04T03:50:39.375+0000] {subprocess.py:93} INFO - [0m03:50:39  Done. PASS=2 WARN=0 ERROR=2 SKIP=1 NO-OP=0 TOTAL=5
[2026-07-04T03:50:41.328+0000] {subprocess.py:97} INFO - Command exited with return code 1
[2026-07-04T03:50:41.330+0000] {taskinstance.py:441} INFO - ::group::Post task execution logs
[2026-07-04T03:50:41.358+0000] {taskinstance.py:2905} ERROR - Task failed with exception
Traceback (most recent call last):
  File "/home/airflow/.local/lib/python3.12/site-packages/airflow/models/taskinstance.py", line 465, in _execute_task
    result = _execute_callable(context=context, **execute_callable_kwargs)
             ^^^^^^^^^^^^^^^^^^^^^^^^^^^^^^^^^^^^^^^^^^^^^^^^^^^^^^^^^^^^^
  File "/home/airflow/.local/lib/python3.12/site-packages/airflow/models/taskinstance.py", line 432, in _execute_callable
    return execute_callable(context=context, **execute_callable_kwargs)
           ^^^^^^^^^^^^^^^^^^^^^^^^^^^^^^^^^^^^^^^^^^^^^^^^^^^^^^^^^^^^
  File "/home/airflow/.local/lib/python3.12/site-packages/airflow/models/baseoperator.py", line 400, in wrapper
    return func(self, *args, **kwargs)
           ^^^^^^^^^^^^^^^^^^^^^^^^^^^
  File "/home/airflow/.local/lib/python3.12/site-packages/airflow/operators/bash.py", line 243, in execute
    raise AirflowException(
airflow.exceptions.AirflowException: Bash command failed. The command returned a non-zero exit code 1.
[2026-07-04T03:50:41.368+0000] {taskinstance.py:1206} INFO - Marking task as UP_FOR_RETRY. dag_id=gold_dbt_dag, task_id=trigger_dbt_build, run_id=dataset_triggered__2026-07-03T22:08:02.015943+00:00, execution_date=20260703T220802, start_date=20260703T220802, end_date=20260704T035041
[2026-07-04T03:50:41.394+0000] {standard_task_runner.py:110} ERROR - Failed to execute job 440 for task trigger_dbt_build (Bash command failed. The command returned a non-zero exit code 1.; 27680)
[2026-07-04T03:50:41.426+0000] {local_task_job_runner.py:240} INFO - Task exited with return code 1
[2026-07-04T03:50:41.477+0000] {taskinstance.py:3498} INFO - 0 downstream tasks scheduled from follow-on schedule check
[2026-07-04T03:50:41.477+0000] {local_task_job_runner.py:222} INFO - ::endgroup::
