[2026-07-04T05:08:37.168+0000] {local_task_job_runner.py:120} INFO - ::group::Pre task execution logs
[2026-07-04T05:08:37.193+0000] {taskinstance.py:2076} INFO - Dependencies all met for dep_context=non-requeueable deps ti=<TaskInstance: gold_dbt_dag.trigger_dbt_build dataset_triggered__2026-07-03T22:08:02.015943+00:00 [queued]>
[2026-07-04T05:08:37.201+0000] {taskinstance.py:2076} INFO - Dependencies all met for dep_context=requeueable deps ti=<TaskInstance: gold_dbt_dag.trigger_dbt_build dataset_triggered__2026-07-03T22:08:02.015943+00:00 [queued]>
[2026-07-04T05:08:37.201+0000] {taskinstance.py:2306} INFO - Starting attempt 2 of 2
[2026-07-04T05:08:37.209+0000] {taskinstance.py:2330} INFO - Executing <Task(BashOperator): trigger_dbt_build> on 2026-07-03 22:08:02.015943+00:00
[2026-07-04T05:08:37.215+0000] {standard_task_runner.py:90} INFO - Running: ['***', 'tasks', 'run', 'gold_dbt_dag', 'trigger_dbt_build', 'dataset_triggered__2026-07-03T22:08:02.015943+00:00', '--job-id', '475', '--raw', '--subdir', 'DAGS_FOLDER/dag_gold_dbt.py', '--cfg-path', '/tmp/tmpqwx43cao']
[2026-07-04T05:08:37.216+0000] {logging_mixin.py:188} WARNING - /home/***/.local/lib/python3.12/site-packages/***/task/task_runner/standard_task_runner.py:61 DeprecationWarning: This process (pid=30839) is multi-threaded, use of fork() may lead to deadlocks in the child.
[2026-07-04T05:08:37.219+0000] {standard_task_runner.py:91} INFO - Job 475: Subtask trigger_dbt_build
[2026-07-04T05:08:37.219+0000] {standard_task_runner.py:63} INFO - Started process 30844 to run task
[2026-07-04T05:08:37.261+0000] {task_command.py:426} INFO - Running <TaskInstance: gold_dbt_dag.trigger_dbt_build dataset_triggered__2026-07-03T22:08:02.015943+00:00 [running]> on host bd23e89d97be
[2026-07-04T05:08:37.331+0000] {taskinstance.py:2648} INFO - Exporting env vars: AIRFLOW_CTX_DAG_OWNER='data_engineer' AIRFLOW_CTX_DAG_ID='gold_dbt_dag' AIRFLOW_CTX_TASK_ID='trigger_dbt_build' AIRFLOW_CTX_EXECUTION_DATE='2026-07-03T22:08:02.015943+00:00' AIRFLOW_CTX_TRY_NUMBER='2' AIRFLOW_CTX_DAG_RUN_ID='dataset_triggered__2026-07-03T22:08:02.015943+00:00'
[2026-07-04T05:08:37.332+0000] {taskinstance.py:430} INFO - ::endgroup::
[2026-07-04T05:08:37.348+0000] {subprocess.py:63} INFO - Tmp dir root location: /tmp
[2026-07-04T05:08:37.349+0000] {subprocess.py:75} INFO - Running command: ['/usr/bin/bash', '-c', 'cd /opt/***/dbt && dbt build --profiles-dir . --target dev']
[2026-07-04T05:08:37.358+0000] {subprocess.py:86} INFO - Output:
[2026-07-04T05:08:39.332+0000] {subprocess.py:93} INFO - [0m05:08:39  Running with dbt=1.11.11
[2026-07-04T05:08:40.230+0000] {subprocess.py:93} INFO - [0m05:08:40  Registered adapter: bigquery=1.11.3
[2026-07-04T05:08:40.646+0000] {subprocess.py:93} INFO - [0m05:08:40  Found 5 models, 4 sources, 553 macros
[2026-07-04T05:08:40.649+0000] {subprocess.py:93} INFO - [0m05:08:40
[2026-07-04T05:08:40.650+0000] {subprocess.py:93} INFO - [0m05:08:40  Concurrency: 4 threads (target='dev')
[2026-07-04T05:08:40.651+0000] {subprocess.py:93} INFO - [0m05:08:40
[2026-07-04T05:08:42.244+0000] {subprocess.py:93} INFO - [0m05:08:42  1 of 5 START sql table model logistics_mart.dim_drivers ........................ [RUN]
[2026-07-04T05:08:42.246+0000] {subprocess.py:93} INFO - [0m05:08:42  2 of 5 START sql table model logistics_mart.dim_hubs ........................... [RUN]
[2026-07-04T05:08:42.247+0000] {subprocess.py:93} INFO - [0m05:08:42  3 of 5 START sql view model logistics_mart.stg_shipments ....................... [RUN]
[2026-07-04T05:08:42.248+0000] {subprocess.py:93} INFO - [0m05:08:42  4 of 5 START sql view model logistics_mart.stg_weather ......................... [RUN]
[2026-07-04T06:58:40.068+0000] {subprocess.py:93} INFO - [0m06:58:40  1 of 5 ERROR creating sql table model logistics_mart.dim_drivers ............... [[31mERROR[0m in 6597.80s]
[2026-07-04T06:58:40.456+0000] {subprocess.py:93} INFO - [0m06:58:40  2 of 5 ERROR creating sql table model logistics_mart.dim_hubs .................. [[31mERROR[0m in 6598.21s]
[2026-07-04T07:13:38.043+0000] {subprocess.py:93} INFO - [0m07:13:38  3 of 5 ERROR creating sql view model logistics_mart.stg_shipments .............. [[31mERROR[0m in 7495.77s]
[2026-07-04T07:13:38.063+0000] {subprocess.py:93} INFO - [0m07:13:38  4 of 5 ERROR creating sql view model logistics_mart.stg_weather ................ [[31mERROR[0m in 7495.77s]
[2026-07-04T07:13:38.075+0000] {subprocess.py:93} INFO - [0m07:13:38  5 of 5 SKIP relation logistics_mart.fact_shipment_weather ...................... [[33mSKIP[0m]
[2026-07-04T07:13:38.184+0000] {subprocess.py:93} INFO - [0m07:13:38
[2026-07-04T07:13:38.185+0000] {subprocess.py:93} INFO - [0m07:13:38  Finished running 3 table models, 2 view models in 2 hours 4 minutes and 57.53 seconds (7497.53s).
[2026-07-04T07:13:38.366+0000] {subprocess.py:93} INFO - [0m07:13:38
[2026-07-04T07:13:38.367+0000] {subprocess.py:93} INFO - [0m07:13:38  [31mCompleted with 4 errors, 0 partial successes, and 0 warnings:[0m
[2026-07-04T07:13:38.368+0000] {subprocess.py:93} INFO - [0m07:13:38
[2026-07-04T07:13:38.370+0000] {subprocess.py:93} INFO - [0m07:13:38  [31mFailure in model dim_drivers (models/mart/dim_drivers.sql)[0m
[2026-07-04T07:13:38.370+0000] {subprocess.py:93} INFO - [0m07:13:38    Database Error in model dim_drivers (models/mart/dim_drivers.sql)
[2026-07-04T07:13:38.371+0000] {subprocess.py:93} INFO -   409 POST https://bigquery.googleapis.com/bigquery/v2/projects/logistics-500519/jobs?prettyPrint=false: Already Exists: Job logistics-500519:US.e9c828f2-75ba-49f8-97c6-3dfeaa9b97e3
[2026-07-04T07:13:38.371+0000] {subprocess.py:93} INFO - 
[2026-07-04T07:13:38.372+0000] {subprocess.py:93} INFO -   Location: None
[2026-07-04T07:13:38.372+0000] {subprocess.py:93} INFO -   Job ID: e9c828f2-75ba-49f8-97c6-3dfeaa9b97e3
[2026-07-04T07:13:38.372+0000] {subprocess.py:93} INFO - 
[2026-07-04T07:13:38.372+0000] {subprocess.py:93} INFO -   compiled code at target/run/logistics_lakehouse/models/mart/dim_drivers.sql
[2026-07-04T07:13:38.373+0000] {subprocess.py:93} INFO - [0m07:13:38
[2026-07-04T07:13:38.373+0000] {subprocess.py:93} INFO - [0m07:13:38    compiled code at target/compiled/logistics_lakehouse/models/mart/dim_drivers.sql
[2026-07-04T07:13:38.373+0000] {subprocess.py:93} INFO - [0m07:13:38
[2026-07-04T07:13:38.373+0000] {subprocess.py:93} INFO - [0m07:13:38  [31mFailure in model dim_hubs (models/mart/dim_hubs.sql)[0m
[2026-07-04T07:13:38.374+0000] {subprocess.py:93} INFO - [0m07:13:38    Database Error in model dim_hubs (models/mart/dim_hubs.sql)
[2026-07-04T07:13:38.374+0000] {subprocess.py:93} INFO -   409 POST https://bigquery.googleapis.com/bigquery/v2/projects/logistics-500519/jobs?prettyPrint=false: Already Exists: Job logistics-500519:US.88ac59f1-9ca9-4285-8bf1-bb0d2a1ac9e9
[2026-07-04T07:13:38.374+0000] {subprocess.py:93} INFO - 
[2026-07-04T07:13:38.374+0000] {subprocess.py:93} INFO -   Location: None
[2026-07-04T07:13:38.374+0000] {subprocess.py:93} INFO -   Job ID: 88ac59f1-9ca9-4285-8bf1-bb0d2a1ac9e9
[2026-07-04T07:13:38.375+0000] {subprocess.py:93} INFO - 
[2026-07-04T07:13:38.375+0000] {subprocess.py:93} INFO -   compiled code at target/run/logistics_lakehouse/models/mart/dim_hubs.sql
[2026-07-04T07:13:38.375+0000] {subprocess.py:93} INFO - [0m07:13:38
[2026-07-04T07:13:38.375+0000] {subprocess.py:93} INFO - [0m07:13:38    compiled code at target/compiled/logistics_lakehouse/models/mart/dim_hubs.sql
[2026-07-04T07:13:38.375+0000] {subprocess.py:93} INFO - [0m07:13:38
[2026-07-04T07:13:38.376+0000] {subprocess.py:93} INFO - [0m07:13:38  [31mFailure in model stg_shipments (models/staging/stg_shipments.sql)[0m
[2026-07-04T07:13:38.376+0000] {subprocess.py:93} INFO - [0m07:13:38    Database Error in model stg_shipments (models/staging/stg_shipments.sql)
[2026-07-04T07:13:38.376+0000] {subprocess.py:93} INFO -   ('Connection aborted.', RemoteDisconnected('Remote end closed connection without response'))
[2026-07-04T07:13:38.377+0000] {subprocess.py:93} INFO -   compiled code at target/run/logistics_lakehouse/models/staging/stg_shipments.sql
[2026-07-04T07:13:38.377+0000] {subprocess.py:93} INFO - [0m07:13:38
[2026-07-04T07:13:38.377+0000] {subprocess.py:93} INFO - [0m07:13:38    compiled code at target/compiled/logistics_lakehouse/models/staging/stg_shipments.sql
[2026-07-04T07:13:38.378+0000] {subprocess.py:93} INFO - [0m07:13:38
[2026-07-04T07:13:38.378+0000] {subprocess.py:93} INFO - [0m07:13:38  [31mFailure in model stg_weather (models/staging/stg_weather.sql)[0m
[2026-07-04T07:13:38.379+0000] {subprocess.py:93} INFO - [0m07:13:38    Database Error in model stg_weather (models/staging/stg_weather.sql)
[2026-07-04T07:13:38.379+0000] {subprocess.py:93} INFO -   ('Connection aborted.', RemoteDisconnected('Remote end closed connection without response'))
[2026-07-04T07:13:38.379+0000] {subprocess.py:93} INFO -   compiled code at target/run/logistics_lakehouse/models/staging/stg_weather.sql
[2026-07-04T07:13:38.379+0000] {subprocess.py:93} INFO - [0m07:13:38
[2026-07-04T07:13:38.379+0000] {subprocess.py:93} INFO - [0m07:13:38    compiled code at target/compiled/logistics_lakehouse/models/staging/stg_weather.sql
[2026-07-04T07:13:38.380+0000] {subprocess.py:93} INFO - [0m07:13:38
[2026-07-04T07:13:38.380+0000] {subprocess.py:93} INFO - [0m07:13:38  Done. PASS=0 WARN=0 ERROR=4 SKIP=1 NO-OP=0 TOTAL=5
[2026-07-04T07:13:44.055+0000] {subprocess.py:97} INFO - Command exited with return code 1
[2026-07-04T07:13:44.057+0000] {taskinstance.py:441} INFO - ::group::Post task execution logs
[2026-07-04T07:13:44.071+0000] {taskinstance.py:2905} ERROR - Task failed with exception
Traceback (most recent call last):
  File "/home/airflow/.local/lib/python3.12/site-packages/airflow/models/taskinstance.py", line 465, in _execute_task
    result = _execute_callable(context=context, **execute_callable_kwargs)
             ^^^^^^^^^^^^^^^^^^^^^^^^^^^^^^^^^^^^^^^^^^^^^^^^^^^^^^^^^^^^^
  File "/home/airflow/.local/lib/python3.12/site-packages/airflow/models/taskinstance.py", line 432, in _execute_callable
    return execute_callable(context=context, **execute_callable_kwargs)
           ^^^^^^^^^^^^^^^^^^^^^^^^^^^^^^^^^^^^^^^^^^^^^^^^^^^^^^^^^^^^
  File "/home/airflow/.local/lib/python3.12/site-packages/airflow/models/baseoperator.py", line 400, in wrapper
    return func(self, *args, **kwargs)
           ^^^^^^^^^^^^^^^^^^^^^^^^^^^
  File "/home/airflow/.local/lib/python3.12/site-packages/airflow/operators/bash.py", line 243, in execute
    raise AirflowException(
airflow.exceptions.AirflowException: Bash command failed. The command returned a non-zero exit code 1.
[2026-07-04T07:13:44.075+0000] {taskinstance.py:1206} INFO - Marking task as FAILED. dag_id=gold_dbt_dag, task_id=trigger_dbt_build, run_id=dataset_triggered__2026-07-03T22:08:02.015943+00:00, execution_date=20260703T220802, start_date=20260704T050837, end_date=20260704T071344
[2026-07-04T07:13:44.086+0000] {standard_task_runner.py:110} ERROR - Failed to execute job 475 for task trigger_dbt_build (Bash command failed. The command returned a non-zero exit code 1.; 30844)
[2026-07-04T07:13:44.096+0000] {local_task_job_runner.py:240} INFO - Task exited with return code 1
[2026-07-04T07:13:44.116+0000] {taskinstance.py:3498} INFO - 0 downstream tasks scheduled from follow-on schedule check
[2026-07-04T07:13:44.117+0000] {local_task_job_runner.py:222} INFO - ::endgroup::
