[2026-07-12T05:32:23.796+0000] {local_task_job_runner.py:120} INFO - ::group::Pre task execution logs
[2026-07-12T05:32:23.819+0000] {taskinstance.py:2076} INFO - Dependencies all met for dep_context=non-requeueable deps ti=<TaskInstance: gold_dbt_dag.trigger_dbt_build dataset_triggered__2026-07-12T03:18:06.698680+00:00 [queued]>
[2026-07-12T05:32:23.823+0000] {taskinstance.py:2076} INFO - Dependencies all met for dep_context=requeueable deps ti=<TaskInstance: gold_dbt_dag.trigger_dbt_build dataset_triggered__2026-07-12T03:18:06.698680+00:00 [queued]>
[2026-07-12T05:32:23.824+0000] {taskinstance.py:2306} INFO - Starting attempt 2 of 2
[2026-07-12T05:32:23.830+0000] {taskinstance.py:2330} INFO - Executing <Task(BashOperator): trigger_dbt_build> on 2026-07-12 03:18:06.698680+00:00
[2026-07-12T05:32:23.842+0000] {standard_task_runner.py:90} INFO - Running: ['***', 'tasks', 'run', 'gold_dbt_dag', 'trigger_dbt_build', 'dataset_triggered__2026-07-12T03:18:06.698680+00:00', '--job-id', '96', '--raw', '--subdir', 'DAGS_FOLDER/dag_gold_dbt.py', '--cfg-path', '/tmp/tmpvd_nviwx']
[2026-07-12T05:32:23.846+0000] {logging_mixin.py:188} WARNING - /home/***/.local/lib/python3.12/site-packages/***/task/task_runner/standard_task_runner.py:61 DeprecationWarning: This process (pid=12243) is multi-threaded, use of fork() may lead to deadlocks in the child.
[2026-07-12T05:32:23.846+0000] {standard_task_runner.py:91} INFO - Job 96: Subtask trigger_dbt_build
[2026-07-12T05:32:23.847+0000] {standard_task_runner.py:63} INFO - Started process 12251 to run task
[2026-07-12T05:32:23.879+0000] {task_command.py:426} INFO - Running <TaskInstance: gold_dbt_dag.trigger_dbt_build dataset_triggered__2026-07-12T03:18:06.698680+00:00 [running]> on host ad4e12f53b08
[2026-07-12T05:32:23.942+0000] {taskinstance.py:2648} INFO - Exporting env vars: AIRFLOW_CTX_DAG_OWNER='data_engineer' AIRFLOW_CTX_DAG_ID='gold_dbt_dag' AIRFLOW_CTX_TASK_ID='trigger_dbt_build' AIRFLOW_CTX_EXECUTION_DATE='2026-07-12T03:18:06.698680+00:00' AIRFLOW_CTX_TRY_NUMBER='2' AIRFLOW_CTX_DAG_RUN_ID='dataset_triggered__2026-07-12T03:18:06.698680+00:00'
[2026-07-12T05:32:23.942+0000] {taskinstance.py:430} INFO - ::endgroup::
[2026-07-12T05:32:23.957+0000] {subprocess.py:63} INFO - Tmp dir root location: /tmp
[2026-07-12T05:32:23.958+0000] {subprocess.py:75} INFO - Running command: ['/usr/bin/bash', '-c', 'cd /opt/***/dbt && dbt build --profiles-dir . --target dev']
[2026-07-12T05:32:23.966+0000] {subprocess.py:86} INFO - Output:
[2026-07-12T05:32:25.290+0000] {subprocess.py:93} INFO - [0m05:32:25  Running with dbt=1.11.11
[2026-07-12T05:32:26.604+0000] {subprocess.py:93} INFO - [0m05:32:26  Registered adapter: bigquery=1.11.3
[2026-07-12T05:32:27.110+0000] {subprocess.py:93} INFO - [0m05:32:27  Found 6 models, 4 sources, 553 macros
[2026-07-12T05:32:27.114+0000] {subprocess.py:93} INFO - [0m05:32:27
[2026-07-12T05:32:27.115+0000] {subprocess.py:93} INFO - [0m05:32:27  Concurrency: 4 threads (target='dev')
[2026-07-12T05:32:27.119+0000] {subprocess.py:93} INFO - [0m05:32:27
[2026-07-12T05:32:28.696+0000] {subprocess.py:93} INFO - [0m05:32:28  1 of 6 START sql table model logistics_mart.dim_drivers ........................ [RUN]
[2026-07-12T05:32:28.697+0000] {subprocess.py:93} INFO - [0m05:32:28  2 of 6 START sql table model logistics_mart.dim_hubs ........................... [RUN]
[2026-07-12T05:32:28.697+0000] {subprocess.py:93} INFO - [0m05:32:28  3 of 6 START sql view model logistics_mart.stg_shipments ....................... [RUN]
[2026-07-12T05:32:28.699+0000] {subprocess.py:93} INFO - [0m05:32:28  4 of 6 START sql view model logistics_mart.stg_weather ......................... [RUN]
[2026-07-12T05:32:30.859+0000] {subprocess.py:93} INFO - [0m05:32:30  3 of 6 OK created sql view model logistics_mart.stg_shipments .................. [[32mCREATE VIEW (0 processed)[0m in 2.15s]
[2026-07-12T05:32:30.861+0000] {subprocess.py:93} INFO - [0m05:32:30  4 of 6 OK created sql view model logistics_mart.stg_weather .................... [[32mCREATE VIEW (0 processed)[0m in 2.15s]
[2026-07-12T05:32:30.867+0000] {subprocess.py:93} INFO - [0m05:32:30  5 of 6 START sql view model logistics_mart.stg_weather_consensus ............... [RUN]
[2026-07-12T05:32:32.004+0000] {subprocess.py:93} INFO - [0m05:32:32  1 of 6 ERROR creating sql table model logistics_mart.dim_drivers ............... [[31mERROR[0m in 3.30s]
[2026-07-12T05:32:33.937+0000] {subprocess.py:93} INFO - [0m05:32:33  5 of 6 OK created sql view model logistics_mart.stg_weather_consensus .......... [[32mCREATE VIEW (0 processed)[0m in 3.06s]
[2026-07-12T05:32:45.649+0000] {subprocess.py:93} INFO - [0m05:32:45  2 of 6 ERROR creating sql table model logistics_mart.dim_hubs .................. [[31mERROR[0m in 16.94s]
[2026-07-12T05:32:45.655+0000] {subprocess.py:93} INFO - [0m05:32:45  6 of 6 SKIP relation logistics_mart.fact_shipment_weather ...................... [[33mSKIP[0m]
[2026-07-12T05:32:45.694+0000] {subprocess.py:93} INFO - [0m05:32:45
[2026-07-12T05:32:45.694+0000] {subprocess.py:93} INFO - [0m05:32:45  Finished running 3 table models, 3 view models in 0 hours 0 minutes and 18.57 seconds (18.57s).
[2026-07-12T05:32:45.746+0000] {subprocess.py:93} INFO - [0m05:32:45
[2026-07-12T05:32:45.746+0000] {subprocess.py:93} INFO - [0m05:32:45  [31mCompleted with 2 errors, 0 partial successes, and 0 warnings:[0m
[2026-07-12T05:32:45.746+0000] {subprocess.py:93} INFO - [0m05:32:45
[2026-07-12T05:32:45.747+0000] {subprocess.py:93} INFO - [0m05:32:45  [31mFailure in model dim_drivers (models/mart/dim_drivers.sql)[0m
[2026-07-12T05:32:45.747+0000] {subprocess.py:93} INFO - [0m05:32:45    Database Error in model dim_drivers (models/mart/dim_drivers.sql)
[2026-07-12T05:32:45.747+0000] {subprocess.py:93} INFO -   ('Connection broken: IncompleteRead(889 bytes read, 82 more expected)', IncompleteRead(889 bytes read, 82 more expected))
[2026-07-12T05:32:45.747+0000] {subprocess.py:93} INFO -   compiled code at target/run/logistics_lakehouse/models/mart/dim_drivers.sql
[2026-07-12T05:32:45.747+0000] {subprocess.py:93} INFO - [0m05:32:45
[2026-07-12T05:32:45.748+0000] {subprocess.py:93} INFO - [0m05:32:45    compiled code at target/compiled/logistics_lakehouse/models/mart/dim_drivers.sql
[2026-07-12T05:32:45.748+0000] {subprocess.py:93} INFO - [0m05:32:45
[2026-07-12T05:32:45.748+0000] {subprocess.py:93} INFO - [0m05:32:45  [31mFailure in model dim_hubs (models/mart/dim_hubs.sql)[0m
[2026-07-12T05:32:45.748+0000] {subprocess.py:93} INFO - [0m05:32:45    Database Error in model dim_hubs (models/mart/dim_hubs.sql)
[2026-07-12T05:32:45.748+0000] {subprocess.py:93} INFO -   ('Connection aborted.', RemoteDisconnected('Remote end closed connection without response'))
[2026-07-12T05:32:45.749+0000] {subprocess.py:93} INFO -   compiled code at target/run/logistics_lakehouse/models/mart/dim_hubs.sql
[2026-07-12T05:32:45.749+0000] {subprocess.py:93} INFO - [0m05:32:45
[2026-07-12T05:32:45.749+0000] {subprocess.py:93} INFO - [0m05:32:45    compiled code at target/compiled/logistics_lakehouse/models/mart/dim_hubs.sql
[2026-07-12T05:32:45.749+0000] {subprocess.py:93} INFO - [0m05:32:45
[2026-07-12T05:32:45.749+0000] {subprocess.py:93} INFO - [0m05:32:45  Done. PASS=3 WARN=0 ERROR=2 SKIP=1 NO-OP=0 TOTAL=6
[2026-07-12T05:32:47.244+0000] {subprocess.py:97} INFO - Command exited with return code 1
[2026-07-12T05:32:47.246+0000] {taskinstance.py:441} INFO - ::group::Post task execution logs
[2026-07-12T05:32:47.260+0000] {taskinstance.py:2905} ERROR - Task failed with exception
Traceback (most recent call last):
  File "/home/airflow/.local/lib/python3.12/site-packages/airflow/models/taskinstance.py", line 465, in _execute_task
    result = _execute_callable(context=context, **execute_callable_kwargs)
             ^^^^^^^^^^^^^^^^^^^^^^^^^^^^^^^^^^^^^^^^^^^^^^^^^^^^^^^^^^^^^
  File "/home/airflow/.local/lib/python3.12/site-packages/airflow/models/taskinstance.py", line 432, in _execute_callable
    return execute_callable(context=context, **execute_callable_kwargs)
           ^^^^^^^^^^^^^^^^^^^^^^^^^^^^^^^^^^^^^^^^^^^^^^^^^^^^^^^^^^^^
  File "/home/airflow/.local/lib/python3.12/site-packages/airflow/models/baseoperator.py", line 400, in wrapper
    return func(self, *args, **kwargs)
           ^^^^^^^^^^^^^^^^^^^^^^^^^^^
  File "/home/airflow/.local/lib/python3.12/site-packages/airflow/operators/bash.py", line 243, in execute
    raise AirflowException(
airflow.exceptions.AirflowException: Bash command failed. The command returned a non-zero exit code 1.
[2026-07-12T05:32:47.264+0000] {taskinstance.py:1206} INFO - Marking task as FAILED. dag_id=gold_dbt_dag, task_id=trigger_dbt_build, run_id=dataset_triggered__2026-07-12T03:18:06.698680+00:00, execution_date=20260712T031806, start_date=20260712T053223, end_date=20260712T053247
[2026-07-12T05:32:47.274+0000] {standard_task_runner.py:110} ERROR - Failed to execute job 96 for task trigger_dbt_build (Bash command failed. The command returned a non-zero exit code 1.; 12251)
[2026-07-12T05:32:47.310+0000] {local_task_job_runner.py:240} INFO - Task exited with return code 1
[2026-07-12T05:32:47.322+0000] {taskinstance.py:3498} INFO - 0 downstream tasks scheduled from follow-on schedule check
[2026-07-12T05:32:47.323+0000] {local_task_job_runner.py:222} INFO - ::endgroup::
