[2026-07-12T03:18:07.495+0000] {local_task_job_runner.py:120} INFO - ::group::Pre task execution logs
[2026-07-12T03:18:07.529+0000] {taskinstance.py:2076} INFO - Dependencies all met for dep_context=non-requeueable deps ti=<TaskInstance: gold_dbt_dag.trigger_dbt_build dataset_triggered__2026-07-12T03:18:06.698680+00:00 [queued]>
[2026-07-12T03:18:07.533+0000] {taskinstance.py:2076} INFO - Dependencies all met for dep_context=requeueable deps ti=<TaskInstance: gold_dbt_dag.trigger_dbt_build dataset_triggered__2026-07-12T03:18:06.698680+00:00 [queued]>
[2026-07-12T03:18:07.533+0000] {taskinstance.py:2306} INFO - Starting attempt 1 of 2
[2026-07-12T03:18:07.538+0000] {taskinstance.py:2330} INFO - Executing <Task(BashOperator): trigger_dbt_build> on 2026-07-12 03:18:06.698680+00:00
[2026-07-12T03:18:07.543+0000] {standard_task_runner.py:90} INFO - Running: ['***', 'tasks', 'run', 'gold_dbt_dag', 'trigger_dbt_build', 'dataset_triggered__2026-07-12T03:18:06.698680+00:00', '--job-id', '88', '--raw', '--subdir', 'DAGS_FOLDER/dag_gold_dbt.py', '--cfg-path', '/tmp/tmpgf13n3iu']
[2026-07-12T03:18:07.545+0000] {logging_mixin.py:188} WARNING - /home/***/.local/lib/python3.12/site-packages/***/task/task_runner/standard_task_runner.py:61 DeprecationWarning: This process (pid=11556) is multi-threaded, use of fork() may lead to deadlocks in the child.
[2026-07-12T03:18:07.545+0000] {standard_task_runner.py:91} INFO - Job 88: Subtask trigger_dbt_build
[2026-07-12T03:18:07.546+0000] {standard_task_runner.py:63} INFO - Started process 11557 to run task
[2026-07-12T03:18:07.579+0000] {task_command.py:426} INFO - Running <TaskInstance: gold_dbt_dag.trigger_dbt_build dataset_triggered__2026-07-12T03:18:06.698680+00:00 [running]> on host ad4e12f53b08
[2026-07-12T03:18:07.623+0000] {taskinstance.py:2648} INFO - Exporting env vars: AIRFLOW_CTX_DAG_OWNER='data_engineer' AIRFLOW_CTX_DAG_ID='gold_dbt_dag' AIRFLOW_CTX_TASK_ID='trigger_dbt_build' AIRFLOW_CTX_EXECUTION_DATE='2026-07-12T03:18:06.698680+00:00' AIRFLOW_CTX_TRY_NUMBER='1' AIRFLOW_CTX_DAG_RUN_ID='dataset_triggered__2026-07-12T03:18:06.698680+00:00'
[2026-07-12T03:18:07.623+0000] {taskinstance.py:430} INFO - ::endgroup::
[2026-07-12T03:18:07.631+0000] {subprocess.py:63} INFO - Tmp dir root location: /tmp
[2026-07-12T03:18:07.632+0000] {subprocess.py:75} INFO - Running command: ['/usr/bin/bash', '-c', 'cd /opt/***/dbt && dbt build --profiles-dir . --target dev']
[2026-07-12T03:18:07.636+0000] {subprocess.py:86} INFO - Output:
[2026-07-12T03:18:08.705+0000] {subprocess.py:93} INFO - [0m03:18:08  Running with dbt=1.11.11
[2026-07-12T03:18:09.213+0000] {subprocess.py:93} INFO - [0m03:18:09  Registered adapter: bigquery=1.11.3
[2026-07-12T03:18:09.430+0000] {subprocess.py:93} INFO - [0m03:18:09  Found 6 models, 4 sources, 553 macros
[2026-07-12T03:18:09.431+0000] {subprocess.py:93} INFO - [0m03:18:09
[2026-07-12T03:18:09.431+0000] {subprocess.py:93} INFO - [0m03:18:09  Concurrency: 4 threads (target='dev')
[2026-07-12T03:18:09.432+0000] {subprocess.py:93} INFO - [0m03:18:09
[2026-07-12T03:18:12.068+0000] {subprocess.py:93} INFO - [0m03:18:12  1 of 6 START sql table model logistics_mart.dim_drivers ........................ [RUN]
[2026-07-12T03:18:12.070+0000] {subprocess.py:93} INFO - [0m03:18:12  2 of 6 START sql table model logistics_mart.dim_hubs ........................... [RUN]
[2026-07-12T03:18:12.071+0000] {subprocess.py:93} INFO - [0m03:18:12  3 of 6 START sql view model logistics_mart.stg_shipments ....................... [RUN]
[2026-07-12T03:18:12.071+0000] {subprocess.py:93} INFO - [0m03:18:12  4 of 6 START sql view model logistics_mart.stg_weather ......................... [RUN]
[2026-07-12T03:18:14.141+0000] {subprocess.py:93} INFO - [0m03:18:14  3 of 6 OK created sql view model logistics_mart.stg_shipments .................. [[32mCREATE VIEW (0 processed)[0m in 2.07s]
[2026-07-12T03:18:14.143+0000] {subprocess.py:93} INFO - [0m03:18:14  5 of 6 START sql view model logistics_mart.stg_weather_consensus ............... [RUN]
[2026-07-12T03:18:14.197+0000] {subprocess.py:93} INFO - [0m03:18:14  4 of 6 OK created sql view model logistics_mart.stg_weather .................... [[32mCREATE VIEW (0 processed)[0m in 2.12s]
[2026-07-12T03:18:14.198+0000] {subprocess.py:93} INFO - [0m03:18:14  BigQuery adapter: https://console.cloud.google.com/bigquery?project=logistics-500519&j=bq:US:c4db7283-4fd6-431e-9475-82b0a543e891&page=queryresults
[2026-07-12T03:18:14.209+0000] {subprocess.py:93} INFO - [0m03:18:14  1 of 6 ERROR creating sql table model logistics_mart.dim_drivers ............... [[31mERROR[0m in 2.14s]
[2026-07-12T03:18:14.233+0000] {subprocess.py:93} INFO - [0m03:18:14  BigQuery adapter: https://console.cloud.google.com/bigquery?project=logistics-500519&j=bq:US:8dbe4326-e94d-4b4d-84eb-efcfe8a893ab&page=queryresults
[2026-07-12T03:18:14.237+0000] {subprocess.py:93} INFO - [0m03:18:14  2 of 6 ERROR creating sql table model logistics_mart.dim_hubs .................. [[31mERROR[0m in 2.17s]
[2026-07-12T04:34:59.784+0000] {subprocess.py:93} INFO - [0m04:34:59  5 of 6 ERROR creating sql view model logistics_mart.stg_weather_consensus ...... [[31mERROR[0m in 4605.63s]
[2026-07-12T04:34:59.796+0000] {subprocess.py:93} INFO - [0m04:34:59  6 of 6 SKIP relation logistics_mart.fact_shipment_weather ...................... [[33mSKIP[0m]
[2026-07-12T04:34:59.874+0000] {subprocess.py:93} INFO - [0m04:34:59
[2026-07-12T04:34:59.879+0000] {subprocess.py:93} INFO - [0m04:34:59  Finished running 3 table models, 3 view models in 1 hours 16 minutes and 50.44 seconds (4610.44s).
[2026-07-12T04:34:59.970+0000] {subprocess.py:93} INFO - [0m04:34:59
[2026-07-12T04:34:59.973+0000] {subprocess.py:93} INFO - [0m04:34:59  [31mCompleted with 3 errors, 0 partial successes, and 0 warnings:[0m
[2026-07-12T04:34:59.975+0000] {subprocess.py:93} INFO - [0m04:34:59
[2026-07-12T04:34:59.976+0000] {subprocess.py:93} INFO - [0m04:34:59  [31mFailure in model dim_drivers (models/mart/dim_drivers.sql)[0m
[2026-07-12T04:34:59.978+0000] {subprocess.py:93} INFO - [0m04:34:59    Database Error in model dim_drivers (models/mart/dim_drivers.sql)
[2026-07-12T04:34:59.979+0000] {subprocess.py:93} INFO -   Unrecognized name: is_current at [24:7]
[2026-07-12T04:34:59.979+0000] {subprocess.py:93} INFO -   compiled code at target/run/logistics_lakehouse/models/mart/dim_drivers.sql
[2026-07-12T04:34:59.981+0000] {subprocess.py:93} INFO - [0m04:34:59
[2026-07-12T04:34:59.982+0000] {subprocess.py:93} INFO - [0m04:34:59    compiled code at target/compiled/logistics_lakehouse/models/mart/dim_drivers.sql
[2026-07-12T04:34:59.986+0000] {subprocess.py:93} INFO - [0m04:34:59
[2026-07-12T04:34:59.988+0000] {subprocess.py:93} INFO - [0m04:34:59  [31mFailure in model dim_hubs (models/mart/dim_hubs.sql)[0m
[2026-07-12T04:34:59.989+0000] {subprocess.py:93} INFO - [0m04:34:59    Database Error in model dim_hubs (models/mart/dim_hubs.sql)
[2026-07-12T04:34:59.989+0000] {subprocess.py:93} INFO -   Unrecognized name: is_current at [24:7]
[2026-07-12T04:34:59.990+0000] {subprocess.py:93} INFO -   compiled code at target/run/logistics_lakehouse/models/mart/dim_hubs.sql
[2026-07-12T04:34:59.991+0000] {subprocess.py:93} INFO - [0m04:34:59
[2026-07-12T04:34:59.992+0000] {subprocess.py:93} INFO - [0m04:34:59    compiled code at target/compiled/logistics_lakehouse/models/mart/dim_hubs.sql
[2026-07-12T04:34:59.992+0000] {subprocess.py:93} INFO - [0m04:34:59
[2026-07-12T04:34:59.993+0000] {subprocess.py:93} INFO - [0m04:34:59  [31mFailure in model stg_weather_consensus (models/staging/stg_weather_consensus.sql)[0m
[2026-07-12T04:34:59.994+0000] {subprocess.py:93} INFO - [0m04:34:59    Database Error in model stg_weather_consensus (models/staging/stg_weather_consensus.sql)
[2026-07-12T04:34:59.994+0000] {subprocess.py:93} INFO -   ('Connection aborted.', RemoteDisconnected('Remote end closed connection without response'))
[2026-07-12T04:34:59.995+0000] {subprocess.py:93} INFO -   compiled code at target/run/logistics_lakehouse/models/staging/stg_weather_consensus.sql
[2026-07-12T04:34:59.997+0000] {subprocess.py:93} INFO - [0m04:34:59
[2026-07-12T04:34:59.998+0000] {subprocess.py:93} INFO - [0m04:34:59    compiled code at target/compiled/logistics_lakehouse/models/staging/stg_weather_consensus.sql
[2026-07-12T04:35:00.000+0000] {subprocess.py:93} INFO - [0m04:34:59
[2026-07-12T04:35:00.000+0000] {subprocess.py:93} INFO - [0m04:35:00  Done. PASS=2 WARN=0 ERROR=3 SKIP=1 NO-OP=0 TOTAL=6
[2026-07-12T04:35:02.178+0000] {subprocess.py:97} INFO - Command exited with return code 1
[2026-07-12T04:35:02.189+0000] {taskinstance.py:441} INFO - ::group::Post task execution logs
[2026-07-12T04:35:02.247+0000] {taskinstance.py:2905} ERROR - Task failed with exception
Traceback (most recent call last):
  File "/home/airflow/.local/lib/python3.12/site-packages/airflow/models/taskinstance.py", line 465, in _execute_task
    result = _execute_callable(context=context, **execute_callable_kwargs)
             ^^^^^^^^^^^^^^^^^^^^^^^^^^^^^^^^^^^^^^^^^^^^^^^^^^^^^^^^^^^^^
  File "/home/airflow/.local/lib/python3.12/site-packages/airflow/models/taskinstance.py", line 432, in _execute_callable
    return execute_callable(context=context, **execute_callable_kwargs)
           ^^^^^^^^^^^^^^^^^^^^^^^^^^^^^^^^^^^^^^^^^^^^^^^^^^^^^^^^^^^^
  File "/home/airflow/.local/lib/python3.12/site-packages/airflow/models/baseoperator.py", line 400, in wrapper
    return func(self, *args, **kwargs)
           ^^^^^^^^^^^^^^^^^^^^^^^^^^^
  File "/home/airflow/.local/lib/python3.12/site-packages/airflow/operators/bash.py", line 243, in execute
    raise AirflowException(
airflow.exceptions.AirflowException: Bash command failed. The command returned a non-zero exit code 1.
[2026-07-12T04:35:02.256+0000] {taskinstance.py:1206} INFO - Marking task as UP_FOR_RETRY. dag_id=gold_dbt_dag, task_id=trigger_dbt_build, run_id=dataset_triggered__2026-07-12T03:18:06.698680+00:00, execution_date=20260712T031806, start_date=20260712T031807, end_date=20260712T043502
[2026-07-12T04:35:02.275+0000] {standard_task_runner.py:110} ERROR - Failed to execute job 88 for task trigger_dbt_build (Bash command failed. The command returned a non-zero exit code 1.; 11557)
[2026-07-12T04:35:02.320+0000] {local_task_job_runner.py:240} INFO - Task exited with return code 1
[2026-07-12T04:35:02.348+0000] {taskinstance.py:3498} INFO - 0 downstream tasks scheduled from follow-on schedule check
[2026-07-12T04:35:02.349+0000] {local_task_job_runner.py:222} INFO - ::endgroup::
