[2026-06-29T03:38:17.624+0000] {local_task_job_runner.py:120} INFO - ::group::Pre task execution logs
[2026-06-29T03:38:17.644+0000] {taskinstance.py:2076} INFO - Dependencies all met for dep_context=non-requeueable deps ti=<TaskInstance: dag_shipment_sim.generate_data scheduled__2026-06-29T02:00:00+00:00 [queued]>
[2026-06-29T03:38:17.648+0000] {taskinstance.py:2076} INFO - Dependencies all met for dep_context=requeueable deps ti=<TaskInstance: dag_shipment_sim.generate_data scheduled__2026-06-29T02:00:00+00:00 [queued]>
[2026-06-29T03:38:17.648+0000] {taskinstance.py:2306} INFO - Starting attempt 1 of 1
[2026-06-29T03:38:17.653+0000] {taskinstance.py:2330} INFO - Executing <Task(PythonOperator): generate_data> on 2026-06-29 02:00:00+00:00
[2026-06-29T03:38:17.659+0000] {standard_task_runner.py:90} INFO - Running: ['***', 'tasks', 'run', 'dag_shipment_sim', 'generate_data', 'scheduled__2026-06-29T02:00:00+00:00', '--job-id', '2', '--raw', '--subdir', 'DAGS_FOLDER/dag_shipment_sim.py', '--cfg-path', '/tmp/tmpk8_o4rog']
[2026-06-29T03:38:17.661+0000] {standard_task_runner.py:91} INFO - Job 2: Subtask generate_data
[2026-06-29T03:38:17.661+0000] {logging_mixin.py:188} WARNING - /home/***/.local/lib/python3.12/site-packages/***/task/task_runner/standard_task_runner.py:61 DeprecationWarning: This process (pid=211) is multi-threaded, use of fork() may lead to deadlocks in the child.
[2026-06-29T03:38:17.661+0000] {standard_task_runner.py:63} INFO - Started process 212 to run task
[2026-06-29T03:38:17.701+0000] {task_command.py:426} INFO - Running <TaskInstance: dag_shipment_sim.generate_data scheduled__2026-06-29T02:00:00+00:00 [running]> on host 3fb47717e929
[2026-06-29T03:38:17.747+0000] {taskinstance.py:2648} INFO - Exporting env vars: AIRFLOW_CTX_DAG_OWNER='***' AIRFLOW_CTX_DAG_ID='dag_shipment_sim' AIRFLOW_CTX_TASK_ID='generate_data' AIRFLOW_CTX_EXECUTION_DATE='2026-06-29T02:00:00+00:00' AIRFLOW_CTX_TRY_NUMBER='1' AIRFLOW_CTX_DAG_RUN_ID='scheduled__2026-06-29T02:00:00+00:00'
[2026-06-29T03:38:17.747+0000] {taskinstance.py:430} INFO - ::endgroup::
[2026-06-29T03:38:17.829+0000] {taskinstance.py:441} INFO - ::group::Post task execution logs
[2026-06-29T03:38:17.830+0000] {taskinstance.py:2905} ERROR - Task failed with exception
Traceback (most recent call last):
  File "/home/airflow/.local/lib/python3.12/site-packages/airflow/models/taskinstance.py", line 465, in _execute_task
    result = _execute_callable(context=context, **execute_callable_kwargs)
             ^^^^^^^^^^^^^^^^^^^^^^^^^^^^^^^^^^^^^^^^^^^^^^^^^^^^^^^^^^^^^
  File "/home/airflow/.local/lib/python3.12/site-packages/airflow/models/taskinstance.py", line 432, in _execute_callable
    return execute_callable(context=context, **execute_callable_kwargs)
           ^^^^^^^^^^^^^^^^^^^^^^^^^^^^^^^^^^^^^^^^^^^^^^^^^^^^^^^^^^^^
  File "/home/airflow/.local/lib/python3.12/site-packages/airflow/models/baseoperator.py", line 400, in wrapper
    return func(self, *args, **kwargs)
           ^^^^^^^^^^^^^^^^^^^^^^^^^^^
  File "/home/airflow/.local/lib/python3.12/site-packages/airflow/operators/python.py", line 235, in execute
    return_value = self.execute_callable()
                   ^^^^^^^^^^^^^^^^^^^^^^^
  File "/home/airflow/.local/lib/python3.12/site-packages/airflow/operators/python.py", line 252, in execute_callable
    return self.python_callable(*self.op_args, **self.op_kwargs)
           ^^^^^^^^^^^^^^^^^^^^^^^^^^^^^^^^^^^^^^^^^^^^^^^^^^^^^
  File "/opt/airflow/dags/dag_shipment_sim.py", line 10, in generate_fake_data
    conn = psycopg2.connect(
           ^^^^^^^^^^^^^^^^^
  File "/home/airflow/.local/lib/python3.12/site-packages/psycopg2/__init__.py", line 122, in connect
    conn = _connect(dsn, connection_factory=connection_factory, **kwasync)
           ^^^^^^^^^^^^^^^^^^^^^^^^^^^^^^^^^^^^^^^^^^^^^^^^^^^^^^^^^^^^^^^
psycopg2.OperationalError: could not translate host name "postgres" to address: Name or service not known

[2026-06-29T03:38:17.835+0000] {taskinstance.py:1206} INFO - Marking task as FAILED. dag_id=dag_shipment_sim, task_id=generate_data, run_id=scheduled__2026-06-29T02:00:00+00:00, execution_date=20260629T020000, start_date=20260629T033817, end_date=20260629T033817
[2026-06-29T03:38:17.839+0000] {standard_task_runner.py:110} ERROR - Failed to execute job 2 for task generate_data (could not translate host name "postgres" to address: Name or service not known
; 212)
[2026-06-29T03:38:17.847+0000] {local_task_job_runner.py:240} INFO - Task exited with return code 1
[2026-06-29T03:38:17.855+0000] {taskinstance.py:3498} INFO - 0 downstream tasks scheduled from follow-on schedule check
[2026-06-29T03:38:17.856+0000] {local_task_job_runner.py:222} INFO - ::endgroup::
