[2026-07-01T12:30:55.956+0000] {local_task_job_runner.py:120} INFO - ::group::Pre task execution logs
[2026-07-01T12:30:55.989+0000] {taskinstance.py:2076} INFO - Dependencies all met for dep_context=non-requeueable deps ti=<TaskInstance: gold_dbt_dag.trigger_dbt_build dataset_triggered__2026-07-01T12:30:55.019636+00:00 [queued]>
[2026-07-01T12:30:55.993+0000] {taskinstance.py:2076} INFO - Dependencies all met for dep_context=requeueable deps ti=<TaskInstance: gold_dbt_dag.trigger_dbt_build dataset_triggered__2026-07-01T12:30:55.019636+00:00 [queued]>
[2026-07-01T12:30:55.994+0000] {taskinstance.py:2306} INFO - Starting attempt 1 of 2
[2026-07-01T12:30:55.999+0000] {taskinstance.py:2330} INFO - Executing <Task(BashOperator): trigger_dbt_build> on 2026-07-01 12:30:55.019636+00:00
[2026-07-01T12:30:56.007+0000] {logging_mixin.py:188} WARNING - /home/***/.local/lib/python3.12/site-packages/***/task/task_runner/standard_task_runner.py:61 DeprecationWarning: This process (pid=11814) is multi-threaded, use of fork() may lead to deadlocks in the child.
[2026-07-01T12:30:56.008+0000] {standard_task_runner.py:63} INFO - Started process 11815 to run task
[2026-07-01T12:30:56.008+0000] {standard_task_runner.py:90} INFO - Running: ['***', 'tasks', 'run', 'gold_dbt_dag', 'trigger_dbt_build', 'dataset_triggered__2026-07-01T12:30:55.019636+00:00', '--job-id', '68', '--raw', '--subdir', 'DAGS_FOLDER/dag_gold_dbt.py', '--cfg-path', '/tmp/tmpn7_w3kye']
[2026-07-01T12:30:56.010+0000] {standard_task_runner.py:91} INFO - Job 68: Subtask trigger_dbt_build
[2026-07-01T12:30:56.055+0000] {task_command.py:426} INFO - Running <TaskInstance: gold_dbt_dag.trigger_dbt_build dataset_triggered__2026-07-01T12:30:55.019636+00:00 [running]> on host bd23e89d97be
[2026-07-01T12:30:56.097+0000] {taskinstance.py:2648} INFO - Exporting env vars: AIRFLOW_CTX_DAG_OWNER='data_engineer' AIRFLOW_CTX_DAG_ID='gold_dbt_dag' AIRFLOW_CTX_TASK_ID='trigger_dbt_build' AIRFLOW_CTX_EXECUTION_DATE='2026-07-01T12:30:55.019636+00:00' AIRFLOW_CTX_TRY_NUMBER='1' AIRFLOW_CTX_DAG_RUN_ID='dataset_triggered__2026-07-01T12:30:55.019636+00:00'
[2026-07-01T12:30:56.097+0000] {taskinstance.py:430} INFO - ::endgroup::
[2026-07-01T12:30:56.107+0000] {subprocess.py:63} INFO - Tmp dir root location: /tmp
[2026-07-01T12:30:56.108+0000] {subprocess.py:75} INFO - Running command: ['/usr/bin/bash', '-c', 'cd /opt/***/dbt && dbt build --profiles-dir . --target dev']
[2026-07-01T12:30:56.112+0000] {subprocess.py:86} INFO - Output:
[2026-07-01T12:30:57.491+0000] {subprocess.py:93} INFO - [0m12:30:57  Running with dbt=1.11.11
[2026-07-01T12:30:59.128+0000] {subprocess.py:93} INFO - [0m12:30:59  Registered adapter: bigquery=1.11.3
[2026-07-01T12:30:59.464+0000] {subprocess.py:93} INFO - [0m12:30:59  Found 5 models, 4 sources, 553 macros
[2026-07-01T12:30:59.466+0000] {subprocess.py:93} INFO - [0m12:30:59
[2026-07-01T12:30:59.466+0000] {subprocess.py:93} INFO - [0m12:30:59  Concurrency: 4 threads (target='dev')
[2026-07-01T12:30:59.467+0000] {subprocess.py:93} INFO - [0m12:30:59
[2026-07-01T12:31:01.368+0000] {subprocess.py:93} INFO - [0m12:31:01  1 of 5 START sql table model logistics_mart.dim_drivers ........................ [RUN]
[2026-07-01T12:31:01.368+0000] {subprocess.py:93} INFO - [0m12:31:01  2 of 5 START sql table model logistics_mart.dim_hubs ........................... [RUN]
[2026-07-01T12:31:01.369+0000] {subprocess.py:93} INFO - [0m12:31:01  3 of 5 START sql view model logistics_mart.stg_shipments ....................... [RUN]
[2026-07-01T12:31:01.369+0000] {subprocess.py:93} INFO - [0m12:31:01  4 of 5 START sql view model logistics_mart.stg_weather ......................... [RUN]
[2026-07-01T12:31:04.458+0000] {subprocess.py:93} INFO - [0m12:31:04  3 of 5 OK created sql view model logistics_mart.stg_shipments .................. [[32mCREATE VIEW (0 processed)[0m in 3.08s]
[2026-07-01T12:31:04.465+0000] {subprocess.py:93} INFO - [0m12:31:04  4 of 5 OK created sql view model logistics_mart.stg_weather .................... [[32mCREATE VIEW (0 processed)[0m in 3.08s]
[2026-07-01T12:31:06.165+0000] {subprocess.py:93} INFO - [0m12:31:06  2 of 5 OK created sql table model logistics_mart.dim_hubs ...................... [[32mCREATE TABLE (3.0 rows, 149.0 Bytes processed)[0m in 4.53s]
[2026-07-01T12:31:06.910+0000] {subprocess.py:93} INFO - [0m12:31:06  5 of 5 START sql table model logistics_mart.fact_shipment_weather .............. [RUN]
[2026-07-01T12:31:06.929+0000] {subprocess.py:93} INFO - [0m12:31:06  1 of 5 OK created sql table model logistics_mart.dim_drivers ................... [[32mCREATE TABLE (3.0 rows, 108.0 Bytes processed)[0m in 5.34s]
[2026-07-01T12:57:59.309+0000] {local_task_job_runner.py:214} ERROR - Heartbeat time limit exceeded!
[2026-07-01T12:57:59.394+0000] {local_task_job_runner.py:222} INFO - ::endgroup::
[2026-07-01T12:57:59.479+0000] {process_utils.py:132} INFO - Sending 15 to group 11815. PIDs of all processes in the group: [11816, 11830, 11815]
[2026-07-01T12:57:59.497+0000] {process_utils.py:87} INFO - Sending the signal 15 to group 11815
[2026-07-01T12:57:59.518+0000] {taskinstance.py:2611} ERROR - Received SIGTERM. Terminating subprocesses.
[2026-07-01T12:57:59.537+0000] {subprocess.py:104} INFO - Sending SIGTERM signal to process group
[2026-07-01T12:57:59.625+0000] {taskinstance.py:441} INFO - ::group::Post task execution logs
[2026-07-01T12:57:59.981+0000] {process_utils.py:80} INFO - Process psutil.Process(pid=11830, status='terminated', started='12:30:58') (11830) terminated with exit code None
[2026-07-01T12:58:00.141+0000] {taskinstance.py:2905} ERROR - Task failed with exception
Traceback (most recent call last):
  File "/home/airflow/.local/lib/python3.12/site-packages/airflow/models/taskinstance.py", line 465, in _execute_task
    result = _execute_callable(context=context, **execute_callable_kwargs)
             ^^^^^^^^^^^^^^^^^^^^^^^^^^^^^^^^^^^^^^^^^^^^^^^^^^^^^^^^^^^^^
  File "/home/airflow/.local/lib/python3.12/site-packages/airflow/models/taskinstance.py", line 432, in _execute_callable
    return execute_callable(context=context, **execute_callable_kwargs)
           ^^^^^^^^^^^^^^^^^^^^^^^^^^^^^^^^^^^^^^^^^^^^^^^^^^^^^^^^^^^^
  File "/home/airflow/.local/lib/python3.12/site-packages/airflow/models/baseoperator.py", line 400, in wrapper
    return func(self, *args, **kwargs)
           ^^^^^^^^^^^^^^^^^^^^^^^^^^^
  File "/home/airflow/.local/lib/python3.12/site-packages/airflow/operators/bash.py", line 234, in execute
    result = self.subprocess_hook.run_command(
             ^^^^^^^^^^^^^^^^^^^^^^^^^^^^^^^^^
  File "/home/airflow/.local/lib/python3.12/site-packages/airflow/hooks/subprocess.py", line 91, in run_command
    for raw_line in iter(self.sub_process.stdout.readline, b""):
  File "/home/airflow/.local/lib/python3.12/site-packages/airflow/models/taskinstance.py", line 2613, in signal_handler
    raise AirflowTaskTerminated("Task received SIGTERM signal")
airflow.exceptions.AirflowTaskTerminated: Task received SIGTERM signal
[2026-07-01T12:58:00.223+0000] {taskinstance.py:1206} INFO - Marking task as UP_FOR_RETRY. dag_id=gold_dbt_dag, task_id=trigger_dbt_build, run_id=dataset_triggered__2026-07-01T12:30:55.019636+00:00, execution_date=20260701T123055, start_date=20260701T123055, end_date=20260701T125800
[2026-07-01T12:58:00.454+0000] {process_utils.py:80} INFO - Process psutil.Process(pid=11815, status='terminated', exitcode=2, started='12:30:55') (11815) terminated with exit code 2
[2026-07-01T12:58:00.460+0000] {process_utils.py:80} INFO - Process psutil.Process(pid=11816, status='terminated', started='12:30:55') (11816) terminated with exit code None
