[2026-07-02T20:03:46.687+0000] {local_task_job_runner.py:120} INFO - ::group::Pre task execution logs
[2026-07-02T20:03:46.706+0000] {taskinstance.py:2076} INFO - Dependencies all met for dep_context=non-requeueable deps ti=<TaskInstance: gold_dbt_dag.trigger_dbt_build dataset_triggered__2026-07-02T20:03:45.878025+00:00 [queued]>
[2026-07-02T20:03:46.709+0000] {taskinstance.py:2076} INFO - Dependencies all met for dep_context=requeueable deps ti=<TaskInstance: gold_dbt_dag.trigger_dbt_build dataset_triggered__2026-07-02T20:03:45.878025+00:00 [queued]>
[2026-07-02T20:03:46.709+0000] {taskinstance.py:2306} INFO - Starting attempt 1 of 2
[2026-07-02T20:03:46.713+0000] {taskinstance.py:2330} INFO - Executing <Task(BashOperator): trigger_dbt_build> on 2026-07-02 20:03:45.878025+00:00
[2026-07-02T20:03:46.717+0000] {standard_task_runner.py:90} INFO - Running: ['***', 'tasks', 'run', 'gold_dbt_dag', 'trigger_dbt_build', 'dataset_triggered__2026-07-02T20:03:45.878025+00:00', '--job-id', '288', '--raw', '--subdir', 'DAGS_FOLDER/dag_gold_dbt.py', '--cfg-path', '/tmp/tmp40bpgf_c']
[2026-07-02T20:03:46.719+0000] {standard_task_runner.py:91} INFO - Job 288: Subtask trigger_dbt_build
[2026-07-02T20:03:46.719+0000] {logging_mixin.py:188} WARNING - /home/***/.local/lib/python3.12/site-packages/***/task/task_runner/standard_task_runner.py:61 DeprecationWarning: This process (pid=89816) is multi-threaded, use of fork() may lead to deadlocks in the child.
[2026-07-02T20:03:46.720+0000] {standard_task_runner.py:63} INFO - Started process 89817 to run task
[2026-07-02T20:03:46.748+0000] {task_command.py:426} INFO - Running <TaskInstance: gold_dbt_dag.trigger_dbt_build dataset_triggered__2026-07-02T20:03:45.878025+00:00 [running]> on host bd23e89d97be
[2026-07-02T20:03:46.783+0000] {taskinstance.py:2648} INFO - Exporting env vars: AIRFLOW_CTX_DAG_OWNER='data_engineer' AIRFLOW_CTX_DAG_ID='gold_dbt_dag' AIRFLOW_CTX_TASK_ID='trigger_dbt_build' AIRFLOW_CTX_EXECUTION_DATE='2026-07-02T20:03:45.878025+00:00' AIRFLOW_CTX_TRY_NUMBER='1' AIRFLOW_CTX_DAG_RUN_ID='dataset_triggered__2026-07-02T20:03:45.878025+00:00'
[2026-07-02T20:03:46.784+0000] {taskinstance.py:430} INFO - ::endgroup::
[2026-07-02T20:03:46.797+0000] {subprocess.py:63} INFO - Tmp dir root location: /tmp
[2026-07-02T20:03:46.797+0000] {subprocess.py:75} INFO - Running command: ['/usr/bin/bash', '-c', 'cd /opt/***/dbt && dbt build --profiles-dir . --target dev']
[2026-07-02T20:03:46.801+0000] {subprocess.py:86} INFO - Output:
[2026-07-02T20:03:47.816+0000] {subprocess.py:93} INFO - [0m20:03:47  Running with dbt=1.11.11
[2026-07-02T20:03:48.262+0000] {subprocess.py:93} INFO - [0m20:03:48  Registered adapter: bigquery=1.11.3
[2026-07-02T20:03:48.467+0000] {subprocess.py:93} INFO - [0m20:03:48  Found 5 models, 4 sources, 553 macros
[2026-07-02T20:03:48.468+0000] {subprocess.py:93} INFO - [0m20:03:48
[2026-07-02T20:03:48.468+0000] {subprocess.py:93} INFO - [0m20:03:48  Concurrency: 4 threads (target='dev')
[2026-07-02T20:03:48.468+0000] {subprocess.py:93} INFO - [0m20:03:48
[2026-07-02T20:03:49.980+0000] {subprocess.py:93} INFO - [0m20:03:49  1 of 5 START sql table model logistics_mart.dim_drivers ........................ [RUN]
[2026-07-02T20:03:49.980+0000] {subprocess.py:93} INFO - [0m20:03:49  2 of 5 START sql table model logistics_mart.dim_hubs ........................... [RUN]
[2026-07-02T20:03:49.981+0000] {subprocess.py:93} INFO - [0m20:03:49  3 of 5 START sql view model logistics_mart.stg_shipments ....................... [RUN]
[2026-07-02T20:03:49.981+0000] {subprocess.py:93} INFO - [0m20:03:49  4 of 5 START sql view model logistics_mart.stg_weather ......................... [RUN]
[2026-07-02T20:03:52.110+0000] {subprocess.py:93} INFO - [0m20:03:52  3 of 5 OK created sql view model logistics_mart.stg_shipments .................. [[32mCREATE VIEW (0 processed)[0m in 2.12s]
[2026-07-02T20:03:52.110+0000] {subprocess.py:93} INFO - [0m20:03:52  4 of 5 OK created sql view model logistics_mart.stg_weather .................... [[32mCREATE VIEW (0 processed)[0m in 2.13s]
[2026-07-02T20:03:53.821+0000] {subprocess.py:93} INFO - [0m20:03:53  1 of 5 OK created sql table model logistics_mart.dim_drivers ................... [[32mCREATE TABLE (3.0 rows, 108.0 Bytes processed)[0m in 3.84s]
[2026-07-02T20:03:54.112+0000] {subprocess.py:93} INFO - [0m20:03:54  2 of 5 OK created sql table model logistics_mart.dim_hubs ...................... [[32mCREATE TABLE (3.0 rows, 149.0 Bytes processed)[0m in 4.13s]
[2026-07-02T20:03:54.116+0000] {subprocess.py:93} INFO - [0m20:03:54  5 of 5 START sql table model logistics_mart.fact_shipment_weather .............. [RUN]
[2026-07-02T20:03:59.058+0000] {subprocess.py:93} INFO - [0m20:03:59  5 of 5 OK created sql table model logistics_mart.fact_shipment_weather ......... [[32mCREATE TABLE (302.0 rows, 19.5 KiB processed)[0m in 4.94s]
[2026-07-02T20:03:59.109+0000] {subprocess.py:93} INFO - [0m20:03:59
[2026-07-02T20:03:59.109+0000] {subprocess.py:93} INFO - [0m20:03:59  Finished running 3 table models, 2 view models in 0 hours 0 minutes and 10.64 seconds (10.64s).
[2026-07-02T20:03:59.138+0000] {subprocess.py:93} INFO - [0m20:03:59
[2026-07-02T20:03:59.138+0000] {subprocess.py:93} INFO - [0m20:03:59  [32mCompleted successfully[0m
[2026-07-02T20:03:59.139+0000] {subprocess.py:93} INFO - [0m20:03:59
[2026-07-02T20:03:59.139+0000] {subprocess.py:93} INFO - [0m20:03:59  Done. PASS=5 WARN=0 ERROR=0 SKIP=0 NO-OP=0 TOTAL=5
[2026-07-02T20:04:00.894+0000] {subprocess.py:97} INFO - Command exited with return code 0
[2026-07-02T20:04:00.895+0000] {taskinstance.py:441} INFO - ::group::Post task execution logs
[2026-07-02T20:04:00.905+0000] {taskinstance.py:1206} INFO - Marking task as SUCCESS. dag_id=gold_dbt_dag, task_id=trigger_dbt_build, run_id=dataset_triggered__2026-07-02T20:03:45.878025+00:00, execution_date=20260702T200345, start_date=20260702T200346, end_date=20260702T200400
[2026-07-02T20:04:00.915+0000] {local_task_job_runner.py:240} INFO - Task exited with return code 0
[2026-07-02T20:04:00.921+0000] {taskinstance.py:3498} INFO - 0 downstream tasks scheduled from follow-on schedule check
[2026-07-02T20:04:00.921+0000] {local_task_job_runner.py:222} INFO - ::endgroup::
