[2026-07-13T03:00:27.714+0000] {local_task_job_runner.py:120} INFO - ::group::Pre task execution logs
[2026-07-13T03:00:27.739+0000] {taskinstance.py:2076} INFO - Dependencies all met for dep_context=non-requeueable deps ti=<TaskInstance: gold_dbt_dag.trigger_dbt_build dataset_triggered__2026-07-13T03:00:27.059750+00:00 [queued]>
[2026-07-13T03:00:27.743+0000] {taskinstance.py:2076} INFO - Dependencies all met for dep_context=requeueable deps ti=<TaskInstance: gold_dbt_dag.trigger_dbt_build dataset_triggered__2026-07-13T03:00:27.059750+00:00 [queued]>
[2026-07-13T03:00:27.743+0000] {taskinstance.py:2306} INFO - Starting attempt 1 of 2
[2026-07-13T03:00:27.749+0000] {taskinstance.py:2330} INFO - Executing <Task(BashOperator): trigger_dbt_build> on 2026-07-13 03:00:27.059750+00:00
[2026-07-13T03:00:27.754+0000] {standard_task_runner.py:90} INFO - Running: ['***', 'tasks', 'run', 'gold_dbt_dag', 'trigger_dbt_build', 'dataset_triggered__2026-07-13T03:00:27.059750+00:00', '--job-id', '296', '--raw', '--subdir', 'DAGS_FOLDER/dag_gold_dbt.py', '--cfg-path', '/tmp/tmpkfx5j_dc']
[2026-07-13T03:00:27.757+0000] {standard_task_runner.py:91} INFO - Job 296: Subtask trigger_dbt_build
[2026-07-13T03:00:27.756+0000] {logging_mixin.py:188} WARNING - /home/***/.local/lib/python3.12/site-packages/***/task/task_runner/standard_task_runner.py:61 DeprecationWarning: This process (pid=52180) is multi-threaded, use of fork() may lead to deadlocks in the child.
[2026-07-13T03:00:27.757+0000] {standard_task_runner.py:63} INFO - Started process 52181 to run task
[2026-07-13T03:00:27.785+0000] {task_command.py:426} INFO - Running <TaskInstance: gold_dbt_dag.trigger_dbt_build dataset_triggered__2026-07-13T03:00:27.059750+00:00 [running]> on host ad4e12f53b08
[2026-07-13T03:00:27.847+0000] {taskinstance.py:2648} INFO - Exporting env vars: AIRFLOW_CTX_DAG_OWNER='data_engineer' AIRFLOW_CTX_DAG_ID='gold_dbt_dag' AIRFLOW_CTX_TASK_ID='trigger_dbt_build' AIRFLOW_CTX_EXECUTION_DATE='2026-07-13T03:00:27.059750+00:00' AIRFLOW_CTX_TRY_NUMBER='1' AIRFLOW_CTX_DAG_RUN_ID='dataset_triggered__2026-07-13T03:00:27.059750+00:00'
[2026-07-13T03:00:27.848+0000] {taskinstance.py:430} INFO - ::endgroup::
[2026-07-13T03:00:27.861+0000] {subprocess.py:63} INFO - Tmp dir root location: /tmp
[2026-07-13T03:00:27.864+0000] {subprocess.py:75} INFO - Running command: ['/usr/bin/bash', '-c', 'cd /opt/***/dbt && dbt build --profiles-dir . --target dev']
[2026-07-13T03:00:27.872+0000] {subprocess.py:86} INFO - Output:
[2026-07-13T03:00:29.085+0000] {subprocess.py:93} INFO - [0m03:00:29  Running with dbt=1.11.11
[2026-07-13T03:00:29.579+0000] {subprocess.py:93} INFO - [0m03:00:29  Registered adapter: bigquery=1.11.3
[2026-07-13T03:00:29.821+0000] {subprocess.py:93} INFO - [0m03:00:29  Found 6 models, 4 sources, 553 macros
[2026-07-13T03:00:29.823+0000] {subprocess.py:93} INFO - [0m03:00:29
[2026-07-13T03:00:29.823+0000] {subprocess.py:93} INFO - [0m03:00:29  Concurrency: 4 threads (target='dev')
[2026-07-13T03:00:29.823+0000] {subprocess.py:93} INFO - [0m03:00:29
[2026-07-13T03:00:31.592+0000] {subprocess.py:93} INFO - [0m03:00:31  1 of 6 START sql table model logistics_mart.dim_drivers ........................ [RUN]
[2026-07-13T03:00:31.594+0000] {subprocess.py:93} INFO - [0m03:00:31  2 of 6 START sql table model logistics_mart.dim_hubs ........................... [RUN]
[2026-07-13T03:00:31.594+0000] {subprocess.py:93} INFO - [0m03:00:31  3 of 6 START sql view model logistics_mart.stg_shipments ....................... [RUN]
[2026-07-13T03:00:31.594+0000] {subprocess.py:93} INFO - [0m03:00:31  4 of 6 START sql view model logistics_mart.stg_weather ......................... [RUN]
[2026-07-13T03:00:33.569+0000] {subprocess.py:93} INFO - [0m03:00:33  4 of 6 OK created sql view model logistics_mart.stg_weather .................... [[32mCREATE VIEW (0 processed)[0m in 1.97s]
[2026-07-13T03:00:33.570+0000] {subprocess.py:93} INFO - [0m03:00:33  3 of 6 OK created sql view model logistics_mart.stg_shipments .................. [[32mCREATE VIEW (0 processed)[0m in 1.97s]
[2026-07-13T03:00:33.572+0000] {subprocess.py:93} INFO - [0m03:00:33  5 of 6 START sql view model logistics_mart.stg_weather_consensus ............... [RUN]
[2026-07-13T03:00:34.960+0000] {subprocess.py:93} INFO - [0m03:00:34  2 of 6 OK created sql table model logistics_mart.dim_hubs ...................... [[32mCREATE TABLE (3.0 rows, 176.0 Bytes processed)[0m in 3.36s]
[2026-07-13T03:00:35.349+0000] {subprocess.py:93} INFO - [0m03:00:35  5 of 6 OK created sql view model logistics_mart.stg_weather_consensus .......... [[32mCREATE VIEW (0 processed)[0m in 1.77s]
[2026-07-13T03:00:35.356+0000] {subprocess.py:93} INFO - [0m03:00:35  6 of 6 START sql table model logistics_mart.fact_shipment_weather .............. [RUN]
[2026-07-13T03:00:35.362+0000] {subprocess.py:93} INFO - [0m03:00:35  1 of 6 OK created sql table model logistics_mart.dim_drivers ................... [[32mCREATE TABLE (3.0 rows, 117.0 Bytes processed)[0m in 3.76s]
[2026-07-13T03:00:39.293+0000] {subprocess.py:93} INFO - [0m03:00:39  6 of 6 OK created sql table model logistics_mart.fact_shipment_weather ......... [[32mCREATE TABLE (6.0 rows, 926.0 Bytes processed)[0m in 3.93s]
[2026-07-13T03:00:39.349+0000] {subprocess.py:93} INFO - [0m03:00:39
[2026-07-13T03:00:39.350+0000] {subprocess.py:93} INFO - [0m03:00:39  Finished running 3 table models, 3 view models in 0 hours 0 minutes and 9.52 seconds (9.52s).
[2026-07-13T03:00:39.407+0000] {subprocess.py:93} INFO - [0m03:00:39
[2026-07-13T03:00:39.408+0000] {subprocess.py:93} INFO - [0m03:00:39  [32mCompleted successfully[0m
[2026-07-13T03:00:39.409+0000] {subprocess.py:93} INFO - [0m03:00:39
[2026-07-13T03:00:39.409+0000] {subprocess.py:93} INFO - [0m03:00:39  Done. PASS=6 WARN=0 ERROR=0 SKIP=0 NO-OP=0 TOTAL=6
[2026-07-13T03:00:41.390+0000] {subprocess.py:97} INFO - Command exited with return code 0
[2026-07-13T03:00:41.393+0000] {taskinstance.py:441} INFO - ::group::Post task execution logs
[2026-07-13T03:00:41.447+0000] {taskinstance.py:1206} INFO - Marking task as SUCCESS. dag_id=gold_dbt_dag, task_id=trigger_dbt_build, run_id=dataset_triggered__2026-07-13T03:00:27.059750+00:00, execution_date=20260713T030027, start_date=20260713T030027, end_date=20260713T030041
[2026-07-13T03:00:41.510+0000] {local_task_job_runner.py:240} INFO - Task exited with return code 0
[2026-07-13T03:00:41.535+0000] {taskinstance.py:3498} INFO - 0 downstream tasks scheduled from follow-on schedule check
[2026-07-13T03:00:41.536+0000] {local_task_job_runner.py:222} INFO - ::endgroup::
