[2026-06-25T18:58:07.449+0000] {local_task_job_runner.py:120} INFO - ::group::Pre task execution logs
[2026-06-25T18:58:07.474+0000] {taskinstance.py:2076} INFO - Dependencies all met for dep_context=non-requeueable deps ti=<TaskInstance: weather_api_ingestion.fetch_open_meteo scheduled__2026-06-24T00:00:00+00:00 [queued]>
[2026-06-25T18:58:07.477+0000] {taskinstance.py:2076} INFO - Dependencies all met for dep_context=requeueable deps ti=<TaskInstance: weather_api_ingestion.fetch_open_meteo scheduled__2026-06-24T00:00:00+00:00 [queued]>
[2026-06-25T18:58:07.478+0000] {taskinstance.py:2306} INFO - Starting attempt 1 of 3
[2026-06-25T18:58:07.485+0000] {taskinstance.py:2330} INFO - Executing <Task(PythonOperator): fetch_open_meteo> on 2026-06-24 00:00:00+00:00
[2026-06-25T18:58:07.491+0000] {standard_task_runner.py:90} INFO - Running: ['***', 'tasks', 'run', 'weather_api_ingestion', 'fetch_open_meteo', 'scheduled__2026-06-24T00:00:00+00:00', '--job-id', '18', '--raw', '--subdir', 'DAGS_FOLDER/dag_weather_api.py', '--cfg-path', '/tmp/tmpaznv2rca']
[2026-06-25T18:58:07.494+0000] {standard_task_runner.py:91} INFO - Job 18: Subtask fetch_open_meteo
[2026-06-25T18:58:07.493+0000] {logging_mixin.py:188} WARNING - /home/***/.local/lib/python3.12/site-packages/***/task/task_runner/standard_task_runner.py:61 DeprecationWarning: This process (pid=394) is multi-threaded, use of fork() may lead to deadlocks in the child.
[2026-06-25T18:58:07.494+0000] {standard_task_runner.py:63} INFO - Started process 395 to run task
[2026-06-25T18:58:07.524+0000] {task_command.py:426} INFO - Running <TaskInstance: weather_api_ingestion.fetch_open_meteo scheduled__2026-06-24T00:00:00+00:00 [running]> on host 9348b885cb9b
[2026-06-25T18:58:07.583+0000] {taskinstance.py:2648} INFO - Exporting env vars: AIRFLOW_CTX_DAG_OWNER='data_engineer' AIRFLOW_CTX_DAG_ID='weather_api_ingestion' AIRFLOW_CTX_TASK_ID='fetch_open_meteo' AIRFLOW_CTX_EXECUTION_DATE='2026-06-24T00:00:00+00:00' AIRFLOW_CTX_TRY_NUMBER='1' AIRFLOW_CTX_DAG_RUN_ID='scheduled__2026-06-24T00:00:00+00:00'
[2026-06-25T18:58:07.585+0000] {taskinstance.py:430} INFO - ::endgroup::
[2026-06-25T18:58:08.702+0000] {logging_mixin.py:188} INFO - Successfully fetched weather for Hanoi
[2026-06-25T18:58:09.455+0000] {logging_mixin.py:188} INFO - Successfully fetched weather for Da_Nang
[2026-06-25T18:58:10.200+0000] {logging_mixin.py:188} INFO - Successfully fetched weather for HCM
[2026-06-25T18:58:10.204+0000] {logging_mixin.py:188} INFO - Saved raw weather data to /opt/***/dags/data/weather/raw/weather_2026-06-24.json
[2026-06-25T18:58:10.208+0000] {python.py:237} INFO - Done. Returned value was: None
[2026-06-25T18:58:10.213+0000] {taskinstance.py:441} INFO - ::group::Post task execution logs
[2026-06-25T18:58:10.228+0000] {taskinstance.py:1206} INFO - Marking task as SUCCESS. dag_id=weather_api_ingestion, task_id=fetch_open_meteo, run_id=scheduled__2026-06-24T00:00:00+00:00, execution_date=20260624T000000, start_date=20260625T185807, end_date=20260625T185810
[2026-06-25T18:58:10.261+0000] {local_task_job_runner.py:240} INFO - Task exited with return code 0
[2026-06-25T18:58:10.276+0000] {taskinstance.py:3498} INFO - 0 downstream tasks scheduled from follow-on schedule check
[2026-06-25T18:58:10.278+0000] {local_task_job_runner.py:222} INFO - ::endgroup::
[2026-06-25T23:03:49.982+0000] {local_task_job_runner.py:120} INFO - ::group::Pre task execution logs
[2026-06-25T23:03:49.999+0000] {taskinstance.py:2076} INFO - Dependencies all met for dep_context=non-requeueable deps ti=<TaskInstance: weather_api_ingestion.fetch_open_meteo scheduled__2026-06-24T00:00:00+00:00 [queued]>
[2026-06-25T23:03:50.002+0000] {taskinstance.py:2076} INFO - Dependencies all met for dep_context=requeueable deps ti=<TaskInstance: weather_api_ingestion.fetch_open_meteo scheduled__2026-06-24T00:00:00+00:00 [queued]>
[2026-06-25T23:03:50.002+0000] {taskinstance.py:2306} INFO - Starting attempt 1 of 3
[2026-06-25T23:03:50.006+0000] {taskinstance.py:2330} INFO - Executing <Task(PythonOperator): fetch_open_meteo> on 2026-06-24 00:00:00+00:00
[2026-06-25T23:03:50.010+0000] {standard_task_runner.py:90} INFO - Running: ['***', 'tasks', 'run', 'weather_api_ingestion', 'fetch_open_meteo', 'scheduled__2026-06-24T00:00:00+00:00', '--job-id', '8', '--raw', '--subdir', 'DAGS_FOLDER/dag_weather_api.py', '--cfg-path', '/tmp/tmp4av96hfh']
[2026-06-25T23:03:50.012+0000] {standard_task_runner.py:91} INFO - Job 8: Subtask fetch_open_meteo
[2026-06-25T23:03:50.012+0000] {logging_mixin.py:188} WARNING - /home/***/.local/lib/python3.12/site-packages/***/task/task_runner/standard_task_runner.py:61 DeprecationWarning: This process (pid=3195) is multi-threaded, use of fork() may lead to deadlocks in the child.
[2026-06-25T23:03:50.012+0000] {standard_task_runner.py:63} INFO - Started process 3196 to run task
[2026-06-25T23:03:50.046+0000] {task_command.py:426} INFO - Running <TaskInstance: weather_api_ingestion.fetch_open_meteo scheduled__2026-06-24T00:00:00+00:00 [running]> on host 6a613ecd21c6
[2026-06-25T23:03:50.093+0000] {taskinstance.py:2648} INFO - Exporting env vars: AIRFLOW_CTX_DAG_OWNER='data_engineer' AIRFLOW_CTX_DAG_ID='weather_api_ingestion' AIRFLOW_CTX_TASK_ID='fetch_open_meteo' AIRFLOW_CTX_EXECUTION_DATE='2026-06-24T00:00:00+00:00' AIRFLOW_CTX_TRY_NUMBER='1' AIRFLOW_CTX_DAG_RUN_ID='scheduled__2026-06-24T00:00:00+00:00'
[2026-06-25T23:03:50.093+0000] {taskinstance.py:430} INFO - ::endgroup::
[2026-06-25T23:03:51.329+0000] {logging_mixin.py:188} INFO - Successfully fetched weather for Hanoi
[2026-06-25T23:03:52.082+0000] {logging_mixin.py:188} INFO - Successfully fetched weather for Da_Nang
[2026-06-25T23:03:52.815+0000] {logging_mixin.py:188} INFO - Successfully fetched weather for HCM
[2026-06-25T23:03:52.818+0000] {logging_mixin.py:188} INFO - Saved raw weather data to /opt/***/dags/data/weather/raw/weather_2026-06-24.json
[2026-06-25T23:03:52.821+0000] {python.py:237} INFO - Done. Returned value was: None
[2026-06-25T23:03:52.823+0000] {taskinstance.py:441} INFO - ::group::Post task execution logs
[2026-06-25T23:03:52.841+0000] {taskinstance.py:1206} INFO - Marking task as SUCCESS. dag_id=weather_api_ingestion, task_id=fetch_open_meteo, run_id=scheduled__2026-06-24T00:00:00+00:00, execution_date=20260624T000000, start_date=20260625T230349, end_date=20260625T230352
[2026-06-25T23:03:52.895+0000] {local_task_job_runner.py:240} INFO - Task exited with return code 0
[2026-06-25T23:03:52.912+0000] {taskinstance.py:3498} INFO - 0 downstream tasks scheduled from follow-on schedule check
[2026-06-25T23:03:52.913+0000] {local_task_job_runner.py:222} INFO - ::endgroup::
