[2026-07-11T13:36:23.080+0000] {local_task_job_runner.py:120} INFO - ::group::Pre task execution logs
[2026-07-11T13:36:23.101+0000] {taskinstance.py:2076} INFO - Dependencies all met for dep_context=non-requeueable deps ti=<TaskInstance: gold_dbt_dag.trigger_dbt_build dataset_triggered__2026-07-11T12:30:39.815802+00:00 [queued]>
[2026-07-11T13:36:23.106+0000] {taskinstance.py:2076} INFO - Dependencies all met for dep_context=requeueable deps ti=<TaskInstance: gold_dbt_dag.trigger_dbt_build dataset_triggered__2026-07-11T12:30:39.815802+00:00 [queued]>
[2026-07-11T13:36:23.106+0000] {taskinstance.py:2306} INFO - Starting attempt 2 of 2
[2026-07-11T13:36:23.113+0000] {taskinstance.py:2330} INFO - Executing <Task(BashOperator): trigger_dbt_build> on 2026-07-11 12:30:39.815802+00:00
[2026-07-11T13:36:23.119+0000] {standard_task_runner.py:90} INFO - Running: ['***', 'tasks', 'run', 'gold_dbt_dag', 'trigger_dbt_build', 'dataset_triggered__2026-07-11T12:30:39.815802+00:00', '--job-id', '1631', '--raw', '--subdir', 'DAGS_FOLDER/dag_gold_dbt.py', '--cfg-path', '/tmp/tmp4i01jog7']
[2026-07-11T13:36:23.121+0000] {standard_task_runner.py:91} INFO - Job 1631: Subtask trigger_dbt_build
[2026-07-11T13:36:23.126+0000] {logging_mixin.py:188} WARNING - /home/***/.local/lib/python3.12/site-packages/***/task/task_runner/standard_task_runner.py:61 DeprecationWarning: This process (pid=68454) is multi-threaded, use of fork() may lead to deadlocks in the child.
[2026-07-11T13:36:23.127+0000] {standard_task_runner.py:63} INFO - Started process 68458 to run task
[2026-07-11T13:36:23.158+0000] {task_command.py:426} INFO - Running <TaskInstance: gold_dbt_dag.trigger_dbt_build dataset_triggered__2026-07-11T12:30:39.815802+00:00 [running]> on host bd23e89d97be
[2026-07-11T13:36:23.236+0000] {taskinstance.py:2648} INFO - Exporting env vars: AIRFLOW_CTX_DAG_OWNER='data_engineer' AIRFLOW_CTX_DAG_ID='gold_dbt_dag' AIRFLOW_CTX_TASK_ID='trigger_dbt_build' AIRFLOW_CTX_EXECUTION_DATE='2026-07-11T12:30:39.815802+00:00' AIRFLOW_CTX_TRY_NUMBER='2' AIRFLOW_CTX_DAG_RUN_ID='dataset_triggered__2026-07-11T12:30:39.815802+00:00'
[2026-07-11T13:36:23.237+0000] {taskinstance.py:430} INFO - ::endgroup::
[2026-07-11T13:36:23.256+0000] {subprocess.py:63} INFO - Tmp dir root location: /tmp
[2026-07-11T13:36:23.257+0000] {subprocess.py:75} INFO - Running command: ['/usr/bin/bash', '-c', 'cd /opt/***/dbt && dbt build --profiles-dir . --target dev']
[2026-07-11T13:36:23.266+0000] {subprocess.py:86} INFO - Output:
[2026-07-11T13:36:24.469+0000] {subprocess.py:93} INFO - [0m13:36:24  Running with dbt=1.11.11
[2026-07-11T13:36:25.078+0000] {subprocess.py:93} INFO - [0m13:36:25  Registered adapter: bigquery=1.11.3
[2026-07-11T13:36:25.453+0000] {subprocess.py:93} INFO - [0m13:36:25  Found 6 models, 4 sources, 553 macros
[2026-07-11T13:36:25.455+0000] {subprocess.py:93} INFO - [0m13:36:25
[2026-07-11T13:36:25.456+0000] {subprocess.py:93} INFO - [0m13:36:25  Concurrency: 4 threads (target='dev')
[2026-07-11T13:36:25.456+0000] {subprocess.py:93} INFO - [0m13:36:25
[2026-07-11T13:36:28.077+0000] {subprocess.py:93} INFO - [0m13:36:28  1 of 6 START sql table model logistics_mart.dim_drivers ........................ [RUN]
[2026-07-11T13:36:28.080+0000] {subprocess.py:93} INFO - [0m13:36:28  2 of 6 START sql table model logistics_mart.dim_hubs ........................... [RUN]
[2026-07-11T13:36:28.081+0000] {subprocess.py:93} INFO - [0m13:36:28  3 of 6 START sql view model logistics_mart.stg_shipments ....................... [RUN]
[2026-07-11T13:36:28.081+0000] {subprocess.py:93} INFO - [0m13:36:28  4 of 6 START sql view model logistics_mart.stg_weather ......................... [RUN]
[2026-07-11T13:36:30.725+0000] {subprocess.py:93} INFO - [0m13:36:30  3 of 6 OK created sql view model logistics_mart.stg_shipments .................. [[32mCREATE VIEW (0 processed)[0m in 2.62s]
[2026-07-11T13:36:30.755+0000] {subprocess.py:93} INFO - [0m13:36:30  4 of 6 OK created sql view model logistics_mart.stg_weather .................... [[32mCREATE VIEW (0 processed)[0m in 2.63s]
[2026-07-11T13:36:30.777+0000] {subprocess.py:93} INFO - [0m13:36:30  5 of 6 START sql view model logistics_mart.stg_weather_consensus ............... [RUN]
[2026-07-11T13:36:32.048+0000] {subprocess.py:93} INFO - [0m13:36:32  2 of 6 OK created sql table model logistics_mart.dim_hubs ...................... [[32mCREATE TABLE (3.0 rows, 149.0 Bytes processed)[0m in 3.96s]
[2026-07-11T13:36:32.054+0000] {subprocess.py:93} INFO - [0m13:36:32  1 of 6 OK created sql table model logistics_mart.dim_drivers ................... [[32mCREATE TABLE (3.0 rows, 108.0 Bytes processed)[0m in 3.97s]
[2026-07-11T13:36:32.063+0000] {subprocess.py:93} INFO - [0m13:36:32  6 of 6 START sql table model logistics_mart.fact_shipment_weather .............. [RUN]
[2026-07-11T13:36:32.745+0000] {subprocess.py:93} INFO - [0m13:36:32  BigQuery adapter: https://console.cloud.google.com/bigquery?project=logistics-500519&j=bq:US:fbf4a6eb-9857-436b-9c8b-d1c1596b6256&page=queryresults
[2026-07-11T13:36:32.756+0000] {subprocess.py:93} INFO - [0m13:36:32  5 of 6 ERROR creating sql view model logistics_mart.stg_weather_consensus ...... [[31mERROR[0m in 1.98s]
[2026-07-11T14:26:56.262+0000] {subprocess.py:93} INFO - [0m14:26:56  6 of 6 ERROR creating sql table model logistics_mart.fact_shipment_weather ..... [[31mERROR[0m in 3024.15s]
[2026-07-11T14:26:56.424+0000] {subprocess.py:93} INFO - [0m14:26:56
[2026-07-11T14:26:56.427+0000] {subprocess.py:93} INFO - [0m14:26:56  Finished running 3 table models, 3 view models in 0 hours 50 minutes and 30.96 seconds (3030.96s).
[2026-07-11T14:26:59.449+0000] {subprocess.py:93} INFO - [0m14:26:59
[2026-07-11T14:26:59.462+0000] {subprocess.py:93} INFO - [0m14:26:59  [31mCompleted with 2 errors, 0 partial successes, and 0 warnings:[0m
[2026-07-11T14:26:59.465+0000] {subprocess.py:93} INFO - [0m14:26:59
[2026-07-11T14:26:59.468+0000] {subprocess.py:93} INFO - [0m14:26:59  [31mFailure in model stg_weather_consensus (models/staging/stg_weather_consensus.sql)[0m
[2026-07-11T14:26:59.469+0000] {subprocess.py:93} INFO - [0m14:26:59    Database Error in model stg_weather_consensus (models/staging/stg_weather_consensus.sql)
[2026-07-11T14:26:59.471+0000] {subprocess.py:93} INFO -   Unrecognized name: fetched_at at [11:11]
[2026-07-11T14:26:59.473+0000] {subprocess.py:93} INFO -   compiled code at target/run/logistics_lakehouse/models/staging/stg_weather_consensus.sql
[2026-07-11T14:26:59.473+0000] {subprocess.py:93} INFO - [0m14:26:59
[2026-07-11T14:26:59.474+0000] {subprocess.py:93} INFO - [0m14:26:59    compiled code at target/compiled/logistics_lakehouse/models/staging/stg_weather_consensus.sql
[2026-07-11T14:26:59.476+0000] {subprocess.py:93} INFO - [0m14:26:59
[2026-07-11T14:26:59.478+0000] {subprocess.py:93} INFO - [0m14:26:59  [31mFailure in model fact_shipment_weather (models/mart/fact_shipment_weather.sql)[0m
[2026-07-11T14:26:59.480+0000] {subprocess.py:93} INFO - [0m14:26:59    Database Error in model fact_shipment_weather (models/mart/fact_shipment_weather.sql)
[2026-07-11T14:26:59.481+0000] {subprocess.py:93} INFO -   ('Connection aborted.', RemoteDisconnected('Remote end closed connection without response'))
[2026-07-11T14:26:59.481+0000] {subprocess.py:93} INFO -   compiled code at target/run/logistics_lakehouse/models/mart/fact_shipment_weather.sql
[2026-07-11T14:26:59.482+0000] {subprocess.py:93} INFO - [0m14:26:59
[2026-07-11T14:26:59.482+0000] {subprocess.py:93} INFO - [0m14:26:59    compiled code at target/compiled/logistics_lakehouse/models/mart/fact_shipment_weather.sql
[2026-07-11T14:26:59.484+0000] {subprocess.py:93} INFO - [0m14:26:59
[2026-07-11T14:26:59.486+0000] {subprocess.py:93} INFO - [0m14:26:59  Done. PASS=4 WARN=0 ERROR=2 SKIP=0 NO-OP=0 TOTAL=6
[2026-07-11T14:27:03.656+0000] {subprocess.py:97} INFO - Command exited with return code 1
[2026-07-11T14:27:03.662+0000] {taskinstance.py:441} INFO - ::group::Post task execution logs
[2026-07-11T14:27:03.699+0000] {taskinstance.py:2905} ERROR - Task failed with exception
Traceback (most recent call last):
  File "/home/airflow/.local/lib/python3.12/site-packages/airflow/models/taskinstance.py", line 465, in _execute_task
    result = _execute_callable(context=context, **execute_callable_kwargs)
             ^^^^^^^^^^^^^^^^^^^^^^^^^^^^^^^^^^^^^^^^^^^^^^^^^^^^^^^^^^^^^
  File "/home/airflow/.local/lib/python3.12/site-packages/airflow/models/taskinstance.py", line 432, in _execute_callable
    return execute_callable(context=context, **execute_callable_kwargs)
           ^^^^^^^^^^^^^^^^^^^^^^^^^^^^^^^^^^^^^^^^^^^^^^^^^^^^^^^^^^^^
  File "/home/airflow/.local/lib/python3.12/site-packages/airflow/models/baseoperator.py", line 400, in wrapper
    return func(self, *args, **kwargs)
           ^^^^^^^^^^^^^^^^^^^^^^^^^^^
  File "/home/airflow/.local/lib/python3.12/site-packages/airflow/operators/bash.py", line 243, in execute
    raise AirflowException(
airflow.exceptions.AirflowException: Bash command failed. The command returned a non-zero exit code 1.
[2026-07-11T14:27:03.710+0000] {taskinstance.py:1206} INFO - Marking task as FAILED. dag_id=gold_dbt_dag, task_id=trigger_dbt_build, run_id=dataset_triggered__2026-07-11T12:30:39.815802+00:00, execution_date=20260711T123039, start_date=20260711T133623, end_date=20260711T142703
[2026-07-11T14:27:03.738+0000] {standard_task_runner.py:110} ERROR - Failed to execute job 1631 for task trigger_dbt_build (Bash command failed. The command returned a non-zero exit code 1.; 68458)
[2026-07-11T14:27:03.781+0000] {local_task_job_runner.py:240} INFO - Task exited with return code 1
[2026-07-11T14:27:03.817+0000] {taskinstance.py:3498} INFO - 0 downstream tasks scheduled from follow-on schedule check
[2026-07-11T14:27:03.820+0000] {local_task_job_runner.py:222} INFO - ::endgroup::
