[2026-07-11T11:09:29.653+0000] {local_task_job_runner.py:120} INFO - ::group::Pre task execution logs
[2026-07-11T11:09:29.679+0000] {taskinstance.py:2076} INFO - Dependencies all met for dep_context=non-requeueable deps ti=<TaskInstance: gold_dbt_dag.trigger_dbt_build dataset_triggered__2026-07-11T09:36:08.249353+00:00 [queued]>
[2026-07-11T11:09:29.683+0000] {taskinstance.py:2076} INFO - Dependencies all met for dep_context=requeueable deps ti=<TaskInstance: gold_dbt_dag.trigger_dbt_build dataset_triggered__2026-07-11T09:36:08.249353+00:00 [queued]>
[2026-07-11T11:09:29.683+0000] {taskinstance.py:2306} INFO - Starting attempt 2 of 2
[2026-07-11T11:09:29.693+0000] {taskinstance.py:2330} INFO - Executing <Task(BashOperator): trigger_dbt_build> on 2026-07-11 09:36:08.249353+00:00
[2026-07-11T11:09:29.698+0000] {logging_mixin.py:188} WARNING - /home/***/.local/lib/python3.12/site-packages/***/task/task_runner/standard_task_runner.py:61 DeprecationWarning: This process (pid=67140) is multi-threaded, use of fork() may lead to deadlocks in the child.
[2026-07-11T11:09:29.698+0000] {standard_task_runner.py:90} INFO - Running: ['***', 'tasks', 'run', 'gold_dbt_dag', 'trigger_dbt_build', 'dataset_triggered__2026-07-11T09:36:08.249353+00:00', '--job-id', '1616', '--raw', '--subdir', 'DAGS_FOLDER/dag_gold_dbt.py', '--cfg-path', '/tmp/tmprhpa_blh']
[2026-07-11T11:09:29.700+0000] {standard_task_runner.py:63} INFO - Started process 67149 to run task
[2026-07-11T11:09:29.700+0000] {standard_task_runner.py:91} INFO - Job 1616: Subtask trigger_dbt_build
[2026-07-11T11:09:29.725+0000] {task_command.py:426} INFO - Running <TaskInstance: gold_dbt_dag.trigger_dbt_build dataset_triggered__2026-07-11T09:36:08.249353+00:00 [running]> on host bd23e89d97be
[2026-07-11T11:09:29.767+0000] {taskinstance.py:2648} INFO - Exporting env vars: AIRFLOW_CTX_DAG_OWNER='data_engineer' AIRFLOW_CTX_DAG_ID='gold_dbt_dag' AIRFLOW_CTX_TASK_ID='trigger_dbt_build' AIRFLOW_CTX_EXECUTION_DATE='2026-07-11T09:36:08.249353+00:00' AIRFLOW_CTX_TRY_NUMBER='2' AIRFLOW_CTX_DAG_RUN_ID='dataset_triggered__2026-07-11T09:36:08.249353+00:00'
[2026-07-11T11:09:29.768+0000] {taskinstance.py:430} INFO - ::endgroup::
[2026-07-11T11:09:29.779+0000] {subprocess.py:63} INFO - Tmp dir root location: /tmp
[2026-07-11T11:09:29.780+0000] {subprocess.py:75} INFO - Running command: ['/usr/bin/bash', '-c', 'cd /opt/***/dbt && dbt build --profiles-dir . --target dev']
[2026-07-11T11:09:29.787+0000] {subprocess.py:86} INFO - Output:
[2026-07-11T11:09:31.276+0000] {subprocess.py:93} INFO - [0m11:09:31  Running with dbt=1.11.11
[2026-07-11T11:09:32.072+0000] {subprocess.py:93} INFO - [0m11:09:32  Registered adapter: bigquery=1.11.3
[2026-07-11T11:09:32.427+0000] {subprocess.py:93} INFO - [0m11:09:32  Found 6 models, 4 sources, 553 macros
[2026-07-11T11:09:32.429+0000] {subprocess.py:93} INFO - [0m11:09:32
[2026-07-11T11:09:32.429+0000] {subprocess.py:93} INFO - [0m11:09:32  Concurrency: 4 threads (target='dev')
[2026-07-11T11:09:32.430+0000] {subprocess.py:93} INFO - [0m11:09:32
[2026-07-11T11:09:33.878+0000] {subprocess.py:93} INFO - [0m11:09:33  1 of 6 START sql table model logistics_mart.dim_drivers ........................ [RUN]
[2026-07-11T11:09:33.880+0000] {subprocess.py:93} INFO - [0m11:09:33  2 of 6 START sql table model logistics_mart.dim_hubs ........................... [RUN]
[2026-07-11T11:09:33.881+0000] {subprocess.py:93} INFO - [0m11:09:33  3 of 6 START sql view model logistics_mart.stg_shipments ....................... [RUN]
[2026-07-11T11:09:33.881+0000] {subprocess.py:93} INFO - [0m11:09:33  4 of 6 START sql view model logistics_mart.stg_weather ......................... [RUN]
[2026-07-11T11:09:35.779+0000] {subprocess.py:93} INFO - [0m11:09:35  3 of 6 OK created sql view model logistics_mart.stg_shipments .................. [[32mCREATE VIEW (0 processed)[0m in 1.89s]
[2026-07-11T11:09:35.782+0000] {subprocess.py:93} INFO - [0m11:09:35  5 of 6 START sql view model logistics_mart.stg_weather_consensus ............... [RUN]
[2026-07-11T11:09:38.050+0000] {subprocess.py:93} INFO - [0m11:09:38  BigQuery adapter: https://console.cloud.google.com/bigquery?project=logistics-500519&j=bq:US:177dbfcb-31bb-4def-bb07-c86e1c403493&page=queryresults
[2026-07-11T11:09:38.121+0000] {subprocess.py:93} INFO - [0m11:09:38  5 of 6 ERROR creating sql view model logistics_mart.stg_weather_consensus ...... [[31mERROR[0m in 2.33s]
[2026-07-11T11:09:50.533+0000] {subprocess.py:93} INFO - [0m11:09:50  4 of 6 ERROR creating sql view model logistics_mart.stg_weather ................ [[31mERROR[0m in 16.65s]
[2026-07-11T11:09:50.585+0000] {subprocess.py:93} INFO - [0m11:09:50  1 of 6 ERROR creating sql table model logistics_mart.dim_drivers ............... [[31mERROR[0m in 16.70s]
[2026-07-11T11:09:50.609+0000] {subprocess.py:93} INFO - [0m11:09:50  2 of 6 ERROR creating sql table model logistics_mart.dim_hubs .................. [[31mERROR[0m in 16.73s]
[2026-07-11T11:09:50.613+0000] {subprocess.py:93} INFO - [0m11:09:50  6 of 6 SKIP relation logistics_mart.fact_shipment_weather ...................... [[33mSKIP[0m]
[2026-07-11T11:09:50.659+0000] {subprocess.py:93} INFO - [0m11:09:50
[2026-07-11T11:09:50.659+0000] {subprocess.py:93} INFO - [0m11:09:50  Finished running 3 table models, 3 view models in 0 hours 0 minutes and 18.23 seconds (18.23s).
[2026-07-11T11:09:50.706+0000] {subprocess.py:93} INFO - [0m11:09:50
[2026-07-11T11:09:50.706+0000] {subprocess.py:93} INFO - [0m11:09:50  [31mCompleted with 4 errors, 0 partial successes, and 0 warnings:[0m
[2026-07-11T11:09:50.706+0000] {subprocess.py:93} INFO - [0m11:09:50
[2026-07-11T11:09:50.707+0000] {subprocess.py:93} INFO - [0m11:09:50  [31mFailure in model stg_weather_consensus (models/staging/stg_weather_consensus.sql)[0m
[2026-07-11T11:09:50.707+0000] {subprocess.py:93} INFO - [0m11:09:50    Database Error in model stg_weather_consensus (models/staging/stg_weather_consensus.sql)
[2026-07-11T11:09:50.707+0000] {subprocess.py:93} INFO -   Unrecognized name: fetched_at at [11:11]
[2026-07-11T11:09:50.707+0000] {subprocess.py:93} INFO -   compiled code at target/run/logistics_lakehouse/models/staging/stg_weather_consensus.sql
[2026-07-11T11:09:50.707+0000] {subprocess.py:93} INFO - [0m11:09:50
[2026-07-11T11:09:50.707+0000] {subprocess.py:93} INFO - [0m11:09:50    compiled code at target/compiled/logistics_lakehouse/models/staging/stg_weather_consensus.sql
[2026-07-11T11:09:50.708+0000] {subprocess.py:93} INFO - [0m11:09:50
[2026-07-11T11:09:50.708+0000] {subprocess.py:93} INFO - [0m11:09:50  [31mFailure in model stg_weather (models/staging/stg_weather.sql)[0m
[2026-07-11T11:09:50.708+0000] {subprocess.py:93} INFO - [0m11:09:50    Database Error in model stg_weather (models/staging/stg_weather.sql)
[2026-07-11T11:09:50.708+0000] {subprocess.py:93} INFO -   ('Connection aborted.', RemoteDisconnected('Remote end closed connection without response'))
[2026-07-11T11:09:50.708+0000] {subprocess.py:93} INFO -   compiled code at target/run/logistics_lakehouse/models/staging/stg_weather.sql
[2026-07-11T11:09:50.708+0000] {subprocess.py:93} INFO - [0m11:09:50
[2026-07-11T11:09:50.709+0000] {subprocess.py:93} INFO - [0m11:09:50    compiled code at target/compiled/logistics_lakehouse/models/staging/stg_weather.sql
[2026-07-11T11:09:50.709+0000] {subprocess.py:93} INFO - [0m11:09:50
[2026-07-11T11:09:50.709+0000] {subprocess.py:93} INFO - [0m11:09:50  [31mFailure in model dim_drivers (models/mart/dim_drivers.sql)[0m
[2026-07-11T11:09:50.709+0000] {subprocess.py:93} INFO - [0m11:09:50    Database Error in model dim_drivers (models/mart/dim_drivers.sql)
[2026-07-11T11:09:50.709+0000] {subprocess.py:93} INFO -   ('Connection aborted.', RemoteDisconnected('Remote end closed connection without response'))
[2026-07-11T11:09:50.709+0000] {subprocess.py:93} INFO -   compiled code at target/run/logistics_lakehouse/models/mart/dim_drivers.sql
[2026-07-11T11:09:50.710+0000] {subprocess.py:93} INFO - [0m11:09:50
[2026-07-11T11:09:50.710+0000] {subprocess.py:93} INFO - [0m11:09:50    compiled code at target/compiled/logistics_lakehouse/models/mart/dim_drivers.sql
[2026-07-11T11:09:50.710+0000] {subprocess.py:93} INFO - [0m11:09:50
[2026-07-11T11:09:50.710+0000] {subprocess.py:93} INFO - [0m11:09:50  [31mFailure in model dim_hubs (models/mart/dim_hubs.sql)[0m
[2026-07-11T11:09:50.710+0000] {subprocess.py:93} INFO - [0m11:09:50    Database Error in model dim_hubs (models/mart/dim_hubs.sql)
[2026-07-11T11:09:50.711+0000] {subprocess.py:93} INFO -   ('Connection aborted.', RemoteDisconnected('Remote end closed connection without response'))
[2026-07-11T11:09:50.711+0000] {subprocess.py:93} INFO -   compiled code at target/run/logistics_lakehouse/models/mart/dim_hubs.sql
[2026-07-11T11:09:50.711+0000] {subprocess.py:93} INFO - [0m11:09:50
[2026-07-11T11:09:50.711+0000] {subprocess.py:93} INFO - [0m11:09:50    compiled code at target/compiled/logistics_lakehouse/models/mart/dim_hubs.sql
[2026-07-11T11:09:50.711+0000] {subprocess.py:93} INFO - [0m11:09:50
[2026-07-11T11:09:50.711+0000] {subprocess.py:93} INFO - [0m11:09:50  Done. PASS=1 WARN=0 ERROR=4 SKIP=1 NO-OP=0 TOTAL=6
[2026-07-11T11:09:52.337+0000] {subprocess.py:97} INFO - Command exited with return code 1
[2026-07-11T11:09:52.339+0000] {taskinstance.py:441} INFO - ::group::Post task execution logs
[2026-07-11T11:09:52.350+0000] {taskinstance.py:2905} ERROR - Task failed with exception
Traceback (most recent call last):
  File "/home/airflow/.local/lib/python3.12/site-packages/airflow/models/taskinstance.py", line 465, in _execute_task
    result = _execute_callable(context=context, **execute_callable_kwargs)
             ^^^^^^^^^^^^^^^^^^^^^^^^^^^^^^^^^^^^^^^^^^^^^^^^^^^^^^^^^^^^^
  File "/home/airflow/.local/lib/python3.12/site-packages/airflow/models/taskinstance.py", line 432, in _execute_callable
    return execute_callable(context=context, **execute_callable_kwargs)
           ^^^^^^^^^^^^^^^^^^^^^^^^^^^^^^^^^^^^^^^^^^^^^^^^^^^^^^^^^^^^
  File "/home/airflow/.local/lib/python3.12/site-packages/airflow/models/baseoperator.py", line 400, in wrapper
    return func(self, *args, **kwargs)
           ^^^^^^^^^^^^^^^^^^^^^^^^^^^
  File "/home/airflow/.local/lib/python3.12/site-packages/airflow/operators/bash.py", line 243, in execute
    raise AirflowException(
airflow.exceptions.AirflowException: Bash command failed. The command returned a non-zero exit code 1.
[2026-07-11T11:09:52.362+0000] {taskinstance.py:1206} INFO - Marking task as FAILED. dag_id=gold_dbt_dag, task_id=trigger_dbt_build, run_id=dataset_triggered__2026-07-11T09:36:08.249353+00:00, execution_date=20260711T093608, start_date=20260711T110929, end_date=20260711T110952
[2026-07-11T11:09:52.375+0000] {standard_task_runner.py:110} ERROR - Failed to execute job 1616 for task trigger_dbt_build (Bash command failed. The command returned a non-zero exit code 1.; 67149)
[2026-07-11T11:09:52.411+0000] {local_task_job_runner.py:240} INFO - Task exited with return code 1
[2026-07-11T11:09:52.427+0000] {taskinstance.py:3498} INFO - 0 downstream tasks scheduled from follow-on schedule check
[2026-07-11T11:09:52.428+0000] {local_task_job_runner.py:222} INFO - ::endgroup::
