[2026-07-11T09:36:09.488+0000] {local_task_job_runner.py:120} INFO - ::group::Pre task execution logs
[2026-07-11T09:36:09.519+0000] {taskinstance.py:2076} INFO - Dependencies all met for dep_context=non-requeueable deps ti=<TaskInstance: gold_dbt_dag.trigger_dbt_build dataset_triggered__2026-07-11T09:36:08.249353+00:00 [queued]>
[2026-07-11T09:36:09.524+0000] {taskinstance.py:2076} INFO - Dependencies all met for dep_context=requeueable deps ti=<TaskInstance: gold_dbt_dag.trigger_dbt_build dataset_triggered__2026-07-11T09:36:08.249353+00:00 [queued]>
[2026-07-11T09:36:09.524+0000] {taskinstance.py:2306} INFO - Starting attempt 1 of 2
[2026-07-11T09:36:09.540+0000] {taskinstance.py:2330} INFO - Executing <Task(BashOperator): trigger_dbt_build> on 2026-07-11 09:36:08.249353+00:00
[2026-07-11T09:36:09.552+0000] {standard_task_runner.py:90} INFO - Running: ['***', 'tasks', 'run', 'gold_dbt_dag', 'trigger_dbt_build', 'dataset_triggered__2026-07-11T09:36:08.249353+00:00', '--job-id', '1609', '--raw', '--subdir', 'DAGS_FOLDER/dag_gold_dbt.py', '--cfg-path', '/tmp/tmpzjxr92r2']
[2026-07-11T09:36:09.563+0000] {logging_mixin.py:188} WARNING - /home/***/.local/lib/python3.12/site-packages/***/task/task_runner/standard_task_runner.py:61 DeprecationWarning: This process (pid=66490) is multi-threaded, use of fork() may lead to deadlocks in the child.
[2026-07-11T09:36:09.564+0000] {standard_task_runner.py:91} INFO - Job 1609: Subtask trigger_dbt_build
[2026-07-11T09:36:09.564+0000] {standard_task_runner.py:63} INFO - Started process 66491 to run task
[2026-07-11T09:36:09.595+0000] {task_command.py:426} INFO - Running <TaskInstance: gold_dbt_dag.trigger_dbt_build dataset_triggered__2026-07-11T09:36:08.249353+00:00 [running]> on host bd23e89d97be
[2026-07-11T09:36:09.652+0000] {taskinstance.py:2648} INFO - Exporting env vars: AIRFLOW_CTX_DAG_OWNER='data_engineer' AIRFLOW_CTX_DAG_ID='gold_dbt_dag' AIRFLOW_CTX_TASK_ID='trigger_dbt_build' AIRFLOW_CTX_EXECUTION_DATE='2026-07-11T09:36:08.249353+00:00' AIRFLOW_CTX_TRY_NUMBER='1' AIRFLOW_CTX_DAG_RUN_ID='dataset_triggered__2026-07-11T09:36:08.249353+00:00'
[2026-07-11T09:36:09.653+0000] {taskinstance.py:430} INFO - ::endgroup::
[2026-07-11T09:36:09.664+0000] {subprocess.py:63} INFO - Tmp dir root location: /tmp
[2026-07-11T09:36:09.665+0000] {subprocess.py:75} INFO - Running command: ['/usr/bin/bash', '-c', 'cd /opt/***/dbt && dbt build --profiles-dir . --target dev']
[2026-07-11T09:36:09.670+0000] {subprocess.py:86} INFO - Output:
[2026-07-11T09:36:10.782+0000] {subprocess.py:93} INFO - [0m09:36:10  Running with dbt=1.11.11
[2026-07-11T09:36:11.351+0000] {subprocess.py:93} INFO - [0m09:36:11  Registered adapter: bigquery=1.11.3
[2026-07-11T09:36:11.602+0000] {subprocess.py:93} INFO - [0m09:36:11  Found 6 models, 4 sources, 553 macros
[2026-07-11T09:36:11.603+0000] {subprocess.py:93} INFO - [0m09:36:11
[2026-07-11T09:36:11.603+0000] {subprocess.py:93} INFO - [0m09:36:11  Concurrency: 4 threads (target='dev')
[2026-07-11T09:36:11.603+0000] {subprocess.py:93} INFO - [0m09:36:11
[2026-07-11T10:02:53.329+0000] {subprocess.py:93} INFO - [0m10:02:53  1 of 6 START sql table model logistics_mart.dim_drivers ........................ [RUN]
[2026-07-11T10:02:53.331+0000] {subprocess.py:93} INFO - [0m10:02:53  2 of 6 START sql table model logistics_mart.dim_hubs ........................... [RUN]
[2026-07-11T10:02:53.332+0000] {subprocess.py:93} INFO - [0m10:02:53  3 of 6 START sql view model logistics_mart.stg_shipments ....................... [RUN]
[2026-07-11T10:02:53.333+0000] {subprocess.py:93} INFO - [0m10:02:53  4 of 6 START sql view model logistics_mart.stg_weather ......................... [RUN]
[2026-07-11T10:02:55.361+0000] {subprocess.py:93} INFO - [0m10:02:55  3 of 6 OK created sql view model logistics_mart.stg_shipments .................. [[32mCREATE VIEW (0 processed)[0m in 2.02s]
[2026-07-11T10:02:55.364+0000] {subprocess.py:93} INFO - [0m10:02:55  5 of 6 START sql view model logistics_mart.stg_weather_consensus ............... [RUN]
[2026-07-11T10:02:55.421+0000] {subprocess.py:93} INFO - [0m10:02:55  4 of 6 OK created sql view model logistics_mart.stg_weather .................... [[32mCREATE VIEW (0 processed)[0m in 2.08s]
[2026-07-11T10:02:56.696+0000] {subprocess.py:93} INFO - [0m10:02:56  BigQuery adapter: https://console.cloud.google.com/bigquery?project=logistics-500519&j=bq:US:28db16c4-1ff8-4d5a-b8cd-1040e303e355&page=queryresults
[2026-07-11T10:02:56.718+0000] {subprocess.py:93} INFO - [0m10:02:56  5 of 6 ERROR creating sql view model logistics_mart.stg_weather_consensus ...... [[31mERROR[0m in 1.35s]
[2026-07-11T10:02:56.962+0000] {subprocess.py:93} INFO - [0m10:02:56  2 of 6 OK created sql table model logistics_mart.dim_hubs ...................... [[32mCREATE TABLE (3.0 rows, 149.0 Bytes processed)[0m in 3.63s]
[2026-07-11T10:02:56.966+0000] {subprocess.py:93} INFO - [0m10:02:56  6 of 6 START sql table model logistics_mart.fact_shipment_weather .............. [RUN]
[2026-07-11T10:03:02.171+0000] {subprocess.py:93} INFO - [0m10:03:02  6 of 6 OK created sql table model logistics_mart.fact_shipment_weather ......... [[32mCREATE TABLE (1.9k rows, 117.3 KiB processed)[0m in 5.20s]
[2026-07-11T10:03:13.898+0000] {subprocess.py:93} INFO - [0m10:03:13  1 of 6 OK created sql table model logistics_mart.dim_drivers ................... [[32mCREATE TABLE (3.0 rows, 108.0 Bytes processed)[0m in 20.56s]
[2026-07-11T10:03:13.944+0000] {subprocess.py:93} INFO - [0m10:03:13
[2026-07-11T10:03:13.944+0000] {subprocess.py:93} INFO - [0m10:03:13  Finished running 3 table models, 3 view models in 0 hours 27 minutes and 2.34 seconds (1622.34s).
[2026-07-11T10:03:13.992+0000] {subprocess.py:93} INFO - [0m10:03:13
[2026-07-11T10:03:13.992+0000] {subprocess.py:93} INFO - [0m10:03:13  [31mCompleted with 1 error, 0 partial successes, and 0 warnings:[0m
[2026-07-11T10:03:13.993+0000] {subprocess.py:93} INFO - [0m10:03:13
[2026-07-11T10:03:13.993+0000] {subprocess.py:93} INFO - [0m10:03:13  [31mFailure in model stg_weather_consensus (models/staging/stg_weather_consensus.sql)[0m
[2026-07-11T10:03:13.993+0000] {subprocess.py:93} INFO - [0m10:03:13    Database Error in model stg_weather_consensus (models/staging/stg_weather_consensus.sql)
[2026-07-11T10:03:13.993+0000] {subprocess.py:93} INFO -   Unrecognized name: fetched_at at [11:11]
[2026-07-11T10:03:13.993+0000] {subprocess.py:93} INFO -   compiled code at target/run/logistics_lakehouse/models/staging/stg_weather_consensus.sql
[2026-07-11T10:03:13.993+0000] {subprocess.py:93} INFO - [0m10:03:13
[2026-07-11T10:03:13.994+0000] {subprocess.py:93} INFO - [0m10:03:13    compiled code at target/compiled/logistics_lakehouse/models/staging/stg_weather_consensus.sql
[2026-07-11T10:03:13.994+0000] {subprocess.py:93} INFO - [0m10:03:13
[2026-07-11T10:03:13.994+0000] {subprocess.py:93} INFO - [0m10:03:13  Done. PASS=5 WARN=0 ERROR=1 SKIP=0 NO-OP=0 TOTAL=6
[2026-07-11T10:03:15.750+0000] {subprocess.py:97} INFO - Command exited with return code 1
[2026-07-11T10:03:15.751+0000] {taskinstance.py:441} INFO - ::group::Post task execution logs
[2026-07-11T10:03:15.767+0000] {taskinstance.py:2905} ERROR - Task failed with exception
Traceback (most recent call last):
  File "/home/airflow/.local/lib/python3.12/site-packages/airflow/models/taskinstance.py", line 465, in _execute_task
    result = _execute_callable(context=context, **execute_callable_kwargs)
             ^^^^^^^^^^^^^^^^^^^^^^^^^^^^^^^^^^^^^^^^^^^^^^^^^^^^^^^^^^^^^
  File "/home/airflow/.local/lib/python3.12/site-packages/airflow/models/taskinstance.py", line 432, in _execute_callable
    return execute_callable(context=context, **execute_callable_kwargs)
           ^^^^^^^^^^^^^^^^^^^^^^^^^^^^^^^^^^^^^^^^^^^^^^^^^^^^^^^^^^^^
  File "/home/airflow/.local/lib/python3.12/site-packages/airflow/models/baseoperator.py", line 400, in wrapper
    return func(self, *args, **kwargs)
           ^^^^^^^^^^^^^^^^^^^^^^^^^^^
  File "/home/airflow/.local/lib/python3.12/site-packages/airflow/operators/bash.py", line 243, in execute
    raise AirflowException(
airflow.exceptions.AirflowException: Bash command failed. The command returned a non-zero exit code 1.
[2026-07-11T10:03:15.772+0000] {taskinstance.py:1206} INFO - Marking task as UP_FOR_RETRY. dag_id=gold_dbt_dag, task_id=trigger_dbt_build, run_id=dataset_triggered__2026-07-11T09:36:08.249353+00:00, execution_date=20260711T093608, start_date=20260711T093609, end_date=20260711T100315
[2026-07-11T10:03:15.791+0000] {standard_task_runner.py:110} ERROR - Failed to execute job 1609 for task trigger_dbt_build (Bash command failed. The command returned a non-zero exit code 1.; 66491)
[2026-07-11T10:03:15.802+0000] {local_task_job_runner.py:240} INFO - Task exited with return code 1
[2026-07-11T10:03:15.818+0000] {taskinstance.py:3498} INFO - 0 downstream tasks scheduled from follow-on schedule check
[2026-07-11T10:03:15.818+0000] {local_task_job_runner.py:222} INFO - ::endgroup::
