[2026-07-04T10:46:18.479+0000] {local_task_job_runner.py:120} INFO - ::group::Pre task execution logs
[2026-07-04T10:46:18.522+0000] {taskinstance.py:2076} INFO - Dependencies all met for dep_context=non-requeueable deps ti=<TaskInstance: logistics_postgres_to_bq.push_to_bigquery dataset_triggered__2026-07-04T10:46:17.305385+00:00 [queued]>
[2026-07-04T10:46:18.538+0000] {taskinstance.py:2076} INFO - Dependencies all met for dep_context=requeueable deps ti=<TaskInstance: logistics_postgres_to_bq.push_to_bigquery dataset_triggered__2026-07-04T10:46:17.305385+00:00 [queued]>
[2026-07-04T10:46:18.539+0000] {taskinstance.py:2306} INFO - Starting attempt 1 of 1
[2026-07-04T10:46:18.560+0000] {taskinstance.py:2330} INFO - Executing <Task(PythonOperator): push_to_bigquery> on 2026-07-04 10:46:17.305385+00:00
[2026-07-04T10:46:18.580+0000] {standard_task_runner.py:90} INFO - Running: ['***', 'tasks', 'run', 'logistics_postgres_to_bq', 'push_to_bigquery', 'dataset_triggered__2026-07-04T10:46:17.305385+00:00', '--job-id', '519', '--raw', '--subdir', 'DAGS_FOLDER/dag_postgres_to_bq.py', '--cfg-path', '/tmp/tmp2gs4myxt']
[2026-07-04T10:46:18.580+0000] {logging_mixin.py:188} WARNING - /home/***/.local/lib/python3.12/site-packages/***/task/task_runner/standard_task_runner.py:61 DeprecationWarning: This process (pid=34509) is multi-threaded, use of fork() may lead to deadlocks in the child.
[2026-07-04T10:46:18.582+0000] {standard_task_runner.py:63} INFO - Started process 34537 to run task
[2026-07-04T10:46:18.582+0000] {standard_task_runner.py:91} INFO - Job 519: Subtask push_to_bigquery
[2026-07-04T10:46:18.630+0000] {task_command.py:426} INFO - Running <TaskInstance: logistics_postgres_to_bq.push_to_bigquery dataset_triggered__2026-07-04T10:46:17.305385+00:00 [running]> on host bd23e89d97be
[2026-07-04T10:46:18.710+0000] {taskinstance.py:2648} INFO - Exporting env vars: AIRFLOW_CTX_DAG_OWNER='***' AIRFLOW_CTX_DAG_ID='logistics_postgres_to_bq' AIRFLOW_CTX_TASK_ID='push_to_bigquery' AIRFLOW_CTX_EXECUTION_DATE='2026-07-04T10:46:17.305385+00:00' AIRFLOW_CTX_TRY_NUMBER='1' AIRFLOW_CTX_DAG_RUN_ID='dataset_triggered__2026-07-04T10:46:17.305385+00:00'
[2026-07-04T10:46:18.711+0000] {taskinstance.py:430} INFO - ::endgroup::
[2026-07-04T10:46:19.657+0000] {logging_mixin.py:188} WARNING - /opt/***/dags/dag_postgres_to_bq.py:34 UserWarning: pandas only supports SQLAlchemy connectable (engine/connection) or database string URI or sqlite3 DBAPI2 connection. Other DBAPI2 objects are not tested. Please consider using SQLAlchemy.
[2026-07-04T12:10:13.694+0000] {local_task_job_runner.py:310} WARNING - State of this instance has been externally set to failed. Terminating instance.
[2026-07-04T12:10:13.701+0000] {local_task_job_runner.py:222} INFO - ::endgroup::
[2026-07-04T12:10:13.703+0000] {process_utils.py:132} INFO - Sending 15 to group 34537. PIDs of all processes in the group: [34537]
[2026-07-04T12:10:13.703+0000] {process_utils.py:87} INFO - Sending the signal 15 to group 34537
[2026-07-04T12:10:13.705+0000] {taskinstance.py:2611} ERROR - Received SIGTERM. Terminating subprocesses.
[2026-07-04T12:10:13.715+0000] {taskinstance.py:441} INFO - ::group::Post task execution logs
[2026-07-04T12:10:13.887+0000] {process_utils.py:80} INFO - Process psutil.Process(pid=34537, status='terminated', exitcode=0, started='10:46:17') (34537) terminated with exit code 0
