[2026-07-04T00:15:28.483+0000] {processor.py:161} INFO - Started process (PID=28320) to work on /opt/airflow/dags/dag_postgres_to_bq.py
[2026-07-04T00:15:28.484+0000] {processor.py:830} INFO - Processing file /opt/airflow/dags/dag_postgres_to_bq.py for tasks to queue
[2026-07-04T00:15:28.484+0000] {logging_mixin.py:188} INFO - [2026-07-04T00:15:28.484+0000] {dagbag.py:545} INFO - Filling up the DagBag from /opt/airflow/dags/dag_postgres_to_bq.py
[2026-07-04T00:15:29.010+0000] {processor.py:840} INFO - DAG(s) 'logistics_postgres_to_bq' retrieved from /opt/airflow/dags/dag_postgres_to_bq.py
[2026-07-04T00:15:29.025+0000] {logging_mixin.py:188} INFO - [2026-07-04T00:15:29.024+0000] {dag.py:3096} INFO - Sync 1 DAGs
[2026-07-04T00:15:29.034+0000] {logging_mixin.py:188} INFO - [2026-07-04T00:15:29.034+0000] {dag.py:3954} INFO - Setting next_dagrun for logistics_postgres_to_bq to None, run_after=None
[2026-07-04T00:15:29.042+0000] {processor.py:183} INFO - Processing /opt/airflow/dags/dag_postgres_to_bq.py took 0.570 seconds
[2026-07-04T01:25:38.843+0000] {processor.py:161} INFO - Started process (PID=28956) to work on /opt/airflow/dags/dag_postgres_to_bq.py
[2026-07-04T01:25:38.844+0000] {processor.py:830} INFO - Processing file /opt/airflow/dags/dag_postgres_to_bq.py for tasks to queue
[2026-07-04T01:25:38.846+0000] {logging_mixin.py:188} INFO - [2026-07-04T01:25:38.845+0000] {dagbag.py:545} INFO - Filling up the DagBag from /opt/airflow/dags/dag_postgres_to_bq.py
[2026-07-04T01:25:39.447+0000] {processor.py:840} INFO - DAG(s) 'logistics_postgres_to_bq' retrieved from /opt/airflow/dags/dag_postgres_to_bq.py
[2026-07-04T01:25:39.462+0000] {logging_mixin.py:188} INFO - [2026-07-04T01:25:39.462+0000] {dag.py:3096} INFO - Sync 1 DAGs
[2026-07-04T01:25:39.473+0000] {logging_mixin.py:188} INFO - [2026-07-04T01:25:39.473+0000] {dag.py:3954} INFO - Setting next_dagrun for logistics_postgres_to_bq to None, run_after=None
[2026-07-04T01:25:39.483+0000] {processor.py:183} INFO - Processing /opt/airflow/dags/dag_postgres_to_bq.py took 0.650 seconds
[2026-07-04T02:49:14.312+0000] {processor.py:161} INFO - Started process (PID=29556) to work on /opt/airflow/dags/dag_postgres_to_bq.py
[2026-07-04T02:49:14.313+0000] {processor.py:830} INFO - Processing file /opt/airflow/dags/dag_postgres_to_bq.py for tasks to queue
[2026-07-04T02:49:14.314+0000] {logging_mixin.py:188} INFO - [2026-07-04T02:49:14.314+0000] {dagbag.py:545} INFO - Filling up the DagBag from /opt/airflow/dags/dag_postgres_to_bq.py
[2026-07-04T02:49:14.954+0000] {processor.py:840} INFO - DAG(s) 'logistics_postgres_to_bq' retrieved from /opt/airflow/dags/dag_postgres_to_bq.py
[2026-07-04T02:49:14.969+0000] {logging_mixin.py:188} INFO - [2026-07-04T02:49:14.969+0000] {dag.py:3096} INFO - Sync 1 DAGs
[2026-07-04T02:49:14.978+0000] {logging_mixin.py:188} INFO - [2026-07-04T02:49:14.978+0000] {dag.py:3954} INFO - Setting next_dagrun for logistics_postgres_to_bq to None, run_after=None
[2026-07-04T02:49:14.986+0000] {processor.py:183} INFO - Processing /opt/airflow/dags/dag_postgres_to_bq.py took 0.679 seconds
[2026-07-04T03:50:20.121+0000] {processor.py:161} INFO - Started process (PID=30210) to work on /opt/airflow/dags/dag_postgres_to_bq.py
[2026-07-04T03:50:20.122+0000] {processor.py:830} INFO - Processing file /opt/airflow/dags/dag_postgres_to_bq.py for tasks to queue
[2026-07-04T03:50:20.123+0000] {logging_mixin.py:188} INFO - [2026-07-04T03:50:20.123+0000] {dagbag.py:545} INFO - Filling up the DagBag from /opt/airflow/dags/dag_postgres_to_bq.py
[2026-07-04T03:50:20.608+0000] {processor.py:840} INFO - DAG(s) 'logistics_postgres_to_bq' retrieved from /opt/airflow/dags/dag_postgres_to_bq.py
[2026-07-04T03:50:20.621+0000] {logging_mixin.py:188} INFO - [2026-07-04T03:50:20.620+0000] {dag.py:3096} INFO - Sync 1 DAGs
[2026-07-04T03:50:20.630+0000] {logging_mixin.py:188} INFO - [2026-07-04T03:50:20.629+0000] {dag.py:3954} INFO - Setting next_dagrun for logistics_postgres_to_bq to None, run_after=None
[2026-07-04T03:50:20.639+0000] {processor.py:183} INFO - Processing /opt/airflow/dags/dag_postgres_to_bq.py took 0.528 seconds
[2026-07-04T05:08:37.625+0000] {processor.py:161} INFO - Started process (PID=30848) to work on /opt/airflow/dags/dag_postgres_to_bq.py
[2026-07-04T05:08:37.625+0000] {processor.py:830} INFO - Processing file /opt/airflow/dags/dag_postgres_to_bq.py for tasks to queue
[2026-07-04T05:08:37.627+0000] {logging_mixin.py:188} INFO - [2026-07-04T05:08:37.626+0000] {dagbag.py:545} INFO - Filling up the DagBag from /opt/airflow/dags/dag_postgres_to_bq.py
[2026-07-04T05:08:38.335+0000] {processor.py:840} INFO - DAG(s) 'logistics_postgres_to_bq' retrieved from /opt/airflow/dags/dag_postgres_to_bq.py
[2026-07-04T05:08:38.354+0000] {logging_mixin.py:188} INFO - [2026-07-04T05:08:38.354+0000] {dag.py:3096} INFO - Sync 1 DAGs
[2026-07-04T05:08:38.369+0000] {logging_mixin.py:188} INFO - [2026-07-04T05:08:38.369+0000] {dag.py:3954} INFO - Setting next_dagrun for logistics_postgres_to_bq to None, run_after=None
[2026-07-04T05:08:38.388+0000] {processor.py:183} INFO - Processing /opt/airflow/dags/dag_postgres_to_bq.py took 0.782 seconds
[2026-07-04T06:09:33.010+0000] {processor.py:161} INFO - Started process (PID=31472) to work on /opt/airflow/dags/dag_postgres_to_bq.py
[2026-07-04T06:09:33.012+0000] {processor.py:830} INFO - Processing file /opt/airflow/dags/dag_postgres_to_bq.py for tasks to queue
[2026-07-04T06:09:33.013+0000] {logging_mixin.py:188} INFO - [2026-07-04T06:09:33.013+0000] {dagbag.py:545} INFO - Filling up the DagBag from /opt/airflow/dags/dag_postgres_to_bq.py
[2026-07-04T06:09:33.697+0000] {processor.py:840} INFO - DAG(s) 'logistics_postgres_to_bq' retrieved from /opt/airflow/dags/dag_postgres_to_bq.py
[2026-07-04T06:09:33.706+0000] {logging_mixin.py:188} INFO - [2026-07-04T06:09:33.706+0000] {dag.py:3096} INFO - Sync 1 DAGs
[2026-07-04T06:09:33.713+0000] {logging_mixin.py:188} INFO - [2026-07-04T06:09:33.713+0000] {dag.py:3954} INFO - Setting next_dagrun for logistics_postgres_to_bq to None, run_after=None
[2026-07-04T06:09:33.725+0000] {processor.py:183} INFO - Processing /opt/airflow/dags/dag_postgres_to_bq.py took 0.727 seconds
[2026-07-04T06:47:06.379+0000] {processor.py:161} INFO - Started process (PID=32070) to work on /opt/airflow/dags/dag_postgres_to_bq.py
[2026-07-04T06:47:06.381+0000] {processor.py:830} INFO - Processing file /opt/airflow/dags/dag_postgres_to_bq.py for tasks to queue
[2026-07-04T06:47:06.387+0000] {logging_mixin.py:188} INFO - [2026-07-04T06:47:06.385+0000] {dagbag.py:545} INFO - Filling up the DagBag from /opt/airflow/dags/dag_postgres_to_bq.py
[2026-07-04T06:47:08.349+0000] {processor.py:840} INFO - DAG(s) 'logistics_postgres_to_bq' retrieved from /opt/airflow/dags/dag_postgres_to_bq.py
[2026-07-04T06:47:08.375+0000] {logging_mixin.py:188} INFO - [2026-07-04T06:47:08.375+0000] {dag.py:3096} INFO - Sync 1 DAGs
[2026-07-04T06:47:08.396+0000] {logging_mixin.py:188} INFO - [2026-07-04T06:47:08.396+0000] {dag.py:3954} INFO - Setting next_dagrun for logistics_postgres_to_bq to None, run_after=None
[2026-07-04T06:47:08.413+0000] {processor.py:183} INFO - Processing /opt/airflow/dags/dag_postgres_to_bq.py took 2.061 seconds
[2026-07-04T06:58:21.374+0000] {processor.py:161} INFO - Started process (PID=32175) to work on /opt/airflow/dags/dag_postgres_to_bq.py
[2026-07-04T06:58:21.375+0000] {processor.py:830} INFO - Processing file /opt/airflow/dags/dag_postgres_to_bq.py for tasks to queue
[2026-07-04T06:58:21.377+0000] {logging_mixin.py:188} INFO - [2026-07-04T06:58:21.376+0000] {dagbag.py:545} INFO - Filling up the DagBag from /opt/airflow/dags/dag_postgres_to_bq.py
[2026-07-04T06:58:21.876+0000] {processor.py:840} INFO - DAG(s) 'logistics_postgres_to_bq' retrieved from /opt/airflow/dags/dag_postgres_to_bq.py
[2026-07-04T06:58:21.891+0000] {logging_mixin.py:188} INFO - [2026-07-04T06:58:21.891+0000] {dag.py:3096} INFO - Sync 1 DAGs
[2026-07-04T06:58:21.900+0000] {logging_mixin.py:188} INFO - [2026-07-04T06:58:21.900+0000] {dag.py:3954} INFO - Setting next_dagrun for logistics_postgres_to_bq to None, run_after=None
[2026-07-04T06:58:21.908+0000] {processor.py:183} INFO - Processing /opt/airflow/dags/dag_postgres_to_bq.py took 0.553 seconds
[2026-07-04T07:05:22.734+0000] {processor.py:161} INFO - Started process (PID=32302) to work on /opt/airflow/dags/dag_postgres_to_bq.py
[2026-07-04T07:05:22.736+0000] {processor.py:830} INFO - Processing file /opt/airflow/dags/dag_postgres_to_bq.py for tasks to queue
[2026-07-04T07:05:22.738+0000] {logging_mixin.py:188} INFO - [2026-07-04T07:05:22.736+0000] {dagbag.py:545} INFO - Filling up the DagBag from /opt/airflow/dags/dag_postgres_to_bq.py
[2026-07-04T07:05:23.287+0000] {processor.py:840} INFO - DAG(s) 'logistics_postgres_to_bq' retrieved from /opt/airflow/dags/dag_postgres_to_bq.py
[2026-07-04T07:05:23.302+0000] {logging_mixin.py:188} INFO - [2026-07-04T07:05:23.301+0000] {dag.py:3096} INFO - Sync 1 DAGs
[2026-07-04T07:05:23.315+0000] {logging_mixin.py:188} INFO - [2026-07-04T07:05:23.315+0000] {dag.py:3954} INFO - Setting next_dagrun for logistics_postgres_to_bq to None, run_after=None
[2026-07-04T07:05:23.330+0000] {processor.py:183} INFO - Processing /opt/airflow/dags/dag_postgres_to_bq.py took 0.610 seconds
[2026-07-04T07:13:31.557+0000] {processor.py:161} INFO - Started process (PID=32912) to work on /opt/airflow/dags/dag_postgres_to_bq.py
[2026-07-04T07:13:31.558+0000] {processor.py:830} INFO - Processing file /opt/airflow/dags/dag_postgres_to_bq.py for tasks to queue
[2026-07-04T07:13:31.559+0000] {logging_mixin.py:188} INFO - [2026-07-04T07:13:31.559+0000] {dagbag.py:545} INFO - Filling up the DagBag from /opt/airflow/dags/dag_postgres_to_bq.py
[2026-07-04T07:13:32.075+0000] {processor.py:840} INFO - DAG(s) 'logistics_postgres_to_bq' retrieved from /opt/airflow/dags/dag_postgres_to_bq.py
[2026-07-04T07:13:32.085+0000] {logging_mixin.py:188} INFO - [2026-07-04T07:13:32.085+0000] {dag.py:3096} INFO - Sync 1 DAGs
[2026-07-04T07:13:32.093+0000] {logging_mixin.py:188} INFO - [2026-07-04T07:13:32.093+0000] {dag.py:3954} INFO - Setting next_dagrun for logistics_postgres_to_bq to None, run_after=None
[2026-07-04T07:13:32.102+0000] {processor.py:183} INFO - Processing /opt/airflow/dags/dag_postgres_to_bq.py took 0.552 seconds
[2026-07-04T07:17:37.591+0000] {processor.py:161} INFO - Started process (PID=33028) to work on /opt/airflow/dags/dag_postgres_to_bq.py
[2026-07-04T07:17:37.593+0000] {processor.py:830} INFO - Processing file /opt/airflow/dags/dag_postgres_to_bq.py for tasks to queue
[2026-07-04T07:17:37.594+0000] {logging_mixin.py:188} INFO - [2026-07-04T07:17:37.594+0000] {dagbag.py:545} INFO - Filling up the DagBag from /opt/airflow/dags/dag_postgres_to_bq.py
[2026-07-04T07:17:38.040+0000] {processor.py:840} INFO - DAG(s) 'logistics_postgres_to_bq' retrieved from /opt/airflow/dags/dag_postgres_to_bq.py
[2026-07-04T07:17:38.056+0000] {logging_mixin.py:188} INFO - [2026-07-04T07:17:38.055+0000] {dag.py:3096} INFO - Sync 1 DAGs
[2026-07-04T07:17:38.066+0000] {logging_mixin.py:188} INFO - [2026-07-04T07:17:38.066+0000] {dag.py:3954} INFO - Setting next_dagrun for logistics_postgres_to_bq to None, run_after=None
[2026-07-04T07:17:38.078+0000] {processor.py:183} INFO - Processing /opt/airflow/dags/dag_postgres_to_bq.py took 0.494 seconds
[2026-07-04T07:24:48.026+0000] {processor.py:161} INFO - Started process (PID=33097) to work on /opt/airflow/dags/dag_postgres_to_bq.py
[2026-07-04T07:24:48.027+0000] {processor.py:830} INFO - Processing file /opt/airflow/dags/dag_postgres_to_bq.py for tasks to queue
[2026-07-04T07:24:48.028+0000] {logging_mixin.py:188} INFO - [2026-07-04T07:24:48.028+0000] {dagbag.py:545} INFO - Filling up the DagBag from /opt/airflow/dags/dag_postgres_to_bq.py
[2026-07-04T07:24:48.450+0000] {processor.py:840} INFO - DAG(s) 'logistics_postgres_to_bq' retrieved from /opt/airflow/dags/dag_postgres_to_bq.py
[2026-07-04T07:24:48.470+0000] {logging_mixin.py:188} INFO - [2026-07-04T07:24:48.469+0000] {dag.py:3096} INFO - Sync 1 DAGs
[2026-07-04T07:24:48.484+0000] {logging_mixin.py:188} INFO - [2026-07-04T07:24:48.484+0000] {dag.py:3954} INFO - Setting next_dagrun for logistics_postgres_to_bq to None, run_after=None
[2026-07-04T07:24:48.505+0000] {processor.py:183} INFO - Processing /opt/airflow/dags/dag_postgres_to_bq.py took 0.484 seconds
[2026-07-04T07:27:41.004+0000] {processor.py:161} INFO - Started process (PID=33134) to work on /opt/airflow/dags/dag_postgres_to_bq.py
[2026-07-04T07:27:41.007+0000] {processor.py:830} INFO - Processing file /opt/airflow/dags/dag_postgres_to_bq.py for tasks to queue
[2026-07-04T07:27:41.007+0000] {logging_mixin.py:188} INFO - [2026-07-04T07:27:41.007+0000] {dagbag.py:545} INFO - Filling up the DagBag from /opt/airflow/dags/dag_postgres_to_bq.py
[2026-07-04T07:27:41.484+0000] {processor.py:840} INFO - DAG(s) 'logistics_postgres_to_bq' retrieved from /opt/airflow/dags/dag_postgres_to_bq.py
[2026-07-04T07:27:41.497+0000] {logging_mixin.py:188} INFO - [2026-07-04T07:27:41.497+0000] {dag.py:3096} INFO - Sync 1 DAGs
[2026-07-04T07:27:41.510+0000] {logging_mixin.py:188} INFO - [2026-07-04T07:27:41.510+0000] {dag.py:3954} INFO - Setting next_dagrun for logistics_postgres_to_bq to None, run_after=None
[2026-07-04T07:27:41.525+0000] {processor.py:183} INFO - Processing /opt/airflow/dags/dag_postgres_to_bq.py took 0.526 seconds
[2026-07-04T07:32:19.769+0000] {processor.py:161} INFO - Started process (PID=33171) to work on /opt/airflow/dags/dag_postgres_to_bq.py
[2026-07-04T07:32:19.770+0000] {processor.py:830} INFO - Processing file /opt/airflow/dags/dag_postgres_to_bq.py for tasks to queue
[2026-07-04T07:32:19.772+0000] {logging_mixin.py:188} INFO - [2026-07-04T07:32:19.771+0000] {dagbag.py:545} INFO - Filling up the DagBag from /opt/airflow/dags/dag_postgres_to_bq.py
[2026-07-04T07:32:20.239+0000] {processor.py:840} INFO - DAG(s) 'logistics_postgres_to_bq' retrieved from /opt/airflow/dags/dag_postgres_to_bq.py
[2026-07-04T07:32:20.257+0000] {logging_mixin.py:188} INFO - [2026-07-04T07:32:20.256+0000] {dag.py:3096} INFO - Sync 1 DAGs
[2026-07-04T07:32:20.267+0000] {logging_mixin.py:188} INFO - [2026-07-04T07:32:20.267+0000] {dag.py:3954} INFO - Setting next_dagrun for logistics_postgres_to_bq to None, run_after=None
[2026-07-04T07:32:20.282+0000] {processor.py:183} INFO - Processing /opt/airflow/dags/dag_postgres_to_bq.py took 0.533 seconds
[2026-07-04T07:38:09.729+0000] {processor.py:161} INFO - Started process (PID=33208) to work on /opt/airflow/dags/dag_postgres_to_bq.py
[2026-07-04T07:38:09.732+0000] {processor.py:830} INFO - Processing file /opt/airflow/dags/dag_postgres_to_bq.py for tasks to queue
[2026-07-04T07:38:09.735+0000] {logging_mixin.py:188} INFO - [2026-07-04T07:38:09.733+0000] {dagbag.py:545} INFO - Filling up the DagBag from /opt/airflow/dags/dag_postgres_to_bq.py
[2026-07-04T07:38:10.278+0000] {processor.py:840} INFO - DAG(s) 'logistics_postgres_to_bq' retrieved from /opt/airflow/dags/dag_postgres_to_bq.py
[2026-07-04T07:38:10.298+0000] {logging_mixin.py:188} INFO - [2026-07-04T07:38:10.297+0000] {dag.py:3096} INFO - Sync 1 DAGs
[2026-07-04T07:38:10.310+0000] {logging_mixin.py:188} INFO - [2026-07-04T07:38:10.310+0000] {dag.py:3954} INFO - Setting next_dagrun for logistics_postgres_to_bq to None, run_after=None
[2026-07-04T07:38:10.329+0000] {processor.py:183} INFO - Processing /opt/airflow/dags/dag_postgres_to_bq.py took 0.608 seconds
[2026-07-04T08:42:33.740+0000] {processor.py:161} INFO - Started process (PID=33245) to work on /opt/airflow/dags/dag_postgres_to_bq.py
[2026-07-04T08:42:33.741+0000] {processor.py:830} INFO - Processing file /opt/airflow/dags/dag_postgres_to_bq.py for tasks to queue
[2026-07-04T08:42:33.743+0000] {logging_mixin.py:188} INFO - [2026-07-04T08:42:33.742+0000] {dagbag.py:545} INFO - Filling up the DagBag from /opt/airflow/dags/dag_postgres_to_bq.py
[2026-07-04T08:42:34.409+0000] {processor.py:840} INFO - DAG(s) 'logistics_postgres_to_bq' retrieved from /opt/airflow/dags/dag_postgres_to_bq.py
[2026-07-04T08:42:34.425+0000] {logging_mixin.py:188} INFO - [2026-07-04T08:42:34.425+0000] {dag.py:3096} INFO - Sync 1 DAGs
[2026-07-04T08:42:34.437+0000] {logging_mixin.py:188} INFO - [2026-07-04T08:42:34.436+0000] {dag.py:3954} INFO - Setting next_dagrun for logistics_postgres_to_bq to None, run_after=None
[2026-07-04T08:42:34.447+0000] {processor.py:183} INFO - Processing /opt/airflow/dags/dag_postgres_to_bq.py took 0.714 seconds
[2026-07-04T09:41:49.072+0000] {processor.py:161} INFO - Started process (PID=33864) to work on /opt/airflow/dags/dag_postgres_to_bq.py
[2026-07-04T09:41:49.073+0000] {processor.py:830} INFO - Processing file /opt/airflow/dags/dag_postgres_to_bq.py for tasks to queue
[2026-07-04T09:41:49.074+0000] {logging_mixin.py:188} INFO - [2026-07-04T09:41:49.073+0000] {dagbag.py:545} INFO - Filling up the DagBag from /opt/airflow/dags/dag_postgres_to_bq.py
[2026-07-04T09:41:49.541+0000] {processor.py:840} INFO - DAG(s) 'logistics_postgres_to_bq' retrieved from /opt/airflow/dags/dag_postgres_to_bq.py
[2026-07-04T09:41:49.557+0000] {logging_mixin.py:188} INFO - [2026-07-04T09:41:49.557+0000] {dag.py:3096} INFO - Sync 1 DAGs
[2026-07-04T09:41:49.578+0000] {logging_mixin.py:188} INFO - [2026-07-04T09:41:49.578+0000] {dag.py:3954} INFO - Setting next_dagrun for logistics_postgres_to_bq to None, run_after=None
[2026-07-04T09:41:49.587+0000] {processor.py:183} INFO - Processing /opt/airflow/dags/dag_postgres_to_bq.py took 0.522 seconds
[2026-07-04T10:46:16.931+0000] {processor.py:161} INFO - Started process (PID=34465) to work on /opt/airflow/dags/dag_postgres_to_bq.py
[2026-07-04T10:46:16.933+0000] {processor.py:830} INFO - Processing file /opt/airflow/dags/dag_postgres_to_bq.py for tasks to queue
[2026-07-04T10:46:16.935+0000] {logging_mixin.py:188} INFO - [2026-07-04T10:46:16.934+0000] {dagbag.py:545} INFO - Filling up the DagBag from /opt/airflow/dags/dag_postgres_to_bq.py
[2026-07-04T10:46:17.427+0000] {processor.py:840} INFO - DAG(s) 'logistics_postgres_to_bq' retrieved from /opt/airflow/dags/dag_postgres_to_bq.py
[2026-07-04T10:46:17.436+0000] {logging_mixin.py:188} INFO - [2026-07-04T10:46:17.435+0000] {dag.py:3096} INFO - Sync 1 DAGs
[2026-07-04T10:46:17.444+0000] {logging_mixin.py:188} INFO - [2026-07-04T10:46:17.443+0000] {dag.py:3954} INFO - Setting next_dagrun for logistics_postgres_to_bq to None, run_after=None
[2026-07-04T10:46:17.453+0000] {processor.py:183} INFO - Processing /opt/airflow/dags/dag_postgres_to_bq.py took 0.527 seconds
[2026-07-04T11:57:13.639+0000] {processor.py:161} INFO - Started process (PID=35074) to work on /opt/airflow/dags/dag_postgres_to_bq.py
[2026-07-04T11:57:13.643+0000] {processor.py:830} INFO - Processing file /opt/airflow/dags/dag_postgres_to_bq.py for tasks to queue
[2026-07-04T11:57:13.649+0000] {logging_mixin.py:188} INFO - [2026-07-04T11:57:13.648+0000] {dagbag.py:545} INFO - Filling up the DagBag from /opt/airflow/dags/dag_postgres_to_bq.py
[2026-07-04T11:57:14.300+0000] {processor.py:840} INFO - DAG(s) 'logistics_postgres_to_bq' retrieved from /opt/airflow/dags/dag_postgres_to_bq.py
[2026-07-04T11:57:14.316+0000] {logging_mixin.py:188} INFO - [2026-07-04T11:57:14.315+0000] {dag.py:3096} INFO - Sync 1 DAGs
[2026-07-04T11:57:14.323+0000] {logging_mixin.py:188} INFO - [2026-07-04T11:57:14.323+0000] {dag.py:3954} INFO - Setting next_dagrun for logistics_postgres_to_bq to None, run_after=None
[2026-07-04T11:57:14.330+0000] {processor.py:183} INFO - Processing /opt/airflow/dags/dag_postgres_to_bq.py took 0.706 seconds
[2026-07-04T12:10:06.689+0000] {processor.py:161} INFO - Started process (PID=35689) to work on /opt/airflow/dags/dag_postgres_to_bq.py
[2026-07-04T12:10:06.692+0000] {processor.py:830} INFO - Processing file /opt/airflow/dags/dag_postgres_to_bq.py for tasks to queue
[2026-07-04T12:10:06.693+0000] {logging_mixin.py:188} INFO - [2026-07-04T12:10:06.693+0000] {dagbag.py:545} INFO - Filling up the DagBag from /opt/airflow/dags/dag_postgres_to_bq.py
[2026-07-04T12:10:07.135+0000] {processor.py:840} INFO - DAG(s) 'logistics_postgres_to_bq' retrieved from /opt/airflow/dags/dag_postgres_to_bq.py
[2026-07-04T12:10:07.151+0000] {logging_mixin.py:188} INFO - [2026-07-04T12:10:07.150+0000] {taskinstance.py:2907} ERROR - {'DAG Id': 'logistics_postgres_to_bq', 'Task Id': 'push_to_bigquery', 'Run Id': 'dataset_triggered__2026-07-04T10:46:17.305385+00:00', 'Hostname': 'bd23e89d97be'}
[2026-07-04T12:10:07.163+0000] {logging_mixin.py:188} INFO - [2026-07-04T12:10:07.163+0000] {taskinstance.py:1206} INFO - Marking task as FAILED. dag_id=logistics_postgres_to_bq, task_id=push_to_bigquery, run_id=dataset_triggered__2026-07-04T10:46:17.305385+00:00, execution_date=20260704T104617, start_date=20260704T104618, end_date=20260704T121007
[2026-07-04T12:10:07.168+0000] {processor.py:791} INFO - Executed failure callback for <TaskInstance: logistics_postgres_to_bq.push_to_bigquery dataset_triggered__2026-07-04T10:46:17.305385+00:00 [failed]> in state failed
[2026-07-04T12:10:07.177+0000] {logging_mixin.py:188} INFO - [2026-07-04T12:10:07.177+0000] {dag.py:3096} INFO - Sync 1 DAGs
[2026-07-04T12:10:07.188+0000] {logging_mixin.py:188} INFO - [2026-07-04T12:10:07.187+0000] {dag.py:3954} INFO - Setting next_dagrun for logistics_postgres_to_bq to None, run_after=None
[2026-07-04T12:10:07.198+0000] {processor.py:183} INFO - Processing /opt/airflow/dags/dag_postgres_to_bq.py took 0.517 seconds
[2026-07-04T12:12:07.635+0000] {processor.py:161} INFO - Started process (PID=36327) to work on /opt/airflow/dags/dag_postgres_to_bq.py
[2026-07-04T12:12:07.639+0000] {processor.py:830} INFO - Processing file /opt/airflow/dags/dag_postgres_to_bq.py for tasks to queue
[2026-07-04T12:12:07.641+0000] {logging_mixin.py:188} INFO - [2026-07-04T12:12:07.640+0000] {dagbag.py:545} INFO - Filling up the DagBag from /opt/airflow/dags/dag_postgres_to_bq.py
[2026-07-04T12:12:08.312+0000] {processor.py:840} INFO - DAG(s) 'logistics_postgres_to_bq' retrieved from /opt/airflow/dags/dag_postgres_to_bq.py
[2026-07-04T12:12:08.331+0000] {logging_mixin.py:188} INFO - [2026-07-04T12:12:08.330+0000] {dag.py:3096} INFO - Sync 1 DAGs
[2026-07-04T12:12:08.345+0000] {logging_mixin.py:188} INFO - [2026-07-04T12:12:08.345+0000] {dag.py:3954} INFO - Setting next_dagrun for logistics_postgres_to_bq to None, run_after=None
[2026-07-04T12:12:08.361+0000] {processor.py:183} INFO - Processing /opt/airflow/dags/dag_postgres_to_bq.py took 0.748 seconds
[2026-07-04T12:31:19.746+0000] {processor.py:161} INFO - Started process (PID=36369) to work on /opt/airflow/dags/dag_postgres_to_bq.py
[2026-07-04T12:31:19.747+0000] {processor.py:830} INFO - Processing file /opt/airflow/dags/dag_postgres_to_bq.py for tasks to queue
[2026-07-04T12:31:19.747+0000] {logging_mixin.py:188} INFO - [2026-07-04T12:31:19.747+0000] {dagbag.py:545} INFO - Filling up the DagBag from /opt/airflow/dags/dag_postgres_to_bq.py
[2026-07-04T12:31:20.200+0000] {processor.py:840} INFO - DAG(s) 'logistics_postgres_to_bq' retrieved from /opt/airflow/dags/dag_postgres_to_bq.py
[2026-07-04T12:31:20.217+0000] {logging_mixin.py:188} INFO - [2026-07-04T12:31:20.217+0000] {dag.py:3096} INFO - Sync 1 DAGs
[2026-07-04T12:31:20.229+0000] {logging_mixin.py:188} INFO - [2026-07-04T12:31:20.229+0000] {dag.py:3954} INFO - Setting next_dagrun for logistics_postgres_to_bq to None, run_after=None
[2026-07-04T12:31:20.242+0000] {processor.py:183} INFO - Processing /opt/airflow/dags/dag_postgres_to_bq.py took 0.501 seconds
[2026-07-04T13:12:06.752+0000] {processor.py:161} INFO - Started process (PID=36401) to work on /opt/airflow/dags/dag_postgres_to_bq.py
[2026-07-04T13:12:06.754+0000] {processor.py:830} INFO - Processing file /opt/airflow/dags/dag_postgres_to_bq.py for tasks to queue
[2026-07-04T13:12:06.755+0000] {logging_mixin.py:188} INFO - [2026-07-04T13:12:06.754+0000] {dagbag.py:545} INFO - Filling up the DagBag from /opt/airflow/dags/dag_postgres_to_bq.py
[2026-07-04T13:12:07.335+0000] {processor.py:840} INFO - DAG(s) 'logistics_postgres_to_bq' retrieved from /opt/airflow/dags/dag_postgres_to_bq.py
[2026-07-04T13:12:07.345+0000] {logging_mixin.py:188} INFO - [2026-07-04T13:12:07.345+0000] {dag.py:3096} INFO - Sync 1 DAGs
[2026-07-04T13:12:07.356+0000] {logging_mixin.py:188} INFO - [2026-07-04T13:12:07.356+0000] {dag.py:3954} INFO - Setting next_dagrun for logistics_postgres_to_bq to None, run_after=None
[2026-07-04T13:12:07.365+0000] {processor.py:183} INFO - Processing /opt/airflow/dags/dag_postgres_to_bq.py took 0.622 seconds
[2026-07-04T13:31:55.852+0000] {processor.py:161} INFO - Started process (PID=37029) to work on /opt/airflow/dags/dag_postgres_to_bq.py
[2026-07-04T13:31:55.853+0000] {processor.py:830} INFO - Processing file /opt/airflow/dags/dag_postgres_to_bq.py for tasks to queue
[2026-07-04T13:31:55.854+0000] {logging_mixin.py:188} INFO - [2026-07-04T13:31:55.854+0000] {dagbag.py:545} INFO - Filling up the DagBag from /opt/airflow/dags/dag_postgres_to_bq.py
[2026-07-04T13:31:56.382+0000] {processor.py:840} INFO - DAG(s) 'logistics_postgres_to_bq' retrieved from /opt/airflow/dags/dag_postgres_to_bq.py
[2026-07-04T13:31:56.394+0000] {logging_mixin.py:188} INFO - [2026-07-04T13:31:56.394+0000] {dag.py:3096} INFO - Sync 1 DAGs
[2026-07-04T13:31:56.402+0000] {logging_mixin.py:188} INFO - [2026-07-04T13:31:56.402+0000] {dag.py:3954} INFO - Setting next_dagrun for logistics_postgres_to_bq to None, run_after=None
[2026-07-04T13:31:56.409+0000] {processor.py:183} INFO - Processing /opt/airflow/dags/dag_postgres_to_bq.py took 0.573 seconds
[2026-07-04T14:30:06.414+0000] {processor.py:161} INFO - Started process (PID=37075) to work on /opt/airflow/dags/dag_postgres_to_bq.py
[2026-07-04T14:30:06.416+0000] {processor.py:830} INFO - Processing file /opt/airflow/dags/dag_postgres_to_bq.py for tasks to queue
[2026-07-04T14:30:06.417+0000] {logging_mixin.py:188} INFO - [2026-07-04T14:30:06.417+0000] {dagbag.py:545} INFO - Filling up the DagBag from /opt/airflow/dags/dag_postgres_to_bq.py
[2026-07-04T14:30:07.904+0000] {processor.py:840} INFO - DAG(s) 'logistics_postgres_to_bq' retrieved from /opt/airflow/dags/dag_postgres_to_bq.py
[2026-07-04T14:30:07.943+0000] {logging_mixin.py:188} INFO - [2026-07-04T14:30:07.942+0000] {dag.py:3096} INFO - Sync 1 DAGs
[2026-07-04T14:30:07.975+0000] {logging_mixin.py:188} INFO - [2026-07-04T14:30:07.974+0000] {dag.py:3954} INFO - Setting next_dagrun for logistics_postgres_to_bq to None, run_after=None
[2026-07-04T14:30:08.017+0000] {processor.py:183} INFO - Processing /opt/airflow/dags/dag_postgres_to_bq.py took 1.611 seconds
[2026-07-04T15:19:17.817+0000] {processor.py:161} INFO - Started process (PID=37672) to work on /opt/airflow/dags/dag_postgres_to_bq.py
[2026-07-04T15:19:17.819+0000] {processor.py:830} INFO - Processing file /opt/airflow/dags/dag_postgres_to_bq.py for tasks to queue
[2026-07-04T15:19:17.820+0000] {logging_mixin.py:188} INFO - [2026-07-04T15:19:17.820+0000] {dagbag.py:545} INFO - Filling up the DagBag from /opt/airflow/dags/dag_postgres_to_bq.py
[2026-07-04T15:19:18.420+0000] {processor.py:840} INFO - DAG(s) 'logistics_postgres_to_bq' retrieved from /opt/airflow/dags/dag_postgres_to_bq.py
[2026-07-04T15:19:18.450+0000] {logging_mixin.py:188} INFO - [2026-07-04T15:19:18.449+0000] {dag.py:3096} INFO - Sync 1 DAGs
[2026-07-04T15:19:18.472+0000] {logging_mixin.py:188} INFO - [2026-07-04T15:19:18.472+0000] {dag.py:3954} INFO - Setting next_dagrun for logistics_postgres_to_bq to None, run_after=None
[2026-07-04T15:19:18.494+0000] {processor.py:183} INFO - Processing /opt/airflow/dags/dag_postgres_to_bq.py took 0.683 seconds
[2026-07-04T15:51:51.577+0000] {processor.py:161} INFO - Started process (PID=38279) to work on /opt/airflow/dags/dag_postgres_to_bq.py
[2026-07-04T15:51:51.578+0000] {processor.py:830} INFO - Processing file /opt/airflow/dags/dag_postgres_to_bq.py for tasks to queue
[2026-07-04T15:51:51.579+0000] {logging_mixin.py:188} INFO - [2026-07-04T15:51:51.578+0000] {dagbag.py:545} INFO - Filling up the DagBag from /opt/airflow/dags/dag_postgres_to_bq.py
[2026-07-04T15:51:52.028+0000] {processor.py:840} INFO - DAG(s) 'logistics_postgres_to_bq' retrieved from /opt/airflow/dags/dag_postgres_to_bq.py
[2026-07-04T15:51:52.038+0000] {logging_mixin.py:188} INFO - [2026-07-04T15:51:52.037+0000] {taskinstance.py:2907} ERROR - {'DAG Id': 'logistics_postgres_to_bq', 'Task Id': 'push_to_bigquery', 'Run Id': 'dataset_triggered__2026-07-04T14:30:06.351467+00:00', 'Hostname': 'bd23e89d97be'}
[2026-07-04T15:51:52.045+0000] {logging_mixin.py:188} INFO - [2026-07-04T15:51:52.045+0000] {taskinstance.py:1206} INFO - Marking task as FAILED. dag_id=logistics_postgres_to_bq, task_id=push_to_bigquery, run_id=dataset_triggered__2026-07-04T14:30:06.351467+00:00, execution_date=20260704T143006, start_date=20260704T143008, end_date=20260704T155152
[2026-07-04T15:51:52.048+0000] {processor.py:791} INFO - Executed failure callback for <TaskInstance: logistics_postgres_to_bq.push_to_bigquery dataset_triggered__2026-07-04T14:30:06.351467+00:00 [failed]> in state failed
[2026-07-04T15:51:52.054+0000] {logging_mixin.py:188} INFO - [2026-07-04T15:51:52.054+0000] {dag.py:3096} INFO - Sync 1 DAGs
[2026-07-04T15:51:52.060+0000] {logging_mixin.py:188} INFO - [2026-07-04T15:51:52.060+0000] {dag.py:3954} INFO - Setting next_dagrun for logistics_postgres_to_bq to None, run_after=None
[2026-07-04T15:51:52.067+0000] {processor.py:183} INFO - Processing /opt/airflow/dags/dag_postgres_to_bq.py took 0.501 seconds
[2026-07-04T15:54:01.677+0000] {processor.py:161} INFO - Started process (PID=38321) to work on /opt/airflow/dags/dag_postgres_to_bq.py
[2026-07-04T15:54:01.679+0000] {processor.py:830} INFO - Processing file /opt/airflow/dags/dag_postgres_to_bq.py for tasks to queue
[2026-07-04T15:54:01.680+0000] {logging_mixin.py:188} INFO - [2026-07-04T15:54:01.680+0000] {dagbag.py:545} INFO - Filling up the DagBag from /opt/airflow/dags/dag_postgres_to_bq.py
[2026-07-04T15:54:02.363+0000] {processor.py:840} INFO - DAG(s) 'logistics_postgres_to_bq' retrieved from /opt/airflow/dags/dag_postgres_to_bq.py
[2026-07-04T15:54:02.388+0000] {logging_mixin.py:188} INFO - [2026-07-04T15:54:02.388+0000] {dag.py:3096} INFO - Sync 1 DAGs
[2026-07-04T15:54:02.404+0000] {logging_mixin.py:188} INFO - [2026-07-04T15:54:02.403+0000] {dag.py:3954} INFO - Setting next_dagrun for logistics_postgres_to_bq to None, run_after=None
[2026-07-04T15:54:02.421+0000] {processor.py:183} INFO - Processing /opt/airflow/dags/dag_postgres_to_bq.py took 0.753 seconds
[2026-07-04T16:28:52.077+0000] {processor.py:161} INFO - Started process (PID=38358) to work on /opt/airflow/dags/dag_postgres_to_bq.py
[2026-07-04T16:28:52.079+0000] {processor.py:830} INFO - Processing file /opt/airflow/dags/dag_postgres_to_bq.py for tasks to queue
[2026-07-04T16:28:52.080+0000] {logging_mixin.py:188} INFO - [2026-07-04T16:28:52.080+0000] {dagbag.py:545} INFO - Filling up the DagBag from /opt/airflow/dags/dag_postgres_to_bq.py
[2026-07-04T16:28:52.640+0000] {processor.py:840} INFO - DAG(s) 'logistics_postgres_to_bq' retrieved from /opt/airflow/dags/dag_postgres_to_bq.py
[2026-07-04T16:28:52.652+0000] {logging_mixin.py:188} INFO - [2026-07-04T16:28:52.652+0000] {dag.py:3096} INFO - Sync 1 DAGs
[2026-07-04T16:28:52.662+0000] {logging_mixin.py:188} INFO - [2026-07-04T16:28:52.662+0000] {dag.py:3954} INFO - Setting next_dagrun for logistics_postgres_to_bq to None, run_after=None
[2026-07-04T16:28:52.672+0000] {processor.py:183} INFO - Processing /opt/airflow/dags/dag_postgres_to_bq.py took 0.604 seconds
[2026-07-04T17:02:16.760+0000] {processor.py:161} INFO - Started process (PID=38980) to work on /opt/airflow/dags/dag_postgres_to_bq.py
[2026-07-04T17:02:16.761+0000] {processor.py:830} INFO - Processing file /opt/airflow/dags/dag_postgres_to_bq.py for tasks to queue
[2026-07-04T17:02:16.762+0000] {logging_mixin.py:188} INFO - [2026-07-04T17:02:16.762+0000] {dagbag.py:545} INFO - Filling up the DagBag from /opt/airflow/dags/dag_postgres_to_bq.py
[2026-07-04T17:02:17.727+0000] {processor.py:840} INFO - DAG(s) 'logistics_postgres_to_bq' retrieved from /opt/airflow/dags/dag_postgres_to_bq.py
[2026-07-04T17:02:17.781+0000] {logging_mixin.py:188} INFO - [2026-07-04T17:02:17.780+0000] {dag.py:3096} INFO - Sync 1 DAGs
[2026-07-04T17:02:17.822+0000] {logging_mixin.py:188} INFO - [2026-07-04T17:02:17.822+0000] {dag.py:3954} INFO - Setting next_dagrun for logistics_postgres_to_bq to None, run_after=None
[2026-07-04T17:02:17.862+0000] {processor.py:183} INFO - Processing /opt/airflow/dags/dag_postgres_to_bq.py took 1.109 seconds
[2026-07-04T17:02:18.720+0000] {processor.py:161} INFO - Started process (PID=39024) to work on /opt/airflow/dags/dag_postgres_to_bq.py
[2026-07-04T17:02:18.727+0000] {processor.py:830} INFO - Processing file /opt/airflow/dags/dag_postgres_to_bq.py for tasks to queue
[2026-07-04T17:02:18.730+0000] {logging_mixin.py:188} INFO - [2026-07-04T17:02:18.729+0000] {dagbag.py:545} INFO - Filling up the DagBag from /opt/airflow/dags/dag_postgres_to_bq.py
[2026-07-04T17:02:19.483+0000] {processor.py:840} INFO - DAG(s) 'logistics_postgres_to_bq' retrieved from /opt/airflow/dags/dag_postgres_to_bq.py
[2026-07-04T17:02:19.497+0000] {logging_mixin.py:188} INFO - [2026-07-04T17:02:19.496+0000] {taskinstance.py:2907} ERROR - {'DAG Id': 'logistics_postgres_to_bq', 'Task Id': 'push_to_bigquery', 'Run Id': 'dataset_triggered__2026-07-04T16:28:52.585974+00:00', 'Hostname': 'bd23e89d97be'}
[2026-07-04T17:02:19.504+0000] {logging_mixin.py:188} INFO - [2026-07-04T17:02:19.504+0000] {taskinstance.py:1206} INFO - Marking task as FAILED. dag_id=logistics_postgres_to_bq, task_id=push_to_bigquery, run_id=dataset_triggered__2026-07-04T16:28:52.585974+00:00, execution_date=20260704T162852, start_date=20260704T162853, end_date=20260704T170219
[2026-07-04T17:02:19.507+0000] {processor.py:791} INFO - Executed failure callback for <TaskInstance: logistics_postgres_to_bq.push_to_bigquery dataset_triggered__2026-07-04T16:28:52.585974+00:00 [failed]> in state failed
[2026-07-04T17:02:19.515+0000] {logging_mixin.py:188} INFO - [2026-07-04T17:02:19.515+0000] {dag.py:3096} INFO - Sync 1 DAGs
[2026-07-04T17:02:19.523+0000] {logging_mixin.py:188} INFO - [2026-07-04T17:02:19.523+0000] {dag.py:3954} INFO - Setting next_dagrun for logistics_postgres_to_bq to None, run_after=None
[2026-07-04T17:02:19.535+0000] {processor.py:183} INFO - Processing /opt/airflow/dags/dag_postgres_to_bq.py took 0.831 seconds
[2026-07-04T18:03:15.688+0000] {processor.py:161} INFO - Started process (PID=39590) to work on /opt/airflow/dags/dag_postgres_to_bq.py
[2026-07-04T18:03:15.689+0000] {processor.py:830} INFO - Processing file /opt/airflow/dags/dag_postgres_to_bq.py for tasks to queue
[2026-07-04T18:03:15.689+0000] {logging_mixin.py:188} INFO - [2026-07-04T18:03:15.689+0000] {dagbag.py:545} INFO - Filling up the DagBag from /opt/airflow/dags/dag_postgres_to_bq.py
[2026-07-04T18:03:16.180+0000] {processor.py:840} INFO - DAG(s) 'logistics_postgres_to_bq' retrieved from /opt/airflow/dags/dag_postgres_to_bq.py
[2026-07-04T18:03:16.190+0000] {logging_mixin.py:188} INFO - [2026-07-04T18:03:16.190+0000] {dag.py:3096} INFO - Sync 1 DAGs
[2026-07-04T18:03:16.198+0000] {logging_mixin.py:188} INFO - [2026-07-04T18:03:16.198+0000] {dag.py:3954} INFO - Setting next_dagrun for logistics_postgres_to_bq to None, run_after=None
[2026-07-04T18:03:16.209+0000] {processor.py:183} INFO - Processing /opt/airflow/dags/dag_postgres_to_bq.py took 0.528 seconds
[2026-07-04T18:03:17.901+0000] {processor.py:161} INFO - Started process (PID=39721) to work on /opt/airflow/dags/dag_postgres_to_bq.py
[2026-07-04T18:03:17.903+0000] {processor.py:830} INFO - Processing file /opt/airflow/dags/dag_postgres_to_bq.py for tasks to queue
[2026-07-04T18:03:17.904+0000] {logging_mixin.py:188} INFO - [2026-07-04T18:03:17.903+0000] {dagbag.py:545} INFO - Filling up the DagBag from /opt/airflow/dags/dag_postgres_to_bq.py
[2026-07-04T18:03:19.424+0000] {processor.py:840} INFO - DAG(s) 'logistics_postgres_to_bq' retrieved from /opt/airflow/dags/dag_postgres_to_bq.py
[2026-07-04T18:03:19.457+0000] {logging_mixin.py:188} INFO - [2026-07-04T18:03:19.456+0000] {taskinstance.py:2907} ERROR - {'DAG Id': 'logistics_postgres_to_bq', 'Task Id': 'push_to_bigquery', 'Run Id': 'dataset_triggered__2026-07-04T17:02:16.861491+00:00', 'Hostname': 'bd23e89d97be'}
[2026-07-04T18:03:19.512+0000] {logging_mixin.py:188} INFO - [2026-07-04T18:03:19.512+0000] {taskinstance.py:1206} INFO - Marking task as FAILED. dag_id=logistics_postgres_to_bq, task_id=push_to_bigquery, run_id=dataset_triggered__2026-07-04T17:02:16.861491+00:00, execution_date=20260704T170216, start_date=20260704T170219, end_date=20260704T180319
[2026-07-04T18:03:19.527+0000] {processor.py:791} INFO - Executed failure callback for <TaskInstance: logistics_postgres_to_bq.push_to_bigquery dataset_triggered__2026-07-04T17:02:16.861491+00:00 [failed]> in state failed
[2026-07-04T18:03:19.540+0000] {logging_mixin.py:188} INFO - [2026-07-04T18:03:19.539+0000] {dag.py:3096} INFO - Sync 1 DAGs
[2026-07-04T18:03:19.551+0000] {logging_mixin.py:188} INFO - [2026-07-04T18:03:19.551+0000] {dag.py:3954} INFO - Setting next_dagrun for logistics_postgres_to_bq to None, run_after=None
[2026-07-04T18:03:19.564+0000] {processor.py:183} INFO - Processing /opt/airflow/dags/dag_postgres_to_bq.py took 1.670 seconds
[2026-07-04T18:41:31.334+0000] {processor.py:161} INFO - Started process (PID=40213) to work on /opt/airflow/dags/dag_postgres_to_bq.py
[2026-07-04T18:41:31.334+0000] {processor.py:830} INFO - Processing file /opt/airflow/dags/dag_postgres_to_bq.py for tasks to queue
[2026-07-04T18:41:31.335+0000] {logging_mixin.py:188} INFO - [2026-07-04T18:41:31.335+0000] {dagbag.py:545} INFO - Filling up the DagBag from /opt/airflow/dags/dag_postgres_to_bq.py
[2026-07-04T18:41:31.701+0000] {processor.py:840} INFO - DAG(s) 'logistics_postgres_to_bq' retrieved from /opt/airflow/dags/dag_postgres_to_bq.py
[2026-07-04T18:41:31.710+0000] {logging_mixin.py:188} INFO - [2026-07-04T18:41:31.710+0000] {dag.py:3096} INFO - Sync 1 DAGs
[2026-07-04T18:41:31.719+0000] {logging_mixin.py:188} INFO - [2026-07-04T18:41:31.719+0000] {dag.py:3954} INFO - Setting next_dagrun for logistics_postgres_to_bq to None, run_after=None
[2026-07-04T18:41:31.727+0000] {processor.py:183} INFO - Processing /opt/airflow/dags/dag_postgres_to_bq.py took 0.398 seconds
[2026-07-04T19:43:21.604+0000] {processor.py:161} INFO - Started process (PID=40255) to work on /opt/airflow/dags/dag_postgres_to_bq.py
[2026-07-04T19:43:21.606+0000] {processor.py:830} INFO - Processing file /opt/airflow/dags/dag_postgres_to_bq.py for tasks to queue
[2026-07-04T19:43:21.607+0000] {logging_mixin.py:188} INFO - [2026-07-04T19:43:21.607+0000] {dagbag.py:545} INFO - Filling up the DagBag from /opt/airflow/dags/dag_postgres_to_bq.py
[2026-07-04T19:43:22.242+0000] {processor.py:840} INFO - DAG(s) 'logistics_postgres_to_bq' retrieved from /opt/airflow/dags/dag_postgres_to_bq.py
[2026-07-04T19:43:22.254+0000] {logging_mixin.py:188} INFO - [2026-07-04T19:43:22.254+0000] {dag.py:3096} INFO - Sync 1 DAGs
[2026-07-04T19:43:22.265+0000] {logging_mixin.py:188} INFO - [2026-07-04T19:43:22.265+0000] {dag.py:3954} INFO - Setting next_dagrun for logistics_postgres_to_bq to None, run_after=None
[2026-07-04T19:43:22.285+0000] {processor.py:183} INFO - Processing /opt/airflow/dags/dag_postgres_to_bq.py took 0.690 seconds
[2026-07-04T21:23:04.797+0000] {processor.py:161} INFO - Started process (PID=40863) to work on /opt/airflow/dags/dag_postgres_to_bq.py
[2026-07-04T21:23:04.798+0000] {processor.py:830} INFO - Processing file /opt/airflow/dags/dag_postgres_to_bq.py for tasks to queue
[2026-07-04T21:23:04.799+0000] {logging_mixin.py:188} INFO - [2026-07-04T21:23:04.798+0000] {dagbag.py:545} INFO - Filling up the DagBag from /opt/airflow/dags/dag_postgres_to_bq.py
[2026-07-04T21:23:05.260+0000] {processor.py:840} INFO - DAG(s) 'logistics_postgres_to_bq' retrieved from /opt/airflow/dags/dag_postgres_to_bq.py
[2026-07-04T21:23:05.271+0000] {logging_mixin.py:188} INFO - [2026-07-04T21:23:05.270+0000] {dag.py:3096} INFO - Sync 1 DAGs
[2026-07-04T21:23:05.279+0000] {logging_mixin.py:188} INFO - [2026-07-04T21:23:05.279+0000] {dag.py:3954} INFO - Setting next_dagrun for logistics_postgres_to_bq to None, run_after=None
[2026-07-04T21:23:05.287+0000] {processor.py:183} INFO - Processing /opt/airflow/dags/dag_postgres_to_bq.py took 0.495 seconds
[2026-07-04T22:43:03.315+0000] {processor.py:161} INFO - Started process (PID=41452) to work on /opt/airflow/dags/dag_postgres_to_bq.py
[2026-07-04T22:43:03.316+0000] {processor.py:830} INFO - Processing file /opt/airflow/dags/dag_postgres_to_bq.py for tasks to queue
[2026-07-04T22:43:03.317+0000] {logging_mixin.py:188} INFO - [2026-07-04T22:43:03.316+0000] {dagbag.py:545} INFO - Filling up the DagBag from /opt/airflow/dags/dag_postgres_to_bq.py
[2026-07-04T22:43:03.701+0000] {processor.py:840} INFO - DAG(s) 'logistics_postgres_to_bq' retrieved from /opt/airflow/dags/dag_postgres_to_bq.py
[2026-07-04T22:43:03.710+0000] {logging_mixin.py:188} INFO - [2026-07-04T22:43:03.710+0000] {dag.py:3096} INFO - Sync 1 DAGs
[2026-07-04T22:43:03.716+0000] {logging_mixin.py:188} INFO - [2026-07-04T22:43:03.716+0000] {dag.py:3954} INFO - Setting next_dagrun for logistics_postgres_to_bq to None, run_after=None
[2026-07-04T22:43:03.724+0000] {processor.py:183} INFO - Processing /opt/airflow/dags/dag_postgres_to_bq.py took 0.414 seconds
[2026-07-04T22:43:05.957+0000] {processor.py:161} INFO - Started process (PID=41619) to work on /opt/airflow/dags/dag_postgres_to_bq.py
[2026-07-04T22:43:05.958+0000] {processor.py:830} INFO - Processing file /opt/airflow/dags/dag_postgres_to_bq.py for tasks to queue
[2026-07-04T22:43:05.960+0000] {logging_mixin.py:188} INFO - [2026-07-04T22:43:05.960+0000] {dagbag.py:545} INFO - Filling up the DagBag from /opt/airflow/dags/dag_postgres_to_bq.py
[2026-07-04T22:43:06.416+0000] {processor.py:840} INFO - DAG(s) 'logistics_postgres_to_bq' retrieved from /opt/airflow/dags/dag_postgres_to_bq.py
[2026-07-04T22:43:06.430+0000] {logging_mixin.py:188} INFO - [2026-07-04T22:43:06.429+0000] {taskinstance.py:2907} ERROR - {'DAG Id': 'logistics_postgres_to_bq', 'Task Id': 'push_to_bigquery', 'Run Id': 'dataset_triggered__2026-07-04T21:23:05.691957+00:00', 'Hostname': 'bd23e89d97be'}
[2026-07-04T22:43:06.438+0000] {logging_mixin.py:188} INFO - [2026-07-04T22:43:06.438+0000] {taskinstance.py:1206} INFO - Marking task as FAILED. dag_id=logistics_postgres_to_bq, task_id=push_to_bigquery, run_id=dataset_triggered__2026-07-04T21:23:05.691957+00:00, execution_date=20260704T212305, start_date=20260704T212307, end_date=20260704T224306
[2026-07-04T22:43:06.444+0000] {processor.py:791} INFO - Executed failure callback for <TaskInstance: logistics_postgres_to_bq.push_to_bigquery dataset_triggered__2026-07-04T21:23:05.691957+00:00 [failed]> in state failed
[2026-07-04T22:43:06.454+0000] {logging_mixin.py:188} INFO - [2026-07-04T22:43:06.453+0000] {dag.py:3096} INFO - Sync 1 DAGs
[2026-07-04T22:43:06.462+0000] {logging_mixin.py:188} INFO - [2026-07-04T22:43:06.462+0000] {dag.py:3954} INFO - Setting next_dagrun for logistics_postgres_to_bq to None, run_after=None
[2026-07-04T22:43:06.473+0000] {processor.py:183} INFO - Processing /opt/airflow/dags/dag_postgres_to_bq.py took 0.522 seconds
[2026-07-04T23:26:31.922+0000] {processor.py:161} INFO - Started process (PID=42069) to work on /opt/airflow/dags/dag_postgres_to_bq.py
[2026-07-04T23:26:31.926+0000] {processor.py:830} INFO - Processing file /opt/airflow/dags/dag_postgres_to_bq.py for tasks to queue
[2026-07-04T23:26:31.930+0000] {logging_mixin.py:188} INFO - [2026-07-04T23:26:31.929+0000] {dagbag.py:545} INFO - Filling up the DagBag from /opt/airflow/dags/dag_postgres_to_bq.py
[2026-07-04T23:26:32.490+0000] {processor.py:840} INFO - DAG(s) 'logistics_postgres_to_bq' retrieved from /opt/airflow/dags/dag_postgres_to_bq.py
[2026-07-04T23:26:32.501+0000] {logging_mixin.py:188} INFO - [2026-07-04T23:26:32.500+0000] {dag.py:3096} INFO - Sync 1 DAGs
[2026-07-04T23:26:32.510+0000] {logging_mixin.py:188} INFO - [2026-07-04T23:26:32.510+0000] {dag.py:3954} INFO - Setting next_dagrun for logistics_postgres_to_bq to None, run_after=None
[2026-07-04T23:26:32.523+0000] {processor.py:183} INFO - Processing /opt/airflow/dags/dag_postgres_to_bq.py took 0.615 seconds
