[2026-07-04T00:15:28.589+0000] {processor.py:161} INFO - Started process (PID=28329) to work on /opt/airflow/dags/dag_silver_weather.py
[2026-07-04T00:15:28.589+0000] {processor.py:830} INFO - Processing file /opt/airflow/dags/dag_silver_weather.py for tasks to queue
[2026-07-04T00:15:28.590+0000] {logging_mixin.py:188} INFO - [2026-07-04T00:15:28.589+0000] {dagbag.py:545} INFO - Filling up the DagBag from /opt/airflow/dags/dag_silver_weather.py
[2026-07-04T00:15:28.596+0000] {processor.py:840} INFO - DAG(s) 'silver_weather_dag' retrieved from /opt/airflow/dags/dag_silver_weather.py
[2026-07-04T00:15:28.610+0000] {logging_mixin.py:188} INFO - [2026-07-04T00:15:28.610+0000] {dag.py:3096} INFO - Sync 1 DAGs
[2026-07-04T00:15:28.618+0000] {logging_mixin.py:188} INFO - [2026-07-04T00:15:28.618+0000] {dag.py:3954} INFO - Setting next_dagrun for silver_weather_dag to None, run_after=None
[2026-07-04T00:15:28.628+0000] {processor.py:183} INFO - Processing /opt/airflow/dags/dag_silver_weather.py took 0.042 seconds
[2026-07-04T01:25:39.013+0000] {processor.py:161} INFO - Started process (PID=28965) to work on /opt/airflow/dags/dag_silver_weather.py
[2026-07-04T01:25:39.015+0000] {processor.py:830} INFO - Processing file /opt/airflow/dags/dag_silver_weather.py for tasks to queue
[2026-07-04T01:25:39.015+0000] {logging_mixin.py:188} INFO - [2026-07-04T01:25:39.015+0000] {dagbag.py:545} INFO - Filling up the DagBag from /opt/airflow/dags/dag_silver_weather.py
[2026-07-04T01:25:39.032+0000] {processor.py:840} INFO - DAG(s) 'silver_weather_dag' retrieved from /opt/airflow/dags/dag_silver_weather.py
[2026-07-04T01:25:39.054+0000] {logging_mixin.py:188} INFO - [2026-07-04T01:25:39.054+0000] {dag.py:3096} INFO - Sync 1 DAGs
[2026-07-04T01:25:39.070+0000] {logging_mixin.py:188} INFO - [2026-07-04T01:25:39.069+0000] {dag.py:3954} INFO - Setting next_dagrun for silver_weather_dag to None, run_after=None
[2026-07-04T01:25:39.087+0000] {processor.py:183} INFO - Processing /opt/airflow/dags/dag_silver_weather.py took 0.077 seconds
[2026-07-04T02:49:14.425+0000] {processor.py:161} INFO - Started process (PID=29565) to work on /opt/airflow/dags/dag_silver_weather.py
[2026-07-04T02:49:14.425+0000] {processor.py:830} INFO - Processing file /opt/airflow/dags/dag_silver_weather.py for tasks to queue
[2026-07-04T02:49:14.426+0000] {logging_mixin.py:188} INFO - [2026-07-04T02:49:14.426+0000] {dagbag.py:545} INFO - Filling up the DagBag from /opt/airflow/dags/dag_silver_weather.py
[2026-07-04T02:49:14.432+0000] {processor.py:840} INFO - DAG(s) 'silver_weather_dag' retrieved from /opt/airflow/dags/dag_silver_weather.py
[2026-07-04T02:49:14.446+0000] {logging_mixin.py:188} INFO - [2026-07-04T02:49:14.446+0000] {dag.py:3096} INFO - Sync 1 DAGs
[2026-07-04T02:49:14.464+0000] {logging_mixin.py:188} INFO - [2026-07-04T02:49:14.463+0000] {dag.py:3954} INFO - Setting next_dagrun for silver_weather_dag to None, run_after=None
[2026-07-04T02:49:14.483+0000] {processor.py:183} INFO - Processing /opt/airflow/dags/dag_silver_weather.py took 0.061 seconds
[2026-07-04T03:50:20.219+0000] {processor.py:161} INFO - Started process (PID=30222) to work on /opt/airflow/dags/dag_silver_weather.py
[2026-07-04T03:50:20.220+0000] {processor.py:830} INFO - Processing file /opt/airflow/dags/dag_silver_weather.py for tasks to queue
[2026-07-04T03:50:20.221+0000] {logging_mixin.py:188} INFO - [2026-07-04T03:50:20.221+0000] {dagbag.py:545} INFO - Filling up the DagBag from /opt/airflow/dags/dag_silver_weather.py
[2026-07-04T03:50:20.236+0000] {processor.py:840} INFO - DAG(s) 'silver_weather_dag' retrieved from /opt/airflow/dags/dag_silver_weather.py
[2026-07-04T03:50:20.262+0000] {logging_mixin.py:188} INFO - [2026-07-04T03:50:20.262+0000] {dag.py:3096} INFO - Sync 1 DAGs
[2026-07-04T03:50:20.282+0000] {logging_mixin.py:188} INFO - [2026-07-04T03:50:20.282+0000] {dag.py:3954} INFO - Setting next_dagrun for silver_weather_dag to None, run_after=None
[2026-07-04T03:50:20.299+0000] {processor.py:183} INFO - Processing /opt/airflow/dags/dag_silver_weather.py took 0.086 seconds
[2026-07-04T05:08:37.874+0000] {processor.py:161} INFO - Started process (PID=30859) to work on /opt/airflow/dags/dag_silver_weather.py
[2026-07-04T05:08:37.877+0000] {processor.py:830} INFO - Processing file /opt/airflow/dags/dag_silver_weather.py for tasks to queue
[2026-07-04T05:08:37.879+0000] {logging_mixin.py:188} INFO - [2026-07-04T05:08:37.878+0000] {dagbag.py:545} INFO - Filling up the DagBag from /opt/airflow/dags/dag_silver_weather.py
[2026-07-04T05:08:37.895+0000] {processor.py:840} INFO - DAG(s) 'silver_weather_dag' retrieved from /opt/airflow/dags/dag_silver_weather.py
[2026-07-04T05:08:37.918+0000] {logging_mixin.py:188} INFO - [2026-07-04T05:08:37.918+0000] {dag.py:3096} INFO - Sync 1 DAGs
[2026-07-04T05:08:37.931+0000] {logging_mixin.py:188} INFO - [2026-07-04T05:08:37.931+0000] {dag.py:3954} INFO - Setting next_dagrun for silver_weather_dag to None, run_after=None
[2026-07-04T05:08:37.948+0000] {processor.py:183} INFO - Processing /opt/airflow/dags/dag_silver_weather.py took 0.079 seconds
[2026-07-04T06:09:33.157+0000] {processor.py:161} INFO - Started process (PID=31481) to work on /opt/airflow/dags/dag_silver_weather.py
[2026-07-04T06:09:33.158+0000] {processor.py:830} INFO - Processing file /opt/airflow/dags/dag_silver_weather.py for tasks to queue
[2026-07-04T06:09:33.159+0000] {logging_mixin.py:188} INFO - [2026-07-04T06:09:33.159+0000] {dagbag.py:545} INFO - Filling up the DagBag from /opt/airflow/dags/dag_silver_weather.py
[2026-07-04T06:09:33.168+0000] {processor.py:840} INFO - DAG(s) 'silver_weather_dag' retrieved from /opt/airflow/dags/dag_silver_weather.py
[2026-07-04T06:09:33.201+0000] {logging_mixin.py:188} INFO - [2026-07-04T06:09:33.200+0000] {dag.py:3096} INFO - Sync 1 DAGs
[2026-07-04T06:09:33.216+0000] {logging_mixin.py:188} INFO - [2026-07-04T06:09:33.216+0000] {dag.py:3954} INFO - Setting next_dagrun for silver_weather_dag to None, run_after=None
[2026-07-04T06:09:33.247+0000] {processor.py:183} INFO - Processing /opt/airflow/dags/dag_silver_weather.py took 0.093 seconds
[2026-07-04T06:47:06.605+0000] {processor.py:161} INFO - Started process (PID=32082) to work on /opt/airflow/dags/dag_silver_weather.py
[2026-07-04T06:47:06.606+0000] {processor.py:830} INFO - Processing file /opt/airflow/dags/dag_silver_weather.py for tasks to queue
[2026-07-04T06:47:06.606+0000] {logging_mixin.py:188} INFO - [2026-07-04T06:47:06.606+0000] {dagbag.py:545} INFO - Filling up the DagBag from /opt/airflow/dags/dag_silver_weather.py
[2026-07-04T06:47:06.623+0000] {processor.py:840} INFO - DAG(s) 'silver_weather_dag' retrieved from /opt/airflow/dags/dag_silver_weather.py
[2026-07-04T06:47:06.640+0000] {logging_mixin.py:188} INFO - [2026-07-04T06:47:06.640+0000] {dag.py:3096} INFO - Sync 1 DAGs
[2026-07-04T06:47:06.654+0000] {logging_mixin.py:188} INFO - [2026-07-04T06:47:06.654+0000] {dag.py:3954} INFO - Setting next_dagrun for silver_weather_dag to None, run_after=None
[2026-07-04T06:47:06.672+0000] {processor.py:183} INFO - Processing /opt/airflow/dags/dag_silver_weather.py took 0.071 seconds
[2026-07-04T06:58:21.502+0000] {processor.py:161} INFO - Started process (PID=32186) to work on /opt/airflow/dags/dag_silver_weather.py
[2026-07-04T06:58:21.504+0000] {processor.py:830} INFO - Processing file /opt/airflow/dags/dag_silver_weather.py for tasks to queue
[2026-07-04T06:58:21.505+0000] {logging_mixin.py:188} INFO - [2026-07-04T06:58:21.505+0000] {dagbag.py:545} INFO - Filling up the DagBag from /opt/airflow/dags/dag_silver_weather.py
[2026-07-04T06:58:21.517+0000] {processor.py:840} INFO - DAG(s) 'silver_weather_dag' retrieved from /opt/airflow/dags/dag_silver_weather.py
[2026-07-04T06:58:21.534+0000] {logging_mixin.py:188} INFO - [2026-07-04T06:58:21.534+0000] {dag.py:3096} INFO - Sync 1 DAGs
[2026-07-04T06:58:21.550+0000] {logging_mixin.py:188} INFO - [2026-07-04T06:58:21.549+0000] {dag.py:3954} INFO - Setting next_dagrun for silver_weather_dag to None, run_after=None
[2026-07-04T06:58:21.564+0000] {processor.py:183} INFO - Processing /opt/airflow/dags/dag_silver_weather.py took 0.067 seconds
[2026-07-04T07:05:22.924+0000] {processor.py:161} INFO - Started process (PID=32311) to work on /opt/airflow/dags/dag_silver_weather.py
[2026-07-04T07:05:22.926+0000] {processor.py:830} INFO - Processing file /opt/airflow/dags/dag_silver_weather.py for tasks to queue
[2026-07-04T07:05:22.926+0000] {logging_mixin.py:188} INFO - [2026-07-04T07:05:22.926+0000] {dagbag.py:545} INFO - Filling up the DagBag from /opt/airflow/dags/dag_silver_weather.py
[2026-07-04T07:05:22.934+0000] {processor.py:840} INFO - DAG(s) 'silver_weather_dag' retrieved from /opt/airflow/dags/dag_silver_weather.py
[2026-07-04T07:05:22.950+0000] {logging_mixin.py:188} INFO - [2026-07-04T07:05:22.950+0000] {dag.py:3096} INFO - Sync 1 DAGs
[2026-07-04T07:05:22.960+0000] {logging_mixin.py:188} INFO - [2026-07-04T07:05:22.960+0000] {dag.py:3954} INFO - Setting next_dagrun for silver_weather_dag to None, run_after=None
[2026-07-04T07:05:22.972+0000] {processor.py:183} INFO - Processing /opt/airflow/dags/dag_silver_weather.py took 0.055 seconds
[2026-07-04T07:13:31.659+0000] {processor.py:161} INFO - Started process (PID=32921) to work on /opt/airflow/dags/dag_silver_weather.py
[2026-07-04T07:13:31.661+0000] {processor.py:830} INFO - Processing file /opt/airflow/dags/dag_silver_weather.py for tasks to queue
[2026-07-04T07:13:31.661+0000] {logging_mixin.py:188} INFO - [2026-07-04T07:13:31.661+0000] {dagbag.py:545} INFO - Filling up the DagBag from /opt/airflow/dags/dag_silver_weather.py
[2026-07-04T07:13:31.669+0000] {processor.py:840} INFO - DAG(s) 'silver_weather_dag' retrieved from /opt/airflow/dags/dag_silver_weather.py
[2026-07-04T07:13:31.686+0000] {logging_mixin.py:188} INFO - [2026-07-04T07:13:31.686+0000] {dag.py:3096} INFO - Sync 1 DAGs
[2026-07-04T07:13:31.702+0000] {logging_mixin.py:188} INFO - [2026-07-04T07:13:31.702+0000] {dag.py:3954} INFO - Setting next_dagrun for silver_weather_dag to None, run_after=None
[2026-07-04T07:13:31.717+0000] {processor.py:183} INFO - Processing /opt/airflow/dags/dag_silver_weather.py took 0.061 seconds
[2026-07-04T07:17:37.695+0000] {processor.py:161} INFO - Started process (PID=33037) to work on /opt/airflow/dags/dag_silver_weather.py
[2026-07-04T07:17:37.696+0000] {processor.py:830} INFO - Processing file /opt/airflow/dags/dag_silver_weather.py for tasks to queue
[2026-07-04T07:17:37.697+0000] {logging_mixin.py:188} INFO - [2026-07-04T07:17:37.697+0000] {dagbag.py:545} INFO - Filling up the DagBag from /opt/airflow/dags/dag_silver_weather.py
[2026-07-04T07:17:37.704+0000] {processor.py:840} INFO - DAG(s) 'silver_weather_dag' retrieved from /opt/airflow/dags/dag_silver_weather.py
[2026-07-04T07:17:37.728+0000] {logging_mixin.py:188} INFO - [2026-07-04T07:17:37.728+0000] {dag.py:3096} INFO - Sync 1 DAGs
[2026-07-04T07:17:37.751+0000] {logging_mixin.py:188} INFO - [2026-07-04T07:17:37.750+0000] {dag.py:3954} INFO - Setting next_dagrun for silver_weather_dag to None, run_after=None
[2026-07-04T07:17:37.769+0000] {processor.py:183} INFO - Processing /opt/airflow/dags/dag_silver_weather.py took 0.078 seconds
[2026-07-04T07:24:48.114+0000] {processor.py:161} INFO - Started process (PID=33106) to work on /opt/airflow/dags/dag_silver_weather.py
[2026-07-04T07:24:48.115+0000] {processor.py:830} INFO - Processing file /opt/airflow/dags/dag_silver_weather.py for tasks to queue
[2026-07-04T07:24:48.116+0000] {logging_mixin.py:188} INFO - [2026-07-04T07:24:48.116+0000] {dagbag.py:545} INFO - Filling up the DagBag from /opt/airflow/dags/dag_silver_weather.py
[2026-07-04T07:24:48.123+0000] {processor.py:840} INFO - DAG(s) 'silver_weather_dag' retrieved from /opt/airflow/dags/dag_silver_weather.py
[2026-07-04T07:24:48.136+0000] {logging_mixin.py:188} INFO - [2026-07-04T07:24:48.136+0000] {dag.py:3096} INFO - Sync 1 DAGs
[2026-07-04T07:24:48.145+0000] {logging_mixin.py:188} INFO - [2026-07-04T07:24:48.145+0000] {dag.py:3954} INFO - Setting next_dagrun for silver_weather_dag to None, run_after=None
[2026-07-04T07:24:48.155+0000] {processor.py:183} INFO - Processing /opt/airflow/dags/dag_silver_weather.py took 0.045 seconds
[2026-07-04T07:27:41.112+0000] {processor.py:161} INFO - Started process (PID=33143) to work on /opt/airflow/dags/dag_silver_weather.py
[2026-07-04T07:27:41.114+0000] {processor.py:830} INFO - Processing file /opt/airflow/dags/dag_silver_weather.py for tasks to queue
[2026-07-04T07:27:41.114+0000] {logging_mixin.py:188} INFO - [2026-07-04T07:27:41.114+0000] {dagbag.py:545} INFO - Filling up the DagBag from /opt/airflow/dags/dag_silver_weather.py
[2026-07-04T07:27:41.121+0000] {processor.py:840} INFO - DAG(s) 'silver_weather_dag' retrieved from /opt/airflow/dags/dag_silver_weather.py
[2026-07-04T07:27:41.135+0000] {logging_mixin.py:188} INFO - [2026-07-04T07:27:41.134+0000] {dag.py:3096} INFO - Sync 1 DAGs
[2026-07-04T07:27:41.145+0000] {logging_mixin.py:188} INFO - [2026-07-04T07:27:41.145+0000] {dag.py:3954} INFO - Setting next_dagrun for silver_weather_dag to None, run_after=None
[2026-07-04T07:27:41.155+0000] {processor.py:183} INFO - Processing /opt/airflow/dags/dag_silver_weather.py took 0.047 seconds
[2026-07-04T07:32:19.865+0000] {processor.py:161} INFO - Started process (PID=33180) to work on /opt/airflow/dags/dag_silver_weather.py
[2026-07-04T07:32:19.865+0000] {processor.py:830} INFO - Processing file /opt/airflow/dags/dag_silver_weather.py for tasks to queue
[2026-07-04T07:32:19.866+0000] {logging_mixin.py:188} INFO - [2026-07-04T07:32:19.866+0000] {dagbag.py:545} INFO - Filling up the DagBag from /opt/airflow/dags/dag_silver_weather.py
[2026-07-04T07:32:19.872+0000] {processor.py:840} INFO - DAG(s) 'silver_weather_dag' retrieved from /opt/airflow/dags/dag_silver_weather.py
[2026-07-04T07:32:19.886+0000] {logging_mixin.py:188} INFO - [2026-07-04T07:32:19.886+0000] {dag.py:3096} INFO - Sync 1 DAGs
[2026-07-04T07:32:19.893+0000] {logging_mixin.py:188} INFO - [2026-07-04T07:32:19.893+0000] {dag.py:3954} INFO - Setting next_dagrun for silver_weather_dag to None, run_after=None
[2026-07-04T07:32:19.904+0000] {processor.py:183} INFO - Processing /opt/airflow/dags/dag_silver_weather.py took 0.043 seconds
[2026-07-04T07:38:09.845+0000] {processor.py:161} INFO - Started process (PID=33217) to work on /opt/airflow/dags/dag_silver_weather.py
[2026-07-04T07:38:09.846+0000] {processor.py:830} INFO - Processing file /opt/airflow/dags/dag_silver_weather.py for tasks to queue
[2026-07-04T07:38:09.847+0000] {logging_mixin.py:188} INFO - [2026-07-04T07:38:09.847+0000] {dagbag.py:545} INFO - Filling up the DagBag from /opt/airflow/dags/dag_silver_weather.py
[2026-07-04T07:38:09.853+0000] {processor.py:840} INFO - DAG(s) 'silver_weather_dag' retrieved from /opt/airflow/dags/dag_silver_weather.py
[2026-07-04T07:38:09.866+0000] {logging_mixin.py:188} INFO - [2026-07-04T07:38:09.866+0000] {dag.py:3096} INFO - Sync 1 DAGs
[2026-07-04T07:38:09.877+0000] {logging_mixin.py:188} INFO - [2026-07-04T07:38:09.877+0000] {dag.py:3954} INFO - Setting next_dagrun for silver_weather_dag to None, run_after=None
[2026-07-04T07:38:09.887+0000] {processor.py:183} INFO - Processing /opt/airflow/dags/dag_silver_weather.py took 0.048 seconds
[2026-07-04T08:42:33.920+0000] {processor.py:161} INFO - Started process (PID=33256) to work on /opt/airflow/dags/dag_silver_weather.py
[2026-07-04T08:42:33.923+0000] {processor.py:830} INFO - Processing file /opt/airflow/dags/dag_silver_weather.py for tasks to queue
[2026-07-04T08:42:33.924+0000] {logging_mixin.py:188} INFO - [2026-07-04T08:42:33.924+0000] {dagbag.py:545} INFO - Filling up the DagBag from /opt/airflow/dags/dag_silver_weather.py
[2026-07-04T08:42:33.936+0000] {processor.py:840} INFO - DAG(s) 'silver_weather_dag' retrieved from /opt/airflow/dags/dag_silver_weather.py
[2026-07-04T08:42:33.968+0000] {logging_mixin.py:188} INFO - [2026-07-04T08:42:33.967+0000] {dag.py:3096} INFO - Sync 1 DAGs
[2026-07-04T08:42:33.990+0000] {logging_mixin.py:188} INFO - [2026-07-04T08:42:33.990+0000] {dag.py:3954} INFO - Setting next_dagrun for silver_weather_dag to None, run_after=None
[2026-07-04T08:42:34.020+0000] {processor.py:183} INFO - Processing /opt/airflow/dags/dag_silver_weather.py took 0.112 seconds
[2026-07-04T09:41:49.185+0000] {processor.py:161} INFO - Started process (PID=33873) to work on /opt/airflow/dags/dag_silver_weather.py
[2026-07-04T09:41:49.186+0000] {processor.py:830} INFO - Processing file /opt/airflow/dags/dag_silver_weather.py for tasks to queue
[2026-07-04T09:41:49.187+0000] {logging_mixin.py:188} INFO - [2026-07-04T09:41:49.187+0000] {dagbag.py:545} INFO - Filling up the DagBag from /opt/airflow/dags/dag_silver_weather.py
[2026-07-04T09:41:49.195+0000] {processor.py:840} INFO - DAG(s) 'silver_weather_dag' retrieved from /opt/airflow/dags/dag_silver_weather.py
[2026-07-04T09:41:49.209+0000] {logging_mixin.py:188} INFO - [2026-07-04T09:41:49.209+0000] {dag.py:3096} INFO - Sync 1 DAGs
[2026-07-04T09:41:49.219+0000] {logging_mixin.py:188} INFO - [2026-07-04T09:41:49.218+0000] {dag.py:3954} INFO - Setting next_dagrun for silver_weather_dag to None, run_after=None
[2026-07-04T09:41:49.230+0000] {processor.py:183} INFO - Processing /opt/airflow/dags/dag_silver_weather.py took 0.050 seconds
[2026-07-04T10:46:17.053+0000] {processor.py:161} INFO - Started process (PID=34477) to work on /opt/airflow/dags/dag_silver_weather.py
[2026-07-04T10:46:17.054+0000] {processor.py:830} INFO - Processing file /opt/airflow/dags/dag_silver_weather.py for tasks to queue
[2026-07-04T10:46:17.055+0000] {logging_mixin.py:188} INFO - [2026-07-04T10:46:17.054+0000] {dagbag.py:545} INFO - Filling up the DagBag from /opt/airflow/dags/dag_silver_weather.py
[2026-07-04T10:46:17.067+0000] {processor.py:840} INFO - DAG(s) 'silver_weather_dag' retrieved from /opt/airflow/dags/dag_silver_weather.py
[2026-07-04T10:46:17.095+0000] {logging_mixin.py:188} INFO - [2026-07-04T10:46:17.095+0000] {dag.py:3096} INFO - Sync 1 DAGs
[2026-07-04T10:46:17.116+0000] {logging_mixin.py:188} INFO - [2026-07-04T10:46:17.115+0000] {dag.py:3954} INFO - Setting next_dagrun for silver_weather_dag to None, run_after=None
[2026-07-04T10:46:17.131+0000] {processor.py:183} INFO - Processing /opt/airflow/dags/dag_silver_weather.py took 0.082 seconds
[2026-07-04T11:57:13.838+0000] {processor.py:161} INFO - Started process (PID=35083) to work on /opt/airflow/dags/dag_silver_weather.py
[2026-07-04T11:57:13.839+0000] {processor.py:830} INFO - Processing file /opt/airflow/dags/dag_silver_weather.py for tasks to queue
[2026-07-04T11:57:13.840+0000] {logging_mixin.py:188} INFO - [2026-07-04T11:57:13.839+0000] {dagbag.py:545} INFO - Filling up the DagBag from /opt/airflow/dags/dag_silver_weather.py
[2026-07-04T11:57:13.847+0000] {processor.py:840} INFO - DAG(s) 'silver_weather_dag' retrieved from /opt/airflow/dags/dag_silver_weather.py
[2026-07-04T11:57:13.872+0000] {logging_mixin.py:188} INFO - [2026-07-04T11:57:13.872+0000] {dag.py:3096} INFO - Sync 1 DAGs
[2026-07-04T11:57:13.911+0000] {logging_mixin.py:188} INFO - [2026-07-04T11:57:13.911+0000] {dag.py:3954} INFO - Setting next_dagrun for silver_weather_dag to None, run_after=None
[2026-07-04T11:57:13.931+0000] {processor.py:183} INFO - Processing /opt/airflow/dags/dag_silver_weather.py took 0.107 seconds
[2026-07-04T12:10:06.943+0000] {processor.py:161} INFO - Started process (PID=35703) to work on /opt/airflow/dags/dag_silver_weather.py
[2026-07-04T12:10:06.945+0000] {processor.py:830} INFO - Processing file /opt/airflow/dags/dag_silver_weather.py for tasks to queue
[2026-07-04T12:10:06.946+0000] {logging_mixin.py:188} INFO - [2026-07-04T12:10:06.946+0000] {dagbag.py:545} INFO - Filling up the DagBag from /opt/airflow/dags/dag_silver_weather.py
[2026-07-04T12:10:06.955+0000] {processor.py:840} INFO - DAG(s) 'silver_weather_dag' retrieved from /opt/airflow/dags/dag_silver_weather.py
[2026-07-04T12:10:06.972+0000] {logging_mixin.py:188} INFO - [2026-07-04T12:10:06.972+0000] {dag.py:3096} INFO - Sync 1 DAGs
[2026-07-04T12:10:06.985+0000] {logging_mixin.py:188} INFO - [2026-07-04T12:10:06.985+0000] {dag.py:3954} INFO - Setting next_dagrun for silver_weather_dag to None, run_after=None
[2026-07-04T12:10:06.998+0000] {processor.py:183} INFO - Processing /opt/airflow/dags/dag_silver_weather.py took 0.061 seconds
[2026-07-04T12:12:07.776+0000] {processor.py:161} INFO - Started process (PID=36336) to work on /opt/airflow/dags/dag_silver_weather.py
[2026-07-04T12:12:07.777+0000] {processor.py:830} INFO - Processing file /opt/airflow/dags/dag_silver_weather.py for tasks to queue
[2026-07-04T12:12:07.778+0000] {logging_mixin.py:188} INFO - [2026-07-04T12:12:07.778+0000] {dagbag.py:545} INFO - Filling up the DagBag from /opt/airflow/dags/dag_silver_weather.py
[2026-07-04T12:12:07.786+0000] {processor.py:840} INFO - DAG(s) 'silver_weather_dag' retrieved from /opt/airflow/dags/dag_silver_weather.py
[2026-07-04T12:12:07.810+0000] {logging_mixin.py:188} INFO - [2026-07-04T12:12:07.810+0000] {dag.py:3096} INFO - Sync 1 DAGs
[2026-07-04T12:12:07.828+0000] {logging_mixin.py:188} INFO - [2026-07-04T12:12:07.828+0000] {dag.py:3954} INFO - Setting next_dagrun for silver_weather_dag to None, run_after=None
[2026-07-04T12:12:07.842+0000] {processor.py:183} INFO - Processing /opt/airflow/dags/dag_silver_weather.py took 0.074 seconds
[2026-07-04T12:31:19.746+0000] {processor.py:161} INFO - Started process (PID=36372) to work on /opt/airflow/dags/dag_silver_weather.py
[2026-07-04T12:31:19.747+0000] {processor.py:830} INFO - Processing file /opt/airflow/dags/dag_silver_weather.py for tasks to queue
[2026-07-04T12:31:19.748+0000] {logging_mixin.py:188} INFO - [2026-07-04T12:31:19.748+0000] {dagbag.py:545} INFO - Filling up the DagBag from /opt/airflow/dags/dag_silver_weather.py
[2026-07-04T12:31:19.761+0000] {processor.py:840} INFO - DAG(s) 'silver_weather_dag' retrieved from /opt/airflow/dags/dag_silver_weather.py
[2026-07-04T12:31:19.778+0000] {logging_mixin.py:188} INFO - [2026-07-04T12:31:19.778+0000] {dag.py:3096} INFO - Sync 1 DAGs
[2026-07-04T12:31:19.790+0000] {logging_mixin.py:188} INFO - [2026-07-04T12:31:19.790+0000] {dag.py:3954} INFO - Setting next_dagrun for silver_weather_dag to None, run_after=None
[2026-07-04T12:31:19.799+0000] {processor.py:183} INFO - Processing /opt/airflow/dags/dag_silver_weather.py took 0.057 seconds
[2026-07-04T13:12:07.178+0000] {processor.py:161} INFO - Started process (PID=36419) to work on /opt/airflow/dags/dag_silver_weather.py
[2026-07-04T13:12:07.179+0000] {processor.py:830} INFO - Processing file /opt/airflow/dags/dag_silver_weather.py for tasks to queue
[2026-07-04T13:12:07.180+0000] {logging_mixin.py:188} INFO - [2026-07-04T13:12:07.179+0000] {dagbag.py:545} INFO - Filling up the DagBag from /opt/airflow/dags/dag_silver_weather.py
[2026-07-04T13:12:07.188+0000] {processor.py:840} INFO - DAG(s) 'silver_weather_dag' retrieved from /opt/airflow/dags/dag_silver_weather.py
[2026-07-04T13:12:07.211+0000] {logging_mixin.py:188} INFO - [2026-07-04T13:12:07.211+0000] {dag.py:3096} INFO - Sync 1 DAGs
[2026-07-04T13:12:07.227+0000] {logging_mixin.py:188} INFO - [2026-07-04T13:12:07.226+0000] {dag.py:3954} INFO - Setting next_dagrun for silver_weather_dag to None, run_after=None
[2026-07-04T13:12:07.247+0000] {processor.py:183} INFO - Processing /opt/airflow/dags/dag_silver_weather.py took 0.083 seconds
[2026-07-04T13:31:56.041+0000] {processor.py:161} INFO - Started process (PID=37043) to work on /opt/airflow/dags/dag_silver_weather.py
[2026-07-04T13:31:56.042+0000] {processor.py:830} INFO - Processing file /opt/airflow/dags/dag_silver_weather.py for tasks to queue
[2026-07-04T13:31:56.043+0000] {logging_mixin.py:188} INFO - [2026-07-04T13:31:56.043+0000] {dagbag.py:545} INFO - Filling up the DagBag from /opt/airflow/dags/dag_silver_weather.py
[2026-07-04T13:31:56.050+0000] {processor.py:840} INFO - DAG(s) 'silver_weather_dag' retrieved from /opt/airflow/dags/dag_silver_weather.py
[2026-07-04T13:31:56.068+0000] {logging_mixin.py:188} INFO - [2026-07-04T13:31:56.068+0000] {dag.py:3096} INFO - Sync 1 DAGs
[2026-07-04T13:31:56.080+0000] {logging_mixin.py:188} INFO - [2026-07-04T13:31:56.080+0000] {dag.py:3954} INFO - Setting next_dagrun for silver_weather_dag to None, run_after=None
[2026-07-04T13:31:56.092+0000] {processor.py:183} INFO - Processing /opt/airflow/dags/dag_silver_weather.py took 0.054 seconds
[2026-07-04T14:30:06.610+0000] {processor.py:161} INFO - Started process (PID=37085) to work on /opt/airflow/dags/dag_silver_weather.py
[2026-07-04T14:30:06.612+0000] {processor.py:830} INFO - Processing file /opt/airflow/dags/dag_silver_weather.py for tasks to queue
[2026-07-04T14:30:06.613+0000] {logging_mixin.py:188} INFO - [2026-07-04T14:30:06.613+0000] {dagbag.py:545} INFO - Filling up the DagBag from /opt/airflow/dags/dag_silver_weather.py
[2026-07-04T14:30:06.630+0000] {processor.py:840} INFO - DAG(s) 'silver_weather_dag' retrieved from /opt/airflow/dags/dag_silver_weather.py
[2026-07-04T14:30:06.706+0000] {logging_mixin.py:188} INFO - [2026-07-04T14:30:06.704+0000] {dag.py:3096} INFO - Sync 1 DAGs
[2026-07-04T14:30:06.761+0000] {logging_mixin.py:188} INFO - [2026-07-04T14:30:06.760+0000] {dag.py:3954} INFO - Setting next_dagrun for silver_weather_dag to None, run_after=None
[2026-07-04T14:30:06.816+0000] {processor.py:183} INFO - Processing /opt/airflow/dags/dag_silver_weather.py took 0.222 seconds
[2026-07-04T15:19:17.939+0000] {processor.py:161} INFO - Started process (PID=37681) to work on /opt/airflow/dags/dag_silver_weather.py
[2026-07-04T15:19:17.941+0000] {processor.py:830} INFO - Processing file /opt/airflow/dags/dag_silver_weather.py for tasks to queue
[2026-07-04T15:19:17.942+0000] {logging_mixin.py:188} INFO - [2026-07-04T15:19:17.942+0000] {dagbag.py:545} INFO - Filling up the DagBag from /opt/airflow/dags/dag_silver_weather.py
[2026-07-04T15:19:17.956+0000] {processor.py:840} INFO - DAG(s) 'silver_weather_dag' retrieved from /opt/airflow/dags/dag_silver_weather.py
[2026-07-04T15:19:17.978+0000] {logging_mixin.py:188} INFO - [2026-07-04T15:19:17.978+0000] {dag.py:3096} INFO - Sync 1 DAGs
[2026-07-04T15:19:17.996+0000] {logging_mixin.py:188} INFO - [2026-07-04T15:19:17.996+0000] {dag.py:3954} INFO - Setting next_dagrun for silver_weather_dag to None, run_after=None
[2026-07-04T15:19:18.012+0000] {processor.py:183} INFO - Processing /opt/airflow/dags/dag_silver_weather.py took 0.079 seconds
[2026-07-04T15:51:51.694+0000] {processor.py:161} INFO - Started process (PID=38288) to work on /opt/airflow/dags/dag_silver_weather.py
[2026-07-04T15:51:51.694+0000] {processor.py:830} INFO - Processing file /opt/airflow/dags/dag_silver_weather.py for tasks to queue
[2026-07-04T15:51:51.695+0000] {logging_mixin.py:188} INFO - [2026-07-04T15:51:51.695+0000] {dagbag.py:545} INFO - Filling up the DagBag from /opt/airflow/dags/dag_silver_weather.py
[2026-07-04T15:51:51.706+0000] {processor.py:840} INFO - DAG(s) 'silver_weather_dag' retrieved from /opt/airflow/dags/dag_silver_weather.py
[2026-07-04T15:51:51.727+0000] {logging_mixin.py:188} INFO - [2026-07-04T15:51:51.727+0000] {dag.py:3096} INFO - Sync 1 DAGs
[2026-07-04T15:51:51.742+0000] {logging_mixin.py:188} INFO - [2026-07-04T15:51:51.742+0000] {dag.py:3954} INFO - Setting next_dagrun for silver_weather_dag to None, run_after=None
[2026-07-04T15:51:51.755+0000] {processor.py:183} INFO - Processing /opt/airflow/dags/dag_silver_weather.py took 0.064 seconds
[2026-07-04T15:54:01.786+0000] {processor.py:161} INFO - Started process (PID=38330) to work on /opt/airflow/dags/dag_silver_weather.py
[2026-07-04T15:54:01.787+0000] {processor.py:830} INFO - Processing file /opt/airflow/dags/dag_silver_weather.py for tasks to queue
[2026-07-04T15:54:01.787+0000] {logging_mixin.py:188} INFO - [2026-07-04T15:54:01.787+0000] {dagbag.py:545} INFO - Filling up the DagBag from /opt/airflow/dags/dag_silver_weather.py
[2026-07-04T15:54:01.794+0000] {processor.py:840} INFO - DAG(s) 'silver_weather_dag' retrieved from /opt/airflow/dags/dag_silver_weather.py
[2026-07-04T15:54:01.809+0000] {logging_mixin.py:188} INFO - [2026-07-04T15:54:01.809+0000] {dag.py:3096} INFO - Sync 1 DAGs
[2026-07-04T15:54:01.818+0000] {logging_mixin.py:188} INFO - [2026-07-04T15:54:01.818+0000] {dag.py:3954} INFO - Setting next_dagrun for silver_weather_dag to None, run_after=None
[2026-07-04T15:54:01.828+0000] {processor.py:183} INFO - Processing /opt/airflow/dags/dag_silver_weather.py took 0.046 seconds
[2026-07-04T16:28:52.218+0000] {processor.py:161} INFO - Started process (PID=38367) to work on /opt/airflow/dags/dag_silver_weather.py
[2026-07-04T16:28:52.220+0000] {processor.py:830} INFO - Processing file /opt/airflow/dags/dag_silver_weather.py for tasks to queue
[2026-07-04T16:28:52.221+0000] {logging_mixin.py:188} INFO - [2026-07-04T16:28:52.221+0000] {dagbag.py:545} INFO - Filling up the DagBag from /opt/airflow/dags/dag_silver_weather.py
[2026-07-04T16:28:52.229+0000] {processor.py:840} INFO - DAG(s) 'silver_weather_dag' retrieved from /opt/airflow/dags/dag_silver_weather.py
[2026-07-04T16:28:52.247+0000] {logging_mixin.py:188} INFO - [2026-07-04T16:28:52.247+0000] {dag.py:3096} INFO - Sync 1 DAGs
[2026-07-04T16:28:52.261+0000] {logging_mixin.py:188} INFO - [2026-07-04T16:28:52.261+0000] {dag.py:3954} INFO - Setting next_dagrun for silver_weather_dag to None, run_after=None
[2026-07-04T16:28:52.287+0000] {processor.py:183} INFO - Processing /opt/airflow/dags/dag_silver_weather.py took 0.078 seconds
[2026-07-04T17:02:16.869+0000] {processor.py:161} INFO - Started process (PID=38989) to work on /opt/airflow/dags/dag_silver_weather.py
[2026-07-04T17:02:16.870+0000] {processor.py:830} INFO - Processing file /opt/airflow/dags/dag_silver_weather.py for tasks to queue
[2026-07-04T17:02:16.870+0000] {logging_mixin.py:188} INFO - [2026-07-04T17:02:16.870+0000] {dagbag.py:545} INFO - Filling up the DagBag from /opt/airflow/dags/dag_silver_weather.py
[2026-07-04T17:02:16.881+0000] {processor.py:840} INFO - DAG(s) 'silver_weather_dag' retrieved from /opt/airflow/dags/dag_silver_weather.py
[2026-07-04T17:02:16.908+0000] {logging_mixin.py:188} INFO - [2026-07-04T17:02:16.907+0000] {dag.py:3096} INFO - Sync 1 DAGs
[2026-07-04T17:02:16.931+0000] {logging_mixin.py:188} INFO - [2026-07-04T17:02:16.931+0000] {dag.py:3954} INFO - Setting next_dagrun for silver_weather_dag to None, run_after=None
[2026-07-04T17:02:16.950+0000] {processor.py:183} INFO - Processing /opt/airflow/dags/dag_silver_weather.py took 0.086 seconds
[2026-07-04T18:03:15.761+0000] {processor.py:161} INFO - Started process (PID=39599) to work on /opt/airflow/dags/dag_silver_weather.py
[2026-07-04T18:03:15.762+0000] {processor.py:830} INFO - Processing file /opt/airflow/dags/dag_silver_weather.py for tasks to queue
[2026-07-04T18:03:15.762+0000] {logging_mixin.py:188} INFO - [2026-07-04T18:03:15.762+0000] {dagbag.py:545} INFO - Filling up the DagBag from /opt/airflow/dags/dag_silver_weather.py
[2026-07-04T18:03:15.768+0000] {processor.py:840} INFO - DAG(s) 'silver_weather_dag' retrieved from /opt/airflow/dags/dag_silver_weather.py
[2026-07-04T18:03:15.781+0000] {logging_mixin.py:188} INFO - [2026-07-04T18:03:15.781+0000] {dag.py:3096} INFO - Sync 1 DAGs
[2026-07-04T18:03:15.792+0000] {logging_mixin.py:188} INFO - [2026-07-04T18:03:15.792+0000] {dag.py:3954} INFO - Setting next_dagrun for silver_weather_dag to None, run_after=None
[2026-07-04T18:03:15.804+0000] {processor.py:183} INFO - Processing /opt/airflow/dags/dag_silver_weather.py took 0.045 seconds
[2026-07-04T18:41:31.411+0000] {processor.py:161} INFO - Started process (PID=40222) to work on /opt/airflow/dags/dag_silver_weather.py
[2026-07-04T18:41:31.412+0000] {processor.py:830} INFO - Processing file /opt/airflow/dags/dag_silver_weather.py for tasks to queue
[2026-07-04T18:41:31.412+0000] {logging_mixin.py:188} INFO - [2026-07-04T18:41:31.412+0000] {dagbag.py:545} INFO - Filling up the DagBag from /opt/airflow/dags/dag_silver_weather.py
[2026-07-04T18:41:31.420+0000] {processor.py:840} INFO - DAG(s) 'silver_weather_dag' retrieved from /opt/airflow/dags/dag_silver_weather.py
[2026-07-04T18:41:31.434+0000] {logging_mixin.py:188} INFO - [2026-07-04T18:41:31.434+0000] {dag.py:3096} INFO - Sync 1 DAGs
[2026-07-04T18:41:31.444+0000] {logging_mixin.py:188} INFO - [2026-07-04T18:41:31.444+0000] {dag.py:3954} INFO - Setting next_dagrun for silver_weather_dag to None, run_after=None
[2026-07-04T18:41:31.453+0000] {processor.py:183} INFO - Processing /opt/airflow/dags/dag_silver_weather.py took 0.045 seconds
[2026-07-04T19:43:21.763+0000] {processor.py:161} INFO - Started process (PID=40264) to work on /opt/airflow/dags/dag_silver_weather.py
[2026-07-04T19:43:21.764+0000] {processor.py:830} INFO - Processing file /opt/airflow/dags/dag_silver_weather.py for tasks to queue
[2026-07-04T19:43:21.765+0000] {logging_mixin.py:188} INFO - [2026-07-04T19:43:21.764+0000] {dagbag.py:545} INFO - Filling up the DagBag from /opt/airflow/dags/dag_silver_weather.py
[2026-07-04T19:43:21.775+0000] {processor.py:840} INFO - DAG(s) 'silver_weather_dag' retrieved from /opt/airflow/dags/dag_silver_weather.py
[2026-07-04T19:43:21.795+0000] {logging_mixin.py:188} INFO - [2026-07-04T19:43:21.795+0000] {dag.py:3096} INFO - Sync 1 DAGs
[2026-07-04T19:43:21.809+0000] {logging_mixin.py:188} INFO - [2026-07-04T19:43:21.809+0000] {dag.py:3954} INFO - Setting next_dagrun for silver_weather_dag to None, run_after=None
[2026-07-04T19:43:21.821+0000] {processor.py:183} INFO - Processing /opt/airflow/dags/dag_silver_weather.py took 0.063 seconds
[2026-07-04T21:23:04.901+0000] {processor.py:161} INFO - Started process (PID=40872) to work on /opt/airflow/dags/dag_silver_weather.py
[2026-07-04T21:23:04.902+0000] {processor.py:830} INFO - Processing file /opt/airflow/dags/dag_silver_weather.py for tasks to queue
[2026-07-04T21:23:04.903+0000] {logging_mixin.py:188} INFO - [2026-07-04T21:23:04.902+0000] {dagbag.py:545} INFO - Filling up the DagBag from /opt/airflow/dags/dag_silver_weather.py
[2026-07-04T21:23:04.912+0000] {processor.py:840} INFO - DAG(s) 'silver_weather_dag' retrieved from /opt/airflow/dags/dag_silver_weather.py
[2026-07-04T21:23:04.936+0000] {logging_mixin.py:188} INFO - [2026-07-04T21:23:04.935+0000] {dag.py:3096} INFO - Sync 1 DAGs
[2026-07-04T21:23:04.948+0000] {logging_mixin.py:188} INFO - [2026-07-04T21:23:04.948+0000] {dag.py:3954} INFO - Setting next_dagrun for silver_weather_dag to None, run_after=None
[2026-07-04T21:23:04.963+0000] {processor.py:183} INFO - Processing /opt/airflow/dags/dag_silver_weather.py took 0.067 seconds
[2026-07-04T22:43:03.381+0000] {processor.py:161} INFO - Started process (PID=41461) to work on /opt/airflow/dags/dag_silver_weather.py
[2026-07-04T22:43:03.382+0000] {processor.py:830} INFO - Processing file /opt/airflow/dags/dag_silver_weather.py for tasks to queue
[2026-07-04T22:43:03.382+0000] {logging_mixin.py:188} INFO - [2026-07-04T22:43:03.382+0000] {dagbag.py:545} INFO - Filling up the DagBag from /opt/airflow/dags/dag_silver_weather.py
[2026-07-04T22:43:03.388+0000] {processor.py:840} INFO - DAG(s) 'silver_weather_dag' retrieved from /opt/airflow/dags/dag_silver_weather.py
[2026-07-04T22:43:03.400+0000] {logging_mixin.py:188} INFO - [2026-07-04T22:43:03.400+0000] {dag.py:3096} INFO - Sync 1 DAGs
[2026-07-04T22:43:03.410+0000] {logging_mixin.py:188} INFO - [2026-07-04T22:43:03.410+0000] {dag.py:3954} INFO - Setting next_dagrun for silver_weather_dag to None, run_after=None
[2026-07-04T22:43:03.420+0000] {processor.py:183} INFO - Processing /opt/airflow/dags/dag_silver_weather.py took 0.041 seconds
[2026-07-04T23:26:32.123+0000] {processor.py:161} INFO - Started process (PID=42080) to work on /opt/airflow/dags/dag_silver_weather.py
[2026-07-04T23:26:32.124+0000] {processor.py:830} INFO - Processing file /opt/airflow/dags/dag_silver_weather.py for tasks to queue
[2026-07-04T23:26:32.126+0000] {logging_mixin.py:188} INFO - [2026-07-04T23:26:32.126+0000] {dagbag.py:545} INFO - Filling up the DagBag from /opt/airflow/dags/dag_silver_weather.py
[2026-07-04T23:26:32.143+0000] {processor.py:840} INFO - DAG(s) 'silver_weather_dag' retrieved from /opt/airflow/dags/dag_silver_weather.py
[2026-07-04T23:26:32.164+0000] {logging_mixin.py:188} INFO - [2026-07-04T23:26:32.164+0000] {dag.py:3096} INFO - Sync 1 DAGs
[2026-07-04T23:26:32.178+0000] {logging_mixin.py:188} INFO - [2026-07-04T23:26:32.178+0000] {dag.py:3954} INFO - Setting next_dagrun for silver_weather_dag to None, run_after=None
[2026-07-04T23:26:32.199+0000] {processor.py:183} INFO - Processing /opt/airflow/dags/dag_silver_weather.py took 0.088 seconds
