[2026-07-04T00:15:28.483+0000] {processor.py:161} INFO - Started process (PID=28321) to work on /opt/airflow/dags/dag_gold_dbt.py
[2026-07-04T00:15:28.484+0000] {processor.py:830} INFO - Processing file /opt/airflow/dags/dag_gold_dbt.py for tasks to queue
[2026-07-04T00:15:28.484+0000] {logging_mixin.py:188} INFO - [2026-07-04T00:15:28.484+0000] {dagbag.py:545} INFO - Filling up the DagBag from /opt/airflow/dags/dag_gold_dbt.py
[2026-07-04T00:15:28.511+0000] {processor.py:840} INFO - DAG(s) 'gold_dbt_dag' retrieved from /opt/airflow/dags/dag_gold_dbt.py
[2026-07-04T00:15:28.537+0000] {logging_mixin.py:188} INFO - [2026-07-04T00:15:28.537+0000] {dag.py:3096} INFO - Sync 1 DAGs
[2026-07-04T00:15:28.560+0000] {logging_mixin.py:188} INFO - [2026-07-04T00:15:28.560+0000] {dag.py:3954} INFO - Setting next_dagrun for gold_dbt_dag to None, run_after=None
[2026-07-04T00:15:28.574+0000] {processor.py:183} INFO - Processing /opt/airflow/dags/dag_gold_dbt.py took 0.103 seconds
[2026-07-04T01:25:38.843+0000] {processor.py:161} INFO - Started process (PID=28958) to work on /opt/airflow/dags/dag_gold_dbt.py
[2026-07-04T01:25:38.844+0000] {processor.py:830} INFO - Processing file /opt/airflow/dags/dag_gold_dbt.py for tasks to queue
[2026-07-04T01:25:38.846+0000] {logging_mixin.py:188} INFO - [2026-07-04T01:25:38.845+0000] {dagbag.py:545} INFO - Filling up the DagBag from /opt/airflow/dags/dag_gold_dbt.py
[2026-07-04T01:25:38.875+0000] {processor.py:840} INFO - DAG(s) 'gold_dbt_dag' retrieved from /opt/airflow/dags/dag_gold_dbt.py
[2026-07-04T01:25:38.927+0000] {logging_mixin.py:188} INFO - [2026-07-04T01:25:38.927+0000] {dag.py:3096} INFO - Sync 1 DAGs
[2026-07-04T01:25:38.959+0000] {logging_mixin.py:188} INFO - [2026-07-04T01:25:38.959+0000] {dag.py:3954} INFO - Setting next_dagrun for gold_dbt_dag to None, run_after=None
[2026-07-04T01:25:38.985+0000] {processor.py:183} INFO - Processing /opt/airflow/dags/dag_gold_dbt.py took 0.152 seconds
[2026-07-04T02:49:14.312+0000] {processor.py:161} INFO - Started process (PID=29558) to work on /opt/airflow/dags/dag_gold_dbt.py
[2026-07-04T02:49:14.313+0000] {processor.py:830} INFO - Processing file /opt/airflow/dags/dag_gold_dbt.py for tasks to queue
[2026-07-04T02:49:14.314+0000] {logging_mixin.py:188} INFO - [2026-07-04T02:49:14.314+0000] {dagbag.py:545} INFO - Filling up the DagBag from /opt/airflow/dags/dag_gold_dbt.py
[2026-07-04T02:49:14.332+0000] {processor.py:840} INFO - DAG(s) 'gold_dbt_dag' retrieved from /opt/airflow/dags/dag_gold_dbt.py
[2026-07-04T02:49:14.373+0000] {logging_mixin.py:188} INFO - [2026-07-04T02:49:14.373+0000] {dag.py:3096} INFO - Sync 1 DAGs
[2026-07-04T02:49:14.393+0000] {logging_mixin.py:188} INFO - [2026-07-04T02:49:14.393+0000] {dag.py:3954} INFO - Setting next_dagrun for gold_dbt_dag to None, run_after=None
[2026-07-04T02:49:14.410+0000] {processor.py:183} INFO - Processing /opt/airflow/dags/dag_gold_dbt.py took 0.103 seconds
[2026-07-04T03:50:20.121+0000] {processor.py:161} INFO - Started process (PID=30212) to work on /opt/airflow/dags/dag_gold_dbt.py
[2026-07-04T03:50:20.122+0000] {processor.py:830} INFO - Processing file /opt/airflow/dags/dag_gold_dbt.py for tasks to queue
[2026-07-04T03:50:20.123+0000] {logging_mixin.py:188} INFO - [2026-07-04T03:50:20.123+0000] {dagbag.py:545} INFO - Filling up the DagBag from /opt/airflow/dags/dag_gold_dbt.py
[2026-07-04T03:50:20.135+0000] {processor.py:840} INFO - DAG(s) 'gold_dbt_dag' retrieved from /opt/airflow/dags/dag_gold_dbt.py
[2026-07-04T03:50:20.160+0000] {logging_mixin.py:188} INFO - [2026-07-04T03:50:20.160+0000] {dag.py:3096} INFO - Sync 1 DAGs
[2026-07-04T03:50:20.177+0000] {logging_mixin.py:188} INFO - [2026-07-04T03:50:20.177+0000] {dag.py:3954} INFO - Setting next_dagrun for gold_dbt_dag to None, run_after=None
[2026-07-04T03:50:20.196+0000] {processor.py:183} INFO - Processing /opt/airflow/dags/dag_gold_dbt.py took 0.085 seconds
[2026-07-04T05:08:37.626+0000] {processor.py:161} INFO - Started process (PID=30849) to work on /opt/airflow/dags/dag_gold_dbt.py
[2026-07-04T05:08:37.627+0000] {processor.py:830} INFO - Processing file /opt/airflow/dags/dag_gold_dbt.py for tasks to queue
[2026-07-04T05:08:37.627+0000] {logging_mixin.py:188} INFO - [2026-07-04T05:08:37.627+0000] {dagbag.py:545} INFO - Filling up the DagBag from /opt/airflow/dags/dag_gold_dbt.py
[2026-07-04T05:08:37.693+0000] {processor.py:840} INFO - DAG(s) 'gold_dbt_dag' retrieved from /opt/airflow/dags/dag_gold_dbt.py
[2026-07-04T05:08:37.765+0000] {logging_mixin.py:188} INFO - [2026-07-04T05:08:37.765+0000] {dag.py:3096} INFO - Sync 1 DAGs
[2026-07-04T05:08:37.826+0000] {logging_mixin.py:188} INFO - [2026-07-04T05:08:37.826+0000] {dag.py:3954} INFO - Setting next_dagrun for gold_dbt_dag to None, run_after=None
[2026-07-04T05:08:37.855+0000] {processor.py:183} INFO - Processing /opt/airflow/dags/dag_gold_dbt.py took 0.250 seconds
[2026-07-04T06:09:33.009+0000] {processor.py:161} INFO - Started process (PID=31473) to work on /opt/airflow/dags/dag_gold_dbt.py
[2026-07-04T06:09:33.011+0000] {processor.py:830} INFO - Processing file /opt/airflow/dags/dag_gold_dbt.py for tasks to queue
[2026-07-04T06:09:33.013+0000] {logging_mixin.py:188} INFO - [2026-07-04T06:09:33.012+0000] {dagbag.py:545} INFO - Filling up the DagBag from /opt/airflow/dags/dag_gold_dbt.py
[2026-07-04T06:09:33.047+0000] {processor.py:840} INFO - DAG(s) 'gold_dbt_dag' retrieved from /opt/airflow/dags/dag_gold_dbt.py
[2026-07-04T06:09:33.093+0000] {logging_mixin.py:188} INFO - [2026-07-04T06:09:33.093+0000] {dag.py:3096} INFO - Sync 1 DAGs
[2026-07-04T06:09:33.115+0000] {logging_mixin.py:188} INFO - [2026-07-04T06:09:33.114+0000] {dag.py:3954} INFO - Setting next_dagrun for gold_dbt_dag to None, run_after=None
[2026-07-04T06:09:33.138+0000] {processor.py:183} INFO - Processing /opt/airflow/dags/dag_gold_dbt.py took 0.139 seconds
[2026-07-04T06:47:06.379+0000] {processor.py:161} INFO - Started process (PID=32072) to work on /opt/airflow/dags/dag_gold_dbt.py
[2026-07-04T06:47:06.381+0000] {processor.py:830} INFO - Processing file /opt/airflow/dags/dag_gold_dbt.py for tasks to queue
[2026-07-04T06:47:06.387+0000] {logging_mixin.py:188} INFO - [2026-07-04T06:47:06.385+0000] {dagbag.py:545} INFO - Filling up the DagBag from /opt/airflow/dags/dag_gold_dbt.py
[2026-07-04T06:47:06.465+0000] {processor.py:840} INFO - DAG(s) 'gold_dbt_dag' retrieved from /opt/airflow/dags/dag_gold_dbt.py
[2026-07-04T06:47:06.533+0000] {logging_mixin.py:188} INFO - [2026-07-04T06:47:06.533+0000] {dag.py:3096} INFO - Sync 1 DAGs
[2026-07-04T06:47:06.567+0000] {logging_mixin.py:188} INFO - [2026-07-04T06:47:06.567+0000] {dag.py:3954} INFO - Setting next_dagrun for gold_dbt_dag to None, run_after=None
[2026-07-04T06:47:06.583+0000] {processor.py:183} INFO - Processing /opt/airflow/dags/dag_gold_dbt.py took 0.230 seconds
[2026-07-04T06:58:21.374+0000] {processor.py:161} INFO - Started process (PID=32177) to work on /opt/airflow/dags/dag_gold_dbt.py
[2026-07-04T06:58:21.375+0000] {processor.py:830} INFO - Processing file /opt/airflow/dags/dag_gold_dbt.py for tasks to queue
[2026-07-04T06:58:21.377+0000] {logging_mixin.py:188} INFO - [2026-07-04T06:58:21.376+0000] {dagbag.py:545} INFO - Filling up the DagBag from /opt/airflow/dags/dag_gold_dbt.py
[2026-07-04T06:58:21.394+0000] {processor.py:840} INFO - DAG(s) 'gold_dbt_dag' retrieved from /opt/airflow/dags/dag_gold_dbt.py
[2026-07-04T06:58:21.433+0000] {logging_mixin.py:188} INFO - [2026-07-04T06:58:21.433+0000] {dag.py:3096} INFO - Sync 1 DAGs
[2026-07-04T06:58:21.459+0000] {logging_mixin.py:188} INFO - [2026-07-04T06:58:21.459+0000] {dag.py:3954} INFO - Setting next_dagrun for gold_dbt_dag to None, run_after=None
[2026-07-04T06:58:21.477+0000] {processor.py:183} INFO - Processing /opt/airflow/dags/dag_gold_dbt.py took 0.122 seconds
[2026-07-04T07:05:22.734+0000] {processor.py:161} INFO - Started process (PID=32304) to work on /opt/airflow/dags/dag_gold_dbt.py
[2026-07-04T07:05:22.736+0000] {processor.py:830} INFO - Processing file /opt/airflow/dags/dag_gold_dbt.py for tasks to queue
[2026-07-04T07:05:22.738+0000] {logging_mixin.py:188} INFO - [2026-07-04T07:05:22.737+0000] {dagbag.py:545} INFO - Filling up the DagBag from /opt/airflow/dags/dag_gold_dbt.py
[2026-07-04T07:05:22.772+0000] {processor.py:840} INFO - DAG(s) 'gold_dbt_dag' retrieved from /opt/airflow/dags/dag_gold_dbt.py
[2026-07-04T07:05:22.838+0000] {logging_mixin.py:188} INFO - [2026-07-04T07:05:22.837+0000] {dag.py:3096} INFO - Sync 1 DAGs
[2026-07-04T07:05:22.858+0000] {logging_mixin.py:188} INFO - [2026-07-04T07:05:22.858+0000] {dag.py:3954} INFO - Setting next_dagrun for gold_dbt_dag to None, run_after=None
[2026-07-04T07:05:22.897+0000] {processor.py:183} INFO - Processing /opt/airflow/dags/dag_gold_dbt.py took 0.175 seconds
[2026-07-04T07:13:31.557+0000] {processor.py:161} INFO - Started process (PID=32914) to work on /opt/airflow/dags/dag_gold_dbt.py
[2026-07-04T07:13:31.558+0000] {processor.py:830} INFO - Processing file /opt/airflow/dags/dag_gold_dbt.py for tasks to queue
[2026-07-04T07:13:31.559+0000] {logging_mixin.py:188} INFO - [2026-07-04T07:13:31.559+0000] {dagbag.py:545} INFO - Filling up the DagBag from /opt/airflow/dags/dag_gold_dbt.py
[2026-07-04T07:13:31.577+0000] {processor.py:840} INFO - DAG(s) 'gold_dbt_dag' retrieved from /opt/airflow/dags/dag_gold_dbt.py
[2026-07-04T07:13:31.613+0000] {logging_mixin.py:188} INFO - [2026-07-04T07:13:31.613+0000] {dag.py:3096} INFO - Sync 1 DAGs
[2026-07-04T07:13:31.628+0000] {logging_mixin.py:188} INFO - [2026-07-04T07:13:31.628+0000] {dag.py:3954} INFO - Setting next_dagrun for gold_dbt_dag to None, run_after=None
[2026-07-04T07:13:31.645+0000] {processor.py:183} INFO - Processing /opt/airflow/dags/dag_gold_dbt.py took 0.093 seconds
[2026-07-04T07:17:37.592+0000] {processor.py:161} INFO - Started process (PID=33031) to work on /opt/airflow/dags/dag_gold_dbt.py
[2026-07-04T07:17:37.593+0000] {processor.py:830} INFO - Processing file /opt/airflow/dags/dag_gold_dbt.py for tasks to queue
[2026-07-04T07:17:37.594+0000] {logging_mixin.py:188} INFO - [2026-07-04T07:17:37.594+0000] {dagbag.py:545} INFO - Filling up the DagBag from /opt/airflow/dags/dag_gold_dbt.py
[2026-07-04T07:17:37.619+0000] {processor.py:840} INFO - DAG(s) 'gold_dbt_dag' retrieved from /opt/airflow/dags/dag_gold_dbt.py
[2026-07-04T07:17:37.645+0000] {logging_mixin.py:188} INFO - [2026-07-04T07:17:37.645+0000] {dag.py:3096} INFO - Sync 1 DAGs
[2026-07-04T07:17:37.661+0000] {logging_mixin.py:188} INFO - [2026-07-04T07:17:37.661+0000] {dag.py:3954} INFO - Setting next_dagrun for gold_dbt_dag to None, run_after=None
[2026-07-04T07:17:37.678+0000] {processor.py:183} INFO - Processing /opt/airflow/dags/dag_gold_dbt.py took 0.091 seconds
[2026-07-04T07:24:48.026+0000] {processor.py:161} INFO - Started process (PID=33099) to work on /opt/airflow/dags/dag_gold_dbt.py
[2026-07-04T07:24:48.027+0000] {processor.py:830} INFO - Processing file /opt/airflow/dags/dag_gold_dbt.py for tasks to queue
[2026-07-04T07:24:48.027+0000] {logging_mixin.py:188} INFO - [2026-07-04T07:24:48.027+0000] {dagbag.py:545} INFO - Filling up the DagBag from /opt/airflow/dags/dag_gold_dbt.py
[2026-07-04T07:24:48.044+0000] {processor.py:840} INFO - DAG(s) 'gold_dbt_dag' retrieved from /opt/airflow/dags/dag_gold_dbt.py
[2026-07-04T07:24:48.063+0000] {logging_mixin.py:188} INFO - [2026-07-04T07:24:48.063+0000] {dag.py:3096} INFO - Sync 1 DAGs
[2026-07-04T07:24:48.088+0000] {logging_mixin.py:188} INFO - [2026-07-04T07:24:48.088+0000] {dag.py:3954} INFO - Setting next_dagrun for gold_dbt_dag to None, run_after=None
[2026-07-04T07:24:48.100+0000] {processor.py:183} INFO - Processing /opt/airflow/dags/dag_gold_dbt.py took 0.078 seconds
[2026-07-04T07:27:41.004+0000] {processor.py:161} INFO - Started process (PID=33136) to work on /opt/airflow/dags/dag_gold_dbt.py
[2026-07-04T07:27:41.006+0000] {processor.py:830} INFO - Processing file /opt/airflow/dags/dag_gold_dbt.py for tasks to queue
[2026-07-04T07:27:41.008+0000] {logging_mixin.py:188} INFO - [2026-07-04T07:27:41.008+0000] {dagbag.py:545} INFO - Filling up the DagBag from /opt/airflow/dags/dag_gold_dbt.py
[2026-07-04T07:27:41.028+0000] {processor.py:840} INFO - DAG(s) 'gold_dbt_dag' retrieved from /opt/airflow/dags/dag_gold_dbt.py
[2026-07-04T07:27:41.054+0000] {logging_mixin.py:188} INFO - [2026-07-04T07:27:41.054+0000] {dag.py:3096} INFO - Sync 1 DAGs
[2026-07-04T07:27:41.076+0000] {logging_mixin.py:188} INFO - [2026-07-04T07:27:41.075+0000] {dag.py:3954} INFO - Setting next_dagrun for gold_dbt_dag to None, run_after=None
[2026-07-04T07:27:41.095+0000] {processor.py:183} INFO - Processing /opt/airflow/dags/dag_gold_dbt.py took 0.097 seconds
[2026-07-04T07:32:19.770+0000] {processor.py:161} INFO - Started process (PID=33173) to work on /opt/airflow/dags/dag_gold_dbt.py
[2026-07-04T07:32:19.770+0000] {processor.py:830} INFO - Processing file /opt/airflow/dags/dag_gold_dbt.py for tasks to queue
[2026-07-04T07:32:19.771+0000] {logging_mixin.py:188} INFO - [2026-07-04T07:32:19.771+0000] {dagbag.py:545} INFO - Filling up the DagBag from /opt/airflow/dags/dag_gold_dbt.py
[2026-07-04T07:32:19.790+0000] {processor.py:840} INFO - DAG(s) 'gold_dbt_dag' retrieved from /opt/airflow/dags/dag_gold_dbt.py
[2026-07-04T07:32:19.811+0000] {logging_mixin.py:188} INFO - [2026-07-04T07:32:19.811+0000] {dag.py:3096} INFO - Sync 1 DAGs
[2026-07-04T07:32:19.829+0000] {logging_mixin.py:188} INFO - [2026-07-04T07:32:19.829+0000] {dag.py:3954} INFO - Setting next_dagrun for gold_dbt_dag to None, run_after=None
[2026-07-04T07:32:19.850+0000] {processor.py:183} INFO - Processing /opt/airflow/dags/dag_gold_dbt.py took 0.098 seconds
[2026-07-04T07:38:09.737+0000] {processor.py:161} INFO - Started process (PID=33210) to work on /opt/airflow/dags/dag_gold_dbt.py
[2026-07-04T07:38:09.739+0000] {processor.py:830} INFO - Processing file /opt/airflow/dags/dag_gold_dbt.py for tasks to queue
[2026-07-04T07:38:09.740+0000] {logging_mixin.py:188} INFO - [2026-07-04T07:38:09.740+0000] {dagbag.py:545} INFO - Filling up the DagBag from /opt/airflow/dags/dag_gold_dbt.py
[2026-07-04T07:38:09.762+0000] {processor.py:840} INFO - DAG(s) 'gold_dbt_dag' retrieved from /opt/airflow/dags/dag_gold_dbt.py
[2026-07-04T07:38:09.794+0000] {logging_mixin.py:188} INFO - [2026-07-04T07:38:09.794+0000] {dag.py:3096} INFO - Sync 1 DAGs
[2026-07-04T07:38:09.818+0000] {logging_mixin.py:188} INFO - [2026-07-04T07:38:09.818+0000] {dag.py:3954} INFO - Setting next_dagrun for gold_dbt_dag to None, run_after=None
[2026-07-04T07:38:09.830+0000] {processor.py:183} INFO - Processing /opt/airflow/dags/dag_gold_dbt.py took 0.106 seconds
[2026-07-04T08:42:33.740+0000] {processor.py:161} INFO - Started process (PID=33248) to work on /opt/airflow/dags/dag_gold_dbt.py
[2026-07-04T08:42:33.741+0000] {processor.py:830} INFO - Processing file /opt/airflow/dags/dag_gold_dbt.py for tasks to queue
[2026-07-04T08:42:33.742+0000] {logging_mixin.py:188} INFO - [2026-07-04T08:42:33.742+0000] {dagbag.py:545} INFO - Filling up the DagBag from /opt/airflow/dags/dag_gold_dbt.py
[2026-07-04T08:42:33.758+0000] {processor.py:840} INFO - DAG(s) 'gold_dbt_dag' retrieved from /opt/airflow/dags/dag_gold_dbt.py
[2026-07-04T08:42:33.787+0000] {logging_mixin.py:188} INFO - [2026-07-04T08:42:33.786+0000] {dag.py:3096} INFO - Sync 1 DAGs
[2026-07-04T08:42:33.826+0000] {logging_mixin.py:188} INFO - [2026-07-04T08:42:33.826+0000] {dag.py:3954} INFO - Setting next_dagrun for gold_dbt_dag to None, run_after=None
[2026-07-04T08:42:33.870+0000] {processor.py:183} INFO - Processing /opt/airflow/dags/dag_gold_dbt.py took 0.136 seconds
[2026-07-04T09:41:49.072+0000] {processor.py:161} INFO - Started process (PID=33866) to work on /opt/airflow/dags/dag_gold_dbt.py
[2026-07-04T09:41:49.073+0000] {processor.py:830} INFO - Processing file /opt/airflow/dags/dag_gold_dbt.py for tasks to queue
[2026-07-04T09:41:49.074+0000] {logging_mixin.py:188} INFO - [2026-07-04T09:41:49.073+0000] {dagbag.py:545} INFO - Filling up the DagBag from /opt/airflow/dags/dag_gold_dbt.py
[2026-07-04T09:41:49.098+0000] {processor.py:840} INFO - DAG(s) 'gold_dbt_dag' retrieved from /opt/airflow/dags/dag_gold_dbt.py
[2026-07-04T09:41:49.141+0000] {logging_mixin.py:188} INFO - [2026-07-04T09:41:49.141+0000] {dag.py:3096} INFO - Sync 1 DAGs
[2026-07-04T09:41:49.156+0000] {logging_mixin.py:188} INFO - [2026-07-04T09:41:49.156+0000] {dag.py:3954} INFO - Setting next_dagrun for gold_dbt_dag to None, run_after=None
[2026-07-04T09:41:49.169+0000] {processor.py:183} INFO - Processing /opt/airflow/dags/dag_gold_dbt.py took 0.102 seconds
[2026-07-04T10:46:16.931+0000] {processor.py:161} INFO - Started process (PID=34466) to work on /opt/airflow/dags/dag_gold_dbt.py
[2026-07-04T10:46:16.933+0000] {processor.py:830} INFO - Processing file /opt/airflow/dags/dag_gold_dbt.py for tasks to queue
[2026-07-04T10:46:16.935+0000] {logging_mixin.py:188} INFO - [2026-07-04T10:46:16.934+0000] {dagbag.py:545} INFO - Filling up the DagBag from /opt/airflow/dags/dag_gold_dbt.py
[2026-07-04T10:46:16.959+0000] {processor.py:840} INFO - DAG(s) 'gold_dbt_dag' retrieved from /opt/airflow/dags/dag_gold_dbt.py
[2026-07-04T10:46:16.994+0000] {logging_mixin.py:188} INFO - [2026-07-04T10:46:16.994+0000] {dag.py:3096} INFO - Sync 1 DAGs
[2026-07-04T10:46:17.015+0000] {logging_mixin.py:188} INFO - [2026-07-04T10:46:17.015+0000] {dag.py:3954} INFO - Setting next_dagrun for gold_dbt_dag to None, run_after=None
[2026-07-04T10:46:17.033+0000] {processor.py:183} INFO - Processing /opt/airflow/dags/dag_gold_dbt.py took 0.108 seconds
[2026-07-04T11:57:13.658+0000] {processor.py:161} INFO - Started process (PID=35077) to work on /opt/airflow/dags/dag_gold_dbt.py
[2026-07-04T11:57:13.659+0000] {processor.py:830} INFO - Processing file /opt/airflow/dags/dag_gold_dbt.py for tasks to queue
[2026-07-04T11:57:13.660+0000] {logging_mixin.py:188} INFO - [2026-07-04T11:57:13.660+0000] {dagbag.py:545} INFO - Filling up the DagBag from /opt/airflow/dags/dag_gold_dbt.py
[2026-07-04T11:57:13.691+0000] {processor.py:840} INFO - DAG(s) 'gold_dbt_dag' retrieved from /opt/airflow/dags/dag_gold_dbt.py
[2026-07-04T11:57:13.760+0000] {logging_mixin.py:188} INFO - [2026-07-04T11:57:13.760+0000] {dag.py:3096} INFO - Sync 1 DAGs
[2026-07-04T11:57:13.784+0000] {logging_mixin.py:188} INFO - [2026-07-04T11:57:13.783+0000] {dag.py:3954} INFO - Setting next_dagrun for gold_dbt_dag to None, run_after=None
[2026-07-04T11:57:13.805+0000] {processor.py:183} INFO - Processing /opt/airflow/dags/dag_gold_dbt.py took 0.166 seconds
[2026-07-04T12:10:06.678+0000] {processor.py:161} INFO - Started process (PID=35686) to work on /opt/airflow/dags/dag_gold_dbt.py
[2026-07-04T12:10:06.679+0000] {processor.py:830} INFO - Processing file /opt/airflow/dags/dag_gold_dbt.py for tasks to queue
[2026-07-04T12:10:06.680+0000] {logging_mixin.py:188} INFO - [2026-07-04T12:10:06.679+0000] {dagbag.py:545} INFO - Filling up the DagBag from /opt/airflow/dags/dag_gold_dbt.py
[2026-07-04T12:10:06.696+0000] {processor.py:840} INFO - DAG(s) 'gold_dbt_dag' retrieved from /opt/airflow/dags/dag_gold_dbt.py
[2026-07-04T12:10:06.718+0000] {logging_mixin.py:188} INFO - [2026-07-04T12:10:06.718+0000] {taskinstance.py:2907} ERROR - {'DAG Id': 'gold_dbt_dag', 'Task Id': 'trigger_dbt_build', 'Run Id': 'dataset_triggered__2026-07-04T08:42:49.628683+00:00', 'Hostname': 'bd23e89d97be'}
[2026-07-04T12:10:06.734+0000] {logging_mixin.py:188} INFO - [2026-07-04T12:10:06.734+0000] {taskinstance.py:1206} INFO - Marking task as UP_FOR_RETRY. dag_id=gold_dbt_dag, task_id=trigger_dbt_build, run_id=dataset_triggered__2026-07-04T08:42:49.628683+00:00, execution_date=20260704T084249, start_date=20260704T084250, end_date=20260704T121006
[2026-07-04T12:10:06.741+0000] {processor.py:791} INFO - Executed failure callback for <TaskInstance: gold_dbt_dag.trigger_dbt_build dataset_triggered__2026-07-04T08:42:49.628683+00:00 [up_for_retry]> in state up_for_retry
[2026-07-04T12:10:06.754+0000] {logging_mixin.py:188} INFO - [2026-07-04T12:10:06.754+0000] {dag.py:3096} INFO - Sync 1 DAGs
[2026-07-04T12:10:06.769+0000] {logging_mixin.py:188} INFO - [2026-07-04T12:10:06.768+0000] {dag.py:3954} INFO - Setting next_dagrun for gold_dbt_dag to None, run_after=None
[2026-07-04T12:10:06.786+0000] {processor.py:183} INFO - Processing /opt/airflow/dags/dag_gold_dbt.py took 0.117 seconds
[2026-07-04T12:10:06.815+0000] {processor.py:161} INFO - Started process (PID=35697) to work on /opt/airflow/dags/dag_gold_dbt.py
[2026-07-04T12:10:06.819+0000] {processor.py:830} INFO - Processing file /opt/airflow/dags/dag_gold_dbt.py for tasks to queue
[2026-07-04T12:10:06.822+0000] {logging_mixin.py:188} INFO - [2026-07-04T12:10:06.821+0000] {dagbag.py:545} INFO - Filling up the DagBag from /opt/airflow/dags/dag_gold_dbt.py
[2026-07-04T12:10:06.839+0000] {processor.py:840} INFO - DAG(s) 'gold_dbt_dag' retrieved from /opt/airflow/dags/dag_gold_dbt.py
[2026-07-04T12:10:06.860+0000] {logging_mixin.py:188} INFO - [2026-07-04T12:10:06.860+0000] {taskinstance.py:2907} ERROR - {'DAG Id': 'gold_dbt_dag', 'Task Id': 'trigger_dbt_build', 'Run Id': 'dataset_triggered__2026-07-04T10:46:32.690324+00:00', 'Hostname': 'bd23e89d97be'}
[2026-07-04T12:10:06.874+0000] {logging_mixin.py:188} INFO - [2026-07-04T12:10:06.874+0000] {taskinstance.py:1206} INFO - Marking task as UP_FOR_RETRY. dag_id=gold_dbt_dag, task_id=trigger_dbt_build, run_id=dataset_triggered__2026-07-04T10:46:32.690324+00:00, execution_date=20260704T104632, start_date=20260704T104633, end_date=20260704T121006
[2026-07-04T12:10:06.880+0000] {processor.py:791} INFO - Executed failure callback for <TaskInstance: gold_dbt_dag.trigger_dbt_build dataset_triggered__2026-07-04T10:46:32.690324+00:00 [up_for_retry]> in state up_for_retry
[2026-07-04T12:10:06.882+0000] {logging_mixin.py:188} INFO - [2026-07-04T12:10:06.881+0000] {taskinstance.py:2907} ERROR - {'DAG Id': 'gold_dbt_dag', 'Task Id': 'trigger_dbt_build', 'Run Id': 'dataset_triggered__2026-07-04T11:57:28.740776+00:00', 'Hostname': 'bd23e89d97be'}
[2026-07-04T12:10:06.886+0000] {logging_mixin.py:188} INFO - [2026-07-04T12:10:06.886+0000] {taskinstance.py:1206} INFO - Marking task as UP_FOR_RETRY. dag_id=gold_dbt_dag, task_id=trigger_dbt_build, run_id=dataset_triggered__2026-07-04T11:57:28.740776+00:00, execution_date=20260704T115728, start_date=20260704T115729, end_date=20260704T121006
[2026-07-04T12:10:06.888+0000] {processor.py:791} INFO - Executed failure callback for <TaskInstance: gold_dbt_dag.trigger_dbt_build dataset_triggered__2026-07-04T11:57:28.740776+00:00 [up_for_retry]> in state up_for_retry
[2026-07-04T12:10:06.901+0000] {logging_mixin.py:188} INFO - [2026-07-04T12:10:06.901+0000] {dag.py:3096} INFO - Sync 1 DAGs
[2026-07-04T12:10:06.912+0000] {logging_mixin.py:188} INFO - [2026-07-04T12:10:06.912+0000] {dag.py:3954} INFO - Setting next_dagrun for gold_dbt_dag to None, run_after=None
[2026-07-04T12:10:06.925+0000] {processor.py:183} INFO - Processing /opt/airflow/dags/dag_gold_dbt.py took 0.120 seconds
[2026-07-04T12:12:07.635+0000] {processor.py:161} INFO - Started process (PID=36329) to work on /opt/airflow/dags/dag_gold_dbt.py
[2026-07-04T12:12:07.639+0000] {processor.py:830} INFO - Processing file /opt/airflow/dags/dag_gold_dbt.py for tasks to queue
[2026-07-04T12:12:07.641+0000] {logging_mixin.py:188} INFO - [2026-07-04T12:12:07.640+0000] {dagbag.py:545} INFO - Filling up the DagBag from /opt/airflow/dags/dag_gold_dbt.py
[2026-07-04T12:12:07.665+0000] {processor.py:840} INFO - DAG(s) 'gold_dbt_dag' retrieved from /opt/airflow/dags/dag_gold_dbt.py
[2026-07-04T12:12:07.709+0000] {logging_mixin.py:188} INFO - [2026-07-04T12:12:07.709+0000] {dag.py:3096} INFO - Sync 1 DAGs
[2026-07-04T12:12:07.730+0000] {logging_mixin.py:188} INFO - [2026-07-04T12:12:07.730+0000] {dag.py:3954} INFO - Setting next_dagrun for gold_dbt_dag to None, run_after=None
[2026-07-04T12:12:07.746+0000] {processor.py:183} INFO - Processing /opt/airflow/dags/dag_gold_dbt.py took 0.131 seconds
[2026-07-04T12:31:19.654+0000] {processor.py:161} INFO - Started process (PID=36364) to work on /opt/airflow/dags/dag_gold_dbt.py
[2026-07-04T12:31:19.655+0000] {processor.py:830} INFO - Processing file /opt/airflow/dags/dag_gold_dbt.py for tasks to queue
[2026-07-04T12:31:19.656+0000] {logging_mixin.py:188} INFO - [2026-07-04T12:31:19.655+0000] {dagbag.py:545} INFO - Filling up the DagBag from /opt/airflow/dags/dag_gold_dbt.py
[2026-07-04T12:31:19.667+0000] {processor.py:840} INFO - DAG(s) 'gold_dbt_dag' retrieved from /opt/airflow/dags/dag_gold_dbt.py
[2026-07-04T12:31:19.683+0000] {logging_mixin.py:188} INFO - [2026-07-04T12:31:19.683+0000] {taskinstance.py:2907} ERROR - {'DAG Id': 'gold_dbt_dag', 'Task Id': 'trigger_dbt_build', 'Run Id': 'dataset_triggered__2026-07-04T09:42:02.472621+00:00', 'Hostname': 'bd23e89d97be'}
[2026-07-04T12:31:19.692+0000] {logging_mixin.py:188} INFO - [2026-07-04T12:31:19.691+0000] {taskinstance.py:1206} INFO - Marking task as FAILED. dag_id=gold_dbt_dag, task_id=trigger_dbt_build, run_id=dataset_triggered__2026-07-04T09:42:02.472621+00:00, execution_date=20260704T094202, start_date=20260704T121006, end_date=20260704T123119
[2026-07-04T12:31:19.696+0000] {processor.py:791} INFO - Executed failure callback for <TaskInstance: gold_dbt_dag.trigger_dbt_build dataset_triggered__2026-07-04T09:42:02.472621+00:00 [failed]> in state failed
[2026-07-04T12:31:19.714+0000] {logging_mixin.py:188} INFO - [2026-07-04T12:31:19.714+0000] {dag.py:3096} INFO - Sync 1 DAGs
[2026-07-04T12:31:19.722+0000] {logging_mixin.py:188} INFO - [2026-07-04T12:31:19.722+0000] {dag.py:3954} INFO - Setting next_dagrun for gold_dbt_dag to None, run_after=None
[2026-07-04T12:31:19.732+0000] {processor.py:183} INFO - Processing /opt/airflow/dags/dag_gold_dbt.py took 0.082 seconds
[2026-07-04T13:12:06.752+0000] {processor.py:161} INFO - Started process (PID=36402) to work on /opt/airflow/dags/dag_gold_dbt.py
[2026-07-04T13:12:06.753+0000] {processor.py:830} INFO - Processing file /opt/airflow/dags/dag_gold_dbt.py for tasks to queue
[2026-07-04T13:12:06.755+0000] {logging_mixin.py:188} INFO - [2026-07-04T13:12:06.754+0000] {dagbag.py:545} INFO - Filling up the DagBag from /opt/airflow/dags/dag_gold_dbt.py
[2026-07-04T13:12:06.780+0000] {processor.py:840} INFO - DAG(s) 'gold_dbt_dag' retrieved from /opt/airflow/dags/dag_gold_dbt.py
[2026-07-04T13:12:06.813+0000] {logging_mixin.py:188} INFO - [2026-07-04T13:12:06.813+0000] {taskinstance.py:2907} ERROR - {'DAG Id': 'gold_dbt_dag', 'Task Id': 'trigger_dbt_build', 'Run Id': 'dataset_triggered__2026-07-04T12:10:22.400253+00:00', 'Hostname': 'bd23e89d97be'}
[2026-07-04T13:12:06.833+0000] {logging_mixin.py:188} INFO - [2026-07-04T13:12:06.833+0000] {taskinstance.py:1206} INFO - Marking task as UP_FOR_RETRY. dag_id=gold_dbt_dag, task_id=trigger_dbt_build, run_id=dataset_triggered__2026-07-04T12:10:22.400253+00:00, execution_date=20260704T121022, start_date=20260704T121022, end_date=20260704T131206
[2026-07-04T13:12:06.851+0000] {processor.py:791} INFO - Executed failure callback for <TaskInstance: gold_dbt_dag.trigger_dbt_build dataset_triggered__2026-07-04T12:10:22.400253+00:00 [up_for_retry]> in state up_for_retry
[2026-07-04T13:12:06.873+0000] {logging_mixin.py:188} INFO - [2026-07-04T13:12:06.873+0000] {dag.py:3096} INFO - Sync 1 DAGs
[2026-07-04T13:12:06.907+0000] {logging_mixin.py:188} INFO - [2026-07-04T13:12:06.905+0000] {dag.py:3954} INFO - Setting next_dagrun for gold_dbt_dag to None, run_after=None
[2026-07-04T13:12:06.944+0000] {processor.py:183} INFO - Processing /opt/airflow/dags/dag_gold_dbt.py took 0.200 seconds
[2026-07-04T13:12:06.988+0000] {processor.py:161} INFO - Started process (PID=36412) to work on /opt/airflow/dags/dag_gold_dbt.py
[2026-07-04T13:12:06.991+0000] {processor.py:830} INFO - Processing file /opt/airflow/dags/dag_gold_dbt.py for tasks to queue
[2026-07-04T13:12:06.993+0000] {logging_mixin.py:188} INFO - [2026-07-04T13:12:06.991+0000] {dagbag.py:545} INFO - Filling up the DagBag from /opt/airflow/dags/dag_gold_dbt.py
[2026-07-04T13:12:07.009+0000] {processor.py:840} INFO - DAG(s) 'gold_dbt_dag' retrieved from /opt/airflow/dags/dag_gold_dbt.py
[2026-07-04T13:12:07.039+0000] {logging_mixin.py:188} INFO - [2026-07-04T13:12:07.039+0000] {taskinstance.py:2907} ERROR - {'DAG Id': 'gold_dbt_dag', 'Task Id': 'trigger_dbt_build', 'Run Id': 'dataset_triggered__2026-07-04T12:10:22.400253+00:00', 'Hostname': 'bd23e89d97be'}
[2026-07-04T13:12:07.059+0000] {logging_mixin.py:188} INFO - [2026-07-04T13:12:07.059+0000] {taskinstance.py:1206} INFO - Marking task as FAILED. dag_id=gold_dbt_dag, task_id=trigger_dbt_build, run_id=dataset_triggered__2026-07-04T12:10:22.400253+00:00, execution_date=20260704T121022, start_date=20260704T121022, end_date=20260704T131207
[2026-07-04T13:12:07.070+0000] {processor.py:791} INFO - Executed failure callback for <TaskInstance: gold_dbt_dag.trigger_dbt_build dataset_triggered__2026-07-04T12:10:22.400253+00:00 [failed]> in state failed
[2026-07-04T13:12:07.095+0000] {logging_mixin.py:188} INFO - [2026-07-04T13:12:07.094+0000] {dag.py:3096} INFO - Sync 1 DAGs
[2026-07-04T13:12:07.116+0000] {logging_mixin.py:188} INFO - [2026-07-04T13:12:07.116+0000] {dag.py:3954} INFO - Setting next_dagrun for gold_dbt_dag to None, run_after=None
[2026-07-04T13:12:07.137+0000] {processor.py:183} INFO - Processing /opt/airflow/dags/dag_gold_dbt.py took 0.167 seconds
[2026-07-04T13:31:55.852+0000] {processor.py:161} INFO - Started process (PID=37031) to work on /opt/airflow/dags/dag_gold_dbt.py
[2026-07-04T13:31:55.853+0000] {processor.py:830} INFO - Processing file /opt/airflow/dags/dag_gold_dbt.py for tasks to queue
[2026-07-04T13:31:55.854+0000] {logging_mixin.py:188} INFO - [2026-07-04T13:31:55.854+0000] {dagbag.py:545} INFO - Filling up the DagBag from /opt/airflow/dags/dag_gold_dbt.py
[2026-07-04T13:31:55.882+0000] {processor.py:840} INFO - DAG(s) 'gold_dbt_dag' retrieved from /opt/airflow/dags/dag_gold_dbt.py
[2026-07-04T13:31:55.915+0000] {logging_mixin.py:188} INFO - [2026-07-04T13:31:55.915+0000] {dag.py:3096} INFO - Sync 1 DAGs
[2026-07-04T13:31:55.936+0000] {logging_mixin.py:188} INFO - [2026-07-04T13:31:55.936+0000] {dag.py:3954} INFO - Setting next_dagrun for gold_dbt_dag to None, run_after=None
[2026-07-04T13:31:55.952+0000] {processor.py:183} INFO - Processing /opt/airflow/dags/dag_gold_dbt.py took 0.116 seconds
[2026-07-04T13:31:55.964+0000] {processor.py:161} INFO - Started process (PID=37038) to work on /opt/airflow/dags/dag_gold_dbt.py
[2026-07-04T13:31:55.965+0000] {processor.py:830} INFO - Processing file /opt/airflow/dags/dag_gold_dbt.py for tasks to queue
[2026-07-04T13:31:55.965+0000] {logging_mixin.py:188} INFO - [2026-07-04T13:31:55.965+0000] {dagbag.py:545} INFO - Filling up the DagBag from /opt/airflow/dags/dag_gold_dbt.py
[2026-07-04T13:31:55.972+0000] {processor.py:840} INFO - DAG(s) 'gold_dbt_dag' retrieved from /opt/airflow/dags/dag_gold_dbt.py
[2026-07-04T13:31:55.986+0000] {logging_mixin.py:188} INFO - [2026-07-04T13:31:55.986+0000] {taskinstance.py:2907} ERROR - {'DAG Id': 'gold_dbt_dag', 'Task Id': 'trigger_dbt_build', 'Run Id': 'dataset_triggered__2026-07-04T13:12:18.648008+00:00', 'Hostname': 'bd23e89d97be'}
[2026-07-04T13:31:55.994+0000] {logging_mixin.py:188} INFO - [2026-07-04T13:31:55.994+0000] {taskinstance.py:1206} INFO - Marking task as UP_FOR_RETRY. dag_id=gold_dbt_dag, task_id=trigger_dbt_build, run_id=dataset_triggered__2026-07-04T13:12:18.648008+00:00, execution_date=20260704T131218, start_date=20260704T131219, end_date=20260704T133155
[2026-07-04T13:31:55.998+0000] {processor.py:791} INFO - Executed failure callback for <TaskInstance: gold_dbt_dag.trigger_dbt_build dataset_triggered__2026-07-04T13:12:18.648008+00:00 [up_for_retry]> in state up_for_retry
[2026-07-04T13:31:56.008+0000] {logging_mixin.py:188} INFO - [2026-07-04T13:31:56.007+0000] {dag.py:3096} INFO - Sync 1 DAGs
[2026-07-04T13:31:56.017+0000] {logging_mixin.py:188} INFO - [2026-07-04T13:31:56.017+0000] {dag.py:3954} INFO - Setting next_dagrun for gold_dbt_dag to None, run_after=None
[2026-07-04T13:31:56.027+0000] {processor.py:183} INFO - Processing /opt/airflow/dags/dag_gold_dbt.py took 0.065 seconds
[2026-07-04T14:30:06.418+0000] {processor.py:161} INFO - Started process (PID=37078) to work on /opt/airflow/dags/dag_gold_dbt.py
[2026-07-04T14:30:06.419+0000] {processor.py:830} INFO - Processing file /opt/airflow/dags/dag_gold_dbt.py for tasks to queue
[2026-07-04T14:30:06.421+0000] {logging_mixin.py:188} INFO - [2026-07-04T14:30:06.420+0000] {dagbag.py:545} INFO - Filling up the DagBag from /opt/airflow/dags/dag_gold_dbt.py
[2026-07-04T14:30:06.450+0000] {processor.py:840} INFO - DAG(s) 'gold_dbt_dag' retrieved from /opt/airflow/dags/dag_gold_dbt.py
[2026-07-04T14:30:06.488+0000] {logging_mixin.py:188} INFO - [2026-07-04T14:30:06.488+0000] {dag.py:3096} INFO - Sync 1 DAGs
[2026-07-04T14:30:06.527+0000] {logging_mixin.py:188} INFO - [2026-07-04T14:30:06.527+0000] {dag.py:3954} INFO - Setting next_dagrun for gold_dbt_dag to None, run_after=None
[2026-07-04T14:30:06.564+0000] {processor.py:183} INFO - Processing /opt/airflow/dags/dag_gold_dbt.py took 0.154 seconds
[2026-07-04T15:19:17.817+0000] {processor.py:161} INFO - Started process (PID=37674) to work on /opt/airflow/dags/dag_gold_dbt.py
[2026-07-04T15:19:17.819+0000] {processor.py:830} INFO - Processing file /opt/airflow/dags/dag_gold_dbt.py for tasks to queue
[2026-07-04T15:19:17.820+0000] {logging_mixin.py:188} INFO - [2026-07-04T15:19:17.820+0000] {dagbag.py:545} INFO - Filling up the DagBag from /opt/airflow/dags/dag_gold_dbt.py
[2026-07-04T15:19:17.840+0000] {processor.py:840} INFO - DAG(s) 'gold_dbt_dag' retrieved from /opt/airflow/dags/dag_gold_dbt.py
[2026-07-04T15:19:17.870+0000] {logging_mixin.py:188} INFO - [2026-07-04T15:19:17.870+0000] {dag.py:3096} INFO - Sync 1 DAGs
[2026-07-04T15:19:17.897+0000] {logging_mixin.py:188} INFO - [2026-07-04T15:19:17.897+0000] {dag.py:3954} INFO - Setting next_dagrun for gold_dbt_dag to None, run_after=None
[2026-07-04T15:19:17.912+0000] {processor.py:183} INFO - Processing /opt/airflow/dags/dag_gold_dbt.py took 0.100 seconds
[2026-07-04T15:19:18.027+0000] {processor.py:161} INFO - Started process (PID=37686) to work on /opt/airflow/dags/dag_gold_dbt.py
[2026-07-04T15:19:18.027+0000] {processor.py:830} INFO - Processing file /opt/airflow/dags/dag_gold_dbt.py for tasks to queue
[2026-07-04T15:19:18.028+0000] {logging_mixin.py:188} INFO - [2026-07-04T15:19:18.027+0000] {dagbag.py:545} INFO - Filling up the DagBag from /opt/airflow/dags/dag_gold_dbt.py
[2026-07-04T15:19:18.035+0000] {processor.py:840} INFO - DAG(s) 'gold_dbt_dag' retrieved from /opt/airflow/dags/dag_gold_dbt.py
[2026-07-04T15:19:18.048+0000] {logging_mixin.py:188} INFO - [2026-07-04T15:19:18.048+0000] {taskinstance.py:2907} ERROR - {'DAG Id': 'gold_dbt_dag', 'Task Id': 'trigger_dbt_build', 'Run Id': 'dataset_triggered__2026-07-04T14:30:17.534024+00:00', 'Hostname': 'bd23e89d97be'}
[2026-07-04T15:19:18.058+0000] {logging_mixin.py:188} INFO - [2026-07-04T15:19:18.058+0000] {taskinstance.py:1206} INFO - Marking task as UP_FOR_RETRY. dag_id=gold_dbt_dag, task_id=trigger_dbt_build, run_id=dataset_triggered__2026-07-04T14:30:17.534024+00:00, execution_date=20260704T143017, start_date=20260704T143017, end_date=20260704T151918
[2026-07-04T15:19:18.064+0000] {processor.py:791} INFO - Executed failure callback for <TaskInstance: gold_dbt_dag.trigger_dbt_build dataset_triggered__2026-07-04T14:30:17.534024+00:00 [up_for_retry]> in state up_for_retry
[2026-07-04T15:19:18.076+0000] {logging_mixin.py:188} INFO - [2026-07-04T15:19:18.075+0000] {dag.py:3096} INFO - Sync 1 DAGs
[2026-07-04T15:19:18.086+0000] {logging_mixin.py:188} INFO - [2026-07-04T15:19:18.086+0000] {dag.py:3954} INFO - Setting next_dagrun for gold_dbt_dag to None, run_after=None
[2026-07-04T15:19:18.095+0000] {processor.py:183} INFO - Processing /opt/airflow/dags/dag_gold_dbt.py took 0.072 seconds
[2026-07-04T15:51:51.577+0000] {processor.py:161} INFO - Started process (PID=38282) to work on /opt/airflow/dags/dag_gold_dbt.py
[2026-07-04T15:51:51.578+0000] {processor.py:830} INFO - Processing file /opt/airflow/dags/dag_gold_dbt.py for tasks to queue
[2026-07-04T15:51:51.579+0000] {logging_mixin.py:188} INFO - [2026-07-04T15:51:51.578+0000] {dagbag.py:545} INFO - Filling up the DagBag from /opt/airflow/dags/dag_gold_dbt.py
[2026-07-04T15:51:51.598+0000] {processor.py:840} INFO - DAG(s) 'gold_dbt_dag' retrieved from /opt/airflow/dags/dag_gold_dbt.py
[2026-07-04T15:51:51.630+0000] {logging_mixin.py:188} INFO - [2026-07-04T15:51:51.630+0000] {dag.py:3096} INFO - Sync 1 DAGs
[2026-07-04T15:51:51.653+0000] {logging_mixin.py:188} INFO - [2026-07-04T15:51:51.653+0000] {dag.py:3954} INFO - Setting next_dagrun for gold_dbt_dag to None, run_after=None
[2026-07-04T15:51:51.679+0000] {processor.py:183} INFO - Processing /opt/airflow/dags/dag_gold_dbt.py took 0.111 seconds
[2026-07-04T15:51:52.739+0000] {processor.py:161} INFO - Started process (PID=38316) to work on /opt/airflow/dags/dag_gold_dbt.py
[2026-07-04T15:51:52.740+0000] {processor.py:830} INFO - Processing file /opt/airflow/dags/dag_gold_dbt.py for tasks to queue
[2026-07-04T15:51:52.740+0000] {logging_mixin.py:188} INFO - [2026-07-04T15:51:52.740+0000] {dagbag.py:545} INFO - Filling up the DagBag from /opt/airflow/dags/dag_gold_dbt.py
[2026-07-04T15:51:52.747+0000] {processor.py:840} INFO - DAG(s) 'gold_dbt_dag' retrieved from /opt/airflow/dags/dag_gold_dbt.py
[2026-07-04T15:51:52.758+0000] {logging_mixin.py:188} INFO - [2026-07-04T15:51:52.758+0000] {taskinstance.py:2907} ERROR - {'DAG Id': 'gold_dbt_dag', 'Task Id': 'trigger_dbt_build', 'Run Id': 'dataset_triggered__2026-07-04T15:19:30.819881+00:00', 'Hostname': 'bd23e89d97be'}
[2026-07-04T15:51:52.766+0000] {logging_mixin.py:188} INFO - [2026-07-04T15:51:52.766+0000] {taskinstance.py:1206} INFO - Marking task as UP_FOR_RETRY. dag_id=gold_dbt_dag, task_id=trigger_dbt_build, run_id=dataset_triggered__2026-07-04T15:19:30.819881+00:00, execution_date=20260704T151930, start_date=20260704T151930, end_date=20260704T155152
[2026-07-04T15:51:52.771+0000] {processor.py:791} INFO - Executed failure callback for <TaskInstance: gold_dbt_dag.trigger_dbt_build dataset_triggered__2026-07-04T15:19:30.819881+00:00 [up_for_retry]> in state up_for_retry
[2026-07-04T15:51:52.778+0000] {logging_mixin.py:188} INFO - [2026-07-04T15:51:52.777+0000] {dag.py:3096} INFO - Sync 1 DAGs
[2026-07-04T15:51:52.783+0000] {logging_mixin.py:188} INFO - [2026-07-04T15:51:52.783+0000] {dag.py:3954} INFO - Setting next_dagrun for gold_dbt_dag to None, run_after=None
[2026-07-04T15:51:52.854+0000] {processor.py:183} INFO - Processing /opt/airflow/dags/dag_gold_dbt.py took 0.119 seconds
[2026-07-04T15:54:01.677+0000] {processor.py:161} INFO - Started process (PID=38323) to work on /opt/airflow/dags/dag_gold_dbt.py
[2026-07-04T15:54:01.679+0000] {processor.py:830} INFO - Processing file /opt/airflow/dags/dag_gold_dbt.py for tasks to queue
[2026-07-04T15:54:01.680+0000] {logging_mixin.py:188} INFO - [2026-07-04T15:54:01.679+0000] {dagbag.py:545} INFO - Filling up the DagBag from /opt/airflow/dags/dag_gold_dbt.py
[2026-07-04T15:54:01.706+0000] {processor.py:840} INFO - DAG(s) 'gold_dbt_dag' retrieved from /opt/airflow/dags/dag_gold_dbt.py
[2026-07-04T15:54:01.733+0000] {logging_mixin.py:188} INFO - [2026-07-04T15:54:01.733+0000] {dag.py:3096} INFO - Sync 1 DAGs
[2026-07-04T15:54:01.757+0000] {logging_mixin.py:188} INFO - [2026-07-04T15:54:01.757+0000] {dag.py:3954} INFO - Setting next_dagrun for gold_dbt_dag to None, run_after=None
[2026-07-04T15:54:01.771+0000] {processor.py:183} INFO - Processing /opt/airflow/dags/dag_gold_dbt.py took 0.103 seconds
[2026-07-04T16:28:52.077+0000] {processor.py:161} INFO - Started process (PID=38361) to work on /opt/airflow/dags/dag_gold_dbt.py
[2026-07-04T16:28:52.079+0000] {processor.py:830} INFO - Processing file /opt/airflow/dags/dag_gold_dbt.py for tasks to queue
[2026-07-04T16:28:52.080+0000] {logging_mixin.py:188} INFO - [2026-07-04T16:28:52.079+0000] {dagbag.py:545} INFO - Filling up the DagBag from /opt/airflow/dags/dag_gold_dbt.py
[2026-07-04T16:28:52.105+0000] {processor.py:840} INFO - DAG(s) 'gold_dbt_dag' retrieved from /opt/airflow/dags/dag_gold_dbt.py
[2026-07-04T16:28:52.144+0000] {logging_mixin.py:188} INFO - [2026-07-04T16:28:52.144+0000] {dag.py:3096} INFO - Sync 1 DAGs
[2026-07-04T16:28:52.168+0000] {logging_mixin.py:188} INFO - [2026-07-04T16:28:52.168+0000] {dag.py:3954} INFO - Setting next_dagrun for gold_dbt_dag to None, run_after=None
[2026-07-04T16:28:52.194+0000] {processor.py:183} INFO - Processing /opt/airflow/dags/dag_gold_dbt.py took 0.125 seconds
[2026-07-04T17:02:16.762+0000] {processor.py:161} INFO - Started process (PID=38983) to work on /opt/airflow/dags/dag_gold_dbt.py
[2026-07-04T17:02:16.764+0000] {processor.py:830} INFO - Processing file /opt/airflow/dags/dag_gold_dbt.py for tasks to queue
[2026-07-04T17:02:16.764+0000] {logging_mixin.py:188} INFO - [2026-07-04T17:02:16.764+0000] {dagbag.py:545} INFO - Filling up the DagBag from /opt/airflow/dags/dag_gold_dbt.py
[2026-07-04T17:02:16.788+0000] {processor.py:840} INFO - DAG(s) 'gold_dbt_dag' retrieved from /opt/airflow/dags/dag_gold_dbt.py
[2026-07-04T17:02:16.814+0000] {logging_mixin.py:188} INFO - [2026-07-04T17:02:16.814+0000] {dag.py:3096} INFO - Sync 1 DAGs
[2026-07-04T17:02:16.833+0000] {logging_mixin.py:188} INFO - [2026-07-04T17:02:16.833+0000] {dag.py:3954} INFO - Setting next_dagrun for gold_dbt_dag to None, run_after=None
[2026-07-04T17:02:16.850+0000] {processor.py:183} INFO - Processing /opt/airflow/dags/dag_gold_dbt.py took 0.093 seconds
[2026-07-04T18:03:15.688+0000] {processor.py:161} INFO - Started process (PID=39592) to work on /opt/airflow/dags/dag_gold_dbt.py
[2026-07-04T18:03:15.689+0000] {processor.py:830} INFO - Processing file /opt/airflow/dags/dag_gold_dbt.py for tasks to queue
[2026-07-04T18:03:15.689+0000] {logging_mixin.py:188} INFO - [2026-07-04T18:03:15.689+0000] {dagbag.py:545} INFO - Filling up the DagBag from /opt/airflow/dags/dag_gold_dbt.py
[2026-07-04T18:03:15.702+0000] {processor.py:840} INFO - DAG(s) 'gold_dbt_dag' retrieved from /opt/airflow/dags/dag_gold_dbt.py
[2026-07-04T18:03:15.722+0000] {logging_mixin.py:188} INFO - [2026-07-04T18:03:15.722+0000] {dag.py:3096} INFO - Sync 1 DAGs
[2026-07-04T18:03:15.736+0000] {logging_mixin.py:188} INFO - [2026-07-04T18:03:15.736+0000] {dag.py:3954} INFO - Setting next_dagrun for gold_dbt_dag to None, run_after=None
[2026-07-04T18:03:15.748+0000] {processor.py:183} INFO - Processing /opt/airflow/dags/dag_gold_dbt.py took 0.067 seconds
[2026-07-04T18:03:17.933+0000] {processor.py:161} INFO - Started process (PID=39730) to work on /opt/airflow/dags/dag_gold_dbt.py
[2026-07-04T18:03:17.936+0000] {processor.py:830} INFO - Processing file /opt/airflow/dags/dag_gold_dbt.py for tasks to queue
[2026-07-04T18:03:17.938+0000] {logging_mixin.py:188} INFO - [2026-07-04T18:03:17.937+0000] {dagbag.py:545} INFO - Filling up the DagBag from /opt/airflow/dags/dag_gold_dbt.py
[2026-07-04T18:03:17.974+0000] {processor.py:840} INFO - DAG(s) 'gold_dbt_dag' retrieved from /opt/airflow/dags/dag_gold_dbt.py
[2026-07-04T18:03:18.032+0000] {logging_mixin.py:188} INFO - [2026-07-04T18:03:18.031+0000] {taskinstance.py:2907} ERROR - {'DAG Id': 'gold_dbt_dag', 'Task Id': 'trigger_dbt_build', 'Run Id': 'dataset_triggered__2026-07-04T17:02:29.234263+00:00', 'Hostname': 'bd23e89d97be'}
[2026-07-04T18:03:18.094+0000] {logging_mixin.py:188} INFO - [2026-07-04T18:03:18.093+0000] {taskinstance.py:1206} INFO - Marking task as UP_FOR_RETRY. dag_id=gold_dbt_dag, task_id=trigger_dbt_build, run_id=dataset_triggered__2026-07-04T17:02:29.234263+00:00, execution_date=20260704T170229, start_date=20260704T170230, end_date=20260704T180318
[2026-07-04T18:03:18.123+0000] {processor.py:791} INFO - Executed failure callback for <TaskInstance: gold_dbt_dag.trigger_dbt_build dataset_triggered__2026-07-04T17:02:29.234263+00:00 [up_for_retry]> in state up_for_retry
[2026-07-04T18:03:18.214+0000] {logging_mixin.py:188} INFO - [2026-07-04T18:03:18.214+0000] {dag.py:3096} INFO - Sync 1 DAGs
[2026-07-04T18:03:18.288+0000] {logging_mixin.py:188} INFO - [2026-07-04T18:03:18.287+0000] {dag.py:3954} INFO - Setting next_dagrun for gold_dbt_dag to None, run_after=None
[2026-07-04T18:03:18.472+0000] {processor.py:183} INFO - Processing /opt/airflow/dags/dag_gold_dbt.py took 0.558 seconds
[2026-07-04T18:41:31.334+0000] {processor.py:161} INFO - Started process (PID=40215) to work on /opt/airflow/dags/dag_gold_dbt.py
[2026-07-04T18:41:31.334+0000] {processor.py:830} INFO - Processing file /opt/airflow/dags/dag_gold_dbt.py for tasks to queue
[2026-07-04T18:41:31.335+0000] {logging_mixin.py:188} INFO - [2026-07-04T18:41:31.335+0000] {dagbag.py:545} INFO - Filling up the DagBag from /opt/airflow/dags/dag_gold_dbt.py
[2026-07-04T18:41:31.345+0000] {processor.py:840} INFO - DAG(s) 'gold_dbt_dag' retrieved from /opt/airflow/dags/dag_gold_dbt.py
[2026-07-04T18:41:31.365+0000] {logging_mixin.py:188} INFO - [2026-07-04T18:41:31.365+0000] {dag.py:3096} INFO - Sync 1 DAGs
[2026-07-04T18:41:31.383+0000] {logging_mixin.py:188} INFO - [2026-07-04T18:41:31.383+0000] {dag.py:3954} INFO - Setting next_dagrun for gold_dbt_dag to None, run_after=None
[2026-07-04T18:41:31.398+0000] {processor.py:183} INFO - Processing /opt/airflow/dags/dag_gold_dbt.py took 0.069 seconds
[2026-07-04T18:41:33.444+0000] {processor.py:161} INFO - Started process (PID=40250) to work on /opt/airflow/dags/dag_gold_dbt.py
[2026-07-04T18:41:33.445+0000] {processor.py:830} INFO - Processing file /opt/airflow/dags/dag_gold_dbt.py for tasks to queue
[2026-07-04T18:41:33.446+0000] {logging_mixin.py:188} INFO - [2026-07-04T18:41:33.446+0000] {dagbag.py:545} INFO - Filling up the DagBag from /opt/airflow/dags/dag_gold_dbt.py
[2026-07-04T18:41:33.466+0000] {processor.py:840} INFO - DAG(s) 'gold_dbt_dag' retrieved from /opt/airflow/dags/dag_gold_dbt.py
[2026-07-04T18:41:33.500+0000] {logging_mixin.py:188} INFO - [2026-07-04T18:41:33.500+0000] {taskinstance.py:2907} ERROR - {'DAG Id': 'gold_dbt_dag', 'Task Id': 'trigger_dbt_build', 'Run Id': 'dataset_triggered__2026-07-04T18:03:28.748655+00:00', 'Hostname': 'bd23e89d97be'}
[2026-07-04T18:41:33.531+0000] {logging_mixin.py:188} INFO - [2026-07-04T18:41:33.531+0000] {taskinstance.py:1206} INFO - Marking task as UP_FOR_RETRY. dag_id=gold_dbt_dag, task_id=trigger_dbt_build, run_id=dataset_triggered__2026-07-04T18:03:28.748655+00:00, execution_date=20260704T180328, start_date=20260704T180329, end_date=20260704T184133
[2026-07-04T18:41:33.536+0000] {processor.py:791} INFO - Executed failure callback for <TaskInstance: gold_dbt_dag.trigger_dbt_build dataset_triggered__2026-07-04T18:03:28.748655+00:00 [up_for_retry]> in state up_for_retry
[2026-07-04T18:41:33.548+0000] {logging_mixin.py:188} INFO - [2026-07-04T18:41:33.548+0000] {dag.py:3096} INFO - Sync 1 DAGs
[2026-07-04T18:41:33.559+0000] {logging_mixin.py:188} INFO - [2026-07-04T18:41:33.559+0000] {dag.py:3954} INFO - Setting next_dagrun for gold_dbt_dag to None, run_after=None
[2026-07-04T18:41:33.746+0000] {processor.py:183} INFO - Processing /opt/airflow/dags/dag_gold_dbt.py took 0.319 seconds
[2026-07-04T19:43:21.604+0000] {processor.py:161} INFO - Started process (PID=40256) to work on /opt/airflow/dags/dag_gold_dbt.py
[2026-07-04T19:43:21.606+0000] {processor.py:830} INFO - Processing file /opt/airflow/dags/dag_gold_dbt.py for tasks to queue
[2026-07-04T19:43:21.607+0000] {logging_mixin.py:188} INFO - [2026-07-04T19:43:21.607+0000] {dagbag.py:545} INFO - Filling up the DagBag from /opt/airflow/dags/dag_gold_dbt.py
[2026-07-04T19:43:21.634+0000] {processor.py:840} INFO - DAG(s) 'gold_dbt_dag' retrieved from /opt/airflow/dags/dag_gold_dbt.py
[2026-07-04T19:43:21.690+0000] {logging_mixin.py:188} INFO - [2026-07-04T19:43:21.689+0000] {dag.py:3096} INFO - Sync 1 DAGs
[2026-07-04T19:43:21.717+0000] {logging_mixin.py:188} INFO - [2026-07-04T19:43:21.717+0000] {dag.py:3954} INFO - Setting next_dagrun for gold_dbt_dag to None, run_after=None
[2026-07-04T19:43:21.735+0000] {processor.py:183} INFO - Processing /opt/airflow/dags/dag_gold_dbt.py took 0.139 seconds
[2026-07-04T21:23:04.797+0000] {processor.py:161} INFO - Started process (PID=40865) to work on /opt/airflow/dags/dag_gold_dbt.py
[2026-07-04T21:23:04.798+0000] {processor.py:830} INFO - Processing file /opt/airflow/dags/dag_gold_dbt.py for tasks to queue
[2026-07-04T21:23:04.799+0000] {logging_mixin.py:188} INFO - [2026-07-04T21:23:04.798+0000] {dagbag.py:545} INFO - Filling up the DagBag from /opt/airflow/dags/dag_gold_dbt.py
[2026-07-04T21:23:04.817+0000] {processor.py:840} INFO - DAG(s) 'gold_dbt_dag' retrieved from /opt/airflow/dags/dag_gold_dbt.py
[2026-07-04T21:23:04.843+0000] {logging_mixin.py:188} INFO - [2026-07-04T21:23:04.842+0000] {dag.py:3096} INFO - Sync 1 DAGs
[2026-07-04T21:23:04.861+0000] {logging_mixin.py:188} INFO - [2026-07-04T21:23:04.861+0000] {dag.py:3954} INFO - Setting next_dagrun for gold_dbt_dag to None, run_after=None
[2026-07-04T21:23:04.882+0000] {processor.py:183} INFO - Processing /opt/airflow/dags/dag_gold_dbt.py took 0.090 seconds
[2026-07-04T22:43:03.315+0000] {processor.py:161} INFO - Started process (PID=41453) to work on /opt/airflow/dags/dag_gold_dbt.py
[2026-07-04T22:43:03.316+0000] {processor.py:830} INFO - Processing file /opt/airflow/dags/dag_gold_dbt.py for tasks to queue
[2026-07-04T22:43:03.317+0000] {logging_mixin.py:188} INFO - [2026-07-04T22:43:03.316+0000] {dagbag.py:545} INFO - Filling up the DagBag from /opt/airflow/dags/dag_gold_dbt.py
[2026-07-04T22:43:03.329+0000] {processor.py:840} INFO - DAG(s) 'gold_dbt_dag' retrieved from /opt/airflow/dags/dag_gold_dbt.py
[2026-07-04T22:43:03.348+0000] {logging_mixin.py:188} INFO - [2026-07-04T22:43:03.347+0000] {dag.py:3096} INFO - Sync 1 DAGs
[2026-07-04T22:43:03.359+0000] {logging_mixin.py:188} INFO - [2026-07-04T22:43:03.359+0000] {dag.py:3954} INFO - Setting next_dagrun for gold_dbt_dag to None, run_after=None
[2026-07-04T22:43:03.370+0000] {processor.py:183} INFO - Processing /opt/airflow/dags/dag_gold_dbt.py took 0.060 seconds
[2026-07-04T23:26:31.927+0000] {processor.py:161} INFO - Started process (PID=42073) to work on /opt/airflow/dags/dag_gold_dbt.py
[2026-07-04T23:26:31.932+0000] {processor.py:830} INFO - Processing file /opt/airflow/dags/dag_gold_dbt.py for tasks to queue
[2026-07-04T23:26:31.934+0000] {logging_mixin.py:188} INFO - [2026-07-04T23:26:31.933+0000] {dagbag.py:545} INFO - Filling up the DagBag from /opt/airflow/dags/dag_gold_dbt.py
[2026-07-04T23:26:31.969+0000] {processor.py:840} INFO - DAG(s) 'gold_dbt_dag' retrieved from /opt/airflow/dags/dag_gold_dbt.py
[2026-07-04T23:26:32.017+0000] {logging_mixin.py:188} INFO - [2026-07-04T23:26:32.017+0000] {dag.py:3096} INFO - Sync 1 DAGs
[2026-07-04T23:26:32.056+0000] {logging_mixin.py:188} INFO - [2026-07-04T23:26:32.053+0000] {dag.py:3954} INFO - Setting next_dagrun for gold_dbt_dag to None, run_after=None
[2026-07-04T23:26:32.087+0000] {processor.py:183} INFO - Processing /opt/airflow/dags/dag_gold_dbt.py took 0.173 seconds
