[2026-07-02T10:18:23.031+0000] {local_task_job_runner.py:120} INFO - ::group::Pre task execution logs
[2026-07-02T10:18:23.052+0000] {taskinstance.py:2076} INFO - Dependencies all met for dep_context=non-requeueable deps ti=<TaskInstance: gold_dbt_dag.trigger_dbt_build dataset_triggered__2026-07-02T10:18:22.718152+00:00 [queued]>
[2026-07-02T10:18:23.056+0000] {taskinstance.py:2076} INFO - Dependencies all met for dep_context=requeueable deps ti=<TaskInstance: gold_dbt_dag.trigger_dbt_build dataset_triggered__2026-07-02T10:18:22.718152+00:00 [queued]>
[2026-07-02T10:18:23.057+0000] {taskinstance.py:2306} INFO - Starting attempt 1 of 2
[2026-07-02T10:18:23.062+0000] {taskinstance.py:2330} INFO - Executing <Task(BashOperator): trigger_dbt_build> on 2026-07-02 10:18:22.718152+00:00
[2026-07-02T10:18:23.067+0000] {standard_task_runner.py:90} INFO - Running: ['***', 'tasks', 'run', 'gold_dbt_dag', 'trigger_dbt_build', 'dataset_triggered__2026-07-02T10:18:22.718152+00:00', '--job-id', '226', '--raw', '--subdir', 'DAGS_FOLDER/dag_gold_dbt.py', '--cfg-path', '/tmp/tmp1paf1gs6']
[2026-07-02T10:18:23.070+0000] {standard_task_runner.py:91} INFO - Job 226: Subtask trigger_dbt_build
[2026-07-02T10:18:23.076+0000] {logging_mixin.py:188} WARNING - /home/***/.local/lib/python3.12/site-packages/***/task/task_runner/standard_task_runner.py:61 DeprecationWarning: This process (pid=67598) is multi-threaded, use of fork() may lead to deadlocks in the child.
[2026-07-02T10:18:23.077+0000] {standard_task_runner.py:63} INFO - Started process 67599 to run task
[2026-07-02T10:18:23.104+0000] {task_command.py:426} INFO - Running <TaskInstance: gold_dbt_dag.trigger_dbt_build dataset_triggered__2026-07-02T10:18:22.718152+00:00 [running]> on host bd23e89d97be
[2026-07-02T10:18:23.142+0000] {taskinstance.py:2648} INFO - Exporting env vars: AIRFLOW_CTX_DAG_OWNER='data_engineer' AIRFLOW_CTX_DAG_ID='gold_dbt_dag' AIRFLOW_CTX_TASK_ID='trigger_dbt_build' AIRFLOW_CTX_EXECUTION_DATE='2026-07-02T10:18:22.718152+00:00' AIRFLOW_CTX_TRY_NUMBER='1' AIRFLOW_CTX_DAG_RUN_ID='dataset_triggered__2026-07-02T10:18:22.718152+00:00'
[2026-07-02T10:18:23.143+0000] {taskinstance.py:430} INFO - ::endgroup::
[2026-07-02T10:18:23.153+0000] {subprocess.py:63} INFO - Tmp dir root location: /tmp
[2026-07-02T10:18:23.154+0000] {subprocess.py:75} INFO - Running command: ['/usr/bin/bash', '-c', 'cd /opt/***/dbt && dbt build --profiles-dir . --target dev']
[2026-07-02T10:18:23.159+0000] {subprocess.py:86} INFO - Output:
[2026-07-02T10:18:25.043+0000] {subprocess.py:93} INFO - [0m10:18:25  Running with dbt=1.11.11
[2026-07-02T10:18:25.663+0000] {subprocess.py:93} INFO - [0m10:18:25  Registered adapter: bigquery=1.11.3
[2026-07-02T10:18:25.896+0000] {subprocess.py:93} INFO - [0m10:18:25  Found 5 models, 4 sources, 553 macros
[2026-07-02T10:18:25.897+0000] {subprocess.py:93} INFO - [0m10:18:25
[2026-07-02T10:18:25.897+0000] {subprocess.py:93} INFO - [0m10:18:25  Concurrency: 4 threads (target='dev')
[2026-07-02T10:18:25.898+0000] {subprocess.py:93} INFO - [0m10:18:25
[2026-07-02T10:18:26.178+0000] {subprocess.py:93} INFO - [0m10:18:26
[2026-07-02T10:18:26.178+0000] {subprocess.py:93} INFO - [0m10:18:26  Finished running  in 0 hours 0 minutes and 0.28 seconds (0.28s).
[2026-07-02T10:18:26.180+0000] {subprocess.py:93} INFO - [0m10:18:26  Encountered an error:
[2026-07-02T10:18:26.180+0000] {subprocess.py:93} INFO - Database Error
[2026-07-02T10:18:26.180+0000] {subprocess.py:93} INFO -   Unable to generate access token, if you're using impersonate_service_account, make sure your initial account has the "roles/iam.serviceAccountTokenCreator" role on the account you are trying to impersonate.
[2026-07-02T10:18:26.180+0000] {subprocess.py:93} INFO - 
[2026-07-02T10:18:26.180+0000] {subprocess.py:93} INFO -   ('invalid_grant: Invalid JWT: Token must be a short-lived token (60 minutes) and in a reasonable timeframe. Check your iat and exp values in the JWT claim.', {'error': 'invalid_grant', 'error_description': 'Invalid JWT: Token must be a short-lived token (60 minutes) and in a reasonable timeframe. Check your iat and exp values in the JWT claim.'})
[2026-07-02T10:18:28.092+0000] {subprocess.py:97} INFO - Command exited with return code 2
[2026-07-02T10:18:28.093+0000] {taskinstance.py:441} INFO - ::group::Post task execution logs
[2026-07-02T10:18:28.102+0000] {taskinstance.py:2905} ERROR - Task failed with exception
Traceback (most recent call last):
  File "/home/airflow/.local/lib/python3.12/site-packages/airflow/models/taskinstance.py", line 465, in _execute_task
    result = _execute_callable(context=context, **execute_callable_kwargs)
             ^^^^^^^^^^^^^^^^^^^^^^^^^^^^^^^^^^^^^^^^^^^^^^^^^^^^^^^^^^^^^
  File "/home/airflow/.local/lib/python3.12/site-packages/airflow/models/taskinstance.py", line 432, in _execute_callable
    return execute_callable(context=context, **execute_callable_kwargs)
           ^^^^^^^^^^^^^^^^^^^^^^^^^^^^^^^^^^^^^^^^^^^^^^^^^^^^^^^^^^^^
  File "/home/airflow/.local/lib/python3.12/site-packages/airflow/models/baseoperator.py", line 400, in wrapper
    return func(self, *args, **kwargs)
           ^^^^^^^^^^^^^^^^^^^^^^^^^^^
  File "/home/airflow/.local/lib/python3.12/site-packages/airflow/operators/bash.py", line 243, in execute
    raise AirflowException(
airflow.exceptions.AirflowException: Bash command failed. The command returned a non-zero exit code 2.
[2026-07-02T10:18:28.110+0000] {taskinstance.py:1206} INFO - Marking task as UP_FOR_RETRY. dag_id=gold_dbt_dag, task_id=trigger_dbt_build, run_id=dataset_triggered__2026-07-02T10:18:22.718152+00:00, execution_date=20260702T101822, start_date=20260702T101823, end_date=20260702T101828
[2026-07-02T10:18:28.132+0000] {standard_task_runner.py:110} ERROR - Failed to execute job 226 for task trigger_dbt_build (Bash command failed. The command returned a non-zero exit code 2.; 67599)
[2026-07-02T10:18:28.138+0000] {local_task_job_runner.py:240} INFO - Task exited with return code 1
[2026-07-02T10:18:28.146+0000] {taskinstance.py:3498} INFO - 0 downstream tasks scheduled from follow-on schedule check
[2026-07-02T10:18:28.147+0000] {local_task_job_runner.py:222} INFO - ::endgroup::
