[2026-07-02T11:43:25.816+0000] {local_task_job_runner.py:120} INFO - ::group::Pre task execution logs
[2026-07-02T11:43:25.844+0000] {taskinstance.py:2076} INFO - Dependencies all met for dep_context=non-requeueable deps ti=<TaskInstance: gold_dbt_dag.trigger_dbt_build dataset_triggered__2026-07-02T10:18:22.718152+00:00 [queued]>
[2026-07-02T11:43:25.850+0000] {taskinstance.py:2076} INFO - Dependencies all met for dep_context=requeueable deps ti=<TaskInstance: gold_dbt_dag.trigger_dbt_build dataset_triggered__2026-07-02T10:18:22.718152+00:00 [queued]>
[2026-07-02T11:43:25.851+0000] {taskinstance.py:2306} INFO - Starting attempt 2 of 2
[2026-07-02T11:43:25.863+0000] {taskinstance.py:2330} INFO - Executing <Task(BashOperator): trigger_dbt_build> on 2026-07-02 10:18:22.718152+00:00
[2026-07-02T11:43:25.873+0000] {standard_task_runner.py:90} INFO - Running: ['***', 'tasks', 'run', 'gold_dbt_dag', 'trigger_dbt_build', 'dataset_triggered__2026-07-02T10:18:22.718152+00:00', '--job-id', '227', '--raw', '--subdir', 'DAGS_FOLDER/dag_gold_dbt.py', '--cfg-path', '/tmp/tmp4c7_gzjc']
[2026-07-02T11:43:25.875+0000] {standard_task_runner.py:91} INFO - Job 227: Subtask trigger_dbt_build
[2026-07-02T11:43:25.880+0000] {logging_mixin.py:188} WARNING - /home/***/.local/lib/python3.12/site-packages/***/task/task_runner/standard_task_runner.py:61 DeprecationWarning: This process (pid=67625) is multi-threaded, use of fork() may lead to deadlocks in the child.
[2026-07-02T11:43:25.880+0000] {standard_task_runner.py:63} INFO - Started process 67638 to run task
[2026-07-02T11:43:25.911+0000] {task_command.py:426} INFO - Running <TaskInstance: gold_dbt_dag.trigger_dbt_build dataset_triggered__2026-07-02T10:18:22.718152+00:00 [running]> on host bd23e89d97be
[2026-07-02T11:43:25.958+0000] {taskinstance.py:2648} INFO - Exporting env vars: AIRFLOW_CTX_DAG_OWNER='data_engineer' AIRFLOW_CTX_DAG_ID='gold_dbt_dag' AIRFLOW_CTX_TASK_ID='trigger_dbt_build' AIRFLOW_CTX_EXECUTION_DATE='2026-07-02T10:18:22.718152+00:00' AIRFLOW_CTX_TRY_NUMBER='2' AIRFLOW_CTX_DAG_RUN_ID='dataset_triggered__2026-07-02T10:18:22.718152+00:00'
[2026-07-02T11:43:25.959+0000] {taskinstance.py:430} INFO - ::endgroup::
[2026-07-02T11:43:25.968+0000] {subprocess.py:63} INFO - Tmp dir root location: /tmp
[2026-07-02T11:43:25.971+0000] {subprocess.py:75} INFO - Running command: ['/usr/bin/bash', '-c', 'cd /opt/***/dbt && dbt build --profiles-dir . --target dev']
[2026-07-02T11:43:25.977+0000] {subprocess.py:86} INFO - Output:
[2026-07-02T11:43:27.142+0000] {subprocess.py:93} INFO - [0m11:43:27  Running with dbt=1.11.11
[2026-07-02T11:43:28.973+0000] {subprocess.py:93} INFO - [0m11:43:28  Registered adapter: bigquery=1.11.3
[2026-07-02T11:43:30.070+0000] {subprocess.py:93} INFO - [0m11:43:30  Found 5 models, 4 sources, 553 macros
[2026-07-02T11:43:30.072+0000] {subprocess.py:93} INFO - [0m11:43:30
[2026-07-02T11:43:30.073+0000] {subprocess.py:93} INFO - [0m11:43:30  Concurrency: 4 threads (target='dev')
[2026-07-02T11:43:30.073+0000] {subprocess.py:93} INFO - [0m11:43:30
[2026-07-02T13:07:32.429+0000] {subprocess.py:93} INFO - [0m13:07:32  3 of 5 START sql view model logistics_mart.stg_shipments ....................... [RUN]
[2026-07-02T13:07:32.447+0000] {subprocess.py:93} INFO - [0m13:07:32  1 of 5 START sql table model logistics_mart.dim_drivers ........................ [RUN]
[2026-07-02T13:07:32.448+0000] {subprocess.py:93} INFO - [0m13:07:32  2 of 5 START sql table model logistics_mart.dim_hubs ........................... [RUN]
[2026-07-02T13:07:32.449+0000] {subprocess.py:93} INFO - [0m13:07:32  4 of 5 START sql view model logistics_mart.stg_weather ......................... [RUN]
[2026-07-02T13:07:34.783+0000] {subprocess.py:93} INFO - [0m13:07:34  3 of 5 OK created sql view model logistics_mart.stg_shipments .................. [[32mCREATE VIEW (0 processed)[0m in 2.35s]
[2026-07-02T13:07:34.784+0000] {subprocess.py:93} INFO - [0m13:07:34  4 of 5 OK created sql view model logistics_mart.stg_weather .................... [[32mCREATE VIEW (0 processed)[0m in 2.35s]
[2026-07-02T13:07:36.475+0000] {subprocess.py:93} INFO - [0m13:07:36  1 of 5 OK created sql table model logistics_mart.dim_drivers ................... [[32mCREATE TABLE (3.0 rows, 108.0 Bytes processed)[0m in 4.04s]
[2026-07-02T13:07:37.059+0000] {subprocess.py:93} INFO - [0m13:07:37  2 of 5 OK created sql table model logistics_mart.dim_hubs ...................... [[32mCREATE TABLE (3.0 rows, 149.0 Bytes processed)[0m in 4.63s]
[2026-07-02T13:07:37.068+0000] {subprocess.py:93} INFO - [0m13:07:37  5 of 5 START sql table model logistics_mart.fact_shipment_weather .............. [RUN]
[2026-07-02T13:07:40.969+0000] {subprocess.py:93} INFO - [0m13:07:40  5 of 5 OK created sql table model logistics_mart.fact_shipment_weather ......... [[32mCREATE TABLE (249.0 rows, 16.1 KiB processed)[0m in 3.89s]
[2026-07-02T13:07:41.029+0000] {subprocess.py:93} INFO - [0m13:07:41
[2026-07-02T13:07:41.030+0000] {subprocess.py:93} INFO - [0m13:07:41  Finished running 3 table models, 2 view models in 1 hours 24 minutes and 10.95 seconds (5050.95s).
[2026-07-02T13:07:41.119+0000] {subprocess.py:93} INFO - [0m13:07:41
[2026-07-02T13:07:41.120+0000] {subprocess.py:93} INFO - [0m13:07:41  [32mCompleted successfully[0m
[2026-07-02T13:07:41.121+0000] {subprocess.py:93} INFO - [0m13:07:41
[2026-07-02T13:07:41.122+0000] {subprocess.py:93} INFO - [0m13:07:41  Done. PASS=5 WARN=0 ERROR=0 SKIP=0 NO-OP=0 TOTAL=5
[2026-07-02T13:07:43.760+0000] {subprocess.py:97} INFO - Command exited with return code 0
[2026-07-02T13:07:43.776+0000] {taskinstance.py:441} INFO - ::group::Post task execution logs
[2026-07-02T13:07:43.873+0000] {taskinstance.py:1206} INFO - Marking task as SUCCESS. dag_id=gold_dbt_dag, task_id=trigger_dbt_build, run_id=dataset_triggered__2026-07-02T10:18:22.718152+00:00, execution_date=20260702T101822, start_date=20260702T114325, end_date=20260702T130743
[2026-07-02T13:07:43.925+0000] {local_task_job_runner.py:240} INFO - Task exited with return code 0
[2026-07-02T13:07:43.972+0000] {taskinstance.py:3498} INFO - 0 downstream tasks scheduled from follow-on schedule check
[2026-07-02T13:07:43.973+0000] {local_task_job_runner.py:222} INFO - ::endgroup::
