[2026-07-08T10:02:35.421+0000] {local_task_job_runner.py:120} INFO - ::group::Pre task execution logs
[2026-07-08T10:02:35.443+0000] {taskinstance.py:2076} INFO - Dependencies all met for dep_context=non-requeueable deps ti=<TaskInstance: gold_dbt_dag.trigger_dbt_build dataset_triggered__2026-07-08T10:00:17.746973+00:00 [queued]>
[2026-07-08T10:02:35.449+0000] {taskinstance.py:2076} INFO - Dependencies all met for dep_context=requeueable deps ti=<TaskInstance: gold_dbt_dag.trigger_dbt_build dataset_triggered__2026-07-08T10:00:17.746973+00:00 [queued]>
[2026-07-08T10:02:35.449+0000] {taskinstance.py:2306} INFO - Starting attempt 2 of 2
[2026-07-08T10:02:35.455+0000] {taskinstance.py:2330} INFO - Executing <Task(BashOperator): trigger_dbt_build> on 2026-07-08 10:00:17.746973+00:00
[2026-07-08T10:02:35.458+0000] {standard_task_runner.py:90} INFO - Running: ['***', 'tasks', 'run', 'gold_dbt_dag', 'trigger_dbt_build', 'dataset_triggered__2026-07-08T10:00:17.746973+00:00', '--job-id', '1116', '--raw', '--subdir', 'DAGS_FOLDER/dag_gold_dbt.py', '--cfg-path', '/tmp/tmp5j4qx3kl']
[2026-07-08T10:02:35.461+0000] {standard_task_runner.py:91} INFO - Job 1116: Subtask trigger_dbt_build
[2026-07-08T10:02:35.469+0000] {logging_mixin.py:188} WARNING - /home/***/.local/lib/python3.12/site-packages/***/task/task_runner/standard_task_runner.py:61 DeprecationWarning: This process (pid=7342) is multi-threaded, use of fork() may lead to deadlocks in the child.
[2026-07-08T10:02:35.469+0000] {standard_task_runner.py:63} INFO - Started process 7343 to run task
[2026-07-08T10:02:35.494+0000] {task_command.py:426} INFO - Running <TaskInstance: gold_dbt_dag.trigger_dbt_build dataset_triggered__2026-07-08T10:00:17.746973+00:00 [running]> on host bd23e89d97be
[2026-07-08T10:02:35.530+0000] {taskinstance.py:2648} INFO - Exporting env vars: AIRFLOW_CTX_DAG_OWNER='data_engineer' AIRFLOW_CTX_DAG_ID='gold_dbt_dag' AIRFLOW_CTX_TASK_ID='trigger_dbt_build' AIRFLOW_CTX_EXECUTION_DATE='2026-07-08T10:00:17.746973+00:00' AIRFLOW_CTX_TRY_NUMBER='2' AIRFLOW_CTX_DAG_RUN_ID='dataset_triggered__2026-07-08T10:00:17.746973+00:00'
[2026-07-08T10:02:35.530+0000] {taskinstance.py:430} INFO - ::endgroup::
[2026-07-08T10:02:35.540+0000] {subprocess.py:63} INFO - Tmp dir root location: /tmp
[2026-07-08T10:02:35.541+0000] {subprocess.py:75} INFO - Running command: ['/usr/bin/bash', '-c', 'cd /opt/***/dbt && dbt build --profiles-dir . --target dev']
[2026-07-08T10:02:35.546+0000] {subprocess.py:86} INFO - Output:
[2026-07-08T10:02:36.592+0000] {subprocess.py:93} INFO - [0m10:02:36  Running with dbt=1.11.11
[2026-07-08T10:02:37.156+0000] {subprocess.py:93} INFO - [0m10:02:37  Registered adapter: bigquery=1.11.3
[2026-07-08T10:02:37.380+0000] {subprocess.py:93} INFO - [0m10:02:37  Found 6 models, 4 sources, 553 macros
[2026-07-08T10:02:37.381+0000] {subprocess.py:93} INFO - [0m10:02:37
[2026-07-08T10:02:37.381+0000] {subprocess.py:93} INFO - [0m10:02:37  Concurrency: 4 threads (target='dev')
[2026-07-08T10:02:37.381+0000] {subprocess.py:93} INFO - [0m10:02:37
[2026-07-08T10:02:39.389+0000] {subprocess.py:93} INFO - [0m10:02:39  1 of 6 START sql table model logistics_mart.dim_drivers ........................ [RUN]
[2026-07-08T10:02:39.391+0000] {subprocess.py:93} INFO - [0m10:02:39  2 of 6 START sql table model logistics_mart.dim_hubs ........................... [RUN]
[2026-07-08T10:02:39.391+0000] {subprocess.py:93} INFO - [0m10:02:39  3 of 6 START sql view model logistics_mart.stg_shipments ....................... [RUN]
[2026-07-08T10:02:39.392+0000] {subprocess.py:93} INFO - [0m10:02:39  4 of 6 START sql view model logistics_mart.stg_weather ......................... [RUN]
[2026-07-08T10:02:42.032+0000] {subprocess.py:93} INFO - [0m10:02:42  3 of 6 OK created sql view model logistics_mart.stg_shipments .................. [[32mCREATE VIEW (0 processed)[0m in 2.64s]
[2026-07-08T10:02:42.034+0000] {subprocess.py:93} INFO - [0m10:02:42  5 of 6 START sql view model logistics_mart.stg_weather_consensus ............... [RUN]
[2026-07-08T10:02:42.302+0000] {subprocess.py:93} INFO - [0m10:02:42  4 of 6 OK created sql view model logistics_mart.stg_weather .................... [[32mCREATE VIEW (0 processed)[0m in 2.91s]
[2026-07-08T10:02:43.613+0000] {subprocess.py:93} INFO - [0m10:02:43  BigQuery adapter: https://console.cloud.google.com/bigquery?project=logistics-500519&j=bq:US:11ed6f5c-5014-407e-a81e-23a29de0101a&page=queryresults
[2026-07-08T10:02:43.629+0000] {subprocess.py:93} INFO - [0m10:02:43  5 of 6 ERROR creating sql view model logistics_mart.stg_weather_consensus ...... [[31mERROR[0m in 1.59s]
[2026-07-08T10:02:43.819+0000] {subprocess.py:93} INFO - [0m10:02:43  2 of 6 OK created sql table model logistics_mart.dim_hubs ...................... [[32mCREATE TABLE (3.0 rows, 149.0 Bytes processed)[0m in 4.41s]
[2026-07-08T10:02:43.829+0000] {subprocess.py:93} INFO - [0m10:02:43  6 of 6 START sql table model logistics_mart.fact_shipment_weather .............. [RUN]
[2026-07-08T10:02:44.038+0000] {subprocess.py:93} INFO - [0m10:02:44  1 of 6 OK created sql table model logistics_mart.dim_drivers ................... [[32mCREATE TABLE (3.0 rows, 108.0 Bytes processed)[0m in 4.64s]
[2026-07-08T10:02:47.626+0000] {subprocess.py:93} INFO - [0m10:02:47  6 of 6 OK created sql table model logistics_mart.fact_shipment_weather ......... [[32mCREATE TABLE (1.3k rows, 84.4 KiB processed)[0m in 3.79s]
[2026-07-08T10:02:47.661+0000] {subprocess.py:93} INFO - [0m10:02:47
[2026-07-08T10:02:47.661+0000] {subprocess.py:93} INFO - [0m10:02:47  Finished running 3 table models, 3 view models in 0 hours 0 minutes and 10.28 seconds (10.28s).
[2026-07-08T10:02:47.690+0000] {subprocess.py:93} INFO - [0m10:02:47
[2026-07-08T10:02:47.690+0000] {subprocess.py:93} INFO - [0m10:02:47  [31mCompleted with 1 error, 0 partial successes, and 0 warnings:[0m
[2026-07-08T10:02:47.690+0000] {subprocess.py:93} INFO - [0m10:02:47
[2026-07-08T10:02:47.690+0000] {subprocess.py:93} INFO - [0m10:02:47  [31mFailure in model stg_weather_consensus (models/staging/stg_weather_consensus.sql)[0m
[2026-07-08T10:02:47.691+0000] {subprocess.py:93} INFO - [0m10:02:47    Database Error in model stg_weather_consensus (models/staging/stg_weather_consensus.sql)
[2026-07-08T10:02:47.691+0000] {subprocess.py:93} INFO -   Unrecognized name: fetched_at at [11:11]
[2026-07-08T10:02:47.691+0000] {subprocess.py:93} INFO -   compiled code at target/run/logistics_lakehouse/models/staging/stg_weather_consensus.sql
[2026-07-08T10:02:47.691+0000] {subprocess.py:93} INFO - [0m10:02:47
[2026-07-08T10:02:47.691+0000] {subprocess.py:93} INFO - [0m10:02:47    compiled code at target/compiled/logistics_lakehouse/models/staging/stg_weather_consensus.sql
[2026-07-08T10:02:47.691+0000] {subprocess.py:93} INFO - [0m10:02:47
[2026-07-08T10:02:47.692+0000] {subprocess.py:93} INFO - [0m10:02:47  Done. PASS=5 WARN=0 ERROR=1 SKIP=0 NO-OP=0 TOTAL=6
[2026-07-08T10:02:49.608+0000] {subprocess.py:97} INFO - Command exited with return code 1
[2026-07-08T10:02:49.610+0000] {taskinstance.py:441} INFO - ::group::Post task execution logs
[2026-07-08T10:02:49.630+0000] {taskinstance.py:2905} ERROR - Task failed with exception
Traceback (most recent call last):
  File "/home/airflow/.local/lib/python3.12/site-packages/airflow/models/taskinstance.py", line 465, in _execute_task
    result = _execute_callable(context=context, **execute_callable_kwargs)
             ^^^^^^^^^^^^^^^^^^^^^^^^^^^^^^^^^^^^^^^^^^^^^^^^^^^^^^^^^^^^^
  File "/home/airflow/.local/lib/python3.12/site-packages/airflow/models/taskinstance.py", line 432, in _execute_callable
    return execute_callable(context=context, **execute_callable_kwargs)
           ^^^^^^^^^^^^^^^^^^^^^^^^^^^^^^^^^^^^^^^^^^^^^^^^^^^^^^^^^^^^
  File "/home/airflow/.local/lib/python3.12/site-packages/airflow/models/baseoperator.py", line 400, in wrapper
    return func(self, *args, **kwargs)
           ^^^^^^^^^^^^^^^^^^^^^^^^^^^
  File "/home/airflow/.local/lib/python3.12/site-packages/airflow/operators/bash.py", line 243, in execute
    raise AirflowException(
airflow.exceptions.AirflowException: Bash command failed. The command returned a non-zero exit code 1.
[2026-07-08T10:02:49.635+0000] {taskinstance.py:1206} INFO - Marking task as FAILED. dag_id=gold_dbt_dag, task_id=trigger_dbt_build, run_id=dataset_triggered__2026-07-08T10:00:17.746973+00:00, execution_date=20260708T100017, start_date=20260708T100235, end_date=20260708T100249
[2026-07-08T10:02:49.645+0000] {standard_task_runner.py:110} ERROR - Failed to execute job 1116 for task trigger_dbt_build (Bash command failed. The command returned a non-zero exit code 1.; 7343)
[2026-07-08T10:02:49.681+0000] {local_task_job_runner.py:240} INFO - Task exited with return code 1
[2026-07-08T10:02:49.694+0000] {taskinstance.py:3498} INFO - 0 downstream tasks scheduled from follow-on schedule check
[2026-07-08T10:02:49.695+0000] {local_task_job_runner.py:222} INFO - ::endgroup::
