[2026-07-04T06:09:48.965+0000] {local_task_job_runner.py:120} INFO - ::group::Pre task execution logs
[2026-07-04T06:09:48.994+0000] {taskinstance.py:2076} INFO - Dependencies all met for dep_context=non-requeueable deps ti=<TaskInstance: gold_dbt_dag.trigger_dbt_build dataset_triggered__2026-07-04T06:09:47.878596+00:00 [queued]>
[2026-07-04T06:09:48.997+0000] {taskinstance.py:2076} INFO - Dependencies all met for dep_context=requeueable deps ti=<TaskInstance: gold_dbt_dag.trigger_dbt_build dataset_triggered__2026-07-04T06:09:47.878596+00:00 [queued]>
[2026-07-04T06:09:48.998+0000] {taskinstance.py:2306} INFO - Starting attempt 1 of 2
[2026-07-04T06:09:49.002+0000] {taskinstance.py:2330} INFO - Executing <Task(BashOperator): trigger_dbt_build> on 2026-07-04 06:09:47.878596+00:00
[2026-07-04T06:09:49.007+0000] {standard_task_runner.py:90} INFO - Running: ['***', 'tasks', 'run', 'gold_dbt_dag', 'trigger_dbt_build', 'dataset_triggered__2026-07-04T06:09:47.878596+00:00', '--job-id', '489', '--raw', '--subdir', 'DAGS_FOLDER/dag_gold_dbt.py', '--cfg-path', '/tmp/tmpxtyzoxw_']
[2026-07-04T06:09:49.010+0000] {standard_task_runner.py:91} INFO - Job 489: Subtask trigger_dbt_build
[2026-07-04T06:09:49.013+0000] {logging_mixin.py:188} WARNING - /home/***/.local/lib/python3.12/site-packages/***/task/task_runner/standard_task_runner.py:61 DeprecationWarning: This process (pid=32036) is multi-threaded, use of fork() may lead to deadlocks in the child.
[2026-07-04T06:09:49.014+0000] {standard_task_runner.py:63} INFO - Started process 32037 to run task
[2026-07-04T06:09:49.038+0000] {task_command.py:426} INFO - Running <TaskInstance: gold_dbt_dag.trigger_dbt_build dataset_triggered__2026-07-04T06:09:47.878596+00:00 [running]> on host bd23e89d97be
[2026-07-04T06:09:49.075+0000] {taskinstance.py:2648} INFO - Exporting env vars: AIRFLOW_CTX_DAG_OWNER='data_engineer' AIRFLOW_CTX_DAG_ID='gold_dbt_dag' AIRFLOW_CTX_TASK_ID='trigger_dbt_build' AIRFLOW_CTX_EXECUTION_DATE='2026-07-04T06:09:47.878596+00:00' AIRFLOW_CTX_TRY_NUMBER='1' AIRFLOW_CTX_DAG_RUN_ID='dataset_triggered__2026-07-04T06:09:47.878596+00:00'
[2026-07-04T06:09:49.075+0000] {taskinstance.py:430} INFO - ::endgroup::
[2026-07-04T06:09:49.085+0000] {subprocess.py:63} INFO - Tmp dir root location: /tmp
[2026-07-04T06:09:49.086+0000] {subprocess.py:75} INFO - Running command: ['/usr/bin/bash', '-c', 'cd /opt/***/dbt && dbt build --profiles-dir . --target dev']
[2026-07-04T06:09:49.090+0000] {subprocess.py:86} INFO - Output:
[2026-07-04T06:09:50.359+0000] {subprocess.py:93} INFO - [0m06:09:50  Running with dbt=1.11.11
[2026-07-04T06:09:50.904+0000] {subprocess.py:93} INFO - [0m06:09:50  Registered adapter: bigquery=1.11.3
[2026-07-04T06:09:51.116+0000] {subprocess.py:93} INFO - [0m06:09:51  Found 5 models, 4 sources, 553 macros
[2026-07-04T06:09:51.117+0000] {subprocess.py:93} INFO - [0m06:09:51
[2026-07-04T06:09:51.117+0000] {subprocess.py:93} INFO - [0m06:09:51  Concurrency: 4 threads (target='dev')
[2026-07-04T06:09:51.118+0000] {subprocess.py:93} INFO - [0m06:09:51
[2026-07-04T06:09:57.966+0000] {subprocess.py:93} INFO - WARNING:urllib3.connectionpool:Retrying (Retry(total=2, connect=None, read=None, redirect=None, status=None)) after connection broken by 'SSLError(SSLEOFError(8, '[SSL: UNEXPECTED_EOF_WHILE_READING] EOF occurred in violation of protocol (_ssl.c:1000)'))': /token
[2026-07-04T06:09:59.535+0000] {subprocess.py:93} INFO - [0m06:09:59  1 of 5 START sql table model logistics_mart.dim_drivers ........................ [RUN]
[2026-07-04T06:09:59.535+0000] {subprocess.py:93} INFO - [0m06:09:59  2 of 5 START sql table model logistics_mart.dim_hubs ........................... [RUN]
[2026-07-04T06:09:59.536+0000] {subprocess.py:93} INFO - [0m06:09:59  3 of 5 START sql view model logistics_mart.stg_shipments ....................... [RUN]
[2026-07-04T06:09:59.536+0000] {subprocess.py:93} INFO - [0m06:09:59  4 of 5 START sql view model logistics_mart.stg_weather ......................... [RUN]
[2026-07-04T06:10:02.318+0000] {subprocess.py:93} INFO - [0m06:10:02  4 of 5 OK created sql view model logistics_mart.stg_weather .................... [[32mCREATE VIEW (0 processed)[0m in 2.76s]
[2026-07-04T06:10:02.323+0000] {subprocess.py:93} INFO - [0m06:10:02  3 of 5 OK created sql view model logistics_mart.stg_shipments .................. [[32mCREATE VIEW (0 processed)[0m in 2.76s]
[2026-07-04T06:47:06.038+0000] {subprocess.py:93} INFO - [0m06:47:06  2 of 5 OK created sql table model logistics_mart.dim_hubs ...................... [[32mCREATE TABLE (3.0 rows, 149.0 Bytes processed)[0m in 2226.50s]
[2026-07-04T06:47:06.044+0000] {subprocess.py:93} INFO - [0m06:47:06  5 of 5 START sql table model logistics_mart.fact_shipment_weather .............. [RUN]
[2026-07-04T06:47:06.061+0000] {subprocess.py:93} INFO - [0m06:47:06  1 of 5 OK created sql table model logistics_mart.dim_drivers ................... [[32mCREATE TABLE (3.0 rows, 108.0 Bytes processed)[0m in 2226.52s]
[2026-07-04T06:47:24.231+0000] {subprocess.py:93} INFO - [0m06:47:24  5 of 5 ERROR creating sql table model logistics_mart.fact_shipment_weather ..... [[31mERROR[0m in 18.18s]
[2026-07-04T06:47:24.275+0000] {subprocess.py:93} INFO - [0m06:47:24
[2026-07-04T06:47:24.276+0000] {subprocess.py:93} INFO - [0m06:47:24  Finished running 3 table models, 2 view models in 0 hours 37 minutes and 33.16 seconds (2253.16s).
[2026-07-04T06:47:24.324+0000] {subprocess.py:93} INFO - [0m06:47:24
[2026-07-04T06:47:24.324+0000] {subprocess.py:93} INFO - [0m06:47:24  [31mCompleted with 1 error, 0 partial successes, and 0 warnings:[0m
[2026-07-04T06:47:24.325+0000] {subprocess.py:93} INFO - [0m06:47:24
[2026-07-04T06:47:24.325+0000] {subprocess.py:93} INFO - [0m06:47:24  [31mFailure in model fact_shipment_weather (models/mart/fact_shipment_weather.sql)[0m
[2026-07-04T06:47:24.326+0000] {subprocess.py:93} INFO - [0m06:47:24    Database Error in model fact_shipment_weather (models/mart/fact_shipment_weather.sql)
[2026-07-04T06:47:24.326+0000] {subprocess.py:93} INFO -   409 POST https://bigquery.googleapis.com/bigquery/v2/projects/logistics-500519/jobs?prettyPrint=false: Already Exists: Job logistics-500519:US.80c75382-fd29-4b9f-b92c-242116d3337a
[2026-07-04T06:47:24.326+0000] {subprocess.py:93} INFO - 
[2026-07-04T06:47:24.326+0000] {subprocess.py:93} INFO -   Location: None
[2026-07-04T06:47:24.326+0000] {subprocess.py:93} INFO -   Job ID: 80c75382-fd29-4b9f-b92c-242116d3337a
[2026-07-04T06:47:24.327+0000] {subprocess.py:93} INFO - 
[2026-07-04T06:47:24.327+0000] {subprocess.py:93} INFO -   compiled code at target/run/logistics_lakehouse/models/mart/fact_shipment_weather.sql
[2026-07-04T06:47:24.327+0000] {subprocess.py:93} INFO - [0m06:47:24
[2026-07-04T06:47:24.327+0000] {subprocess.py:93} INFO - [0m06:47:24    compiled code at target/compiled/logistics_lakehouse/models/mart/fact_shipment_weather.sql
[2026-07-04T06:47:24.327+0000] {subprocess.py:93} INFO - [0m06:47:24
[2026-07-04T06:47:24.327+0000] {subprocess.py:93} INFO - [0m06:47:24  Done. PASS=4 WARN=0 ERROR=1 SKIP=0 NO-OP=0 TOTAL=5
[2026-07-04T06:47:25.820+0000] {subprocess.py:97} INFO - Command exited with return code 1
[2026-07-04T06:47:25.822+0000] {taskinstance.py:441} INFO - ::group::Post task execution logs
[2026-07-04T06:47:25.842+0000] {taskinstance.py:2905} ERROR - Task failed with exception
Traceback (most recent call last):
  File "/home/airflow/.local/lib/python3.12/site-packages/airflow/models/taskinstance.py", line 465, in _execute_task
    result = _execute_callable(context=context, **execute_callable_kwargs)
             ^^^^^^^^^^^^^^^^^^^^^^^^^^^^^^^^^^^^^^^^^^^^^^^^^^^^^^^^^^^^^
  File "/home/airflow/.local/lib/python3.12/site-packages/airflow/models/taskinstance.py", line 432, in _execute_callable
    return execute_callable(context=context, **execute_callable_kwargs)
           ^^^^^^^^^^^^^^^^^^^^^^^^^^^^^^^^^^^^^^^^^^^^^^^^^^^^^^^^^^^^
  File "/home/airflow/.local/lib/python3.12/site-packages/airflow/models/baseoperator.py", line 400, in wrapper
    return func(self, *args, **kwargs)
           ^^^^^^^^^^^^^^^^^^^^^^^^^^^
  File "/home/airflow/.local/lib/python3.12/site-packages/airflow/operators/bash.py", line 243, in execute
    raise AirflowException(
airflow.exceptions.AirflowException: Bash command failed. The command returned a non-zero exit code 1.
[2026-07-04T06:47:25.847+0000] {taskinstance.py:1206} INFO - Marking task as UP_FOR_RETRY. dag_id=gold_dbt_dag, task_id=trigger_dbt_build, run_id=dataset_triggered__2026-07-04T06:09:47.878596+00:00, execution_date=20260704T060947, start_date=20260704T060948, end_date=20260704T064725
[2026-07-04T06:47:25.860+0000] {standard_task_runner.py:110} ERROR - Failed to execute job 489 for task trigger_dbt_build (Bash command failed. The command returned a non-zero exit code 1.; 32037)
[2026-07-04T06:47:25.889+0000] {local_task_job_runner.py:240} INFO - Task exited with return code 1
[2026-07-04T06:47:25.910+0000] {taskinstance.py:3498} INFO - 0 downstream tasks scheduled from follow-on schedule check
[2026-07-04T06:47:25.911+0000] {local_task_job_runner.py:222} INFO - ::endgroup::
