[2026-07-11T15:39:58.313+0000] {local_task_job_runner.py:120} INFO - ::group::Pre task execution logs
[2026-07-11T15:39:58.327+0000] {taskinstance.py:2076} INFO - Dependencies all met for dep_context=non-requeueable deps ti=<TaskInstance: logistics_postgres_to_bq.push_to_bigquery dataset_triggered__2026-07-11T15:39:56.669068+00:00 [queued]>
[2026-07-11T15:39:58.332+0000] {taskinstance.py:2076} INFO - Dependencies all met for dep_context=requeueable deps ti=<TaskInstance: logistics_postgres_to_bq.push_to_bigquery dataset_triggered__2026-07-11T15:39:56.669068+00:00 [queued]>
[2026-07-11T15:39:58.332+0000] {taskinstance.py:2306} INFO - Starting attempt 1 of 1
[2026-07-11T15:39:58.338+0000] {taskinstance.py:2330} INFO - Executing <Task(PythonOperator): push_to_bigquery> on 2026-07-11 15:39:56.669068+00:00
[2026-07-11T15:39:58.355+0000] {logging_mixin.py:188} WARNING - /home/***/.local/lib/python3.12/site-packages/***/task/task_runner/standard_task_runner.py:61 DeprecationWarning: This process (pid=766) is multi-threaded, use of fork() may lead to deadlocks in the child.
[2026-07-11T15:39:58.357+0000] {standard_task_runner.py:63} INFO - Started process 791 to run task
[2026-07-11T15:39:58.346+0000] {standard_task_runner.py:90} INFO - Running: ['***', 'tasks', 'run', 'logistics_postgres_to_bq', 'push_to_bigquery', 'dataset_triggered__2026-07-11T15:39:56.669068+00:00', '--job-id', '4', '--raw', '--subdir', 'DAGS_FOLDER/dag_postgres_to_bq.py', '--cfg-path', '/tmp/tmp7qchy3i9']
[2026-07-11T15:39:58.357+0000] {standard_task_runner.py:91} INFO - Job 4: Subtask push_to_bigquery
[2026-07-11T15:39:58.433+0000] {task_command.py:426} INFO - Running <TaskInstance: logistics_postgres_to_bq.push_to_bigquery dataset_triggered__2026-07-11T15:39:56.669068+00:00 [running]> on host 2208249760b3
[2026-07-11T15:39:58.515+0000] {taskinstance.py:2648} INFO - Exporting env vars: AIRFLOW_CTX_DAG_OWNER='***' AIRFLOW_CTX_DAG_ID='logistics_postgres_to_bq' AIRFLOW_CTX_TASK_ID='push_to_bigquery' AIRFLOW_CTX_EXECUTION_DATE='2026-07-11T15:39:56.669068+00:00' AIRFLOW_CTX_TRY_NUMBER='1' AIRFLOW_CTX_DAG_RUN_ID='dataset_triggered__2026-07-11T15:39:56.669068+00:00'
[2026-07-11T15:39:58.516+0000] {taskinstance.py:430} INFO - ::endgroup::
[2026-07-11T15:39:59.626+0000] {logging_mixin.py:188} WARNING - /opt/***/dags/dag_postgres_to_bq.py:35 UserWarning: pandas only supports SQLAlchemy connectable (engine/connection) or database string URI or sqlite3 DBAPI2 connection. Other DBAPI2 objects are not tested. Please consider using SQLAlchemy.
[2026-07-11T15:40:04.066+0000] {logging_mixin.py:188} INFO - Successfully pushed table shipments to BigQuery.
[2026-07-11T15:40:04.069+0000] {logging_mixin.py:188} WARNING - /opt/***/dags/dag_postgres_to_bq.py:35 UserWarning: pandas only supports SQLAlchemy connectable (engine/connection) or database string URI or sqlite3 DBAPI2 connection. Other DBAPI2 objects are not tested. Please consider using SQLAlchemy.
[2026-07-11T15:40:07.556+0000] {logging_mixin.py:188} INFO - Successfully pushed table hubs to BigQuery.
[2026-07-11T15:40:07.561+0000] {logging_mixin.py:188} WARNING - /opt/***/dags/dag_postgres_to_bq.py:35 UserWarning: pandas only supports SQLAlchemy connectable (engine/connection) or database string URI or sqlite3 DBAPI2 connection. Other DBAPI2 objects are not tested. Please consider using SQLAlchemy.
[2026-07-11T15:40:10.981+0000] {logging_mixin.py:188} INFO - Successfully pushed table drivers to BigQuery.
[2026-07-11T15:40:10.982+0000] {python.py:237} INFO - Done. Returned value was: None
[2026-07-11T15:40:10.984+0000] {taskinstance.py:441} INFO - ::group::Post task execution logs
[2026-07-11T15:40:10.992+0000] {logging_mixin.py:188} WARNING - /home/***/.local/lib/python3.12/site-packages/***/models/baseoperator.py:1564 RemovedInAirflow3Warning: Passing 'execution_date' to 'TaskInstance.xcom_push()' is deprecated.
[2026-07-11T15:40:11.021+0000] {taskinstance.py:1206} INFO - Marking task as SUCCESS. dag_id=logistics_postgres_to_bq, task_id=push_to_bigquery, run_id=dataset_triggered__2026-07-11T15:39:56.669068+00:00, execution_date=20260711T153956, start_date=20260711T153958, end_date=20260711T154011
[2026-07-11T15:40:11.066+0000] {local_task_job_runner.py:240} INFO - Task exited with return code 0
[2026-07-11T15:40:11.079+0000] {taskinstance.py:3498} INFO - 0 downstream tasks scheduled from follow-on schedule check
[2026-07-11T15:40:11.080+0000] {local_task_job_runner.py:222} INFO - ::endgroup::
