[2026-07-12T14:17:58.041+0000] {local_task_job_runner.py:120} INFO - ::group::Pre task execution logs
[2026-07-12T14:17:58.052+0000] {taskinstance.py:2076} INFO - Dependencies all met for dep_context=non-requeueable deps ti=<TaskInstance: logistics_postgres_to_bq.push_to_bigquery dataset_triggered__2026-07-12T14:17:57.034720+00:00 [queued]>
[2026-07-12T14:17:58.056+0000] {taskinstance.py:2076} INFO - Dependencies all met for dep_context=requeueable deps ti=<TaskInstance: logistics_postgres_to_bq.push_to_bigquery dataset_triggered__2026-07-12T14:17:57.034720+00:00 [queued]>
[2026-07-12T14:17:58.056+0000] {taskinstance.py:2306} INFO - Starting attempt 1 of 1
[2026-07-12T14:17:58.060+0000] {taskinstance.py:2330} INFO - Executing <Task(PythonOperator): push_to_bigquery> on 2026-07-12 14:17:57.034720+00:00
[2026-07-12T14:17:58.066+0000] {logging_mixin.py:188} WARNING - /home/***/.local/lib/python3.12/site-packages/***/task/task_runner/standard_task_runner.py:61 DeprecationWarning: This process (pid=17897) is multi-threaded, use of fork() may lead to deadlocks in the child.
[2026-07-12T14:17:58.065+0000] {standard_task_runner.py:90} INFO - Running: ['***', 'tasks', 'run', 'logistics_postgres_to_bq', 'push_to_bigquery', 'dataset_triggered__2026-07-12T14:17:57.034720+00:00', '--job-id', '159', '--raw', '--subdir', 'DAGS_FOLDER/dag_postgres_to_bq.py', '--cfg-path', '/tmp/tmph66okuua']
[2026-07-12T14:17:58.067+0000] {standard_task_runner.py:63} INFO - Started process 17904 to run task
[2026-07-12T14:17:58.067+0000] {standard_task_runner.py:91} INFO - Job 159: Subtask push_to_bigquery
[2026-07-12T14:17:58.138+0000] {task_command.py:426} INFO - Running <TaskInstance: logistics_postgres_to_bq.push_to_bigquery dataset_triggered__2026-07-12T14:17:57.034720+00:00 [running]> on host ad4e12f53b08
[2026-07-12T14:17:58.204+0000] {taskinstance.py:2648} INFO - Exporting env vars: AIRFLOW_CTX_DAG_OWNER='***' AIRFLOW_CTX_DAG_ID='logistics_postgres_to_bq' AIRFLOW_CTX_TASK_ID='push_to_bigquery' AIRFLOW_CTX_EXECUTION_DATE='2026-07-12T14:17:57.034720+00:00' AIRFLOW_CTX_TRY_NUMBER='1' AIRFLOW_CTX_DAG_RUN_ID='dataset_triggered__2026-07-12T14:17:57.034720+00:00'
[2026-07-12T14:17:58.205+0000] {taskinstance.py:430} INFO - ::endgroup::
[2026-07-12T14:17:58.255+0000] {connectionpool.py:874} WARNING - Retrying (Retry(total=2, connect=None, read=None, redirect=None, status=None)) after connection broken by 'NameResolutionError("<urllib3.connection.HTTPSConnection object at 0xffff6d2be330>: Failed to resolve 'oauth2.googleapis.com' ([Errno -2] Name or service not known)")': /token
[2026-07-12T14:17:58.258+0000] {connectionpool.py:874} WARNING - Retrying (Retry(total=1, connect=None, read=None, redirect=None, status=None)) after connection broken by 'NameResolutionError("<urllib3.connection.HTTPSConnection object at 0xffff6d3242c0>: Failed to resolve 'oauth2.googleapis.com' ([Errno -2] Name or service not known)")': /token
[2026-07-12T14:17:58.261+0000] {connectionpool.py:874} WARNING - Retrying (Retry(total=0, connect=None, read=None, redirect=None, status=None)) after connection broken by 'NameResolutionError("<urllib3.connection.HTTPSConnection object at 0xffff6d324830>: Failed to resolve 'oauth2.googleapis.com' ([Errno -2] Name or service not known)")': /token
[2026-07-12T14:17:58.287+0000] {connectionpool.py:874} WARNING - Retrying (Retry(total=2, connect=None, read=None, redirect=None, status=None)) after connection broken by 'NameResolutionError("<urllib3.connection.HTTPSConnection object at 0xffff6d324e90>: Failed to resolve 'oauth2.googleapis.com' ([Errno -2] Name or service not known)")': /token
[2026-07-12T14:17:58.290+0000] {connectionpool.py:874} WARNING - Retrying (Retry(total=1, connect=None, read=None, redirect=None, status=None)) after connection broken by 'NameResolutionError("<urllib3.connection.HTTPSConnection object at 0xffff6d325310>: Failed to resolve 'oauth2.googleapis.com' ([Errno -2] Name or service not known)")': /token
[2026-07-12T14:17:58.294+0000] {connectionpool.py:874} WARNING - Retrying (Retry(total=0, connect=None, read=None, redirect=None, status=None)) after connection broken by 'NameResolutionError("<urllib3.connection.HTTPSConnection object at 0xffff6d3257f0>: Failed to resolve 'oauth2.googleapis.com' ([Errno -2] Name or service not known)")': /token
[2026-07-12T14:18:00.207+0000] {connectionpool.py:874} WARNING - Retrying (Retry(total=2, connect=None, read=None, redirect=None, status=None)) after connection broken by 'NameResolutionError("<urllib3.connection.HTTPSConnection object at 0xffff6d326150>: Failed to resolve 'oauth2.googleapis.com' ([Errno -2] Name or service not known)")': /token
[2026-07-12T14:18:00.212+0000] {connectionpool.py:874} WARNING - Retrying (Retry(total=1, connect=None, read=None, redirect=None, status=None)) after connection broken by 'NameResolutionError("<urllib3.connection.HTTPSConnection object at 0xffff6d326480>: Failed to resolve 'oauth2.googleapis.com' ([Errno -2] Name or service not known)")': /token
[2026-07-12T14:18:00.216+0000] {connectionpool.py:874} WARNING - Retrying (Retry(total=0, connect=None, read=None, redirect=None, status=None)) after connection broken by 'NameResolutionError("<urllib3.connection.HTTPSConnection object at 0xffff6d326960>: Failed to resolve 'oauth2.googleapis.com' ([Errno -2] Name or service not known)")': /token
[2026-07-12T14:18:01.987+0000] {connectionpool.py:874} WARNING - Retrying (Retry(total=2, connect=None, read=None, redirect=None, status=None)) after connection broken by 'NameResolutionError("<urllib3.connection.HTTPSConnection object at 0xffff6d3270b0>: Failed to resolve 'oauth2.googleapis.com' ([Errno -2] Name or service not known)")': /token
[2026-07-12T14:18:01.994+0000] {connectionpool.py:874} WARNING - Retrying (Retry(total=1, connect=None, read=None, redirect=None, status=None)) after connection broken by 'NameResolutionError("<urllib3.connection.HTTPSConnection object at 0xffff6d327620>: Failed to resolve 'oauth2.googleapis.com' ([Errno -2] Name or service not known)")': /token
[2026-07-12T14:18:02.000+0000] {connectionpool.py:874} WARNING - Retrying (Retry(total=0, connect=None, read=None, redirect=None, status=None)) after connection broken by 'NameResolutionError("<urllib3.connection.HTTPSConnection object at 0xffff6d327a70>: Failed to resolve 'oauth2.googleapis.com' ([Errno -2] Name or service not known)")': /token
[2026-07-12T14:18:03.256+0000] {connectionpool.py:874} WARNING - Retrying (Retry(total=2, connect=None, read=None, redirect=None, status=None)) after connection broken by 'NameResolutionError("<urllib3.connection.HTTPSConnection object at 0xffff6d36c3e0>: Failed to resolve 'oauth2.googleapis.com' ([Errno -2] Name or service not known)")': /token
[2026-07-12T14:18:03.288+0000] {connectionpool.py:874} WARNING - Retrying (Retry(total=1, connect=None, read=None, redirect=None, status=None)) after connection broken by 'NameResolutionError("<urllib3.connection.HTTPSConnection object at 0xffff6d36c770>: Failed to resolve 'oauth2.googleapis.com' ([Errno -2] Name or service not known)")': /token
[2026-07-12T14:18:03.336+0000] {connectionpool.py:874} WARNING - Retrying (Retry(total=0, connect=None, read=None, redirect=None, status=None)) after connection broken by 'NameResolutionError("<urllib3.connection.HTTPSConnection object at 0xffff6d36caa0>: Failed to resolve 'oauth2.googleapis.com' ([Errno -2] Name or service not known)")': /token
[2026-07-12T14:18:18.874+0000] {connectionpool.py:874} WARNING - Retrying (Retry(total=2, connect=None, read=None, redirect=None, status=None)) after connection broken by 'NameResolutionError("<urllib3.connection.HTTPSConnection object at 0xffff6d36d2e0>: Failed to resolve 'oauth2.googleapis.com' ([Errno -2] Name or service not known)")': /token
[2026-07-12T14:18:18.878+0000] {connectionpool.py:874} WARNING - Retrying (Retry(total=1, connect=None, read=None, redirect=None, status=None)) after connection broken by 'NameResolutionError("<urllib3.connection.HTTPSConnection object at 0xffff6d36ccb0>: Failed to resolve 'oauth2.googleapis.com' ([Errno -2] Name or service not known)")': /token
[2026-07-12T14:18:18.882+0000] {connectionpool.py:874} WARNING - Retrying (Retry(total=0, connect=None, read=None, redirect=None, status=None)) after connection broken by 'NameResolutionError("<urllib3.connection.HTTPSConnection object at 0xffff6d36daf0>: Failed to resolve 'oauth2.googleapis.com' ([Errno -2] Name or service not known)")': /token
[2026-07-12T14:37:51.673+0000] {logging_mixin.py:188} WARNING - /opt/***/dags/dag_postgres_to_bq.py:38 UserWarning: pandas only supports SQLAlchemy connectable (engine/connection) or database string URI or sqlite3 DBAPI2 connection. Other DBAPI2 objects are not tested. Please consider using SQLAlchemy.
[2026-07-12T14:37:52.207+0000] {local_task_job_runner.py:310} WARNING - State of this instance has been externally set to failed. Terminating instance.
[2026-07-12T14:37:52.221+0000] {local_task_job_runner.py:222} INFO - ::endgroup::
[2026-07-12T14:37:52.224+0000] {process_utils.py:132} INFO - Sending 15 to group 17904. PIDs of all processes in the group: [17904]
[2026-07-12T14:37:52.225+0000] {process_utils.py:87} INFO - Sending the signal 15 to group 17904
[2026-07-12T14:37:52.225+0000] {taskinstance.py:2611} ERROR - Received SIGTERM. Terminating subprocesses.
[2026-07-12T14:37:52.227+0000] {taskinstance.py:441} INFO - ::group::Post task execution logs
[2026-07-12T14:37:52.304+0000] {process_utils.py:80} INFO - Process psutil.Process(pid=17904, status='terminated', exitcode=0, started='14:17:57') (17904) terminated with exit code 0
