[2026-07-01T04:00:02.347+0000] {local_task_job_runner.py:120} INFO - ::group::Pre task execution logs
[2026-07-01T04:00:02.368+0000] {taskinstance.py:2076} INFO - Dependencies all met for dep_context=non-requeueable deps ti=<TaskInstance: silver_weather_dag.spark_weather_to_iceberg dataset_triggered__2026-07-01T04:00:01.783219+00:00 [queued]>
[2026-07-01T04:00:02.372+0000] {taskinstance.py:2076} INFO - Dependencies all met for dep_context=requeueable deps ti=<TaskInstance: silver_weather_dag.spark_weather_to_iceberg dataset_triggered__2026-07-01T04:00:01.783219+00:00 [queued]>
[2026-07-01T04:00:02.372+0000] {taskinstance.py:2306} INFO - Starting attempt 1 of 1
[2026-07-01T04:00:02.378+0000] {taskinstance.py:2330} INFO - Executing <Task(BashOperator): spark_weather_to_iceberg> on 2026-07-01 04:00:01.783219+00:00
[2026-07-01T04:00:02.385+0000] {standard_task_runner.py:90} INFO - Running: ['***', 'tasks', 'run', 'silver_weather_dag', 'spark_weather_to_iceberg', 'dataset_triggered__2026-07-01T04:00:01.783219+00:00', '--job-id', '14', '--raw', '--subdir', 'DAGS_FOLDER/dag_silver_weather.py', '--cfg-path', '/tmp/tmpwm6np6ez']
[2026-07-01T04:00:02.386+0000] {standard_task_runner.py:91} INFO - Job 14: Subtask spark_weather_to_iceberg
[2026-07-01T04:00:02.387+0000] {logging_mixin.py:188} WARNING - /home/***/.local/lib/python3.12/site-packages/***/task/task_runner/standard_task_runner.py:61 DeprecationWarning: This process (pid=2122) is multi-threaded, use of fork() may lead to deadlocks in the child.
[2026-07-01T04:00:02.388+0000] {standard_task_runner.py:63} INFO - Started process 2125 to run task
[2026-07-01T04:00:02.404+0000] {task_command.py:426} INFO - Running <TaskInstance: silver_weather_dag.spark_weather_to_iceberg dataset_triggered__2026-07-01T04:00:01.783219+00:00 [running]> on host bd23e89d97be
[2026-07-01T04:00:02.446+0000] {taskinstance.py:2648} INFO - Exporting env vars: AIRFLOW_CTX_DAG_OWNER='data_engineer' AIRFLOW_CTX_DAG_ID='silver_weather_dag' AIRFLOW_CTX_TASK_ID='spark_weather_to_iceberg' AIRFLOW_CTX_EXECUTION_DATE='2026-07-01T04:00:01.783219+00:00' AIRFLOW_CTX_TRY_NUMBER='1' AIRFLOW_CTX_DAG_RUN_ID='dataset_triggered__2026-07-01T04:00:01.783219+00:00'
[2026-07-01T04:00:02.446+0000] {taskinstance.py:430} INFO - ::endgroup::
[2026-07-01T04:00:02.454+0000] {subprocess.py:63} INFO - Tmp dir root location: /tmp
[2026-07-01T04:00:02.454+0000] {subprocess.py:75} INFO - Running command: ['/usr/bin/bash', '-c', 'export JAVA_HOME=/usr/lib/jvm/default-java && python /opt/***/dags/spark/silver_weather.py "gs://your-lakehouse-bucket/bronze/weather/weather_forecast_latest.parquet" "weather_iceberg"']
[2026-07-01T04:00:02.459+0000] {subprocess.py:86} INFO - Output:
[2026-07-01T04:00:02.515+0000] {subprocess.py:93} INFO -   File "/opt/***/dags/spark/silver_weather.py", line 11
[2026-07-01T04:00:02.516+0000] {subprocess.py:93} INFO -     .config("spark.jars.packages", "org.apache.iceberg:iceberg-spark-runtime-3.5_2.12:1.5.0,org.apache.spark:spark-avro_2.12:3.5.1") \
[2026-07-01T04:00:02.516+0000] {subprocess.py:93} INFO - IndentationError: unexpected indent
[2026-07-01T04:00:02.518+0000] {subprocess.py:97} INFO - Command exited with return code 1
[2026-07-01T04:00:02.518+0000] {taskinstance.py:441} INFO - ::group::Post task execution logs
[2026-07-01T04:00:02.530+0000] {taskinstance.py:2905} ERROR - Task failed with exception
Traceback (most recent call last):
  File "/home/airflow/.local/lib/python3.12/site-packages/airflow/models/taskinstance.py", line 465, in _execute_task
    result = _execute_callable(context=context, **execute_callable_kwargs)
             ^^^^^^^^^^^^^^^^^^^^^^^^^^^^^^^^^^^^^^^^^^^^^^^^^^^^^^^^^^^^^
  File "/home/airflow/.local/lib/python3.12/site-packages/airflow/models/taskinstance.py", line 432, in _execute_callable
    return execute_callable(context=context, **execute_callable_kwargs)
           ^^^^^^^^^^^^^^^^^^^^^^^^^^^^^^^^^^^^^^^^^^^^^^^^^^^^^^^^^^^^
  File "/home/airflow/.local/lib/python3.12/site-packages/airflow/models/baseoperator.py", line 400, in wrapper
    return func(self, *args, **kwargs)
           ^^^^^^^^^^^^^^^^^^^^^^^^^^^
  File "/home/airflow/.local/lib/python3.12/site-packages/airflow/operators/bash.py", line 243, in execute
    raise AirflowException(
airflow.exceptions.AirflowException: Bash command failed. The command returned a non-zero exit code 1.
[2026-07-01T04:00:02.534+0000] {taskinstance.py:1206} INFO - Marking task as FAILED. dag_id=silver_weather_dag, task_id=spark_weather_to_iceberg, run_id=dataset_triggered__2026-07-01T04:00:01.783219+00:00, execution_date=20260701T040001, start_date=20260701T040002, end_date=20260701T040002
[2026-07-01T04:00:02.547+0000] {standard_task_runner.py:110} ERROR - Failed to execute job 14 for task spark_weather_to_iceberg (Bash command failed. The command returned a non-zero exit code 1.; 2125)
[2026-07-01T04:00:02.569+0000] {local_task_job_runner.py:240} INFO - Task exited with return code 1
[2026-07-01T04:00:02.577+0000] {taskinstance.py:3498} INFO - 0 downstream tasks scheduled from follow-on schedule check
[2026-07-01T04:00:02.578+0000] {local_task_job_runner.py:222} INFO - ::endgroup::
