[2026-07-04T23:26:32.121+0000] {local_task_job_runner.py:120} INFO - ::group::Pre task execution logs
[2026-07-04T23:26:32.162+0000] {taskinstance.py:2076} INFO - Dependencies all met for dep_context=non-requeueable deps ti=<TaskInstance: gold_dbt_dag.trigger_dbt_build dataset_triggered__2026-07-04T16:29:07.397778+00:00 [queued]>
[2026-07-04T23:26:32.168+0000] {taskinstance.py:2076} INFO - Dependencies all met for dep_context=requeueable deps ti=<TaskInstance: gold_dbt_dag.trigger_dbt_build dataset_triggered__2026-07-04T16:29:07.397778+00:00 [queued]>
[2026-07-04T23:26:32.168+0000] {taskinstance.py:2306} INFO - Starting attempt 2 of 2
[2026-07-04T23:26:32.175+0000] {taskinstance.py:2330} INFO - Executing <Task(BashOperator): trigger_dbt_build> on 2026-07-04 16:29:07.397778+00:00
[2026-07-04T23:26:32.185+0000] {logging_mixin.py:188} WARNING - /home/***/.local/lib/python3.12/site-packages/***/task/task_runner/standard_task_runner.py:61 DeprecationWarning: This process (pid=42067) is multi-threaded, use of fork() may lead to deadlocks in the child.
[2026-07-04T23:26:32.183+0000] {standard_task_runner.py:90} INFO - Running: ['***', 'tasks', 'run', 'gold_dbt_dag', 'trigger_dbt_build', 'dataset_triggered__2026-07-04T16:29:07.397778+00:00', '--job-id', '589', '--raw', '--subdir', 'DAGS_FOLDER/dag_gold_dbt.py', '--cfg-path', '/tmp/tmp8edjnh5p']
[2026-07-04T23:26:32.187+0000] {standard_task_runner.py:63} INFO - Started process 42084 to run task
[2026-07-04T23:26:32.187+0000] {standard_task_runner.py:91} INFO - Job 589: Subtask trigger_dbt_build
[2026-07-04T23:26:32.229+0000] {task_command.py:426} INFO - Running <TaskInstance: gold_dbt_dag.trigger_dbt_build dataset_triggered__2026-07-04T16:29:07.397778+00:00 [running]> on host bd23e89d97be
[2026-07-04T23:26:32.294+0000] {taskinstance.py:2648} INFO - Exporting env vars: AIRFLOW_CTX_DAG_OWNER='data_engineer' AIRFLOW_CTX_DAG_ID='gold_dbt_dag' AIRFLOW_CTX_TASK_ID='trigger_dbt_build' AIRFLOW_CTX_EXECUTION_DATE='2026-07-04T16:29:07.397778+00:00' AIRFLOW_CTX_TRY_NUMBER='2' AIRFLOW_CTX_DAG_RUN_ID='dataset_triggered__2026-07-04T16:29:07.397778+00:00'
[2026-07-04T23:26:32.294+0000] {taskinstance.py:430} INFO - ::endgroup::
[2026-07-04T23:26:32.306+0000] {subprocess.py:63} INFO - Tmp dir root location: /tmp
[2026-07-04T23:26:32.307+0000] {subprocess.py:75} INFO - Running command: ['/usr/bin/bash', '-c', 'cd /opt/***/dbt && dbt build --profiles-dir . --target dev']
[2026-07-04T23:26:32.313+0000] {subprocess.py:86} INFO - Output:
[2026-07-04T23:26:34.402+0000] {subprocess.py:93} INFO - [0m23:26:34  Running with dbt=1.11.11
[2026-07-04T23:26:35.217+0000] {subprocess.py:93} INFO - [0m23:26:35  Registered adapter: bigquery=1.11.3
[2026-07-04T23:26:35.605+0000] {subprocess.py:93} INFO - [0m23:26:35  Found 5 models, 4 sources, 553 macros
[2026-07-04T23:26:35.608+0000] {subprocess.py:93} INFO - [0m23:26:35
[2026-07-04T23:26:35.609+0000] {subprocess.py:93} INFO - [0m23:26:35  Concurrency: 4 threads (target='dev')
[2026-07-04T23:26:35.609+0000] {subprocess.py:93} INFO - [0m23:26:35
[2026-07-05T04:36:30.694+0000] {subprocess.py:93} INFO - [0m04:36:30
[2026-07-05T04:36:30.700+0000] {subprocess.py:93} INFO - [0m04:36:30  Finished running  in 5 hours 9 minutes and 55.08 seconds (18595.08s).
[2026-07-05T04:36:30.712+0000] {subprocess.py:93} INFO - [0m04:36:30  Encountered an error:
[2026-07-05T04:36:30.712+0000] {subprocess.py:93} INFO - Database Error
[2026-07-05T04:36:30.713+0000] {subprocess.py:93} INFO -   ('Connection aborted.', RemoteDisconnected('Remote end closed connection without response'))
[2026-07-05T04:36:33.230+0000] {subprocess.py:97} INFO - Command exited with return code 2
[2026-07-05T04:36:33.232+0000] {taskinstance.py:441} INFO - ::group::Post task execution logs
[2026-07-05T04:36:33.254+0000] {taskinstance.py:2905} ERROR - Task failed with exception
Traceback (most recent call last):
  File "/home/airflow/.local/lib/python3.12/site-packages/airflow/models/taskinstance.py", line 465, in _execute_task
    result = _execute_callable(context=context, **execute_callable_kwargs)
             ^^^^^^^^^^^^^^^^^^^^^^^^^^^^^^^^^^^^^^^^^^^^^^^^^^^^^^^^^^^^^
  File "/home/airflow/.local/lib/python3.12/site-packages/airflow/models/taskinstance.py", line 432, in _execute_callable
    return execute_callable(context=context, **execute_callable_kwargs)
           ^^^^^^^^^^^^^^^^^^^^^^^^^^^^^^^^^^^^^^^^^^^^^^^^^^^^^^^^^^^^
  File "/home/airflow/.local/lib/python3.12/site-packages/airflow/models/baseoperator.py", line 400, in wrapper
    return func(self, *args, **kwargs)
           ^^^^^^^^^^^^^^^^^^^^^^^^^^^
  File "/home/airflow/.local/lib/python3.12/site-packages/airflow/operators/bash.py", line 243, in execute
    raise AirflowException(
airflow.exceptions.AirflowException: Bash command failed. The command returned a non-zero exit code 2.
[2026-07-05T04:36:33.259+0000] {taskinstance.py:1206} INFO - Marking task as FAILED. dag_id=gold_dbt_dag, task_id=trigger_dbt_build, run_id=dataset_triggered__2026-07-04T16:29:07.397778+00:00, execution_date=20260704T162907, start_date=20260704T232632, end_date=20260705T043633
[2026-07-05T04:36:33.270+0000] {standard_task_runner.py:110} ERROR - Failed to execute job 589 for task trigger_dbt_build (Bash command failed. The command returned a non-zero exit code 2.; 42084)
[2026-07-05T04:36:33.282+0000] {local_task_job_runner.py:240} INFO - Task exited with return code 1
[2026-07-05T04:36:33.307+0000] {taskinstance.py:3498} INFO - 0 downstream tasks scheduled from follow-on schedule check
[2026-07-05T04:36:33.308+0000] {local_task_job_runner.py:222} INFO - ::endgroup::
