[2026-07-04T16:29:07.889+0000] {local_task_job_runner.py:120} INFO - ::group::Pre task execution logs
[2026-07-04T16:29:07.913+0000] {taskinstance.py:2076} INFO - Dependencies all met for dep_context=non-requeueable deps ti=<TaskInstance: gold_dbt_dag.trigger_dbt_build dataset_triggered__2026-07-04T16:29:07.397778+00:00 [queued]>
[2026-07-04T16:29:07.919+0000] {taskinstance.py:2076} INFO - Dependencies all met for dep_context=requeueable deps ti=<TaskInstance: gold_dbt_dag.trigger_dbt_build dataset_triggered__2026-07-04T16:29:07.397778+00:00 [queued]>
[2026-07-04T16:29:07.920+0000] {taskinstance.py:2306} INFO - Starting attempt 1 of 2
[2026-07-04T16:29:07.930+0000] {taskinstance.py:2330} INFO - Executing <Task(BashOperator): trigger_dbt_build> on 2026-07-04 16:29:07.397778+00:00
[2026-07-04T16:29:07.938+0000] {logging_mixin.py:188} WARNING - /home/***/.local/lib/python3.12/site-packages/***/task/task_runner/standard_task_runner.py:61 DeprecationWarning: This process (pid=38944) is multi-threaded, use of fork() may lead to deadlocks in the child.
[2026-07-04T16:29:07.939+0000] {standard_task_runner.py:63} INFO - Started process 38945 to run task
[2026-07-04T16:29:07.940+0000] {standard_task_runner.py:90} INFO - Running: ['***', 'tasks', 'run', 'gold_dbt_dag', 'trigger_dbt_build', 'dataset_triggered__2026-07-04T16:29:07.397778+00:00', '--job-id', '557', '--raw', '--subdir', 'DAGS_FOLDER/dag_gold_dbt.py', '--cfg-path', '/tmp/tmp02uxhmxm']
[2026-07-04T16:29:07.942+0000] {standard_task_runner.py:91} INFO - Job 557: Subtask trigger_dbt_build
[2026-07-04T16:29:07.977+0000] {task_command.py:426} INFO - Running <TaskInstance: gold_dbt_dag.trigger_dbt_build dataset_triggered__2026-07-04T16:29:07.397778+00:00 [running]> on host bd23e89d97be
[2026-07-04T16:29:08.024+0000] {taskinstance.py:2648} INFO - Exporting env vars: AIRFLOW_CTX_DAG_OWNER='data_engineer' AIRFLOW_CTX_DAG_ID='gold_dbt_dag' AIRFLOW_CTX_TASK_ID='trigger_dbt_build' AIRFLOW_CTX_EXECUTION_DATE='2026-07-04T16:29:07.397778+00:00' AIRFLOW_CTX_TRY_NUMBER='1' AIRFLOW_CTX_DAG_RUN_ID='dataset_triggered__2026-07-04T16:29:07.397778+00:00'
[2026-07-04T16:29:08.025+0000] {taskinstance.py:430} INFO - ::endgroup::
[2026-07-04T16:29:08.033+0000] {subprocess.py:63} INFO - Tmp dir root location: /tmp
[2026-07-04T16:29:08.034+0000] {subprocess.py:75} INFO - Running command: ['/usr/bin/bash', '-c', 'cd /opt/***/dbt && dbt build --profiles-dir . --target dev']
[2026-07-04T16:29:08.040+0000] {subprocess.py:86} INFO - Output:
[2026-07-04T16:29:09.630+0000] {subprocess.py:93} INFO - [0m16:29:09  Running with dbt=1.11.11
[2026-07-04T16:29:10.505+0000] {subprocess.py:93} INFO - [0m16:29:10  Registered adapter: bigquery=1.11.3
[2026-07-04T16:29:10.823+0000] {subprocess.py:93} INFO - [0m16:29:10  Found 5 models, 4 sources, 553 macros
[2026-07-04T16:29:10.825+0000] {subprocess.py:93} INFO - [0m16:29:10
[2026-07-04T16:29:10.825+0000] {subprocess.py:93} INFO - [0m16:29:10  Concurrency: 4 threads (target='dev')
[2026-07-04T16:29:10.826+0000] {subprocess.py:93} INFO - [0m16:29:10
[2026-07-04T16:29:12.595+0000] {subprocess.py:93} INFO - [0m16:29:12  1 of 5 START sql table model logistics_mart.dim_drivers ........................ [RUN]
[2026-07-04T16:29:12.596+0000] {subprocess.py:93} INFO - [0m16:29:12  2 of 5 START sql table model logistics_mart.dim_hubs ........................... [RUN]
[2026-07-04T16:29:12.596+0000] {subprocess.py:93} INFO - [0m16:29:12  3 of 5 START sql view model logistics_mart.stg_shipments ....................... [RUN]
[2026-07-04T16:29:12.597+0000] {subprocess.py:93} INFO - [0m16:29:12  4 of 5 START sql view model logistics_mart.stg_weather ......................... [RUN]
[2026-07-04T17:02:30.849+0000] {subprocess.py:93} INFO - WARNING:urllib3.connectionpool:Retrying (Retry(total=2, connect=None, read=None, redirect=None, status=None)) after connection broken by 'RemoteDisconnected('Remote end closed connection without response')': /v1/projects/-/serviceAccounts/dbt-logistics-runner@project-592ab4fe-f210-4e44-9b9.iam.gserviceaccount.com/allowedLocations
[2026-07-04T17:02:30.883+0000] {subprocess.py:93} INFO - WARNING:urllib3.connectionpool:Retrying (Retry(total=2, connect=None, read=None, redirect=None, status=None)) after connection broken by 'RemoteDisconnected('Remote end closed connection without response')': /v1/projects/-/serviceAccounts/dbt-logistics-runner@project-592ab4fe-f210-4e44-9b9.iam.gserviceaccount.com/allowedLocations
[2026-07-04T17:02:32.673+0000] {subprocess.py:93} INFO - WARNING:urllib3.connectionpool:Retrying (Retry(total=2, connect=None, read=None, redirect=None, status=None)) after connection broken by 'SSLError(SSLEOFError(8, '[SSL: UNEXPECTED_EOF_WHILE_READING] EOF occurred in violation of protocol (_ssl.c:1000)'))': /v1/projects/-/serviceAccounts/dbt-logistics-runner@project-592ab4fe-f210-4e44-9b9.iam.gserviceaccount.com/allowedLocations
[2026-07-04T18:03:44.472+0000] {subprocess.py:93} INFO - [0m18:03:44  4 of 5 OK created sql view model logistics_mart.stg_weather .................... [[32mCREATE VIEW (0 processed)[0m in 5671.87s]
[2026-07-04T18:03:44.613+0000] {subprocess.py:93} INFO - [0m18:03:44  3 of 5 OK created sql view model logistics_mart.stg_shipments .................. [[32mCREATE VIEW (0 processed)[0m in 5672.01s]
[2026-07-04T21:23:25.798+0000] {subprocess.py:93} INFO - WARNING:urllib3.connectionpool:Retrying (Retry(total=2, connect=None, read=None, redirect=None, status=None)) after connection broken by 'SSLError(SSLEOFError(8, '[SSL: UNEXPECTED_EOF_WHILE_READING] EOF occurred in violation of protocol (_ssl.c:1000)'))': /v1/projects/-/serviceAccounts/dbt-logistics-runner@project-592ab4fe-f210-4e44-9b9.iam.gserviceaccount.com/allowedLocations
[2026-07-04T21:23:32.897+0000] {subprocess.py:93} INFO - [0m21:23:32  [31mUnhandled error while executing [0m
[2026-07-04T21:23:32.901+0000] {subprocess.py:93} INFO - ('invalid_grant: Invalid JWT: Token must be a short-lived token (60 minutes) and in a reasonable timeframe. Check your iat and exp values in the JWT claim.', {'error': 'invalid_grant', 'error_description': 'Invalid JWT: Token must be a short-lived token (60 minutes) and in a reasonable timeframe. Check your iat and exp values in the JWT claim.'})
[2026-07-04T21:23:32.929+0000] {subprocess.py:93} INFO - [0m21:23:32  2 of 5 ERROR creating sql table model logistics_mart.dim_hubs .................. [[31mERROR[0m in 17660.32s]
[2026-07-04T21:23:32.936+0000] {subprocess.py:93} INFO - [0m21:23:32  5 of 5 SKIP relation logistics_mart.fact_shipment_weather ...................... [[33mSKIP[0m]
[2026-07-04T22:43:19.555+0000] {subprocess.py:93} INFO - [0m22:43:19  1 of 5 ERROR creating sql table model logistics_mart.dim_drivers ............... [[31mERROR[0m in 22446.95s]
[2026-07-04T22:43:19.607+0000] {subprocess.py:93} INFO - [0m22:43:19
[2026-07-04T22:43:19.609+0000] {subprocess.py:93} INFO - [0m22:43:19  Finished running 3 table models, 2 view models in 6 hours 14 minutes and 8.78 seconds (22448.78s).
[2026-07-04T22:43:19.673+0000] {subprocess.py:93} INFO - [0m22:43:19
[2026-07-04T22:43:19.674+0000] {subprocess.py:93} INFO - [0m22:43:19  [31mCompleted with 2 errors, 0 partial successes, and 0 warnings:[0m
[2026-07-04T22:43:19.675+0000] {subprocess.py:93} INFO - [0m22:43:19
[2026-07-04T22:43:19.675+0000] {subprocess.py:93} INFO - [0m22:43:19  [31mFailure in model dim_hubs (models/mart/dim_hubs.sql)[0m
[2026-07-04T22:43:19.676+0000] {subprocess.py:93} INFO - [0m22:43:19    ('invalid_grant: Invalid JWT: Token must be a short-lived token (60 minutes) and in a reasonable timeframe. Check your iat and exp values in the JWT claim.', {'error': 'invalid_grant', 'error_description': 'Invalid JWT: Token must be a short-lived token (60 minutes) and in a reasonable timeframe. Check your iat and exp values in the JWT claim.'})
[2026-07-04T22:43:19.676+0000] {subprocess.py:93} INFO - [0m22:43:19
[2026-07-04T22:43:19.677+0000] {subprocess.py:93} INFO - [0m22:43:19    compiled code at target/compiled/logistics_lakehouse/models/mart/dim_hubs.sql
[2026-07-04T22:43:19.678+0000] {subprocess.py:93} INFO - [0m22:43:19
[2026-07-04T22:43:19.678+0000] {subprocess.py:93} INFO - [0m22:43:19  [31mFailure in model dim_drivers (models/mart/dim_drivers.sql)[0m
[2026-07-04T22:43:19.678+0000] {subprocess.py:93} INFO - [0m22:43:19    Database Error in model dim_drivers (models/mart/dim_drivers.sql)
[2026-07-04T22:43:19.678+0000] {subprocess.py:93} INFO -   ('Connection aborted.', RemoteDisconnected('Remote end closed connection without response'))
[2026-07-04T22:43:19.678+0000] {subprocess.py:93} INFO -   compiled code at target/run/logistics_lakehouse/models/mart/dim_drivers.sql
[2026-07-04T22:43:19.678+0000] {subprocess.py:93} INFO - [0m22:43:19
[2026-07-04T22:43:19.679+0000] {subprocess.py:93} INFO - [0m22:43:19    compiled code at target/compiled/logistics_lakehouse/models/mart/dim_drivers.sql
[2026-07-04T22:43:19.679+0000] {subprocess.py:93} INFO - [0m22:43:19
[2026-07-04T22:43:19.679+0000] {subprocess.py:93} INFO - [0m22:43:19  Done. PASS=2 WARN=0 ERROR=2 SKIP=1 NO-OP=0 TOTAL=5
[2026-07-04T22:43:22.422+0000] {subprocess.py:97} INFO - Command exited with return code 1
[2026-07-04T22:43:22.424+0000] {taskinstance.py:441} INFO - ::group::Post task execution logs
[2026-07-04T22:43:22.449+0000] {taskinstance.py:2905} ERROR - Task failed with exception
Traceback (most recent call last):
  File "/home/airflow/.local/lib/python3.12/site-packages/airflow/models/taskinstance.py", line 465, in _execute_task
    result = _execute_callable(context=context, **execute_callable_kwargs)
             ^^^^^^^^^^^^^^^^^^^^^^^^^^^^^^^^^^^^^^^^^^^^^^^^^^^^^^^^^^^^^
  File "/home/airflow/.local/lib/python3.12/site-packages/airflow/models/taskinstance.py", line 432, in _execute_callable
    return execute_callable(context=context, **execute_callable_kwargs)
           ^^^^^^^^^^^^^^^^^^^^^^^^^^^^^^^^^^^^^^^^^^^^^^^^^^^^^^^^^^^^
  File "/home/airflow/.local/lib/python3.12/site-packages/airflow/models/baseoperator.py", line 400, in wrapper
    return func(self, *args, **kwargs)
           ^^^^^^^^^^^^^^^^^^^^^^^^^^^
  File "/home/airflow/.local/lib/python3.12/site-packages/airflow/operators/bash.py", line 243, in execute
    raise AirflowException(
airflow.exceptions.AirflowException: Bash command failed. The command returned a non-zero exit code 1.
[2026-07-04T22:43:22.457+0000] {taskinstance.py:1206} INFO - Marking task as UP_FOR_RETRY. dag_id=gold_dbt_dag, task_id=trigger_dbt_build, run_id=dataset_triggered__2026-07-04T16:29:07.397778+00:00, execution_date=20260704T162907, start_date=20260704T162907, end_date=20260704T224322
[2026-07-04T22:43:22.479+0000] {standard_task_runner.py:110} ERROR - Failed to execute job 557 for task trigger_dbt_build (Bash command failed. The command returned a non-zero exit code 1.; 38945)
[2026-07-04T22:43:22.526+0000] {local_task_job_runner.py:240} INFO - Task exited with return code 1
[2026-07-04T22:43:22.549+0000] {taskinstance.py:3498} INFO - 0 downstream tasks scheduled from follow-on schedule check
[2026-07-04T22:43:22.550+0000] {local_task_job_runner.py:222} INFO - ::endgroup::
