[2026-07-12T18:51:40.948+0000] {local_task_job_runner.py:120} INFO - ::group::Pre task execution logs
[2026-07-12T18:51:40.983+0000] {taskinstance.py:2076} INFO - Dependencies all met for dep_context=non-requeueable deps ti=<TaskInstance: gold_dbt_dag.trigger_dbt_build manual__2026-07-12T18:51:39.928878+00:00 [queued]>
[2026-07-12T18:51:40.987+0000] {taskinstance.py:2076} INFO - Dependencies all met for dep_context=requeueable deps ti=<TaskInstance: gold_dbt_dag.trigger_dbt_build manual__2026-07-12T18:51:39.928878+00:00 [queued]>
[2026-07-12T18:51:40.987+0000] {taskinstance.py:2306} INFO - Starting attempt 1 of 2
[2026-07-12T18:51:40.994+0000] {taskinstance.py:2330} INFO - Executing <Task(BashOperator): trigger_dbt_build> on 2026-07-12 18:51:39.928878+00:00
[2026-07-12T18:51:40.997+0000] {standard_task_runner.py:90} INFO - Running: ['***', 'tasks', 'run', 'gold_dbt_dag', 'trigger_dbt_build', 'manual__2026-07-12T18:51:39.928878+00:00', '--job-id', '200', '--raw', '--subdir', 'DAGS_FOLDER/dag_gold_dbt.py', '--cfg-path', '/tmp/tmpyegtxyih']
[2026-07-12T18:51:40.999+0000] {standard_task_runner.py:91} INFO - Job 200: Subtask trigger_dbt_build
[2026-07-12T18:51:40.999+0000] {logging_mixin.py:188} WARNING - /home/***/.local/lib/python3.12/site-packages/***/task/task_runner/standard_task_runner.py:61 DeprecationWarning: This process (pid=34799) is multi-threaded, use of fork() may lead to deadlocks in the child.
[2026-07-12T18:51:41.000+0000] {standard_task_runner.py:63} INFO - Started process 34854 to run task
[2026-07-12T18:51:41.024+0000] {task_command.py:426} INFO - Running <TaskInstance: gold_dbt_dag.trigger_dbt_build manual__2026-07-12T18:51:39.928878+00:00 [running]> on host ad4e12f53b08
[2026-07-12T18:51:41.062+0000] {taskinstance.py:2648} INFO - Exporting env vars: AIRFLOW_CTX_DAG_OWNER='data_engineer' AIRFLOW_CTX_DAG_ID='gold_dbt_dag' AIRFLOW_CTX_TASK_ID='trigger_dbt_build' AIRFLOW_CTX_EXECUTION_DATE='2026-07-12T18:51:39.928878+00:00' AIRFLOW_CTX_TRY_NUMBER='1' AIRFLOW_CTX_DAG_RUN_ID='manual__2026-07-12T18:51:39.928878+00:00'
[2026-07-12T18:51:41.062+0000] {taskinstance.py:430} INFO - ::endgroup::
[2026-07-12T18:51:41.070+0000] {subprocess.py:63} INFO - Tmp dir root location: /tmp
[2026-07-12T18:51:41.071+0000] {subprocess.py:75} INFO - Running command: ['/usr/bin/bash', '-c', 'cd /opt/***/dbt && dbt build --profiles-dir . --target dev']
[2026-07-12T18:51:41.075+0000] {subprocess.py:86} INFO - Output:
[2026-07-12T18:51:42.389+0000] {subprocess.py:93} INFO - [0m18:51:42  Running with dbt=1.11.11
[2026-07-12T18:51:43.064+0000] {subprocess.py:93} INFO - [0m18:51:43  Registered adapter: bigquery=1.11.3
[2026-07-12T18:51:43.372+0000] {subprocess.py:93} INFO - [0m18:51:43  Found 6 models, 4 sources, 553 macros
[2026-07-12T18:51:43.374+0000] {subprocess.py:93} INFO - [0m18:51:43
[2026-07-12T18:51:43.375+0000] {subprocess.py:93} INFO - [0m18:51:43  Concurrency: 4 threads (target='dev')
[2026-07-12T18:51:43.375+0000] {subprocess.py:93} INFO - [0m18:51:43
[2026-07-12T18:51:44.714+0000] {subprocess.py:93} INFO - [0m18:51:44  1 of 6 START sql table model logistics_mart.dim_drivers ........................ [RUN]
[2026-07-12T18:51:44.715+0000] {subprocess.py:93} INFO - [0m18:51:44  2 of 6 START sql table model logistics_mart.dim_hubs ........................... [RUN]
[2026-07-12T18:51:44.715+0000] {subprocess.py:93} INFO - [0m18:51:44  3 of 6 START sql view model logistics_mart.stg_shipments ....................... [RUN]
[2026-07-12T18:51:44.716+0000] {subprocess.py:93} INFO - [0m18:51:44  4 of 6 START sql view model logistics_mart.stg_weather ......................... [RUN]
[2026-07-12T18:51:46.837+0000] {subprocess.py:93} INFO - [0m18:51:46  4 of 6 OK created sql view model logistics_mart.stg_weather .................... [[32mCREATE VIEW (0 processed)[0m in 2.09s]
[2026-07-12T18:51:46.852+0000] {subprocess.py:93} INFO - [0m18:51:46  3 of 6 OK created sql view model logistics_mart.stg_shipments .................. [[32mCREATE VIEW (0 processed)[0m in 2.10s]
[2026-07-12T18:51:46.854+0000] {subprocess.py:93} INFO - [0m18:51:46  5 of 6 START sql view model logistics_mart.stg_weather_consensus ............... [RUN]
[2026-07-12T18:51:48.470+0000] {subprocess.py:93} INFO - [0m18:51:48  2 of 6 OK created sql table model logistics_mart.dim_hubs ...................... [[32mCREATE TABLE (3.0 rows, 176.0 Bytes processed)[0m in 3.75s]
[2026-07-12T18:51:48.657+0000] {subprocess.py:93} INFO - [0m18:51:48  5 of 6 OK created sql view model logistics_mart.stg_weather_consensus .......... [[32mCREATE VIEW (0 processed)[0m in 1.80s]
[2026-07-12T18:51:48.666+0000] {subprocess.py:93} INFO - [0m18:51:48  6 of 6 START sql table model logistics_mart.fact_shipment_weather .............. [RUN]
[2026-07-12T18:51:48.771+0000] {subprocess.py:93} INFO - [0m18:51:48  1 of 6 OK created sql table model logistics_mart.dim_drivers ................... [[32mCREATE TABLE (3.0 rows, 117.0 Bytes processed)[0m in 4.05s]
[2026-07-12T18:51:50.411+0000] {subprocess.py:93} INFO - [0m18:51:50  BigQuery adapter: https://console.cloud.google.com/bigquery?project=logistics-500519&j=bq:US:f4b6aeed-d6aa-4d24-8c1a-d0d9900be327&page=queryresults
[2026-07-12T18:51:50.429+0000] {subprocess.py:93} INFO - [0m18:51:50  6 of 6 ERROR creating sql table model logistics_mart.fact_shipment_weather ..... [[31mERROR[0m in 1.76s]
[2026-07-12T18:51:50.477+0000] {subprocess.py:93} INFO - [0m18:51:50
[2026-07-12T18:51:50.478+0000] {subprocess.py:93} INFO - [0m18:51:50  Finished running 3 table models, 3 view models in 0 hours 0 minutes and 7.10 seconds (7.10s).
[2026-07-12T18:51:50.524+0000] {subprocess.py:93} INFO - [0m18:51:50
[2026-07-12T18:51:50.525+0000] {subprocess.py:93} INFO - [0m18:51:50  [31mCompleted with 1 error, 0 partial successes, and 0 warnings:[0m
[2026-07-12T18:51:50.525+0000] {subprocess.py:93} INFO - [0m18:51:50
[2026-07-12T18:51:50.526+0000] {subprocess.py:93} INFO - [0m18:51:50  [31mFailure in model fact_shipment_weather (models/mart/fact_shipment_weather.sql)[0m
[2026-07-12T18:51:50.526+0000] {subprocess.py:93} INFO - [0m18:51:50    Database Error in model fact_shipment_weather (models/mart/fact_shipment_weather.sql)
[2026-07-12T18:51:50.526+0000] {subprocess.py:93} INFO -   No matching signature for operator >= for argument types: DATETIME, INT64
[2026-07-12T18:51:50.527+0000] {subprocess.py:93} INFO -     Signature: T1 >= T1
[2026-07-12T18:51:50.527+0000] {subprocess.py:93} INFO -       Unable to find common supertype for templated argument <T1>
[2026-07-12T18:51:50.527+0000] {subprocess.py:93} INFO -         Input types for <T1>: {INT64, DATETIME} at [42:9]
[2026-07-12T18:51:50.527+0000] {subprocess.py:93} INFO -   compiled code at target/run/logistics_lakehouse/models/mart/fact_shipment_weather.sql
[2026-07-12T18:51:50.527+0000] {subprocess.py:93} INFO - [0m18:51:50
[2026-07-12T18:51:50.527+0000] {subprocess.py:93} INFO - [0m18:51:50    compiled code at target/compiled/logistics_lakehouse/models/mart/fact_shipment_weather.sql
[2026-07-12T18:51:50.528+0000] {subprocess.py:93} INFO - [0m18:51:50
[2026-07-12T18:51:50.528+0000] {subprocess.py:93} INFO - [0m18:51:50  Done. PASS=5 WARN=0 ERROR=1 SKIP=0 NO-OP=0 TOTAL=6
[2026-07-12T18:51:52.274+0000] {subprocess.py:97} INFO - Command exited with return code 1
[2026-07-12T18:51:52.275+0000] {taskinstance.py:441} INFO - ::group::Post task execution logs
[2026-07-12T18:51:52.291+0000] {taskinstance.py:2905} ERROR - Task failed with exception
Traceback (most recent call last):
  File "/home/airflow/.local/lib/python3.12/site-packages/airflow/models/taskinstance.py", line 465, in _execute_task
    result = _execute_callable(context=context, **execute_callable_kwargs)
             ^^^^^^^^^^^^^^^^^^^^^^^^^^^^^^^^^^^^^^^^^^^^^^^^^^^^^^^^^^^^^
  File "/home/airflow/.local/lib/python3.12/site-packages/airflow/models/taskinstance.py", line 432, in _execute_callable
    return execute_callable(context=context, **execute_callable_kwargs)
           ^^^^^^^^^^^^^^^^^^^^^^^^^^^^^^^^^^^^^^^^^^^^^^^^^^^^^^^^^^^^
  File "/home/airflow/.local/lib/python3.12/site-packages/airflow/models/baseoperator.py", line 400, in wrapper
    return func(self, *args, **kwargs)
           ^^^^^^^^^^^^^^^^^^^^^^^^^^^
  File "/home/airflow/.local/lib/python3.12/site-packages/airflow/operators/bash.py", line 243, in execute
    raise AirflowException(
airflow.exceptions.AirflowException: Bash command failed. The command returned a non-zero exit code 1.
[2026-07-12T18:51:52.294+0000] {taskinstance.py:1206} INFO - Marking task as UP_FOR_RETRY. dag_id=gold_dbt_dag, task_id=trigger_dbt_build, run_id=manual__2026-07-12T18:51:39.928878+00:00, execution_date=20260712T185139, start_date=20260712T185140, end_date=20260712T185152
[2026-07-12T18:51:52.304+0000] {standard_task_runner.py:110} ERROR - Failed to execute job 200 for task trigger_dbt_build (Bash command failed. The command returned a non-zero exit code 1.; 34854)
[2026-07-12T18:51:52.347+0000] {local_task_job_runner.py:240} INFO - Task exited with return code 1
[2026-07-12T18:51:52.356+0000] {taskinstance.py:3498} INFO - 0 downstream tasks scheduled from follow-on schedule check
[2026-07-12T18:51:52.357+0000] {local_task_job_runner.py:222} INFO - ::endgroup::
