[2026-07-08T01:11:28.547+0000] {local_task_job_runner.py:120} INFO - ::group::Pre task execution logs
[2026-07-08T01:11:28.577+0000] {taskinstance.py:2076} INFO - Dependencies all met for dep_context=non-requeueable deps ti=<TaskInstance: gold_dbt_dag.trigger_dbt_build dataset_triggered__2026-07-08T01:11:28.209116+00:00 [queued]>
[2026-07-08T01:11:28.581+0000] {taskinstance.py:2076} INFO - Dependencies all met for dep_context=requeueable deps ti=<TaskInstance: gold_dbt_dag.trigger_dbt_build dataset_triggered__2026-07-08T01:11:28.209116+00:00 [queued]>
[2026-07-08T01:11:28.581+0000] {taskinstance.py:2306} INFO - Starting attempt 1 of 2
[2026-07-08T01:11:28.586+0000] {taskinstance.py:2330} INFO - Executing <Task(BashOperator): trigger_dbt_build> on 2026-07-08 01:11:28.209116+00:00
[2026-07-08T01:11:28.591+0000] {logging_mixin.py:188} WARNING - /home/***/.local/lib/python3.12/site-packages/***/task/task_runner/standard_task_runner.py:61 DeprecationWarning: This process (pid=80102) is multi-threaded, use of fork() may lead to deadlocks in the child.
[2026-07-08T01:11:28.590+0000] {standard_task_runner.py:90} INFO - Running: ['***', 'tasks', 'run', 'gold_dbt_dag', 'trigger_dbt_build', 'dataset_triggered__2026-07-08T01:11:28.209116+00:00', '--job-id', '1053', '--raw', '--subdir', 'DAGS_FOLDER/dag_gold_dbt.py', '--cfg-path', '/tmp/tmpu3xa4_l5']
[2026-07-08T01:11:28.592+0000] {standard_task_runner.py:91} INFO - Job 1053: Subtask trigger_dbt_build
[2026-07-08T01:11:28.592+0000] {standard_task_runner.py:63} INFO - Started process 80103 to run task
[2026-07-08T01:11:28.622+0000] {task_command.py:426} INFO - Running <TaskInstance: gold_dbt_dag.trigger_dbt_build dataset_triggered__2026-07-08T01:11:28.209116+00:00 [running]> on host bd23e89d97be
[2026-07-08T01:11:28.658+0000] {taskinstance.py:2648} INFO - Exporting env vars: AIRFLOW_CTX_DAG_OWNER='data_engineer' AIRFLOW_CTX_DAG_ID='gold_dbt_dag' AIRFLOW_CTX_TASK_ID='trigger_dbt_build' AIRFLOW_CTX_EXECUTION_DATE='2026-07-08T01:11:28.209116+00:00' AIRFLOW_CTX_TRY_NUMBER='1' AIRFLOW_CTX_DAG_RUN_ID='dataset_triggered__2026-07-08T01:11:28.209116+00:00'
[2026-07-08T01:11:28.658+0000] {taskinstance.py:430} INFO - ::endgroup::
[2026-07-08T01:11:28.667+0000] {subprocess.py:63} INFO - Tmp dir root location: /tmp
[2026-07-08T01:11:28.667+0000] {subprocess.py:75} INFO - Running command: ['/usr/bin/bash', '-c', 'cd /opt/***/dbt && dbt build --profiles-dir . --target dev']
[2026-07-08T01:11:28.671+0000] {subprocess.py:86} INFO - Output:
[2026-07-08T01:11:29.838+0000] {subprocess.py:93} INFO - [0m01:11:29  Running with dbt=1.11.11
[2026-07-08T01:11:30.767+0000] {subprocess.py:93} INFO - [0m01:11:30  Registered adapter: bigquery=1.11.3
[2026-07-08T01:11:31.207+0000] {subprocess.py:93} INFO - [0m01:11:31  Found 6 models, 4 sources, 553 macros
[2026-07-08T01:11:31.211+0000] {subprocess.py:93} INFO - [0m01:11:31
[2026-07-08T01:11:31.213+0000] {subprocess.py:93} INFO - [0m01:11:31  Concurrency: 4 threads (target='dev')
[2026-07-08T01:11:31.214+0000] {subprocess.py:93} INFO - [0m01:11:31
[2026-07-08T01:11:32.649+0000] {subprocess.py:93} INFO - [0m01:11:32  1 of 6 START sql table model logistics_mart.dim_drivers ........................ [RUN]
[2026-07-08T01:11:32.651+0000] {subprocess.py:93} INFO - [0m01:11:32  2 of 6 START sql table model logistics_mart.dim_hubs ........................... [RUN]
[2026-07-08T01:11:32.652+0000] {subprocess.py:93} INFO - [0m01:11:32  3 of 6 START sql view model logistics_mart.stg_shipments ....................... [RUN]
[2026-07-08T01:11:32.652+0000] {subprocess.py:93} INFO - [0m01:11:32  4 of 6 START sql view model logistics_mart.stg_weather ......................... [RUN]
[2026-07-08T01:11:34.773+0000] {subprocess.py:93} INFO - [0m01:11:34  3 of 6 OK created sql view model logistics_mart.stg_shipments .................. [[32mCREATE VIEW (0 processed)[0m in 2.11s]
[2026-07-08T01:11:34.781+0000] {subprocess.py:93} INFO - [0m01:11:34  5 of 6 START sql view model logistics_mart.stg_weather_consensus ............... [RUN]
[2026-07-08T01:11:35.114+0000] {subprocess.py:93} INFO - [0m01:11:35  4 of 6 OK created sql view model logistics_mart.stg_weather .................... [[32mCREATE VIEW (0 processed)[0m in 2.46s]
[2026-07-08T01:11:36.029+0000] {subprocess.py:93} INFO - [0m01:11:36  2 of 6 OK created sql table model logistics_mart.dim_hubs ...................... [[32mCREATE TABLE (3.0 rows, 149.0 Bytes processed)[0m in 3.37s]
[2026-07-08T01:11:36.041+0000] {subprocess.py:93} INFO - [0m01:11:36  6 of 6 START sql table model logistics_mart.fact_shipment_weather .............. [RUN]
[2026-07-08T01:11:36.149+0000] {subprocess.py:93} INFO - [0m01:11:36  1 of 6 OK created sql table model logistics_mart.dim_drivers ................... [[32mCREATE TABLE (3.0 rows, 108.0 Bytes processed)[0m in 3.49s]
[2026-07-08T01:11:36.355+0000] {subprocess.py:93} INFO - [0m01:11:36  BigQuery adapter: https://console.cloud.google.com/bigquery?project=logistics-500519&j=bq:US:6bf75aac-640c-436b-8676-609726f5ef0f&page=queryresults
[2026-07-08T01:11:36.413+0000] {subprocess.py:93} INFO - [0m01:11:36  5 of 6 ERROR creating sql view model logistics_mart.stg_weather_consensus ...... [[31mERROR[0m in 1.63s]
[2026-07-08T01:26:51.860+0000] {local_task_job_runner.py:310} WARNING - State of this instance has been externally set to up_for_retry. Terminating instance.
[2026-07-08T01:26:51.865+0000] {local_task_job_runner.py:222} INFO - ::endgroup::
[2026-07-08T01:26:51.871+0000] {process_utils.py:132} INFO - Sending 15 to group 80103. PIDs of all processes in the group: [80104, 80118, 80103]
[2026-07-08T01:26:51.872+0000] {process_utils.py:87} INFO - Sending the signal 15 to group 80103
[2026-07-08T01:26:51.873+0000] {taskinstance.py:2611} ERROR - Received SIGTERM. Terminating subprocesses.
[2026-07-08T01:26:51.875+0000] {subprocess.py:104} INFO - Sending SIGTERM signal to process group
[2026-07-08T01:26:51.877+0000] {taskinstance.py:441} INFO - ::group::Post task execution logs
[2026-07-08T01:26:51.914+0000] {taskinstance.py:2905} ERROR - Task failed with exception
Traceback (most recent call last):
  File "/home/airflow/.local/lib/python3.12/site-packages/airflow/models/taskinstance.py", line 465, in _execute_task
    result = _execute_callable(context=context, **execute_callable_kwargs)
             ^^^^^^^^^^^^^^^^^^^^^^^^^^^^^^^^^^^^^^^^^^^^^^^^^^^^^^^^^^^^^
  File "/home/airflow/.local/lib/python3.12/site-packages/airflow/models/taskinstance.py", line 432, in _execute_callable
    return execute_callable(context=context, **execute_callable_kwargs)
           ^^^^^^^^^^^^^^^^^^^^^^^^^^^^^^^^^^^^^^^^^^^^^^^^^^^^^^^^^^^^
  File "/home/airflow/.local/lib/python3.12/site-packages/airflow/models/baseoperator.py", line 400, in wrapper
    return func(self, *args, **kwargs)
           ^^^^^^^^^^^^^^^^^^^^^^^^^^^
  File "/home/airflow/.local/lib/python3.12/site-packages/airflow/operators/bash.py", line 234, in execute
    result = self.subprocess_hook.run_command(
             ^^^^^^^^^^^^^^^^^^^^^^^^^^^^^^^^^
  File "/home/airflow/.local/lib/python3.12/site-packages/airflow/hooks/subprocess.py", line 91, in run_command
    for raw_line in iter(self.sub_process.stdout.readline, b""):
  File "/home/airflow/.local/lib/python3.12/site-packages/airflow/models/taskinstance.py", line 2613, in signal_handler
    raise AirflowTaskTerminated("Task received SIGTERM signal")
airflow.exceptions.AirflowTaskTerminated: Task received SIGTERM signal
[2026-07-08T01:26:51.928+0000] {taskinstance.py:1206} INFO - Marking task as FAILED. dag_id=gold_dbt_dag, task_id=trigger_dbt_build, run_id=dataset_triggered__2026-07-08T01:11:28.209116+00:00, execution_date=20260708T011128, start_date=20260708T011128, end_date=20260708T012651
[2026-07-08T01:26:51.968+0000] {process_utils.py:80} INFO - Process psutil.Process(pid=80103, status='terminated', exitcode=2, started='01:11:28') (80103) terminated with exit code 2
[2026-07-08T01:26:51.974+0000] {process_utils.py:80} INFO - Process psutil.Process(pid=80118, status='terminated', started='01:11:30') (80118) terminated with exit code None
[2026-07-08T01:26:51.974+0000] {process_utils.py:80} INFO - Process psutil.Process(pid=80104, status='terminated', started='01:11:28') (80104) terminated with exit code None
