[2026-07-05T23:10:13.200+0000] {local_task_job_runner.py:120} INFO - ::group::Pre task execution logs
[2026-07-05T23:10:13.217+0000] {taskinstance.py:2076} INFO - Dependencies all met for dep_context=non-requeueable deps ti=<TaskInstance: gold_dbt_dag.trigger_dbt_build dataset_triggered__2026-07-05T23:10:12.699303+00:00 [queued]>
[2026-07-05T23:10:13.228+0000] {taskinstance.py:2076} INFO - Dependencies all met for dep_context=requeueable deps ti=<TaskInstance: gold_dbt_dag.trigger_dbt_build dataset_triggered__2026-07-05T23:10:12.699303+00:00 [queued]>
[2026-07-05T23:10:13.228+0000] {taskinstance.py:2306} INFO - Starting attempt 1 of 2
[2026-07-05T23:10:13.236+0000] {taskinstance.py:2330} INFO - Executing <Task(BashOperator): trigger_dbt_build> on 2026-07-05 23:10:12.699303+00:00
[2026-07-05T23:10:13.240+0000] {logging_mixin.py:188} WARNING - /home/***/.local/lib/python3.12/site-packages/***/task/task_runner/standard_task_runner.py:61 DeprecationWarning: This process (pid=55593) is multi-threaded, use of fork() may lead to deadlocks in the child.
[2026-07-05T23:10:13.240+0000] {standard_task_runner.py:63} INFO - Started process 55594 to run task
[2026-07-05T23:10:13.240+0000] {standard_task_runner.py:90} INFO - Running: ['***', 'tasks', 'run', 'gold_dbt_dag', 'trigger_dbt_build', 'dataset_triggered__2026-07-05T23:10:12.699303+00:00', '--job-id', '731', '--raw', '--subdir', 'DAGS_FOLDER/dag_gold_dbt.py', '--cfg-path', '/tmp/tmpsd_5lvzn']
[2026-07-05T23:10:13.241+0000] {standard_task_runner.py:91} INFO - Job 731: Subtask trigger_dbt_build
[2026-07-05T23:10:13.260+0000] {task_command.py:426} INFO - Running <TaskInstance: gold_dbt_dag.trigger_dbt_build dataset_triggered__2026-07-05T23:10:12.699303+00:00 [running]> on host bd23e89d97be
[2026-07-05T23:10:13.291+0000] {taskinstance.py:2648} INFO - Exporting env vars: AIRFLOW_CTX_DAG_OWNER='data_engineer' AIRFLOW_CTX_DAG_ID='gold_dbt_dag' AIRFLOW_CTX_TASK_ID='trigger_dbt_build' AIRFLOW_CTX_EXECUTION_DATE='2026-07-05T23:10:12.699303+00:00' AIRFLOW_CTX_TRY_NUMBER='1' AIRFLOW_CTX_DAG_RUN_ID='dataset_triggered__2026-07-05T23:10:12.699303+00:00'
[2026-07-05T23:10:13.291+0000] {taskinstance.py:430} INFO - ::endgroup::
[2026-07-05T23:10:13.297+0000] {subprocess.py:63} INFO - Tmp dir root location: /tmp
[2026-07-05T23:10:13.298+0000] {subprocess.py:75} INFO - Running command: ['/usr/bin/bash', '-c', 'cd /opt/***/dbt && dbt build --profiles-dir . --target dev']
[2026-07-05T23:10:13.301+0000] {subprocess.py:86} INFO - Output:
[2026-07-05T23:10:14.260+0000] {subprocess.py:93} INFO - [0m23:10:14  Running with dbt=1.11.11
[2026-07-05T23:10:15.128+0000] {subprocess.py:93} INFO - [0m23:10:15  Registered adapter: bigquery=1.11.3
[2026-07-05T23:10:15.351+0000] {subprocess.py:93} INFO - [0m23:10:15  Found 5 models, 4 sources, 553 macros
[2026-07-05T23:10:15.352+0000] {subprocess.py:93} INFO - [0m23:10:15
[2026-07-05T23:10:15.353+0000] {subprocess.py:93} INFO - [0m23:10:15  Concurrency: 4 threads (target='dev')
[2026-07-05T23:10:15.353+0000] {subprocess.py:93} INFO - [0m23:10:15
[2026-07-05T23:10:16.964+0000] {subprocess.py:93} INFO - [0m23:10:16  1 of 5 START sql table model logistics_mart.dim_drivers ........................ [RUN]
[2026-07-05T23:10:16.965+0000] {subprocess.py:93} INFO - [0m23:10:16  2 of 5 START sql table model logistics_mart.dim_hubs ........................... [RUN]
[2026-07-05T23:10:16.965+0000] {subprocess.py:93} INFO - [0m23:10:16  3 of 5 START sql view model logistics_mart.stg_shipments ....................... [RUN]
[2026-07-05T23:10:16.966+0000] {subprocess.py:93} INFO - [0m23:10:16  4 of 5 START sql view model logistics_mart.stg_weather ......................... [RUN]
[2026-07-05T23:10:18.825+0000] {subprocess.py:93} INFO - [0m23:10:18  3 of 5 OK created sql view model logistics_mart.stg_shipments .................. [[32mCREATE VIEW (0 processed)[0m in 1.85s]
[2026-07-05T23:10:18.825+0000] {subprocess.py:93} INFO - [0m23:10:18  4 of 5 OK created sql view model logistics_mart.stg_weather .................... [[32mCREATE VIEW (0 processed)[0m in 1.86s]
[2026-07-05T23:10:20.582+0000] {subprocess.py:93} INFO - [0m23:10:20  1 of 5 OK created sql table model logistics_mart.dim_drivers ................... [[32mCREATE TABLE (3.0 rows, 108.0 Bytes processed)[0m in 3.61s]
[2026-07-05T23:10:21.540+0000] {subprocess.py:93} INFO - [0m23:10:21  2 of 5 OK created sql table model logistics_mart.dim_hubs ...................... [[32mCREATE TABLE (3.0 rows, 149.0 Bytes processed)[0m in 4.57s]
[2026-07-05T23:10:21.543+0000] {subprocess.py:93} INFO - [0m23:10:21  5 of 5 START sql table model logistics_mart.fact_shipment_weather .............. [RUN]
[2026-07-05T23:10:26.033+0000] {subprocess.py:93} INFO - [0m23:10:26  5 of 5 OK created sql table model logistics_mart.fact_shipment_weather ......... [[32mCREATE TABLE (861.0 rows, 54.7 KiB processed)[0m in 4.49s]
[2026-07-05T23:10:26.080+0000] {subprocess.py:93} INFO - [0m23:10:26
[2026-07-05T23:10:26.080+0000] {subprocess.py:93} INFO - [0m23:10:26  Finished running 3 table models, 2 view models in 0 hours 0 minutes and 10.73 seconds (10.73s).
[2026-07-05T23:10:26.109+0000] {subprocess.py:93} INFO - [0m23:10:26
[2026-07-05T23:10:26.109+0000] {subprocess.py:93} INFO - [0m23:10:26  [32mCompleted successfully[0m
[2026-07-05T23:10:26.110+0000] {subprocess.py:93} INFO - [0m23:10:26
[2026-07-05T23:10:26.110+0000] {subprocess.py:93} INFO - [0m23:10:26  Done. PASS=5 WARN=0 ERROR=0 SKIP=0 NO-OP=0 TOTAL=5
[2026-07-05T23:10:27.853+0000] {subprocess.py:97} INFO - Command exited with return code 0
[2026-07-05T23:10:27.855+0000] {taskinstance.py:441} INFO - ::group::Post task execution logs
[2026-07-05T23:10:27.869+0000] {taskinstance.py:1206} INFO - Marking task as SUCCESS. dag_id=gold_dbt_dag, task_id=trigger_dbt_build, run_id=dataset_triggered__2026-07-05T23:10:12.699303+00:00, execution_date=20260705T231012, start_date=20260705T231013, end_date=20260705T231027
[2026-07-05T23:10:27.907+0000] {local_task_job_runner.py:240} INFO - Task exited with return code 0
[2026-07-05T23:10:27.925+0000] {taskinstance.py:3498} INFO - 0 downstream tasks scheduled from follow-on schedule check
[2026-07-05T23:10:27.928+0000] {local_task_job_runner.py:222} INFO - ::endgroup::
