[2026-07-01T12:30:42.604+0000] {local_task_job_runner.py:120} INFO - ::group::Pre task execution logs
[2026-07-01T12:30:42.621+0000] {taskinstance.py:2076} INFO - Dependencies all met for dep_context=non-requeueable deps ti=<TaskInstance: gold_dbt_dag.trigger_dbt_build dataset_triggered__2026-07-01T07:53:13.304687+00:00 [queued]>
[2026-07-01T12:30:42.626+0000] {taskinstance.py:2076} INFO - Dependencies all met for dep_context=requeueable deps ti=<TaskInstance: gold_dbt_dag.trigger_dbt_build dataset_triggered__2026-07-01T07:53:13.304687+00:00 [queued]>
[2026-07-01T12:30:42.626+0000] {taskinstance.py:2306} INFO - Starting attempt 2 of 2
[2026-07-01T12:30:42.631+0000] {taskinstance.py:2330} INFO - Executing <Task(BashOperator): trigger_dbt_build> on 2026-07-01 07:53:13.304687+00:00
[2026-07-01T12:30:42.635+0000] {standard_task_runner.py:90} INFO - Running: ['***', 'tasks', 'run', 'gold_dbt_dag', 'trigger_dbt_build', 'dataset_triggered__2026-07-01T07:53:13.304687+00:00', '--job-id', '62', '--raw', '--subdir', 'DAGS_FOLDER/dag_gold_dbt.py', '--cfg-path', '/tmp/tmpmkesf8y7']
[2026-07-01T12:30:42.637+0000] {standard_task_runner.py:91} INFO - Job 62: Subtask trigger_dbt_build
[2026-07-01T12:30:42.640+0000] {logging_mixin.py:188} WARNING - /home/***/.local/lib/python3.12/site-packages/***/task/task_runner/standard_task_runner.py:61 DeprecationWarning: This process (pid=11221) is multi-threaded, use of fork() may lead to deadlocks in the child.
[2026-07-01T12:30:42.640+0000] {standard_task_runner.py:63} INFO - Started process 11224 to run task
[2026-07-01T12:30:42.661+0000] {task_command.py:426} INFO - Running <TaskInstance: gold_dbt_dag.trigger_dbt_build dataset_triggered__2026-07-01T07:53:13.304687+00:00 [running]> on host bd23e89d97be
[2026-07-01T12:30:42.708+0000] {taskinstance.py:2648} INFO - Exporting env vars: AIRFLOW_CTX_DAG_OWNER='data_engineer' AIRFLOW_CTX_DAG_ID='gold_dbt_dag' AIRFLOW_CTX_TASK_ID='trigger_dbt_build' AIRFLOW_CTX_EXECUTION_DATE='2026-07-01T07:53:13.304687+00:00' AIRFLOW_CTX_TRY_NUMBER='2' AIRFLOW_CTX_DAG_RUN_ID='dataset_triggered__2026-07-01T07:53:13.304687+00:00'
[2026-07-01T12:30:42.709+0000] {taskinstance.py:430} INFO - ::endgroup::
[2026-07-01T12:30:42.720+0000] {subprocess.py:63} INFO - Tmp dir root location: /tmp
[2026-07-01T12:30:42.721+0000] {subprocess.py:75} INFO - Running command: ['/usr/bin/bash', '-c', 'cd /opt/***/dbt && dbt build --profiles-dir . --target dev']
[2026-07-01T12:30:42.728+0000] {subprocess.py:86} INFO - Output:
[2026-07-01T12:30:43.913+0000] {subprocess.py:93} INFO - [0m12:30:43  Running with dbt=1.11.11
[2026-07-01T12:30:44.804+0000] {subprocess.py:93} INFO - [0m12:30:44  Registered adapter: bigquery=1.11.3
[2026-07-01T12:30:45.354+0000] {subprocess.py:93} INFO - [0m12:30:45  Found 5 models, 4 sources, 553 macros
[2026-07-01T12:30:45.357+0000] {subprocess.py:93} INFO - [0m12:30:45
[2026-07-01T12:30:45.358+0000] {subprocess.py:93} INFO - [0m12:30:45  Concurrency: 4 threads (target='dev')
[2026-07-01T12:30:45.359+0000] {subprocess.py:93} INFO - [0m12:30:45
[2026-07-01T12:30:47.189+0000] {subprocess.py:93} INFO - [0m12:30:47  1 of 5 START sql table model logistics_mart.dim_drivers ........................ [RUN]
[2026-07-01T12:30:47.189+0000] {subprocess.py:93} INFO - [0m12:30:47  2 of 5 START sql table model logistics_mart.dim_hubs ........................... [RUN]
[2026-07-01T12:30:47.190+0000] {subprocess.py:93} INFO - [0m12:30:47  3 of 5 START sql view model logistics_mart.stg_shipments ....................... [RUN]
[2026-07-01T12:30:47.191+0000] {subprocess.py:93} INFO - [0m12:30:47  4 of 5 START sql view model logistics_mart.stg_weather ......................... [RUN]
[2026-07-01T12:30:49.256+0000] {subprocess.py:93} INFO - [0m12:30:49  3 of 5 OK created sql view model logistics_mart.stg_shipments .................. [[32mCREATE VIEW (0 processed)[0m in 2.05s]
[2026-07-01T12:30:49.403+0000] {subprocess.py:93} INFO - [0m12:30:49  4 of 5 OK created sql view model logistics_mart.stg_weather .................... [[32mCREATE VIEW (0 processed)[0m in 2.21s]
[2026-07-01T12:31:04.454+0000] {subprocess.py:93} INFO - [0m12:31:04  1 of 5 ERROR creating sql table model logistics_mart.dim_drivers ............... [[31mERROR[0m in 17.26s]
[2026-07-01T12:31:04.456+0000] {subprocess.py:93} INFO - [0m12:31:04  2 of 5 ERROR creating sql table model logistics_mart.dim_hubs .................. [[31mERROR[0m in 17.26s]
[2026-07-01T12:31:04.470+0000] {subprocess.py:93} INFO - [0m12:31:04  5 of 5 SKIP relation logistics_mart.fact_shipment_weather ...................... [[33mSKIP[0m]
[2026-07-01T12:31:04.513+0000] {subprocess.py:93} INFO - [0m12:31:04
[2026-07-01T12:31:04.513+0000] {subprocess.py:93} INFO - [0m12:31:04  Finished running 3 table models, 2 view models in 0 hours 0 minutes and 19.15 seconds (19.15s).
[2026-07-01T12:31:04.557+0000] {subprocess.py:93} INFO - [0m12:31:04
[2026-07-01T12:31:04.558+0000] {subprocess.py:93} INFO - [0m12:31:04  [31mCompleted with 2 errors, 0 partial successes, and 0 warnings:[0m
[2026-07-01T12:31:04.560+0000] {subprocess.py:93} INFO - [0m12:31:04
[2026-07-01T12:31:04.561+0000] {subprocess.py:93} INFO - [0m12:31:04  [31mFailure in model dim_drivers (models/mart/dim_drivers.sql)[0m
[2026-07-01T12:31:04.562+0000] {subprocess.py:93} INFO - [0m12:31:04    Database Error in model dim_drivers (models/mart/dim_drivers.sql)
[2026-07-01T12:31:04.562+0000] {subprocess.py:93} INFO -   ('Connection aborted.', RemoteDisconnected('Remote end closed connection without response'))
[2026-07-01T12:31:04.562+0000] {subprocess.py:93} INFO -   compiled code at target/run/logistics_lakehouse/models/mart/dim_drivers.sql
[2026-07-01T12:31:04.562+0000] {subprocess.py:93} INFO - [0m12:31:04
[2026-07-01T12:31:04.562+0000] {subprocess.py:93} INFO - [0m12:31:04    compiled code at target/compiled/logistics_lakehouse/models/mart/dim_drivers.sql
[2026-07-01T12:31:04.563+0000] {subprocess.py:93} INFO - [0m12:31:04
[2026-07-01T12:31:04.563+0000] {subprocess.py:93} INFO - [0m12:31:04  [31mFailure in model dim_hubs (models/mart/dim_hubs.sql)[0m
[2026-07-01T12:31:04.563+0000] {subprocess.py:93} INFO - [0m12:31:04    Database Error in model dim_hubs (models/mart/dim_hubs.sql)
[2026-07-01T12:31:04.564+0000] {subprocess.py:93} INFO -   ('Connection aborted.', RemoteDisconnected('Remote end closed connection without response'))
[2026-07-01T12:31:04.564+0000] {subprocess.py:93} INFO -   compiled code at target/run/logistics_lakehouse/models/mart/dim_hubs.sql
[2026-07-01T12:31:04.564+0000] {subprocess.py:93} INFO - [0m12:31:04
[2026-07-01T12:31:04.564+0000] {subprocess.py:93} INFO - [0m12:31:04    compiled code at target/compiled/logistics_lakehouse/models/mart/dim_hubs.sql
[2026-07-01T12:31:04.564+0000] {subprocess.py:93} INFO - [0m12:31:04
[2026-07-01T12:31:04.565+0000] {subprocess.py:93} INFO - [0m12:31:04  Done. PASS=2 WARN=0 ERROR=2 SKIP=1 NO-OP=0 TOTAL=5
[2026-07-01T12:58:01.600+0000] {subprocess.py:97} INFO - Command exited with return code 1
[2026-07-01T12:58:01.652+0000] {taskinstance.py:441} INFO - ::group::Post task execution logs
[2026-07-01T12:58:01.790+0000] {taskinstance.py:2905} ERROR - Task failed with exception
Traceback (most recent call last):
  File "/home/airflow/.local/lib/python3.12/site-packages/airflow/models/taskinstance.py", line 465, in _execute_task
    result = _execute_callable(context=context, **execute_callable_kwargs)
             ^^^^^^^^^^^^^^^^^^^^^^^^^^^^^^^^^^^^^^^^^^^^^^^^^^^^^^^^^^^^^
  File "/home/airflow/.local/lib/python3.12/site-packages/airflow/models/taskinstance.py", line 432, in _execute_callable
    return execute_callable(context=context, **execute_callable_kwargs)
           ^^^^^^^^^^^^^^^^^^^^^^^^^^^^^^^^^^^^^^^^^^^^^^^^^^^^^^^^^^^^
  File "/home/airflow/.local/lib/python3.12/site-packages/airflow/models/baseoperator.py", line 400, in wrapper
    return func(self, *args, **kwargs)
           ^^^^^^^^^^^^^^^^^^^^^^^^^^^
  File "/home/airflow/.local/lib/python3.12/site-packages/airflow/operators/bash.py", line 243, in execute
    raise AirflowException(
airflow.exceptions.AirflowException: Bash command failed. The command returned a non-zero exit code 1.
[2026-07-01T12:58:01.813+0000] {taskinstance.py:1206} INFO - Marking task as FAILED. dag_id=gold_dbt_dag, task_id=trigger_dbt_build, run_id=dataset_triggered__2026-07-01T07:53:13.304687+00:00, execution_date=20260701T075313, start_date=20260701T123042, end_date=20260701T125801
[2026-07-01T12:58:01.853+0000] {standard_task_runner.py:110} ERROR - Failed to execute job 62 for task trigger_dbt_build (Bash command failed. The command returned a non-zero exit code 1.; 11224)
[2026-07-01T12:58:01.908+0000] {local_task_job_runner.py:240} INFO - Task exited with return code 1
[2026-07-01T12:58:01.973+0000] {taskinstance.py:3498} INFO - 0 downstream tasks scheduled from follow-on schedule check
[2026-07-01T12:58:01.975+0000] {local_task_job_runner.py:222} INFO - ::endgroup::
