[2026-07-01T07:53:14.360+0000] {local_task_job_runner.py:120} INFO - ::group::Pre task execution logs
[2026-07-01T07:53:14.387+0000] {taskinstance.py:2076} INFO - Dependencies all met for dep_context=non-requeueable deps ti=<TaskInstance: gold_dbt_dag.trigger_dbt_build dataset_triggered__2026-07-01T07:53:13.304687+00:00 [queued]>
[2026-07-01T07:53:14.390+0000] {taskinstance.py:2076} INFO - Dependencies all met for dep_context=requeueable deps ti=<TaskInstance: gold_dbt_dag.trigger_dbt_build dataset_triggered__2026-07-01T07:53:13.304687+00:00 [queued]>
[2026-07-01T07:53:14.390+0000] {taskinstance.py:2306} INFO - Starting attempt 1 of 2
[2026-07-01T07:53:14.395+0000] {taskinstance.py:2330} INFO - Executing <Task(BashOperator): trigger_dbt_build> on 2026-07-01 07:53:13.304687+00:00
[2026-07-01T07:53:14.400+0000] {logging_mixin.py:188} WARNING - /home/***/.local/lib/python3.12/site-packages/***/task/task_runner/standard_task_runner.py:61 DeprecationWarning: This process (pid=9394) is multi-threaded, use of fork() may lead to deadlocks in the child.
[2026-07-01T07:53:14.401+0000] {standard_task_runner.py:63} INFO - Started process 9395 to run task
[2026-07-01T07:53:14.400+0000] {standard_task_runner.py:90} INFO - Running: ['***', 'tasks', 'run', 'gold_dbt_dag', 'trigger_dbt_build', 'dataset_triggered__2026-07-01T07:53:13.304687+00:00', '--job-id', '42', '--raw', '--subdir', 'DAGS_FOLDER/dag_gold_dbt.py', '--cfg-path', '/tmp/tmp21s_nce6']
[2026-07-01T07:53:14.401+0000] {standard_task_runner.py:91} INFO - Job 42: Subtask trigger_dbt_build
[2026-07-01T07:53:14.425+0000] {task_command.py:426} INFO - Running <TaskInstance: gold_dbt_dag.trigger_dbt_build dataset_triggered__2026-07-01T07:53:13.304687+00:00 [running]> on host bd23e89d97be
[2026-07-01T07:53:14.456+0000] {taskinstance.py:2648} INFO - Exporting env vars: AIRFLOW_CTX_DAG_OWNER='data_engineer' AIRFLOW_CTX_DAG_ID='gold_dbt_dag' AIRFLOW_CTX_TASK_ID='trigger_dbt_build' AIRFLOW_CTX_EXECUTION_DATE='2026-07-01T07:53:13.304687+00:00' AIRFLOW_CTX_TRY_NUMBER='1' AIRFLOW_CTX_DAG_RUN_ID='dataset_triggered__2026-07-01T07:53:13.304687+00:00'
[2026-07-01T07:53:14.456+0000] {taskinstance.py:430} INFO - ::endgroup::
[2026-07-01T07:53:14.463+0000] {subprocess.py:63} INFO - Tmp dir root location: /tmp
[2026-07-01T07:53:14.463+0000] {subprocess.py:75} INFO - Running command: ['/usr/bin/bash', '-c', 'cd /opt/***/dbt && dbt build --profiles-dir . --target dev']
[2026-07-01T07:53:14.467+0000] {subprocess.py:86} INFO - Output:
[2026-07-01T07:53:15.473+0000] {subprocess.py:93} INFO - [0m07:53:15  Running with dbt=1.11.11
[2026-07-01T07:53:15.952+0000] {subprocess.py:93} INFO - [0m07:53:15  Registered adapter: bigquery=1.11.3
[2026-07-01T07:53:16.171+0000] {subprocess.py:93} INFO - [0m07:53:16  Found 5 models, 4 sources, 553 macros
[2026-07-01T07:53:16.172+0000] {subprocess.py:93} INFO - [0m07:53:16
[2026-07-01T07:53:16.172+0000] {subprocess.py:93} INFO - [0m07:53:16  Concurrency: 4 threads (target='dev')
[2026-07-01T07:53:16.172+0000] {subprocess.py:93} INFO - [0m07:53:16
[2026-07-01T11:41:45.121+0000] {local_task_job_runner.py:214} ERROR - Heartbeat time limit exceeded!
[2026-07-01T11:41:45.137+0000] {local_task_job_runner.py:222} INFO - ::endgroup::
[2026-07-01T11:41:45.150+0000] {process_utils.py:132} INFO - Sending 15 to group 9395. PIDs of all processes in the group: [9396, 9410, 9395]
[2026-07-01T11:41:45.151+0000] {process_utils.py:87} INFO - Sending the signal 15 to group 9395
[2026-07-01T11:41:45.162+0000] {taskinstance.py:2611} ERROR - Received SIGTERM. Terminating subprocesses.
[2026-07-01T11:41:45.179+0000] {subprocess.py:104} INFO - Sending SIGTERM signal to process group
[2026-07-01T11:41:45.202+0000] {taskinstance.py:441} INFO - ::group::Post task execution logs
[2026-07-01T11:41:45.314+0000] {taskinstance.py:2905} ERROR - Task failed with exception
Traceback (most recent call last):
  File "/home/airflow/.local/lib/python3.12/site-packages/airflow/models/taskinstance.py", line 465, in _execute_task
    result = _execute_callable(context=context, **execute_callable_kwargs)
             ^^^^^^^^^^^^^^^^^^^^^^^^^^^^^^^^^^^^^^^^^^^^^^^^^^^^^^^^^^^^^
  File "/home/airflow/.local/lib/python3.12/site-packages/airflow/models/taskinstance.py", line 432, in _execute_callable
    return execute_callable(context=context, **execute_callable_kwargs)
           ^^^^^^^^^^^^^^^^^^^^^^^^^^^^^^^^^^^^^^^^^^^^^^^^^^^^^^^^^^^^
  File "/home/airflow/.local/lib/python3.12/site-packages/airflow/models/baseoperator.py", line 400, in wrapper
    return func(self, *args, **kwargs)
           ^^^^^^^^^^^^^^^^^^^^^^^^^^^
  File "/home/airflow/.local/lib/python3.12/site-packages/airflow/operators/bash.py", line 234, in execute
    result = self.subprocess_hook.run_command(
             ^^^^^^^^^^^^^^^^^^^^^^^^^^^^^^^^^
  File "/home/airflow/.local/lib/python3.12/site-packages/airflow/hooks/subprocess.py", line 91, in run_command
    for raw_line in iter(self.sub_process.stdout.readline, b""):
  File "/home/airflow/.local/lib/python3.12/site-packages/airflow/models/taskinstance.py", line 2613, in signal_handler
    raise AirflowTaskTerminated("Task received SIGTERM signal")
airflow.exceptions.AirflowTaskTerminated: Task received SIGTERM signal
[2026-07-01T11:41:45.342+0000] {taskinstance.py:1206} INFO - Marking task as UP_FOR_RETRY. dag_id=gold_dbt_dag, task_id=trigger_dbt_build, run_id=dataset_triggered__2026-07-01T07:53:13.304687+00:00, execution_date=20260701T075313, start_date=20260701T075314, end_date=20260701T114145
[2026-07-01T11:41:45.423+0000] {process_utils.py:80} INFO - Process psutil.Process(pid=9395, status='terminated', exitcode=2, started='07:53:14') (9395) terminated with exit code 2
[2026-07-01T11:41:45.427+0000] {process_utils.py:80} INFO - Process psutil.Process(pid=9396, status='terminated', started='07:53:14') (9396) terminated with exit code None
[2026-07-01T11:41:45.428+0000] {process_utils.py:80} INFO - Process psutil.Process(pid=9410, status='terminated', started='07:53:15') (9410) terminated with exit code None
