[2026-07-06T21:00:14.149+0000] {local_task_job_runner.py:120} INFO - ::group::Pre task execution logs
[2026-07-06T21:00:14.167+0000] {taskinstance.py:2076} INFO - Dependencies all met for dep_context=non-requeueable deps ti=<TaskInstance: gold_dbt_dag.trigger_dbt_build dataset_triggered__2026-07-06T21:00:13.532610+00:00 [queued]>
[2026-07-06T21:00:14.170+0000] {taskinstance.py:2076} INFO - Dependencies all met for dep_context=requeueable deps ti=<TaskInstance: gold_dbt_dag.trigger_dbt_build dataset_triggered__2026-07-06T21:00:13.532610+00:00 [queued]>
[2026-07-06T21:00:14.170+0000] {taskinstance.py:2306} INFO - Starting attempt 1 of 2
[2026-07-06T21:00:14.175+0000] {taskinstance.py:2330} INFO - Executing <Task(BashOperator): trigger_dbt_build> on 2026-07-06 21:00:13.532610+00:00
[2026-07-06T21:00:14.178+0000] {logging_mixin.py:188} WARNING - /home/***/.local/lib/python3.12/site-packages/***/task/task_runner/standard_task_runner.py:61 DeprecationWarning: This process (pid=9591) is multi-threaded, use of fork() may lead to deadlocks in the child.
[2026-07-06T21:00:14.178+0000] {standard_task_runner.py:90} INFO - Running: ['***', 'tasks', 'run', 'gold_dbt_dag', 'trigger_dbt_build', 'dataset_triggered__2026-07-06T21:00:13.532610+00:00', '--job-id', '863', '--raw', '--subdir', 'DAGS_FOLDER/dag_gold_dbt.py', '--cfg-path', '/tmp/tmpqocv48wi']
[2026-07-06T21:00:14.179+0000] {standard_task_runner.py:91} INFO - Job 863: Subtask trigger_dbt_build
[2026-07-06T21:00:14.179+0000] {standard_task_runner.py:63} INFO - Started process 9592 to run task
[2026-07-06T21:00:14.196+0000] {task_command.py:426} INFO - Running <TaskInstance: gold_dbt_dag.trigger_dbt_build dataset_triggered__2026-07-06T21:00:13.532610+00:00 [running]> on host bd23e89d97be
[2026-07-06T21:00:14.233+0000] {taskinstance.py:2648} INFO - Exporting env vars: AIRFLOW_CTX_DAG_OWNER='data_engineer' AIRFLOW_CTX_DAG_ID='gold_dbt_dag' AIRFLOW_CTX_TASK_ID='trigger_dbt_build' AIRFLOW_CTX_EXECUTION_DATE='2026-07-06T21:00:13.532610+00:00' AIRFLOW_CTX_TRY_NUMBER='1' AIRFLOW_CTX_DAG_RUN_ID='dataset_triggered__2026-07-06T21:00:13.532610+00:00'
[2026-07-06T21:00:14.233+0000] {taskinstance.py:430} INFO - ::endgroup::
[2026-07-06T21:00:14.240+0000] {subprocess.py:63} INFO - Tmp dir root location: /tmp
[2026-07-06T21:00:14.241+0000] {subprocess.py:75} INFO - Running command: ['/usr/bin/bash', '-c', 'cd /opt/***/dbt && dbt build --profiles-dir . --target dev']
[2026-07-06T21:00:14.244+0000] {subprocess.py:86} INFO - Output:
[2026-07-06T21:00:15.379+0000] {subprocess.py:93} INFO - [0m21:00:15  Running with dbt=1.11.11
[2026-07-06T21:00:15.900+0000] {subprocess.py:93} INFO - [0m21:00:15  Registered adapter: bigquery=1.11.3
[2026-07-06T21:00:16.125+0000] {subprocess.py:93} INFO - [0m21:00:16  Found 5 models, 4 sources, 553 macros
[2026-07-06T21:00:16.126+0000] {subprocess.py:93} INFO - [0m21:00:16
[2026-07-06T21:00:16.126+0000] {subprocess.py:93} INFO - [0m21:00:16  Concurrency: 4 threads (target='dev')
[2026-07-06T21:00:16.127+0000] {subprocess.py:93} INFO - [0m21:00:16
[2026-07-06T21:00:17.641+0000] {subprocess.py:93} INFO - [0m21:00:17  1 of 5 START sql table model logistics_mart.dim_drivers ........................ [RUN]
[2026-07-06T21:00:17.642+0000] {subprocess.py:93} INFO - [0m21:00:17  2 of 5 START sql table model logistics_mart.dim_hubs ........................... [RUN]
[2026-07-06T21:00:17.642+0000] {subprocess.py:93} INFO - [0m21:00:17  3 of 5 START sql view model logistics_mart.stg_shipments ....................... [RUN]
[2026-07-06T21:00:17.642+0000] {subprocess.py:93} INFO - [0m21:00:17  4 of 5 START sql view model logistics_mart.stg_weather ......................... [RUN]
[2026-07-06T21:00:19.671+0000] {subprocess.py:93} INFO - [0m21:00:19  4 of 5 OK created sql view model logistics_mart.stg_weather .................... [[32mCREATE VIEW (0 processed)[0m in 2.02s]
[2026-07-06T21:00:19.671+0000] {subprocess.py:93} INFO - [0m21:00:19  3 of 5 OK created sql view model logistics_mart.stg_shipments .................. [[32mCREATE VIEW (0 processed)[0m in 2.03s]
[2026-07-06T21:00:21.595+0000] {subprocess.py:93} INFO - [0m21:00:21  1 of 5 OK created sql table model logistics_mart.dim_drivers ................... [[32mCREATE TABLE (3.0 rows, 108.0 Bytes processed)[0m in 3.95s]
[2026-07-06T21:00:21.648+0000] {subprocess.py:93} INFO - [0m21:00:21  2 of 5 OK created sql table model logistics_mart.dim_hubs ...................... [[32mCREATE TABLE (3.0 rows, 149.0 Bytes processed)[0m in 4.00s]
[2026-07-06T21:00:21.652+0000] {subprocess.py:93} INFO - [0m21:00:21  5 of 5 START sql table model logistics_mart.fact_shipment_weather .............. [RUN]
[2026-07-06T21:00:25.954+0000] {subprocess.py:93} INFO - [0m21:00:25  5 of 5 OK created sql table model logistics_mart.fact_shipment_weather ......... [[32mCREATE TABLE (1.0k rows, 65.4 KiB processed)[0m in 4.30s]
[2026-07-06T21:00:26.003+0000] {subprocess.py:93} INFO - [0m21:00:26
[2026-07-06T21:00:26.004+0000] {subprocess.py:93} INFO - [0m21:00:26  Finished running 3 table models, 2 view models in 0 hours 0 minutes and 9.88 seconds (9.88s).
[2026-07-06T21:00:26.031+0000] {subprocess.py:93} INFO - [0m21:00:26
[2026-07-06T21:00:26.031+0000] {subprocess.py:93} INFO - [0m21:00:26  [32mCompleted successfully[0m
[2026-07-06T21:00:26.032+0000] {subprocess.py:93} INFO - [0m21:00:26
[2026-07-06T21:00:26.032+0000] {subprocess.py:93} INFO - [0m21:00:26  Done. PASS=5 WARN=0 ERROR=0 SKIP=0 NO-OP=0 TOTAL=5
[2026-07-06T21:00:28.126+0000] {subprocess.py:97} INFO - Command exited with return code 0
[2026-07-06T21:00:28.133+0000] {taskinstance.py:441} INFO - ::group::Post task execution logs
[2026-07-06T21:00:28.196+0000] {taskinstance.py:1206} INFO - Marking task as SUCCESS. dag_id=gold_dbt_dag, task_id=trigger_dbt_build, run_id=dataset_triggered__2026-07-06T21:00:13.532610+00:00, execution_date=20260706T210013, start_date=20260706T210014, end_date=20260706T210028
[2026-07-06T21:00:28.234+0000] {local_task_job_runner.py:240} INFO - Task exited with return code 0
[2026-07-06T21:00:28.271+0000] {taskinstance.py:3498} INFO - 0 downstream tasks scheduled from follow-on schedule check
[2026-07-06T21:00:28.272+0000] {local_task_job_runner.py:222} INFO - ::endgroup::
