[2026-07-08T16:02:33.621+0000] {local_task_job_runner.py:120} INFO - ::group::Pre task execution logs
[2026-07-08T16:02:33.647+0000] {taskinstance.py:2076} INFO - Dependencies all met for dep_context=non-requeueable deps ti=<TaskInstance: gold_dbt_dag.trigger_dbt_build dataset_triggered__2026-07-08T16:00:18.230172+00:00 [queued]>
[2026-07-08T16:02:33.650+0000] {taskinstance.py:2076} INFO - Dependencies all met for dep_context=requeueable deps ti=<TaskInstance: gold_dbt_dag.trigger_dbt_build dataset_triggered__2026-07-08T16:00:18.230172+00:00 [queued]>
[2026-07-08T16:02:33.650+0000] {taskinstance.py:2306} INFO - Starting attempt 2 of 2
[2026-07-08T16:02:33.655+0000] {taskinstance.py:2330} INFO - Executing <Task(BashOperator): trigger_dbt_build> on 2026-07-08 16:00:18.230172+00:00
[2026-07-08T16:02:33.662+0000] {standard_task_runner.py:90} INFO - Running: ['***', 'tasks', 'run', 'gold_dbt_dag', 'trigger_dbt_build', 'dataset_triggered__2026-07-08T16:00:18.230172+00:00', '--job-id', '1158', '--raw', '--subdir', 'DAGS_FOLDER/dag_gold_dbt.py', '--cfg-path', '/tmp/tmpcfq8z_vf']
[2026-07-08T16:02:33.665+0000] {standard_task_runner.py:91} INFO - Job 1158: Subtask trigger_dbt_build
[2026-07-08T16:02:33.667+0000] {logging_mixin.py:188} WARNING - /home/***/.local/lib/python3.12/site-packages/***/task/task_runner/standard_task_runner.py:61 DeprecationWarning: This process (pid=33182) is multi-threaded, use of fork() may lead to deadlocks in the child.
[2026-07-08T16:02:33.668+0000] {standard_task_runner.py:63} INFO - Started process 33183 to run task
[2026-07-08T16:02:33.691+0000] {task_command.py:426} INFO - Running <TaskInstance: gold_dbt_dag.trigger_dbt_build dataset_triggered__2026-07-08T16:00:18.230172+00:00 [running]> on host bd23e89d97be
[2026-07-08T16:02:33.730+0000] {taskinstance.py:2648} INFO - Exporting env vars: AIRFLOW_CTX_DAG_OWNER='data_engineer' AIRFLOW_CTX_DAG_ID='gold_dbt_dag' AIRFLOW_CTX_TASK_ID='trigger_dbt_build' AIRFLOW_CTX_EXECUTION_DATE='2026-07-08T16:00:18.230172+00:00' AIRFLOW_CTX_TRY_NUMBER='2' AIRFLOW_CTX_DAG_RUN_ID='dataset_triggered__2026-07-08T16:00:18.230172+00:00'
[2026-07-08T16:02:33.730+0000] {taskinstance.py:430} INFO - ::endgroup::
[2026-07-08T16:02:33.738+0000] {subprocess.py:63} INFO - Tmp dir root location: /tmp
[2026-07-08T16:02:33.739+0000] {subprocess.py:75} INFO - Running command: ['/usr/bin/bash', '-c', 'cd /opt/***/dbt && dbt build --profiles-dir . --target dev']
[2026-07-08T16:02:33.749+0000] {subprocess.py:86} INFO - Output:
[2026-07-08T16:02:34.801+0000] {subprocess.py:93} INFO - [0m16:02:34  Running with dbt=1.11.11
[2026-07-08T16:02:35.325+0000] {subprocess.py:93} INFO - [0m16:02:35  Registered adapter: bigquery=1.11.3
[2026-07-08T16:02:35.596+0000] {subprocess.py:93} INFO - [0m16:02:35  Found 6 models, 4 sources, 553 macros
[2026-07-08T16:02:35.597+0000] {subprocess.py:93} INFO - [0m16:02:35
[2026-07-08T16:02:35.598+0000] {subprocess.py:93} INFO - [0m16:02:35  Concurrency: 4 threads (target='dev')
[2026-07-08T16:02:35.598+0000] {subprocess.py:93} INFO - [0m16:02:35
[2026-07-08T16:02:37.169+0000] {subprocess.py:93} INFO - [0m16:02:37  1 of 6 START sql table model logistics_mart.dim_drivers ........................ [RUN]
[2026-07-08T16:02:37.170+0000] {subprocess.py:93} INFO - [0m16:02:37  2 of 6 START sql table model logistics_mart.dim_hubs ........................... [RUN]
[2026-07-08T16:02:37.170+0000] {subprocess.py:93} INFO - [0m16:02:37  3 of 6 START sql view model logistics_mart.stg_shipments ....................... [RUN]
[2026-07-08T16:02:37.171+0000] {subprocess.py:93} INFO - [0m16:02:37  4 of 6 START sql view model logistics_mart.stg_weather ......................... [RUN]
[2026-07-08T16:02:39.058+0000] {subprocess.py:93} INFO - [0m16:02:39  3 of 6 OK created sql view model logistics_mart.stg_shipments .................. [[32mCREATE VIEW (0 processed)[0m in 1.88s]
[2026-07-08T16:02:39.060+0000] {subprocess.py:93} INFO - [0m16:02:39  5 of 6 START sql view model logistics_mart.stg_weather_consensus ............... [RUN]
[2026-07-08T16:02:39.170+0000] {subprocess.py:93} INFO - [0m16:02:39  4 of 6 OK created sql view model logistics_mart.stg_weather .................... [[32mCREATE VIEW (0 processed)[0m in 2.00s]
[2026-07-08T16:02:40.687+0000] {subprocess.py:93} INFO - [0m16:02:40  BigQuery adapter: https://console.cloud.google.com/bigquery?project=logistics-500519&j=bq:US:96ef74bf-cc4e-430a-9977-73a14f472ffe&page=queryresults
[2026-07-08T16:02:40.706+0000] {subprocess.py:93} INFO - [0m16:02:40  5 of 6 ERROR creating sql view model logistics_mart.stg_weather_consensus ...... [[31mERROR[0m in 1.64s]
[2026-07-08T16:02:41.208+0000] {subprocess.py:93} INFO - [0m16:02:41  2 of 6 OK created sql table model logistics_mart.dim_hubs ...................... [[32mCREATE TABLE (3.0 rows, 149.0 Bytes processed)[0m in 4.03s]
[2026-07-08T16:02:41.212+0000] {subprocess.py:93} INFO - [0m16:02:41  6 of 6 START sql table model logistics_mart.fact_shipment_weather .............. [RUN]
[2026-07-08T16:02:41.265+0000] {subprocess.py:93} INFO - [0m16:02:41  1 of 6 OK created sql table model logistics_mart.dim_drivers ................... [[32mCREATE TABLE (3.0 rows, 108.0 Bytes processed)[0m in 4.09s]
[2026-07-08T16:02:46.652+0000] {subprocess.py:93} INFO - [0m16:02:46  6 of 6 OK created sql table model logistics_mart.fact_shipment_weather ......... [[32mCREATE TABLE (1.4k rows, 86.7 KiB processed)[0m in 5.43s]
[2026-07-08T16:02:46.705+0000] {subprocess.py:93} INFO - [0m16:02:46
[2026-07-08T16:02:46.706+0000] {subprocess.py:93} INFO - [0m16:02:46  Finished running 3 table models, 3 view models in 0 hours 0 minutes and 11.11 seconds (11.11s).
[2026-07-08T16:02:46.748+0000] {subprocess.py:93} INFO - [0m16:02:46
[2026-07-08T16:02:46.749+0000] {subprocess.py:93} INFO - [0m16:02:46  [31mCompleted with 1 error, 0 partial successes, and 0 warnings:[0m
[2026-07-08T16:02:46.749+0000] {subprocess.py:93} INFO - [0m16:02:46
[2026-07-08T16:02:46.749+0000] {subprocess.py:93} INFO - [0m16:02:46  [31mFailure in model stg_weather_consensus (models/staging/stg_weather_consensus.sql)[0m
[2026-07-08T16:02:46.750+0000] {subprocess.py:93} INFO - [0m16:02:46    Database Error in model stg_weather_consensus (models/staging/stg_weather_consensus.sql)
[2026-07-08T16:02:46.750+0000] {subprocess.py:93} INFO -   Unrecognized name: fetched_at at [11:11]
[2026-07-08T16:02:46.750+0000] {subprocess.py:93} INFO -   compiled code at target/run/logistics_lakehouse/models/staging/stg_weather_consensus.sql
[2026-07-08T16:02:46.750+0000] {subprocess.py:93} INFO - [0m16:02:46
[2026-07-08T16:02:46.750+0000] {subprocess.py:93} INFO - [0m16:02:46    compiled code at target/compiled/logistics_lakehouse/models/staging/stg_weather_consensus.sql
[2026-07-08T16:02:46.751+0000] {subprocess.py:93} INFO - [0m16:02:46
[2026-07-08T16:02:46.751+0000] {subprocess.py:93} INFO - [0m16:02:46  Done. PASS=5 WARN=0 ERROR=1 SKIP=0 NO-OP=0 TOTAL=6
[2026-07-08T16:02:48.741+0000] {subprocess.py:97} INFO - Command exited with return code 1
[2026-07-08T16:02:48.742+0000] {taskinstance.py:441} INFO - ::group::Post task execution logs
[2026-07-08T16:02:48.752+0000] {taskinstance.py:2905} ERROR - Task failed with exception
Traceback (most recent call last):
  File "/home/airflow/.local/lib/python3.12/site-packages/airflow/models/taskinstance.py", line 465, in _execute_task
    result = _execute_callable(context=context, **execute_callable_kwargs)
             ^^^^^^^^^^^^^^^^^^^^^^^^^^^^^^^^^^^^^^^^^^^^^^^^^^^^^^^^^^^^^
  File "/home/airflow/.local/lib/python3.12/site-packages/airflow/models/taskinstance.py", line 432, in _execute_callable
    return execute_callable(context=context, **execute_callable_kwargs)
           ^^^^^^^^^^^^^^^^^^^^^^^^^^^^^^^^^^^^^^^^^^^^^^^^^^^^^^^^^^^^
  File "/home/airflow/.local/lib/python3.12/site-packages/airflow/models/baseoperator.py", line 400, in wrapper
    return func(self, *args, **kwargs)
           ^^^^^^^^^^^^^^^^^^^^^^^^^^^
  File "/home/airflow/.local/lib/python3.12/site-packages/airflow/operators/bash.py", line 243, in execute
    raise AirflowException(
airflow.exceptions.AirflowException: Bash command failed. The command returned a non-zero exit code 1.
[2026-07-08T16:02:48.755+0000] {taskinstance.py:1206} INFO - Marking task as FAILED. dag_id=gold_dbt_dag, task_id=trigger_dbt_build, run_id=dataset_triggered__2026-07-08T16:00:18.230172+00:00, execution_date=20260708T160018, start_date=20260708T160233, end_date=20260708T160248
[2026-07-08T16:02:48.763+0000] {standard_task_runner.py:110} ERROR - Failed to execute job 1158 for task trigger_dbt_build (Bash command failed. The command returned a non-zero exit code 1.; 33183)
[2026-07-08T16:02:48.793+0000] {local_task_job_runner.py:240} INFO - Task exited with return code 1
[2026-07-08T16:02:48.806+0000] {taskinstance.py:3498} INFO - 0 downstream tasks scheduled from follow-on schedule check
[2026-07-08T16:02:48.807+0000] {local_task_job_runner.py:222} INFO - ::endgroup::
