[2026-07-11T17:00:21.983+0000] {local_task_job_runner.py:120} INFO - ::group::Pre task execution logs
[2026-07-11T17:00:22.085+0000] {taskinstance.py:2076} INFO - Dependencies all met for dep_context=non-requeueable deps ti=<TaskInstance: gold_dbt_dag.trigger_dbt_build dataset_triggered__2026-07-11T17:00:16.553709+00:00 [queued]>
[2026-07-11T17:00:22.098+0000] {taskinstance.py:2076} INFO - Dependencies all met for dep_context=requeueable deps ti=<TaskInstance: gold_dbt_dag.trigger_dbt_build dataset_triggered__2026-07-11T17:00:16.553709+00:00 [queued]>
[2026-07-11T17:00:22.101+0000] {taskinstance.py:2306} INFO - Starting attempt 1 of 2
[2026-07-11T17:00:22.132+0000] {taskinstance.py:2330} INFO - Executing <Task(BashOperator): trigger_dbt_build> on 2026-07-11 17:00:16.553709+00:00
[2026-07-11T17:00:22.175+0000] {standard_task_runner.py:90} INFO - Running: ['***', 'tasks', 'run', 'gold_dbt_dag', 'trigger_dbt_build', 'dataset_triggered__2026-07-11T17:00:16.553709+00:00', '--job-id', '20', '--raw', '--subdir', 'DAGS_FOLDER/dag_gold_dbt.py', '--cfg-path', '/tmp/tmppey4o6eh']
[2026-07-11T17:00:22.210+0000] {logging_mixin.py:188} WARNING - /home/***/.local/lib/python3.12/site-packages/***/task/task_runner/standard_task_runner.py:61 DeprecationWarning: This process (pid=4088) is multi-threaded, use of fork() may lead to deadlocks in the child.
[2026-07-11T17:00:22.210+0000] {standard_task_runner.py:91} INFO - Job 20: Subtask trigger_dbt_build
[2026-07-11T17:00:22.213+0000] {standard_task_runner.py:63} INFO - Started process 4132 to run task
[2026-07-11T17:00:22.561+0000] {task_command.py:426} INFO - Running <TaskInstance: gold_dbt_dag.trigger_dbt_build dataset_triggered__2026-07-11T17:00:16.553709+00:00 [running]> on host ad4e12f53b08
[2026-07-11T17:00:22.707+0000] {taskinstance.py:2648} INFO - Exporting env vars: AIRFLOW_CTX_DAG_OWNER='data_engineer' AIRFLOW_CTX_DAG_ID='gold_dbt_dag' AIRFLOW_CTX_TASK_ID='trigger_dbt_build' AIRFLOW_CTX_EXECUTION_DATE='2026-07-11T17:00:16.553709+00:00' AIRFLOW_CTX_TRY_NUMBER='1' AIRFLOW_CTX_DAG_RUN_ID='dataset_triggered__2026-07-11T17:00:16.553709+00:00'
[2026-07-11T17:00:22.710+0000] {taskinstance.py:430} INFO - ::endgroup::
[2026-07-11T17:00:22.753+0000] {subprocess.py:63} INFO - Tmp dir root location: /tmp
[2026-07-11T17:00:22.758+0000] {subprocess.py:75} INFO - Running command: ['/usr/bin/bash', '-c', 'cd /opt/***/dbt && dbt build --profiles-dir . --target dev']
[2026-07-11T17:00:22.779+0000] {subprocess.py:86} INFO - Output:
[2026-07-11T17:00:25.174+0000] {subprocess.py:93} INFO - [0m17:00:25  Running with dbt=1.11.11
[2026-07-11T17:00:26.092+0000] {subprocess.py:93} INFO - [0m17:00:26  Registered adapter: bigquery=1.11.3
[2026-07-11T17:00:26.495+0000] {subprocess.py:93} INFO - [0m17:00:26  Found 6 models, 4 sources, 553 macros
[2026-07-11T17:00:26.498+0000] {subprocess.py:93} INFO - [0m17:00:26
[2026-07-11T17:00:26.499+0000] {subprocess.py:93} INFO - [0m17:00:26  Concurrency: 4 threads (target='dev')
[2026-07-11T17:00:26.499+0000] {subprocess.py:93} INFO - [0m17:00:26
[2026-07-11T17:00:27.988+0000] {subprocess.py:93} INFO - [0m17:00:27  1 of 6 START sql table model logistics_mart.dim_drivers ........................ [RUN]
[2026-07-11T17:00:27.989+0000] {subprocess.py:93} INFO - [0m17:00:27  2 of 6 START sql table model logistics_mart.dim_hubs ........................... [RUN]
[2026-07-11T17:00:27.990+0000] {subprocess.py:93} INFO - [0m17:00:27  3 of 6 START sql view model logistics_mart.stg_shipments ....................... [RUN]
[2026-07-11T17:00:27.991+0000] {subprocess.py:93} INFO - [0m17:00:27  4 of 6 START sql view model logistics_mart.stg_weather ......................... [RUN]
[2026-07-11T17:00:30.153+0000] {subprocess.py:93} INFO - [0m17:00:30  4 of 6 OK created sql view model logistics_mart.stg_weather .................... [[32mCREATE VIEW (0 processed)[0m in 2.15s]
[2026-07-11T17:00:30.156+0000] {subprocess.py:93} INFO - [0m17:00:30  3 of 6 OK created sql view model logistics_mart.stg_shipments .................. [[32mCREATE VIEW (0 processed)[0m in 2.16s]
[2026-07-11T17:00:30.159+0000] {subprocess.py:93} INFO - [0m17:00:30  5 of 6 START sql view model logistics_mart.stg_weather_consensus ............... [RUN]
[2026-07-11T17:00:30.167+0000] {subprocess.py:93} INFO - [0m17:00:30  BigQuery adapter: https://console.cloud.google.com/bigquery?project=logistics-500519&j=bq:US:db8caa2d-8e5f-46bf-a0b5-a929731220e4&page=queryresults
[2026-07-11T17:00:30.185+0000] {subprocess.py:93} INFO - [0m17:00:30  2 of 6 ERROR creating sql table model logistics_mart.dim_hubs .................. [[31mERROR[0m in 2.19s]
[2026-07-11T17:00:30.236+0000] {subprocess.py:93} INFO - [0m17:00:30  BigQuery adapter: https://console.cloud.google.com/bigquery?project=logistics-500519&j=bq:US:1836af5f-58a1-43a8-9374-8c7fa88160df&page=queryresults
[2026-07-11T17:00:30.246+0000] {subprocess.py:93} INFO - [0m17:00:30  1 of 6 ERROR creating sql table model logistics_mart.dim_drivers ............... [[31mERROR[0m in 2.25s]
[2026-07-11T17:00:31.936+0000] {subprocess.py:93} INFO - [0m17:00:31  5 of 6 OK created sql view model logistics_mart.stg_weather_consensus .......... [[32mCREATE VIEW (0 processed)[0m in 1.77s]
[2026-07-11T17:00:31.940+0000] {subprocess.py:93} INFO - [0m17:00:31  6 of 6 SKIP relation logistics_mart.fact_shipment_weather ...................... [[33mSKIP[0m]
[2026-07-11T17:00:31.988+0000] {subprocess.py:93} INFO - [0m17:00:31
[2026-07-11T17:00:31.988+0000] {subprocess.py:93} INFO - [0m17:00:31  Finished running 3 table models, 3 view models in 0 hours 0 minutes and 5.49 seconds (5.49s).
[2026-07-11T17:00:32.049+0000] {subprocess.py:93} INFO - [0m17:00:32
[2026-07-11T17:00:32.049+0000] {subprocess.py:93} INFO - [0m17:00:32  [31mCompleted with 2 errors, 0 partial successes, and 0 warnings:[0m
[2026-07-11T17:00:32.051+0000] {subprocess.py:93} INFO - [0m17:00:32
[2026-07-11T17:00:32.052+0000] {subprocess.py:93} INFO - [0m17:00:32  [31mFailure in model dim_hubs (models/mart/dim_hubs.sql)[0m
[2026-07-11T17:00:32.052+0000] {subprocess.py:93} INFO - [0m17:00:32    Database Error in model dim_hubs (models/mart/dim_hubs.sql)
[2026-07-11T17:00:32.052+0000] {subprocess.py:93} INFO -   Unrecognized name: is_current at [24:7]
[2026-07-11T17:00:32.053+0000] {subprocess.py:93} INFO -   compiled code at target/run/logistics_lakehouse/models/mart/dim_hubs.sql
[2026-07-11T17:00:32.053+0000] {subprocess.py:93} INFO - [0m17:00:32
[2026-07-11T17:00:32.053+0000] {subprocess.py:93} INFO - [0m17:00:32    compiled code at target/compiled/logistics_lakehouse/models/mart/dim_hubs.sql
[2026-07-11T17:00:32.053+0000] {subprocess.py:93} INFO - [0m17:00:32
[2026-07-11T17:00:32.053+0000] {subprocess.py:93} INFO - [0m17:00:32  [31mFailure in model dim_drivers (models/mart/dim_drivers.sql)[0m
[2026-07-11T17:00:32.054+0000] {subprocess.py:93} INFO - [0m17:00:32    Database Error in model dim_drivers (models/mart/dim_drivers.sql)
[2026-07-11T17:00:32.054+0000] {subprocess.py:93} INFO -   Unrecognized name: is_current at [24:7]
[2026-07-11T17:00:32.054+0000] {subprocess.py:93} INFO -   compiled code at target/run/logistics_lakehouse/models/mart/dim_drivers.sql
[2026-07-11T17:00:32.054+0000] {subprocess.py:93} INFO - [0m17:00:32
[2026-07-11T17:00:32.054+0000] {subprocess.py:93} INFO - [0m17:00:32    compiled code at target/compiled/logistics_lakehouse/models/mart/dim_drivers.sql
[2026-07-11T17:00:32.054+0000] {subprocess.py:93} INFO - [0m17:00:32
[2026-07-11T17:00:32.055+0000] {subprocess.py:93} INFO - [0m17:00:32  Done. PASS=3 WARN=0 ERROR=2 SKIP=1 NO-OP=0 TOTAL=6
[2026-07-11T17:00:33.667+0000] {subprocess.py:97} INFO - Command exited with return code 1
[2026-07-11T17:00:33.669+0000] {taskinstance.py:441} INFO - ::group::Post task execution logs
[2026-07-11T17:00:33.685+0000] {taskinstance.py:2905} ERROR - Task failed with exception
Traceback (most recent call last):
  File "/home/airflow/.local/lib/python3.12/site-packages/airflow/models/taskinstance.py", line 465, in _execute_task
    result = _execute_callable(context=context, **execute_callable_kwargs)
             ^^^^^^^^^^^^^^^^^^^^^^^^^^^^^^^^^^^^^^^^^^^^^^^^^^^^^^^^^^^^^
  File "/home/airflow/.local/lib/python3.12/site-packages/airflow/models/taskinstance.py", line 432, in _execute_callable
    return execute_callable(context=context, **execute_callable_kwargs)
           ^^^^^^^^^^^^^^^^^^^^^^^^^^^^^^^^^^^^^^^^^^^^^^^^^^^^^^^^^^^^
  File "/home/airflow/.local/lib/python3.12/site-packages/airflow/models/baseoperator.py", line 400, in wrapper
    return func(self, *args, **kwargs)
           ^^^^^^^^^^^^^^^^^^^^^^^^^^^
  File "/home/airflow/.local/lib/python3.12/site-packages/airflow/operators/bash.py", line 243, in execute
    raise AirflowException(
airflow.exceptions.AirflowException: Bash command failed. The command returned a non-zero exit code 1.
[2026-07-11T17:00:33.695+0000] {taskinstance.py:1206} INFO - Marking task as UP_FOR_RETRY. dag_id=gold_dbt_dag, task_id=trigger_dbt_build, run_id=dataset_triggered__2026-07-11T17:00:16.553709+00:00, execution_date=20260711T170016, start_date=20260711T170022, end_date=20260711T170033
[2026-07-11T17:00:33.721+0000] {standard_task_runner.py:110} ERROR - Failed to execute job 20 for task trigger_dbt_build (Bash command failed. The command returned a non-zero exit code 1.; 4132)
[2026-07-11T17:00:33.748+0000] {local_task_job_runner.py:240} INFO - Task exited with return code 1
[2026-07-11T17:00:33.765+0000] {taskinstance.py:3498} INFO - 0 downstream tasks scheduled from follow-on schedule check
[2026-07-11T17:00:33.768+0000] {local_task_job_runner.py:222} INFO - ::endgroup::
