[2026-07-09T00:03:21.538+0000] {local_task_job_runner.py:120} INFO - ::group::Pre task execution logs
[2026-07-09T00:03:21.564+0000] {taskinstance.py:2076} INFO - Dependencies all met for dep_context=non-requeueable deps ti=<TaskInstance: gold_dbt_dag.trigger_dbt_build dataset_triggered__2026-07-09T00:01:05.385622+00:00 [queued]>
[2026-07-09T00:03:21.567+0000] {taskinstance.py:2076} INFO - Dependencies all met for dep_context=requeueable deps ti=<TaskInstance: gold_dbt_dag.trigger_dbt_build dataset_triggered__2026-07-09T00:01:05.385622+00:00 [queued]>
[2026-07-09T00:03:21.567+0000] {taskinstance.py:2306} INFO - Starting attempt 2 of 2
[2026-07-09T00:03:21.572+0000] {taskinstance.py:2330} INFO - Executing <Task(BashOperator): trigger_dbt_build> on 2026-07-09 00:01:05.385622+00:00
[2026-07-09T00:03:21.576+0000] {standard_task_runner.py:90} INFO - Running: ['***', 'tasks', 'run', 'gold_dbt_dag', 'trigger_dbt_build', 'dataset_triggered__2026-07-09T00:01:05.385622+00:00', '--job-id', '1214', '--raw', '--subdir', 'DAGS_FOLDER/dag_gold_dbt.py', '--cfg-path', '/tmp/tmp9a_x_bdq']
[2026-07-09T00:03:21.579+0000] {standard_task_runner.py:91} INFO - Job 1214: Subtask trigger_dbt_build
[2026-07-09T00:03:21.579+0000] {logging_mixin.py:188} WARNING - /home/***/.local/lib/python3.12/site-packages/***/task/task_runner/standard_task_runner.py:61 DeprecationWarning: This process (pid=40870) is multi-threaded, use of fork() may lead to deadlocks in the child.
[2026-07-09T00:03:21.580+0000] {standard_task_runner.py:63} INFO - Started process 40871 to run task
[2026-07-09T00:03:21.605+0000] {task_command.py:426} INFO - Running <TaskInstance: gold_dbt_dag.trigger_dbt_build dataset_triggered__2026-07-09T00:01:05.385622+00:00 [running]> on host bd23e89d97be
[2026-07-09T00:03:21.654+0000] {taskinstance.py:2648} INFO - Exporting env vars: AIRFLOW_CTX_DAG_OWNER='data_engineer' AIRFLOW_CTX_DAG_ID='gold_dbt_dag' AIRFLOW_CTX_TASK_ID='trigger_dbt_build' AIRFLOW_CTX_EXECUTION_DATE='2026-07-09T00:01:05.385622+00:00' AIRFLOW_CTX_TRY_NUMBER='2' AIRFLOW_CTX_DAG_RUN_ID='dataset_triggered__2026-07-09T00:01:05.385622+00:00'
[2026-07-09T00:03:21.655+0000] {taskinstance.py:430} INFO - ::endgroup::
[2026-07-09T00:03:21.667+0000] {subprocess.py:63} INFO - Tmp dir root location: /tmp
[2026-07-09T00:03:21.669+0000] {subprocess.py:75} INFO - Running command: ['/usr/bin/bash', '-c', 'cd /opt/***/dbt && dbt build --profiles-dir . --target dev']
[2026-07-09T00:03:21.674+0000] {subprocess.py:86} INFO - Output:
[2026-07-09T00:03:22.798+0000] {subprocess.py:93} INFO - [0m00:03:22  Running with dbt=1.11.11
[2026-07-09T00:03:23.431+0000] {subprocess.py:93} INFO - [0m00:03:23  Registered adapter: bigquery=1.11.3
[2026-07-09T00:03:23.647+0000] {subprocess.py:93} INFO - [0m00:03:23  Found 6 models, 4 sources, 553 macros
[2026-07-09T00:03:23.648+0000] {subprocess.py:93} INFO - [0m00:03:23
[2026-07-09T00:03:23.649+0000] {subprocess.py:93} INFO - [0m00:03:23  Concurrency: 4 threads (target='dev')
[2026-07-09T00:03:23.649+0000] {subprocess.py:93} INFO - [0m00:03:23
[2026-07-09T00:20:53.775+0000] {subprocess.py:93} INFO - [0m00:20:53  1 of 6 START sql table model logistics_mart.dim_drivers ........................ [RUN]
[2026-07-09T00:20:53.779+0000] {subprocess.py:93} INFO - [0m00:20:53  2 of 6 START sql table model logistics_mart.dim_hubs ........................... [RUN]
[2026-07-09T00:20:53.780+0000] {subprocess.py:93} INFO - [0m00:20:53  3 of 6 START sql view model logistics_mart.stg_shipments ....................... [RUN]
[2026-07-09T00:20:53.780+0000] {subprocess.py:93} INFO - [0m00:20:53  4 of 6 START sql view model logistics_mart.stg_weather ......................... [RUN]
[2026-07-09T00:20:55.856+0000] {subprocess.py:93} INFO - [0m00:20:55  4 of 6 OK created sql view model logistics_mart.stg_weather .................... [[32mCREATE VIEW (0 processed)[0m in 2.07s]
[2026-07-09T00:20:55.858+0000] {subprocess.py:93} INFO - [0m00:20:55  5 of 6 START sql view model logistics_mart.stg_weather_consensus ............... [RUN]
[2026-07-09T00:20:56.171+0000] {subprocess.py:93} INFO - [0m00:20:56  3 of 6 OK created sql view model logistics_mart.stg_shipments .................. [[32mCREATE VIEW (0 processed)[0m in 2.39s]
[2026-07-09T00:20:57.192+0000] {subprocess.py:93} INFO - [0m00:20:57  BigQuery adapter: https://console.cloud.google.com/bigquery?project=logistics-500519&j=bq:US:58ae33f2-fea3-4b9b-b35d-b148766e5c83&page=queryresults
[2026-07-09T00:20:57.193+0000] {subprocess.py:93} INFO - [0m00:20:57  2 of 6 OK created sql table model logistics_mart.dim_hubs ...................... [[32mCREATE TABLE (3.0 rows, 149.0 Bytes processed)[0m in 3.41s]
[2026-07-09T00:20:57.194+0000] {subprocess.py:93} INFO - [0m00:20:57  1 of 6 OK created sql table model logistics_mart.dim_drivers ................... [[32mCREATE TABLE (3.0 rows, 108.0 Bytes processed)[0m in 3.41s]
[2026-07-09T00:20:57.206+0000] {subprocess.py:93} INFO - [0m00:20:57  6 of 6 START sql table model logistics_mart.fact_shipment_weather .............. [RUN]
[2026-07-09T00:20:57.220+0000] {subprocess.py:93} INFO - [0m00:20:57  5 of 6 ERROR creating sql view model logistics_mart.stg_weather_consensus ...... [[31mERROR[0m in 1.36s]
[2026-07-09T00:21:01.269+0000] {subprocess.py:93} INFO - [0m00:21:01  6 of 6 OK created sql table model logistics_mart.fact_shipment_weather ......... [[32mCREATE TABLE (1.4k rows, 90.3 KiB processed)[0m in 4.06s]
[2026-07-09T00:21:01.320+0000] {subprocess.py:93} INFO - [0m00:21:01
[2026-07-09T00:21:01.320+0000] {subprocess.py:93} INFO - [0m00:21:01  Finished running 3 table models, 3 view models in 0 hours 17 minutes and 37.67 seconds (1057.67s).
[2026-07-09T00:21:01.355+0000] {subprocess.py:93} INFO - [0m00:21:01
[2026-07-09T00:21:01.355+0000] {subprocess.py:93} INFO - [0m00:21:01  [31mCompleted with 1 error, 0 partial successes, and 0 warnings:[0m
[2026-07-09T00:21:01.356+0000] {subprocess.py:93} INFO - [0m00:21:01
[2026-07-09T00:21:01.356+0000] {subprocess.py:93} INFO - [0m00:21:01  [31mFailure in model stg_weather_consensus (models/staging/stg_weather_consensus.sql)[0m
[2026-07-09T00:21:01.356+0000] {subprocess.py:93} INFO - [0m00:21:01    Database Error in model stg_weather_consensus (models/staging/stg_weather_consensus.sql)
[2026-07-09T00:21:01.357+0000] {subprocess.py:93} INFO -   Unrecognized name: fetched_at at [11:11]
[2026-07-09T00:21:01.357+0000] {subprocess.py:93} INFO -   compiled code at target/run/logistics_lakehouse/models/staging/stg_weather_consensus.sql
[2026-07-09T00:21:01.357+0000] {subprocess.py:93} INFO - [0m00:21:01
[2026-07-09T00:21:01.357+0000] {subprocess.py:93} INFO - [0m00:21:01    compiled code at target/compiled/logistics_lakehouse/models/staging/stg_weather_consensus.sql
[2026-07-09T00:21:01.358+0000] {subprocess.py:93} INFO - [0m00:21:01
[2026-07-09T00:21:01.358+0000] {subprocess.py:93} INFO - [0m00:21:01  Done. PASS=5 WARN=0 ERROR=1 SKIP=0 NO-OP=0 TOTAL=6
[2026-07-09T00:21:03.531+0000] {subprocess.py:97} INFO - Command exited with return code 1
[2026-07-09T00:21:03.532+0000] {taskinstance.py:441} INFO - ::group::Post task execution logs
[2026-07-09T00:21:03.552+0000] {taskinstance.py:2905} ERROR - Task failed with exception
Traceback (most recent call last):
  File "/home/airflow/.local/lib/python3.12/site-packages/airflow/models/taskinstance.py", line 465, in _execute_task
    result = _execute_callable(context=context, **execute_callable_kwargs)
             ^^^^^^^^^^^^^^^^^^^^^^^^^^^^^^^^^^^^^^^^^^^^^^^^^^^^^^^^^^^^^
  File "/home/airflow/.local/lib/python3.12/site-packages/airflow/models/taskinstance.py", line 432, in _execute_callable
    return execute_callable(context=context, **execute_callable_kwargs)
           ^^^^^^^^^^^^^^^^^^^^^^^^^^^^^^^^^^^^^^^^^^^^^^^^^^^^^^^^^^^^
  File "/home/airflow/.local/lib/python3.12/site-packages/airflow/models/baseoperator.py", line 400, in wrapper
    return func(self, *args, **kwargs)
           ^^^^^^^^^^^^^^^^^^^^^^^^^^^
  File "/home/airflow/.local/lib/python3.12/site-packages/airflow/operators/bash.py", line 243, in execute
    raise AirflowException(
airflow.exceptions.AirflowException: Bash command failed. The command returned a non-zero exit code 1.
[2026-07-09T00:21:03.558+0000] {taskinstance.py:1206} INFO - Marking task as FAILED. dag_id=gold_dbt_dag, task_id=trigger_dbt_build, run_id=dataset_triggered__2026-07-09T00:01:05.385622+00:00, execution_date=20260709T000105, start_date=20260709T000321, end_date=20260709T002103
[2026-07-09T00:21:03.570+0000] {standard_task_runner.py:110} ERROR - Failed to execute job 1214 for task trigger_dbt_build (Bash command failed. The command returned a non-zero exit code 1.; 40871)
[2026-07-09T00:21:03.613+0000] {local_task_job_runner.py:240} INFO - Task exited with return code 1
[2026-07-09T00:21:03.633+0000] {taskinstance.py:3498} INFO - 0 downstream tasks scheduled from follow-on schedule check
[2026-07-09T00:21:03.634+0000] {local_task_job_runner.py:222} INFO - ::endgroup::
