[2026-07-09T14:00:39.247+0000] {local_task_job_runner.py:120} INFO - ::group::Pre task execution logs
[2026-07-09T14:00:39.274+0000] {taskinstance.py:2076} INFO - Dependencies all met for dep_context=non-requeueable deps ti=<TaskInstance: gold_dbt_dag.trigger_dbt_build dataset_triggered__2026-07-09T13:00:35.505989+00:00 [queued]>
[2026-07-09T14:00:39.280+0000] {taskinstance.py:2076} INFO - Dependencies all met for dep_context=requeueable deps ti=<TaskInstance: gold_dbt_dag.trigger_dbt_build dataset_triggered__2026-07-09T13:00:35.505989+00:00 [queued]>
[2026-07-09T14:00:39.280+0000] {taskinstance.py:2306} INFO - Starting attempt 2 of 2
[2026-07-09T14:00:39.290+0000] {taskinstance.py:2330} INFO - Executing <Task(BashOperator): trigger_dbt_build> on 2026-07-09 13:00:35.505989+00:00
[2026-07-09T14:00:39.294+0000] {standard_task_runner.py:90} INFO - Running: ['***', 'tasks', 'run', 'gold_dbt_dag', 'trigger_dbt_build', 'dataset_triggered__2026-07-09T13:00:35.505989+00:00', '--job-id', '1304', '--raw', '--subdir', 'DAGS_FOLDER/dag_gold_dbt.py', '--cfg-path', '/tmp/tmp7doe59qd']
[2026-07-09T14:00:39.299+0000] {standard_task_runner.py:91} INFO - Job 1304: Subtask trigger_dbt_build
[2026-07-09T14:00:39.300+0000] {logging_mixin.py:188} WARNING - /home/***/.local/lib/python3.12/site-packages/***/task/task_runner/standard_task_runner.py:61 DeprecationWarning: This process (pid=73291) is multi-threaded, use of fork() may lead to deadlocks in the child.
[2026-07-09T14:00:39.301+0000] {standard_task_runner.py:63} INFO - Started process 73294 to run task
[2026-07-09T14:00:39.323+0000] {task_command.py:426} INFO - Running <TaskInstance: gold_dbt_dag.trigger_dbt_build dataset_triggered__2026-07-09T13:00:35.505989+00:00 [running]> on host bd23e89d97be
[2026-07-09T14:00:39.360+0000] {taskinstance.py:2648} INFO - Exporting env vars: AIRFLOW_CTX_DAG_OWNER='data_engineer' AIRFLOW_CTX_DAG_ID='gold_dbt_dag' AIRFLOW_CTX_TASK_ID='trigger_dbt_build' AIRFLOW_CTX_EXECUTION_DATE='2026-07-09T13:00:35.505989+00:00' AIRFLOW_CTX_TRY_NUMBER='2' AIRFLOW_CTX_DAG_RUN_ID='dataset_triggered__2026-07-09T13:00:35.505989+00:00'
[2026-07-09T14:00:39.360+0000] {taskinstance.py:430} INFO - ::endgroup::
[2026-07-09T14:00:39.367+0000] {subprocess.py:63} INFO - Tmp dir root location: /tmp
[2026-07-09T14:00:39.371+0000] {subprocess.py:75} INFO - Running command: ['/usr/bin/bash', '-c', 'cd /opt/***/dbt && dbt build --profiles-dir . --target dev']
[2026-07-09T14:00:39.375+0000] {subprocess.py:86} INFO - Output:
[2026-07-09T14:00:40.896+0000] {subprocess.py:93} INFO - [0m14:00:40  Running with dbt=1.11.11
[2026-07-09T14:00:41.684+0000] {subprocess.py:93} INFO - [0m14:00:41  Registered adapter: bigquery=1.11.3
[2026-07-09T14:00:41.979+0000] {subprocess.py:93} INFO - [0m14:00:41  Found 6 models, 4 sources, 553 macros
[2026-07-09T14:00:41.981+0000] {subprocess.py:93} INFO - [0m14:00:41
[2026-07-09T14:00:41.981+0000] {subprocess.py:93} INFO - [0m14:00:41  Concurrency: 4 threads (target='dev')
[2026-07-09T14:00:41.982+0000] {subprocess.py:93} INFO - [0m14:00:41
[2026-07-09T14:00:43.540+0000] {subprocess.py:93} INFO - [0m14:00:43  1 of 6 START sql table model logistics_mart.dim_drivers ........................ [RUN]
[2026-07-09T14:00:43.542+0000] {subprocess.py:93} INFO - [0m14:00:43  2 of 6 START sql table model logistics_mart.dim_hubs ........................... [RUN]
[2026-07-09T14:00:43.543+0000] {subprocess.py:93} INFO - [0m14:00:43  3 of 6 START sql view model logistics_mart.stg_shipments ....................... [RUN]
[2026-07-09T14:00:43.543+0000] {subprocess.py:93} INFO - [0m14:00:43  4 of 6 START sql view model logistics_mart.stg_weather ......................... [RUN]
[2026-07-09T14:00:45.620+0000] {subprocess.py:93} INFO - [0m14:00:45  3 of 6 OK created sql view model logistics_mart.stg_shipments .................. [[32mCREATE VIEW (0 processed)[0m in 2.07s]
[2026-07-09T14:00:45.622+0000] {subprocess.py:93} INFO - [0m14:00:45  5 of 6 START sql view model logistics_mart.stg_weather_consensus ............... [RUN]
[2026-07-09T14:00:45.674+0000] {subprocess.py:93} INFO - [0m14:00:45  4 of 6 OK created sql view model logistics_mart.stg_weather .................... [[32mCREATE VIEW (0 processed)[0m in 2.13s]
[2026-07-09T14:00:46.990+0000] {subprocess.py:93} INFO - [0m14:00:46  BigQuery adapter: https://console.cloud.google.com/bigquery?project=logistics-500519&j=bq:US:885d896c-ba89-4f16-a146-23bc6f7e568e&page=queryresults
[2026-07-09T14:00:46.998+0000] {subprocess.py:93} INFO - [0m14:00:46  5 of 6 ERROR creating sql view model logistics_mart.stg_weather_consensus ...... [[31mERROR[0m in 1.37s]
[2026-07-09T14:00:47.648+0000] {subprocess.py:93} INFO - [0m14:00:47  1 of 6 OK created sql table model logistics_mart.dim_drivers ................... [[32mCREATE TABLE (3.0 rows, 108.0 Bytes processed)[0m in 4.10s]
[2026-07-09T14:00:47.859+0000] {subprocess.py:93} INFO - [0m14:00:47  2 of 6 OK created sql table model logistics_mart.dim_hubs ...................... [[32mCREATE TABLE (3.0 rows, 149.0 Bytes processed)[0m in 4.31s]
[2026-07-09T14:00:47.869+0000] {subprocess.py:93} INFO - [0m14:00:47  6 of 6 START sql table model logistics_mart.fact_shipment_weather .............. [RUN]
[2026-07-09T14:00:52.371+0000] {subprocess.py:93} INFO - [0m14:00:52  6 of 6 OK created sql table model logistics_mart.fact_shipment_weather ......... [[32mCREATE TABLE (1.5k rows, 96.8 KiB processed)[0m in 4.50s]
[2026-07-09T14:00:52.416+0000] {subprocess.py:93} INFO - [0m14:00:52
[2026-07-09T14:00:52.416+0000] {subprocess.py:93} INFO - [0m14:00:52  Finished running 3 table models, 3 view models in 0 hours 0 minutes and 10.43 seconds (10.43s).
[2026-07-09T14:00:52.466+0000] {subprocess.py:93} INFO - [0m14:00:52
[2026-07-09T14:00:52.467+0000] {subprocess.py:93} INFO - [0m14:00:52  [31mCompleted with 1 error, 0 partial successes, and 0 warnings:[0m
[2026-07-09T14:00:52.467+0000] {subprocess.py:93} INFO - [0m14:00:52
[2026-07-09T14:00:52.468+0000] {subprocess.py:93} INFO - [0m14:00:52  [31mFailure in model stg_weather_consensus (models/staging/stg_weather_consensus.sql)[0m
[2026-07-09T14:00:52.468+0000] {subprocess.py:93} INFO - [0m14:00:52    Database Error in model stg_weather_consensus (models/staging/stg_weather_consensus.sql)
[2026-07-09T14:00:52.468+0000] {subprocess.py:93} INFO -   Unrecognized name: fetched_at at [11:11]
[2026-07-09T14:00:52.469+0000] {subprocess.py:93} INFO -   compiled code at target/run/logistics_lakehouse/models/staging/stg_weather_consensus.sql
[2026-07-09T14:00:52.469+0000] {subprocess.py:93} INFO - [0m14:00:52
[2026-07-09T14:00:52.469+0000] {subprocess.py:93} INFO - [0m14:00:52    compiled code at target/compiled/logistics_lakehouse/models/staging/stg_weather_consensus.sql
[2026-07-09T14:00:52.469+0000] {subprocess.py:93} INFO - [0m14:00:52
[2026-07-09T14:00:52.470+0000] {subprocess.py:93} INFO - [0m14:00:52  Done. PASS=5 WARN=0 ERROR=1 SKIP=0 NO-OP=0 TOTAL=6
[2026-07-09T14:00:54.704+0000] {subprocess.py:97} INFO - Command exited with return code 1
[2026-07-09T14:00:54.706+0000] {taskinstance.py:441} INFO - ::group::Post task execution logs
[2026-07-09T14:00:54.720+0000] {taskinstance.py:2905} ERROR - Task failed with exception
Traceback (most recent call last):
  File "/home/airflow/.local/lib/python3.12/site-packages/airflow/models/taskinstance.py", line 465, in _execute_task
    result = _execute_callable(context=context, **execute_callable_kwargs)
             ^^^^^^^^^^^^^^^^^^^^^^^^^^^^^^^^^^^^^^^^^^^^^^^^^^^^^^^^^^^^^
  File "/home/airflow/.local/lib/python3.12/site-packages/airflow/models/taskinstance.py", line 432, in _execute_callable
    return execute_callable(context=context, **execute_callable_kwargs)
           ^^^^^^^^^^^^^^^^^^^^^^^^^^^^^^^^^^^^^^^^^^^^^^^^^^^^^^^^^^^^
  File "/home/airflow/.local/lib/python3.12/site-packages/airflow/models/baseoperator.py", line 400, in wrapper
    return func(self, *args, **kwargs)
           ^^^^^^^^^^^^^^^^^^^^^^^^^^^
  File "/home/airflow/.local/lib/python3.12/site-packages/airflow/operators/bash.py", line 243, in execute
    raise AirflowException(
airflow.exceptions.AirflowException: Bash command failed. The command returned a non-zero exit code 1.
[2026-07-09T14:00:54.723+0000] {taskinstance.py:1206} INFO - Marking task as FAILED. dag_id=gold_dbt_dag, task_id=trigger_dbt_build, run_id=dataset_triggered__2026-07-09T13:00:35.505989+00:00, execution_date=20260709T130035, start_date=20260709T140039, end_date=20260709T140054
[2026-07-09T14:00:54.734+0000] {standard_task_runner.py:110} ERROR - Failed to execute job 1304 for task trigger_dbt_build (Bash command failed. The command returned a non-zero exit code 1.; 73294)
[2026-07-09T14:00:54.746+0000] {local_task_job_runner.py:240} INFO - Task exited with return code 1
[2026-07-09T14:00:54.763+0000] {taskinstance.py:3498} INFO - 0 downstream tasks scheduled from follow-on schedule check
[2026-07-09T14:00:54.764+0000] {local_task_job_runner.py:222} INFO - ::endgroup::
