[2026-07-09T13:00:36.088+0000] {local_task_job_runner.py:120} INFO - ::group::Pre task execution logs
[2026-07-09T13:00:36.113+0000] {taskinstance.py:2076} INFO - Dependencies all met for dep_context=non-requeueable deps ti=<TaskInstance: gold_dbt_dag.trigger_dbt_build dataset_triggered__2026-07-09T13:00:35.505989+00:00 [queued]>
[2026-07-09T13:00:36.117+0000] {taskinstance.py:2076} INFO - Dependencies all met for dep_context=requeueable deps ti=<TaskInstance: gold_dbt_dag.trigger_dbt_build dataset_triggered__2026-07-09T13:00:35.505989+00:00 [queued]>
[2026-07-09T13:00:36.117+0000] {taskinstance.py:2306} INFO - Starting attempt 1 of 2
[2026-07-09T13:00:36.122+0000] {taskinstance.py:2330} INFO - Executing <Task(BashOperator): trigger_dbt_build> on 2026-07-09 13:00:35.505989+00:00
[2026-07-09T13:00:36.125+0000] {standard_task_runner.py:90} INFO - Running: ['***', 'tasks', 'run', 'gold_dbt_dag', 'trigger_dbt_build', 'dataset_triggered__2026-07-09T13:00:35.505989+00:00', '--job-id', '1303', '--raw', '--subdir', 'DAGS_FOLDER/dag_gold_dbt.py', '--cfg-path', '/tmp/tmp0ady0q87']
[2026-07-09T13:00:36.127+0000] {standard_task_runner.py:91} INFO - Job 1303: Subtask trigger_dbt_build
[2026-07-09T13:00:36.129+0000] {logging_mixin.py:188} WARNING - /home/***/.local/lib/python3.12/site-packages/***/task/task_runner/standard_task_runner.py:61 DeprecationWarning: This process (pid=72996) is multi-threaded, use of fork() may lead to deadlocks in the child.
[2026-07-09T13:00:36.129+0000] {standard_task_runner.py:63} INFO - Started process 72997 to run task
[2026-07-09T13:00:36.152+0000] {task_command.py:426} INFO - Running <TaskInstance: gold_dbt_dag.trigger_dbt_build dataset_triggered__2026-07-09T13:00:35.505989+00:00 [running]> on host bd23e89d97be
[2026-07-09T13:00:36.194+0000] {taskinstance.py:2648} INFO - Exporting env vars: AIRFLOW_CTX_DAG_OWNER='data_engineer' AIRFLOW_CTX_DAG_ID='gold_dbt_dag' AIRFLOW_CTX_TASK_ID='trigger_dbt_build' AIRFLOW_CTX_EXECUTION_DATE='2026-07-09T13:00:35.505989+00:00' AIRFLOW_CTX_TRY_NUMBER='1' AIRFLOW_CTX_DAG_RUN_ID='dataset_triggered__2026-07-09T13:00:35.505989+00:00'
[2026-07-09T13:00:36.194+0000] {taskinstance.py:430} INFO - ::endgroup::
[2026-07-09T13:00:36.202+0000] {subprocess.py:63} INFO - Tmp dir root location: /tmp
[2026-07-09T13:00:36.205+0000] {subprocess.py:75} INFO - Running command: ['/usr/bin/bash', '-c', 'cd /opt/***/dbt && dbt build --profiles-dir . --target dev']
[2026-07-09T13:00:36.210+0000] {subprocess.py:86} INFO - Output:
[2026-07-09T13:00:37.219+0000] {subprocess.py:93} INFO - [0m13:00:37  Running with dbt=1.11.11
[2026-07-09T13:00:37.703+0000] {subprocess.py:93} INFO - [0m13:00:37  Registered adapter: bigquery=1.11.3
[2026-07-09T13:00:37.911+0000] {subprocess.py:93} INFO - [0m13:00:37  Found 6 models, 4 sources, 553 macros
[2026-07-09T13:00:37.912+0000] {subprocess.py:93} INFO - [0m13:00:37
[2026-07-09T13:00:37.912+0000] {subprocess.py:93} INFO - [0m13:00:37  Concurrency: 4 threads (target='dev')
[2026-07-09T13:00:37.913+0000] {subprocess.py:93} INFO - [0m13:00:37
[2026-07-09T13:00:39.637+0000] {subprocess.py:93} INFO - [0m13:00:39  1 of 6 START sql table model logistics_mart.dim_drivers ........................ [RUN]
[2026-07-09T13:00:39.638+0000] {subprocess.py:93} INFO - [0m13:00:39  2 of 6 START sql table model logistics_mart.dim_hubs ........................... [RUN]
[2026-07-09T13:00:39.638+0000] {subprocess.py:93} INFO - [0m13:00:39  3 of 6 START sql view model logistics_mart.stg_shipments ....................... [RUN]
[2026-07-09T13:00:39.638+0000] {subprocess.py:93} INFO - [0m13:00:39  4 of 6 START sql view model logistics_mart.stg_weather ......................... [RUN]
[2026-07-09T13:00:42.286+0000] {subprocess.py:93} INFO - [0m13:00:42  3 of 6 OK created sql view model logistics_mart.stg_shipments .................. [[32mCREATE VIEW (0 processed)[0m in 2.64s]
[2026-07-09T13:00:42.288+0000] {subprocess.py:93} INFO - [0m13:00:42  5 of 6 START sql view model logistics_mart.stg_weather_consensus ............... [RUN]
[2026-07-09T13:00:42.328+0000] {subprocess.py:93} INFO - [0m13:00:42  4 of 6 OK created sql view model logistics_mart.stg_weather .................... [[32mCREATE VIEW (0 processed)[0m in 2.69s]
[2026-07-09T13:00:43.936+0000] {subprocess.py:93} INFO - [0m13:00:43  BigQuery adapter: https://console.cloud.google.com/bigquery?project=logistics-500519&j=bq:US:290a0000-bf1a-4726-a3e5-4e30a4b80d47&page=queryresults
[2026-07-09T13:00:43.950+0000] {subprocess.py:93} INFO - [0m13:00:43  5 of 6 ERROR creating sql view model logistics_mart.stg_weather_consensus ...... [[31mERROR[0m in 1.66s]
[2026-07-09T13:00:44.654+0000] {subprocess.py:93} INFO - [0m13:00:44  1 of 6 OK created sql table model logistics_mart.dim_drivers ................... [[32mCREATE TABLE (3.0 rows, 108.0 Bytes processed)[0m in 5.01s]
[2026-07-09T13:00:44.710+0000] {subprocess.py:93} INFO - [0m13:00:44  2 of 6 OK created sql table model logistics_mart.dim_hubs ...................... [[32mCREATE TABLE (3.0 rows, 149.0 Bytes processed)[0m in 5.07s]
[2026-07-09T13:00:44.713+0000] {subprocess.py:93} INFO - [0m13:00:44  6 of 6 START sql table model logistics_mart.fact_shipment_weather .............. [RUN]
[2026-07-09T13:44:36.487+0000] {subprocess.py:93} INFO - [0m13:44:36  6 of 6 ERROR creating sql table model logistics_mart.fact_shipment_weather ..... [[31mERROR[0m in 2631.76s]
[2026-07-09T13:44:36.539+0000] {subprocess.py:93} INFO - [0m13:44:36
[2026-07-09T13:44:36.540+0000] {subprocess.py:93} INFO - [0m13:44:36  Finished running 3 table models, 3 view models in 0 hours 43 minutes and 58.62 seconds (2638.62s).
[2026-07-09T13:44:36.641+0000] {subprocess.py:93} INFO - [0m13:44:36
[2026-07-09T13:44:36.641+0000] {subprocess.py:93} INFO - [0m13:44:36  [31mCompleted with 2 errors, 0 partial successes, and 0 warnings:[0m
[2026-07-09T13:44:36.642+0000] {subprocess.py:93} INFO - [0m13:44:36
[2026-07-09T13:44:36.642+0000] {subprocess.py:93} INFO - [0m13:44:36  [31mFailure in model stg_weather_consensus (models/staging/stg_weather_consensus.sql)[0m
[2026-07-09T13:44:36.643+0000] {subprocess.py:93} INFO - [0m13:44:36    Database Error in model stg_weather_consensus (models/staging/stg_weather_consensus.sql)
[2026-07-09T13:44:36.643+0000] {subprocess.py:93} INFO -   Unrecognized name: fetched_at at [11:11]
[2026-07-09T13:44:36.643+0000] {subprocess.py:93} INFO -   compiled code at target/run/logistics_lakehouse/models/staging/stg_weather_consensus.sql
[2026-07-09T13:44:36.643+0000] {subprocess.py:93} INFO - [0m13:44:36
[2026-07-09T13:44:36.643+0000] {subprocess.py:93} INFO - [0m13:44:36    compiled code at target/compiled/logistics_lakehouse/models/staging/stg_weather_consensus.sql
[2026-07-09T13:44:36.644+0000] {subprocess.py:93} INFO - [0m13:44:36
[2026-07-09T13:44:36.644+0000] {subprocess.py:93} INFO - [0m13:44:36  [31mFailure in model fact_shipment_weather (models/mart/fact_shipment_weather.sql)[0m
[2026-07-09T13:44:36.645+0000] {subprocess.py:93} INFO - [0m13:44:36    Database Error in model fact_shipment_weather (models/mart/fact_shipment_weather.sql)
[2026-07-09T13:44:36.645+0000] {subprocess.py:93} INFO -   ('Connection aborted.', RemoteDisconnected('Remote end closed connection without response'))
[2026-07-09T13:44:36.645+0000] {subprocess.py:93} INFO -   compiled code at target/run/logistics_lakehouse/models/mart/fact_shipment_weather.sql
[2026-07-09T13:44:36.645+0000] {subprocess.py:93} INFO - [0m13:44:36
[2026-07-09T13:44:36.646+0000] {subprocess.py:93} INFO - [0m13:44:36    compiled code at target/compiled/logistics_lakehouse/models/mart/fact_shipment_weather.sql
[2026-07-09T13:44:36.646+0000] {subprocess.py:93} INFO - [0m13:44:36
[2026-07-09T13:44:36.646+0000] {subprocess.py:93} INFO - [0m13:44:36  Done. PASS=4 WARN=0 ERROR=2 SKIP=0 NO-OP=0 TOTAL=6
[2026-07-09T13:44:38.977+0000] {subprocess.py:97} INFO - Command exited with return code 1
[2026-07-09T13:44:38.981+0000] {taskinstance.py:441} INFO - ::group::Post task execution logs
[2026-07-09T13:44:39.008+0000] {taskinstance.py:2905} ERROR - Task failed with exception
Traceback (most recent call last):
  File "/home/airflow/.local/lib/python3.12/site-packages/airflow/models/taskinstance.py", line 465, in _execute_task
    result = _execute_callable(context=context, **execute_callable_kwargs)
             ^^^^^^^^^^^^^^^^^^^^^^^^^^^^^^^^^^^^^^^^^^^^^^^^^^^^^^^^^^^^^
  File "/home/airflow/.local/lib/python3.12/site-packages/airflow/models/taskinstance.py", line 432, in _execute_callable
    return execute_callable(context=context, **execute_callable_kwargs)
           ^^^^^^^^^^^^^^^^^^^^^^^^^^^^^^^^^^^^^^^^^^^^^^^^^^^^^^^^^^^^
  File "/home/airflow/.local/lib/python3.12/site-packages/airflow/models/baseoperator.py", line 400, in wrapper
    return func(self, *args, **kwargs)
           ^^^^^^^^^^^^^^^^^^^^^^^^^^^
  File "/home/airflow/.local/lib/python3.12/site-packages/airflow/operators/bash.py", line 243, in execute
    raise AirflowException(
airflow.exceptions.AirflowException: Bash command failed. The command returned a non-zero exit code 1.
[2026-07-09T13:44:39.015+0000] {taskinstance.py:1206} INFO - Marking task as UP_FOR_RETRY. dag_id=gold_dbt_dag, task_id=trigger_dbt_build, run_id=dataset_triggered__2026-07-09T13:00:35.505989+00:00, execution_date=20260709T130035, start_date=20260709T130036, end_date=20260709T134439
[2026-07-09T13:44:39.037+0000] {standard_task_runner.py:110} ERROR - Failed to execute job 1303 for task trigger_dbt_build (Bash command failed. The command returned a non-zero exit code 1.; 72997)
[2026-07-09T13:44:39.077+0000] {local_task_job_runner.py:240} INFO - Task exited with return code 1
[2026-07-09T13:44:39.096+0000] {taskinstance.py:3498} INFO - 0 downstream tasks scheduled from follow-on schedule check
[2026-07-09T13:44:39.097+0000] {local_task_job_runner.py:222} INFO - ::endgroup::
