[2026-07-06T19:02:48.189+0000] {local_task_job_runner.py:120} INFO - ::group::Pre task execution logs
[2026-07-06T19:02:48.416+0000] {taskinstance.py:2076} INFO - Dependencies all met for dep_context=non-requeueable deps ti=<TaskInstance: gold_dbt_dag.trigger_dbt_build dataset_triggered__2026-07-06T19:02:45.937786+00:00 [queued]>
[2026-07-06T19:02:48.457+0000] {taskinstance.py:2076} INFO - Dependencies all met for dep_context=requeueable deps ti=<TaskInstance: gold_dbt_dag.trigger_dbt_build dataset_triggered__2026-07-06T19:02:45.937786+00:00 [queued]>
[2026-07-06T19:02:48.462+0000] {taskinstance.py:2306} INFO - Starting attempt 1 of 2
[2026-07-06T19:02:48.565+0000] {taskinstance.py:2330} INFO - Executing <Task(BashOperator): trigger_dbt_build> on 2026-07-06 19:02:45.937786+00:00
[2026-07-06T19:02:48.797+0000] {logging_mixin.py:188} WARNING - /home/***/.local/lib/python3.12/site-packages/***/task/task_runner/standard_task_runner.py:61 DeprecationWarning: This process (pid=2403) is multi-threaded, use of fork() may lead to deadlocks in the child.
[2026-07-06T19:02:48.810+0000] {standard_task_runner.py:63} INFO - Started process 2414 to run task
[2026-07-06T19:02:48.794+0000] {standard_task_runner.py:90} INFO - Running: ['***', 'tasks', 'run', 'gold_dbt_dag', 'trigger_dbt_build', 'dataset_triggered__2026-07-06T19:02:45.937786+00:00', '--job-id', '851', '--raw', '--subdir', 'DAGS_FOLDER/dag_gold_dbt.py', '--cfg-path', '/tmp/tmptsg0jrho']
[2026-07-06T19:02:48.816+0000] {standard_task_runner.py:91} INFO - Job 851: Subtask trigger_dbt_build
[2026-07-06T19:02:49.193+0000] {task_command.py:426} INFO - Running <TaskInstance: gold_dbt_dag.trigger_dbt_build dataset_triggered__2026-07-06T19:02:45.937786+00:00 [running]> on host bd23e89d97be
[2026-07-06T19:02:50.431+0000] {taskinstance.py:2648} INFO - Exporting env vars: AIRFLOW_CTX_DAG_OWNER='data_engineer' AIRFLOW_CTX_DAG_ID='gold_dbt_dag' AIRFLOW_CTX_TASK_ID='trigger_dbt_build' AIRFLOW_CTX_EXECUTION_DATE='2026-07-06T19:02:45.937786+00:00' AIRFLOW_CTX_TRY_NUMBER='1' AIRFLOW_CTX_DAG_RUN_ID='dataset_triggered__2026-07-06T19:02:45.937786+00:00'
[2026-07-06T19:02:50.436+0000] {taskinstance.py:430} INFO - ::endgroup::
[2026-07-06T19:02:51.046+0000] {subprocess.py:63} INFO - Tmp dir root location: /tmp
[2026-07-06T19:02:51.070+0000] {subprocess.py:75} INFO - Running command: ['/usr/bin/bash', '-c', 'cd /opt/***/dbt && dbt build --profiles-dir . --target dev']
[2026-07-06T19:02:51.160+0000] {subprocess.py:86} INFO - Output:
[2026-07-06T19:03:00.763+0000] {subprocess.py:93} INFO - [0m19:03:00  Running with dbt=1.11.11
[2026-07-06T19:03:06.856+0000] {subprocess.py:93} INFO - [0m19:03:06  Registered adapter: bigquery=1.11.3
[2026-07-06T19:03:09.842+0000] {subprocess.py:93} INFO - [0m19:03:09  Found 5 models, 4 sources, 553 macros
[2026-07-06T19:03:09.855+0000] {subprocess.py:93} INFO - [0m19:03:09
[2026-07-06T19:03:09.856+0000] {subprocess.py:93} INFO - [0m19:03:09  Concurrency: 4 threads (target='dev')
[2026-07-06T19:03:09.857+0000] {subprocess.py:93} INFO - [0m19:03:09
[2026-07-06T19:03:12.620+0000] {subprocess.py:93} INFO - [0m19:03:12  2 of 5 START sql table model logistics_mart.dim_hubs ........................... [RUN]
[2026-07-06T19:03:12.630+0000] {subprocess.py:93} INFO - [0m19:03:12  1 of 5 START sql table model logistics_mart.dim_drivers ........................ [RUN]
[2026-07-06T19:03:12.636+0000] {subprocess.py:93} INFO - [0m19:03:12  3 of 5 START sql view model logistics_mart.stg_shipments ....................... [RUN]
[2026-07-06T19:03:12.643+0000] {subprocess.py:93} INFO - [0m19:03:12  4 of 5 START sql view model logistics_mart.stg_weather ......................... [RUN]
[2026-07-06T19:03:17.105+0000] {subprocess.py:93} INFO - [0m19:03:17  4 of 5 OK created sql view model logistics_mart.stg_weather .................... [[32mCREATE VIEW (0 processed)[0m in 4.39s]
[2026-07-06T19:03:17.115+0000] {subprocess.py:93} INFO - [0m19:03:17  3 of 5 OK created sql view model logistics_mart.stg_shipments .................. [[32mCREATE VIEW (0 processed)[0m in 4.41s]
[2026-07-06T19:03:18.827+0000] {subprocess.py:93} INFO - [0m19:03:18  2 of 5 OK created sql table model logistics_mart.dim_hubs ...................... [[32mCREATE TABLE (3.0 rows, 149.0 Bytes processed)[0m in 6.16s]
[2026-07-06T19:03:18.872+0000] {subprocess.py:93} INFO - [0m19:03:18  1 of 5 OK created sql table model logistics_mart.dim_drivers ................... [[32mCREATE TABLE (3.0 rows, 108.0 Bytes processed)[0m in 6.20s]
[2026-07-06T19:03:18.882+0000] {subprocess.py:93} INFO - [0m19:03:18  5 of 5 START sql table model logistics_mart.fact_shipment_weather .............. [RUN]
[2026-07-06T19:03:27.951+0000] {subprocess.py:93} INFO - [0m19:03:27  5 of 5 OK created sql table model logistics_mart.fact_shipment_weather ......... [[32mCREATE TABLE (1.0k rows, 64.4 KiB processed)[0m in 9.03s]
[2026-07-06T19:03:28.277+0000] {subprocess.py:93} INFO - [0m19:03:28
[2026-07-06T19:03:28.281+0000] {subprocess.py:93} INFO - [0m19:03:28  Finished running 3 table models, 2 view models in 0 hours 0 minutes and 18.42 seconds (18.42s).
[2026-07-06T19:03:28.614+0000] {subprocess.py:93} INFO - [0m19:03:28
[2026-07-06T19:03:28.620+0000] {subprocess.py:93} INFO - [0m19:03:28  [32mCompleted successfully[0m
[2026-07-06T19:03:28.622+0000] {subprocess.py:93} INFO - [0m19:03:28
[2026-07-06T19:03:28.626+0000] {subprocess.py:93} INFO - [0m19:03:28  Done. PASS=5 WARN=0 ERROR=0 SKIP=0 NO-OP=0 TOTAL=5
[2026-07-06T19:03:34.943+0000] {subprocess.py:97} INFO - Command exited with return code 0
[2026-07-06T19:03:34.979+0000] {taskinstance.py:441} INFO - ::group::Post task execution logs
[2026-07-06T19:03:35.191+0000] {taskinstance.py:1206} INFO - Marking task as SUCCESS. dag_id=gold_dbt_dag, task_id=trigger_dbt_build, run_id=dataset_triggered__2026-07-06T19:02:45.937786+00:00, execution_date=20260706T190245, start_date=20260706T190248, end_date=20260706T190335
[2026-07-06T19:03:35.337+0000] {local_task_job_runner.py:240} INFO - Task exited with return code 0
[2026-07-06T19:03:35.478+0000] {taskinstance.py:3498} INFO - 0 downstream tasks scheduled from follow-on schedule check
[2026-07-06T19:03:35.484+0000] {local_task_job_runner.py:222} INFO - ::endgroup::
