[2026-07-05T00:47:49.264+0000] {local_task_job_runner.py:120} INFO - ::group::Pre task execution logs
[2026-07-05T00:47:49.286+0000] {taskinstance.py:2076} INFO - Dependencies all met for dep_context=non-requeueable deps ti=<TaskInstance: gold_dbt_dag.trigger_dbt_build dataset_triggered__2026-07-05T00:47:48.067847+00:00 [queued]>
[2026-07-05T00:47:49.290+0000] {taskinstance.py:2076} INFO - Dependencies all met for dep_context=requeueable deps ti=<TaskInstance: gold_dbt_dag.trigger_dbt_build dataset_triggered__2026-07-05T00:47:48.067847+00:00 [queued]>
[2026-07-05T00:47:49.290+0000] {taskinstance.py:2306} INFO - Starting attempt 1 of 2
[2026-07-05T00:47:49.295+0000] {taskinstance.py:2330} INFO - Executing <Task(BashOperator): trigger_dbt_build> on 2026-07-05 00:47:48.067847+00:00
[2026-07-05T00:47:49.299+0000] {standard_task_runner.py:90} INFO - Running: ['***', 'tasks', 'run', 'gold_dbt_dag', 'trigger_dbt_build', 'dataset_triggered__2026-07-05T00:47:48.067847+00:00', '--job-id', '601', '--raw', '--subdir', 'DAGS_FOLDER/dag_gold_dbt.py', '--cfg-path', '/tmp/tmp5eqgl7y_']
[2026-07-05T00:47:49.300+0000] {standard_task_runner.py:91} INFO - Job 601: Subtask trigger_dbt_build
[2026-07-05T00:47:49.300+0000] {logging_mixin.py:188} WARNING - /home/***/.local/lib/python3.12/site-packages/***/task/task_runner/standard_task_runner.py:61 DeprecationWarning: This process (pid=43249) is multi-threaded, use of fork() may lead to deadlocks in the child.
[2026-07-05T00:47:49.300+0000] {standard_task_runner.py:63} INFO - Started process 43250 to run task
[2026-07-05T00:47:49.319+0000] {task_command.py:426} INFO - Running <TaskInstance: gold_dbt_dag.trigger_dbt_build dataset_triggered__2026-07-05T00:47:48.067847+00:00 [running]> on host bd23e89d97be
[2026-07-05T00:47:49.362+0000] {taskinstance.py:2648} INFO - Exporting env vars: AIRFLOW_CTX_DAG_OWNER='data_engineer' AIRFLOW_CTX_DAG_ID='gold_dbt_dag' AIRFLOW_CTX_TASK_ID='trigger_dbt_build' AIRFLOW_CTX_EXECUTION_DATE='2026-07-05T00:47:48.067847+00:00' AIRFLOW_CTX_TRY_NUMBER='1' AIRFLOW_CTX_DAG_RUN_ID='dataset_triggered__2026-07-05T00:47:48.067847+00:00'
[2026-07-05T00:47:49.362+0000] {taskinstance.py:430} INFO - ::endgroup::
[2026-07-05T00:47:49.372+0000] {subprocess.py:63} INFO - Tmp dir root location: /tmp
[2026-07-05T00:47:49.373+0000] {subprocess.py:75} INFO - Running command: ['/usr/bin/bash', '-c', 'cd /opt/***/dbt && dbt build --profiles-dir . --target dev']
[2026-07-05T00:47:49.377+0000] {subprocess.py:86} INFO - Output:
[2026-07-05T00:47:50.667+0000] {subprocess.py:93} INFO - [0m00:47:50  Running with dbt=1.11.11
[2026-07-05T00:47:51.536+0000] {subprocess.py:93} INFO - [0m00:47:51  Registered adapter: bigquery=1.11.3
[2026-07-05T00:47:51.840+0000] {subprocess.py:93} INFO - [0m00:47:51  Found 5 models, 4 sources, 553 macros
[2026-07-05T00:47:51.841+0000] {subprocess.py:93} INFO - [0m00:47:51
[2026-07-05T00:47:51.841+0000] {subprocess.py:93} INFO - [0m00:47:51  Concurrency: 4 threads (target='dev')
[2026-07-05T00:47:51.842+0000] {subprocess.py:93} INFO - [0m00:47:51
[2026-07-05T00:47:53.686+0000] {subprocess.py:93} INFO - [0m00:47:53  1 of 5 START sql table model logistics_mart.dim_drivers ........................ [RUN]
[2026-07-05T00:47:53.687+0000] {subprocess.py:93} INFO - [0m00:47:53  2 of 5 START sql table model logistics_mart.dim_hubs ........................... [RUN]
[2026-07-05T00:47:53.687+0000] {subprocess.py:93} INFO - [0m00:47:53  3 of 5 START sql view model logistics_mart.stg_shipments ....................... [RUN]
[2026-07-05T00:47:53.687+0000] {subprocess.py:93} INFO - [0m00:47:53  4 of 5 START sql view model logistics_mart.stg_weather ......................... [RUN]
[2026-07-05T01:44:45.341+0000] {subprocess.py:93} INFO - WARNING:urllib3.connectionpool:Retrying (Retry(total=2, connect=None, read=None, redirect=None, status=None)) after connection broken by 'SSLError(SSLEOFError(8, '[SSL: UNEXPECTED_EOF_WHILE_READING] EOF occurred in violation of protocol (_ssl.c:1000)'))': /v1/projects/-/serviceAccounts/dbt-logistics-runner@project-592ab4fe-f210-4e44-9b9.iam.gserviceaccount.com/allowedLocations
[2026-07-05T01:44:45.347+0000] {subprocess.py:93} INFO - WARNING:urllib3.connectionpool:Retrying (Retry(total=2, connect=None, read=None, redirect=None, status=None)) after connection broken by 'SSLError(SSLEOFError(8, '[SSL: UNEXPECTED_EOF_WHILE_READING] EOF occurred in violation of protocol (_ssl.c:1000)'))': /v1/projects/-/serviceAccounts/dbt-logistics-runner@project-592ab4fe-f210-4e44-9b9.iam.gserviceaccount.com/allowedLocations
[2026-07-05T01:44:47.502+0000] {subprocess.py:93} INFO - WARNING:urllib3.connectionpool:Retrying (Retry(total=2, connect=None, read=None, redirect=None, status=None)) after connection broken by 'SSLError(SSLEOFError(8, '[SSL: UNEXPECTED_EOF_WHILE_READING] EOF occurred in violation of protocol (_ssl.c:1000)'))': /v1/projects/-/serviceAccounts/dbt-logistics-runner@project-592ab4fe-f210-4e44-9b9.iam.gserviceaccount.com/allowedLocations
[2026-07-05T01:44:47.559+0000] {subprocess.py:93} INFO - WARNING:urllib3.connectionpool:Retrying (Retry(total=2, connect=None, read=None, redirect=None, status=None)) after connection broken by 'SSLError(SSLEOFError(8, '[SSL: UNEXPECTED_EOF_WHILE_READING] EOF occurred in violation of protocol (_ssl.c:1000)'))': /v1/projects/-/serviceAccounts/dbt-logistics-runner@project-592ab4fe-f210-4e44-9b9.iam.gserviceaccount.com/allowedLocations
[2026-07-05T01:45:04.720+0000] {subprocess.py:93} INFO - [0m01:45:04  4 of 5 OK created sql view model logistics_mart.stg_weather .................... [[32mCREATE VIEW (0 processed)[0m in 3431.03s]
[2026-07-05T01:45:08.129+0000] {subprocess.py:93} INFO - [0m01:45:08  3 of 5 OK created sql view model logistics_mart.stg_shipments .................. [[32mCREATE VIEW (0 processed)[0m in 3434.44s]
[2026-07-05T05:18:03.126+0000] {subprocess.py:93} INFO - [0m05:18:03  2 of 5 ERROR creating sql table model logistics_mart.dim_hubs .................. [[31mERROR[0m in 16209.44s]
[2026-07-05T05:18:03.133+0000] {subprocess.py:93} INFO - [0m05:18:03  5 of 5 SKIP relation logistics_mart.fact_shipment_weather ...................... [[33mSKIP[0m]
[2026-07-05T05:18:07.389+0000] {subprocess.py:93} INFO - [0m05:18:07  1 of 5 OK created sql table model logistics_mart.dim_drivers ................... [[32mCREATE TABLE (3.0 rows, 108.0 Bytes processed)[0m in 16213.70s]
[2026-07-05T05:18:07.428+0000] {subprocess.py:93} INFO - [0m05:18:07
[2026-07-05T05:18:07.428+0000] {subprocess.py:93} INFO - [0m05:18:07  Finished running 3 table models, 2 view models in 4 hours 30 minutes and 15.59 seconds (16215.59s).
[2026-07-05T05:18:07.466+0000] {subprocess.py:93} INFO - [0m05:18:07
[2026-07-05T05:18:07.466+0000] {subprocess.py:93} INFO - [0m05:18:07  [31mCompleted with 1 error, 0 partial successes, and 0 warnings:[0m
[2026-07-05T05:18:07.466+0000] {subprocess.py:93} INFO - [0m05:18:07
[2026-07-05T05:18:07.467+0000] {subprocess.py:93} INFO - [0m05:18:07  [31mFailure in model dim_hubs (models/mart/dim_hubs.sql)[0m
[2026-07-05T05:18:07.467+0000] {subprocess.py:93} INFO - [0m05:18:07    Database Error in model dim_hubs (models/mart/dim_hubs.sql)
[2026-07-05T05:18:07.467+0000] {subprocess.py:93} INFO -   ('Connection aborted.', RemoteDisconnected('Remote end closed connection without response'))
[2026-07-05T05:18:07.467+0000] {subprocess.py:93} INFO -   compiled code at target/run/logistics_lakehouse/models/mart/dim_hubs.sql
[2026-07-05T05:18:07.467+0000] {subprocess.py:93} INFO - [0m05:18:07
[2026-07-05T05:18:07.467+0000] {subprocess.py:93} INFO - [0m05:18:07    compiled code at target/compiled/logistics_lakehouse/models/mart/dim_hubs.sql
[2026-07-05T05:18:07.468+0000] {subprocess.py:93} INFO - [0m05:18:07
[2026-07-05T05:18:07.468+0000] {subprocess.py:93} INFO - [0m05:18:07  Done. PASS=3 WARN=0 ERROR=1 SKIP=1 NO-OP=0 TOTAL=5
[2026-07-05T05:36:31.757+0000] {subprocess.py:97} INFO - Command exited with return code 1
[2026-07-05T05:36:31.765+0000] {taskinstance.py:441} INFO - ::group::Post task execution logs
[2026-07-05T05:36:31.781+0000] {taskinstance.py:2905} ERROR - Task failed with exception
Traceback (most recent call last):
  File "/home/airflow/.local/lib/python3.12/site-packages/airflow/models/taskinstance.py", line 465, in _execute_task
    result = _execute_callable(context=context, **execute_callable_kwargs)
             ^^^^^^^^^^^^^^^^^^^^^^^^^^^^^^^^^^^^^^^^^^^^^^^^^^^^^^^^^^^^^
  File "/home/airflow/.local/lib/python3.12/site-packages/airflow/models/taskinstance.py", line 432, in _execute_callable
    return execute_callable(context=context, **execute_callable_kwargs)
           ^^^^^^^^^^^^^^^^^^^^^^^^^^^^^^^^^^^^^^^^^^^^^^^^^^^^^^^^^^^^
  File "/home/airflow/.local/lib/python3.12/site-packages/airflow/models/baseoperator.py", line 400, in wrapper
    return func(self, *args, **kwargs)
           ^^^^^^^^^^^^^^^^^^^^^^^^^^^
  File "/home/airflow/.local/lib/python3.12/site-packages/airflow/operators/bash.py", line 243, in execute
    raise AirflowException(
airflow.exceptions.AirflowException: Bash command failed. The command returned a non-zero exit code 1.
[2026-07-05T05:36:31.788+0000] {taskinstance.py:1206} INFO - Marking task as UP_FOR_RETRY. dag_id=gold_dbt_dag, task_id=trigger_dbt_build, run_id=dataset_triggered__2026-07-05T00:47:48.067847+00:00, execution_date=20260705T004748, start_date=20260705T004749, end_date=20260705T053631
[2026-07-05T05:36:31.803+0000] {standard_task_runner.py:110} ERROR - Failed to execute job 601 for task trigger_dbt_build (Bash command failed. The command returned a non-zero exit code 1.; 43250)
[2026-07-05T05:36:31.828+0000] {local_task_job_runner.py:240} INFO - Task exited with return code 1
[2026-07-05T05:36:31.859+0000] {taskinstance.py:3498} INFO - 0 downstream tasks scheduled from follow-on schedule check
[2026-07-05T05:36:31.860+0000] {local_task_job_runner.py:222} INFO - ::endgroup::
