[2026-07-05T06:48:51.341+0000] {local_task_job_runner.py:120} INFO - ::group::Pre task execution logs
[2026-07-05T06:48:51.358+0000] {taskinstance.py:2076} INFO - Dependencies all met for dep_context=non-requeueable deps ti=<TaskInstance: gold_dbt_dag.trigger_dbt_build dataset_triggered__2026-07-05T00:47:48.067847+00:00 [queued]>
[2026-07-05T06:48:51.361+0000] {taskinstance.py:2076} INFO - Dependencies all met for dep_context=requeueable deps ti=<TaskInstance: gold_dbt_dag.trigger_dbt_build dataset_triggered__2026-07-05T00:47:48.067847+00:00 [queued]>
[2026-07-05T06:48:51.362+0000] {taskinstance.py:2306} INFO - Starting attempt 2 of 2
[2026-07-05T06:48:51.367+0000] {taskinstance.py:2330} INFO - Executing <Task(BashOperator): trigger_dbt_build> on 2026-07-05 00:47:48.067847+00:00
[2026-07-05T06:48:51.374+0000] {logging_mixin.py:188} WARNING - /home/***/.local/lib/python3.12/site-packages/***/task/task_runner/standard_task_runner.py:61 DeprecationWarning: This process (pid=45964) is multi-threaded, use of fork() may lead to deadlocks in the child.
[2026-07-05T06:48:51.375+0000] {standard_task_runner.py:63} INFO - Started process 45978 to run task
[2026-07-05T06:48:51.376+0000] {standard_task_runner.py:90} INFO - Running: ['***', 'tasks', 'run', 'gold_dbt_dag', 'trigger_dbt_build', 'dataset_triggered__2026-07-05T00:47:48.067847+00:00', '--job-id', '629', '--raw', '--subdir', 'DAGS_FOLDER/dag_gold_dbt.py', '--cfg-path', '/tmp/tmp0tyqlgdg']
[2026-07-05T06:48:51.379+0000] {standard_task_runner.py:91} INFO - Job 629: Subtask trigger_dbt_build
[2026-07-05T06:48:51.406+0000] {task_command.py:426} INFO - Running <TaskInstance: gold_dbt_dag.trigger_dbt_build dataset_triggered__2026-07-05T00:47:48.067847+00:00 [running]> on host bd23e89d97be
[2026-07-05T06:48:51.462+0000] {taskinstance.py:2648} INFO - Exporting env vars: AIRFLOW_CTX_DAG_OWNER='data_engineer' AIRFLOW_CTX_DAG_ID='gold_dbt_dag' AIRFLOW_CTX_TASK_ID='trigger_dbt_build' AIRFLOW_CTX_EXECUTION_DATE='2026-07-05T00:47:48.067847+00:00' AIRFLOW_CTX_TRY_NUMBER='2' AIRFLOW_CTX_DAG_RUN_ID='dataset_triggered__2026-07-05T00:47:48.067847+00:00'
[2026-07-05T06:48:51.463+0000] {taskinstance.py:430} INFO - ::endgroup::
[2026-07-05T06:48:51.473+0000] {subprocess.py:63} INFO - Tmp dir root location: /tmp
[2026-07-05T06:48:51.474+0000] {subprocess.py:75} INFO - Running command: ['/usr/bin/bash', '-c', 'cd /opt/***/dbt && dbt build --profiles-dir . --target dev']
[2026-07-05T06:48:51.479+0000] {subprocess.py:86} INFO - Output:
[2026-07-05T06:48:53.099+0000] {subprocess.py:93} INFO - [0m06:48:53  Running with dbt=1.11.11
[2026-07-05T06:48:54.076+0000] {subprocess.py:93} INFO - [0m06:48:54  Registered adapter: bigquery=1.11.3
[2026-07-05T06:48:54.481+0000] {subprocess.py:93} INFO - [0m06:48:54  Found 5 models, 4 sources, 553 macros
[2026-07-05T06:48:54.484+0000] {subprocess.py:93} INFO - [0m06:48:54
[2026-07-05T06:48:54.484+0000] {subprocess.py:93} INFO - [0m06:48:54  Concurrency: 4 threads (target='dev')
[2026-07-05T06:48:54.485+0000] {subprocess.py:93} INFO - [0m06:48:54
[2026-07-05T06:48:56.011+0000] {subprocess.py:93} INFO - [0m06:48:56  1 of 5 START sql table model logistics_mart.dim_drivers ........................ [RUN]
[2026-07-05T06:48:56.014+0000] {subprocess.py:93} INFO - [0m06:48:56  2 of 5 START sql table model logistics_mart.dim_hubs ........................... [RUN]
[2026-07-05T06:48:56.015+0000] {subprocess.py:93} INFO - [0m06:48:56  3 of 5 START sql view model logistics_mart.stg_shipments ....................... [RUN]
[2026-07-05T06:48:56.019+0000] {subprocess.py:93} INFO - [0m06:48:56  4 of 5 START sql view model logistics_mart.stg_weather ......................... [RUN]
[2026-07-05T09:46:37.841+0000] {subprocess.py:93} INFO - [0m09:46:37  3 of 5 ERROR creating sql view model logistics_mart.stg_shipments .............. [[31mERROR[0m in 10661.82s]
[2026-07-05T09:46:54.410+0000] {subprocess.py:93} INFO - [0m09:46:54  1 of 5 ERROR creating sql table model logistics_mart.dim_drivers ............... [[31mERROR[0m in 10678.39s]
[2026-07-05T09:46:54.586+0000] {subprocess.py:93} INFO - [0m09:46:54  4 of 5 ERROR creating sql view model logistics_mart.stg_weather ................ [[31mERROR[0m in 10678.56s]
[2026-07-05T09:46:55.010+0000] {subprocess.py:93} INFO - [0m09:46:55  2 of 5 ERROR creating sql table model logistics_mart.dim_hubs .................. [[31mERROR[0m in 10678.99s]
[2026-07-05T09:46:55.013+0000] {subprocess.py:93} INFO - [0m09:46:55  5 of 5 SKIP relation logistics_mart.fact_shipment_weather ...................... [[33mSKIP[0m]
[2026-07-05T09:46:55.063+0000] {subprocess.py:93} INFO - [0m09:46:55
[2026-07-05T09:46:55.063+0000] {subprocess.py:93} INFO - [0m09:46:55  Finished running 3 table models, 2 view models in 2 hours 58 minutes and 0.58 seconds (10680.58s).
[2026-07-05T09:46:55.120+0000] {subprocess.py:93} INFO - [0m09:46:55
[2026-07-05T09:46:55.121+0000] {subprocess.py:93} INFO - [0m09:46:55  [31mCompleted with 4 errors, 0 partial successes, and 0 warnings:[0m
[2026-07-05T09:46:55.121+0000] {subprocess.py:93} INFO - [0m09:46:55
[2026-07-05T09:46:55.122+0000] {subprocess.py:93} INFO - [0m09:46:55  [31mFailure in model stg_shipments (models/staging/stg_shipments.sql)[0m
[2026-07-05T09:46:55.122+0000] {subprocess.py:93} INFO - [0m09:46:55    Database Error in model stg_shipments (models/staging/stg_shipments.sql)
[2026-07-05T09:46:55.122+0000] {subprocess.py:93} INFO -   Operation did not complete within the designated timeout of 300 seconds.
[2026-07-05T09:46:55.122+0000] {subprocess.py:93} INFO -   compiled code at target/run/logistics_lakehouse/models/staging/stg_shipments.sql
[2026-07-05T09:46:55.122+0000] {subprocess.py:93} INFO - [0m09:46:55
[2026-07-05T09:46:55.123+0000] {subprocess.py:93} INFO - [0m09:46:55    compiled code at target/compiled/logistics_lakehouse/models/staging/stg_shipments.sql
[2026-07-05T09:46:55.123+0000] {subprocess.py:93} INFO - [0m09:46:55
[2026-07-05T09:46:55.123+0000] {subprocess.py:93} INFO - [0m09:46:55  [31mFailure in model dim_drivers (models/mart/dim_drivers.sql)[0m
[2026-07-05T09:46:55.124+0000] {subprocess.py:93} INFO - [0m09:46:55    Database Error in model dim_drivers (models/mart/dim_drivers.sql)
[2026-07-05T09:46:55.124+0000] {subprocess.py:93} INFO -   ('Connection aborted.', RemoteDisconnected('Remote end closed connection without response'))
[2026-07-05T09:46:55.124+0000] {subprocess.py:93} INFO -   compiled code at target/run/logistics_lakehouse/models/mart/dim_drivers.sql
[2026-07-05T09:46:55.124+0000] {subprocess.py:93} INFO - [0m09:46:55
[2026-07-05T09:46:55.124+0000] {subprocess.py:93} INFO - [0m09:46:55    compiled code at target/compiled/logistics_lakehouse/models/mart/dim_drivers.sql
[2026-07-05T09:46:55.124+0000] {subprocess.py:93} INFO - [0m09:46:55
[2026-07-05T09:46:55.125+0000] {subprocess.py:93} INFO - [0m09:46:55  [31mFailure in model stg_weather (models/staging/stg_weather.sql)[0m
[2026-07-05T09:46:55.125+0000] {subprocess.py:93} INFO - [0m09:46:55    Database Error in model stg_weather (models/staging/stg_weather.sql)
[2026-07-05T09:46:55.125+0000] {subprocess.py:93} INFO -   ('Connection aborted.', RemoteDisconnected('Remote end closed connection without response'))
[2026-07-05T09:46:55.125+0000] {subprocess.py:93} INFO -   compiled code at target/run/logistics_lakehouse/models/staging/stg_weather.sql
[2026-07-05T09:46:55.125+0000] {subprocess.py:93} INFO - [0m09:46:55
[2026-07-05T09:46:55.126+0000] {subprocess.py:93} INFO - [0m09:46:55    compiled code at target/compiled/logistics_lakehouse/models/staging/stg_weather.sql
[2026-07-05T09:46:55.126+0000] {subprocess.py:93} INFO - [0m09:46:55
[2026-07-05T09:46:55.126+0000] {subprocess.py:93} INFO - [0m09:46:55  [31mFailure in model dim_hubs (models/mart/dim_hubs.sql)[0m
[2026-07-05T09:46:55.126+0000] {subprocess.py:93} INFO - [0m09:46:55    Database Error in model dim_hubs (models/mart/dim_hubs.sql)
[2026-07-05T09:46:55.126+0000] {subprocess.py:93} INFO -   ('Connection aborted.', RemoteDisconnected('Remote end closed connection without response'))
[2026-07-05T09:46:55.127+0000] {subprocess.py:93} INFO -   compiled code at target/run/logistics_lakehouse/models/mart/dim_hubs.sql
[2026-07-05T09:46:55.127+0000] {subprocess.py:93} INFO - [0m09:46:55
[2026-07-05T09:46:55.127+0000] {subprocess.py:93} INFO - [0m09:46:55    compiled code at target/compiled/logistics_lakehouse/models/mart/dim_hubs.sql
[2026-07-05T09:46:55.127+0000] {subprocess.py:93} INFO - [0m09:46:55
[2026-07-05T09:46:55.128+0000] {subprocess.py:93} INFO - [0m09:46:55  Done. PASS=0 WARN=0 ERROR=4 SKIP=1 NO-OP=0 TOTAL=5
[2026-07-05T09:46:56.691+0000] {subprocess.py:97} INFO - Command exited with return code 1
[2026-07-05T09:46:56.693+0000] {taskinstance.py:441} INFO - ::group::Post task execution logs
[2026-07-05T09:46:56.707+0000] {taskinstance.py:2905} ERROR - Task failed with exception
Traceback (most recent call last):
  File "/home/airflow/.local/lib/python3.12/site-packages/airflow/models/taskinstance.py", line 465, in _execute_task
    result = _execute_callable(context=context, **execute_callable_kwargs)
             ^^^^^^^^^^^^^^^^^^^^^^^^^^^^^^^^^^^^^^^^^^^^^^^^^^^^^^^^^^^^^
  File "/home/airflow/.local/lib/python3.12/site-packages/airflow/models/taskinstance.py", line 432, in _execute_callable
    return execute_callable(context=context, **execute_callable_kwargs)
           ^^^^^^^^^^^^^^^^^^^^^^^^^^^^^^^^^^^^^^^^^^^^^^^^^^^^^^^^^^^^
  File "/home/airflow/.local/lib/python3.12/site-packages/airflow/models/baseoperator.py", line 400, in wrapper
    return func(self, *args, **kwargs)
           ^^^^^^^^^^^^^^^^^^^^^^^^^^^
  File "/home/airflow/.local/lib/python3.12/site-packages/airflow/operators/bash.py", line 243, in execute
    raise AirflowException(
airflow.exceptions.AirflowException: Bash command failed. The command returned a non-zero exit code 1.
[2026-07-05T09:46:56.711+0000] {taskinstance.py:1206} INFO - Marking task as FAILED. dag_id=gold_dbt_dag, task_id=trigger_dbt_build, run_id=dataset_triggered__2026-07-05T00:47:48.067847+00:00, execution_date=20260705T004748, start_date=20260705T064851, end_date=20260705T094656
[2026-07-05T09:46:56.725+0000] {standard_task_runner.py:110} ERROR - Failed to execute job 629 for task trigger_dbt_build (Bash command failed. The command returned a non-zero exit code 1.; 45978)
[2026-07-05T09:46:56.765+0000] {local_task_job_runner.py:240} INFO - Task exited with return code 1
[2026-07-05T09:46:56.789+0000] {taskinstance.py:3498} INFO - 0 downstream tasks scheduled from follow-on schedule check
[2026-07-05T09:46:56.790+0000] {local_task_job_runner.py:222} INFO - ::endgroup::
