[2026-07-12T18:54:02.618+0000] {local_task_job_runner.py:120} INFO - ::group::Pre task execution logs
[2026-07-12T18:54:02.640+0000] {taskinstance.py:2076} INFO - Dependencies all met for dep_context=non-requeueable deps ti=<TaskInstance: gold_dbt_dag.trigger_dbt_build dataset_triggered__2026-07-12T18:51:42.714664+00:00 [queued]>
[2026-07-12T18:54:02.644+0000] {taskinstance.py:2076} INFO - Dependencies all met for dep_context=requeueable deps ti=<TaskInstance: gold_dbt_dag.trigger_dbt_build dataset_triggered__2026-07-12T18:51:42.714664+00:00 [queued]>
[2026-07-12T18:54:02.645+0000] {taskinstance.py:2306} INFO - Starting attempt 2 of 2
[2026-07-12T18:54:02.650+0000] {taskinstance.py:2330} INFO - Executing <Task(BashOperator): trigger_dbt_build> on 2026-07-12 18:51:42.714664+00:00
[2026-07-12T18:54:02.664+0000] {logging_mixin.py:188} WARNING - /home/***/.local/lib/python3.12/site-packages/***/task/task_runner/standard_task_runner.py:61 DeprecationWarning: This process (pid=35223) is multi-threaded, use of fork() may lead to deadlocks in the child.
[2026-07-12T18:54:02.664+0000] {standard_task_runner.py:63} INFO - Started process 35224 to run task
[2026-07-12T18:54:02.663+0000] {standard_task_runner.py:90} INFO - Running: ['***', 'tasks', 'run', 'gold_dbt_dag', 'trigger_dbt_build', 'dataset_triggered__2026-07-12T18:51:42.714664+00:00', '--job-id', '206', '--raw', '--subdir', 'DAGS_FOLDER/dag_gold_dbt.py', '--cfg-path', '/tmp/tmpor01cvpm']
[2026-07-12T18:54:02.665+0000] {standard_task_runner.py:91} INFO - Job 206: Subtask trigger_dbt_build
[2026-07-12T18:54:02.688+0000] {task_command.py:426} INFO - Running <TaskInstance: gold_dbt_dag.trigger_dbt_build dataset_triggered__2026-07-12T18:51:42.714664+00:00 [running]> on host ad4e12f53b08
[2026-07-12T18:54:02.727+0000] {taskinstance.py:2648} INFO - Exporting env vars: AIRFLOW_CTX_DAG_OWNER='data_engineer' AIRFLOW_CTX_DAG_ID='gold_dbt_dag' AIRFLOW_CTX_TASK_ID='trigger_dbt_build' AIRFLOW_CTX_EXECUTION_DATE='2026-07-12T18:51:42.714664+00:00' AIRFLOW_CTX_TRY_NUMBER='2' AIRFLOW_CTX_DAG_RUN_ID='dataset_triggered__2026-07-12T18:51:42.714664+00:00'
[2026-07-12T18:54:02.727+0000] {taskinstance.py:430} INFO - ::endgroup::
[2026-07-12T18:54:02.736+0000] {subprocess.py:63} INFO - Tmp dir root location: /tmp
[2026-07-12T18:54:02.737+0000] {subprocess.py:75} INFO - Running command: ['/usr/bin/bash', '-c', 'cd /opt/***/dbt && dbt build --profiles-dir . --target dev']
[2026-07-12T18:54:02.741+0000] {subprocess.py:86} INFO - Output:
[2026-07-12T18:54:04.309+0000] {subprocess.py:93} INFO - [0m18:54:04  Running with dbt=1.11.11
[2026-07-12T18:54:05.026+0000] {subprocess.py:93} INFO - [0m18:54:05  Registered adapter: bigquery=1.11.3
[2026-07-12T18:54:05.293+0000] {subprocess.py:93} INFO - [0m18:54:05  Found 6 models, 4 sources, 553 macros
[2026-07-12T18:54:05.295+0000] {subprocess.py:93} INFO - [0m18:54:05
[2026-07-12T18:54:05.295+0000] {subprocess.py:93} INFO - [0m18:54:05  Concurrency: 4 threads (target='dev')
[2026-07-12T18:54:05.296+0000] {subprocess.py:93} INFO - [0m18:54:05
[2026-07-12T18:54:06.659+0000] {subprocess.py:93} INFO - [0m18:54:06  1 of 6 START sql table model logistics_mart.dim_drivers ........................ [RUN]
[2026-07-12T18:54:06.660+0000] {subprocess.py:93} INFO - [0m18:54:06  2 of 6 START sql table model logistics_mart.dim_hubs ........................... [RUN]
[2026-07-12T18:54:06.660+0000] {subprocess.py:93} INFO - [0m18:54:06  3 of 6 START sql view model logistics_mart.stg_shipments ....................... [RUN]
[2026-07-12T18:54:06.660+0000] {subprocess.py:93} INFO - [0m18:54:06  4 of 6 START sql view model logistics_mart.stg_weather ......................... [RUN]
[2026-07-12T18:54:08.510+0000] {subprocess.py:93} INFO - [0m18:54:08  4 of 6 OK created sql view model logistics_mart.stg_weather .................... [[32mCREATE VIEW (0 processed)[0m in 1.83s]
[2026-07-12T18:54:08.516+0000] {subprocess.py:93} INFO - [0m18:54:08  3 of 6 OK created sql view model logistics_mart.stg_shipments .................. [[32mCREATE VIEW (0 processed)[0m in 1.83s]
[2026-07-12T18:54:08.521+0000] {subprocess.py:93} INFO - [0m18:54:08  5 of 6 START sql view model logistics_mart.stg_weather_consensus ............... [RUN]
[2026-07-12T18:54:09.886+0000] {subprocess.py:93} INFO - [0m18:54:09  2 of 6 OK created sql table model logistics_mart.dim_hubs ...................... [[32mCREATE TABLE (3.0 rows, 176.0 Bytes processed)[0m in 3.22s]
[2026-07-12T18:54:09.952+0000] {subprocess.py:93} INFO - [0m18:54:09  5 of 6 OK created sql view model logistics_mart.stg_weather_consensus .......... [[32mCREATE VIEW (0 processed)[0m in 1.43s]
[2026-07-12T18:54:09.955+0000] {subprocess.py:93} INFO - [0m18:54:09  6 of 6 START sql table model logistics_mart.fact_shipment_weather .............. [RUN]
[2026-07-12T18:54:10.047+0000] {subprocess.py:93} INFO - [0m18:54:10  1 of 6 OK created sql table model logistics_mart.dim_drivers ................... [[32mCREATE TABLE (3.0 rows, 117.0 Bytes processed)[0m in 3.38s]
[2026-07-12T18:54:11.611+0000] {subprocess.py:93} INFO - [0m18:54:11  BigQuery adapter: https://console.cloud.google.com/bigquery?project=logistics-500519&j=bq:US:19ff5f8c-b00c-4b4f-8289-e28fce0646ab&page=queryresults
[2026-07-12T18:54:11.634+0000] {subprocess.py:93} INFO - [0m18:54:11  6 of 6 ERROR creating sql table model logistics_mart.fact_shipment_weather ..... [[31mERROR[0m in 1.68s]
[2026-07-12T18:54:11.680+0000] {subprocess.py:93} INFO - [0m18:54:11
[2026-07-12T18:54:11.681+0000] {subprocess.py:93} INFO - [0m18:54:11  Finished running 3 table models, 3 view models in 0 hours 0 minutes and 6.38 seconds (6.38s).
[2026-07-12T18:54:11.746+0000] {subprocess.py:93} INFO - [0m18:54:11
[2026-07-12T18:54:11.747+0000] {subprocess.py:93} INFO - [0m18:54:11  [31mCompleted with 1 error, 0 partial successes, and 0 warnings:[0m
[2026-07-12T18:54:11.748+0000] {subprocess.py:93} INFO - [0m18:54:11
[2026-07-12T18:54:11.748+0000] {subprocess.py:93} INFO - [0m18:54:11  [31mFailure in model fact_shipment_weather (models/mart/fact_shipment_weather.sql)[0m
[2026-07-12T18:54:11.749+0000] {subprocess.py:93} INFO - [0m18:54:11    Database Error in model fact_shipment_weather (models/mart/fact_shipment_weather.sql)
[2026-07-12T18:54:11.749+0000] {subprocess.py:93} INFO -   No matching signature for operator >= for argument types: DATETIME, INT64
[2026-07-12T18:54:11.749+0000] {subprocess.py:93} INFO -     Signature: T1 >= T1
[2026-07-12T18:54:11.749+0000] {subprocess.py:93} INFO -       Unable to find common supertype for templated argument <T1>
[2026-07-12T18:54:11.750+0000] {subprocess.py:93} INFO -         Input types for <T1>: {INT64, DATETIME} at [42:9]
[2026-07-12T18:54:11.750+0000] {subprocess.py:93} INFO -   compiled code at target/run/logistics_lakehouse/models/mart/fact_shipment_weather.sql
[2026-07-12T18:54:11.750+0000] {subprocess.py:93} INFO - [0m18:54:11
[2026-07-12T18:54:11.750+0000] {subprocess.py:93} INFO - [0m18:54:11    compiled code at target/compiled/logistics_lakehouse/models/mart/fact_shipment_weather.sql
[2026-07-12T18:54:11.751+0000] {subprocess.py:93} INFO - [0m18:54:11
[2026-07-12T18:54:11.752+0000] {subprocess.py:93} INFO - [0m18:54:11  Done. PASS=5 WARN=0 ERROR=1 SKIP=0 NO-OP=0 TOTAL=6
[2026-07-12T18:54:13.821+0000] {subprocess.py:97} INFO - Command exited with return code 1
[2026-07-12T18:54:13.825+0000] {taskinstance.py:441} INFO - ::group::Post task execution logs
[2026-07-12T18:54:13.847+0000] {taskinstance.py:2905} ERROR - Task failed with exception
Traceback (most recent call last):
  File "/home/airflow/.local/lib/python3.12/site-packages/airflow/models/taskinstance.py", line 465, in _execute_task
    result = _execute_callable(context=context, **execute_callable_kwargs)
             ^^^^^^^^^^^^^^^^^^^^^^^^^^^^^^^^^^^^^^^^^^^^^^^^^^^^^^^^^^^^^
  File "/home/airflow/.local/lib/python3.12/site-packages/airflow/models/taskinstance.py", line 432, in _execute_callable
    return execute_callable(context=context, **execute_callable_kwargs)
           ^^^^^^^^^^^^^^^^^^^^^^^^^^^^^^^^^^^^^^^^^^^^^^^^^^^^^^^^^^^^
  File "/home/airflow/.local/lib/python3.12/site-packages/airflow/models/baseoperator.py", line 400, in wrapper
    return func(self, *args, **kwargs)
           ^^^^^^^^^^^^^^^^^^^^^^^^^^^
  File "/home/airflow/.local/lib/python3.12/site-packages/airflow/operators/bash.py", line 243, in execute
    raise AirflowException(
airflow.exceptions.AirflowException: Bash command failed. The command returned a non-zero exit code 1.
[2026-07-12T18:54:13.851+0000] {taskinstance.py:1206} INFO - Marking task as FAILED. dag_id=gold_dbt_dag, task_id=trigger_dbt_build, run_id=dataset_triggered__2026-07-12T18:51:42.714664+00:00, execution_date=20260712T185142, start_date=20260712T185402, end_date=20260712T185413
[2026-07-12T18:54:13.867+0000] {standard_task_runner.py:110} ERROR - Failed to execute job 206 for task trigger_dbt_build (Bash command failed. The command returned a non-zero exit code 1.; 35224)
[2026-07-12T18:54:13.914+0000] {local_task_job_runner.py:240} INFO - Task exited with return code 1
[2026-07-12T18:54:13.931+0000] {taskinstance.py:3498} INFO - 0 downstream tasks scheduled from follow-on schedule check
[2026-07-12T18:54:13.932+0000] {local_task_job_runner.py:222} INFO - ::endgroup::
