[2026-07-13T02:37:40.639+0000] {local_task_job_runner.py:120} INFO - ::group::Pre task execution logs
[2026-07-13T02:37:40.683+0000] {taskinstance.py:2076} INFO - Dependencies all met for dep_context=non-requeueable deps ti=<TaskInstance: gold_dbt_dag.trigger_dbt_build dataset_triggered__2026-07-13T02:37:39.915944+00:00 [queued]>
[2026-07-13T02:37:40.691+0000] {taskinstance.py:2076} INFO - Dependencies all met for dep_context=requeueable deps ti=<TaskInstance: gold_dbt_dag.trigger_dbt_build dataset_triggered__2026-07-13T02:37:39.915944+00:00 [queued]>
[2026-07-13T02:37:40.692+0000] {taskinstance.py:2306} INFO - Starting attempt 1 of 2
[2026-07-13T02:37:40.702+0000] {taskinstance.py:2330} INFO - Executing <Task(BashOperator): trigger_dbt_build> on 2026-07-13 02:37:39.915944+00:00
[2026-07-13T02:37:40.717+0000] {logging_mixin.py:188} WARNING - /home/***/.local/lib/python3.12/site-packages/***/task/task_runner/standard_task_runner.py:61 DeprecationWarning: This process (pid=49449) is multi-threaded, use of fork() may lead to deadlocks in the child.
[2026-07-13T02:37:40.721+0000] {standard_task_runner.py:63} INFO - Started process 49458 to run task
[2026-07-13T02:37:40.719+0000] {standard_task_runner.py:90} INFO - Running: ['***', 'tasks', 'run', 'gold_dbt_dag', 'trigger_dbt_build', 'dataset_triggered__2026-07-13T02:37:39.915944+00:00', '--job-id', '282', '--raw', '--subdir', 'DAGS_FOLDER/dag_gold_dbt.py', '--cfg-path', '/tmp/tmp9yktgbly']
[2026-07-13T02:37:40.722+0000] {standard_task_runner.py:91} INFO - Job 282: Subtask trigger_dbt_build
[2026-07-13T02:37:40.777+0000] {task_command.py:426} INFO - Running <TaskInstance: gold_dbt_dag.trigger_dbt_build dataset_triggered__2026-07-13T02:37:39.915944+00:00 [running]> on host ad4e12f53b08
[2026-07-13T02:37:40.839+0000] {taskinstance.py:2648} INFO - Exporting env vars: AIRFLOW_CTX_DAG_OWNER='data_engineer' AIRFLOW_CTX_DAG_ID='gold_dbt_dag' AIRFLOW_CTX_TASK_ID='trigger_dbt_build' AIRFLOW_CTX_EXECUTION_DATE='2026-07-13T02:37:39.915944+00:00' AIRFLOW_CTX_TRY_NUMBER='1' AIRFLOW_CTX_DAG_RUN_ID='dataset_triggered__2026-07-13T02:37:39.915944+00:00'
[2026-07-13T02:37:40.839+0000] {taskinstance.py:430} INFO - ::endgroup::
[2026-07-13T02:37:40.853+0000] {subprocess.py:63} INFO - Tmp dir root location: /tmp
[2026-07-13T02:37:40.856+0000] {subprocess.py:75} INFO - Running command: ['/usr/bin/bash', '-c', 'cd /opt/***/dbt && dbt build --profiles-dir . --target dev']
[2026-07-13T02:37:40.870+0000] {subprocess.py:86} INFO - Output:
[2026-07-13T02:37:42.668+0000] {subprocess.py:93} INFO - [0m02:37:42  Running with dbt=1.11.11
[2026-07-13T02:37:43.642+0000] {subprocess.py:93} INFO - [0m02:37:43  Registered adapter: bigquery=1.11.3
[2026-07-13T02:37:44.085+0000] {subprocess.py:93} INFO - [0m02:37:44  Found 6 models, 4 sources, 553 macros
[2026-07-13T02:37:44.087+0000] {subprocess.py:93} INFO - [0m02:37:44
[2026-07-13T02:37:44.088+0000] {subprocess.py:93} INFO - [0m02:37:44  Concurrency: 4 threads (target='dev')
[2026-07-13T02:37:44.088+0000] {subprocess.py:93} INFO - [0m02:37:44
[2026-07-13T02:37:45.755+0000] {subprocess.py:93} INFO - [0m02:37:45  1 of 6 START sql table model logistics_mart.dim_drivers ........................ [RUN]
[2026-07-13T02:37:45.756+0000] {subprocess.py:93} INFO - [0m02:37:45  2 of 6 START sql table model logistics_mart.dim_hubs ........................... [RUN]
[2026-07-13T02:37:45.756+0000] {subprocess.py:93} INFO - [0m02:37:45  3 of 6 START sql view model logistics_mart.stg_shipments ....................... [RUN]
[2026-07-13T02:37:45.757+0000] {subprocess.py:93} INFO - [0m02:37:45  4 of 6 START sql view model logistics_mart.stg_weather ......................... [RUN]
[2026-07-13T02:37:46.929+0000] {subprocess.py:93} INFO - [0m02:37:46  BigQuery adapter: https://console.cloud.google.com/bigquery?project=logistics-500519&j=bq:US:8a5c7629-fc01-4d82-adee-841c3cdf7f62&page=queryresults
[2026-07-13T02:37:46.947+0000] {subprocess.py:93} INFO - [0m02:37:46  3 of 6 ERROR creating sql view model logistics_mart.stg_shipments .............. [[31mERROR[0m in 1.18s]
[2026-07-13T02:37:46.949+0000] {subprocess.py:93} INFO - [0m02:37:46  5 of 6 START sql view model logistics_mart.stg_weather_consensus ............... [RUN]
[2026-07-13T02:37:47.848+0000] {subprocess.py:93} INFO - [0m02:37:47  4 of 6 OK created sql view model logistics_mart.stg_weather .................... [[32mCREATE VIEW (0 processed)[0m in 2.08s]
[2026-07-13T02:37:48.601+0000] {subprocess.py:93} INFO - [0m02:37:48  5 of 6 OK created sql view model logistics_mart.stg_weather_consensus .......... [[32mCREATE VIEW (0 processed)[0m in 1.65s]
[2026-07-13T02:37:49.299+0000] {subprocess.py:93} INFO - [0m02:37:49  1 of 6 OK created sql table model logistics_mart.dim_drivers ................... [[32mCREATE TABLE (3.0 rows, 117.0 Bytes processed)[0m in 3.54s]
[2026-07-13T02:37:49.656+0000] {subprocess.py:93} INFO - [0m02:37:49  2 of 6 OK created sql table model logistics_mart.dim_hubs ...................... [[32mCREATE TABLE (3.0 rows, 176.0 Bytes processed)[0m in 3.89s]
[2026-07-13T02:37:49.662+0000] {subprocess.py:93} INFO - [0m02:37:49  6 of 6 SKIP relation logistics_mart.fact_shipment_weather ...................... [[33mSKIP[0m]
[2026-07-13T02:37:49.705+0000] {subprocess.py:93} INFO - [0m02:37:49
[2026-07-13T02:37:49.706+0000] {subprocess.py:93} INFO - [0m02:37:49  Finished running 3 table models, 3 view models in 0 hours 0 minutes and 5.62 seconds (5.62s).
[2026-07-13T02:37:49.830+0000] {subprocess.py:93} INFO - [0m02:37:49
[2026-07-13T02:37:49.831+0000] {subprocess.py:93} INFO - [0m02:37:49  [31mCompleted with 1 error, 0 partial successes, and 0 warnings:[0m
[2026-07-13T02:37:49.832+0000] {subprocess.py:93} INFO - [0m02:37:49
[2026-07-13T02:37:49.833+0000] {subprocess.py:93} INFO - [0m02:37:49  [31mFailure in model stg_shipments (models/staging/stg_shipments.sql)[0m
[2026-07-13T02:37:49.834+0000] {subprocess.py:93} INFO - [0m02:37:49    Database Error in model stg_shipments (models/staging/stg_shipments.sql)
[2026-07-13T02:37:49.834+0000] {subprocess.py:93} INFO -   Not found: Table logistics-500519:logistics_raw.shipments was not found in location US
[2026-07-13T02:37:49.834+0000] {subprocess.py:93} INFO -   compiled code at target/run/logistics_lakehouse/models/staging/stg_shipments.sql
[2026-07-13T02:37:49.835+0000] {subprocess.py:93} INFO - [0m02:37:49
[2026-07-13T02:37:49.838+0000] {subprocess.py:93} INFO - [0m02:37:49    compiled code at target/compiled/logistics_lakehouse/models/staging/stg_shipments.sql
[2026-07-13T02:37:49.839+0000] {subprocess.py:93} INFO - [0m02:37:49
[2026-07-13T02:37:49.840+0000] {subprocess.py:93} INFO - [0m02:37:49  Done. PASS=4 WARN=0 ERROR=1 SKIP=1 NO-OP=0 TOTAL=6
[2026-07-13T02:37:51.908+0000] {subprocess.py:97} INFO - Command exited with return code 1
[2026-07-13T02:37:51.917+0000] {taskinstance.py:441} INFO - ::group::Post task execution logs
[2026-07-13T02:37:51.960+0000] {taskinstance.py:2905} ERROR - Task failed with exception
Traceback (most recent call last):
  File "/home/airflow/.local/lib/python3.12/site-packages/airflow/models/taskinstance.py", line 465, in _execute_task
    result = _execute_callable(context=context, **execute_callable_kwargs)
             ^^^^^^^^^^^^^^^^^^^^^^^^^^^^^^^^^^^^^^^^^^^^^^^^^^^^^^^^^^^^^
  File "/home/airflow/.local/lib/python3.12/site-packages/airflow/models/taskinstance.py", line 432, in _execute_callable
    return execute_callable(context=context, **execute_callable_kwargs)
           ^^^^^^^^^^^^^^^^^^^^^^^^^^^^^^^^^^^^^^^^^^^^^^^^^^^^^^^^^^^^
  File "/home/airflow/.local/lib/python3.12/site-packages/airflow/models/baseoperator.py", line 400, in wrapper
    return func(self, *args, **kwargs)
           ^^^^^^^^^^^^^^^^^^^^^^^^^^^
  File "/home/airflow/.local/lib/python3.12/site-packages/airflow/operators/bash.py", line 243, in execute
    raise AirflowException(
airflow.exceptions.AirflowException: Bash command failed. The command returned a non-zero exit code 1.
[2026-07-13T02:37:51.971+0000] {taskinstance.py:1206} INFO - Marking task as UP_FOR_RETRY. dag_id=gold_dbt_dag, task_id=trigger_dbt_build, run_id=dataset_triggered__2026-07-13T02:37:39.915944+00:00, execution_date=20260713T023739, start_date=20260713T023740, end_date=20260713T023751
[2026-07-13T02:37:51.994+0000] {standard_task_runner.py:110} ERROR - Failed to execute job 282 for task trigger_dbt_build (Bash command failed. The command returned a non-zero exit code 1.; 49458)
[2026-07-13T02:37:52.025+0000] {local_task_job_runner.py:240} INFO - Task exited with return code 1
[2026-07-13T02:37:52.055+0000] {taskinstance.py:3498} INFO - 0 downstream tasks scheduled from follow-on schedule check
[2026-07-13T02:37:52.057+0000] {local_task_job_runner.py:222} INFO - ::endgroup::
