[2026-07-13T02:39:52.361+0000] {local_task_job_runner.py:120} INFO - ::group::Pre task execution logs
[2026-07-13T02:39:52.380+0000] {taskinstance.py:2076} INFO - Dependencies all met for dep_context=non-requeueable deps ti=<TaskInstance: gold_dbt_dag.trigger_dbt_build dataset_triggered__2026-07-13T02:37:39.915944+00:00 [queued]>
[2026-07-13T02:39:52.384+0000] {taskinstance.py:2076} INFO - Dependencies all met for dep_context=requeueable deps ti=<TaskInstance: gold_dbt_dag.trigger_dbt_build dataset_triggered__2026-07-13T02:37:39.915944+00:00 [queued]>
[2026-07-13T02:39:52.384+0000] {taskinstance.py:2306} INFO - Starting attempt 2 of 2
[2026-07-13T02:39:52.390+0000] {taskinstance.py:2330} INFO - Executing <Task(BashOperator): trigger_dbt_build> on 2026-07-13 02:37:39.915944+00:00
[2026-07-13T02:39:52.395+0000] {standard_task_runner.py:90} INFO - Running: ['***', 'tasks', 'run', 'gold_dbt_dag', 'trigger_dbt_build', 'dataset_triggered__2026-07-13T02:37:39.915944+00:00', '--job-id', '289', '--raw', '--subdir', 'DAGS_FOLDER/dag_gold_dbt.py', '--cfg-path', '/tmp/tmp5cavkshr']
[2026-07-13T02:39:52.398+0000] {standard_task_runner.py:91} INFO - Job 289: Subtask trigger_dbt_build
[2026-07-13T02:39:52.402+0000] {logging_mixin.py:188} WARNING - /home/***/.local/lib/python3.12/site-packages/***/task/task_runner/standard_task_runner.py:61 DeprecationWarning: This process (pid=50109) is multi-threaded, use of fork() may lead to deadlocks in the child.
[2026-07-13T02:39:52.402+0000] {standard_task_runner.py:63} INFO - Started process 50110 to run task
[2026-07-13T02:39:52.426+0000] {task_command.py:426} INFO - Running <TaskInstance: gold_dbt_dag.trigger_dbt_build dataset_triggered__2026-07-13T02:37:39.915944+00:00 [running]> on host ad4e12f53b08
[2026-07-13T02:39:52.476+0000] {taskinstance.py:2648} INFO - Exporting env vars: AIRFLOW_CTX_DAG_OWNER='data_engineer' AIRFLOW_CTX_DAG_ID='gold_dbt_dag' AIRFLOW_CTX_TASK_ID='trigger_dbt_build' AIRFLOW_CTX_EXECUTION_DATE='2026-07-13T02:37:39.915944+00:00' AIRFLOW_CTX_TRY_NUMBER='2' AIRFLOW_CTX_DAG_RUN_ID='dataset_triggered__2026-07-13T02:37:39.915944+00:00'
[2026-07-13T02:39:52.477+0000] {taskinstance.py:430} INFO - ::endgroup::
[2026-07-13T02:39:52.485+0000] {subprocess.py:63} INFO - Tmp dir root location: /tmp
[2026-07-13T02:39:52.487+0000] {subprocess.py:75} INFO - Running command: ['/usr/bin/bash', '-c', 'cd /opt/***/dbt && dbt build --profiles-dir . --target dev']
[2026-07-13T02:39:52.491+0000] {subprocess.py:86} INFO - Output:
[2026-07-13T02:39:53.623+0000] {subprocess.py:93} INFO - [0m02:39:53  Running with dbt=1.11.11
[2026-07-13T02:39:54.458+0000] {subprocess.py:93} INFO - [0m02:39:54  Registered adapter: bigquery=1.11.3
[2026-07-13T02:39:54.715+0000] {subprocess.py:93} INFO - [0m02:39:54  Found 6 models, 4 sources, 553 macros
[2026-07-13T02:39:54.716+0000] {subprocess.py:93} INFO - [0m02:39:54
[2026-07-13T02:39:54.717+0000] {subprocess.py:93} INFO - [0m02:39:54  Concurrency: 4 threads (target='dev')
[2026-07-13T02:39:54.717+0000] {subprocess.py:93} INFO - [0m02:39:54
[2026-07-13T02:39:56.216+0000] {subprocess.py:93} INFO - [0m02:39:56  1 of 6 START sql table model logistics_mart.dim_drivers ........................ [RUN]
[2026-07-13T02:39:56.217+0000] {subprocess.py:93} INFO - [0m02:39:56  2 of 6 START sql table model logistics_mart.dim_hubs ........................... [RUN]
[2026-07-13T02:39:56.217+0000] {subprocess.py:93} INFO - [0m02:39:56  3 of 6 START sql view model logistics_mart.stg_shipments ....................... [RUN]
[2026-07-13T02:39:56.218+0000] {subprocess.py:93} INFO - [0m02:39:56  4 of 6 START sql view model logistics_mart.stg_weather ......................... [RUN]
[2026-07-13T02:39:57.987+0000] {subprocess.py:93} INFO - [0m02:39:57  3 of 6 OK created sql view model logistics_mart.stg_shipments .................. [[32mCREATE VIEW (0 processed)[0m in 1.76s]
[2026-07-13T02:39:57.988+0000] {subprocess.py:93} INFO - [0m02:39:57  4 of 6 OK created sql view model logistics_mart.stg_weather .................... [[32mCREATE VIEW (0 processed)[0m in 1.77s]
[2026-07-13T02:39:57.989+0000] {subprocess.py:93} INFO - [0m02:39:57  5 of 6 START sql view model logistics_mart.stg_weather_consensus ............... [RUN]
[2026-07-13T02:39:59.547+0000] {subprocess.py:93} INFO - [0m02:39:59  5 of 6 OK created sql view model logistics_mart.stg_weather_consensus .......... [[32mCREATE VIEW (0 processed)[0m in 1.55s]
[2026-07-13T02:40:00.378+0000] {subprocess.py:93} INFO - [0m02:40:00  2 of 6 OK created sql table model logistics_mart.dim_hubs ...................... [[32mCREATE TABLE (3.0 rows, 176.0 Bytes processed)[0m in 4.16s]
[2026-07-13T02:40:00.382+0000] {subprocess.py:93} INFO - [0m02:40:00  6 of 6 START sql table model logistics_mart.fact_shipment_weather .............. [RUN]
[2026-07-13T02:40:02.676+0000] {subprocess.py:93} INFO - [0m02:40:02  1 of 6 OK created sql table model logistics_mart.dim_drivers ................... [[32mCREATE TABLE (3.0 rows, 117.0 Bytes processed)[0m in 6.45s]
[2026-07-13T02:40:04.378+0000] {subprocess.py:93} INFO - [0m02:40:04  6 of 6 OK created sql table model logistics_mart.fact_shipment_weather ......... [[32mCREATE TABLE (8.0 rows, 1.1 KiB processed)[0m in 3.99s]
[2026-07-13T02:40:04.517+0000] {subprocess.py:93} INFO - [0m02:40:04
[2026-07-13T02:40:04.517+0000] {subprocess.py:93} INFO - [0m02:40:04  Finished running 3 table models, 3 view models in 0 hours 0 minutes and 9.80 seconds (9.80s).
[2026-07-13T02:40:04.593+0000] {subprocess.py:93} INFO - [0m02:40:04
[2026-07-13T02:40:04.594+0000] {subprocess.py:93} INFO - [0m02:40:04  [32mCompleted successfully[0m
[2026-07-13T02:40:04.594+0000] {subprocess.py:93} INFO - [0m02:40:04
[2026-07-13T02:40:04.595+0000] {subprocess.py:93} INFO - [0m02:40:04  Done. PASS=6 WARN=0 ERROR=0 SKIP=0 NO-OP=0 TOTAL=6
[2026-07-13T02:40:06.397+0000] {subprocess.py:97} INFO - Command exited with return code 0
[2026-07-13T02:40:06.399+0000] {taskinstance.py:441} INFO - ::group::Post task execution logs
[2026-07-13T02:40:06.427+0000] {taskinstance.py:1206} INFO - Marking task as SUCCESS. dag_id=gold_dbt_dag, task_id=trigger_dbt_build, run_id=dataset_triggered__2026-07-13T02:37:39.915944+00:00, execution_date=20260713T023739, start_date=20260713T023952, end_date=20260713T024006
[2026-07-13T02:40:06.484+0000] {local_task_job_runner.py:240} INFO - Task exited with return code 0
[2026-07-13T02:40:06.496+0000] {taskinstance.py:3498} INFO - 0 downstream tasks scheduled from follow-on schedule check
[2026-07-13T02:40:06.496+0000] {local_task_job_runner.py:222} INFO - ::endgroup::
