[2026-07-12T03:17:54.616+0000] {local_task_job_runner.py:120} INFO - ::group::Pre task execution logs
[2026-07-12T03:17:54.643+0000] {taskinstance.py:2076} INFO - Dependencies all met for dep_context=non-requeueable deps ti=<TaskInstance: gold_dbt_dag.trigger_dbt_build dataset_triggered__2026-07-12T01:16:08.380289+00:00 [queued]>
[2026-07-12T03:17:54.648+0000] {taskinstance.py:2076} INFO - Dependencies all met for dep_context=requeueable deps ti=<TaskInstance: gold_dbt_dag.trigger_dbt_build dataset_triggered__2026-07-12T01:16:08.380289+00:00 [queued]>
[2026-07-12T03:17:54.648+0000] {taskinstance.py:2306} INFO - Starting attempt 2 of 2
[2026-07-12T03:17:54.655+0000] {taskinstance.py:2330} INFO - Executing <Task(BashOperator): trigger_dbt_build> on 2026-07-12 01:16:08.380289+00:00
[2026-07-12T03:17:54.663+0000] {standard_task_runner.py:90} INFO - Running: ['***', 'tasks', 'run', 'gold_dbt_dag', 'trigger_dbt_build', 'dataset_triggered__2026-07-12T01:16:08.380289+00:00', '--job-id', '82', '--raw', '--subdir', 'DAGS_FOLDER/dag_gold_dbt.py', '--cfg-path', '/tmp/tmpie6e397o']
[2026-07-12T03:17:54.665+0000] {logging_mixin.py:188} WARNING - /home/***/.local/lib/python3.12/site-packages/***/task/task_runner/standard_task_runner.py:61 DeprecationWarning: This process (pid=10962) is multi-threaded, use of fork() may lead to deadlocks in the child.
[2026-07-12T03:17:54.666+0000] {standard_task_runner.py:91} INFO - Job 82: Subtask trigger_dbt_build
[2026-07-12T03:17:54.666+0000] {standard_task_runner.py:63} INFO - Started process 10966 to run task
[2026-07-12T03:17:54.720+0000] {task_command.py:426} INFO - Running <TaskInstance: gold_dbt_dag.trigger_dbt_build dataset_triggered__2026-07-12T01:16:08.380289+00:00 [running]> on host ad4e12f53b08
[2026-07-12T03:17:54.778+0000] {taskinstance.py:2648} INFO - Exporting env vars: AIRFLOW_CTX_DAG_OWNER='data_engineer' AIRFLOW_CTX_DAG_ID='gold_dbt_dag' AIRFLOW_CTX_TASK_ID='trigger_dbt_build' AIRFLOW_CTX_EXECUTION_DATE='2026-07-12T01:16:08.380289+00:00' AIRFLOW_CTX_TRY_NUMBER='2' AIRFLOW_CTX_DAG_RUN_ID='dataset_triggered__2026-07-12T01:16:08.380289+00:00'
[2026-07-12T03:17:54.779+0000] {taskinstance.py:430} INFO - ::endgroup::
[2026-07-12T03:17:54.789+0000] {subprocess.py:63} INFO - Tmp dir root location: /tmp
[2026-07-12T03:17:54.790+0000] {subprocess.py:75} INFO - Running command: ['/usr/bin/bash', '-c', 'cd /opt/***/dbt && dbt build --profiles-dir . --target dev']
[2026-07-12T03:17:54.795+0000] {subprocess.py:86} INFO - Output:
[2026-07-12T03:17:56.556+0000] {subprocess.py:93} INFO - [0m03:17:56  Running with dbt=1.11.11
[2026-07-12T03:17:58.400+0000] {subprocess.py:93} INFO - [0m03:17:58  Registered adapter: bigquery=1.11.3
[2026-07-12T03:17:58.698+0000] {subprocess.py:93} INFO - [0m03:17:58  Found 6 models, 4 sources, 553 macros
[2026-07-12T03:17:58.699+0000] {subprocess.py:93} INFO - [0m03:17:58
[2026-07-12T03:17:58.700+0000] {subprocess.py:93} INFO - [0m03:17:58  Concurrency: 4 threads (target='dev')
[2026-07-12T03:17:58.700+0000] {subprocess.py:93} INFO - [0m03:17:58
[2026-07-12T03:18:01.796+0000] {subprocess.py:93} INFO - [0m03:18:01  1 of 6 START sql table model logistics_mart.dim_drivers ........................ [RUN]
[2026-07-12T03:18:01.798+0000] {subprocess.py:93} INFO - [0m03:18:01  2 of 6 START sql table model logistics_mart.dim_hubs ........................... [RUN]
[2026-07-12T03:18:01.798+0000] {subprocess.py:93} INFO - [0m03:18:01  3 of 6 START sql view model logistics_mart.stg_shipments ....................... [RUN]
[2026-07-12T03:18:01.798+0000] {subprocess.py:93} INFO - [0m03:18:01  4 of 6 START sql view model logistics_mart.stg_weather ......................... [RUN]
[2026-07-12T03:18:03.722+0000] {subprocess.py:93} INFO - [0m03:18:03  4 of 6 OK created sql view model logistics_mart.stg_weather .................... [[32mCREATE VIEW (0 processed)[0m in 1.90s]
[2026-07-12T03:18:03.734+0000] {subprocess.py:93} INFO - [0m03:18:03  5 of 6 START sql view model logistics_mart.stg_weather_consensus ............... [RUN]
[2026-07-12T03:18:03.741+0000] {subprocess.py:93} INFO - [0m03:18:03  3 of 6 OK created sql view model logistics_mart.stg_shipments .................. [[32mCREATE VIEW (0 processed)[0m in 1.92s]
[2026-07-12T03:18:03.827+0000] {subprocess.py:93} INFO - [0m03:18:03  BigQuery adapter: https://console.cloud.google.com/bigquery?project=logistics-500519&j=bq:US:17393b83-d971-4249-a781-29c1daea5a46&page=queryresults
[2026-07-12T03:18:03.851+0000] {subprocess.py:93} INFO - [0m03:18:03  BigQuery adapter: https://console.cloud.google.com/bigquery?project=logistics-500519&j=bq:US:0e7d5dfd-56cc-4607-9c1a-4c27a997be92&page=queryresults
[2026-07-12T03:18:03.887+0000] {subprocess.py:93} INFO - [0m03:18:03  1 of 6 ERROR creating sql table model logistics_mart.dim_drivers ............... [[31mERROR[0m in 2.08s]
[2026-07-12T03:18:03.892+0000] {subprocess.py:93} INFO - [0m03:18:03  2 of 6 ERROR creating sql table model logistics_mart.dim_hubs .................. [[31mERROR[0m in 2.08s]
[2026-07-12T03:18:19.975+0000] {subprocess.py:93} INFO - [0m03:18:19  5 of 6 ERROR creating sql view model logistics_mart.stg_weather_consensus ...... [[31mERROR[0m in 16.23s]
[2026-07-12T03:18:19.981+0000] {subprocess.py:93} INFO - [0m03:18:19  6 of 6 SKIP relation logistics_mart.fact_shipment_weather ...................... [[33mSKIP[0m]
[2026-07-12T03:18:20.026+0000] {subprocess.py:93} INFO - [0m03:18:20
[2026-07-12T03:18:20.026+0000] {subprocess.py:93} INFO - [0m03:18:20  Finished running 3 table models, 3 view models in 0 hours 0 minutes and 21.32 seconds (21.32s).
[2026-07-12T03:18:20.104+0000] {subprocess.py:93} INFO - [0m03:18:20
[2026-07-12T03:18:20.104+0000] {subprocess.py:93} INFO - [0m03:18:20  [31mCompleted with 3 errors, 0 partial successes, and 0 warnings:[0m
[2026-07-12T03:18:20.104+0000] {subprocess.py:93} INFO - [0m03:18:20
[2026-07-12T03:18:20.105+0000] {subprocess.py:93} INFO - [0m03:18:20  [31mFailure in model dim_drivers (models/mart/dim_drivers.sql)[0m
[2026-07-12T03:18:20.105+0000] {subprocess.py:93} INFO - [0m03:18:20    Database Error in model dim_drivers (models/mart/dim_drivers.sql)
[2026-07-12T03:18:20.105+0000] {subprocess.py:93} INFO -   Unrecognized name: is_current at [24:7]
[2026-07-12T03:18:20.105+0000] {subprocess.py:93} INFO -   compiled code at target/run/logistics_lakehouse/models/mart/dim_drivers.sql
[2026-07-12T03:18:20.106+0000] {subprocess.py:93} INFO - [0m03:18:20
[2026-07-12T03:18:20.106+0000] {subprocess.py:93} INFO - [0m03:18:20    compiled code at target/compiled/logistics_lakehouse/models/mart/dim_drivers.sql
[2026-07-12T03:18:20.106+0000] {subprocess.py:93} INFO - [0m03:18:20
[2026-07-12T03:18:20.106+0000] {subprocess.py:93} INFO - [0m03:18:20  [31mFailure in model dim_hubs (models/mart/dim_hubs.sql)[0m
[2026-07-12T03:18:20.106+0000] {subprocess.py:93} INFO - [0m03:18:20    Database Error in model dim_hubs (models/mart/dim_hubs.sql)
[2026-07-12T03:18:20.107+0000] {subprocess.py:93} INFO -   Unrecognized name: is_current at [24:7]
[2026-07-12T03:18:20.107+0000] {subprocess.py:93} INFO -   compiled code at target/run/logistics_lakehouse/models/mart/dim_hubs.sql
[2026-07-12T03:18:20.107+0000] {subprocess.py:93} INFO - [0m03:18:20
[2026-07-12T03:18:20.107+0000] {subprocess.py:93} INFO - [0m03:18:20    compiled code at target/compiled/logistics_lakehouse/models/mart/dim_hubs.sql
[2026-07-12T03:18:20.107+0000] {subprocess.py:93} INFO - [0m03:18:20
[2026-07-12T03:18:20.107+0000] {subprocess.py:93} INFO - [0m03:18:20  [31mFailure in model stg_weather_consensus (models/staging/stg_weather_consensus.sql)[0m
[2026-07-12T03:18:20.108+0000] {subprocess.py:93} INFO - [0m03:18:20    Database Error in model stg_weather_consensus (models/staging/stg_weather_consensus.sql)
[2026-07-12T03:18:20.108+0000] {subprocess.py:93} INFO -   ('Connection aborted.', RemoteDisconnected('Remote end closed connection without response'))
[2026-07-12T03:18:20.108+0000] {subprocess.py:93} INFO -   compiled code at target/run/logistics_lakehouse/models/staging/stg_weather_consensus.sql
[2026-07-12T03:18:20.108+0000] {subprocess.py:93} INFO - [0m03:18:20
[2026-07-12T03:18:20.108+0000] {subprocess.py:93} INFO - [0m03:18:20    compiled code at target/compiled/logistics_lakehouse/models/staging/stg_weather_consensus.sql
[2026-07-12T03:18:20.108+0000] {subprocess.py:93} INFO - [0m03:18:20
[2026-07-12T03:18:20.109+0000] {subprocess.py:93} INFO - [0m03:18:20  Done. PASS=2 WARN=0 ERROR=3 SKIP=1 NO-OP=0 TOTAL=6
[2026-07-12T03:18:21.857+0000] {subprocess.py:97} INFO - Command exited with return code 1
[2026-07-12T03:18:21.861+0000] {taskinstance.py:441} INFO - ::group::Post task execution logs
[2026-07-12T03:18:21.895+0000] {taskinstance.py:2905} ERROR - Task failed with exception
Traceback (most recent call last):
  File "/home/airflow/.local/lib/python3.12/site-packages/airflow/models/taskinstance.py", line 465, in _execute_task
    result = _execute_callable(context=context, **execute_callable_kwargs)
             ^^^^^^^^^^^^^^^^^^^^^^^^^^^^^^^^^^^^^^^^^^^^^^^^^^^^^^^^^^^^^
  File "/home/airflow/.local/lib/python3.12/site-packages/airflow/models/taskinstance.py", line 432, in _execute_callable
    return execute_callable(context=context, **execute_callable_kwargs)
           ^^^^^^^^^^^^^^^^^^^^^^^^^^^^^^^^^^^^^^^^^^^^^^^^^^^^^^^^^^^^
  File "/home/airflow/.local/lib/python3.12/site-packages/airflow/models/baseoperator.py", line 400, in wrapper
    return func(self, *args, **kwargs)
           ^^^^^^^^^^^^^^^^^^^^^^^^^^^
  File "/home/airflow/.local/lib/python3.12/site-packages/airflow/operators/bash.py", line 243, in execute
    raise AirflowException(
airflow.exceptions.AirflowException: Bash command failed. The command returned a non-zero exit code 1.
[2026-07-12T03:18:21.908+0000] {taskinstance.py:1206} INFO - Marking task as FAILED. dag_id=gold_dbt_dag, task_id=trigger_dbt_build, run_id=dataset_triggered__2026-07-12T01:16:08.380289+00:00, execution_date=20260712T011608, start_date=20260712T031754, end_date=20260712T031821
[2026-07-12T03:18:21.959+0000] {standard_task_runner.py:110} ERROR - Failed to execute job 82 for task trigger_dbt_build (Bash command failed. The command returned a non-zero exit code 1.; 10966)
[2026-07-12T03:18:22.023+0000] {local_task_job_runner.py:240} INFO - Task exited with return code 1
[2026-07-12T03:18:22.076+0000] {taskinstance.py:3498} INFO - 0 downstream tasks scheduled from follow-on schedule check
[2026-07-12T03:18:22.077+0000] {local_task_job_runner.py:222} INFO - ::endgroup::
