[2026-07-10T05:02:35.478+0000] {local_task_job_runner.py:120} INFO - ::group::Pre task execution logs
[2026-07-10T05:02:35.506+0000] {taskinstance.py:2076} INFO - Dependencies all met for dep_context=non-requeueable deps ti=<TaskInstance: gold_dbt_dag.trigger_dbt_build dataset_triggered__2026-07-10T05:00:18.000812+00:00 [queued]>
[2026-07-10T05:02:35.513+0000] {taskinstance.py:2076} INFO - Dependencies all met for dep_context=requeueable deps ti=<TaskInstance: gold_dbt_dag.trigger_dbt_build dataset_triggered__2026-07-10T05:00:18.000812+00:00 [queued]>
[2026-07-10T05:02:35.513+0000] {taskinstance.py:2306} INFO - Starting attempt 2 of 2
[2026-07-10T05:02:35.518+0000] {taskinstance.py:2330} INFO - Executing <Task(BashOperator): trigger_dbt_build> on 2026-07-10 05:00:18.000812+00:00
[2026-07-10T05:02:35.522+0000] {standard_task_runner.py:90} INFO - Running: ['***', 'tasks', 'run', 'gold_dbt_dag', 'trigger_dbt_build', 'dataset_triggered__2026-07-10T05:00:18.000812+00:00', '--job-id', '1415', '--raw', '--subdir', 'DAGS_FOLDER/dag_gold_dbt.py', '--cfg-path', '/tmp/tmprmkp6xq7']
[2026-07-10T05:02:35.526+0000] {standard_task_runner.py:91} INFO - Job 1415: Subtask trigger_dbt_build
[2026-07-10T05:02:35.534+0000] {logging_mixin.py:188} WARNING - /home/***/.local/lib/python3.12/site-packages/***/task/task_runner/standard_task_runner.py:61 DeprecationWarning: This process (pid=10149) is multi-threaded, use of fork() may lead to deadlocks in the child.
[2026-07-10T05:02:35.535+0000] {standard_task_runner.py:63} INFO - Started process 10150 to run task
[2026-07-10T05:02:35.563+0000] {task_command.py:426} INFO - Running <TaskInstance: gold_dbt_dag.trigger_dbt_build dataset_triggered__2026-07-10T05:00:18.000812+00:00 [running]> on host bd23e89d97be
[2026-07-10T05:02:35.608+0000] {taskinstance.py:2648} INFO - Exporting env vars: AIRFLOW_CTX_DAG_OWNER='data_engineer' AIRFLOW_CTX_DAG_ID='gold_dbt_dag' AIRFLOW_CTX_TASK_ID='trigger_dbt_build' AIRFLOW_CTX_EXECUTION_DATE='2026-07-10T05:00:18.000812+00:00' AIRFLOW_CTX_TRY_NUMBER='2' AIRFLOW_CTX_DAG_RUN_ID='dataset_triggered__2026-07-10T05:00:18.000812+00:00'
[2026-07-10T05:02:35.609+0000] {taskinstance.py:430} INFO - ::endgroup::
[2026-07-10T05:02:35.621+0000] {subprocess.py:63} INFO - Tmp dir root location: /tmp
[2026-07-10T05:02:35.622+0000] {subprocess.py:75} INFO - Running command: ['/usr/bin/bash', '-c', 'cd /opt/***/dbt && dbt build --profiles-dir . --target dev']
[2026-07-10T05:02:35.629+0000] {subprocess.py:86} INFO - Output:
[2026-07-10T05:02:36.782+0000] {subprocess.py:93} INFO - [0m05:02:36  Running with dbt=1.11.11
[2026-07-10T05:02:37.385+0000] {subprocess.py:93} INFO - [0m05:02:37  Registered adapter: bigquery=1.11.3
[2026-07-10T05:02:37.618+0000] {subprocess.py:93} INFO - [0m05:02:37  Found 6 models, 4 sources, 553 macros
[2026-07-10T05:02:37.619+0000] {subprocess.py:93} INFO - [0m05:02:37
[2026-07-10T05:02:37.620+0000] {subprocess.py:93} INFO - [0m05:02:37  Concurrency: 4 threads (target='dev')
[2026-07-10T05:02:37.620+0000] {subprocess.py:93} INFO - [0m05:02:37
[2026-07-10T05:02:39.355+0000] {subprocess.py:93} INFO - [0m05:02:39  1 of 6 START sql table model logistics_mart.dim_drivers ........................ [RUN]
[2026-07-10T05:02:39.356+0000] {subprocess.py:93} INFO - [0m05:02:39  2 of 6 START sql table model logistics_mart.dim_hubs ........................... [RUN]
[2026-07-10T05:02:39.356+0000] {subprocess.py:93} INFO - [0m05:02:39  3 of 6 START sql view model logistics_mart.stg_shipments ....................... [RUN]
[2026-07-10T05:02:39.357+0000] {subprocess.py:93} INFO - [0m05:02:39  4 of 6 START sql view model logistics_mart.stg_weather ......................... [RUN]
[2026-07-10T05:02:41.630+0000] {subprocess.py:93} INFO - [0m05:02:41  3 of 6 OK created sql view model logistics_mart.stg_shipments .................. [[32mCREATE VIEW (0 processed)[0m in 2.27s]
[2026-07-10T05:02:41.633+0000] {subprocess.py:93} INFO - [0m05:02:41  4 of 6 OK created sql view model logistics_mart.stg_weather .................... [[32mCREATE VIEW (0 processed)[0m in 2.27s]
[2026-07-10T05:02:41.634+0000] {subprocess.py:93} INFO - [0m05:02:41  5 of 6 START sql view model logistics_mart.stg_weather_consensus ............... [RUN]
[2026-07-10T05:02:43.068+0000] {subprocess.py:93} INFO - [0m05:02:43  BigQuery adapter: https://console.cloud.google.com/bigquery?project=logistics-500519&j=bq:US:3b2c0761-b5ee-4311-bada-3311f10ee951&page=queryresults
[2026-07-10T05:02:43.086+0000] {subprocess.py:93} INFO - [0m05:02:43  5 of 6 ERROR creating sql view model logistics_mart.stg_weather_consensus ...... [[31mERROR[0m in 1.45s]
[2026-07-10T05:02:44.266+0000] {subprocess.py:93} INFO - [0m05:02:44  1 of 6 OK created sql table model logistics_mart.dim_drivers ................... [[32mCREATE TABLE (3.0 rows, 108.0 Bytes processed)[0m in 4.91s]
[2026-07-10T05:02:44.434+0000] {subprocess.py:93} INFO - [0m05:02:44  2 of 6 OK created sql table model logistics_mart.dim_hubs ...................... [[32mCREATE TABLE (3.0 rows, 149.0 Bytes processed)[0m in 5.08s]
[2026-07-10T05:02:44.437+0000] {subprocess.py:93} INFO - [0m05:02:44  6 of 6 START sql table model logistics_mart.fact_shipment_weather .............. [RUN]
[2026-07-10T05:03:03.572+0000] {subprocess.py:93} INFO - [0m05:03:03  6 of 6 OK created sql table model logistics_mart.fact_shipment_weather ......... [[32mCREATE TABLE (1.6k rows, 104.1 KiB processed)[0m in 19.11s]
[2026-07-10T05:03:03.622+0000] {subprocess.py:93} INFO - [0m05:03:03
[2026-07-10T05:03:03.623+0000] {subprocess.py:93} INFO - [0m05:03:03  Finished running 3 table models, 3 view models in 0 hours 0 minutes and 26.00 seconds (26.00s).
[2026-07-10T05:03:03.681+0000] {subprocess.py:93} INFO - [0m05:03:03
[2026-07-10T05:03:03.682+0000] {subprocess.py:93} INFO - [0m05:03:03  [31mCompleted with 1 error, 0 partial successes, and 0 warnings:[0m
[2026-07-10T05:03:03.682+0000] {subprocess.py:93} INFO - [0m05:03:03
[2026-07-10T05:03:03.683+0000] {subprocess.py:93} INFO - [0m05:03:03  [31mFailure in model stg_weather_consensus (models/staging/stg_weather_consensus.sql)[0m
[2026-07-10T05:03:03.683+0000] {subprocess.py:93} INFO - [0m05:03:03    Database Error in model stg_weather_consensus (models/staging/stg_weather_consensus.sql)
[2026-07-10T05:03:03.683+0000] {subprocess.py:93} INFO -   Unrecognized name: fetched_at at [11:11]
[2026-07-10T05:03:03.684+0000] {subprocess.py:93} INFO -   compiled code at target/run/logistics_lakehouse/models/staging/stg_weather_consensus.sql
[2026-07-10T05:03:03.684+0000] {subprocess.py:93} INFO - [0m05:03:03
[2026-07-10T05:03:03.684+0000] {subprocess.py:93} INFO - [0m05:03:03    compiled code at target/compiled/logistics_lakehouse/models/staging/stg_weather_consensus.sql
[2026-07-10T05:03:03.684+0000] {subprocess.py:93} INFO - [0m05:03:03
[2026-07-10T05:03:03.684+0000] {subprocess.py:93} INFO - [0m05:03:03  Done. PASS=5 WARN=0 ERROR=1 SKIP=0 NO-OP=0 TOTAL=6
[2026-07-10T05:03:05.999+0000] {subprocess.py:97} INFO - Command exited with return code 1
[2026-07-10T05:03:06.001+0000] {taskinstance.py:441} INFO - ::group::Post task execution logs
[2026-07-10T05:03:06.021+0000] {taskinstance.py:2905} ERROR - Task failed with exception
Traceback (most recent call last):
  File "/home/airflow/.local/lib/python3.12/site-packages/airflow/models/taskinstance.py", line 465, in _execute_task
    result = _execute_callable(context=context, **execute_callable_kwargs)
             ^^^^^^^^^^^^^^^^^^^^^^^^^^^^^^^^^^^^^^^^^^^^^^^^^^^^^^^^^^^^^
  File "/home/airflow/.local/lib/python3.12/site-packages/airflow/models/taskinstance.py", line 432, in _execute_callable
    return execute_callable(context=context, **execute_callable_kwargs)
           ^^^^^^^^^^^^^^^^^^^^^^^^^^^^^^^^^^^^^^^^^^^^^^^^^^^^^^^^^^^^
  File "/home/airflow/.local/lib/python3.12/site-packages/airflow/models/baseoperator.py", line 400, in wrapper
    return func(self, *args, **kwargs)
           ^^^^^^^^^^^^^^^^^^^^^^^^^^^
  File "/home/airflow/.local/lib/python3.12/site-packages/airflow/operators/bash.py", line 243, in execute
    raise AirflowException(
airflow.exceptions.AirflowException: Bash command failed. The command returned a non-zero exit code 1.
[2026-07-10T05:03:06.029+0000] {taskinstance.py:1206} INFO - Marking task as FAILED. dag_id=gold_dbt_dag, task_id=trigger_dbt_build, run_id=dataset_triggered__2026-07-10T05:00:18.000812+00:00, execution_date=20260710T050018, start_date=20260710T050235, end_date=20260710T050306
[2026-07-10T05:03:06.043+0000] {standard_task_runner.py:110} ERROR - Failed to execute job 1415 for task trigger_dbt_build (Bash command failed. The command returned a non-zero exit code 1.; 10150)
[2026-07-10T05:03:06.072+0000] {local_task_job_runner.py:240} INFO - Task exited with return code 1
[2026-07-10T05:03:06.094+0000] {taskinstance.py:3498} INFO - 0 downstream tasks scheduled from follow-on schedule check
[2026-07-10T05:03:06.095+0000] {local_task_job_runner.py:222} INFO - ::endgroup::
