[2026-07-03T21:01:04.832+0000] {local_task_job_runner.py:120} INFO - ::group::Pre task execution logs
[2026-07-03T21:01:04.861+0000] {taskinstance.py:2076} INFO - Dependencies all met for dep_context=non-requeueable deps ti=<TaskInstance: gold_dbt_dag.trigger_dbt_build dataset_triggered__2026-07-03T21:01:04.226068+00:00 [queued]>
[2026-07-03T21:01:04.864+0000] {taskinstance.py:2076} INFO - Dependencies all met for dep_context=requeueable deps ti=<TaskInstance: gold_dbt_dag.trigger_dbt_build dataset_triggered__2026-07-03T21:01:04.226068+00:00 [queued]>
[2026-07-03T21:01:04.864+0000] {taskinstance.py:2306} INFO - Starting attempt 1 of 2
[2026-07-03T21:01:04.869+0000] {taskinstance.py:2330} INFO - Executing <Task(BashOperator): trigger_dbt_build> on 2026-07-03 21:01:04.226068+00:00
[2026-07-03T21:01:04.874+0000] {standard_task_runner.py:90} INFO - Running: ['***', 'tasks', 'run', 'gold_dbt_dag', 'trigger_dbt_build', 'dataset_triggered__2026-07-03T21:01:04.226068+00:00', '--job-id', '434', '--raw', '--subdir', 'DAGS_FOLDER/dag_gold_dbt.py', '--cfg-path', '/tmp/tmpae3nnhsh']
[2026-07-03T21:01:04.876+0000] {standard_task_runner.py:91} INFO - Job 434: Subtask trigger_dbt_build
[2026-07-03T21:01:04.876+0000] {logging_mixin.py:188} WARNING - /home/***/.local/lib/python3.12/site-packages/***/task/task_runner/standard_task_runner.py:61 DeprecationWarning: This process (pid=27084) is multi-threaded, use of fork() may lead to deadlocks in the child.
[2026-07-03T21:01:04.876+0000] {standard_task_runner.py:63} INFO - Started process 27085 to run task
[2026-07-03T21:01:04.900+0000] {task_command.py:426} INFO - Running <TaskInstance: gold_dbt_dag.trigger_dbt_build dataset_triggered__2026-07-03T21:01:04.226068+00:00 [running]> on host bd23e89d97be
[2026-07-03T21:01:04.940+0000] {taskinstance.py:2648} INFO - Exporting env vars: AIRFLOW_CTX_DAG_OWNER='data_engineer' AIRFLOW_CTX_DAG_ID='gold_dbt_dag' AIRFLOW_CTX_TASK_ID='trigger_dbt_build' AIRFLOW_CTX_EXECUTION_DATE='2026-07-03T21:01:04.226068+00:00' AIRFLOW_CTX_TRY_NUMBER='1' AIRFLOW_CTX_DAG_RUN_ID='dataset_triggered__2026-07-03T21:01:04.226068+00:00'
[2026-07-03T21:01:04.940+0000] {taskinstance.py:430} INFO - ::endgroup::
[2026-07-03T21:01:04.948+0000] {subprocess.py:63} INFO - Tmp dir root location: /tmp
[2026-07-03T21:01:04.949+0000] {subprocess.py:75} INFO - Running command: ['/usr/bin/bash', '-c', 'cd /opt/***/dbt && dbt build --profiles-dir . --target dev']
[2026-07-03T21:01:04.953+0000] {subprocess.py:86} INFO - Output:
[2026-07-03T21:01:06.580+0000] {subprocess.py:93} INFO - [0m21:01:06  Running with dbt=1.11.11
[2026-07-03T21:01:07.348+0000] {subprocess.py:93} INFO - [0m21:01:07  Registered adapter: bigquery=1.11.3
[2026-07-03T21:01:07.576+0000] {subprocess.py:93} INFO - [0m21:01:07  Found 5 models, 4 sources, 553 macros
[2026-07-03T21:01:07.577+0000] {subprocess.py:93} INFO - [0m21:01:07
[2026-07-03T21:01:07.577+0000] {subprocess.py:93} INFO - [0m21:01:07  Concurrency: 4 threads (target='dev')
[2026-07-03T21:01:07.578+0000] {subprocess.py:93} INFO - [0m21:01:07
[2026-07-04T02:49:30.808+0000] {subprocess.py:93} INFO - WARNING:urllib3.connectionpool:Retrying (Retry(total=2, connect=None, read=None, redirect=None, status=None)) after connection broken by 'RemoteDisconnected('Remote end closed connection without response')': /v1/projects/-/serviceAccounts/dbt-logistics-runner@project-592ab4fe-f210-4e44-9b9.iam.gserviceaccount.com/allowedLocations
[2026-07-04T02:49:40.814+0000] {subprocess.py:93} INFO - [0m02:49:40  1 of 5 START sql table model logistics_mart.dim_drivers ........................ [RUN]
[2026-07-04T02:49:40.817+0000] {subprocess.py:93} INFO - [0m02:49:40  2 of 5 START sql table model logistics_mart.dim_hubs ........................... [RUN]
[2026-07-04T02:49:40.817+0000] {subprocess.py:93} INFO - [0m02:49:40  3 of 5 START sql view model logistics_mart.stg_shipments ....................... [RUN]
[2026-07-04T02:49:40.817+0000] {subprocess.py:93} INFO - [0m02:49:40  4 of 5 START sql view model logistics_mart.stg_weather ......................... [RUN]
[2026-07-04T02:49:42.703+0000] {subprocess.py:93} INFO - [0m02:49:42  4 of 5 OK created sql view model logistics_mart.stg_weather .................... [[32mCREATE VIEW (0 processed)[0m in 1.88s]
[2026-07-04T02:49:42.704+0000] {subprocess.py:93} INFO - [0m02:49:42  3 of 5 OK created sql view model logistics_mart.stg_shipments .................. [[32mCREATE VIEW (0 processed)[0m in 1.89s]
[2026-07-04T03:50:20.409+0000] {subprocess.py:93} INFO - [0m03:50:20  1 of 5 OK created sql table model logistics_mart.dim_drivers ................... [[32mCREATE TABLE (3.0 rows, 108.0 Bytes processed)[0m in 3639.59s]
[2026-07-04T03:50:20.469+0000] {subprocess.py:93} INFO - [0m03:50:20  2 of 5 OK created sql table model logistics_mart.dim_hubs ...................... [[32mCREATE TABLE (3.0 rows, 149.0 Bytes processed)[0m in 3639.65s]
[2026-07-04T03:50:20.472+0000] {subprocess.py:93} INFO - [0m03:50:20  5 of 5 START sql table model logistics_mart.fact_shipment_weather .............. [RUN]
[2026-07-04T03:50:29.923+0000] {subprocess.py:93} INFO - WARNING:urllib3.connectionpool:Retrying (Retry(total=2, connect=None, read=None, redirect=None, status=None)) after connection broken by 'SSLError(SSLEOFError(8, '[SSL: UNEXPECTED_EOF_WHILE_READING] EOF occurred in violation of protocol (_ssl.c:1000)'))': /token
[2026-07-04T06:09:55.164+0000] {subprocess.py:93} INFO - [0m06:09:55  5 of 5 ERROR creating sql table model logistics_mart.fact_shipment_weather ..... [[31mERROR[0m in 8374.69s]
[2026-07-04T06:09:55.215+0000] {subprocess.py:93} INFO - [0m06:09:55
[2026-07-04T06:09:55.216+0000] {subprocess.py:93} INFO - [0m06:09:55  Finished running 3 table models, 2 view models in 9 hours 8 minutes and 47.64 seconds (32927.64s).
[2026-07-04T06:09:55.274+0000] {subprocess.py:93} INFO - [0m06:09:55
[2026-07-04T06:09:55.275+0000] {subprocess.py:93} INFO - [0m06:09:55  [31mCompleted with 1 error, 0 partial successes, and 0 warnings:[0m
[2026-07-04T06:09:55.276+0000] {subprocess.py:93} INFO - [0m06:09:55
[2026-07-04T06:09:55.277+0000] {subprocess.py:93} INFO - [0m06:09:55  [31mFailure in model fact_shipment_weather (models/mart/fact_shipment_weather.sql)[0m
[2026-07-04T06:09:55.277+0000] {subprocess.py:93} INFO - [0m06:09:55    Database Error in model fact_shipment_weather (models/mart/fact_shipment_weather.sql)
[2026-07-04T06:09:55.278+0000] {subprocess.py:93} INFO -   409 POST https://bigquery.googleapis.com/bigquery/v2/projects/logistics-500519/jobs?prettyPrint=false: Already Exists: Job logistics-500519:US.c3afb7e1-0cec-4075-8b4f-0e974f5dc7e1
[2026-07-04T06:09:55.281+0000] {subprocess.py:93} INFO - 
[2026-07-04T06:09:55.281+0000] {subprocess.py:93} INFO -   Location: None
[2026-07-04T06:09:55.281+0000] {subprocess.py:93} INFO -   Job ID: c3afb7e1-0cec-4075-8b4f-0e974f5dc7e1
[2026-07-04T06:09:55.282+0000] {subprocess.py:93} INFO - 
[2026-07-04T06:09:55.284+0000] {subprocess.py:93} INFO -   compiled code at target/run/logistics_lakehouse/models/mart/fact_shipment_weather.sql
[2026-07-04T06:09:55.285+0000] {subprocess.py:93} INFO - [0m06:09:55
[2026-07-04T06:09:55.286+0000] {subprocess.py:93} INFO - [0m06:09:55    compiled code at target/compiled/logistics_lakehouse/models/mart/fact_shipment_weather.sql
[2026-07-04T06:09:55.287+0000] {subprocess.py:93} INFO - [0m06:09:55
[2026-07-04T06:09:55.287+0000] {subprocess.py:93} INFO - [0m06:09:55  Done. PASS=4 WARN=0 ERROR=1 SKIP=0 NO-OP=0 TOTAL=5
[2026-07-04T06:09:58.255+0000] {subprocess.py:97} INFO - Command exited with return code 1
[2026-07-04T06:09:58.264+0000] {taskinstance.py:441} INFO - ::group::Post task execution logs
[2026-07-04T06:09:58.366+0000] {taskinstance.py:2905} ERROR - Task failed with exception
Traceback (most recent call last):
  File "/home/airflow/.local/lib/python3.12/site-packages/airflow/models/taskinstance.py", line 465, in _execute_task
    result = _execute_callable(context=context, **execute_callable_kwargs)
             ^^^^^^^^^^^^^^^^^^^^^^^^^^^^^^^^^^^^^^^^^^^^^^^^^^^^^^^^^^^^^
  File "/home/airflow/.local/lib/python3.12/site-packages/airflow/models/taskinstance.py", line 432, in _execute_callable
    return execute_callable(context=context, **execute_callable_kwargs)
           ^^^^^^^^^^^^^^^^^^^^^^^^^^^^^^^^^^^^^^^^^^^^^^^^^^^^^^^^^^^^
  File "/home/airflow/.local/lib/python3.12/site-packages/airflow/models/baseoperator.py", line 400, in wrapper
    return func(self, *args, **kwargs)
           ^^^^^^^^^^^^^^^^^^^^^^^^^^^
  File "/home/airflow/.local/lib/python3.12/site-packages/airflow/operators/bash.py", line 243, in execute
    raise AirflowException(
airflow.exceptions.AirflowException: Bash command failed. The command returned a non-zero exit code 1.
[2026-07-04T06:09:58.389+0000] {taskinstance.py:1206} INFO - Marking task as UP_FOR_RETRY. dag_id=gold_dbt_dag, task_id=trigger_dbt_build, run_id=dataset_triggered__2026-07-03T21:01:04.226068+00:00, execution_date=20260703T210104, start_date=20260703T210104, end_date=20260704T060958
[2026-07-04T06:09:58.437+0000] {standard_task_runner.py:110} ERROR - Failed to execute job 434 for task trigger_dbt_build (Bash command failed. The command returned a non-zero exit code 1.; 27085)
[2026-07-04T06:09:58.460+0000] {local_task_job_runner.py:240} INFO - Task exited with return code 1
[2026-07-04T06:09:58.533+0000] {taskinstance.py:3498} INFO - 0 downstream tasks scheduled from follow-on schedule check
[2026-07-04T06:09:58.534+0000] {local_task_job_runner.py:222} INFO - ::endgroup::
