[2026-07-12T20:00:16.094+0000] {local_task_job_runner.py:120} INFO - ::group::Pre task execution logs
[2026-07-12T20:00:16.123+0000] {taskinstance.py:2076} INFO - Dependencies all met for dep_context=non-requeueable deps ti=<TaskInstance: gold_dbt_dag.trigger_dbt_build dataset_triggered__2026-07-12T20:00:15.285420+00:00 [queued]>
[2026-07-12T20:00:16.127+0000] {taskinstance.py:2076} INFO - Dependencies all met for dep_context=requeueable deps ti=<TaskInstance: gold_dbt_dag.trigger_dbt_build dataset_triggered__2026-07-12T20:00:15.285420+00:00 [queued]>
[2026-07-12T20:00:16.127+0000] {taskinstance.py:2306} INFO - Starting attempt 1 of 2
[2026-07-12T20:00:16.132+0000] {taskinstance.py:2330} INFO - Executing <Task(BashOperator): trigger_dbt_build> on 2026-07-12 20:00:15.285420+00:00
[2026-07-12T20:00:16.138+0000] {standard_task_runner.py:90} INFO - Running: ['***', 'tasks', 'run', 'gold_dbt_dag', 'trigger_dbt_build', 'dataset_triggered__2026-07-12T20:00:15.285420+00:00', '--job-id', '236', '--raw', '--subdir', 'DAGS_FOLDER/dag_gold_dbt.py', '--cfg-path', '/tmp/tmpn3mz3ffc']
[2026-07-12T20:00:16.140+0000] {standard_task_runner.py:91} INFO - Job 236: Subtask trigger_dbt_build
[2026-07-12T20:00:16.141+0000] {logging_mixin.py:188} WARNING - /home/***/.local/lib/python3.12/site-packages/***/task/task_runner/standard_task_runner.py:61 DeprecationWarning: This process (pid=41797) is multi-threaded, use of fork() may lead to deadlocks in the child.
[2026-07-12T20:00:16.141+0000] {standard_task_runner.py:63} INFO - Started process 41798 to run task
[2026-07-12T20:00:16.171+0000] {task_command.py:426} INFO - Running <TaskInstance: gold_dbt_dag.trigger_dbt_build dataset_triggered__2026-07-12T20:00:15.285420+00:00 [running]> on host ad4e12f53b08
[2026-07-12T20:00:16.230+0000] {taskinstance.py:2648} INFO - Exporting env vars: AIRFLOW_CTX_DAG_OWNER='data_engineer' AIRFLOW_CTX_DAG_ID='gold_dbt_dag' AIRFLOW_CTX_TASK_ID='trigger_dbt_build' AIRFLOW_CTX_EXECUTION_DATE='2026-07-12T20:00:15.285420+00:00' AIRFLOW_CTX_TRY_NUMBER='1' AIRFLOW_CTX_DAG_RUN_ID='dataset_triggered__2026-07-12T20:00:15.285420+00:00'
[2026-07-12T20:00:16.231+0000] {taskinstance.py:430} INFO - ::endgroup::
[2026-07-12T20:00:16.248+0000] {subprocess.py:63} INFO - Tmp dir root location: /tmp
[2026-07-12T20:00:16.249+0000] {subprocess.py:75} INFO - Running command: ['/usr/bin/bash', '-c', 'cd /opt/***/dbt && dbt build --profiles-dir . --target dev']
[2026-07-12T20:00:16.255+0000] {subprocess.py:86} INFO - Output:
[2026-07-12T20:00:17.733+0000] {subprocess.py:93} INFO - [0m20:00:17  Running with dbt=1.11.11
[2026-07-12T20:00:18.527+0000] {subprocess.py:93} INFO - [0m20:00:18  Registered adapter: bigquery=1.11.3
[2026-07-12T20:00:18.815+0000] {subprocess.py:93} INFO - [0m20:00:18  Found 6 models, 4 sources, 553 macros
[2026-07-12T20:00:18.816+0000] {subprocess.py:93} INFO - [0m20:00:18
[2026-07-12T20:00:18.817+0000] {subprocess.py:93} INFO - [0m20:00:18  Concurrency: 4 threads (target='dev')
[2026-07-12T20:00:18.817+0000] {subprocess.py:93} INFO - [0m20:00:18
[2026-07-12T20:00:20.307+0000] {subprocess.py:93} INFO - [0m20:00:20  1 of 6 START sql table model logistics_mart.dim_drivers ........................ [RUN]
[2026-07-12T20:00:20.308+0000] {subprocess.py:93} INFO - [0m20:00:20  2 of 6 START sql table model logistics_mart.dim_hubs ........................... [RUN]
[2026-07-12T20:00:20.308+0000] {subprocess.py:93} INFO - [0m20:00:20  3 of 6 START sql view model logistics_mart.stg_shipments ....................... [RUN]
[2026-07-12T20:00:20.309+0000] {subprocess.py:93} INFO - [0m20:00:20  4 of 6 START sql view model logistics_mart.stg_weather ......................... [RUN]
[2026-07-12T20:00:22.138+0000] {subprocess.py:93} INFO - [0m20:00:22  4 of 6 OK created sql view model logistics_mart.stg_weather .................... [[32mCREATE VIEW (0 processed)[0m in 1.82s]
[2026-07-12T20:00:22.140+0000] {subprocess.py:93} INFO - [0m20:00:22  5 of 6 START sql view model logistics_mart.stg_weather_consensus ............... [RUN]
[2026-07-12T20:00:22.231+0000] {subprocess.py:93} INFO - [0m20:00:22  3 of 6 OK created sql view model logistics_mart.stg_shipments .................. [[32mCREATE VIEW (0 processed)[0m in 1.92s]
[2026-07-12T20:00:23.594+0000] {subprocess.py:93} INFO - [0m20:00:23  2 of 6 OK created sql table model logistics_mart.dim_hubs ...................... [[32mCREATE TABLE (3.0 rows, 176.0 Bytes processed)[0m in 3.28s]
[2026-07-12T20:00:23.738+0000] {subprocess.py:93} INFO - [0m20:00:23  5 of 6 OK created sql view model logistics_mart.stg_weather_consensus .......... [[32mCREATE VIEW (0 processed)[0m in 1.60s]
[2026-07-12T20:00:23.740+0000] {subprocess.py:93} INFO - [0m20:00:23  6 of 6 START sql table model logistics_mart.fact_shipment_weather .............. [RUN]
[2026-07-12T20:00:23.786+0000] {subprocess.py:93} INFO - [0m20:00:23  1 of 6 OK created sql table model logistics_mart.dim_drivers ................... [[32mCREATE TABLE (3.0 rows, 117.0 Bytes processed)[0m in 3.48s]
[2026-07-12T20:00:27.375+0000] {subprocess.py:93} INFO - [0m20:00:27  6 of 6 OK created sql table model logistics_mart.fact_shipment_weather ......... [[32mCREATE TABLE (10.0 rows, 971.0 Bytes processed)[0m in 3.63s]
[2026-07-12T20:00:27.445+0000] {subprocess.py:93} INFO - [0m20:00:27
[2026-07-12T20:00:27.446+0000] {subprocess.py:93} INFO - [0m20:00:27  Finished running 3 table models, 3 view models in 0 hours 0 minutes and 8.63 seconds (8.63s).
[2026-07-12T20:00:27.511+0000] {subprocess.py:93} INFO - [0m20:00:27
[2026-07-12T20:00:27.512+0000] {subprocess.py:93} INFO - [0m20:00:27  [32mCompleted successfully[0m
[2026-07-12T20:00:27.513+0000] {subprocess.py:93} INFO - [0m20:00:27
[2026-07-12T20:00:27.513+0000] {subprocess.py:93} INFO - [0m20:00:27  Done. PASS=6 WARN=0 ERROR=0 SKIP=0 NO-OP=0 TOTAL=6
[2026-07-12T20:00:29.610+0000] {subprocess.py:97} INFO - Command exited with return code 0
[2026-07-12T20:00:29.615+0000] {taskinstance.py:441} INFO - ::group::Post task execution logs
[2026-07-12T20:00:29.658+0000] {taskinstance.py:1206} INFO - Marking task as SUCCESS. dag_id=gold_dbt_dag, task_id=trigger_dbt_build, run_id=dataset_triggered__2026-07-12T20:00:15.285420+00:00, execution_date=20260712T200015, start_date=20260712T200016, end_date=20260712T200029
[2026-07-12T20:00:29.692+0000] {local_task_job_runner.py:240} INFO - Task exited with return code 0
[2026-07-12T20:00:29.706+0000] {taskinstance.py:3498} INFO - 0 downstream tasks scheduled from follow-on schedule check
[2026-07-12T20:00:29.707+0000] {local_task_job_runner.py:222} INFO - ::endgroup::
