[2026-07-09T03:25:22.848+0000] {local_task_job_runner.py:120} INFO - ::group::Pre task execution logs
[2026-07-09T03:25:22.880+0000] {taskinstance.py:2076} INFO - Dependencies all met for dep_context=non-requeueable deps ti=<TaskInstance: gold_dbt_dag.trigger_dbt_build dataset_triggered__2026-07-09T03:08:26.405261+00:00 [queued]>
[2026-07-09T03:25:22.887+0000] {taskinstance.py:2076} INFO - Dependencies all met for dep_context=requeueable deps ti=<TaskInstance: gold_dbt_dag.trigger_dbt_build dataset_triggered__2026-07-09T03:08:26.405261+00:00 [queued]>
[2026-07-09T03:25:22.887+0000] {taskinstance.py:2306} INFO - Starting attempt 2 of 2
[2026-07-09T03:25:22.897+0000] {taskinstance.py:2330} INFO - Executing <Task(BashOperator): trigger_dbt_build> on 2026-07-09 03:08:26.405261+00:00
[2026-07-09T03:25:22.906+0000] {logging_mixin.py:188} WARNING - /home/***/.local/lib/python3.12/site-packages/***/task/task_runner/standard_task_runner.py:61 DeprecationWarning: This process (pid=43556) is multi-threaded, use of fork() may lead to deadlocks in the child.
[2026-07-09T03:25:22.908+0000] {standard_task_runner.py:63} INFO - Started process 43573 to run task
[2026-07-09T03:25:22.907+0000] {standard_task_runner.py:90} INFO - Running: ['***', 'tasks', 'run', 'gold_dbt_dag', 'trigger_dbt_build', 'dataset_triggered__2026-07-09T03:08:26.405261+00:00', '--job-id', '1235', '--raw', '--subdir', 'DAGS_FOLDER/dag_gold_dbt.py', '--cfg-path', '/tmp/tmpmnc764_p']
[2026-07-09T03:25:22.911+0000] {standard_task_runner.py:91} INFO - Job 1235: Subtask trigger_dbt_build
[2026-07-09T03:25:22.961+0000] {task_command.py:426} INFO - Running <TaskInstance: gold_dbt_dag.trigger_dbt_build dataset_triggered__2026-07-09T03:08:26.405261+00:00 [running]> on host bd23e89d97be
[2026-07-09T03:25:23.047+0000] {taskinstance.py:2648} INFO - Exporting env vars: AIRFLOW_CTX_DAG_OWNER='data_engineer' AIRFLOW_CTX_DAG_ID='gold_dbt_dag' AIRFLOW_CTX_TASK_ID='trigger_dbt_build' AIRFLOW_CTX_EXECUTION_DATE='2026-07-09T03:08:26.405261+00:00' AIRFLOW_CTX_TRY_NUMBER='2' AIRFLOW_CTX_DAG_RUN_ID='dataset_triggered__2026-07-09T03:08:26.405261+00:00'
[2026-07-09T03:25:23.048+0000] {taskinstance.py:430} INFO - ::endgroup::
[2026-07-09T03:25:23.081+0000] {subprocess.py:63} INFO - Tmp dir root location: /tmp
[2026-07-09T03:25:23.084+0000] {subprocess.py:75} INFO - Running command: ['/usr/bin/bash', '-c', 'cd /opt/***/dbt && dbt build --profiles-dir . --target dev']
[2026-07-09T03:25:23.096+0000] {subprocess.py:86} INFO - Output:
[2026-07-09T03:25:24.628+0000] {subprocess.py:93} INFO - [0m03:25:24  Running with dbt=1.11.11
[2026-07-09T03:25:25.350+0000] {subprocess.py:93} INFO - [0m03:25:25  Registered adapter: bigquery=1.11.3
[2026-07-09T03:25:25.662+0000] {subprocess.py:93} INFO - [0m03:25:25  Found 6 models, 4 sources, 553 macros
[2026-07-09T03:25:25.664+0000] {subprocess.py:93} INFO - [0m03:25:25
[2026-07-09T03:25:25.664+0000] {subprocess.py:93} INFO - [0m03:25:25  Concurrency: 4 threads (target='dev')
[2026-07-09T03:25:25.664+0000] {subprocess.py:93} INFO - [0m03:25:25
[2026-07-09T03:25:27.259+0000] {subprocess.py:93} INFO - [0m03:25:27  1 of 6 START sql table model logistics_mart.dim_drivers ........................ [RUN]
[2026-07-09T03:25:27.260+0000] {subprocess.py:93} INFO - [0m03:25:27  2 of 6 START sql table model logistics_mart.dim_hubs ........................... [RUN]
[2026-07-09T03:25:27.261+0000] {subprocess.py:93} INFO - [0m03:25:27  3 of 6 START sql view model logistics_mart.stg_shipments ....................... [RUN]
[2026-07-09T03:25:27.261+0000] {subprocess.py:93} INFO - [0m03:25:27  4 of 6 START sql view model logistics_mart.stg_weather ......................... [RUN]
[2026-07-09T03:25:29.124+0000] {subprocess.py:93} INFO - [0m03:25:29  3 of 6 OK created sql view model logistics_mart.stg_shipments .................. [[32mCREATE VIEW (0 processed)[0m in 1.86s]
[2026-07-09T03:25:29.126+0000] {subprocess.py:93} INFO - [0m03:25:29  5 of 6 START sql view model logistics_mart.stg_weather_consensus ............... [RUN]
[2026-07-09T03:25:29.152+0000] {subprocess.py:93} INFO - [0m03:25:29  4 of 6 OK created sql view model logistics_mart.stg_weather .................... [[32mCREATE VIEW (0 processed)[0m in 1.89s]
[2026-07-09T03:25:30.483+0000] {subprocess.py:93} INFO - [0m03:25:30  BigQuery adapter: https://console.cloud.google.com/bigquery?project=logistics-500519&j=bq:US:d658ce9a-6167-4800-a98f-19b7e4c8b661&page=queryresults
[2026-07-09T03:25:30.505+0000] {subprocess.py:93} INFO - [0m03:25:30  5 of 6 ERROR creating sql view model logistics_mart.stg_weather_consensus ...... [[31mERROR[0m in 1.38s]
[2026-07-09T03:25:30.906+0000] {subprocess.py:93} INFO - [0m03:25:30  1 of 6 OK created sql table model logistics_mart.dim_drivers ................... [[32mCREATE TABLE (3.0 rows, 108.0 Bytes processed)[0m in 3.64s]
[2026-07-09T03:25:31.063+0000] {subprocess.py:93} INFO - [0m03:25:31  2 of 6 OK created sql table model logistics_mart.dim_hubs ...................... [[32mCREATE TABLE (3.0 rows, 149.0 Bytes processed)[0m in 3.80s]
[2026-07-09T03:25:31.066+0000] {subprocess.py:93} INFO - [0m03:25:31  6 of 6 START sql table model logistics_mart.fact_shipment_weather .............. [RUN]
[2026-07-09T03:25:35.097+0000] {subprocess.py:93} INFO - [0m03:25:35  6 of 6 OK created sql table model logistics_mart.fact_shipment_weather ......... [[32mCREATE TABLE (1.4k rows, 91.5 KiB processed)[0m in 4.03s]
[2026-07-09T03:25:35.149+0000] {subprocess.py:93} INFO - [0m03:25:35
[2026-07-09T03:25:35.149+0000] {subprocess.py:93} INFO - [0m03:25:35  Finished running 3 table models, 3 view models in 0 hours 0 minutes and 9.48 seconds (9.48s).
[2026-07-09T03:25:35.197+0000] {subprocess.py:93} INFO - [0m03:25:35
[2026-07-09T03:25:35.198+0000] {subprocess.py:93} INFO - [0m03:25:35  [31mCompleted with 1 error, 0 partial successes, and 0 warnings:[0m
[2026-07-09T03:25:35.198+0000] {subprocess.py:93} INFO - [0m03:25:35
[2026-07-09T03:25:35.199+0000] {subprocess.py:93} INFO - [0m03:25:35  [31mFailure in model stg_weather_consensus (models/staging/stg_weather_consensus.sql)[0m
[2026-07-09T03:25:35.199+0000] {subprocess.py:93} INFO - [0m03:25:35    Database Error in model stg_weather_consensus (models/staging/stg_weather_consensus.sql)
[2026-07-09T03:25:35.199+0000] {subprocess.py:93} INFO -   Unrecognized name: fetched_at at [11:11]
[2026-07-09T03:25:35.200+0000] {subprocess.py:93} INFO -   compiled code at target/run/logistics_lakehouse/models/staging/stg_weather_consensus.sql
[2026-07-09T03:25:35.200+0000] {subprocess.py:93} INFO - [0m03:25:35
[2026-07-09T03:25:35.200+0000] {subprocess.py:93} INFO - [0m03:25:35    compiled code at target/compiled/logistics_lakehouse/models/staging/stg_weather_consensus.sql
[2026-07-09T03:25:35.200+0000] {subprocess.py:93} INFO - [0m03:25:35
[2026-07-09T03:25:35.201+0000] {subprocess.py:93} INFO - [0m03:25:35  Done. PASS=5 WARN=0 ERROR=1 SKIP=0 NO-OP=0 TOTAL=6
[2026-07-09T03:25:37.532+0000] {subprocess.py:97} INFO - Command exited with return code 1
[2026-07-09T03:25:37.538+0000] {taskinstance.py:441} INFO - ::group::Post task execution logs
[2026-07-09T03:25:37.571+0000] {taskinstance.py:2905} ERROR - Task failed with exception
Traceback (most recent call last):
  File "/home/airflow/.local/lib/python3.12/site-packages/airflow/models/taskinstance.py", line 465, in _execute_task
    result = _execute_callable(context=context, **execute_callable_kwargs)
             ^^^^^^^^^^^^^^^^^^^^^^^^^^^^^^^^^^^^^^^^^^^^^^^^^^^^^^^^^^^^^
  File "/home/airflow/.local/lib/python3.12/site-packages/airflow/models/taskinstance.py", line 432, in _execute_callable
    return execute_callable(context=context, **execute_callable_kwargs)
           ^^^^^^^^^^^^^^^^^^^^^^^^^^^^^^^^^^^^^^^^^^^^^^^^^^^^^^^^^^^^
  File "/home/airflow/.local/lib/python3.12/site-packages/airflow/models/baseoperator.py", line 400, in wrapper
    return func(self, *args, **kwargs)
           ^^^^^^^^^^^^^^^^^^^^^^^^^^^
  File "/home/airflow/.local/lib/python3.12/site-packages/airflow/operators/bash.py", line 243, in execute
    raise AirflowException(
airflow.exceptions.AirflowException: Bash command failed. The command returned a non-zero exit code 1.
[2026-07-09T03:25:37.576+0000] {taskinstance.py:1206} INFO - Marking task as FAILED. dag_id=gold_dbt_dag, task_id=trigger_dbt_build, run_id=dataset_triggered__2026-07-09T03:08:26.405261+00:00, execution_date=20260709T030826, start_date=20260709T032522, end_date=20260709T032537
[2026-07-09T03:25:37.592+0000] {standard_task_runner.py:110} ERROR - Failed to execute job 1235 for task trigger_dbt_build (Bash command failed. The command returned a non-zero exit code 1.; 43573)
[2026-07-09T03:25:37.624+0000] {local_task_job_runner.py:240} INFO - Task exited with return code 1
[2026-07-09T03:25:37.646+0000] {taskinstance.py:3498} INFO - 0 downstream tasks scheduled from follow-on schedule check
[2026-07-09T03:25:37.647+0000] {local_task_job_runner.py:222} INFO - ::endgroup::
