[2026-06-25T22:19:20.752+0000] {local_task_job_runner.py:120} INFO - ::group::Pre task execution logs
[2026-06-25T22:19:20.776+0000] {taskinstance.py:2076} INFO - Dependencies all met for dep_context=non-requeueable deps ti=<TaskInstance: dbt_gold_transformation.trigger_dbt_build manual__2026-06-25T22:19:19.907793+00:00 [queued]>
[2026-06-25T22:19:20.780+0000] {taskinstance.py:2076} INFO - Dependencies all met for dep_context=requeueable deps ti=<TaskInstance: dbt_gold_transformation.trigger_dbt_build manual__2026-06-25T22:19:19.907793+00:00 [queued]>
[2026-06-25T22:19:20.780+0000] {taskinstance.py:2306} INFO - Starting attempt 1 of 2
[2026-06-25T22:19:20.786+0000] {taskinstance.py:2330} INFO - Executing <Task(BashOperator): trigger_dbt_build> on 2026-06-25 22:19:19.907793+00:00
[2026-06-25T22:19:20.793+0000] {standard_task_runner.py:90} INFO - Running: ['***', 'tasks', 'run', 'dbt_gold_transformation', 'trigger_dbt_build', 'manual__2026-06-25T22:19:19.907793+00:00', '--job-id', '3', '--raw', '--subdir', 'DAGS_FOLDER/dag_gold_dbt.py', '--cfg-path', '/tmp/tmpohanj5sn']
[2026-06-25T22:19:20.795+0000] {standard_task_runner.py:91} INFO - Job 3: Subtask trigger_dbt_build
[2026-06-25T22:19:20.795+0000] {logging_mixin.py:188} WARNING - /home/***/.local/lib/python3.12/site-packages/***/task/task_runner/standard_task_runner.py:61 DeprecationWarning: This process (pid=1615) is multi-threaded, use of fork() may lead to deadlocks in the child.
[2026-06-25T22:19:20.795+0000] {standard_task_runner.py:63} INFO - Started process 1617 to run task
[2026-06-25T22:19:20.971+0000] {task_command.py:426} INFO - Running <TaskInstance: dbt_gold_transformation.trigger_dbt_build manual__2026-06-25T22:19:19.907793+00:00 [running]> on host 6a613ecd21c6
[2026-06-25T22:19:21.143+0000] {taskinstance.py:2648} INFO - Exporting env vars: AIRFLOW_CTX_DAG_OWNER='data_engineer' AIRFLOW_CTX_DAG_ID='dbt_gold_transformation' AIRFLOW_CTX_TASK_ID='trigger_dbt_build' AIRFLOW_CTX_EXECUTION_DATE='2026-06-25T22:19:19.907793+00:00' AIRFLOW_CTX_TRY_NUMBER='1' AIRFLOW_CTX_DAG_RUN_ID='manual__2026-06-25T22:19:19.907793+00:00'
[2026-06-25T22:19:21.144+0000] {taskinstance.py:430} INFO - ::endgroup::
[2026-06-25T22:19:21.187+0000] {subprocess.py:63} INFO - Tmp dir root location: /tmp
[2026-06-25T22:19:21.188+0000] {subprocess.py:75} INFO - Running command: ['/usr/bin/bash', '-c', 'cd /opt/***/dbt && dbt build --profiles-dir . --target dev']
[2026-06-25T22:19:21.200+0000] {subprocess.py:86} INFO - Output:
[2026-06-25T22:19:23.349+0000] {subprocess.py:93} INFO - [0m22:19:23  Running with dbt=1.11.11
[2026-06-25T22:19:24.711+0000] {subprocess.py:93} INFO - [0m22:19:24  [[33mWARNING[0m][MissingPlusPrefixDeprecation]: Deprecated functionality
[2026-06-25T22:19:24.712+0000] {subprocess.py:93} INFO - Missing '+' prefix on `materialized` found at
[2026-06-25T22:19:24.713+0000] {subprocess.py:93} INFO - `logistics_lakehouse.staging.materialized` in file
[2026-06-25T22:19:24.713+0000] {subprocess.py:93} INFO - `/opt/***/dbt/dbt_project.yml`. Hierarchical config values without a '+'
[2026-06-25T22:19:24.713+0000] {subprocess.py:93} INFO - prefix are deprecated in dbt_project.yml.
[2026-06-25T22:19:24.828+0000] {subprocess.py:93} INFO - [0m22:19:24  Registered adapter: bigquery=1.11.3
[2026-06-25T22:19:25.104+0000] {subprocess.py:93} INFO - [0m22:19:25  Found 5 models, 4 sources, 553 macros
[2026-06-25T22:19:25.105+0000] {subprocess.py:93} INFO - [0m22:19:25
[2026-06-25T22:19:25.105+0000] {subprocess.py:93} INFO - [0m22:19:25  Concurrency: 4 threads (target='dev')
[2026-06-25T22:19:25.105+0000] {subprocess.py:93} INFO - [0m22:19:25
[2026-06-25T22:19:27.007+0000] {subprocess.py:93} INFO - [0m22:19:27  1 of 5 START sql table model logistics_mart.dim_drivers ........................ [RUN]
[2026-06-25T22:19:27.007+0000] {subprocess.py:93} INFO - [0m22:19:27  2 of 5 START sql table model logistics_mart.dim_hubs ........................... [RUN]
[2026-06-25T22:19:27.007+0000] {subprocess.py:93} INFO - [0m22:19:27  3 of 5 START sql view model logistics_mart.stg_shipments ....................... [RUN]
[2026-06-25T22:19:27.008+0000] {subprocess.py:93} INFO - [0m22:19:27  4 of 5 START sql view model logistics_mart.stg_weather ......................... [RUN]
[2026-06-25T22:19:27.928+0000] {subprocess.py:93} INFO - [0m22:19:27  BigQuery adapter: https://console.cloud.google.com/bigquery?project=logistics-500519&j=bq:US:6219763e-2816-4737-a0f7-096dded5f653&page=queryresults
[2026-06-25T22:19:27.938+0000] {subprocess.py:93} INFO - [0m22:19:27  3 of 5 ERROR creating sql view model logistics_mart.stg_shipments .............. [[31mERROR[0m in 0.93s]
[2026-06-25T22:19:27.955+0000] {subprocess.py:93} INFO - [0m22:19:27  BigQuery adapter: https://console.cloud.google.com/bigquery?project=logistics-500519&j=bq:US:7b05493e-97a5-4cda-8868-0b680a73250c&page=queryresults
[2026-06-25T22:19:27.959+0000] {subprocess.py:93} INFO - [0m22:19:27  4 of 5 ERROR creating sql view model logistics_mart.stg_weather ................ [[31mERROR[0m in 0.95s]
[2026-06-25T22:19:27.988+0000] {subprocess.py:93} INFO - [0m22:19:27  BigQuery adapter: https://console.cloud.google.com/bigquery?project=logistics-500519&j=bq:US:1059a8f1-ecf0-4f71-8871-d5b774f7c180&page=queryresults
[2026-06-25T22:19:27.993+0000] {subprocess.py:93} INFO - [0m22:19:27  2 of 5 ERROR creating sql table model logistics_mart.dim_hubs .................. [[31mERROR[0m in 0.98s]
[2026-06-25T22:19:27.995+0000] {subprocess.py:93} INFO - [0m22:19:27  5 of 5 SKIP relation logistics_mart.fact_shipment_weather ...................... [[33mSKIP[0m]
[2026-06-25T22:19:28.032+0000] {subprocess.py:93} INFO - [0m22:19:28  BigQuery adapter: https://console.cloud.google.com/bigquery?project=logistics-500519&j=bq:US:15118f02-726f-4ea5-bda0-cfb5183ae89a&page=queryresults
[2026-06-25T22:19:28.038+0000] {subprocess.py:93} INFO - [0m22:19:28  1 of 5 ERROR creating sql table model logistics_mart.dim_drivers ............... [[31mERROR[0m in 1.03s]
[2026-06-25T22:19:28.072+0000] {subprocess.py:93} INFO - [0m22:19:28
[2026-06-25T22:19:28.072+0000] {subprocess.py:93} INFO - [0m22:19:28  Finished running 3 table models, 2 view models in 0 hours 0 minutes and 2.97 seconds (2.97s).
[2026-06-25T22:19:28.109+0000] {subprocess.py:93} INFO - [0m22:19:28
[2026-06-25T22:19:28.110+0000] {subprocess.py:93} INFO - [0m22:19:28  [31mCompleted with 4 errors, 0 partial successes, and 0 warnings:[0m
[2026-06-25T22:19:28.110+0000] {subprocess.py:93} INFO - [0m22:19:28
[2026-06-25T22:19:28.110+0000] {subprocess.py:93} INFO - [0m22:19:28  [31mFailure in model stg_shipments (models/staging/stg_shipments.sql)[0m
[2026-06-25T22:19:28.110+0000] {subprocess.py:93} INFO - [0m22:19:28    Database Error in model stg_shipments (models/staging/stg_shipments.sql)
[2026-06-25T22:19:28.111+0000] {subprocess.py:93} INFO -   Invalid project ID 'logistics_db'. Project IDs must contain 6-63 lowercase letters, digits, or dashes. Some project IDs also include domain name separated by a colon. IDs must start with a letter and may not end with a dash.
[2026-06-25T22:19:28.111+0000] {subprocess.py:93} INFO -   compiled code at target/run/logistics_lakehouse/models/staging/stg_shipments.sql
[2026-06-25T22:19:28.111+0000] {subprocess.py:93} INFO - [0m22:19:28
[2026-06-25T22:19:28.111+0000] {subprocess.py:93} INFO - [0m22:19:28    compiled code at target/compiled/logistics_lakehouse/models/staging/stg_shipments.sql
[2026-06-25T22:19:28.111+0000] {subprocess.py:93} INFO - [0m22:19:28
[2026-06-25T22:19:28.112+0000] {subprocess.py:93} INFO - [0m22:19:28  [31mFailure in model stg_weather (models/staging/stg_weather.sql)[0m
[2026-06-25T22:19:28.112+0000] {subprocess.py:93} INFO - [0m22:19:28    Database Error in model stg_weather (models/staging/stg_weather.sql)
[2026-06-25T22:19:28.113+0000] {subprocess.py:93} INFO -   Invalid project ID 'logistics_db  -- If storing raw weather here, or your staging destination'. Project IDs must contain 6-63 lowercase letters, digits, or dashes. Some project IDs also include domain name separated by a colon. IDs must start with a letter and may not end with a dash.
[2026-06-25T22:19:28.113+0000] {subprocess.py:93} INFO -   compiled code at target/run/logistics_lakehouse/models/staging/stg_weather.sql
[2026-06-25T22:19:28.113+0000] {subprocess.py:93} INFO - [0m22:19:28
[2026-06-25T22:19:28.113+0000] {subprocess.py:93} INFO - [0m22:19:28    compiled code at target/compiled/logistics_lakehouse/models/staging/stg_weather.sql
[2026-06-25T22:19:28.114+0000] {subprocess.py:93} INFO - [0m22:19:28
[2026-06-25T22:19:28.114+0000] {subprocess.py:93} INFO - [0m22:19:28  [31mFailure in model dim_hubs (models/mart/dim_hubs.sql)[0m
[2026-06-25T22:19:28.114+0000] {subprocess.py:93} INFO - [0m22:19:28    Database Error in model dim_hubs (models/mart/dim_hubs.sql)
[2026-06-25T22:19:28.115+0000] {subprocess.py:93} INFO -   Invalid project ID 'logistics_db'. Project IDs must contain 6-63 lowercase letters, digits, or dashes. Some project IDs also include domain name separated by a colon. IDs must start with a letter and may not end with a dash.
[2026-06-25T22:19:28.115+0000] {subprocess.py:93} INFO -   compiled code at target/run/logistics_lakehouse/models/mart/dim_hubs.sql
[2026-06-25T22:19:28.115+0000] {subprocess.py:93} INFO - [0m22:19:28
[2026-06-25T22:19:28.115+0000] {subprocess.py:93} INFO - [0m22:19:28    compiled code at target/compiled/logistics_lakehouse/models/mart/dim_hubs.sql
[2026-06-25T22:19:28.116+0000] {subprocess.py:93} INFO - [0m22:19:28
[2026-06-25T22:19:28.116+0000] {subprocess.py:93} INFO - [0m22:19:28  [31mFailure in model dim_drivers (models/mart/dim_drivers.sql)[0m
[2026-06-25T22:19:28.116+0000] {subprocess.py:93} INFO - [0m22:19:28    Database Error in model dim_drivers (models/mart/dim_drivers.sql)
[2026-06-25T22:19:28.116+0000] {subprocess.py:93} INFO -   Invalid project ID 'logistics_db'. Project IDs must contain 6-63 lowercase letters, digits, or dashes. Some project IDs also include domain name separated by a colon. IDs must start with a letter and may not end with a dash.
[2026-06-25T22:19:28.116+0000] {subprocess.py:93} INFO -   compiled code at target/run/logistics_lakehouse/models/mart/dim_drivers.sql
[2026-06-25T22:19:28.116+0000] {subprocess.py:93} INFO - [0m22:19:28
[2026-06-25T22:19:28.117+0000] {subprocess.py:93} INFO - [0m22:19:28    compiled code at target/compiled/logistics_lakehouse/models/mart/dim_drivers.sql
[2026-06-25T22:19:28.117+0000] {subprocess.py:93} INFO - [0m22:19:28
[2026-06-25T22:19:28.117+0000] {subprocess.py:93} INFO - [0m22:19:28  Done. PASS=0 WARN=0 ERROR=4 SKIP=1 NO-OP=0 TOTAL=5
[2026-06-25T22:19:28.118+0000] {subprocess.py:93} INFO - [0m22:19:28  [[33mWARNING[0m][DeprecationsSummary]: Deprecated functionality
[2026-06-25T22:19:28.118+0000] {subprocess.py:93} INFO - Summary of encountered deprecations:
[2026-06-25T22:19:28.118+0000] {subprocess.py:93} INFO - - MissingPlusPrefixDeprecation: 2 occurrences
[2026-06-25T22:19:28.118+0000] {subprocess.py:93} INFO - To see all deprecation instances instead of just the first occurrence of each,
[2026-06-25T22:19:28.118+0000] {subprocess.py:93} INFO - run command again with the `--show-all-deprecations` flag. You may also need to
[2026-06-25T22:19:28.118+0000] {subprocess.py:93} INFO - run with `--no-partial-parse` as some deprecations are only encountered during
[2026-06-25T22:19:28.118+0000] {subprocess.py:93} INFO - parsing.
[2026-06-25T22:19:29.587+0000] {subprocess.py:97} INFO - Command exited with return code 1
[2026-06-25T22:19:29.588+0000] {taskinstance.py:441} INFO - ::group::Post task execution logs
[2026-06-25T22:19:29.596+0000] {taskinstance.py:2905} ERROR - Task failed with exception
Traceback (most recent call last):
  File "/home/airflow/.local/lib/python3.12/site-packages/airflow/models/taskinstance.py", line 465, in _execute_task
    result = _execute_callable(context=context, **execute_callable_kwargs)
             ^^^^^^^^^^^^^^^^^^^^^^^^^^^^^^^^^^^^^^^^^^^^^^^^^^^^^^^^^^^^^
  File "/home/airflow/.local/lib/python3.12/site-packages/airflow/models/taskinstance.py", line 432, in _execute_callable
    return execute_callable(context=context, **execute_callable_kwargs)
           ^^^^^^^^^^^^^^^^^^^^^^^^^^^^^^^^^^^^^^^^^^^^^^^^^^^^^^^^^^^^
  File "/home/airflow/.local/lib/python3.12/site-packages/airflow/models/baseoperator.py", line 400, in wrapper
    return func(self, *args, **kwargs)
           ^^^^^^^^^^^^^^^^^^^^^^^^^^^
  File "/home/airflow/.local/lib/python3.12/site-packages/airflow/operators/bash.py", line 243, in execute
    raise AirflowException(
airflow.exceptions.AirflowException: Bash command failed. The command returned a non-zero exit code 1.
[2026-06-25T22:19:29.599+0000] {taskinstance.py:1206} INFO - Marking task as UP_FOR_RETRY. dag_id=dbt_gold_transformation, task_id=trigger_dbt_build, run_id=manual__2026-06-25T22:19:19.907793+00:00, execution_date=20260625T221919, start_date=20260625T221920, end_date=20260625T221929
[2026-06-25T22:19:29.605+0000] {standard_task_runner.py:110} ERROR - Failed to execute job 3 for task trigger_dbt_build (Bash command failed. The command returned a non-zero exit code 1.; 1617)
[2026-06-25T22:19:29.625+0000] {local_task_job_runner.py:240} INFO - Task exited with return code 1
[2026-06-25T22:19:29.634+0000] {taskinstance.py:3498} INFO - 0 downstream tasks scheduled from follow-on schedule check
[2026-06-25T22:19:29.634+0000] {local_task_job_runner.py:222} INFO - ::endgroup::
