[2026-07-04T01:25:55.200+0000] {local_task_job_runner.py:120} INFO - ::group::Pre task execution logs
[2026-07-04T01:25:55.226+0000] {taskinstance.py:2076} INFO - Dependencies all met for dep_context=non-requeueable deps ti=<TaskInstance: gold_dbt_dag.trigger_dbt_build dataset_triggered__2026-07-04T01:25:54.506771+00:00 [queued]>
[2026-07-04T01:25:55.230+0000] {taskinstance.py:2076} INFO - Dependencies all met for dep_context=requeueable deps ti=<TaskInstance: gold_dbt_dag.trigger_dbt_build dataset_triggered__2026-07-04T01:25:54.506771+00:00 [queued]>
[2026-07-04T01:25:55.230+0000] {taskinstance.py:2306} INFO - Starting attempt 1 of 2
[2026-07-04T01:25:55.236+0000] {taskinstance.py:2330} INFO - Executing <Task(BashOperator): trigger_dbt_build> on 2026-07-04 01:25:54.506771+00:00
[2026-07-04T01:25:55.239+0000] {standard_task_runner.py:90} INFO - Running: ['***', 'tasks', 'run', 'gold_dbt_dag', 'trigger_dbt_build', 'dataset_triggered__2026-07-04T01:25:54.506771+00:00', '--job-id', '459', '--raw', '--subdir', 'DAGS_FOLDER/dag_gold_dbt.py', '--cfg-path', '/tmp/tmpn05brm7r']
[2026-07-04T01:25:55.241+0000] {standard_task_runner.py:91} INFO - Job 459: Subtask trigger_dbt_build
[2026-07-04T01:25:55.241+0000] {logging_mixin.py:188} WARNING - /home/***/.local/lib/python3.12/site-packages/***/task/task_runner/standard_task_runner.py:61 DeprecationWarning: This process (pid=29516) is multi-threaded, use of fork() may lead to deadlocks in the child.
[2026-07-04T01:25:55.241+0000] {standard_task_runner.py:63} INFO - Started process 29517 to run task
[2026-07-04T01:25:55.263+0000] {task_command.py:426} INFO - Running <TaskInstance: gold_dbt_dag.trigger_dbt_build dataset_triggered__2026-07-04T01:25:54.506771+00:00 [running]> on host bd23e89d97be
[2026-07-04T01:25:55.313+0000] {taskinstance.py:2648} INFO - Exporting env vars: AIRFLOW_CTX_DAG_OWNER='data_engineer' AIRFLOW_CTX_DAG_ID='gold_dbt_dag' AIRFLOW_CTX_TASK_ID='trigger_dbt_build' AIRFLOW_CTX_EXECUTION_DATE='2026-07-04T01:25:54.506771+00:00' AIRFLOW_CTX_TRY_NUMBER='1' AIRFLOW_CTX_DAG_RUN_ID='dataset_triggered__2026-07-04T01:25:54.506771+00:00'
[2026-07-04T01:25:55.313+0000] {taskinstance.py:430} INFO - ::endgroup::
[2026-07-04T01:25:55.330+0000] {subprocess.py:63} INFO - Tmp dir root location: /tmp
[2026-07-04T01:25:55.330+0000] {subprocess.py:75} INFO - Running command: ['/usr/bin/bash', '-c', 'cd /opt/***/dbt && dbt build --profiles-dir . --target dev']
[2026-07-04T01:25:55.335+0000] {subprocess.py:86} INFO - Output:
[2026-07-04T01:25:56.508+0000] {subprocess.py:93} INFO - [0m01:25:56  Running with dbt=1.11.11
[2026-07-04T01:25:58.400+0000] {subprocess.py:93} INFO - [0m01:25:58  Registered adapter: bigquery=1.11.3
[2026-07-04T01:25:58.698+0000] {subprocess.py:93} INFO - [0m01:25:58  Found 5 models, 4 sources, 553 macros
[2026-07-04T01:25:58.700+0000] {subprocess.py:93} INFO - [0m01:25:58
[2026-07-04T01:25:58.701+0000] {subprocess.py:93} INFO - [0m01:25:58  Concurrency: 4 threads (target='dev')
[2026-07-04T01:25:58.701+0000] {subprocess.py:93} INFO - [0m01:25:58
[2026-07-04T01:26:00.428+0000] {subprocess.py:93} INFO - [0m01:26:00  1 of 5 START sql table model logistics_mart.dim_drivers ........................ [RUN]
[2026-07-04T01:26:00.429+0000] {subprocess.py:93} INFO - [0m01:26:00  2 of 5 START sql table model logistics_mart.dim_hubs ........................... [RUN]
[2026-07-04T01:26:00.429+0000] {subprocess.py:93} INFO - [0m01:26:00  3 of 5 START sql view model logistics_mart.stg_shipments ....................... [RUN]
[2026-07-04T01:26:00.429+0000] {subprocess.py:93} INFO - [0m01:26:00  4 of 5 START sql view model logistics_mart.stg_weather ......................... [RUN]
[2026-07-04T01:26:02.487+0000] {subprocess.py:93} INFO - [0m01:26:02  3 of 5 OK created sql view model logistics_mart.stg_shipments .................. [[32mCREATE VIEW (0 processed)[0m in 2.05s]
[2026-07-04T06:47:29.183+0000] {subprocess.py:93} INFO - [0m06:47:29  1 of 5 ERROR creating sql table model logistics_mart.dim_drivers ............... [[31mERROR[0m in 19288.74s]
[2026-07-04T06:47:29.192+0000] {subprocess.py:93} INFO - [0m06:47:29  2 of 5 ERROR creating sql table model logistics_mart.dim_hubs .................. [[31mERROR[0m in 19288.74s]
[2026-07-04T06:47:29.435+0000] {subprocess.py:93} INFO - [0m06:47:29  4 of 5 ERROR creating sql view model logistics_mart.stg_weather ................ [[31mERROR[0m in 19289.00s]
[2026-07-04T06:47:29.445+0000] {subprocess.py:93} INFO - [0m06:47:29  5 of 5 SKIP relation logistics_mart.fact_shipment_weather ...................... [[33mSKIP[0m]
[2026-07-04T06:47:29.498+0000] {subprocess.py:93} INFO - [0m06:47:29
[2026-07-04T06:47:29.498+0000] {subprocess.py:93} INFO - [0m06:47:29  Finished running 3 table models, 2 view models in 5 hours 21 minutes and 30.80 seconds (19290.80s).
[2026-07-04T06:47:29.574+0000] {subprocess.py:93} INFO - [0m06:47:29
[2026-07-04T06:47:29.575+0000] {subprocess.py:93} INFO - [0m06:47:29  [31mCompleted with 3 errors, 0 partial successes, and 0 warnings:[0m
[2026-07-04T06:47:29.575+0000] {subprocess.py:93} INFO - [0m06:47:29
[2026-07-04T06:47:29.576+0000] {subprocess.py:93} INFO - [0m06:47:29  [31mFailure in model dim_hubs (models/mart/dim_hubs.sql)[0m
[2026-07-04T06:47:29.577+0000] {subprocess.py:93} INFO - [0m06:47:29    Database Error in model dim_hubs (models/mart/dim_hubs.sql)
[2026-07-04T06:47:29.578+0000] {subprocess.py:93} INFO -   ('Connection aborted.', RemoteDisconnected('Remote end closed connection without response'))
[2026-07-04T06:47:29.578+0000] {subprocess.py:93} INFO -   compiled code at target/run/logistics_lakehouse/models/mart/dim_hubs.sql
[2026-07-04T06:47:29.579+0000] {subprocess.py:93} INFO - [0m06:47:29
[2026-07-04T06:47:29.580+0000] {subprocess.py:93} INFO - [0m06:47:29    compiled code at target/compiled/logistics_lakehouse/models/mart/dim_hubs.sql
[2026-07-04T06:47:29.580+0000] {subprocess.py:93} INFO - [0m06:47:29
[2026-07-04T06:47:29.580+0000] {subprocess.py:93} INFO - [0m06:47:29  [31mFailure in model dim_drivers (models/mart/dim_drivers.sql)[0m
[2026-07-04T06:47:29.580+0000] {subprocess.py:93} INFO - [0m06:47:29    Database Error in model dim_drivers (models/mart/dim_drivers.sql)
[2026-07-04T06:47:29.580+0000] {subprocess.py:93} INFO -   ('Connection aborted.', RemoteDisconnected('Remote end closed connection without response'))
[2026-07-04T06:47:29.581+0000] {subprocess.py:93} INFO -   compiled code at target/run/logistics_lakehouse/models/mart/dim_drivers.sql
[2026-07-04T06:47:29.581+0000] {subprocess.py:93} INFO - [0m06:47:29
[2026-07-04T06:47:29.581+0000] {subprocess.py:93} INFO - [0m06:47:29    compiled code at target/compiled/logistics_lakehouse/models/mart/dim_drivers.sql
[2026-07-04T06:47:29.581+0000] {subprocess.py:93} INFO - [0m06:47:29
[2026-07-04T06:47:29.581+0000] {subprocess.py:93} INFO - [0m06:47:29  [31mFailure in model stg_weather (models/staging/stg_weather.sql)[0m
[2026-07-04T06:47:29.581+0000] {subprocess.py:93} INFO - [0m06:47:29    Database Error in model stg_weather (models/staging/stg_weather.sql)
[2026-07-04T06:47:29.582+0000] {subprocess.py:93} INFO -   Operation did not complete within the designated timeout of 300 seconds.
[2026-07-04T06:47:29.582+0000] {subprocess.py:93} INFO -   compiled code at target/run/logistics_lakehouse/models/staging/stg_weather.sql
[2026-07-04T06:47:29.582+0000] {subprocess.py:93} INFO - [0m06:47:29
[2026-07-04T06:47:29.582+0000] {subprocess.py:93} INFO - [0m06:47:29    compiled code at target/compiled/logistics_lakehouse/models/staging/stg_weather.sql
[2026-07-04T06:47:29.582+0000] {subprocess.py:93} INFO - [0m06:47:29
[2026-07-04T06:47:29.583+0000] {subprocess.py:93} INFO - [0m06:47:29  Done. PASS=1 WARN=0 ERROR=3 SKIP=1 NO-OP=0 TOTAL=5
[2026-07-04T06:47:31.633+0000] {subprocess.py:97} INFO - Command exited with return code 1
[2026-07-04T06:47:31.635+0000] {taskinstance.py:441} INFO - ::group::Post task execution logs
[2026-07-04T06:47:31.659+0000] {taskinstance.py:2905} ERROR - Task failed with exception
Traceback (most recent call last):
  File "/home/airflow/.local/lib/python3.12/site-packages/airflow/models/taskinstance.py", line 465, in _execute_task
    result = _execute_callable(context=context, **execute_callable_kwargs)
             ^^^^^^^^^^^^^^^^^^^^^^^^^^^^^^^^^^^^^^^^^^^^^^^^^^^^^^^^^^^^^
  File "/home/airflow/.local/lib/python3.12/site-packages/airflow/models/taskinstance.py", line 432, in _execute_callable
    return execute_callable(context=context, **execute_callable_kwargs)
           ^^^^^^^^^^^^^^^^^^^^^^^^^^^^^^^^^^^^^^^^^^^^^^^^^^^^^^^^^^^^
  File "/home/airflow/.local/lib/python3.12/site-packages/airflow/models/baseoperator.py", line 400, in wrapper
    return func(self, *args, **kwargs)
           ^^^^^^^^^^^^^^^^^^^^^^^^^^^
  File "/home/airflow/.local/lib/python3.12/site-packages/airflow/operators/bash.py", line 243, in execute
    raise AirflowException(
airflow.exceptions.AirflowException: Bash command failed. The command returned a non-zero exit code 1.
[2026-07-04T06:47:31.664+0000] {taskinstance.py:1206} INFO - Marking task as UP_FOR_RETRY. dag_id=gold_dbt_dag, task_id=trigger_dbt_build, run_id=dataset_triggered__2026-07-04T01:25:54.506771+00:00, execution_date=20260704T012554, start_date=20260704T012555, end_date=20260704T064731
[2026-07-04T06:47:31.686+0000] {standard_task_runner.py:110} ERROR - Failed to execute job 459 for task trigger_dbt_build (Bash command failed. The command returned a non-zero exit code 1.; 29517)
[2026-07-04T06:47:31.699+0000] {local_task_job_runner.py:240} INFO - Task exited with return code 1
[2026-07-04T06:47:31.714+0000] {taskinstance.py:3498} INFO - 0 downstream tasks scheduled from follow-on schedule check
[2026-07-04T06:47:31.715+0000] {local_task_job_runner.py:222} INFO - ::endgroup::
