[2026-07-04T06:58:21.572+0000] {local_task_job_runner.py:120} INFO - ::group::Pre task execution logs
[2026-07-04T06:58:21.598+0000] {taskinstance.py:2076} INFO - Dependencies all met for dep_context=non-requeueable deps ti=<TaskInstance: gold_dbt_dag.trigger_dbt_build dataset_triggered__2026-07-04T01:25:54.506771+00:00 [queued]>
[2026-07-04T06:58:21.605+0000] {taskinstance.py:2076} INFO - Dependencies all met for dep_context=requeueable deps ti=<TaskInstance: gold_dbt_dag.trigger_dbt_build dataset_triggered__2026-07-04T01:25:54.506771+00:00 [queued]>
[2026-07-04T06:58:21.605+0000] {taskinstance.py:2306} INFO - Starting attempt 2 of 2
[2026-07-04T06:58:21.616+0000] {taskinstance.py:2330} INFO - Executing <Task(BashOperator): trigger_dbt_build> on 2026-07-04 01:25:54.506771+00:00
[2026-07-04T06:58:21.622+0000] {standard_task_runner.py:90} INFO - Running: ['***', 'tasks', 'run', 'gold_dbt_dag', 'trigger_dbt_build', 'dataset_triggered__2026-07-04T01:25:54.506771+00:00', '--job-id', '493', '--raw', '--subdir', 'DAGS_FOLDER/dag_gold_dbt.py', '--cfg-path', '/tmp/tmp33erqyax']
[2026-07-04T06:58:21.624+0000] {standard_task_runner.py:91} INFO - Job 493: Subtask trigger_dbt_build
[2026-07-04T06:58:21.627+0000] {logging_mixin.py:188} WARNING - /home/***/.local/lib/python3.12/site-packages/***/task/task_runner/standard_task_runner.py:61 DeprecationWarning: This process (pid=32182) is multi-threaded, use of fork() may lead to deadlocks in the child.
[2026-07-04T06:58:21.628+0000] {standard_task_runner.py:63} INFO - Started process 32195 to run task
[2026-07-04T06:58:21.669+0000] {task_command.py:426} INFO - Running <TaskInstance: gold_dbt_dag.trigger_dbt_build dataset_triggered__2026-07-04T01:25:54.506771+00:00 [running]> on host bd23e89d97be
[2026-07-04T06:58:21.729+0000] {taskinstance.py:2648} INFO - Exporting env vars: AIRFLOW_CTX_DAG_OWNER='data_engineer' AIRFLOW_CTX_DAG_ID='gold_dbt_dag' AIRFLOW_CTX_TASK_ID='trigger_dbt_build' AIRFLOW_CTX_EXECUTION_DATE='2026-07-04T01:25:54.506771+00:00' AIRFLOW_CTX_TRY_NUMBER='2' AIRFLOW_CTX_DAG_RUN_ID='dataset_triggered__2026-07-04T01:25:54.506771+00:00'
[2026-07-04T06:58:21.729+0000] {taskinstance.py:430} INFO - ::endgroup::
[2026-07-04T06:58:21.742+0000] {subprocess.py:63} INFO - Tmp dir root location: /tmp
[2026-07-04T06:58:21.743+0000] {subprocess.py:75} INFO - Running command: ['/usr/bin/bash', '-c', 'cd /opt/***/dbt && dbt build --profiles-dir . --target dev']
[2026-07-04T06:58:21.750+0000] {subprocess.py:86} INFO - Output:
[2026-07-04T06:58:22.842+0000] {subprocess.py:93} INFO - [0m06:58:22  Running with dbt=1.11.11
[2026-07-04T06:58:23.998+0000] {subprocess.py:93} INFO - [0m06:58:23  Registered adapter: bigquery=1.11.3
[2026-07-04T06:58:24.374+0000] {subprocess.py:93} INFO - [0m06:58:24  Found 5 models, 4 sources, 553 macros
[2026-07-04T06:58:24.377+0000] {subprocess.py:93} INFO - [0m06:58:24
[2026-07-04T06:58:24.377+0000] {subprocess.py:93} INFO - [0m06:58:24  Concurrency: 4 threads (target='dev')
[2026-07-04T06:58:24.377+0000] {subprocess.py:93} INFO - [0m06:58:24
[2026-07-04T06:58:25.927+0000] {subprocess.py:93} INFO - [0m06:58:25  1 of 5 START sql table model logistics_mart.dim_drivers ........................ [RUN]
[2026-07-04T06:58:25.929+0000] {subprocess.py:93} INFO - [0m06:58:25  2 of 5 START sql table model logistics_mart.dim_hubs ........................... [RUN]
[2026-07-04T06:58:25.929+0000] {subprocess.py:93} INFO - [0m06:58:25  3 of 5 START sql view model logistics_mart.stg_shipments ....................... [RUN]
[2026-07-04T06:58:25.930+0000] {subprocess.py:93} INFO - [0m06:58:25  4 of 5 START sql view model logistics_mart.stg_weather ......................... [RUN]
[2026-07-04T06:58:27.756+0000] {subprocess.py:93} INFO - [0m06:58:27  4 of 5 OK created sql view model logistics_mart.stg_weather .................... [[32mCREATE VIEW (0 processed)[0m in 1.82s]
[2026-07-04T06:58:27.757+0000] {subprocess.py:93} INFO - [0m06:58:27  3 of 5 OK created sql view model logistics_mart.stg_shipments .................. [[32mCREATE VIEW (0 processed)[0m in 1.82s]
[2026-07-04T06:58:29.320+0000] {subprocess.py:93} INFO - [0m06:58:29  2 of 5 OK created sql table model logistics_mart.dim_hubs ...................... [[32mCREATE TABLE (3.0 rows, 149.0 Bytes processed)[0m in 3.39s]
[2026-07-04T06:58:29.324+0000] {subprocess.py:93} INFO - [0m06:58:29  5 of 5 START sql table model logistics_mart.fact_shipment_weather .............. [RUN]
[2026-07-04T06:58:29.361+0000] {subprocess.py:93} INFO - [0m06:58:29  1 of 5 OK created sql table model logistics_mart.dim_drivers ................... [[32mCREATE TABLE (3.0 rows, 108.0 Bytes processed)[0m in 3.43s]
[2026-07-04T07:05:49.069+0000] {subprocess.py:93} INFO - [0m07:05:49  5 of 5 ERROR creating sql table model logistics_mart.fact_shipment_weather ..... [[31mERROR[0m in 439.74s]
[2026-07-04T07:05:49.110+0000] {subprocess.py:93} INFO - [0m07:05:49
[2026-07-04T07:05:49.110+0000] {subprocess.py:93} INFO - [0m07:05:49  Finished running 3 table models, 2 view models in 0 hours 7 minutes and 24.73 seconds (444.73s).
[2026-07-04T07:05:49.158+0000] {subprocess.py:93} INFO - [0m07:05:49
[2026-07-04T07:05:49.158+0000] {subprocess.py:93} INFO - [0m07:05:49  [31mCompleted with 1 error, 0 partial successes, and 0 warnings:[0m
[2026-07-04T07:05:49.158+0000] {subprocess.py:93} INFO - [0m07:05:49
[2026-07-04T07:05:49.159+0000] {subprocess.py:93} INFO - [0m07:05:49  [31mFailure in model fact_shipment_weather (models/mart/fact_shipment_weather.sql)[0m
[2026-07-04T07:05:49.159+0000] {subprocess.py:93} INFO - [0m07:05:49    Database Error in model fact_shipment_weather (models/mart/fact_shipment_weather.sql)
[2026-07-04T07:05:49.159+0000] {subprocess.py:93} INFO -   409 POST https://bigquery.googleapis.com/bigquery/v2/projects/logistics-500519/jobs?prettyPrint=false: Already Exists: Job logistics-500519:US.60a07b06-a0ce-45d8-8e88-2b4d8a31fee2
[2026-07-04T07:05:49.159+0000] {subprocess.py:93} INFO - 
[2026-07-04T07:05:49.159+0000] {subprocess.py:93} INFO -   Location: None
[2026-07-04T07:05:49.159+0000] {subprocess.py:93} INFO -   Job ID: 60a07b06-a0ce-45d8-8e88-2b4d8a31fee2
[2026-07-04T07:05:49.159+0000] {subprocess.py:93} INFO - 
[2026-07-04T07:05:49.160+0000] {subprocess.py:93} INFO -   compiled code at target/run/logistics_lakehouse/models/mart/fact_shipment_weather.sql
[2026-07-04T07:05:49.160+0000] {subprocess.py:93} INFO - [0m07:05:49
[2026-07-04T07:05:49.160+0000] {subprocess.py:93} INFO - [0m07:05:49    compiled code at target/compiled/logistics_lakehouse/models/mart/fact_shipment_weather.sql
[2026-07-04T07:05:49.160+0000] {subprocess.py:93} INFO - [0m07:05:49
[2026-07-04T07:05:49.160+0000] {subprocess.py:93} INFO - [0m07:05:49  Done. PASS=4 WARN=0 ERROR=1 SKIP=0 NO-OP=0 TOTAL=5
[2026-07-04T07:05:50.787+0000] {subprocess.py:97} INFO - Command exited with return code 1
[2026-07-04T07:05:50.789+0000] {taskinstance.py:441} INFO - ::group::Post task execution logs
[2026-07-04T07:05:50.806+0000] {taskinstance.py:2905} ERROR - Task failed with exception
Traceback (most recent call last):
  File "/home/airflow/.local/lib/python3.12/site-packages/airflow/models/taskinstance.py", line 465, in _execute_task
    result = _execute_callable(context=context, **execute_callable_kwargs)
             ^^^^^^^^^^^^^^^^^^^^^^^^^^^^^^^^^^^^^^^^^^^^^^^^^^^^^^^^^^^^^
  File "/home/airflow/.local/lib/python3.12/site-packages/airflow/models/taskinstance.py", line 432, in _execute_callable
    return execute_callable(context=context, **execute_callable_kwargs)
           ^^^^^^^^^^^^^^^^^^^^^^^^^^^^^^^^^^^^^^^^^^^^^^^^^^^^^^^^^^^^
  File "/home/airflow/.local/lib/python3.12/site-packages/airflow/models/baseoperator.py", line 400, in wrapper
    return func(self, *args, **kwargs)
           ^^^^^^^^^^^^^^^^^^^^^^^^^^^
  File "/home/airflow/.local/lib/python3.12/site-packages/airflow/operators/bash.py", line 243, in execute
    raise AirflowException(
airflow.exceptions.AirflowException: Bash command failed. The command returned a non-zero exit code 1.
[2026-07-04T07:05:50.811+0000] {taskinstance.py:1206} INFO - Marking task as FAILED. dag_id=gold_dbt_dag, task_id=trigger_dbt_build, run_id=dataset_triggered__2026-07-04T01:25:54.506771+00:00, execution_date=20260704T012554, start_date=20260704T065821, end_date=20260704T070550
[2026-07-04T07:05:50.825+0000] {standard_task_runner.py:110} ERROR - Failed to execute job 493 for task trigger_dbt_build (Bash command failed. The command returned a non-zero exit code 1.; 32195)
[2026-07-04T07:05:50.864+0000] {local_task_job_runner.py:240} INFO - Task exited with return code 1
[2026-07-04T07:05:50.902+0000] {taskinstance.py:3498} INFO - 0 downstream tasks scheduled from follow-on schedule check
[2026-07-04T07:05:50.904+0000] {local_task_job_runner.py:222} INFO - ::endgroup::
