[2026-07-11T11:09:43.289+0000] {local_task_job_runner.py:120} INFO - ::group::Pre task execution logs
[2026-07-11T11:09:43.308+0000] {taskinstance.py:2076} INFO - Dependencies all met for dep_context=non-requeueable deps ti=<TaskInstance: gold_dbt_dag.trigger_dbt_build dataset_triggered__2026-07-11T11:09:42.162900+00:00 [queued]>
[2026-07-11T11:09:43.315+0000] {taskinstance.py:2076} INFO - Dependencies all met for dep_context=requeueable deps ti=<TaskInstance: gold_dbt_dag.trigger_dbt_build dataset_triggered__2026-07-11T11:09:42.162900+00:00 [queued]>
[2026-07-11T11:09:43.315+0000] {taskinstance.py:2306} INFO - Starting attempt 1 of 2
[2026-07-11T11:09:43.321+0000] {taskinstance.py:2330} INFO - Executing <Task(BashOperator): trigger_dbt_build> on 2026-07-11 11:09:42.162900+00:00
[2026-07-11T11:09:43.328+0000] {logging_mixin.py:188} WARNING - /home/***/.local/lib/python3.12/site-packages/***/task/task_runner/standard_task_runner.py:61 DeprecationWarning: This process (pid=67716) is multi-threaded, use of fork() may lead to deadlocks in the child.
[2026-07-11T11:09:43.326+0000] {standard_task_runner.py:90} INFO - Running: ['***', 'tasks', 'run', 'gold_dbt_dag', 'trigger_dbt_build', 'dataset_triggered__2026-07-11T11:09:42.162900+00:00', '--job-id', '1622', '--raw', '--subdir', 'DAGS_FOLDER/dag_gold_dbt.py', '--cfg-path', '/tmp/tmpbuuc4y_4']
[2026-07-11T11:09:43.328+0000] {standard_task_runner.py:63} INFO - Started process 67717 to run task
[2026-07-11T11:09:43.328+0000] {standard_task_runner.py:91} INFO - Job 1622: Subtask trigger_dbt_build
[2026-07-11T11:09:43.348+0000] {task_command.py:426} INFO - Running <TaskInstance: gold_dbt_dag.trigger_dbt_build dataset_triggered__2026-07-11T11:09:42.162900+00:00 [running]> on host bd23e89d97be
[2026-07-11T11:09:43.391+0000] {taskinstance.py:2648} INFO - Exporting env vars: AIRFLOW_CTX_DAG_OWNER='data_engineer' AIRFLOW_CTX_DAG_ID='gold_dbt_dag' AIRFLOW_CTX_TASK_ID='trigger_dbt_build' AIRFLOW_CTX_EXECUTION_DATE='2026-07-11T11:09:42.162900+00:00' AIRFLOW_CTX_TRY_NUMBER='1' AIRFLOW_CTX_DAG_RUN_ID='dataset_triggered__2026-07-11T11:09:42.162900+00:00'
[2026-07-11T11:09:43.392+0000] {taskinstance.py:430} INFO - ::endgroup::
[2026-07-11T11:09:43.401+0000] {subprocess.py:63} INFO - Tmp dir root location: /tmp
[2026-07-11T11:09:43.402+0000] {subprocess.py:75} INFO - Running command: ['/usr/bin/bash', '-c', 'cd /opt/***/dbt && dbt build --profiles-dir . --target dev']
[2026-07-11T11:09:43.408+0000] {subprocess.py:86} INFO - Output:
[2026-07-11T11:09:45.868+0000] {subprocess.py:93} INFO - [0m11:09:45  Running with dbt=1.11.11
[2026-07-11T11:09:46.395+0000] {subprocess.py:93} INFO - [0m11:09:46  Registered adapter: bigquery=1.11.3
[2026-07-11T11:09:46.659+0000] {subprocess.py:93} INFO - [0m11:09:46  Found 6 models, 4 sources, 553 macros
[2026-07-11T11:09:46.660+0000] {subprocess.py:93} INFO - [0m11:09:46
[2026-07-11T11:09:46.660+0000] {subprocess.py:93} INFO - [0m11:09:46  Concurrency: 4 threads (target='dev')
[2026-07-11T11:09:46.661+0000] {subprocess.py:93} INFO - [0m11:09:46
[2026-07-11T12:30:28.429+0000] {subprocess.py:93} INFO - [0m12:30:28  1 of 6 START sql table model logistics_mart.dim_drivers ........................ [RUN]
[2026-07-11T12:30:28.437+0000] {subprocess.py:93} INFO - [0m12:30:28  2 of 6 START sql table model logistics_mart.dim_hubs ........................... [RUN]
[2026-07-11T12:30:28.440+0000] {subprocess.py:93} INFO - [0m12:30:28  4 of 6 START sql view model logistics_mart.stg_weather ......................... [RUN]
[2026-07-11T12:30:28.527+0000] {subprocess.py:93} INFO - [0m12:30:28  3 of 6 START sql view model logistics_mart.stg_shipments ....................... [RUN]
[2026-07-11T12:30:30.811+0000] {subprocess.py:93} INFO - [0m12:30:30  4 of 6 OK created sql view model logistics_mart.stg_weather .................... [[32mCREATE VIEW (0 processed)[0m in 2.36s]
[2026-07-11T12:30:30.816+0000] {subprocess.py:93} INFO - [0m12:30:30  5 of 6 START sql view model logistics_mart.stg_weather_consensus ............... [RUN]
[2026-07-11T12:30:31.012+0000] {subprocess.py:93} INFO - [0m12:30:31  3 of 6 OK created sql view model logistics_mart.stg_shipments .................. [[32mCREATE VIEW (0 processed)[0m in 2.46s]
[2026-07-11T12:30:32.262+0000] {subprocess.py:93} INFO - [0m12:30:32  BigQuery adapter: https://console.cloud.google.com/bigquery?project=logistics-500519&j=bq:US:b3dccf63-a598-4747-a30f-2de08fe3aabb&page=queryresults
[2026-07-11T12:30:32.299+0000] {subprocess.py:93} INFO - [0m12:30:32  5 of 6 ERROR creating sql view model logistics_mart.stg_weather_consensus ...... [[31mERROR[0m in 1.48s]
[2026-07-11T12:30:32.597+0000] {subprocess.py:93} INFO - [0m12:30:32  1 of 6 OK created sql table model logistics_mart.dim_drivers ................... [[32mCREATE TABLE (3.0 rows, 108.0 Bytes processed)[0m in 4.14s]
[2026-07-11T12:30:32.663+0000] {subprocess.py:93} INFO - [0m12:30:32  2 of 6 OK created sql table model logistics_mart.dim_hubs ...................... [[32mCREATE TABLE (3.0 rows, 149.0 Bytes processed)[0m in 4.23s]
[2026-07-11T12:30:32.668+0000] {subprocess.py:93} INFO - [0m12:30:32  6 of 6 START sql table model logistics_mart.fact_shipment_weather .............. [RUN]
[2026-07-11T12:30:36.773+0000] {subprocess.py:93} INFO - [0m12:30:36  6 of 6 OK created sql table model logistics_mart.fact_shipment_weather ......... [[32mCREATE TABLE (1.9k rows, 118.2 KiB processed)[0m in 4.07s]
[2026-07-11T12:30:36.895+0000] {subprocess.py:93} INFO - [0m12:30:36
[2026-07-11T12:30:36.900+0000] {subprocess.py:93} INFO - [0m12:30:36  Finished running 3 table models, 3 view models in 1 hours 20 minutes and 50.23 seconds (4850.23s).
[2026-07-11T12:30:37.230+0000] {subprocess.py:93} INFO - [0m12:30:37
[2026-07-11T12:30:37.241+0000] {subprocess.py:93} INFO - [0m12:30:37  [31mCompleted with 1 error, 0 partial successes, and 0 warnings:[0m
[2026-07-11T12:30:37.256+0000] {subprocess.py:93} INFO - [0m12:30:37
[2026-07-11T12:30:37.265+0000] {subprocess.py:93} INFO - [0m12:30:37  [31mFailure in model stg_weather_consensus (models/staging/stg_weather_consensus.sql)[0m
[2026-07-11T12:30:37.272+0000] {subprocess.py:93} INFO - [0m12:30:37    Database Error in model stg_weather_consensus (models/staging/stg_weather_consensus.sql)
[2026-07-11T12:30:37.273+0000] {subprocess.py:93} INFO -   Unrecognized name: fetched_at at [11:11]
[2026-07-11T12:30:37.274+0000] {subprocess.py:93} INFO -   compiled code at target/run/logistics_lakehouse/models/staging/stg_weather_consensus.sql
[2026-07-11T12:30:37.274+0000] {subprocess.py:93} INFO - [0m12:30:37
[2026-07-11T12:30:37.275+0000] {subprocess.py:93} INFO - [0m12:30:37    compiled code at target/compiled/logistics_lakehouse/models/staging/stg_weather_consensus.sql
[2026-07-11T12:30:37.278+0000] {subprocess.py:93} INFO - [0m12:30:37
[2026-07-11T12:30:37.282+0000] {subprocess.py:93} INFO - [0m12:30:37  Done. PASS=5 WARN=0 ERROR=1 SKIP=0 NO-OP=0 TOTAL=6
[2026-07-11T12:30:39.658+0000] {subprocess.py:97} INFO - Command exited with return code 1
[2026-07-11T12:30:39.659+0000] {taskinstance.py:441} INFO - ::group::Post task execution logs
[2026-07-11T12:30:39.675+0000] {taskinstance.py:2905} ERROR - Task failed with exception
Traceback (most recent call last):
  File "/home/airflow/.local/lib/python3.12/site-packages/airflow/models/taskinstance.py", line 465, in _execute_task
    result = _execute_callable(context=context, **execute_callable_kwargs)
             ^^^^^^^^^^^^^^^^^^^^^^^^^^^^^^^^^^^^^^^^^^^^^^^^^^^^^^^^^^^^^
  File "/home/airflow/.local/lib/python3.12/site-packages/airflow/models/taskinstance.py", line 432, in _execute_callable
    return execute_callable(context=context, **execute_callable_kwargs)
           ^^^^^^^^^^^^^^^^^^^^^^^^^^^^^^^^^^^^^^^^^^^^^^^^^^^^^^^^^^^^
  File "/home/airflow/.local/lib/python3.12/site-packages/airflow/models/baseoperator.py", line 400, in wrapper
    return func(self, *args, **kwargs)
           ^^^^^^^^^^^^^^^^^^^^^^^^^^^
  File "/home/airflow/.local/lib/python3.12/site-packages/airflow/operators/bash.py", line 243, in execute
    raise AirflowException(
airflow.exceptions.AirflowException: Bash command failed. The command returned a non-zero exit code 1.
[2026-07-11T12:30:39.678+0000] {taskinstance.py:1206} INFO - Marking task as UP_FOR_RETRY. dag_id=gold_dbt_dag, task_id=trigger_dbt_build, run_id=dataset_triggered__2026-07-11T11:09:42.162900+00:00, execution_date=20260711T110942, start_date=20260711T110943, end_date=20260711T123039
[2026-07-11T12:30:39.685+0000] {standard_task_runner.py:110} ERROR - Failed to execute job 1622 for task trigger_dbt_build (Bash command failed. The command returned a non-zero exit code 1.; 67717)
[2026-07-11T12:30:39.708+0000] {local_task_job_runner.py:240} INFO - Task exited with return code 1
[2026-07-11T12:30:39.721+0000] {taskinstance.py:3498} INFO - 0 downstream tasks scheduled from follow-on schedule check
[2026-07-11T12:30:39.721+0000] {local_task_job_runner.py:222} INFO - ::endgroup::
