[2026-07-11T01:31:12.465+0000] {local_task_job_runner.py:120} INFO - ::group::Pre task execution logs
[2026-07-11T01:31:12.490+0000] {taskinstance.py:2076} INFO - Dependencies all met for dep_context=non-requeueable deps ti=<TaskInstance: gold_dbt_dag.trigger_dbt_build dataset_triggered__2026-07-11T01:15:09.927320+00:00 [queued]>
[2026-07-11T01:31:12.495+0000] {taskinstance.py:2076} INFO - Dependencies all met for dep_context=requeueable deps ti=<TaskInstance: gold_dbt_dag.trigger_dbt_build dataset_triggered__2026-07-11T01:15:09.927320+00:00 [queued]>
[2026-07-11T01:31:12.496+0000] {taskinstance.py:2306} INFO - Starting attempt 2 of 2
[2026-07-11T01:31:12.507+0000] {taskinstance.py:2330} INFO - Executing <Task(BashOperator): trigger_dbt_build> on 2026-07-11 01:15:09.927320+00:00
[2026-07-11T01:31:12.515+0000] {standard_task_runner.py:90} INFO - Running: ['***', 'tasks', 'run', 'gold_dbt_dag', 'trigger_dbt_build', 'dataset_triggered__2026-07-11T01:15:09.927320+00:00', '--job-id', '1554', '--raw', '--subdir', 'DAGS_FOLDER/dag_gold_dbt.py', '--cfg-path', '/tmp/tmp8drpq6vk']
[2026-07-11T01:31:12.518+0000] {logging_mixin.py:188} WARNING - /home/***/.local/lib/python3.12/site-packages/***/task/task_runner/standard_task_runner.py:61 DeprecationWarning: This process (pid=52011) is multi-threaded, use of fork() may lead to deadlocks in the child.
[2026-07-11T01:31:12.518+0000] {standard_task_runner.py:91} INFO - Job 1554: Subtask trigger_dbt_build
[2026-07-11T01:31:12.518+0000] {standard_task_runner.py:63} INFO - Started process 52024 to run task
[2026-07-11T01:31:12.561+0000] {task_command.py:426} INFO - Running <TaskInstance: gold_dbt_dag.trigger_dbt_build dataset_triggered__2026-07-11T01:15:09.927320+00:00 [running]> on host bd23e89d97be
[2026-07-11T01:31:12.610+0000] {taskinstance.py:2648} INFO - Exporting env vars: AIRFLOW_CTX_DAG_OWNER='data_engineer' AIRFLOW_CTX_DAG_ID='gold_dbt_dag' AIRFLOW_CTX_TASK_ID='trigger_dbt_build' AIRFLOW_CTX_EXECUTION_DATE='2026-07-11T01:15:09.927320+00:00' AIRFLOW_CTX_TRY_NUMBER='2' AIRFLOW_CTX_DAG_RUN_ID='dataset_triggered__2026-07-11T01:15:09.927320+00:00'
[2026-07-11T01:31:12.610+0000] {taskinstance.py:430} INFO - ::endgroup::
[2026-07-11T01:31:12.618+0000] {subprocess.py:63} INFO - Tmp dir root location: /tmp
[2026-07-11T01:31:12.619+0000] {subprocess.py:75} INFO - Running command: ['/usr/bin/bash', '-c', 'cd /opt/***/dbt && dbt build --profiles-dir . --target dev']
[2026-07-11T01:31:12.624+0000] {subprocess.py:86} INFO - Output:
[2026-07-11T01:31:13.656+0000] {subprocess.py:93} INFO - [0m01:31:13  Running with dbt=1.11.11
[2026-07-11T01:31:14.108+0000] {subprocess.py:93} INFO - [0m01:31:14  Registered adapter: bigquery=1.11.3
[2026-07-11T01:31:14.337+0000] {subprocess.py:93} INFO - [0m01:31:14  Found 6 models, 4 sources, 553 macros
[2026-07-11T01:31:14.339+0000] {subprocess.py:93} INFO - [0m01:31:14
[2026-07-11T01:31:14.339+0000] {subprocess.py:93} INFO - [0m01:31:14  Concurrency: 4 threads (target='dev')
[2026-07-11T01:31:14.339+0000] {subprocess.py:93} INFO - [0m01:31:14
[2026-07-11T01:31:16.025+0000] {subprocess.py:93} INFO - [0m01:31:16  1 of 6 START sql table model logistics_mart.dim_drivers ........................ [RUN]
[2026-07-11T01:31:16.025+0000] {subprocess.py:93} INFO - [0m01:31:16  2 of 6 START sql table model logistics_mart.dim_hubs ........................... [RUN]
[2026-07-11T01:31:16.026+0000] {subprocess.py:93} INFO - [0m01:31:16  3 of 6 START sql view model logistics_mart.stg_shipments ....................... [RUN]
[2026-07-11T01:31:16.026+0000] {subprocess.py:93} INFO - [0m01:31:16  4 of 6 START sql view model logistics_mart.stg_weather ......................... [RUN]
[2026-07-11T01:31:18.045+0000] {subprocess.py:93} INFO - [0m01:31:18  3 of 6 OK created sql view model logistics_mart.stg_shipments .................. [[32mCREATE VIEW (0 processed)[0m in 2.01s]
[2026-07-11T01:31:18.046+0000] {subprocess.py:93} INFO - [0m01:31:18  4 of 6 OK created sql view model logistics_mart.stg_weather .................... [[32mCREATE VIEW (0 processed)[0m in 2.02s]
[2026-07-11T01:31:18.048+0000] {subprocess.py:93} INFO - [0m01:31:18  5 of 6 START sql view model logistics_mart.stg_weather_consensus ............... [RUN]
[2026-07-11T01:31:19.251+0000] {subprocess.py:93} INFO - [0m01:31:19  BigQuery adapter: https://console.cloud.google.com/bigquery?project=logistics-500519&j=bq:US:06e3f56a-83c6-4951-b66c-13f18a47717f&page=queryresults
[2026-07-11T01:31:19.268+0000] {subprocess.py:93} INFO - [0m01:31:19  5 of 6 ERROR creating sql view model logistics_mart.stg_weather_consensus ...... [[31mERROR[0m in 1.22s]
[2026-07-11T01:31:19.625+0000] {subprocess.py:93} INFO - [0m01:31:19  1 of 6 OK created sql table model logistics_mart.dim_drivers ................... [[32mCREATE TABLE (3.0 rows, 108.0 Bytes processed)[0m in 3.60s]
[2026-07-11T01:31:19.838+0000] {subprocess.py:93} INFO - [0m01:31:19  2 of 6 OK created sql table model logistics_mart.dim_hubs ...................... [[32mCREATE TABLE (3.0 rows, 149.0 Bytes processed)[0m in 3.81s]
[2026-07-11T01:31:19.840+0000] {subprocess.py:93} INFO - [0m01:31:19  6 of 6 START sql table model logistics_mart.fact_shipment_weather .............. [RUN]
[2026-07-11T01:31:23.801+0000] {subprocess.py:93} INFO - [0m01:31:23  6 of 6 OK created sql table model logistics_mart.fact_shipment_weather ......... [[32mCREATE TABLE (1.8k rows, 113.6 KiB processed)[0m in 3.96s]
[2026-07-11T01:31:23.842+0000] {subprocess.py:93} INFO - [0m01:31:23
[2026-07-11T01:31:23.843+0000] {subprocess.py:93} INFO - [0m01:31:23  Finished running 3 table models, 3 view models in 0 hours 0 minutes and 9.50 seconds (9.50s).
[2026-07-11T01:31:23.871+0000] {subprocess.py:93} INFO - [0m01:31:23
[2026-07-11T01:31:23.871+0000] {subprocess.py:93} INFO - [0m01:31:23  [31mCompleted with 1 error, 0 partial successes, and 0 warnings:[0m
[2026-07-11T01:31:23.871+0000] {subprocess.py:93} INFO - [0m01:31:23
[2026-07-11T01:31:23.872+0000] {subprocess.py:93} INFO - [0m01:31:23  [31mFailure in model stg_weather_consensus (models/staging/stg_weather_consensus.sql)[0m
[2026-07-11T01:31:23.872+0000] {subprocess.py:93} INFO - [0m01:31:23    Database Error in model stg_weather_consensus (models/staging/stg_weather_consensus.sql)
[2026-07-11T01:31:23.872+0000] {subprocess.py:93} INFO -   Unrecognized name: fetched_at at [11:11]
[2026-07-11T01:31:23.872+0000] {subprocess.py:93} INFO -   compiled code at target/run/logistics_lakehouse/models/staging/stg_weather_consensus.sql
[2026-07-11T01:31:23.872+0000] {subprocess.py:93} INFO - [0m01:31:23
[2026-07-11T01:31:23.872+0000] {subprocess.py:93} INFO - [0m01:31:23    compiled code at target/compiled/logistics_lakehouse/models/staging/stg_weather_consensus.sql
[2026-07-11T01:31:23.872+0000] {subprocess.py:93} INFO - [0m01:31:23
[2026-07-11T01:31:23.873+0000] {subprocess.py:93} INFO - [0m01:31:23  Done. PASS=5 WARN=0 ERROR=1 SKIP=0 NO-OP=0 TOTAL=6
[2026-07-11T01:31:25.895+0000] {subprocess.py:97} INFO - Command exited with return code 1
[2026-07-11T01:31:25.896+0000] {taskinstance.py:441} INFO - ::group::Post task execution logs
[2026-07-11T01:31:25.906+0000] {taskinstance.py:2905} ERROR - Task failed with exception
Traceback (most recent call last):
  File "/home/airflow/.local/lib/python3.12/site-packages/airflow/models/taskinstance.py", line 465, in _execute_task
    result = _execute_callable(context=context, **execute_callable_kwargs)
             ^^^^^^^^^^^^^^^^^^^^^^^^^^^^^^^^^^^^^^^^^^^^^^^^^^^^^^^^^^^^^
  File "/home/airflow/.local/lib/python3.12/site-packages/airflow/models/taskinstance.py", line 432, in _execute_callable
    return execute_callable(context=context, **execute_callable_kwargs)
           ^^^^^^^^^^^^^^^^^^^^^^^^^^^^^^^^^^^^^^^^^^^^^^^^^^^^^^^^^^^^
  File "/home/airflow/.local/lib/python3.12/site-packages/airflow/models/baseoperator.py", line 400, in wrapper
    return func(self, *args, **kwargs)
           ^^^^^^^^^^^^^^^^^^^^^^^^^^^
  File "/home/airflow/.local/lib/python3.12/site-packages/airflow/operators/bash.py", line 243, in execute
    raise AirflowException(
airflow.exceptions.AirflowException: Bash command failed. The command returned a non-zero exit code 1.
[2026-07-11T01:31:25.913+0000] {taskinstance.py:1206} INFO - Marking task as FAILED. dag_id=gold_dbt_dag, task_id=trigger_dbt_build, run_id=dataset_triggered__2026-07-11T01:15:09.927320+00:00, execution_date=20260711T011509, start_date=20260711T013112, end_date=20260711T013125
[2026-07-11T01:31:25.921+0000] {standard_task_runner.py:110} ERROR - Failed to execute job 1554 for task trigger_dbt_build (Bash command failed. The command returned a non-zero exit code 1.; 52024)
[2026-07-11T01:31:25.963+0000] {local_task_job_runner.py:240} INFO - Task exited with return code 1
[2026-07-11T01:31:25.973+0000] {taskinstance.py:3498} INFO - 0 downstream tasks scheduled from follow-on schedule check
[2026-07-11T01:31:25.973+0000] {local_task_job_runner.py:222} INFO - ::endgroup::
