[2026-07-05T07:27:52.990+0000] {local_task_job_runner.py:120} INFO - ::group::Pre task execution logs
[2026-07-05T07:27:53.006+0000] {taskinstance.py:2076} INFO - Dependencies all met for dep_context=non-requeueable deps ti=<TaskInstance: gold_dbt_dag.trigger_dbt_build dataset_triggered__2026-07-05T07:27:52.453219+00:00 [queued]>
[2026-07-05T07:27:53.012+0000] {taskinstance.py:2076} INFO - Dependencies all met for dep_context=requeueable deps ti=<TaskInstance: gold_dbt_dag.trigger_dbt_build dataset_triggered__2026-07-05T07:27:52.453219+00:00 [queued]>
[2026-07-05T07:27:53.012+0000] {taskinstance.py:2306} INFO - Starting attempt 1 of 2
[2026-07-05T07:27:53.019+0000] {taskinstance.py:2330} INFO - Executing <Task(BashOperator): trigger_dbt_build> on 2026-07-05 07:27:52.453219+00:00
[2026-07-05T07:27:53.024+0000] {logging_mixin.py:188} WARNING - /home/***/.local/lib/python3.12/site-packages/***/task/task_runner/standard_task_runner.py:61 DeprecationWarning: This process (pid=47170) is multi-threaded, use of fork() may lead to deadlocks in the child.
[2026-07-05T07:27:53.025+0000] {standard_task_runner.py:63} INFO - Started process 47171 to run task
[2026-07-05T07:27:53.023+0000] {standard_task_runner.py:90} INFO - Running: ['***', 'tasks', 'run', 'gold_dbt_dag', 'trigger_dbt_build', 'dataset_triggered__2026-07-05T07:27:52.453219+00:00', '--job-id', '642', '--raw', '--subdir', 'DAGS_FOLDER/dag_gold_dbt.py', '--cfg-path', '/tmp/tmp7073mjs5']
[2026-07-05T07:27:53.026+0000] {standard_task_runner.py:91} INFO - Job 642: Subtask trigger_dbt_build
[2026-07-05T07:27:53.048+0000] {task_command.py:426} INFO - Running <TaskInstance: gold_dbt_dag.trigger_dbt_build dataset_triggered__2026-07-05T07:27:52.453219+00:00 [running]> on host bd23e89d97be
[2026-07-05T07:27:53.090+0000] {taskinstance.py:2648} INFO - Exporting env vars: AIRFLOW_CTX_DAG_OWNER='data_engineer' AIRFLOW_CTX_DAG_ID='gold_dbt_dag' AIRFLOW_CTX_TASK_ID='trigger_dbt_build' AIRFLOW_CTX_EXECUTION_DATE='2026-07-05T07:27:52.453219+00:00' AIRFLOW_CTX_TRY_NUMBER='1' AIRFLOW_CTX_DAG_RUN_ID='dataset_triggered__2026-07-05T07:27:52.453219+00:00'
[2026-07-05T07:27:53.091+0000] {taskinstance.py:430} INFO - ::endgroup::
[2026-07-05T07:27:53.099+0000] {subprocess.py:63} INFO - Tmp dir root location: /tmp
[2026-07-05T07:27:53.100+0000] {subprocess.py:75} INFO - Running command: ['/usr/bin/bash', '-c', 'cd /opt/***/dbt && dbt build --profiles-dir . --target dev']
[2026-07-05T07:27:53.104+0000] {subprocess.py:86} INFO - Output:
[2026-07-05T07:27:54.150+0000] {subprocess.py:93} INFO - [0m07:27:54  Running with dbt=1.11.11
[2026-07-05T07:27:54.656+0000] {subprocess.py:93} INFO - [0m07:27:54  Registered adapter: bigquery=1.11.3
[2026-07-05T07:27:54.887+0000] {subprocess.py:93} INFO - [0m07:27:54  Found 5 models, 4 sources, 553 macros
[2026-07-05T07:27:54.889+0000] {subprocess.py:93} INFO - [0m07:27:54
[2026-07-05T07:27:54.889+0000] {subprocess.py:93} INFO - [0m07:27:54  Concurrency: 4 threads (target='dev')
[2026-07-05T07:27:54.889+0000] {subprocess.py:93} INFO - [0m07:27:54
[2026-07-05T07:27:56.424+0000] {subprocess.py:93} INFO - [0m07:27:56  1 of 5 START sql table model logistics_mart.dim_drivers ........................ [RUN]
[2026-07-05T07:27:56.425+0000] {subprocess.py:93} INFO - [0m07:27:56  2 of 5 START sql table model logistics_mart.dim_hubs ........................... [RUN]
[2026-07-05T07:27:56.425+0000] {subprocess.py:93} INFO - [0m07:27:56  3 of 5 START sql view model logistics_mart.stg_shipments ....................... [RUN]
[2026-07-05T07:27:56.425+0000] {subprocess.py:93} INFO - [0m07:27:56  4 of 5 START sql view model logistics_mart.stg_weather ......................... [RUN]
[2026-07-05T07:27:59.359+0000] {subprocess.py:93} INFO - [0m07:27:59  3 of 5 OK created sql view model logistics_mart.stg_shipments .................. [[32mCREATE VIEW (0 processed)[0m in 2.93s]
[2026-07-05T07:27:59.360+0000] {subprocess.py:93} INFO - [0m07:27:59  4 of 5 OK created sql view model logistics_mart.stg_weather .................... [[32mCREATE VIEW (0 processed)[0m in 2.93s]
[2026-07-05T07:28:00.707+0000] {subprocess.py:93} INFO - [0m07:28:00  2 of 5 OK created sql table model logistics_mart.dim_hubs ...................... [[32mCREATE TABLE (3.0 rows, 149.0 Bytes processed)[0m in 4.28s]
[2026-07-05T07:28:00.713+0000] {subprocess.py:93} INFO - [0m07:28:00  5 of 5 START sql table model logistics_mart.fact_shipment_weather .............. [RUN]
[2026-07-05T09:51:37.438+0000] {subprocess.py:93} INFO - [0m09:51:37  1 of 5 ERROR creating sql table model logistics_mart.dim_drivers ............... [[31mERROR[0m in 8621.01s]
[2026-07-05T09:55:21.239+0000] {subprocess.py:93} INFO - [0m09:55:21  5 of 5 ERROR creating sql table model logistics_mart.fact_shipment_weather ..... [[31mERROR[0m in 8840.52s]
[2026-07-05T09:55:21.281+0000] {subprocess.py:93} INFO - [0m09:55:21
[2026-07-05T09:55:21.282+0000] {subprocess.py:93} INFO - [0m09:55:21  Finished running 3 table models, 2 view models in 2 hours 27 minutes and 26.39 seconds (8846.39s).
[2026-07-05T09:55:21.334+0000] {subprocess.py:93} INFO - [0m09:55:21
[2026-07-05T09:55:21.335+0000] {subprocess.py:93} INFO - [0m09:55:21  [31mCompleted with 2 errors, 0 partial successes, and 0 warnings:[0m
[2026-07-05T09:55:21.335+0000] {subprocess.py:93} INFO - [0m09:55:21
[2026-07-05T09:55:21.335+0000] {subprocess.py:93} INFO - [0m09:55:21  [31mFailure in model dim_drivers (models/mart/dim_drivers.sql)[0m
[2026-07-05T09:55:21.336+0000] {subprocess.py:93} INFO - [0m09:55:21    Database Error in model dim_drivers (models/mart/dim_drivers.sql)
[2026-07-05T09:55:21.336+0000] {subprocess.py:93} INFO -   ('Connection aborted.', RemoteDisconnected('Remote end closed connection without response'))
[2026-07-05T09:55:21.336+0000] {subprocess.py:93} INFO -   compiled code at target/run/logistics_lakehouse/models/mart/dim_drivers.sql
[2026-07-05T09:55:21.336+0000] {subprocess.py:93} INFO - [0m09:55:21
[2026-07-05T09:55:21.336+0000] {subprocess.py:93} INFO - [0m09:55:21    compiled code at target/compiled/logistics_lakehouse/models/mart/dim_drivers.sql
[2026-07-05T09:55:21.337+0000] {subprocess.py:93} INFO - [0m09:55:21
[2026-07-05T09:55:21.337+0000] {subprocess.py:93} INFO - [0m09:55:21  [31mFailure in model fact_shipment_weather (models/mart/fact_shipment_weather.sql)[0m
[2026-07-05T09:55:21.337+0000] {subprocess.py:93} INFO - [0m09:55:21    Database Error in model fact_shipment_weather (models/mart/fact_shipment_weather.sql)
[2026-07-05T09:55:21.337+0000] {subprocess.py:93} INFO -   ('Connection aborted.', RemoteDisconnected('Remote end closed connection without response'))
[2026-07-05T09:55:21.337+0000] {subprocess.py:93} INFO -   compiled code at target/run/logistics_lakehouse/models/mart/fact_shipment_weather.sql
[2026-07-05T09:55:21.337+0000] {subprocess.py:93} INFO - [0m09:55:21
[2026-07-05T09:55:21.338+0000] {subprocess.py:93} INFO - [0m09:55:21    compiled code at target/compiled/logistics_lakehouse/models/mart/fact_shipment_weather.sql
[2026-07-05T09:55:21.338+0000] {subprocess.py:93} INFO - [0m09:55:21
[2026-07-05T09:55:21.338+0000] {subprocess.py:93} INFO - [0m09:55:21  Done. PASS=3 WARN=0 ERROR=2 SKIP=0 NO-OP=0 TOTAL=5
[2026-07-05T09:55:23.162+0000] {subprocess.py:97} INFO - Command exited with return code 1
[2026-07-05T09:55:23.164+0000] {taskinstance.py:441} INFO - ::group::Post task execution logs
[2026-07-05T09:55:23.192+0000] {taskinstance.py:2905} ERROR - Task failed with exception
Traceback (most recent call last):
  File "/home/airflow/.local/lib/python3.12/site-packages/airflow/models/taskinstance.py", line 465, in _execute_task
    result = _execute_callable(context=context, **execute_callable_kwargs)
             ^^^^^^^^^^^^^^^^^^^^^^^^^^^^^^^^^^^^^^^^^^^^^^^^^^^^^^^^^^^^^
  File "/home/airflow/.local/lib/python3.12/site-packages/airflow/models/taskinstance.py", line 432, in _execute_callable
    return execute_callable(context=context, **execute_callable_kwargs)
           ^^^^^^^^^^^^^^^^^^^^^^^^^^^^^^^^^^^^^^^^^^^^^^^^^^^^^^^^^^^^
  File "/home/airflow/.local/lib/python3.12/site-packages/airflow/models/baseoperator.py", line 400, in wrapper
    return func(self, *args, **kwargs)
           ^^^^^^^^^^^^^^^^^^^^^^^^^^^
  File "/home/airflow/.local/lib/python3.12/site-packages/airflow/operators/bash.py", line 243, in execute
    raise AirflowException(
airflow.exceptions.AirflowException: Bash command failed. The command returned a non-zero exit code 1.
[2026-07-05T09:55:23.197+0000] {taskinstance.py:1206} INFO - Marking task as UP_FOR_RETRY. dag_id=gold_dbt_dag, task_id=trigger_dbt_build, run_id=dataset_triggered__2026-07-05T07:27:52.453219+00:00, execution_date=20260705T072752, start_date=20260705T072753, end_date=20260705T095523
[2026-07-05T09:55:23.210+0000] {standard_task_runner.py:110} ERROR - Failed to execute job 642 for task trigger_dbt_build (Bash command failed. The command returned a non-zero exit code 1.; 47171)
[2026-07-05T09:55:23.227+0000] {local_task_job_runner.py:240} INFO - Task exited with return code 1
[2026-07-05T09:55:23.251+0000] {taskinstance.py:3498} INFO - 0 downstream tasks scheduled from follow-on schedule check
[2026-07-05T09:55:23.252+0000] {local_task_job_runner.py:222} INFO - ::endgroup::
