[2026-07-05T10:02:40.342+0000] {local_task_job_runner.py:120} INFO - ::group::Pre task execution logs
[2026-07-05T10:02:40.408+0000] {taskinstance.py:2076} INFO - Dependencies all met for dep_context=non-requeueable deps ti=<TaskInstance: gold_dbt_dag.trigger_dbt_build dataset_triggered__2026-07-05T07:27:52.453219+00:00 [queued]>
[2026-07-05T10:02:40.425+0000] {taskinstance.py:2076} INFO - Dependencies all met for dep_context=requeueable deps ti=<TaskInstance: gold_dbt_dag.trigger_dbt_build dataset_triggered__2026-07-05T07:27:52.453219+00:00 [queued]>
[2026-07-05T10:02:40.427+0000] {taskinstance.py:2306} INFO - Starting attempt 2 of 2
[2026-07-05T10:02:40.446+0000] {taskinstance.py:2330} INFO - Executing <Task(BashOperator): trigger_dbt_build> on 2026-07-05 07:27:52.453219+00:00
[2026-07-05T10:02:40.469+0000] {logging_mixin.py:188} WARNING - /home/***/.local/lib/python3.12/site-packages/***/task/task_runner/standard_task_runner.py:61 DeprecationWarning: This process (pid=48692) is multi-threaded, use of fork() may lead to deadlocks in the child.
[2026-07-05T10:02:40.473+0000] {standard_task_runner.py:63} INFO - Started process 48708 to run task
[2026-07-05T10:02:40.464+0000] {standard_task_runner.py:90} INFO - Running: ['***', 'tasks', 'run', 'gold_dbt_dag', 'trigger_dbt_build', 'dataset_triggered__2026-07-05T07:27:52.453219+00:00', '--job-id', '658', '--raw', '--subdir', 'DAGS_FOLDER/dag_gold_dbt.py', '--cfg-path', '/tmp/tmpl27sxgni']
[2026-07-05T10:02:40.475+0000] {standard_task_runner.py:91} INFO - Job 658: Subtask trigger_dbt_build
[2026-07-05T10:02:40.534+0000] {task_command.py:426} INFO - Running <TaskInstance: gold_dbt_dag.trigger_dbt_build dataset_triggered__2026-07-05T07:27:52.453219+00:00 [running]> on host bd23e89d97be
[2026-07-05T10:02:40.674+0000] {taskinstance.py:2648} INFO - Exporting env vars: AIRFLOW_CTX_DAG_OWNER='data_engineer' AIRFLOW_CTX_DAG_ID='gold_dbt_dag' AIRFLOW_CTX_TASK_ID='trigger_dbt_build' AIRFLOW_CTX_EXECUTION_DATE='2026-07-05T07:27:52.453219+00:00' AIRFLOW_CTX_TRY_NUMBER='2' AIRFLOW_CTX_DAG_RUN_ID='dataset_triggered__2026-07-05T07:27:52.453219+00:00'
[2026-07-05T10:02:40.675+0000] {taskinstance.py:430} INFO - ::endgroup::
[2026-07-05T10:02:40.699+0000] {subprocess.py:63} INFO - Tmp dir root location: /tmp
[2026-07-05T10:02:40.701+0000] {subprocess.py:75} INFO - Running command: ['/usr/bin/bash', '-c', 'cd /opt/***/dbt && dbt build --profiles-dir . --target dev']
[2026-07-05T10:02:40.719+0000] {subprocess.py:86} INFO - Output:
[2026-07-05T10:02:42.833+0000] {subprocess.py:93} INFO - [0m10:02:42  Running with dbt=1.11.11
[2026-07-05T10:02:43.642+0000] {subprocess.py:93} INFO - [0m10:02:43  Registered adapter: bigquery=1.11.3
[2026-07-05T10:02:44.078+0000] {subprocess.py:93} INFO - [0m10:02:44  Found 5 models, 4 sources, 553 macros
[2026-07-05T10:02:44.081+0000] {subprocess.py:93} INFO - [0m10:02:44
[2026-07-05T10:02:44.082+0000] {subprocess.py:93} INFO - [0m10:02:44  Concurrency: 4 threads (target='dev')
[2026-07-05T10:02:44.083+0000] {subprocess.py:93} INFO - [0m10:02:44
[2026-07-05T10:02:45.613+0000] {subprocess.py:93} INFO - [0m10:02:45  1 of 5 START sql table model logistics_mart.dim_drivers ........................ [RUN]
[2026-07-05T10:02:45.614+0000] {subprocess.py:93} INFO - [0m10:02:45  2 of 5 START sql table model logistics_mart.dim_hubs ........................... [RUN]
[2026-07-05T10:02:45.614+0000] {subprocess.py:93} INFO - [0m10:02:45  3 of 5 START sql view model logistics_mart.stg_shipments ....................... [RUN]
[2026-07-05T10:02:45.614+0000] {subprocess.py:93} INFO - [0m10:02:45  4 of 5 START sql view model logistics_mart.stg_weather ......................... [RUN]
[2026-07-05T10:02:47.818+0000] {subprocess.py:93} INFO - [0m10:02:47  4 of 5 OK created sql view model logistics_mart.stg_weather .................... [[32mCREATE VIEW (0 processed)[0m in 2.19s]
[2026-07-05T10:02:47.820+0000] {subprocess.py:93} INFO - [0m10:02:47  3 of 5 OK created sql view model logistics_mart.stg_shipments .................. [[32mCREATE VIEW (0 processed)[0m in 2.19s]
[2026-07-05T10:02:49.037+0000] {subprocess.py:93} INFO - [0m10:02:49  1 of 5 OK created sql table model logistics_mart.dim_drivers ................... [[32mCREATE TABLE (3.0 rows, 108.0 Bytes processed)[0m in 3.42s]
[2026-07-05T10:02:49.106+0000] {subprocess.py:93} INFO - [0m10:02:49  2 of 5 OK created sql table model logistics_mart.dim_hubs ...................... [[32mCREATE TABLE (3.0 rows, 149.0 Bytes processed)[0m in 3.49s]
[2026-07-05T10:02:49.110+0000] {subprocess.py:93} INFO - [0m10:02:49  5 of 5 START sql table model logistics_mart.fact_shipment_weather .............. [RUN]
[2026-07-05T10:02:52.941+0000] {subprocess.py:93} INFO - [0m10:02:52  5 of 5 OK created sql table model logistics_mart.fact_shipment_weather ......... [[32mCREATE TABLE (761.0 rows, 48.4 KiB processed)[0m in 3.82s]
[2026-07-05T10:02:53.079+0000] {subprocess.py:93} INFO - [0m10:02:53
[2026-07-05T10:02:53.082+0000] {subprocess.py:93} INFO - [0m10:02:53  Finished running 3 table models, 2 view models in 0 hours 0 minutes and 8.99 seconds (8.99s).
[2026-07-05T10:02:53.381+0000] {subprocess.py:93} INFO - [0m10:02:53
[2026-07-05T10:02:53.385+0000] {subprocess.py:93} INFO - [0m10:02:53  [32mCompleted successfully[0m
[2026-07-05T10:02:53.393+0000] {subprocess.py:93} INFO - [0m10:02:53
[2026-07-05T10:02:53.402+0000] {subprocess.py:93} INFO - [0m10:02:53  Done. PASS=5 WARN=0 ERROR=0 SKIP=0 NO-OP=0 TOTAL=5
[2026-07-05T10:02:55.119+0000] {subprocess.py:97} INFO - Command exited with return code 0
[2026-07-05T10:02:55.121+0000] {taskinstance.py:441} INFO - ::group::Post task execution logs
[2026-07-05T10:02:55.145+0000] {taskinstance.py:1206} INFO - Marking task as SUCCESS. dag_id=gold_dbt_dag, task_id=trigger_dbt_build, run_id=dataset_triggered__2026-07-05T07:27:52.453219+00:00, execution_date=20260705T072752, start_date=20260705T100240, end_date=20260705T100255
[2026-07-05T10:02:55.180+0000] {local_task_job_runner.py:240} INFO - Task exited with return code 0
[2026-07-05T10:02:55.203+0000] {taskinstance.py:3498} INFO - 0 downstream tasks scheduled from follow-on schedule check
[2026-07-05T10:02:55.204+0000] {local_task_job_runner.py:222} INFO - ::endgroup::
