[2026-07-10T19:06:59.532+0000] {local_task_job_runner.py:120} INFO - ::group::Pre task execution logs
[2026-07-10T19:06:59.553+0000] {taskinstance.py:2076} INFO - Dependencies all met for dep_context=non-requeueable deps ti=<TaskInstance: gold_dbt_dag.trigger_dbt_build dataset_triggered__2026-07-10T19:06:58.304506+00:00 [queued]>
[2026-07-10T19:06:59.557+0000] {taskinstance.py:2076} INFO - Dependencies all met for dep_context=requeueable deps ti=<TaskInstance: gold_dbt_dag.trigger_dbt_build dataset_triggered__2026-07-10T19:06:58.304506+00:00 [queued]>
[2026-07-10T19:06:59.557+0000] {taskinstance.py:2306} INFO - Starting attempt 1 of 2
[2026-07-10T19:06:59.563+0000] {taskinstance.py:2330} INFO - Executing <Task(BashOperator): trigger_dbt_build> on 2026-07-10 19:06:58.304506+00:00
[2026-07-10T19:06:59.574+0000] {standard_task_runner.py:90} INFO - Running: ['***', 'tasks', 'run', 'gold_dbt_dag', 'trigger_dbt_build', 'dataset_triggered__2026-07-10T19:06:58.304506+00:00', '--job-id', '1511', '--raw', '--subdir', 'DAGS_FOLDER/dag_gold_dbt.py', '--cfg-path', '/tmp/tmpfzsrpke2']
[2026-07-10T19:06:59.580+0000] {standard_task_runner.py:91} INFO - Job 1511: Subtask trigger_dbt_build
[2026-07-10T19:06:59.582+0000] {logging_mixin.py:188} WARNING - /home/***/.local/lib/python3.12/site-packages/***/task/task_runner/standard_task_runner.py:61 DeprecationWarning: This process (pid=46024) is multi-threaded, use of fork() may lead to deadlocks in the child.
[2026-07-10T19:06:59.583+0000] {standard_task_runner.py:63} INFO - Started process 46025 to run task
[2026-07-10T19:06:59.616+0000] {task_command.py:426} INFO - Running <TaskInstance: gold_dbt_dag.trigger_dbt_build dataset_triggered__2026-07-10T19:06:58.304506+00:00 [running]> on host bd23e89d97be
[2026-07-10T19:06:59.655+0000] {taskinstance.py:2648} INFO - Exporting env vars: AIRFLOW_CTX_DAG_OWNER='data_engineer' AIRFLOW_CTX_DAG_ID='gold_dbt_dag' AIRFLOW_CTX_TASK_ID='trigger_dbt_build' AIRFLOW_CTX_EXECUTION_DATE='2026-07-10T19:06:58.304506+00:00' AIRFLOW_CTX_TRY_NUMBER='1' AIRFLOW_CTX_DAG_RUN_ID='dataset_triggered__2026-07-10T19:06:58.304506+00:00'
[2026-07-10T19:06:59.656+0000] {taskinstance.py:430} INFO - ::endgroup::
[2026-07-10T19:06:59.670+0000] {subprocess.py:63} INFO - Tmp dir root location: /tmp
[2026-07-10T19:06:59.671+0000] {subprocess.py:75} INFO - Running command: ['/usr/bin/bash', '-c', 'cd /opt/***/dbt && dbt build --profiles-dir . --target dev']
[2026-07-10T19:06:59.677+0000] {subprocess.py:86} INFO - Output:
[2026-07-10T19:07:00.788+0000] {subprocess.py:93} INFO - [0m19:07:00  Running with dbt=1.11.11
[2026-07-10T19:07:01.356+0000] {subprocess.py:93} INFO - [0m19:07:01  Registered adapter: bigquery=1.11.3
[2026-07-10T19:07:01.590+0000] {subprocess.py:93} INFO - [0m19:07:01  Found 6 models, 4 sources, 553 macros
[2026-07-10T19:07:01.591+0000] {subprocess.py:93} INFO - [0m19:07:01
[2026-07-10T19:07:01.591+0000] {subprocess.py:93} INFO - [0m19:07:01  Concurrency: 4 threads (target='dev')
[2026-07-10T19:07:01.592+0000] {subprocess.py:93} INFO - [0m19:07:01
[2026-07-10T19:07:03.203+0000] {subprocess.py:93} INFO - [0m19:07:03  1 of 6 START sql table model logistics_mart.dim_drivers ........................ [RUN]
[2026-07-10T19:07:03.204+0000] {subprocess.py:93} INFO - [0m19:07:03  2 of 6 START sql table model logistics_mart.dim_hubs ........................... [RUN]
[2026-07-10T19:07:03.204+0000] {subprocess.py:93} INFO - [0m19:07:03  3 of 6 START sql view model logistics_mart.stg_shipments ....................... [RUN]
[2026-07-10T19:07:03.205+0000] {subprocess.py:93} INFO - [0m19:07:03  4 of 6 START sql view model logistics_mart.stg_weather ......................... [RUN]
[2026-07-10T19:07:05.211+0000] {subprocess.py:93} INFO - [0m19:07:05  4 of 6 OK created sql view model logistics_mart.stg_weather .................... [[32mCREATE VIEW (0 processed)[0m in 2.00s]
[2026-07-10T19:07:05.212+0000] {subprocess.py:93} INFO - [0m19:07:05  5 of 6 START sql view model logistics_mart.stg_weather_consensus ............... [RUN]
[2026-07-10T19:07:05.748+0000] {subprocess.py:93} INFO - [0m19:07:05  3 of 6 OK created sql view model logistics_mart.stg_shipments .................. [[32mCREATE VIEW (0 processed)[0m in 2.54s]
[2026-07-10T19:07:06.641+0000] {subprocess.py:93} INFO - [0m19:07:06  BigQuery adapter: https://console.cloud.google.com/bigquery?project=logistics-500519&j=bq:US:388fc2ec-ccb6-45f9-a962-65caeeafab21&page=queryresults
[2026-07-10T19:07:06.661+0000] {subprocess.py:93} INFO - [0m19:07:06  5 of 6 ERROR creating sql view model logistics_mart.stg_weather_consensus ...... [[31mERROR[0m in 1.45s]
[2026-07-10T19:07:07.102+0000] {subprocess.py:93} INFO - [0m19:07:07  1 of 6 OK created sql table model logistics_mart.dim_drivers ................... [[32mCREATE TABLE (3.0 rows, 108.0 Bytes processed)[0m in 3.89s]
[2026-07-10T19:07:08.514+0000] {subprocess.py:93} INFO - [0m19:07:08  2 of 6 OK created sql table model logistics_mart.dim_hubs ...................... [[32mCREATE TABLE (3.0 rows, 149.0 Bytes processed)[0m in 5.31s]
[2026-07-10T19:07:08.517+0000] {subprocess.py:93} INFO - [0m19:07:08  6 of 6 START sql table model logistics_mart.fact_shipment_weather .............. [RUN]
[2026-07-10T19:07:12.605+0000] {subprocess.py:93} INFO - [0m19:07:12  6 of 6 OK created sql table model logistics_mart.fact_shipment_weather ......... [[32mCREATE TABLE (1.7k rows, 110.5 KiB processed)[0m in 4.08s]
[2026-07-10T19:07:12.654+0000] {subprocess.py:93} INFO - [0m19:07:12
[2026-07-10T19:07:12.654+0000] {subprocess.py:93} INFO - [0m19:07:12  Finished running 3 table models, 3 view models in 0 hours 0 minutes and 11.06 seconds (11.06s).
[2026-07-10T19:07:12.685+0000] {subprocess.py:93} INFO - [0m19:07:12
[2026-07-10T19:07:12.686+0000] {subprocess.py:93} INFO - [0m19:07:12  [31mCompleted with 1 error, 0 partial successes, and 0 warnings:[0m
[2026-07-10T19:07:12.686+0000] {subprocess.py:93} INFO - [0m19:07:12
[2026-07-10T19:07:12.686+0000] {subprocess.py:93} INFO - [0m19:07:12  [31mFailure in model stg_weather_consensus (models/staging/stg_weather_consensus.sql)[0m
[2026-07-10T19:07:12.687+0000] {subprocess.py:93} INFO - [0m19:07:12    Database Error in model stg_weather_consensus (models/staging/stg_weather_consensus.sql)
[2026-07-10T19:07:12.687+0000] {subprocess.py:93} INFO -   Unrecognized name: fetched_at at [11:11]
[2026-07-10T19:07:12.687+0000] {subprocess.py:93} INFO -   compiled code at target/run/logistics_lakehouse/models/staging/stg_weather_consensus.sql
[2026-07-10T19:07:12.687+0000] {subprocess.py:93} INFO - [0m19:07:12
[2026-07-10T19:07:12.687+0000] {subprocess.py:93} INFO - [0m19:07:12    compiled code at target/compiled/logistics_lakehouse/models/staging/stg_weather_consensus.sql
[2026-07-10T19:07:12.687+0000] {subprocess.py:93} INFO - [0m19:07:12
[2026-07-10T19:07:12.688+0000] {subprocess.py:93} INFO - [0m19:07:12  Done. PASS=5 WARN=0 ERROR=1 SKIP=0 NO-OP=0 TOTAL=6
[2026-07-10T19:07:14.698+0000] {subprocess.py:97} INFO - Command exited with return code 1
[2026-07-10T19:07:14.700+0000] {taskinstance.py:441} INFO - ::group::Post task execution logs
[2026-07-10T19:07:14.709+0000] {taskinstance.py:2905} ERROR - Task failed with exception
Traceback (most recent call last):
  File "/home/airflow/.local/lib/python3.12/site-packages/airflow/models/taskinstance.py", line 465, in _execute_task
    result = _execute_callable(context=context, **execute_callable_kwargs)
             ^^^^^^^^^^^^^^^^^^^^^^^^^^^^^^^^^^^^^^^^^^^^^^^^^^^^^^^^^^^^^
  File "/home/airflow/.local/lib/python3.12/site-packages/airflow/models/taskinstance.py", line 432, in _execute_callable
    return execute_callable(context=context, **execute_callable_kwargs)
           ^^^^^^^^^^^^^^^^^^^^^^^^^^^^^^^^^^^^^^^^^^^^^^^^^^^^^^^^^^^^
  File "/home/airflow/.local/lib/python3.12/site-packages/airflow/models/baseoperator.py", line 400, in wrapper
    return func(self, *args, **kwargs)
           ^^^^^^^^^^^^^^^^^^^^^^^^^^^
  File "/home/airflow/.local/lib/python3.12/site-packages/airflow/operators/bash.py", line 243, in execute
    raise AirflowException(
airflow.exceptions.AirflowException: Bash command failed. The command returned a non-zero exit code 1.
[2026-07-10T19:07:14.711+0000] {taskinstance.py:1206} INFO - Marking task as UP_FOR_RETRY. dag_id=gold_dbt_dag, task_id=trigger_dbt_build, run_id=dataset_triggered__2026-07-10T19:06:58.304506+00:00, execution_date=20260710T190658, start_date=20260710T190659, end_date=20260710T190714
[2026-07-10T19:07:14.719+0000] {standard_task_runner.py:110} ERROR - Failed to execute job 1511 for task trigger_dbt_build (Bash command failed. The command returned a non-zero exit code 1.; 46025)
[2026-07-10T19:07:14.730+0000] {local_task_job_runner.py:240} INFO - Task exited with return code 1
[2026-07-10T19:07:14.737+0000] {taskinstance.py:3498} INFO - 0 downstream tasks scheduled from follow-on schedule check
[2026-07-10T19:07:14.738+0000] {local_task_job_runner.py:222} INFO - ::endgroup::
