[2026-07-11T21:01:45.656+0000] {local_task_job_runner.py:120} INFO - ::group::Pre task execution logs
[2026-07-11T21:01:45.678+0000] {taskinstance.py:2076} INFO - Dependencies all met for dep_context=non-requeueable deps ti=<TaskInstance: gold_dbt_dag.trigger_dbt_build dataset_triggered__2026-07-11T21:01:45.240930+00:00 [queued]>
[2026-07-11T21:01:45.681+0000] {taskinstance.py:2076} INFO - Dependencies all met for dep_context=requeueable deps ti=<TaskInstance: gold_dbt_dag.trigger_dbt_build dataset_triggered__2026-07-11T21:01:45.240930+00:00 [queued]>
[2026-07-11T21:01:45.681+0000] {taskinstance.py:2306} INFO - Starting attempt 1 of 2
[2026-07-11T21:01:45.688+0000] {taskinstance.py:2330} INFO - Executing <Task(BashOperator): trigger_dbt_build> on 2026-07-11 21:01:45.240930+00:00
[2026-07-11T21:01:45.695+0000] {logging_mixin.py:188} WARNING - /home/***/.local/lib/python3.12/site-packages/***/task/task_runner/standard_task_runner.py:61 DeprecationWarning: This process (pid=7767) is multi-threaded, use of fork() may lead to deadlocks in the child.
[2026-07-11T21:01:45.692+0000] {standard_task_runner.py:90} INFO - Running: ['***', 'tasks', 'run', 'gold_dbt_dag', 'trigger_dbt_build', 'dataset_triggered__2026-07-11T21:01:45.240930+00:00', '--job-id', '46', '--raw', '--subdir', 'DAGS_FOLDER/dag_gold_dbt.py', '--cfg-path', '/tmp/tmpp_4pu0s_']
[2026-07-11T21:01:45.696+0000] {standard_task_runner.py:63} INFO - Started process 7768 to run task
[2026-07-11T21:01:45.696+0000] {standard_task_runner.py:91} INFO - Job 46: Subtask trigger_dbt_build
[2026-07-11T21:01:45.724+0000] {task_command.py:426} INFO - Running <TaskInstance: gold_dbt_dag.trigger_dbt_build dataset_triggered__2026-07-11T21:01:45.240930+00:00 [running]> on host ad4e12f53b08
[2026-07-11T21:01:45.769+0000] {taskinstance.py:2648} INFO - Exporting env vars: AIRFLOW_CTX_DAG_OWNER='data_engineer' AIRFLOW_CTX_DAG_ID='gold_dbt_dag' AIRFLOW_CTX_TASK_ID='trigger_dbt_build' AIRFLOW_CTX_EXECUTION_DATE='2026-07-11T21:01:45.240930+00:00' AIRFLOW_CTX_TRY_NUMBER='1' AIRFLOW_CTX_DAG_RUN_ID='dataset_triggered__2026-07-11T21:01:45.240930+00:00'
[2026-07-11T21:01:45.770+0000] {taskinstance.py:430} INFO - ::endgroup::
[2026-07-11T21:01:45.782+0000] {subprocess.py:63} INFO - Tmp dir root location: /tmp
[2026-07-11T21:01:45.786+0000] {subprocess.py:75} INFO - Running command: ['/usr/bin/bash', '-c', 'cd /opt/***/dbt && dbt build --profiles-dir . --target dev']
[2026-07-11T21:01:45.792+0000] {subprocess.py:86} INFO - Output:
[2026-07-11T21:01:46.888+0000] {subprocess.py:93} INFO - [0m21:01:46  Running with dbt=1.11.11
[2026-07-11T21:01:47.409+0000] {subprocess.py:93} INFO - [0m21:01:47  Registered adapter: bigquery=1.11.3
[2026-07-11T21:01:47.838+0000] {subprocess.py:93} INFO - [0m21:01:47  Found 6 models, 4 sources, 553 macros
[2026-07-11T21:01:47.840+0000] {subprocess.py:93} INFO - [0m21:01:47
[2026-07-11T21:01:47.841+0000] {subprocess.py:93} INFO - [0m21:01:47  Concurrency: 4 threads (target='dev')
[2026-07-11T21:01:47.841+0000] {subprocess.py:93} INFO - [0m21:01:47
[2026-07-11T21:01:49.315+0000] {subprocess.py:93} INFO - [0m21:01:49  1 of 6 START sql table model logistics_mart.dim_drivers ........................ [RUN]
[2026-07-11T21:01:49.316+0000] {subprocess.py:93} INFO - [0m21:01:49  2 of 6 START sql table model logistics_mart.dim_hubs ........................... [RUN]
[2026-07-11T21:01:49.317+0000] {subprocess.py:93} INFO - [0m21:01:49  3 of 6 START sql view model logistics_mart.stg_shipments ....................... [RUN]
[2026-07-11T21:01:49.317+0000] {subprocess.py:93} INFO - [0m21:01:49  4 of 6 START sql view model logistics_mart.stg_weather ......................... [RUN]
[2026-07-11T21:01:50.347+0000] {subprocess.py:93} INFO - [0m21:01:50  [31mUnhandled error while executing [0m
[2026-07-11T21:01:50.348+0000] {subprocess.py:93} INFO - ('invalid_grant: Invalid JWT: Token must be a short-lived token (60 minutes) and in a reasonable timeframe. Check your iat and exp values in the JWT claim.', {'error': 'invalid_grant', 'error_description': 'Invalid JWT: Token must be a short-lived token (60 minutes) and in a reasonable timeframe. Check your iat and exp values in the JWT claim.'})
[2026-07-11T21:01:50.356+0000] {subprocess.py:93} INFO - [0m21:01:50  [31mUnhandled error while executing [0m
[2026-07-11T21:01:50.357+0000] {subprocess.py:93} INFO - ('invalid_grant: Invalid JWT: Token must be a short-lived token (60 minutes) and in a reasonable timeframe. Check your iat and exp values in the JWT claim.', {'error': 'invalid_grant', 'error_description': 'Invalid JWT: Token must be a short-lived token (60 minutes) and in a reasonable timeframe. Check your iat and exp values in the JWT claim.'})
[2026-07-11T21:01:50.373+0000] {subprocess.py:93} INFO - [0m21:01:50  1 of 6 ERROR creating sql table model logistics_mart.dim_drivers ............... [[31mERROR[0m in 1.05s]
[2026-07-11T21:01:50.374+0000] {subprocess.py:93} INFO - [0m21:01:50  2 of 6 ERROR creating sql table model logistics_mart.dim_hubs .................. [[31mERROR[0m in 1.05s]
[2026-07-11T21:01:50.376+0000] {subprocess.py:93} INFO - [0m21:01:50  3 of 6 ERROR creating sql view model logistics_mart.stg_shipments .............. [[31mERROR[0m in 1.06s]
[2026-07-11T21:01:50.376+0000] {subprocess.py:93} INFO - [0m21:01:50  4 of 6 ERROR creating sql view model logistics_mart.stg_weather ................ [[31mERROR[0m in 1.06s]
[2026-07-11T21:01:50.378+0000] {subprocess.py:93} INFO - [0m21:01:50  5 of 6 START sql view model logistics_mart.stg_weather_consensus ............... [RUN]
[2026-07-11T21:01:50.618+0000] {subprocess.py:93} INFO - [0m21:01:50  5 of 6 ERROR creating sql view model logistics_mart.stg_weather_consensus ...... [[31mERROR[0m in 0.24s]
[2026-07-11T21:01:50.621+0000] {subprocess.py:93} INFO - [0m21:01:50  6 of 6 SKIP relation logistics_mart.fact_shipment_weather ...................... [[33mSKIP[0m]
[2026-07-11T21:01:50.653+0000] {subprocess.py:93} INFO - [0m21:01:50
[2026-07-11T21:01:50.654+0000] {subprocess.py:93} INFO - [0m21:01:50  Finished running 3 table models, 3 view models in 0 hours 0 minutes and 2.81 seconds (2.81s).
[2026-07-11T21:01:50.687+0000] {subprocess.py:93} INFO - [0m21:01:50
[2026-07-11T21:01:50.687+0000] {subprocess.py:93} INFO - [0m21:01:50  [31mCompleted with 5 errors, 0 partial successes, and 0 warnings:[0m
[2026-07-11T21:01:50.687+0000] {subprocess.py:93} INFO - [0m21:01:50
[2026-07-11T21:01:50.688+0000] {subprocess.py:93} INFO - [0m21:01:50  [31mFailure in model dim_drivers (models/mart/dim_drivers.sql)[0m
[2026-07-11T21:01:50.688+0000] {subprocess.py:93} INFO - [0m21:01:50    ('invalid_grant: Invalid JWT: Token must be a short-lived token (60 minutes) and in a reasonable timeframe. Check your iat and exp values in the JWT claim.', {'error': 'invalid_grant', 'error_description': 'Invalid JWT: Token must be a short-lived token (60 minutes) and in a reasonable timeframe. Check your iat and exp values in the JWT claim.'})
[2026-07-11T21:01:50.688+0000] {subprocess.py:93} INFO - [0m21:01:50
[2026-07-11T21:01:50.688+0000] {subprocess.py:93} INFO - [0m21:01:50    compiled code at target/compiled/logistics_lakehouse/models/mart/dim_drivers.sql
[2026-07-11T21:01:50.689+0000] {subprocess.py:93} INFO - [0m21:01:50
[2026-07-11T21:01:50.689+0000] {subprocess.py:93} INFO - [0m21:01:50  [31mFailure in model dim_hubs (models/mart/dim_hubs.sql)[0m
[2026-07-11T21:01:50.689+0000] {subprocess.py:93} INFO - [0m21:01:50    ('invalid_grant: Invalid JWT: Token must be a short-lived token (60 minutes) and in a reasonable timeframe. Check your iat and exp values in the JWT claim.', {'error': 'invalid_grant', 'error_description': 'Invalid JWT: Token must be a short-lived token (60 minutes) and in a reasonable timeframe. Check your iat and exp values in the JWT claim.'})
[2026-07-11T21:01:50.689+0000] {subprocess.py:93} INFO - [0m21:01:50
[2026-07-11T21:01:50.689+0000] {subprocess.py:93} INFO - [0m21:01:50    compiled code at target/compiled/logistics_lakehouse/models/mart/dim_hubs.sql
[2026-07-11T21:01:50.690+0000] {subprocess.py:93} INFO - [0m21:01:50
[2026-07-11T21:01:50.690+0000] {subprocess.py:93} INFO - [0m21:01:50  [31mFailure in model stg_shipments (models/staging/stg_shipments.sql)[0m
[2026-07-11T21:01:50.690+0000] {subprocess.py:93} INFO - [0m21:01:50    Database Error in model stg_shipments (models/staging/stg_shipments.sql)
[2026-07-11T21:01:50.690+0000] {subprocess.py:93} INFO -   Unable to generate access token, if you're using impersonate_service_account, make sure your initial account has the "roles/iam.serviceAccountTokenCreator" role on the account you are trying to impersonate.
[2026-07-11T21:01:50.691+0000] {subprocess.py:93} INFO - 
[2026-07-11T21:01:50.691+0000] {subprocess.py:93} INFO -   ('invalid_grant: Invalid JWT: Token must be a short-lived token (60 minutes) and in a reasonable timeframe. Check your iat and exp values in the JWT claim.', {'error': 'invalid_grant', 'error_description': 'Invalid JWT: Token must be a short-lived token (60 minutes) and in a reasonable timeframe. Check your iat and exp values in the JWT claim.'})
[2026-07-11T21:01:50.691+0000] {subprocess.py:93} INFO -   compiled code at target/run/logistics_lakehouse/models/staging/stg_shipments.sql
[2026-07-11T21:01:50.691+0000] {subprocess.py:93} INFO - [0m21:01:50
[2026-07-11T21:01:50.691+0000] {subprocess.py:93} INFO - [0m21:01:50    compiled code at target/compiled/logistics_lakehouse/models/staging/stg_shipments.sql
[2026-07-11T21:01:50.691+0000] {subprocess.py:93} INFO - [0m21:01:50
[2026-07-11T21:01:50.691+0000] {subprocess.py:93} INFO - [0m21:01:50  [31mFailure in model stg_weather (models/staging/stg_weather.sql)[0m
[2026-07-11T21:01:50.691+0000] {subprocess.py:93} INFO - [0m21:01:50    Database Error in model stg_weather (models/staging/stg_weather.sql)
[2026-07-11T21:01:50.691+0000] {subprocess.py:93} INFO -   Unable to generate access token, if you're using impersonate_service_account, make sure your initial account has the "roles/iam.serviceAccountTokenCreator" role on the account you are trying to impersonate.
[2026-07-11T21:01:50.692+0000] {subprocess.py:93} INFO - 
[2026-07-11T21:01:50.692+0000] {subprocess.py:93} INFO -   ('invalid_grant: Invalid JWT: Token must be a short-lived token (60 minutes) and in a reasonable timeframe. Check your iat and exp values in the JWT claim.', {'error': 'invalid_grant', 'error_description': 'Invalid JWT: Token must be a short-lived token (60 minutes) and in a reasonable timeframe. Check your iat and exp values in the JWT claim.'})
[2026-07-11T21:01:50.692+0000] {subprocess.py:93} INFO -   compiled code at target/run/logistics_lakehouse/models/staging/stg_weather.sql
[2026-07-11T21:01:50.692+0000] {subprocess.py:93} INFO - [0m21:01:50
[2026-07-11T21:01:50.692+0000] {subprocess.py:93} INFO - [0m21:01:50    compiled code at target/compiled/logistics_lakehouse/models/staging/stg_weather.sql
[2026-07-11T21:01:50.692+0000] {subprocess.py:93} INFO - [0m21:01:50
[2026-07-11T21:01:50.692+0000] {subprocess.py:93} INFO - [0m21:01:50  [31mFailure in model stg_weather_consensus (models/staging/stg_weather_consensus.sql)[0m
[2026-07-11T21:01:50.693+0000] {subprocess.py:93} INFO - [0m21:01:50    Database Error in model stg_weather_consensus (models/staging/stg_weather_consensus.sql)
[2026-07-11T21:01:50.693+0000] {subprocess.py:93} INFO -   Unable to generate access token, if you're using impersonate_service_account, make sure your initial account has the "roles/iam.serviceAccountTokenCreator" role on the account you are trying to impersonate.
[2026-07-11T21:01:50.693+0000] {subprocess.py:93} INFO - 
[2026-07-11T21:01:50.693+0000] {subprocess.py:93} INFO -   ('invalid_grant: Invalid JWT: Token must be a short-lived token (60 minutes) and in a reasonable timeframe. Check your iat and exp values in the JWT claim.', {'error': 'invalid_grant', 'error_description': 'Invalid JWT: Token must be a short-lived token (60 minutes) and in a reasonable timeframe. Check your iat and exp values in the JWT claim.'})
[2026-07-11T21:01:50.693+0000] {subprocess.py:93} INFO -   compiled code at target/run/logistics_lakehouse/models/staging/stg_weather_consensus.sql
[2026-07-11T21:01:50.693+0000] {subprocess.py:93} INFO - [0m21:01:50
[2026-07-11T21:01:50.693+0000] {subprocess.py:93} INFO - [0m21:01:50    compiled code at target/compiled/logistics_lakehouse/models/staging/stg_weather_consensus.sql
[2026-07-11T21:01:50.693+0000] {subprocess.py:93} INFO - [0m21:01:50
[2026-07-11T21:01:50.694+0000] {subprocess.py:93} INFO - [0m21:01:50  Done. PASS=0 WARN=0 ERROR=5 SKIP=1 NO-OP=0 TOTAL=6
[2026-07-11T21:01:52.212+0000] {subprocess.py:97} INFO - Command exited with return code 1
[2026-07-11T21:01:52.213+0000] {taskinstance.py:441} INFO - ::group::Post task execution logs
[2026-07-11T21:01:52.226+0000] {taskinstance.py:2905} ERROR - Task failed with exception
Traceback (most recent call last):
  File "/home/airflow/.local/lib/python3.12/site-packages/airflow/models/taskinstance.py", line 465, in _execute_task
    result = _execute_callable(context=context, **execute_callable_kwargs)
             ^^^^^^^^^^^^^^^^^^^^^^^^^^^^^^^^^^^^^^^^^^^^^^^^^^^^^^^^^^^^^
  File "/home/airflow/.local/lib/python3.12/site-packages/airflow/models/taskinstance.py", line 432, in _execute_callable
    return execute_callable(context=context, **execute_callable_kwargs)
           ^^^^^^^^^^^^^^^^^^^^^^^^^^^^^^^^^^^^^^^^^^^^^^^^^^^^^^^^^^^^
  File "/home/airflow/.local/lib/python3.12/site-packages/airflow/models/baseoperator.py", line 400, in wrapper
    return func(self, *args, **kwargs)
           ^^^^^^^^^^^^^^^^^^^^^^^^^^^
  File "/home/airflow/.local/lib/python3.12/site-packages/airflow/operators/bash.py", line 243, in execute
    raise AirflowException(
airflow.exceptions.AirflowException: Bash command failed. The command returned a non-zero exit code 1.
[2026-07-11T21:01:52.239+0000] {taskinstance.py:1206} INFO - Marking task as UP_FOR_RETRY. dag_id=gold_dbt_dag, task_id=trigger_dbt_build, run_id=dataset_triggered__2026-07-11T21:01:45.240930+00:00, execution_date=20260711T210145, start_date=20260711T210145, end_date=20260711T210152
[2026-07-11T21:01:52.251+0000] {standard_task_runner.py:110} ERROR - Failed to execute job 46 for task trigger_dbt_build (Bash command failed. The command returned a non-zero exit code 1.; 7768)
[2026-07-11T21:01:52.270+0000] {local_task_job_runner.py:240} INFO - Task exited with return code 1
[2026-07-11T21:01:52.281+0000] {taskinstance.py:3498} INFO - 0 downstream tasks scheduled from follow-on schedule check
[2026-07-11T21:01:52.282+0000] {local_task_job_runner.py:222} INFO - ::endgroup::
