[2026-07-01T11:42:00.830+0000] {local_task_job_runner.py:120} INFO - ::group::Pre task execution logs
[2026-07-01T11:42:00.850+0000] {taskinstance.py:2076} INFO - Dependencies all met for dep_context=non-requeueable deps ti=<TaskInstance: gold_dbt_dag.trigger_dbt_build dataset_triggered__2026-07-01T11:41:59.653353+00:00 [queued]>
[2026-07-01T11:42:00.854+0000] {taskinstance.py:2076} INFO - Dependencies all met for dep_context=requeueable deps ti=<TaskInstance: gold_dbt_dag.trigger_dbt_build dataset_triggered__2026-07-01T11:41:59.653353+00:00 [queued]>
[2026-07-01T11:42:00.854+0000] {taskinstance.py:2306} INFO - Starting attempt 1 of 2
[2026-07-01T11:42:00.858+0000] {taskinstance.py:2330} INFO - Executing <Task(BashOperator): trigger_dbt_build> on 2026-07-01 11:41:59.653353+00:00
[2026-07-01T11:42:00.863+0000] {standard_task_runner.py:90} INFO - Running: ['***', 'tasks', 'run', 'gold_dbt_dag', 'trigger_dbt_build', 'dataset_triggered__2026-07-01T11:41:59.653353+00:00', '--job-id', '61', '--raw', '--subdir', 'DAGS_FOLDER/dag_gold_dbt.py', '--cfg-path', '/tmp/tmp74g04jzg']
[2026-07-01T11:42:00.867+0000] {standard_task_runner.py:91} INFO - Job 61: Subtask trigger_dbt_build
[2026-07-01T11:42:00.871+0000] {logging_mixin.py:188} WARNING - /home/***/.local/lib/python3.12/site-packages/***/task/task_runner/standard_task_runner.py:61 DeprecationWarning: This process (pid=11186) is multi-threaded, use of fork() may lead to deadlocks in the child.
[2026-07-01T11:42:00.871+0000] {standard_task_runner.py:63} INFO - Started process 11187 to run task
[2026-07-01T11:42:00.888+0000] {task_command.py:426} INFO - Running <TaskInstance: gold_dbt_dag.trigger_dbt_build dataset_triggered__2026-07-01T11:41:59.653353+00:00 [running]> on host bd23e89d97be
[2026-07-01T11:42:00.923+0000] {taskinstance.py:2648} INFO - Exporting env vars: AIRFLOW_CTX_DAG_OWNER='data_engineer' AIRFLOW_CTX_DAG_ID='gold_dbt_dag' AIRFLOW_CTX_TASK_ID='trigger_dbt_build' AIRFLOW_CTX_EXECUTION_DATE='2026-07-01T11:41:59.653353+00:00' AIRFLOW_CTX_TRY_NUMBER='1' AIRFLOW_CTX_DAG_RUN_ID='dataset_triggered__2026-07-01T11:41:59.653353+00:00'
[2026-07-01T11:42:00.924+0000] {taskinstance.py:430} INFO - ::endgroup::
[2026-07-01T11:42:00.937+0000] {subprocess.py:63} INFO - Tmp dir root location: /tmp
[2026-07-01T11:42:00.938+0000] {subprocess.py:75} INFO - Running command: ['/usr/bin/bash', '-c', 'cd /opt/***/dbt && dbt build --profiles-dir . --target dev']
[2026-07-01T11:42:00.941+0000] {subprocess.py:86} INFO - Output:
[2026-07-01T11:42:01.976+0000] {subprocess.py:93} INFO - [0m11:42:01  Running with dbt=1.11.11
[2026-07-01T11:42:02.458+0000] {subprocess.py:93} INFO - [0m11:42:02  Registered adapter: bigquery=1.11.3
[2026-07-01T11:42:02.696+0000] {subprocess.py:93} INFO - [0m11:42:02  Found 5 models, 4 sources, 553 macros
[2026-07-01T11:42:02.698+0000] {subprocess.py:93} INFO - [0m11:42:02
[2026-07-01T11:42:02.698+0000] {subprocess.py:93} INFO - [0m11:42:02  Concurrency: 4 threads (target='dev')
[2026-07-01T11:42:02.698+0000] {subprocess.py:93} INFO - [0m11:42:02
[2026-07-01T11:42:05.467+0000] {subprocess.py:93} INFO - [0m11:42:05  1 of 5 START sql table model logistics_mart.dim_drivers ........................ [RUN]
[2026-07-01T11:42:05.468+0000] {subprocess.py:93} INFO - [0m11:42:05  2 of 5 START sql table model logistics_mart.dim_hubs ........................... [RUN]
[2026-07-01T11:42:05.468+0000] {subprocess.py:93} INFO - [0m11:42:05  3 of 5 START sql view model logistics_mart.stg_shipments ....................... [RUN]
[2026-07-01T11:42:05.468+0000] {subprocess.py:93} INFO - [0m11:42:05  4 of 5 START sql view model logistics_mart.stg_weather ......................... [RUN]
[2026-07-01T11:42:07.524+0000] {subprocess.py:93} INFO - [0m11:42:07  3 of 5 OK created sql view model logistics_mart.stg_shipments .................. [[32mCREATE VIEW (0 processed)[0m in 2.05s]
[2026-07-01T11:42:07.577+0000] {subprocess.py:93} INFO - [0m11:42:07  4 of 5 OK created sql view model logistics_mart.stg_weather .................... [[32mCREATE VIEW (0 processed)[0m in 2.11s]
[2026-07-01T11:42:09.410+0000] {subprocess.py:93} INFO - [0m11:42:09  2 of 5 OK created sql table model logistics_mart.dim_hubs ...................... [[32mCREATE TABLE (3.0 rows, 149.0 Bytes processed)[0m in 3.93s]
[2026-07-01T11:42:09.417+0000] {subprocess.py:93} INFO - [0m11:42:09  1 of 5 OK created sql table model logistics_mart.dim_drivers ................... [[32mCREATE TABLE (3.0 rows, 108.0 Bytes processed)[0m in 3.94s]
[2026-07-01T11:42:09.420+0000] {subprocess.py:93} INFO - [0m11:42:09  5 of 5 START sql table model logistics_mart.fact_shipment_weather .............. [RUN]
[2026-07-01T12:57:59.412+0000] {local_task_job_runner.py:214} ERROR - Heartbeat time limit exceeded!
[2026-07-01T12:57:59.496+0000] {local_task_job_runner.py:222} INFO - ::endgroup::
[2026-07-01T12:57:59.517+0000] {process_utils.py:132} INFO - Sending 15 to group 11187. PIDs of all processes in the group: [11188, 11202, 11187]
[2026-07-01T12:57:59.528+0000] {process_utils.py:87} INFO - Sending the signal 15 to group 11187
[2026-07-01T12:57:59.587+0000] {taskinstance.py:2611} ERROR - Received SIGTERM. Terminating subprocesses.
[2026-07-01T12:57:59.650+0000] {subprocess.py:104} INFO - Sending SIGTERM signal to process group
[2026-07-01T12:57:59.680+0000] {taskinstance.py:441} INFO - ::group::Post task execution logs
[2026-07-01T12:58:00.041+0000] {taskinstance.py:2905} ERROR - Task failed with exception
Traceback (most recent call last):
  File "/home/airflow/.local/lib/python3.12/site-packages/airflow/models/taskinstance.py", line 465, in _execute_task
    result = _execute_callable(context=context, **execute_callable_kwargs)
             ^^^^^^^^^^^^^^^^^^^^^^^^^^^^^^^^^^^^^^^^^^^^^^^^^^^^^^^^^^^^^
  File "/home/airflow/.local/lib/python3.12/site-packages/airflow/models/taskinstance.py", line 432, in _execute_callable
    return execute_callable(context=context, **execute_callable_kwargs)
           ^^^^^^^^^^^^^^^^^^^^^^^^^^^^^^^^^^^^^^^^^^^^^^^^^^^^^^^^^^^^
  File "/home/airflow/.local/lib/python3.12/site-packages/airflow/models/baseoperator.py", line 400, in wrapper
    return func(self, *args, **kwargs)
           ^^^^^^^^^^^^^^^^^^^^^^^^^^^
  File "/home/airflow/.local/lib/python3.12/site-packages/airflow/operators/bash.py", line 234, in execute
    result = self.subprocess_hook.run_command(
             ^^^^^^^^^^^^^^^^^^^^^^^^^^^^^^^^^
  File "/home/airflow/.local/lib/python3.12/site-packages/airflow/hooks/subprocess.py", line 91, in run_command
    for raw_line in iter(self.sub_process.stdout.readline, b""):
  File "/home/airflow/.local/lib/python3.12/site-packages/airflow/models/taskinstance.py", line 2613, in signal_handler
    raise AirflowTaskTerminated("Task received SIGTERM signal")
airflow.exceptions.AirflowTaskTerminated: Task received SIGTERM signal
[2026-07-01T12:58:00.172+0000] {taskinstance.py:1206} INFO - Marking task as UP_FOR_RETRY. dag_id=gold_dbt_dag, task_id=trigger_dbt_build, run_id=dataset_triggered__2026-07-01T11:41:59.653353+00:00, execution_date=20260701T114159, start_date=20260701T114200, end_date=20260701T125800
[2026-07-01T12:58:00.453+0000] {process_utils.py:80} INFO - Process psutil.Process(pid=11188, status='terminated', started='11:42:00') (11188) terminated with exit code None
[2026-07-01T12:58:00.462+0000] {process_utils.py:80} INFO - Process psutil.Process(pid=11202, status='terminated', started='11:42:02') (11202) terminated with exit code None
[2026-07-01T12:58:00.463+0000] {process_utils.py:80} INFO - Process psutil.Process(pid=11187, status='terminated', exitcode=2, started='11:42:00') (11187) terminated with exit code 2
