[2026-07-11T17:00:03.640+0000] {local_task_job_runner.py:120} INFO - ::group::Pre task execution logs
[2026-07-11T17:00:03.655+0000] {taskinstance.py:2076} INFO - Dependencies all met for dep_context=non-requeueable deps ti=<TaskInstance: logistics_postgres_to_bq.push_to_bigquery dataset_triggered__2026-07-11T17:00:01.941432+00:00 [queued]>
[2026-07-11T17:00:03.658+0000] {taskinstance.py:2076} INFO - Dependencies all met for dep_context=requeueable deps ti=<TaskInstance: logistics_postgres_to_bq.push_to_bigquery dataset_triggered__2026-07-11T17:00:01.941432+00:00 [queued]>
[2026-07-11T17:00:03.658+0000] {taskinstance.py:2306} INFO - Starting attempt 1 of 1
[2026-07-11T17:00:03.663+0000] {taskinstance.py:2330} INFO - Executing <Task(PythonOperator): push_to_bigquery> on 2026-07-11 17:00:01.941432+00:00
[2026-07-11T17:00:03.676+0000] {logging_mixin.py:188} WARNING - /home/***/.local/lib/python3.12/site-packages/***/task/task_runner/standard_task_runner.py:61 DeprecationWarning: This process (pid=3710) is multi-threaded, use of fork() may lead to deadlocks in the child.
[2026-07-11T17:00:03.676+0000] {standard_task_runner.py:63} INFO - Started process 3719 to run task
[2026-07-11T17:00:03.677+0000] {standard_task_runner.py:90} INFO - Running: ['***', 'tasks', 'run', 'logistics_postgres_to_bq', 'push_to_bigquery', 'dataset_triggered__2026-07-11T17:00:01.941432+00:00', '--job-id', '18', '--raw', '--subdir', 'DAGS_FOLDER/dag_postgres_to_bq.py', '--cfg-path', '/tmp/tmpls5tw55a']
[2026-07-11T17:00:03.686+0000] {standard_task_runner.py:91} INFO - Job 18: Subtask push_to_bigquery
[2026-07-11T17:00:03.728+0000] {task_command.py:426} INFO - Running <TaskInstance: logistics_postgres_to_bq.push_to_bigquery dataset_triggered__2026-07-11T17:00:01.941432+00:00 [running]> on host ad4e12f53b08
[2026-07-11T17:00:03.808+0000] {taskinstance.py:2648} INFO - Exporting env vars: AIRFLOW_CTX_DAG_OWNER='***' AIRFLOW_CTX_DAG_ID='logistics_postgres_to_bq' AIRFLOW_CTX_TASK_ID='push_to_bigquery' AIRFLOW_CTX_EXECUTION_DATE='2026-07-11T17:00:01.941432+00:00' AIRFLOW_CTX_TRY_NUMBER='1' AIRFLOW_CTX_DAG_RUN_ID='dataset_triggered__2026-07-11T17:00:01.941432+00:00'
[2026-07-11T17:00:03.809+0000] {taskinstance.py:430} INFO - ::endgroup::
[2026-07-11T17:00:04.837+0000] {logging_mixin.py:188} WARNING - /opt/***/dags/dag_postgres_to_bq.py:35 UserWarning: pandas only supports SQLAlchemy connectable (engine/connection) or database string URI or sqlite3 DBAPI2 connection. Other DBAPI2 objects are not tested. Please consider using SQLAlchemy.
[2026-07-11T17:00:08.585+0000] {logging_mixin.py:188} INFO - Successfully pushed table shipments to BigQuery.
[2026-07-11T17:00:08.590+0000] {logging_mixin.py:188} WARNING - /opt/***/dags/dag_postgres_to_bq.py:35 UserWarning: pandas only supports SQLAlchemy connectable (engine/connection) or database string URI or sqlite3 DBAPI2 connection. Other DBAPI2 objects are not tested. Please consider using SQLAlchemy.
[2026-07-11T17:00:11.996+0000] {logging_mixin.py:188} INFO - Successfully pushed table hubs to BigQuery.
[2026-07-11T17:00:12.008+0000] {logging_mixin.py:188} WARNING - /opt/***/dags/dag_postgres_to_bq.py:35 UserWarning: pandas only supports SQLAlchemy connectable (engine/connection) or database string URI or sqlite3 DBAPI2 connection. Other DBAPI2 objects are not tested. Please consider using SQLAlchemy.
[2026-07-11T17:00:16.432+0000] {logging_mixin.py:188} INFO - Successfully pushed table drivers to BigQuery.
[2026-07-11T17:00:16.438+0000] {python.py:237} INFO - Done. Returned value was: None
[2026-07-11T17:00:16.440+0000] {taskinstance.py:441} INFO - ::group::Post task execution logs
[2026-07-11T17:00:16.451+0000] {logging_mixin.py:188} WARNING - /home/***/.local/lib/python3.12/site-packages/***/models/baseoperator.py:1564 RemovedInAirflow3Warning: Passing 'execution_date' to 'TaskInstance.xcom_push()' is deprecated.
[2026-07-11T17:00:16.528+0000] {taskinstance.py:1206} INFO - Marking task as SUCCESS. dag_id=logistics_postgres_to_bq, task_id=push_to_bigquery, run_id=dataset_triggered__2026-07-11T17:00:01.941432+00:00, execution_date=20260711T170001, start_date=20260711T170003, end_date=20260711T170016
[2026-07-11T17:00:16.625+0000] {local_task_job_runner.py:240} INFO - Task exited with return code 0
[2026-07-11T17:00:16.655+0000] {taskinstance.py:3498} INFO - 0 downstream tasks scheduled from follow-on schedule check
[2026-07-11T17:00:16.656+0000] {local_task_job_runner.py:222} INFO - ::endgroup::
