[2026-07-10T10:12:27.347+0000] {local_task_job_runner.py:120} INFO - ::group::Pre task execution logs
[2026-07-10T10:12:27.379+0000] {taskinstance.py:2076} INFO - Dependencies all met for dep_context=non-requeueable deps ti=<TaskInstance: gold_dbt_dag.trigger_dbt_build dataset_triggered__2026-07-10T10:12:26.737389+00:00 [queued]>
[2026-07-10T10:12:27.389+0000] {taskinstance.py:2076} INFO - Dependencies all met for dep_context=requeueable deps ti=<TaskInstance: gold_dbt_dag.trigger_dbt_build dataset_triggered__2026-07-10T10:12:26.737389+00:00 [queued]>
[2026-07-10T10:12:27.389+0000] {taskinstance.py:2306} INFO - Starting attempt 1 of 2
[2026-07-10T10:12:27.396+0000] {taskinstance.py:2330} INFO - Executing <Task(BashOperator): trigger_dbt_build> on 2026-07-10 10:12:26.737389+00:00
[2026-07-10T10:12:27.401+0000] {standard_task_runner.py:90} INFO - Running: ['***', 'tasks', 'run', 'gold_dbt_dag', 'trigger_dbt_build', 'dataset_triggered__2026-07-10T10:12:26.737389+00:00', '--job-id', '1448', '--raw', '--subdir', 'DAGS_FOLDER/dag_gold_dbt.py', '--cfg-path', '/tmp/tmpieneoxpe']
[2026-07-10T10:12:27.403+0000] {standard_task_runner.py:91} INFO - Job 1448: Subtask trigger_dbt_build
[2026-07-10T10:12:27.410+0000] {logging_mixin.py:188} WARNING - /home/***/.local/lib/python3.12/site-packages/***/task/task_runner/standard_task_runner.py:61 DeprecationWarning: This process (pid=19187) is multi-threaded, use of fork() may lead to deadlocks in the child.
[2026-07-10T10:12:27.411+0000] {standard_task_runner.py:63} INFO - Started process 19188 to run task
[2026-07-10T10:12:27.434+0000] {task_command.py:426} INFO - Running <TaskInstance: gold_dbt_dag.trigger_dbt_build dataset_triggered__2026-07-10T10:12:26.737389+00:00 [running]> on host bd23e89d97be
[2026-07-10T10:12:27.485+0000] {taskinstance.py:2648} INFO - Exporting env vars: AIRFLOW_CTX_DAG_OWNER='data_engineer' AIRFLOW_CTX_DAG_ID='gold_dbt_dag' AIRFLOW_CTX_TASK_ID='trigger_dbt_build' AIRFLOW_CTX_EXECUTION_DATE='2026-07-10T10:12:26.737389+00:00' AIRFLOW_CTX_TRY_NUMBER='1' AIRFLOW_CTX_DAG_RUN_ID='dataset_triggered__2026-07-10T10:12:26.737389+00:00'
[2026-07-10T10:12:27.485+0000] {taskinstance.py:430} INFO - ::endgroup::
[2026-07-10T10:12:27.506+0000] {subprocess.py:63} INFO - Tmp dir root location: /tmp
[2026-07-10T10:12:27.509+0000] {subprocess.py:75} INFO - Running command: ['/usr/bin/bash', '-c', 'cd /opt/***/dbt && dbt build --profiles-dir . --target dev']
[2026-07-10T10:12:27.517+0000] {subprocess.py:86} INFO - Output:
[2026-07-10T10:12:28.579+0000] {subprocess.py:93} INFO - [0m10:12:28  Running with dbt=1.11.11
[2026-07-10T10:12:29.077+0000] {subprocess.py:93} INFO - [0m10:12:29  Registered adapter: bigquery=1.11.3
[2026-07-10T10:12:29.292+0000] {subprocess.py:93} INFO - [0m10:12:29  Found 6 models, 4 sources, 553 macros
[2026-07-10T10:12:29.294+0000] {subprocess.py:93} INFO - [0m10:12:29
[2026-07-10T10:12:29.294+0000] {subprocess.py:93} INFO - [0m10:12:29  Concurrency: 4 threads (target='dev')
[2026-07-10T10:12:29.294+0000] {subprocess.py:93} INFO - [0m10:12:29
[2026-07-10T10:12:30.783+0000] {subprocess.py:93} INFO - [0m10:12:30  1 of 6 START sql table model logistics_mart.dim_drivers ........................ [RUN]
[2026-07-10T10:12:30.784+0000] {subprocess.py:93} INFO - [0m10:12:30  2 of 6 START sql table model logistics_mart.dim_hubs ........................... [RUN]
[2026-07-10T10:12:30.784+0000] {subprocess.py:93} INFO - [0m10:12:30  3 of 6 START sql view model logistics_mart.stg_shipments ....................... [RUN]
[2026-07-10T10:12:30.785+0000] {subprocess.py:93} INFO - [0m10:12:30  4 of 6 START sql view model logistics_mart.stg_weather ......................... [RUN]
[2026-07-10T10:12:32.636+0000] {subprocess.py:93} INFO - [0m10:12:32  3 of 6 OK created sql view model logistics_mart.stg_shipments .................. [[32mCREATE VIEW (0 processed)[0m in 1.85s]
[2026-07-10T10:12:32.637+0000] {subprocess.py:93} INFO - [0m10:12:32  5 of 6 START sql view model logistics_mart.stg_weather_consensus ............... [RUN]
[2026-07-10T10:29:24.978+0000] {subprocess.py:93} INFO - WARNING:urllib3.connectionpool:Retrying (Retry(total=2, connect=None, read=None, redirect=None, status=None)) after connection broken by 'SSLError(SSLEOFError(8, '[SSL: UNEXPECTED_EOF_WHILE_READING] EOF occurred in violation of protocol (_ssl.c:1000)'))': /token
[2026-07-10T10:29:26.511+0000] {subprocess.py:93} INFO - [0m10:29:26  BigQuery adapter: https://console.cloud.google.com/bigquery?project=logistics-500519&j=bq:US:ac663237-0ee6-4e05-a2f5-c77045be2e3b&page=queryresults
[2026-07-10T10:29:26.551+0000] {subprocess.py:93} INFO - [0m10:29:26  5 of 6 ERROR creating sql view model logistics_mart.stg_weather_consensus ...... [[31mERROR[0m in 1013.91s]
[2026-07-10T10:45:39.933+0000] {subprocess.py:93} INFO - [0m10:45:39  4 of 6 ERROR creating sql view model logistics_mart.stg_weather ................ [[31mERROR[0m in 1989.13s]
[2026-07-10T10:57:32.202+0000] {subprocess.py:93} INFO - [0m10:57:32  1 of 6 ERROR creating sql table model logistics_mart.dim_drivers ............... [[31mERROR[0m in 2701.41s]
[2026-07-10T10:57:32.205+0000] {subprocess.py:93} INFO - [0m10:57:32  2 of 6 ERROR creating sql table model logistics_mart.dim_hubs .................. [[31mERROR[0m in 2701.41s]
[2026-07-10T10:57:32.211+0000] {subprocess.py:93} INFO - [0m10:57:32  6 of 6 SKIP relation logistics_mart.fact_shipment_weather ...................... [[33mSKIP[0m]
[2026-07-10T10:57:32.248+0000] {subprocess.py:93} INFO - [0m10:57:32
[2026-07-10T10:57:32.249+0000] {subprocess.py:93} INFO - [0m10:57:32  Finished running 3 table models, 3 view models in 0 hours 45 minutes and 2.95 seconds (2702.95s).
[2026-07-10T10:57:32.289+0000] {subprocess.py:93} INFO - [0m10:57:32
[2026-07-10T10:57:32.290+0000] {subprocess.py:93} INFO - [0m10:57:32  [31mCompleted with 4 errors, 0 partial successes, and 0 warnings:[0m
[2026-07-10T10:57:32.290+0000] {subprocess.py:93} INFO - [0m10:57:32
[2026-07-10T10:57:32.291+0000] {subprocess.py:93} INFO - [0m10:57:32  [31mFailure in model stg_weather_consensus (models/staging/stg_weather_consensus.sql)[0m
[2026-07-10T10:57:32.291+0000] {subprocess.py:93} INFO - [0m10:57:32    Database Error in model stg_weather_consensus (models/staging/stg_weather_consensus.sql)
[2026-07-10T10:57:32.292+0000] {subprocess.py:93} INFO -   Unrecognized name: fetched_at at [11:11]
[2026-07-10T10:57:32.292+0000] {subprocess.py:93} INFO -   compiled code at target/run/logistics_lakehouse/models/staging/stg_weather_consensus.sql
[2026-07-10T10:57:32.292+0000] {subprocess.py:93} INFO - [0m10:57:32
[2026-07-10T10:57:32.292+0000] {subprocess.py:93} INFO - [0m10:57:32    compiled code at target/compiled/logistics_lakehouse/models/staging/stg_weather_consensus.sql
[2026-07-10T10:57:32.293+0000] {subprocess.py:93} INFO - [0m10:57:32
[2026-07-10T10:57:32.293+0000] {subprocess.py:93} INFO - [0m10:57:32  [31mFailure in model stg_weather (models/staging/stg_weather.sql)[0m
[2026-07-10T10:57:32.293+0000] {subprocess.py:93} INFO - [0m10:57:32    Database Error in model stg_weather (models/staging/stg_weather.sql)
[2026-07-10T10:57:32.293+0000] {subprocess.py:93} INFO -   Operation did not complete within the designated timeout of 300 seconds.
[2026-07-10T10:57:32.294+0000] {subprocess.py:93} INFO -   compiled code at target/run/logistics_lakehouse/models/staging/stg_weather.sql
[2026-07-10T10:57:32.294+0000] {subprocess.py:93} INFO - [0m10:57:32
[2026-07-10T10:57:32.294+0000] {subprocess.py:93} INFO - [0m10:57:32    compiled code at target/compiled/logistics_lakehouse/models/staging/stg_weather.sql
[2026-07-10T10:57:32.294+0000] {subprocess.py:93} INFO - [0m10:57:32
[2026-07-10T10:57:32.294+0000] {subprocess.py:93} INFO - [0m10:57:32  [31mFailure in model dim_drivers (models/mart/dim_drivers.sql)[0m
[2026-07-10T10:57:32.295+0000] {subprocess.py:93} INFO - [0m10:57:32    Database Error in model dim_drivers (models/mart/dim_drivers.sql)
[2026-07-10T10:57:32.295+0000] {subprocess.py:93} INFO -   ('Connection aborted.', RemoteDisconnected('Remote end closed connection without response'))
[2026-07-10T10:57:32.295+0000] {subprocess.py:93} INFO -   compiled code at target/run/logistics_lakehouse/models/mart/dim_drivers.sql
[2026-07-10T10:57:32.295+0000] {subprocess.py:93} INFO - [0m10:57:32
[2026-07-10T10:57:32.296+0000] {subprocess.py:93} INFO - [0m10:57:32    compiled code at target/compiled/logistics_lakehouse/models/mart/dim_drivers.sql
[2026-07-10T10:57:32.296+0000] {subprocess.py:93} INFO - [0m10:57:32
[2026-07-10T10:57:32.296+0000] {subprocess.py:93} INFO - [0m10:57:32  [31mFailure in model dim_hubs (models/mart/dim_hubs.sql)[0m
[2026-07-10T10:57:32.296+0000] {subprocess.py:93} INFO - [0m10:57:32    Database Error in model dim_hubs (models/mart/dim_hubs.sql)
[2026-07-10T10:57:32.297+0000] {subprocess.py:93} INFO -   ('Connection aborted.', RemoteDisconnected('Remote end closed connection without response'))
[2026-07-10T10:57:32.297+0000] {subprocess.py:93} INFO -   compiled code at target/run/logistics_lakehouse/models/mart/dim_hubs.sql
[2026-07-10T10:57:32.297+0000] {subprocess.py:93} INFO - [0m10:57:32
[2026-07-10T10:57:32.297+0000] {subprocess.py:93} INFO - [0m10:57:32    compiled code at target/compiled/logistics_lakehouse/models/mart/dim_hubs.sql
[2026-07-10T10:57:32.297+0000] {subprocess.py:93} INFO - [0m10:57:32
[2026-07-10T10:57:32.298+0000] {subprocess.py:93} INFO - [0m10:57:32  Done. PASS=1 WARN=0 ERROR=4 SKIP=1 NO-OP=0 TOTAL=6
[2026-07-10T10:57:34.109+0000] {subprocess.py:97} INFO - Command exited with return code 1
[2026-07-10T10:57:34.111+0000] {taskinstance.py:441} INFO - ::group::Post task execution logs
[2026-07-10T10:57:34.125+0000] {taskinstance.py:2905} ERROR - Task failed with exception
Traceback (most recent call last):
  File "/home/airflow/.local/lib/python3.12/site-packages/airflow/models/taskinstance.py", line 465, in _execute_task
    result = _execute_callable(context=context, **execute_callable_kwargs)
             ^^^^^^^^^^^^^^^^^^^^^^^^^^^^^^^^^^^^^^^^^^^^^^^^^^^^^^^^^^^^^
  File "/home/airflow/.local/lib/python3.12/site-packages/airflow/models/taskinstance.py", line 432, in _execute_callable
    return execute_callable(context=context, **execute_callable_kwargs)
           ^^^^^^^^^^^^^^^^^^^^^^^^^^^^^^^^^^^^^^^^^^^^^^^^^^^^^^^^^^^^
  File "/home/airflow/.local/lib/python3.12/site-packages/airflow/models/baseoperator.py", line 400, in wrapper
    return func(self, *args, **kwargs)
           ^^^^^^^^^^^^^^^^^^^^^^^^^^^
  File "/home/airflow/.local/lib/python3.12/site-packages/airflow/operators/bash.py", line 243, in execute
    raise AirflowException(
airflow.exceptions.AirflowException: Bash command failed. The command returned a non-zero exit code 1.
[2026-07-10T10:57:34.131+0000] {taskinstance.py:1206} INFO - Marking task as UP_FOR_RETRY. dag_id=gold_dbt_dag, task_id=trigger_dbt_build, run_id=dataset_triggered__2026-07-10T10:12:26.737389+00:00, execution_date=20260710T101226, start_date=20260710T101227, end_date=20260710T105734
[2026-07-10T10:57:34.144+0000] {standard_task_runner.py:110} ERROR - Failed to execute job 1448 for task trigger_dbt_build (Bash command failed. The command returned a non-zero exit code 1.; 19188)
[2026-07-10T10:57:34.173+0000] {local_task_job_runner.py:240} INFO - Task exited with return code 1
[2026-07-10T10:57:34.192+0000] {taskinstance.py:3498} INFO - 0 downstream tasks scheduled from follow-on schedule check
[2026-07-10T10:57:34.193+0000] {local_task_job_runner.py:222} INFO - ::endgroup::
