[2026-07-10T23:03:54.614+0000] {local_task_job_runner.py:120} INFO - ::group::Pre task execution logs
[2026-07-10T23:03:54.641+0000] {taskinstance.py:2076} INFO - Dependencies all met for dep_context=non-requeueable deps ti=<TaskInstance: gold_dbt_dag.trigger_dbt_build dataset_triggered__2026-07-10T23:03:53.621192+00:00 [queued]>
[2026-07-10T23:03:54.644+0000] {taskinstance.py:2076} INFO - Dependencies all met for dep_context=requeueable deps ti=<TaskInstance: gold_dbt_dag.trigger_dbt_build dataset_triggered__2026-07-10T23:03:53.621192+00:00 [queued]>
[2026-07-10T23:03:54.644+0000] {taskinstance.py:2306} INFO - Starting attempt 1 of 2
[2026-07-10T23:03:54.649+0000] {taskinstance.py:2330} INFO - Executing <Task(BashOperator): trigger_dbt_build> on 2026-07-10 23:03:53.621192+00:00
[2026-07-10T23:03:54.653+0000] {standard_task_runner.py:90} INFO - Running: ['***', 'tasks', 'run', 'gold_dbt_dag', 'trigger_dbt_build', 'dataset_triggered__2026-07-10T23:03:53.621192+00:00', '--job-id', '1539', '--raw', '--subdir', 'DAGS_FOLDER/dag_gold_dbt.py', '--cfg-path', '/tmp/tmph7jdzdmz']
[2026-07-10T23:03:54.656+0000] {logging_mixin.py:188} WARNING - /home/***/.local/lib/python3.12/site-packages/***/task/task_runner/standard_task_runner.py:61 DeprecationWarning: This process (pid=50243) is multi-threaded, use of fork() may lead to deadlocks in the child.
[2026-07-10T23:03:54.656+0000] {standard_task_runner.py:91} INFO - Job 1539: Subtask trigger_dbt_build
[2026-07-10T23:03:54.656+0000] {standard_task_runner.py:63} INFO - Started process 50244 to run task
[2026-07-10T23:03:54.680+0000] {task_command.py:426} INFO - Running <TaskInstance: gold_dbt_dag.trigger_dbt_build dataset_triggered__2026-07-10T23:03:53.621192+00:00 [running]> on host bd23e89d97be
[2026-07-10T23:03:54.717+0000] {taskinstance.py:2648} INFO - Exporting env vars: AIRFLOW_CTX_DAG_OWNER='data_engineer' AIRFLOW_CTX_DAG_ID='gold_dbt_dag' AIRFLOW_CTX_TASK_ID='trigger_dbt_build' AIRFLOW_CTX_EXECUTION_DATE='2026-07-10T23:03:53.621192+00:00' AIRFLOW_CTX_TRY_NUMBER='1' AIRFLOW_CTX_DAG_RUN_ID='dataset_triggered__2026-07-10T23:03:53.621192+00:00'
[2026-07-10T23:03:54.717+0000] {taskinstance.py:430} INFO - ::endgroup::
[2026-07-10T23:03:54.731+0000] {subprocess.py:63} INFO - Tmp dir root location: /tmp
[2026-07-10T23:03:54.731+0000] {subprocess.py:75} INFO - Running command: ['/usr/bin/bash', '-c', 'cd /opt/***/dbt && dbt build --profiles-dir . --target dev']
[2026-07-10T23:03:54.735+0000] {subprocess.py:86} INFO - Output:
[2026-07-10T23:03:55.734+0000] {subprocess.py:93} INFO - [0m23:03:55  Running with dbt=1.11.11
[2026-07-10T23:03:56.211+0000] {subprocess.py:93} INFO - [0m23:03:56  Registered adapter: bigquery=1.11.3
[2026-07-10T23:03:56.412+0000] {subprocess.py:93} INFO - [0m23:03:56  Found 6 models, 4 sources, 553 macros
[2026-07-10T23:03:56.413+0000] {subprocess.py:93} INFO - [0m23:03:56
[2026-07-10T23:03:56.413+0000] {subprocess.py:93} INFO - [0m23:03:56  Concurrency: 4 threads (target='dev')
[2026-07-10T23:03:56.414+0000] {subprocess.py:93} INFO - [0m23:03:56
[2026-07-10T23:03:57.849+0000] {subprocess.py:93} INFO - [0m23:03:57  1 of 6 START sql table model logistics_mart.dim_drivers ........................ [RUN]
[2026-07-10T23:03:57.850+0000] {subprocess.py:93} INFO - [0m23:03:57  2 of 6 START sql table model logistics_mart.dim_hubs ........................... [RUN]
[2026-07-10T23:03:57.850+0000] {subprocess.py:93} INFO - [0m23:03:57  3 of 6 START sql view model logistics_mart.stg_shipments ....................... [RUN]
[2026-07-10T23:03:57.851+0000] {subprocess.py:93} INFO - [0m23:03:57  4 of 6 START sql view model logistics_mart.stg_weather ......................... [RUN]
[2026-07-10T23:03:59.790+0000] {subprocess.py:93} INFO - [0m23:03:59  3 of 6 OK created sql view model logistics_mart.stg_shipments .................. [[32mCREATE VIEW (0 processed)[0m in 1.93s]
[2026-07-10T23:03:59.791+0000] {subprocess.py:93} INFO - [0m23:03:59  4 of 6 OK created sql view model logistics_mart.stg_weather .................... [[32mCREATE VIEW (0 processed)[0m in 1.94s]
[2026-07-10T23:03:59.792+0000] {subprocess.py:93} INFO - [0m23:03:59  5 of 6 START sql view model logistics_mart.stg_weather_consensus ............... [RUN]
[2026-07-10T23:04:01.183+0000] {subprocess.py:93} INFO - [0m23:04:01  BigQuery adapter: https://console.cloud.google.com/bigquery?project=logistics-500519&j=bq:US:1745146c-c124-4ae0-aeba-f56ed1e0f142&page=queryresults
[2026-07-10T23:04:01.203+0000] {subprocess.py:93} INFO - [0m23:04:01  5 of 6 ERROR creating sql view model logistics_mart.stg_weather_consensus ...... [[31mERROR[0m in 1.41s]
[2026-07-10T23:04:01.437+0000] {subprocess.py:93} INFO - [0m23:04:01  1 of 6 OK created sql table model logistics_mart.dim_drivers ................... [[32mCREATE TABLE (3.0 rows, 108.0 Bytes processed)[0m in 3.58s]
[2026-07-10T23:04:01.727+0000] {subprocess.py:93} INFO - [0m23:04:01  2 of 6 OK created sql table model logistics_mart.dim_hubs ...................... [[32mCREATE TABLE (3.0 rows, 149.0 Bytes processed)[0m in 3.87s]
[2026-07-10T23:04:01.732+0000] {subprocess.py:93} INFO - [0m23:04:01  6 of 6 START sql table model logistics_mart.fact_shipment_weather .............. [RUN]
[2026-07-10T23:04:05.464+0000] {subprocess.py:93} INFO - [0m23:04:05  6 of 6 OK created sql table model logistics_mart.fact_shipment_weather ......... [[32mCREATE TABLE (1.8k rows, 112.4 KiB processed)[0m in 3.73s]
[2026-07-10T23:04:05.511+0000] {subprocess.py:93} INFO - [0m23:04:05
[2026-07-10T23:04:05.512+0000] {subprocess.py:93} INFO - [0m23:04:05  Finished running 3 table models, 3 view models in 0 hours 0 minutes and 9.10 seconds (9.10s).
[2026-07-10T23:04:05.539+0000] {subprocess.py:93} INFO - [0m23:04:05
[2026-07-10T23:04:05.540+0000] {subprocess.py:93} INFO - [0m23:04:05  [31mCompleted with 1 error, 0 partial successes, and 0 warnings:[0m
[2026-07-10T23:04:05.540+0000] {subprocess.py:93} INFO - [0m23:04:05
[2026-07-10T23:04:05.541+0000] {subprocess.py:93} INFO - [0m23:04:05  [31mFailure in model stg_weather_consensus (models/staging/stg_weather_consensus.sql)[0m
[2026-07-10T23:04:05.541+0000] {subprocess.py:93} INFO - [0m23:04:05    Database Error in model stg_weather_consensus (models/staging/stg_weather_consensus.sql)
[2026-07-10T23:04:05.541+0000] {subprocess.py:93} INFO -   Unrecognized name: fetched_at at [11:11]
[2026-07-10T23:04:05.541+0000] {subprocess.py:93} INFO -   compiled code at target/run/logistics_lakehouse/models/staging/stg_weather_consensus.sql
[2026-07-10T23:04:05.541+0000] {subprocess.py:93} INFO - [0m23:04:05
[2026-07-10T23:04:05.542+0000] {subprocess.py:93} INFO - [0m23:04:05    compiled code at target/compiled/logistics_lakehouse/models/staging/stg_weather_consensus.sql
[2026-07-10T23:04:05.542+0000] {subprocess.py:93} INFO - [0m23:04:05
[2026-07-10T23:04:05.542+0000] {subprocess.py:93} INFO - [0m23:04:05  Done. PASS=5 WARN=0 ERROR=1 SKIP=0 NO-OP=0 TOTAL=6
[2026-07-10T23:04:07.714+0000] {subprocess.py:97} INFO - Command exited with return code 1
[2026-07-10T23:04:07.714+0000] {taskinstance.py:441} INFO - ::group::Post task execution logs
[2026-07-10T23:04:07.721+0000] {taskinstance.py:2905} ERROR - Task failed with exception
Traceback (most recent call last):
  File "/home/airflow/.local/lib/python3.12/site-packages/airflow/models/taskinstance.py", line 465, in _execute_task
    result = _execute_callable(context=context, **execute_callable_kwargs)
             ^^^^^^^^^^^^^^^^^^^^^^^^^^^^^^^^^^^^^^^^^^^^^^^^^^^^^^^^^^^^^
  File "/home/airflow/.local/lib/python3.12/site-packages/airflow/models/taskinstance.py", line 432, in _execute_callable
    return execute_callable(context=context, **execute_callable_kwargs)
           ^^^^^^^^^^^^^^^^^^^^^^^^^^^^^^^^^^^^^^^^^^^^^^^^^^^^^^^^^^^^
  File "/home/airflow/.local/lib/python3.12/site-packages/airflow/models/baseoperator.py", line 400, in wrapper
    return func(self, *args, **kwargs)
           ^^^^^^^^^^^^^^^^^^^^^^^^^^^
  File "/home/airflow/.local/lib/python3.12/site-packages/airflow/operators/bash.py", line 243, in execute
    raise AirflowException(
airflow.exceptions.AirflowException: Bash command failed. The command returned a non-zero exit code 1.
[2026-07-10T23:04:07.723+0000] {taskinstance.py:1206} INFO - Marking task as UP_FOR_RETRY. dag_id=gold_dbt_dag, task_id=trigger_dbt_build, run_id=dataset_triggered__2026-07-10T23:03:53.621192+00:00, execution_date=20260710T230353, start_date=20260710T230354, end_date=20260710T230407
[2026-07-10T23:04:07.730+0000] {standard_task_runner.py:110} ERROR - Failed to execute job 1539 for task trigger_dbt_build (Bash command failed. The command returned a non-zero exit code 1.; 50244)
[2026-07-10T23:04:07.755+0000] {local_task_job_runner.py:240} INFO - Task exited with return code 1
[2026-07-10T23:04:07.763+0000] {taskinstance.py:3498} INFO - 0 downstream tasks scheduled from follow-on schedule check
[2026-07-10T23:04:07.763+0000] {local_task_job_runner.py:222} INFO - ::endgroup::
