[2026-07-11T16:00:00.979+0000] {local_task_job_runner.py:120} INFO - ::group::Pre task execution logs
[2026-07-11T16:00:00.995+0000] {taskinstance.py:2076} INFO - Dependencies all met for dep_context=non-requeueable deps ti=<TaskInstance: weather_tomorrowio_pipeline.fetch_weather_api scheduled__2026-07-11T15:00:00+00:00 [queued]>
[2026-07-11T16:00:01.000+0000] {taskinstance.py:2076} INFO - Dependencies all met for dep_context=requeueable deps ti=<TaskInstance: weather_tomorrowio_pipeline.fetch_weather_api scheduled__2026-07-11T15:00:00+00:00 [queued]>
[2026-07-11T16:00:01.000+0000] {taskinstance.py:2306} INFO - Starting attempt 1 of 2
[2026-07-11T16:00:01.006+0000] {taskinstance.py:2330} INFO - Executing <Task(PythonOperator): fetch_weather_api> on 2026-07-11 15:00:00+00:00
[2026-07-11T16:00:01.012+0000] {logging_mixin.py:188} WARNING - /home/***/.local/lib/python3.12/site-packages/***/task/task_runner/standard_task_runner.py:61 DeprecationWarning: This process (pid=2760) is multi-threaded, use of fork() may lead to deadlocks in the child.
[2026-07-11T16:00:01.013+0000] {standard_task_runner.py:63} INFO - Started process 2772 to run task
[2026-07-11T16:00:01.012+0000] {standard_task_runner.py:90} INFO - Running: ['***', 'tasks', 'run', 'weather_tomorrowio_pipeline', 'fetch_weather_api', 'scheduled__2026-07-11T15:00:00+00:00', '--job-id', '12', '--raw', '--subdir', 'DAGS_FOLDER/dag_tomorrowio.py', '--cfg-path', '/tmp/tmp5rpltmiz']
[2026-07-11T16:00:01.014+0000] {standard_task_runner.py:91} INFO - Job 12: Subtask fetch_weather_api
[2026-07-11T16:00:01.061+0000] {task_command.py:426} INFO - Running <TaskInstance: weather_tomorrowio_pipeline.fetch_weather_api scheduled__2026-07-11T15:00:00+00:00 [running]> on host 2208249760b3
[2026-07-11T16:00:01.104+0000] {taskinstance.py:2648} INFO - Exporting env vars: AIRFLOW_CTX_DAG_OWNER='data_engineer' AIRFLOW_CTX_DAG_ID='weather_tomorrowio_pipeline' AIRFLOW_CTX_TASK_ID='fetch_weather_api' AIRFLOW_CTX_EXECUTION_DATE='2026-07-11T15:00:00+00:00' AIRFLOW_CTX_TRY_NUMBER='1' AIRFLOW_CTX_DAG_RUN_ID='scheduled__2026-07-11T15:00:00+00:00'
[2026-07-11T16:00:01.105+0000] {taskinstance.py:430} INFO - ::endgroup::
[2026-07-11T16:00:01.110+0000] {logging_mixin.py:188} INFO - Mock saving to: gs://your-lakehouse-bucket/bronze/weather/weather_forecast_latest.parquet
[2026-07-11T16:00:01.110+0000] {python.py:237} INFO - Done. Returned value was: None
[2026-07-11T16:00:01.110+0000] {taskinstance.py:441} INFO - ::group::Post task execution logs
[2026-07-11T16:00:01.112+0000] {logging_mixin.py:188} WARNING - /home/***/.local/lib/python3.12/site-packages/***/models/baseoperator.py:1564 RemovedInAirflow3Warning: Passing 'execution_date' to 'TaskInstance.xcom_push()' is deprecated.
[2026-07-11T16:00:01.120+0000] {taskinstance.py:1206} INFO - Marking task as SUCCESS. dag_id=weather_tomorrowio_pipeline, task_id=fetch_weather_api, run_id=scheduled__2026-07-11T15:00:00+00:00, execution_date=20260711T150000, start_date=20260711T160000, end_date=20260711T160001
[2026-07-11T16:00:01.853+0000] {local_task_job_runner.py:240} INFO - Task exited with return code 0
[2026-07-11T16:00:01.865+0000] {taskinstance.py:3498} INFO - 0 downstream tasks scheduled from follow-on schedule check
[2026-07-11T16:00:01.865+0000] {local_task_job_runner.py:222} INFO - ::endgroup::
[2026-07-11T16:05:58.002+0000] {local_task_job_runner.py:120} INFO - ::group::Pre task execution logs
[2026-07-11T16:05:58.018+0000] {taskinstance.py:2076} INFO - Dependencies all met for dep_context=non-requeueable deps ti=<TaskInstance: weather_tomorrowio_pipeline.fetch_weather_api scheduled__2026-07-11T15:00:00+00:00 [queued]>
[2026-07-11T16:05:58.021+0000] {taskinstance.py:2076} INFO - Dependencies all met for dep_context=requeueable deps ti=<TaskInstance: weather_tomorrowio_pipeline.fetch_weather_api scheduled__2026-07-11T15:00:00+00:00 [queued]>
[2026-07-11T16:05:58.021+0000] {taskinstance.py:2306} INFO - Starting attempt 1 of 2
[2026-07-11T16:05:58.026+0000] {taskinstance.py:2330} INFO - Executing <Task(PythonOperator): fetch_weather_api> on 2026-07-11 15:00:00+00:00
[2026-07-11T16:05:58.038+0000] {standard_task_runner.py:90} INFO - Running: ['***', 'tasks', 'run', 'weather_tomorrowio_pipeline', 'fetch_weather_api', 'scheduled__2026-07-11T15:00:00+00:00', '--job-id', '5', '--raw', '--subdir', 'DAGS_FOLDER/dag_tomorrowio.py', '--cfg-path', '/tmp/tmpof6ye_fv']
[2026-07-11T16:05:58.040+0000] {standard_task_runner.py:91} INFO - Job 5: Subtask fetch_weather_api
[2026-07-11T16:05:58.040+0000] {logging_mixin.py:188} WARNING - /home/***/.local/lib/python3.12/site-packages/***/task/task_runner/standard_task_runner.py:61 DeprecationWarning: This process (pid=351) is multi-threaded, use of fork() may lead to deadlocks in the child.
[2026-07-11T16:05:58.041+0000] {standard_task_runner.py:63} INFO - Started process 369 to run task
[2026-07-11T16:05:58.079+0000] {task_command.py:426} INFO - Running <TaskInstance: weather_tomorrowio_pipeline.fetch_weather_api scheduled__2026-07-11T15:00:00+00:00 [running]> on host ad4e12f53b08
[2026-07-11T16:05:58.120+0000] {taskinstance.py:2648} INFO - Exporting env vars: AIRFLOW_CTX_DAG_OWNER='data_engineer' AIRFLOW_CTX_DAG_ID='weather_tomorrowio_pipeline' AIRFLOW_CTX_TASK_ID='fetch_weather_api' AIRFLOW_CTX_EXECUTION_DATE='2026-07-11T15:00:00+00:00' AIRFLOW_CTX_TRY_NUMBER='1' AIRFLOW_CTX_DAG_RUN_ID='scheduled__2026-07-11T15:00:00+00:00'
[2026-07-11T16:05:58.121+0000] {taskinstance.py:430} INFO - ::endgroup::
[2026-07-11T16:05:58.128+0000] {logging_mixin.py:188} INFO - Mock saving to: gs://your-lakehouse-bucket/bronze/weather/weather_forecast_latest.parquet
[2026-07-11T16:05:58.128+0000] {python.py:237} INFO - Done. Returned value was: None
[2026-07-11T16:05:58.128+0000] {taskinstance.py:441} INFO - ::group::Post task execution logs
[2026-07-11T16:05:58.130+0000] {logging_mixin.py:188} WARNING - /home/***/.local/lib/python3.12/site-packages/***/models/baseoperator.py:1564 RemovedInAirflow3Warning: Passing 'execution_date' to 'TaskInstance.xcom_push()' is deprecated.
[2026-07-11T16:05:58.139+0000] {taskinstance.py:1206} INFO - Marking task as SUCCESS. dag_id=weather_tomorrowio_pipeline, task_id=fetch_weather_api, run_id=scheduled__2026-07-11T15:00:00+00:00, execution_date=20260711T150000, start_date=20260711T160558, end_date=20260711T160558
[2026-07-11T16:05:58.329+0000] {local_task_job_runner.py:240} INFO - Task exited with return code 0
[2026-07-11T16:05:58.338+0000] {taskinstance.py:3498} INFO - 0 downstream tasks scheduled from follow-on schedule check
[2026-07-11T16:05:58.339+0000] {local_task_job_runner.py:222} INFO - ::endgroup::
