[2026-06-28T01:01:43.803+0000] {local_task_job_runner.py:120} INFO - ::group::Pre task execution logs
[2026-06-28T01:01:43.822+0000] {taskinstance.py:2076} INFO - Dependencies all met for dep_context=non-requeueable deps ti=<TaskInstance: dbt_gold_transformation.trigger_dbt_build scheduled__2026-06-27T00:00:00+00:00 [queued]>
[2026-06-28T01:01:43.826+0000] {taskinstance.py:2076} INFO - Dependencies all met for dep_context=requeueable deps ti=<TaskInstance: dbt_gold_transformation.trigger_dbt_build scheduled__2026-06-27T00:00:00+00:00 [queued]>
[2026-06-28T01:01:43.827+0000] {taskinstance.py:2306} INFO - Starting attempt 1 of 2
[2026-06-28T01:01:43.834+0000] {taskinstance.py:2330} INFO - Executing <Task(BashOperator): trigger_dbt_build> on 2026-06-27 00:00:00+00:00
[2026-06-28T01:01:43.840+0000] {logging_mixin.py:188} WARNING - /home/***/.local/lib/python3.12/site-packages/***/task/task_runner/standard_task_runner.py:61 DeprecationWarning: This process (pid=9237) is multi-threaded, use of fork() may lead to deadlocks in the child.
[2026-06-28T01:01:43.840+0000] {standard_task_runner.py:63} INFO - Started process 9241 to run task
[2026-06-28T01:01:43.841+0000] {standard_task_runner.py:90} INFO - Running: ['***', 'tasks', 'run', 'dbt_gold_transformation', 'trigger_dbt_build', 'scheduled__2026-06-27T00:00:00+00:00', '--job-id', '234', '--raw', '--subdir', 'DAGS_FOLDER/dag_gold_dbt.py', '--cfg-path', '/tmp/tmpiet1dsyj']
[2026-06-28T01:01:43.845+0000] {standard_task_runner.py:91} INFO - Job 234: Subtask trigger_dbt_build
[2026-06-28T01:01:43.882+0000] {task_command.py:426} INFO - Running <TaskInstance: dbt_gold_transformation.trigger_dbt_build scheduled__2026-06-27T00:00:00+00:00 [running]> on host 6a613ecd21c6
[2026-06-28T01:01:43.952+0000] {taskinstance.py:2648} INFO - Exporting env vars: AIRFLOW_CTX_DAG_OWNER='data_engineer' AIRFLOW_CTX_DAG_ID='dbt_gold_transformation' AIRFLOW_CTX_TASK_ID='trigger_dbt_build' AIRFLOW_CTX_EXECUTION_DATE='2026-06-27T00:00:00+00:00' AIRFLOW_CTX_TRY_NUMBER='1' AIRFLOW_CTX_DAG_RUN_ID='scheduled__2026-06-27T00:00:00+00:00'
[2026-06-28T01:01:43.953+0000] {taskinstance.py:430} INFO - ::endgroup::
[2026-06-28T01:01:43.963+0000] {subprocess.py:63} INFO - Tmp dir root location: /tmp
[2026-06-28T01:01:43.965+0000] {subprocess.py:75} INFO - Running command: ['/usr/bin/bash', '-c', 'cd /opt/***/dbt && dbt build --profiles-dir . --target dev']
[2026-06-28T01:01:43.970+0000] {subprocess.py:86} INFO - Output:
[2026-06-28T01:01:45.027+0000] {subprocess.py:93} INFO - [0m01:01:45  Running with dbt=1.11.11
[2026-06-28T01:01:45.800+0000] {subprocess.py:93} INFO - [0m01:01:45  Registered adapter: bigquery=1.11.3
[2026-06-28T01:01:46.167+0000] {subprocess.py:93} INFO - [0m01:01:46  Found 5 models, 4 seeds, 4 sources, 553 macros
[2026-06-28T01:01:46.169+0000] {subprocess.py:93} INFO - [0m01:01:46
[2026-06-28T01:01:46.170+0000] {subprocess.py:93} INFO - [0m01:01:46  Concurrency: 4 threads (target='dev')
[2026-06-28T01:01:46.170+0000] {subprocess.py:93} INFO - [0m01:01:46
[2026-06-28T01:01:48.062+0000] {subprocess.py:93} INFO - [0m01:01:48  1 of 9 START seed file logistics_mart.drivers .................................. [RUN]
[2026-06-28T01:01:48.063+0000] {subprocess.py:93} INFO - [0m01:01:48  2 of 9 START seed file logistics_mart.hubs ..................................... [RUN]
[2026-06-28T01:01:48.063+0000] {subprocess.py:93} INFO - [0m01:01:48  3 of 9 START seed file logistics_mart.shipments ................................ [RUN]
[2026-06-28T01:01:48.063+0000] {subprocess.py:93} INFO - [0m01:01:48  4 of 9 START seed file logistics_mart.weather_api_raw .......................... [RUN]
[2026-06-28T01:01:58.779+0000] {subprocess.py:93} INFO - [0m01:01:58  [31mUnhandled error while executing [0m
[2026-06-28T01:01:58.783+0000] {subprocess.py:93} INFO - ('Connection aborted.', RemoteDisconnected('Remote end closed connection without response'))
[2026-06-28T01:01:58.794+0000] {subprocess.py:93} INFO - [0m01:01:58  2 of 9 ERROR loading seed file logistics_mart.hubs ............................. [[31mERROR[0m in 10.72s]
[2026-06-28T01:01:58.799+0000] {subprocess.py:93} INFO - [0m01:01:58  5 of 9 SKIP relation logistics_mart.dim_hubs ................................... [[33mSKIP[0m]
[2026-06-28T01:01:58.965+0000] {subprocess.py:93} INFO - [0m01:01:58  [31mUnhandled error while executing [0m
[2026-06-28T01:01:58.966+0000] {subprocess.py:93} INFO - ('Connection aborted.', RemoteDisconnected('Remote end closed connection without response'))
[2026-06-28T01:01:58.979+0000] {subprocess.py:93} INFO - [0m01:01:58  1 of 9 ERROR loading seed file logistics_mart.drivers .......................... [[31mERROR[0m in 10.91s]
[2026-06-28T01:01:58.988+0000] {subprocess.py:93} INFO - [0m01:01:58  6 of 9 SKIP relation logistics_mart.dim_drivers ................................ [[33mSKIP[0m]
[2026-06-28T01:02:01.147+0000] {subprocess.py:93} INFO - [0m01:02:01  [31mUnhandled error while executing [0m
[2026-06-28T01:02:01.147+0000] {subprocess.py:93} INFO - ('Connection aborted.', RemoteDisconnected('Remote end closed connection without response'))
[2026-06-28T01:02:01.152+0000] {subprocess.py:93} INFO - [0m01:02:01  4 of 9 ERROR loading seed file logistics_mart.weather_api_raw .................. [[31mERROR[0m in 13.09s]
[2026-06-28T01:02:01.154+0000] {subprocess.py:93} INFO - [0m01:02:01  7 of 9 SKIP relation logistics_mart.stg_weather ................................ [[33mSKIP[0m]
[2026-06-28T05:32:41.025+0000] {subprocess.py:93} INFO - [0m05:32:41  [31mUnhandled error while executing [0m
[2026-06-28T05:32:41.027+0000] {subprocess.py:93} INFO - ('Connection aborted.', RemoteDisconnected('Remote end closed connection without response'))
[2026-06-28T05:32:41.034+0000] {subprocess.py:93} INFO - [0m05:32:41  3 of 9 ERROR loading seed file logistics_mart.shipments ........................ [[31mERROR[0m in 16252.97s]
[2026-06-28T05:32:41.039+0000] {subprocess.py:93} INFO - [0m05:32:41  8 of 9 SKIP relation logistics_mart.stg_shipments .............................. [[33mSKIP[0m]
[2026-06-28T05:32:41.041+0000] {subprocess.py:93} INFO - [0m05:32:41  9 of 9 SKIP relation logistics_mart.fact_shipment_weather ...................... [[33mSKIP[0m]
[2026-06-28T05:32:41.078+0000] {subprocess.py:93} INFO - [0m05:32:41
[2026-06-28T05:32:41.079+0000] {subprocess.py:93} INFO - [0m05:32:41  Finished running 4 seeds, 3 table models, 2 view models in 4 hours 30 minutes and 54.91 seconds (16254.91s).
[2026-06-28T05:32:41.129+0000] {subprocess.py:93} INFO - [0m05:32:41
[2026-06-28T05:32:41.130+0000] {subprocess.py:93} INFO - [0m05:32:41  [31mCompleted with 4 errors, 0 partial successes, and 0 warnings:[0m
[2026-06-28T05:32:41.130+0000] {subprocess.py:93} INFO - [0m05:32:41
[2026-06-28T05:32:41.131+0000] {subprocess.py:93} INFO - [0m05:32:41  [31mFailure in seed hubs (seeds/hubs.csv)[0m
[2026-06-28T05:32:41.131+0000] {subprocess.py:93} INFO - [0m05:32:41    ('Connection aborted.', RemoteDisconnected('Remote end closed connection without response'))
[2026-06-28T05:32:41.132+0000] {subprocess.py:93} INFO - [0m05:32:41
[2026-06-28T05:32:41.132+0000] {subprocess.py:93} INFO - [0m05:32:41  [31mFailure in seed drivers (seeds/drivers.csv)[0m
[2026-06-28T05:32:41.132+0000] {subprocess.py:93} INFO - [0m05:32:41    ('Connection aborted.', RemoteDisconnected('Remote end closed connection without response'))
[2026-06-28T05:32:41.132+0000] {subprocess.py:93} INFO - [0m05:32:41
[2026-06-28T05:32:41.133+0000] {subprocess.py:93} INFO - [0m05:32:41  [31mFailure in seed weather_api_raw (seeds/weather_api_raw.csv)[0m
[2026-06-28T05:32:41.133+0000] {subprocess.py:93} INFO - [0m05:32:41    ('Connection aborted.', RemoteDisconnected('Remote end closed connection without response'))
[2026-06-28T05:32:41.133+0000] {subprocess.py:93} INFO - [0m05:32:41
[2026-06-28T05:32:41.134+0000] {subprocess.py:93} INFO - [0m05:32:41  [31mFailure in seed shipments (seeds/shipments.csv)[0m
[2026-06-28T05:32:41.134+0000] {subprocess.py:93} INFO - [0m05:32:41    ('Connection aborted.', RemoteDisconnected('Remote end closed connection without response'))
[2026-06-28T05:32:41.134+0000] {subprocess.py:93} INFO - [0m05:32:41
[2026-06-28T05:32:41.135+0000] {subprocess.py:93} INFO - [0m05:32:41  Done. PASS=0 WARN=0 ERROR=4 SKIP=5 NO-OP=0 TOTAL=9
[2026-06-28T05:32:43.059+0000] {subprocess.py:97} INFO - Command exited with return code 1
[2026-06-28T05:32:43.060+0000] {taskinstance.py:441} INFO - ::group::Post task execution logs
[2026-06-28T05:32:43.074+0000] {taskinstance.py:2905} ERROR - Task failed with exception
Traceback (most recent call last):
  File "/home/airflow/.local/lib/python3.12/site-packages/airflow/models/taskinstance.py", line 465, in _execute_task
    result = _execute_callable(context=context, **execute_callable_kwargs)
             ^^^^^^^^^^^^^^^^^^^^^^^^^^^^^^^^^^^^^^^^^^^^^^^^^^^^^^^^^^^^^
  File "/home/airflow/.local/lib/python3.12/site-packages/airflow/models/taskinstance.py", line 432, in _execute_callable
    return execute_callable(context=context, **execute_callable_kwargs)
           ^^^^^^^^^^^^^^^^^^^^^^^^^^^^^^^^^^^^^^^^^^^^^^^^^^^^^^^^^^^^
  File "/home/airflow/.local/lib/python3.12/site-packages/airflow/models/baseoperator.py", line 400, in wrapper
    return func(self, *args, **kwargs)
           ^^^^^^^^^^^^^^^^^^^^^^^^^^^
  File "/home/airflow/.local/lib/python3.12/site-packages/airflow/operators/bash.py", line 243, in execute
    raise AirflowException(
airflow.exceptions.AirflowException: Bash command failed. The command returned a non-zero exit code 1.
[2026-06-28T05:32:43.079+0000] {taskinstance.py:1206} INFO - Marking task as UP_FOR_RETRY. dag_id=dbt_gold_transformation, task_id=trigger_dbt_build, run_id=scheduled__2026-06-27T00:00:00+00:00, execution_date=20260627T000000, start_date=20260628T010143, end_date=20260628T053243
[2026-06-28T05:32:43.089+0000] {standard_task_runner.py:110} ERROR - Failed to execute job 234 for task trigger_dbt_build (Bash command failed. The command returned a non-zero exit code 1.; 9241)
[2026-06-28T05:32:43.111+0000] {local_task_job_runner.py:240} INFO - Task exited with return code 1
[2026-06-28T05:32:43.122+0000] {taskinstance.py:3498} INFO - 0 downstream tasks scheduled from follow-on schedule check
[2026-06-28T05:32:43.123+0000] {local_task_job_runner.py:222} INFO - ::endgroup::
