[2026-06-28T05:50:33.696+0000] {local_task_job_runner.py:120} INFO - ::group::Pre task execution logs
[2026-06-28T05:50:33.725+0000] {taskinstance.py:2076} INFO - Dependencies all met for dep_context=non-requeueable deps ti=<TaskInstance: dbt_gold_transformation.trigger_dbt_build scheduled__2026-06-27T00:00:00+00:00 [queued]>
[2026-06-28T05:50:33.730+0000] {taskinstance.py:2076} INFO - Dependencies all met for dep_context=requeueable deps ti=<TaskInstance: dbt_gold_transformation.trigger_dbt_build scheduled__2026-06-27T00:00:00+00:00 [queued]>
[2026-06-28T05:50:33.730+0000] {taskinstance.py:2306} INFO - Starting attempt 2 of 2
[2026-06-28T05:50:33.736+0000] {taskinstance.py:2330} INFO - Executing <Task(BashOperator): trigger_dbt_build> on 2026-06-27 00:00:00+00:00
[2026-06-28T05:50:33.751+0000] {standard_task_runner.py:90} INFO - Running: ['***', 'tasks', 'run', 'dbt_gold_transformation', 'trigger_dbt_build', 'scheduled__2026-06-27T00:00:00+00:00', '--job-id', '250', '--raw', '--subdir', 'DAGS_FOLDER/dag_gold_dbt.py', '--cfg-path', '/tmp/tmpu7m4rsdb']
[2026-06-28T05:50:33.752+0000] {standard_task_runner.py:91} INFO - Job 250: Subtask trigger_dbt_build
[2026-06-28T05:50:33.753+0000] {logging_mixin.py:188} WARNING - /home/***/.local/lib/python3.12/site-packages/***/task/task_runner/standard_task_runner.py:61 DeprecationWarning: This process (pid=9373) is multi-threaded, use of fork() may lead to deadlocks in the child.
[2026-06-28T05:50:33.753+0000] {standard_task_runner.py:63} INFO - Started process 9387 to run task
[2026-06-28T05:50:33.788+0000] {task_command.py:426} INFO - Running <TaskInstance: dbt_gold_transformation.trigger_dbt_build scheduled__2026-06-27T00:00:00+00:00 [running]> on host 6a613ecd21c6
[2026-06-28T05:50:33.834+0000] {taskinstance.py:2648} INFO - Exporting env vars: AIRFLOW_CTX_DAG_OWNER='data_engineer' AIRFLOW_CTX_DAG_ID='dbt_gold_transformation' AIRFLOW_CTX_TASK_ID='trigger_dbt_build' AIRFLOW_CTX_EXECUTION_DATE='2026-06-27T00:00:00+00:00' AIRFLOW_CTX_TRY_NUMBER='2' AIRFLOW_CTX_DAG_RUN_ID='scheduled__2026-06-27T00:00:00+00:00'
[2026-06-28T05:50:33.835+0000] {taskinstance.py:430} INFO - ::endgroup::
[2026-06-28T05:50:33.842+0000] {subprocess.py:63} INFO - Tmp dir root location: /tmp
[2026-06-28T05:50:33.844+0000] {subprocess.py:75} INFO - Running command: ['/usr/bin/bash', '-c', 'cd /opt/***/dbt && dbt build --profiles-dir . --target dev']
[2026-06-28T05:50:33.849+0000] {subprocess.py:86} INFO - Output:
[2026-06-28T05:50:34.810+0000] {subprocess.py:93} INFO - [0m05:50:34  Running with dbt=1.11.11
[2026-06-28T05:50:35.333+0000] {subprocess.py:93} INFO - [0m05:50:35  Registered adapter: bigquery=1.11.3
[2026-06-28T05:50:35.681+0000] {subprocess.py:93} INFO - [0m05:50:35  Found 5 models, 4 seeds, 4 sources, 553 macros
[2026-06-28T05:50:35.683+0000] {subprocess.py:93} INFO - [0m05:50:35
[2026-06-28T05:50:35.683+0000] {subprocess.py:93} INFO - [0m05:50:35  Concurrency: 4 threads (target='dev')
[2026-06-28T05:50:35.684+0000] {subprocess.py:93} INFO - [0m05:50:35
[2026-06-28T05:50:37.450+0000] {subprocess.py:93} INFO - [0m05:50:37  1 of 9 START seed file logistics_mart.drivers .................................. [RUN]
[2026-06-28T05:50:37.450+0000] {subprocess.py:93} INFO - [0m05:50:37  2 of 9 START seed file logistics_mart.hubs ..................................... [RUN]
[2026-06-28T05:50:37.451+0000] {subprocess.py:93} INFO - [0m05:50:37  3 of 9 START seed file logistics_mart.shipments ................................ [RUN]
[2026-06-28T05:50:37.451+0000] {subprocess.py:93} INFO - [0m05:50:37  4 of 9 START seed file logistics_mart.weather_api_raw .......................... [RUN]
[2026-06-28T05:50:44.342+0000] {subprocess.py:93} INFO - [0m05:50:44  4 of 9 OK loaded seed file logistics_mart.weather_api_raw ...................... [[32mINSERT 3[0m in 6.89s]
[2026-06-28T05:50:44.343+0000] {subprocess.py:93} INFO - [0m05:50:44  2 of 9 OK loaded seed file logistics_mart.hubs ................................. [[32mINSERT 3[0m in 6.89s]
[2026-06-28T05:50:44.345+0000] {subprocess.py:93} INFO - [0m05:50:44  5 of 9 START sql view model logistics_mart.stg_weather ......................... [RUN]
[2026-06-28T05:50:44.346+0000] {subprocess.py:93} INFO - [0m05:50:44  6 of 9 START sql table model logistics_mart.dim_hubs ........................... [RUN]
[2026-06-28T05:50:44.379+0000] {subprocess.py:93} INFO - [0m05:50:44  1 of 9 OK loaded seed file logistics_mart.drivers .............................. [[32mINSERT 3[0m in 6.93s]
[2026-06-28T05:50:44.380+0000] {subprocess.py:93} INFO - [0m05:50:44  7 of 9 START sql table model logistics_mart.dim_drivers ........................ [RUN]
[2026-06-28T06:59:03.003+0000] {subprocess.py:93} INFO - [0m06:59:03  7 of 9 ERROR creating sql table model logistics_mart.dim_drivers ............... [[31mERROR[0m in 4098.62s]
[2026-06-28T10:19:22.388+0000] {subprocess.py:93} INFO - [0m10:19:22  6 of 9 ERROR creating sql table model logistics_mart.dim_hubs .................. [[31mERROR[0m in 16118.04s]
[2026-06-28T10:19:24.748+0000] {subprocess.py:93} INFO - [0m10:19:24  [31mUnhandled error while executing [0m
[2026-06-28T10:19:24.750+0000] {subprocess.py:93} INFO - ('Connection aborted.', RemoteDisconnected('Remote end closed connection without response'))
[2026-06-28T10:19:24.758+0000] {subprocess.py:93} INFO - [0m10:19:24  3 of 9 ERROR loading seed file logistics_mart.shipments ........................ [[31mERROR[0m in 16127.30s]
[2026-06-28T10:19:24.765+0000] {subprocess.py:93} INFO - [0m10:19:24  8 of 9 SKIP relation logistics_mart.stg_shipments .............................. [[33mSKIP[0m]
[2026-06-28T10:19:25.505+0000] {subprocess.py:93} INFO - [0m10:19:25  5 of 9 ERROR creating sql view model logistics_mart.stg_weather ................ [[31mERROR[0m in 16121.16s]
[2026-06-28T10:19:25.511+0000] {subprocess.py:93} INFO - [0m10:19:25  9 of 9 SKIP relation logistics_mart.fact_shipment_weather ...................... [[33mSKIP[0m]
[2026-06-28T10:19:25.567+0000] {subprocess.py:93} INFO - [0m10:19:25
[2026-06-28T10:19:25.567+0000] {subprocess.py:93} INFO - [0m10:19:25  Finished running 4 seeds, 3 table models, 2 view models in 4 hours 28 minutes and 49.88 seconds (16129.88s).
[2026-06-28T10:19:25.647+0000] {subprocess.py:93} INFO - [0m10:19:25
[2026-06-28T10:19:25.648+0000] {subprocess.py:93} INFO - [0m10:19:25  [31mCompleted with 4 errors, 0 partial successes, and 0 warnings:[0m
[2026-06-28T10:19:25.648+0000] {subprocess.py:93} INFO - [0m10:19:25
[2026-06-28T10:19:25.648+0000] {subprocess.py:93} INFO - [0m10:19:25  [31mFailure in model dim_drivers (models/mart/dim_drivers.sql)[0m
[2026-06-28T10:19:25.649+0000] {subprocess.py:93} INFO - [0m10:19:25    Database Error in model dim_drivers (models/mart/dim_drivers.sql)
[2026-06-28T10:19:25.649+0000] {subprocess.py:93} INFO -   409 POST https://bigquery.googleapis.com/bigquery/v2/projects/logistics-500519/jobs?prettyPrint=false: Already Exists: Job logistics-500519:US.25a60b8c-9f68-4b41-94bd-13f6b6da0322
[2026-06-28T10:19:25.649+0000] {subprocess.py:93} INFO - 
[2026-06-28T10:19:25.650+0000] {subprocess.py:93} INFO -   Location: None
[2026-06-28T10:19:25.650+0000] {subprocess.py:93} INFO -   Job ID: 25a60b8c-9f68-4b41-94bd-13f6b6da0322
[2026-06-28T10:19:25.650+0000] {subprocess.py:93} INFO - 
[2026-06-28T10:19:25.650+0000] {subprocess.py:93} INFO -   compiled code at target/run/logistics_lakehouse/models/mart/dim_drivers.sql
[2026-06-28T10:19:25.650+0000] {subprocess.py:93} INFO - [0m10:19:25
[2026-06-28T10:19:25.651+0000] {subprocess.py:93} INFO - [0m10:19:25    compiled code at target/compiled/logistics_lakehouse/models/mart/dim_drivers.sql
[2026-06-28T10:19:25.651+0000] {subprocess.py:93} INFO - [0m10:19:25
[2026-06-28T10:19:25.651+0000] {subprocess.py:93} INFO - [0m10:19:25  [31mFailure in model dim_hubs (models/mart/dim_hubs.sql)[0m
[2026-06-28T10:19:25.651+0000] {subprocess.py:93} INFO - [0m10:19:25    Database Error in model dim_hubs (models/mart/dim_hubs.sql)
[2026-06-28T10:19:25.651+0000] {subprocess.py:93} INFO -   409 POST https://bigquery.googleapis.com/bigquery/v2/projects/logistics-500519/jobs?prettyPrint=false: Already Exists: Job logistics-500519:US.4040d7f8-2cba-48d7-b791-4e763c272a2b
[2026-06-28T10:19:25.652+0000] {subprocess.py:93} INFO - 
[2026-06-28T10:19:25.652+0000] {subprocess.py:93} INFO -   Location: None
[2026-06-28T10:19:25.652+0000] {subprocess.py:93} INFO -   Job ID: 4040d7f8-2cba-48d7-b791-4e763c272a2b
[2026-06-28T10:19:25.652+0000] {subprocess.py:93} INFO - 
[2026-06-28T10:19:25.652+0000] {subprocess.py:93} INFO -   compiled code at target/run/logistics_lakehouse/models/mart/dim_hubs.sql
[2026-06-28T10:19:25.652+0000] {subprocess.py:93} INFO - [0m10:19:25
[2026-06-28T10:19:25.653+0000] {subprocess.py:93} INFO - [0m10:19:25    compiled code at target/compiled/logistics_lakehouse/models/mart/dim_hubs.sql
[2026-06-28T10:19:25.653+0000] {subprocess.py:93} INFO - [0m10:19:25
[2026-06-28T10:19:25.653+0000] {subprocess.py:93} INFO - [0m10:19:25  [31mFailure in seed shipments (seeds/shipments.csv)[0m
[2026-06-28T10:19:25.653+0000] {subprocess.py:93} INFO - [0m10:19:25    ('Connection aborted.', RemoteDisconnected('Remote end closed connection without response'))
[2026-06-28T10:19:25.654+0000] {subprocess.py:93} INFO - [0m10:19:25
[2026-06-28T10:19:25.654+0000] {subprocess.py:93} INFO - [0m10:19:25  [31mFailure in model stg_weather (models/staging/stg_weather.sql)[0m
[2026-06-28T10:19:25.654+0000] {subprocess.py:93} INFO - [0m10:19:25    Database Error in model stg_weather (models/staging/stg_weather.sql)
[2026-06-28T10:19:25.654+0000] {subprocess.py:93} INFO -   ('Connection aborted.', RemoteDisconnected('Remote end closed connection without response'))
[2026-06-28T10:19:25.654+0000] {subprocess.py:93} INFO -   compiled code at target/run/logistics_lakehouse/models/staging/stg_weather.sql
[2026-06-28T10:19:25.655+0000] {subprocess.py:93} INFO - [0m10:19:25
[2026-06-28T10:19:25.655+0000] {subprocess.py:93} INFO - [0m10:19:25    compiled code at target/compiled/logistics_lakehouse/models/staging/stg_weather.sql
[2026-06-28T10:19:25.655+0000] {subprocess.py:93} INFO - [0m10:19:25
[2026-06-28T10:19:25.656+0000] {subprocess.py:93} INFO - [0m10:19:25  Done. PASS=3 WARN=0 ERROR=4 SKIP=2 NO-OP=0 TOTAL=9
[2026-06-28T10:19:27.902+0000] {subprocess.py:97} INFO - Command exited with return code 1
[2026-06-28T10:19:27.903+0000] {taskinstance.py:441} INFO - ::group::Post task execution logs
[2026-06-28T10:19:27.916+0000] {taskinstance.py:2905} ERROR - Task failed with exception
Traceback (most recent call last):
  File "/home/airflow/.local/lib/python3.12/site-packages/airflow/models/taskinstance.py", line 465, in _execute_task
    result = _execute_callable(context=context, **execute_callable_kwargs)
             ^^^^^^^^^^^^^^^^^^^^^^^^^^^^^^^^^^^^^^^^^^^^^^^^^^^^^^^^^^^^^
  File "/home/airflow/.local/lib/python3.12/site-packages/airflow/models/taskinstance.py", line 432, in _execute_callable
    return execute_callable(context=context, **execute_callable_kwargs)
           ^^^^^^^^^^^^^^^^^^^^^^^^^^^^^^^^^^^^^^^^^^^^^^^^^^^^^^^^^^^^
  File "/home/airflow/.local/lib/python3.12/site-packages/airflow/models/baseoperator.py", line 400, in wrapper
    return func(self, *args, **kwargs)
           ^^^^^^^^^^^^^^^^^^^^^^^^^^^
  File "/home/airflow/.local/lib/python3.12/site-packages/airflow/operators/bash.py", line 243, in execute
    raise AirflowException(
airflow.exceptions.AirflowException: Bash command failed. The command returned a non-zero exit code 1.
[2026-06-28T10:19:27.920+0000] {taskinstance.py:1206} INFO - Marking task as FAILED. dag_id=dbt_gold_transformation, task_id=trigger_dbt_build, run_id=scheduled__2026-06-27T00:00:00+00:00, execution_date=20260627T000000, start_date=20260628T055033, end_date=20260628T101927
[2026-06-28T10:19:27.939+0000] {standard_task_runner.py:110} ERROR - Failed to execute job 250 for task trigger_dbt_build (Bash command failed. The command returned a non-zero exit code 1.; 9387)
[2026-06-28T10:19:27.990+0000] {local_task_job_runner.py:240} INFO - Task exited with return code 1
[2026-06-28T10:19:28.012+0000] {taskinstance.py:3498} INFO - 0 downstream tasks scheduled from follow-on schedule check
[2026-06-28T10:19:28.013+0000] {local_task_job_runner.py:222} INFO - ::endgroup::
