[2026-07-04T19:43:33.394+0000] {local_task_job_runner.py:120} INFO - ::group::Pre task execution logs
[2026-07-04T19:43:33.418+0000] {taskinstance.py:2076} INFO - Dependencies all met for dep_context=non-requeueable deps ti=<TaskInstance: gold_dbt_dag.trigger_dbt_build dataset_triggered__2026-07-04T19:43:32.223755+00:00 [queued]>
[2026-07-04T19:43:33.422+0000] {taskinstance.py:2076} INFO - Dependencies all met for dep_context=requeueable deps ti=<TaskInstance: gold_dbt_dag.trigger_dbt_build dataset_triggered__2026-07-04T19:43:32.223755+00:00 [queued]>
[2026-07-04T19:43:33.422+0000] {taskinstance.py:2306} INFO - Starting attempt 1 of 2
[2026-07-04T19:43:33.427+0000] {taskinstance.py:2330} INFO - Executing <Task(BashOperator): trigger_dbt_build> on 2026-07-04 19:43:32.223755+00:00
[2026-07-04T19:43:33.431+0000] {logging_mixin.py:188} WARNING - /home/***/.local/lib/python3.12/site-packages/***/task/task_runner/standard_task_runner.py:61 DeprecationWarning: This process (pid=40831) is multi-threaded, use of fork() may lead to deadlocks in the child.
[2026-07-04T19:43:33.432+0000] {standard_task_runner.py:63} INFO - Started process 40832 to run task
[2026-07-04T19:43:33.432+0000] {standard_task_runner.py:90} INFO - Running: ['***', 'tasks', 'run', 'gold_dbt_dag', 'trigger_dbt_build', 'dataset_triggered__2026-07-04T19:43:32.223755+00:00', '--job-id', '575', '--raw', '--subdir', 'DAGS_FOLDER/dag_gold_dbt.py', '--cfg-path', '/tmp/tmpjhni093m']
[2026-07-04T19:43:33.433+0000] {standard_task_runner.py:91} INFO - Job 575: Subtask trigger_dbt_build
[2026-07-04T19:43:33.464+0000] {task_command.py:426} INFO - Running <TaskInstance: gold_dbt_dag.trigger_dbt_build dataset_triggered__2026-07-04T19:43:32.223755+00:00 [running]> on host bd23e89d97be
[2026-07-04T19:43:33.515+0000] {taskinstance.py:2648} INFO - Exporting env vars: AIRFLOW_CTX_DAG_OWNER='data_engineer' AIRFLOW_CTX_DAG_ID='gold_dbt_dag' AIRFLOW_CTX_TASK_ID='trigger_dbt_build' AIRFLOW_CTX_EXECUTION_DATE='2026-07-04T19:43:32.223755+00:00' AIRFLOW_CTX_TRY_NUMBER='1' AIRFLOW_CTX_DAG_RUN_ID='dataset_triggered__2026-07-04T19:43:32.223755+00:00'
[2026-07-04T19:43:33.516+0000] {taskinstance.py:430} INFO - ::endgroup::
[2026-07-04T19:43:33.528+0000] {subprocess.py:63} INFO - Tmp dir root location: /tmp
[2026-07-04T19:43:33.529+0000] {subprocess.py:75} INFO - Running command: ['/usr/bin/bash', '-c', 'cd /opt/***/dbt && dbt build --profiles-dir . --target dev']
[2026-07-04T19:43:33.532+0000] {subprocess.py:86} INFO - Output:
[2026-07-04T19:43:34.544+0000] {subprocess.py:93} INFO - [0m19:43:34  Running with dbt=1.11.11
[2026-07-04T19:43:35.311+0000] {subprocess.py:93} INFO - [0m19:43:35  Registered adapter: bigquery=1.11.3
[2026-07-04T19:43:35.796+0000] {subprocess.py:93} INFO - [0m19:43:35  Found 5 models, 4 sources, 553 macros
[2026-07-04T19:43:35.797+0000] {subprocess.py:93} INFO - [0m19:43:35
[2026-07-04T19:43:35.797+0000] {subprocess.py:93} INFO - [0m19:43:35  Concurrency: 4 threads (target='dev')
[2026-07-04T19:43:35.798+0000] {subprocess.py:93} INFO - [0m19:43:35
[2026-07-04T19:43:37.585+0000] {subprocess.py:93} INFO - [0m19:43:37  1 of 5 START sql table model logistics_mart.dim_drivers ........................ [RUN]
[2026-07-04T19:43:37.586+0000] {subprocess.py:93} INFO - [0m19:43:37  2 of 5 START sql table model logistics_mart.dim_hubs ........................... [RUN]
[2026-07-04T19:43:37.587+0000] {subprocess.py:93} INFO - [0m19:43:37  3 of 5 START sql view model logistics_mart.stg_shipments ....................... [RUN]
[2026-07-04T19:43:37.587+0000] {subprocess.py:93} INFO - [0m19:43:37  4 of 5 START sql view model logistics_mart.stg_weather ......................... [RUN]
[2026-07-04T19:43:39.670+0000] {subprocess.py:93} INFO - [0m19:43:39  3 of 5 OK created sql view model logistics_mart.stg_shipments .................. [[32mCREATE VIEW (0 processed)[0m in 2.08s]
[2026-07-04T19:43:39.671+0000] {subprocess.py:93} INFO - [0m19:43:39  4 of 5 OK created sql view model logistics_mart.stg_weather .................... [[32mCREATE VIEW (0 processed)[0m in 2.08s]
[2026-07-05T01:45:03.506+0000] {subprocess.py:93} INFO - [0m01:45:03  2 of 5 ERROR creating sql table model logistics_mart.dim_hubs .................. [[31mERROR[0m in 21685.91s]
[2026-07-05T01:45:03.513+0000] {subprocess.py:93} INFO - [0m01:45:03  5 of 5 SKIP relation logistics_mart.fact_shipment_weather ...................... [[33mSKIP[0m]
[2026-07-05T01:45:03.530+0000] {subprocess.py:93} INFO - [0m01:45:03  1 of 5 ERROR creating sql table model logistics_mart.dim_drivers ............... [[31mERROR[0m in 21685.94s]
[2026-07-05T01:45:03.580+0000] {subprocess.py:93} INFO - [0m01:45:03
[2026-07-05T01:45:03.580+0000] {subprocess.py:93} INFO - [0m01:45:03  Finished running 3 table models, 2 view models in 6 hours 1 minutes and 27.78 seconds (21687.78s).
[2026-07-05T01:45:03.646+0000] {subprocess.py:93} INFO - [0m01:45:03
[2026-07-05T01:45:03.647+0000] {subprocess.py:93} INFO - [0m01:45:03  [31mCompleted with 2 errors, 0 partial successes, and 0 warnings:[0m
[2026-07-05T01:45:03.647+0000] {subprocess.py:93} INFO - [0m01:45:03
[2026-07-05T01:45:03.648+0000] {subprocess.py:93} INFO - [0m01:45:03  [31mFailure in model dim_hubs (models/mart/dim_hubs.sql)[0m
[2026-07-05T01:45:03.648+0000] {subprocess.py:93} INFO - [0m01:45:03    Database Error in model dim_hubs (models/mart/dim_hubs.sql)
[2026-07-05T01:45:03.648+0000] {subprocess.py:93} INFO -   ('Connection aborted.', RemoteDisconnected('Remote end closed connection without response'))
[2026-07-05T01:45:03.648+0000] {subprocess.py:93} INFO -   compiled code at target/run/logistics_lakehouse/models/mart/dim_hubs.sql
[2026-07-05T01:45:03.648+0000] {subprocess.py:93} INFO - [0m01:45:03
[2026-07-05T01:45:03.648+0000] {subprocess.py:93} INFO - [0m01:45:03    compiled code at target/compiled/logistics_lakehouse/models/mart/dim_hubs.sql
[2026-07-05T01:45:03.648+0000] {subprocess.py:93} INFO - [0m01:45:03
[2026-07-05T01:45:03.649+0000] {subprocess.py:93} INFO - [0m01:45:03  [31mFailure in model dim_drivers (models/mart/dim_drivers.sql)[0m
[2026-07-05T01:45:03.649+0000] {subprocess.py:93} INFO - [0m01:45:03    Database Error in model dim_drivers (models/mart/dim_drivers.sql)
[2026-07-05T01:45:03.649+0000] {subprocess.py:93} INFO -   ('Connection aborted.', RemoteDisconnected('Remote end closed connection without response'))
[2026-07-05T01:45:03.649+0000] {subprocess.py:93} INFO -   compiled code at target/run/logistics_lakehouse/models/mart/dim_drivers.sql
[2026-07-05T01:45:03.649+0000] {subprocess.py:93} INFO - [0m01:45:03
[2026-07-05T01:45:03.650+0000] {subprocess.py:93} INFO - [0m01:45:03    compiled code at target/compiled/logistics_lakehouse/models/mart/dim_drivers.sql
[2026-07-05T01:45:03.650+0000] {subprocess.py:93} INFO - [0m01:45:03
[2026-07-05T01:45:03.650+0000] {subprocess.py:93} INFO - [0m01:45:03  Done. PASS=2 WARN=0 ERROR=2 SKIP=1 NO-OP=0 TOTAL=5
[2026-07-05T01:45:06.302+0000] {subprocess.py:97} INFO - Command exited with return code 1
[2026-07-05T01:45:06.307+0000] {taskinstance.py:441} INFO - ::group::Post task execution logs
[2026-07-05T01:45:06.332+0000] {taskinstance.py:2905} ERROR - Task failed with exception
Traceback (most recent call last):
  File "/home/airflow/.local/lib/python3.12/site-packages/airflow/models/taskinstance.py", line 465, in _execute_task
    result = _execute_callable(context=context, **execute_callable_kwargs)
             ^^^^^^^^^^^^^^^^^^^^^^^^^^^^^^^^^^^^^^^^^^^^^^^^^^^^^^^^^^^^^
  File "/home/airflow/.local/lib/python3.12/site-packages/airflow/models/taskinstance.py", line 432, in _execute_callable
    return execute_callable(context=context, **execute_callable_kwargs)
           ^^^^^^^^^^^^^^^^^^^^^^^^^^^^^^^^^^^^^^^^^^^^^^^^^^^^^^^^^^^^
  File "/home/airflow/.local/lib/python3.12/site-packages/airflow/models/baseoperator.py", line 400, in wrapper
    return func(self, *args, **kwargs)
           ^^^^^^^^^^^^^^^^^^^^^^^^^^^
  File "/home/airflow/.local/lib/python3.12/site-packages/airflow/operators/bash.py", line 243, in execute
    raise AirflowException(
airflow.exceptions.AirflowException: Bash command failed. The command returned a non-zero exit code 1.
[2026-07-05T01:45:06.346+0000] {taskinstance.py:1206} INFO - Marking task as UP_FOR_RETRY. dag_id=gold_dbt_dag, task_id=trigger_dbt_build, run_id=dataset_triggered__2026-07-04T19:43:32.223755+00:00, execution_date=20260704T194332, start_date=20260704T194333, end_date=20260705T014506
[2026-07-05T01:45:06.365+0000] {standard_task_runner.py:110} ERROR - Failed to execute job 575 for task trigger_dbt_build (Bash command failed. The command returned a non-zero exit code 1.; 40832)
[2026-07-05T01:45:06.398+0000] {local_task_job_runner.py:240} INFO - Task exited with return code 1
[2026-07-05T01:45:06.422+0000] {taskinstance.py:3498} INFO - 0 downstream tasks scheduled from follow-on schedule check
[2026-07-05T01:45:06.427+0000] {local_task_job_runner.py:222} INFO - ::endgroup::
