[2026-06-25T20:45:12.742+0000] {local_task_job_runner.py:120} INFO - ::group::Pre task execution logs
[2026-06-25T20:45:12.758+0000] {taskinstance.py:2076} INFO - Dependencies all met for dep_context=non-requeueable deps ti=<TaskInstance: dbt_gold_transformation.trigger_dbt_build manual__2026-06-25T20:43:11.537171+00:00 [queued]>
[2026-06-25T20:45:12.761+0000] {taskinstance.py:2076} INFO - Dependencies all met for dep_context=requeueable deps ti=<TaskInstance: dbt_gold_transformation.trigger_dbt_build manual__2026-06-25T20:43:11.537171+00:00 [queued]>
[2026-06-25T20:45:12.762+0000] {taskinstance.py:2306} INFO - Starting attempt 2 of 2
[2026-06-25T20:45:12.768+0000] {taskinstance.py:2330} INFO - Executing <Task(BashOperator): trigger_dbt_build> on 2026-06-25 20:43:11.537171+00:00
[2026-06-25T20:45:12.774+0000] {logging_mixin.py:188} WARNING - /home/***/.local/lib/python3.12/site-packages/***/task/task_runner/standard_task_runner.py:61 DeprecationWarning: This process (pid=3433) is multi-threaded, use of fork() may lead to deadlocks in the child.
[2026-06-25T20:45:12.773+0000] {standard_task_runner.py:90} INFO - Running: ['***', 'tasks', 'run', 'dbt_gold_transformation', 'trigger_dbt_build', 'manual__2026-06-25T20:43:11.537171+00:00', '--job-id', '133', '--raw', '--subdir', 'DAGS_FOLDER/dag_gold_dbt.py', '--cfg-path', '/tmp/tmp0mndsdj9']
[2026-06-25T20:45:12.774+0000] {standard_task_runner.py:91} INFO - Job 133: Subtask trigger_dbt_build
[2026-06-25T20:45:12.774+0000] {standard_task_runner.py:63} INFO - Started process 3434 to run task
[2026-06-25T20:45:12.798+0000] {task_command.py:426} INFO - Running <TaskInstance: dbt_gold_transformation.trigger_dbt_build manual__2026-06-25T20:43:11.537171+00:00 [running]> on host 8031ec9eda70
[2026-06-25T20:45:12.849+0000] {taskinstance.py:2648} INFO - Exporting env vars: AIRFLOW_CTX_DAG_OWNER='data_engineer' AIRFLOW_CTX_DAG_ID='dbt_gold_transformation' AIRFLOW_CTX_TASK_ID='trigger_dbt_build' AIRFLOW_CTX_EXECUTION_DATE='2026-06-25T20:43:11.537171+00:00' AIRFLOW_CTX_TRY_NUMBER='2' AIRFLOW_CTX_DAG_RUN_ID='manual__2026-06-25T20:43:11.537171+00:00'
[2026-06-25T20:45:12.850+0000] {taskinstance.py:430} INFO - ::endgroup::
[2026-06-25T20:45:12.859+0000] {subprocess.py:63} INFO - Tmp dir root location: /tmp
[2026-06-25T20:45:12.861+0000] {subprocess.py:75} INFO - Running command: ['/usr/bin/bash', '-c', 'cd /opt/***/dbt && dbt build --profiles-dir . --target dev']
[2026-06-25T20:45:12.868+0000] {subprocess.py:86} INFO - Output:
[2026-06-25T20:45:12.873+0000] {subprocess.py:93} INFO - /usr/bin/bash: line 1: dbt: command not found
[2026-06-25T20:45:12.874+0000] {subprocess.py:97} INFO - Command exited with return code 127
[2026-06-25T20:45:12.875+0000] {taskinstance.py:441} INFO - ::group::Post task execution logs
[2026-06-25T20:45:12.885+0000] {taskinstance.py:2905} ERROR - Task failed with exception
Traceback (most recent call last):
  File "/home/airflow/.local/lib/python3.12/site-packages/airflow/models/taskinstance.py", line 465, in _execute_task
    result = _execute_callable(context=context, **execute_callable_kwargs)
             ^^^^^^^^^^^^^^^^^^^^^^^^^^^^^^^^^^^^^^^^^^^^^^^^^^^^^^^^^^^^^
  File "/home/airflow/.local/lib/python3.12/site-packages/airflow/models/taskinstance.py", line 432, in _execute_callable
    return execute_callable(context=context, **execute_callable_kwargs)
           ^^^^^^^^^^^^^^^^^^^^^^^^^^^^^^^^^^^^^^^^^^^^^^^^^^^^^^^^^^^^
  File "/home/airflow/.local/lib/python3.12/site-packages/airflow/models/baseoperator.py", line 400, in wrapper
    return func(self, *args, **kwargs)
           ^^^^^^^^^^^^^^^^^^^^^^^^^^^
  File "/home/airflow/.local/lib/python3.12/site-packages/airflow/operators/bash.py", line 243, in execute
    raise AirflowException(
airflow.exceptions.AirflowException: Bash command failed. The command returned a non-zero exit code 127.
[2026-06-25T20:45:12.888+0000] {taskinstance.py:1206} INFO - Marking task as FAILED. dag_id=dbt_gold_transformation, task_id=trigger_dbt_build, run_id=manual__2026-06-25T20:43:11.537171+00:00, execution_date=20260625T204311, start_date=20260625T204512, end_date=20260625T204512
[2026-06-25T20:45:12.894+0000] {standard_task_runner.py:110} ERROR - Failed to execute job 133 for task trigger_dbt_build (Bash command failed. The command returned a non-zero exit code 127.; 3434)
[2026-06-25T20:45:12.915+0000] {local_task_job_runner.py:240} INFO - Task exited with return code 1
[2026-06-25T20:45:12.924+0000] {taskinstance.py:3498} INFO - 0 downstream tasks scheduled from follow-on schedule check
[2026-06-25T20:45:12.925+0000] {local_task_job_runner.py:222} INFO - ::endgroup::
