[2026-06-27T01:53:41.016+0000] {local_task_job_runner.py:120} INFO - ::group::Pre task execution logs
[2026-06-27T01:53:41.040+0000] {taskinstance.py:2076} INFO - Dependencies all met for dep_context=non-requeueable deps ti=<TaskInstance: dbt_gold_transformation.trigger_dbt_build scheduled__2026-06-26T00:00:00+00:00 [queued]>
[2026-06-27T01:53:41.046+0000] {taskinstance.py:2076} INFO - Dependencies all met for dep_context=requeueable deps ti=<TaskInstance: dbt_gold_transformation.trigger_dbt_build scheduled__2026-06-26T00:00:00+00:00 [queued]>
[2026-06-27T01:53:41.047+0000] {taskinstance.py:2306} INFO - Starting attempt 2 of 2
[2026-06-27T01:53:41.072+0000] {taskinstance.py:2330} INFO - Executing <Task(BashOperator): trigger_dbt_build> on 2026-06-26 00:00:00+00:00
[2026-06-27T01:53:41.077+0000] {logging_mixin.py:188} WARNING - /home/***/.local/lib/python3.12/site-packages/***/task/task_runner/standard_task_runner.py:61 DeprecationWarning: This process (pid=8515) is multi-threaded, use of fork() may lead to deadlocks in the child.
[2026-06-27T01:53:41.077+0000] {standard_task_runner.py:90} INFO - Running: ['***', 'tasks', 'run', 'dbt_gold_transformation', 'trigger_dbt_build', 'scheduled__2026-06-26T00:00:00+00:00', '--job-id', '163', '--raw', '--subdir', 'DAGS_FOLDER/dag_gold_dbt.py', '--cfg-path', '/tmp/tmppmlp6l1o']
[2026-06-27T01:53:41.078+0000] {standard_task_runner.py:91} INFO - Job 163: Subtask trigger_dbt_build
[2026-06-27T01:53:41.079+0000] {standard_task_runner.py:63} INFO - Started process 8526 to run task
[2026-06-27T01:53:41.113+0000] {task_command.py:426} INFO - Running <TaskInstance: dbt_gold_transformation.trigger_dbt_build scheduled__2026-06-26T00:00:00+00:00 [running]> on host 6a613ecd21c6
[2026-06-27T01:53:41.155+0000] {taskinstance.py:2648} INFO - Exporting env vars: AIRFLOW_CTX_DAG_OWNER='data_engineer' AIRFLOW_CTX_DAG_ID='dbt_gold_transformation' AIRFLOW_CTX_TASK_ID='trigger_dbt_build' AIRFLOW_CTX_EXECUTION_DATE='2026-06-26T00:00:00+00:00' AIRFLOW_CTX_TRY_NUMBER='2' AIRFLOW_CTX_DAG_RUN_ID='scheduled__2026-06-26T00:00:00+00:00'
[2026-06-27T01:53:41.156+0000] {taskinstance.py:430} INFO - ::endgroup::
[2026-06-27T01:53:41.166+0000] {subprocess.py:63} INFO - Tmp dir root location: /tmp
[2026-06-27T01:53:41.168+0000] {subprocess.py:75} INFO - Running command: ['/usr/bin/bash', '-c', 'cd /opt/***/dbt && dbt build --profiles-dir . --target dev']
[2026-06-27T01:53:41.173+0000] {subprocess.py:86} INFO - Output:
[2026-06-27T01:53:42.317+0000] {subprocess.py:93} INFO - [0m01:53:42  Running with dbt=1.11.11
[2026-06-27T01:53:42.832+0000] {subprocess.py:93} INFO - [0m01:53:42  Registered adapter: bigquery=1.11.3
[2026-06-27T01:53:43.050+0000] {subprocess.py:93} INFO - [0m01:53:43  Found 5 models, 4 seeds, 4 sources, 553 macros
[2026-06-27T01:53:43.051+0000] {subprocess.py:93} INFO - [0m01:53:43
[2026-06-27T01:53:43.051+0000] {subprocess.py:93} INFO - [0m01:53:43  Concurrency: 4 threads (target='dev')
[2026-06-27T01:53:43.052+0000] {subprocess.py:93} INFO - [0m01:53:43
[2026-06-27T01:53:46.020+0000] {subprocess.py:93} INFO - [0m01:53:46  1 of 9 START seed file logistics_mart.drivers .................................. [RUN]
[2026-06-27T01:53:46.021+0000] {subprocess.py:93} INFO - [0m01:53:46  2 of 9 START seed file logistics_mart.hubs ..................................... [RUN]
[2026-06-27T01:53:46.021+0000] {subprocess.py:93} INFO - [0m01:53:46  3 of 9 START seed file logistics_mart.shipments ................................ [RUN]
[2026-06-27T01:53:46.022+0000] {subprocess.py:93} INFO - [0m01:53:46  4 of 9 START seed file logistics_mart.weather_api_raw .......................... [RUN]
[2026-06-27T01:53:56.884+0000] {subprocess.py:93} INFO - [0m01:53:56  3 of 9 OK loaded seed file logistics_mart.shipments ............................ [[32mINSERT 3[0m in 10.86s]
[2026-06-27T01:53:56.889+0000] {subprocess.py:93} INFO - [0m01:53:56  5 of 9 START sql view model logistics_mart.stg_shipments ....................... [RUN]
[2026-06-27T01:53:59.083+0000] {subprocess.py:93} INFO - [0m01:53:59  5 of 9 OK created sql view model logistics_mart.stg_shipments .................. [[32mCREATE VIEW (0 processed)[0m in 2.19s]
[2026-06-27T05:20:04.072+0000] {subprocess.py:93} INFO - [0m05:20:04  2 of 9 OK loaded seed file logistics_mart.hubs ................................. [[32mINSERT 3[0m in 12378.05s]
[2026-06-27T05:20:04.078+0000] {subprocess.py:93} INFO - [0m05:20:04  6 of 9 START sql table model logistics_mart.dim_hubs ........................... [RUN]
[2026-06-27T05:20:04.476+0000] {subprocess.py:93} INFO - [0m05:20:04  4 of 9 OK loaded seed file logistics_mart.weather_api_raw ...................... [[32mINSERT 3[0m in 12378.45s]
[2026-06-27T05:20:04.479+0000] {subprocess.py:93} INFO - [0m05:20:04  7 of 9 START sql view model logistics_mart.stg_weather ......................... [RUN]
[2026-06-27T05:20:06.347+0000] {subprocess.py:93} INFO - [0m05:20:06  7 of 9 OK created sql view model logistics_mart.stg_weather .................... [[32mCREATE VIEW (0 processed)[0m in 1.87s]
[2026-06-27T05:20:07.701+0000] {subprocess.py:93} INFO - [0m05:20:07  6 of 9 OK created sql table model logistics_mart.dim_hubs ...................... [[32mCREATE TABLE (3.0 rows, 149.0 Bytes processed)[0m in 3.62s]
[2026-06-27T05:20:07.705+0000] {subprocess.py:93} INFO - [0m05:20:07  8 of 9 START sql table model logistics_mart.fact_shipment_weather .............. [RUN]
[2026-06-27T05:20:21.228+0000] {subprocess.py:93} INFO - [0m05:20:21  1 of 9 OK loaded seed file logistics_mart.drivers .............................. [[32mINSERT 3[0m in 12395.20s]
[2026-06-27T05:20:21.244+0000] {subprocess.py:93} INFO - [0m05:20:21  9 of 9 START sql table model logistics_mart.dim_drivers ........................ [RUN]
[2026-06-27T05:22:17.774+0000] {subprocess.py:93} INFO - [0m05:22:17  8 of 9 ERROR creating sql table model logistics_mart.fact_shipment_weather ..... [[31mERROR[0m in 130.06s]
[2026-06-27T07:43:47.944+0000] {subprocess.py:93} INFO - [0m07:43:47  9 of 9 OK created sql table model logistics_mart.dim_drivers ................... [[32mCREATE TABLE (3.0 rows, 108.0 Bytes processed)[0m in 8606.69s]
[2026-06-27T07:43:47.991+0000] {subprocess.py:93} INFO - [0m07:43:47
[2026-06-27T07:43:47.991+0000] {subprocess.py:93} INFO - [0m07:43:47  Finished running 4 seeds, 3 table models, 2 view models in 5 hours 50 minutes and 4.94 seconds (21004.94s).
[2026-06-27T07:43:48.041+0000] {subprocess.py:93} INFO - [0m07:43:48
[2026-06-27T07:43:48.041+0000] {subprocess.py:93} INFO - [0m07:43:48  [31mCompleted with 1 error, 0 partial successes, and 0 warnings:[0m
[2026-06-27T07:43:48.042+0000] {subprocess.py:93} INFO - [0m07:43:48
[2026-06-27T07:43:48.042+0000] {subprocess.py:93} INFO - [0m07:43:48  [31mFailure in model fact_shipment_weather (models/mart/fact_shipment_weather.sql)[0m
[2026-06-27T07:43:48.042+0000] {subprocess.py:93} INFO - [0m07:43:48    Database Error in model fact_shipment_weather (models/mart/fact_shipment_weather.sql)
[2026-06-27T07:43:48.043+0000] {subprocess.py:93} INFO -   ('Connection aborted.', RemoteDisconnected('Remote end closed connection without response'))
[2026-06-27T07:43:48.043+0000] {subprocess.py:93} INFO -   compiled code at target/run/logistics_lakehouse/models/mart/fact_shipment_weather.sql
[2026-06-27T07:43:48.043+0000] {subprocess.py:93} INFO - [0m07:43:48
[2026-06-27T07:43:48.043+0000] {subprocess.py:93} INFO - [0m07:43:48    compiled code at target/compiled/logistics_lakehouse/models/mart/fact_shipment_weather.sql
[2026-06-27T07:43:48.043+0000] {subprocess.py:93} INFO - [0m07:43:48
[2026-06-27T07:43:48.043+0000] {subprocess.py:93} INFO - [0m07:43:48  Done. PASS=8 WARN=0 ERROR=1 SKIP=0 NO-OP=0 TOTAL=9
[2026-06-27T07:43:50.300+0000] {subprocess.py:97} INFO - Command exited with return code 1
[2026-06-27T07:43:50.302+0000] {taskinstance.py:441} INFO - ::group::Post task execution logs
[2026-06-27T07:43:50.324+0000] {taskinstance.py:2905} ERROR - Task failed with exception
Traceback (most recent call last):
  File "/home/airflow/.local/lib/python3.12/site-packages/airflow/models/taskinstance.py", line 465, in _execute_task
    result = _execute_callable(context=context, **execute_callable_kwargs)
             ^^^^^^^^^^^^^^^^^^^^^^^^^^^^^^^^^^^^^^^^^^^^^^^^^^^^^^^^^^^^^
  File "/home/airflow/.local/lib/python3.12/site-packages/airflow/models/taskinstance.py", line 432, in _execute_callable
    return execute_callable(context=context, **execute_callable_kwargs)
           ^^^^^^^^^^^^^^^^^^^^^^^^^^^^^^^^^^^^^^^^^^^^^^^^^^^^^^^^^^^^
  File "/home/airflow/.local/lib/python3.12/site-packages/airflow/models/baseoperator.py", line 400, in wrapper
    return func(self, *args, **kwargs)
           ^^^^^^^^^^^^^^^^^^^^^^^^^^^
  File "/home/airflow/.local/lib/python3.12/site-packages/airflow/operators/bash.py", line 243, in execute
    raise AirflowException(
airflow.exceptions.AirflowException: Bash command failed. The command returned a non-zero exit code 1.
[2026-06-27T07:43:50.332+0000] {taskinstance.py:1206} INFO - Marking task as FAILED. dag_id=dbt_gold_transformation, task_id=trigger_dbt_build, run_id=scheduled__2026-06-26T00:00:00+00:00, execution_date=20260626T000000, start_date=20260627T015341, end_date=20260627T074350
[2026-06-27T07:43:50.351+0000] {standard_task_runner.py:110} ERROR - Failed to execute job 163 for task trigger_dbt_build (Bash command failed. The command returned a non-zero exit code 1.; 8526)
[2026-06-27T07:43:50.399+0000] {local_task_job_runner.py:240} INFO - Task exited with return code 1
[2026-06-27T07:43:50.422+0000] {taskinstance.py:3498} INFO - 0 downstream tasks scheduled from follow-on schedule check
[2026-06-27T07:43:50.424+0000] {local_task_job_runner.py:222} INFO - ::endgroup::
