[2026-06-27T00:34:51.747+0000] {local_task_job_runner.py:120} INFO - ::group::Pre task execution logs
[2026-06-27T00:34:51.773+0000] {taskinstance.py:2076} INFO - Dependencies all met for dep_context=non-requeueable deps ti=<TaskInstance: dbt_gold_transformation.trigger_dbt_build scheduled__2026-06-26T00:00:00+00:00 [queued]>
[2026-06-27T00:34:51.781+0000] {taskinstance.py:2076} INFO - Dependencies all met for dep_context=requeueable deps ti=<TaskInstance: dbt_gold_transformation.trigger_dbt_build scheduled__2026-06-26T00:00:00+00:00 [queued]>
[2026-06-27T00:34:51.782+0000] {taskinstance.py:2306} INFO - Starting attempt 1 of 2
[2026-06-27T00:34:51.800+0000] {taskinstance.py:2330} INFO - Executing <Task(BashOperator): trigger_dbt_build> on 2026-06-26 00:00:00+00:00
[2026-06-27T00:34:51.813+0000] {standard_task_runner.py:90} INFO - Running: ['***', 'tasks', 'run', 'dbt_gold_transformation', 'trigger_dbt_build', 'scheduled__2026-06-26T00:00:00+00:00', '--job-id', '160', '--raw', '--subdir', 'DAGS_FOLDER/dag_gold_dbt.py', '--cfg-path', '/tmp/tmpwvpg5861']
[2026-06-27T00:34:51.817+0000] {standard_task_runner.py:91} INFO - Job 160: Subtask trigger_dbt_build
[2026-06-27T00:34:51.818+0000] {logging_mixin.py:188} WARNING - /home/***/.local/lib/python3.12/site-packages/***/task/task_runner/standard_task_runner.py:61 DeprecationWarning: This process (pid=8454) is multi-threaded, use of fork() may lead to deadlocks in the child.
[2026-06-27T00:34:51.820+0000] {standard_task_runner.py:63} INFO - Started process 8464 to run task
[2026-06-27T00:34:51.853+0000] {task_command.py:426} INFO - Running <TaskInstance: dbt_gold_transformation.trigger_dbt_build scheduled__2026-06-26T00:00:00+00:00 [running]> on host 6a613ecd21c6
[2026-06-27T00:34:51.948+0000] {taskinstance.py:2648} INFO - Exporting env vars: AIRFLOW_CTX_DAG_OWNER='data_engineer' AIRFLOW_CTX_DAG_ID='dbt_gold_transformation' AIRFLOW_CTX_TASK_ID='trigger_dbt_build' AIRFLOW_CTX_EXECUTION_DATE='2026-06-26T00:00:00+00:00' AIRFLOW_CTX_TRY_NUMBER='1' AIRFLOW_CTX_DAG_RUN_ID='scheduled__2026-06-26T00:00:00+00:00'
[2026-06-27T00:34:51.949+0000] {taskinstance.py:430} INFO - ::endgroup::
[2026-06-27T00:34:51.971+0000] {subprocess.py:63} INFO - Tmp dir root location: /tmp
[2026-06-27T00:34:51.973+0000] {subprocess.py:75} INFO - Running command: ['/usr/bin/bash', '-c', 'cd /opt/***/dbt && dbt build --profiles-dir . --target dev']
[2026-06-27T00:34:51.980+0000] {subprocess.py:86} INFO - Output:
[2026-06-27T00:34:54.579+0000] {subprocess.py:93} INFO - [0m00:34:54  Running with dbt=1.11.11
[2026-06-27T00:34:57.226+0000] {subprocess.py:93} INFO - [0m00:34:57  Registered adapter: bigquery=1.11.3
[2026-06-27T00:34:57.523+0000] {subprocess.py:93} INFO - [0m00:34:57  Found 5 models, 4 seeds, 4 sources, 553 macros
[2026-06-27T00:34:57.524+0000] {subprocess.py:93} INFO - [0m00:34:57
[2026-06-27T00:34:57.525+0000] {subprocess.py:93} INFO - [0m00:34:57  Concurrency: 4 threads (target='dev')
[2026-06-27T00:34:57.525+0000] {subprocess.py:93} INFO - [0m00:34:57
[2026-06-27T00:34:58.587+0000] {subprocess.py:93} INFO - WARNING:urllib3.connectionpool:Retrying (Retry(total=2, connect=None, read=None, redirect=None, status=None)) after connection broken by 'SSLError(SSLEOFError(8, '[SSL: UNEXPECTED_EOF_WHILE_READING] EOF occurred in violation of protocol (_ssl.c:1000)'))': /token
[2026-06-27T00:35:00.252+0000] {subprocess.py:93} INFO - [0m00:35:00  1 of 9 START seed file logistics_mart.drivers .................................. [RUN]
[2026-06-27T00:35:00.253+0000] {subprocess.py:93} INFO - [0m00:35:00  2 of 9 START seed file logistics_mart.hubs ..................................... [RUN]
[2026-06-27T00:35:00.253+0000] {subprocess.py:93} INFO - [0m00:35:00  3 of 9 START seed file logistics_mart.shipments ................................ [RUN]
[2026-06-27T00:35:00.254+0000] {subprocess.py:93} INFO - [0m00:35:00  4 of 9 START seed file logistics_mart.weather_api_raw .......................... [RUN]
[2026-06-27T00:35:11.018+0000] {subprocess.py:93} INFO - [0m00:35:11  [31mUnhandled error while executing [0m
[2026-06-27T00:35:11.019+0000] {subprocess.py:93} INFO - ('Connection aborted.', RemoteDisconnected('Remote end closed connection without response'))
[2026-06-27T00:35:11.043+0000] {subprocess.py:93} INFO - [0m00:35:11  2 of 9 ERROR loading seed file logistics_mart.hubs ............................. [[31mERROR[0m in 10.79s]
[2026-06-27T00:35:11.046+0000] {subprocess.py:93} INFO - [0m00:35:11  5 of 9 SKIP relation logistics_mart.dim_hubs ................................... [[33mSKIP[0m]
[2026-06-27T00:35:11.547+0000] {subprocess.py:93} INFO - [0m00:35:11  [31mUnhandled error while executing [0m
[2026-06-27T00:35:11.548+0000] {subprocess.py:93} INFO - ('Connection aborted.', RemoteDisconnected('Remote end closed connection without response'))
[2026-06-27T00:35:11.554+0000] {subprocess.py:93} INFO - [0m00:35:11  1 of 9 ERROR loading seed file logistics_mart.drivers .......................... [[31mERROR[0m in 11.30s]
[2026-06-27T00:35:11.565+0000] {subprocess.py:93} INFO - [0m00:35:11  6 of 9 SKIP relation logistics_mart.dim_drivers ................................ [[33mSKIP[0m]
[2026-06-27T00:35:12.250+0000] {subprocess.py:93} INFO - [0m00:35:12  [31mUnhandled error while executing [0m
[2026-06-27T00:35:12.251+0000] {subprocess.py:93} INFO - ('Connection aborted.', RemoteDisconnected('Remote end closed connection without response'))
[2026-06-27T00:35:12.258+0000] {subprocess.py:93} INFO - [0m00:35:12  4 of 9 ERROR loading seed file logistics_mart.weather_api_raw .................. [[31mERROR[0m in 12.00s]
[2026-06-27T00:35:12.261+0000] {subprocess.py:93} INFO - [0m00:35:12  7 of 9 SKIP relation logistics_mart.stg_weather ................................ [[33mSKIP[0m]
[2026-06-27T00:35:13.542+0000] {subprocess.py:93} INFO - [0m00:35:13  [31mUnhandled error while executing [0m
[2026-06-27T00:35:13.545+0000] {subprocess.py:93} INFO - ('Connection aborted.', RemoteDisconnected('Remote end closed connection without response'))
[2026-06-27T00:35:13.550+0000] {subprocess.py:93} INFO - [0m00:35:13  3 of 9 ERROR loading seed file logistics_mart.shipments ........................ [[31mERROR[0m in 13.29s]
[2026-06-27T00:35:13.553+0000] {subprocess.py:93} INFO - [0m00:35:13  8 of 9 SKIP relation logistics_mart.stg_shipments .............................. [[33mSKIP[0m]
[2026-06-27T00:35:13.555+0000] {subprocess.py:93} INFO - [0m00:35:13  9 of 9 SKIP relation logistics_mart.fact_shipment_weather ...................... [[33mSKIP[0m]
[2026-06-27T00:35:13.607+0000] {subprocess.py:93} INFO - [0m00:35:13
[2026-06-27T00:35:13.608+0000] {subprocess.py:93} INFO - [0m00:35:13  Finished running 4 seeds, 3 table models, 2 view models in 0 hours 0 minutes and 16.08 seconds (16.08s).
[2026-06-27T00:35:13.662+0000] {subprocess.py:93} INFO - [0m00:35:13
[2026-06-27T00:35:13.663+0000] {subprocess.py:93} INFO - [0m00:35:13  [31mCompleted with 4 errors, 0 partial successes, and 0 warnings:[0m
[2026-06-27T00:35:13.663+0000] {subprocess.py:93} INFO - [0m00:35:13
[2026-06-27T00:35:13.664+0000] {subprocess.py:93} INFO - [0m00:35:13  [31mFailure in seed hubs (seeds/hubs.csv)[0m
[2026-06-27T00:35:13.664+0000] {subprocess.py:93} INFO - [0m00:35:13    ('Connection aborted.', RemoteDisconnected('Remote end closed connection without response'))
[2026-06-27T00:35:13.665+0000] {subprocess.py:93} INFO - [0m00:35:13
[2026-06-27T00:35:13.665+0000] {subprocess.py:93} INFO - [0m00:35:13  [31mFailure in seed drivers (seeds/drivers.csv)[0m
[2026-06-27T00:35:13.666+0000] {subprocess.py:93} INFO - [0m00:35:13    ('Connection aborted.', RemoteDisconnected('Remote end closed connection without response'))
[2026-06-27T00:35:13.666+0000] {subprocess.py:93} INFO - [0m00:35:13
[2026-06-27T00:35:13.666+0000] {subprocess.py:93} INFO - [0m00:35:13  [31mFailure in seed weather_api_raw (seeds/weather_api_raw.csv)[0m
[2026-06-27T00:35:13.667+0000] {subprocess.py:93} INFO - [0m00:35:13    ('Connection aborted.', RemoteDisconnected('Remote end closed connection without response'))
[2026-06-27T00:35:13.667+0000] {subprocess.py:93} INFO - [0m00:35:13
[2026-06-27T00:35:13.667+0000] {subprocess.py:93} INFO - [0m00:35:13  [31mFailure in seed shipments (seeds/shipments.csv)[0m
[2026-06-27T00:35:13.668+0000] {subprocess.py:93} INFO - [0m00:35:13    ('Connection aborted.', RemoteDisconnected('Remote end closed connection without response'))
[2026-06-27T00:35:13.668+0000] {subprocess.py:93} INFO - [0m00:35:13
[2026-06-27T00:35:13.669+0000] {subprocess.py:93} INFO - [0m00:35:13  Done. PASS=0 WARN=0 ERROR=4 SKIP=5 NO-OP=0 TOTAL=9
[2026-06-27T00:35:15.662+0000] {subprocess.py:97} INFO - Command exited with return code 1
[2026-06-27T00:35:15.667+0000] {taskinstance.py:441} INFO - ::group::Post task execution logs
[2026-06-27T00:35:15.691+0000] {taskinstance.py:2905} ERROR - Task failed with exception
Traceback (most recent call last):
  File "/home/airflow/.local/lib/python3.12/site-packages/airflow/models/taskinstance.py", line 465, in _execute_task
    result = _execute_callable(context=context, **execute_callable_kwargs)
             ^^^^^^^^^^^^^^^^^^^^^^^^^^^^^^^^^^^^^^^^^^^^^^^^^^^^^^^^^^^^^
  File "/home/airflow/.local/lib/python3.12/site-packages/airflow/models/taskinstance.py", line 432, in _execute_callable
    return execute_callable(context=context, **execute_callable_kwargs)
           ^^^^^^^^^^^^^^^^^^^^^^^^^^^^^^^^^^^^^^^^^^^^^^^^^^^^^^^^^^^^
  File "/home/airflow/.local/lib/python3.12/site-packages/airflow/models/baseoperator.py", line 400, in wrapper
    return func(self, *args, **kwargs)
           ^^^^^^^^^^^^^^^^^^^^^^^^^^^
  File "/home/airflow/.local/lib/python3.12/site-packages/airflow/operators/bash.py", line 243, in execute
    raise AirflowException(
airflow.exceptions.AirflowException: Bash command failed. The command returned a non-zero exit code 1.
[2026-06-27T00:35:15.701+0000] {taskinstance.py:1206} INFO - Marking task as UP_FOR_RETRY. dag_id=dbt_gold_transformation, task_id=trigger_dbt_build, run_id=scheduled__2026-06-26T00:00:00+00:00, execution_date=20260626T000000, start_date=20260627T003451, end_date=20260627T003515
[2026-06-27T00:35:15.721+0000] {standard_task_runner.py:110} ERROR - Failed to execute job 160 for task trigger_dbt_build (Bash command failed. The command returned a non-zero exit code 1.; 8464)
[2026-06-27T00:35:15.755+0000] {local_task_job_runner.py:240} INFO - Task exited with return code 1
[2026-06-27T00:35:15.778+0000] {taskinstance.py:3498} INFO - 0 downstream tasks scheduled from follow-on schedule check
[2026-06-27T00:35:15.779+0000] {local_task_job_runner.py:222} INFO - ::endgroup::
