[2026-07-12T19:32:16.066+0000] {local_task_job_runner.py:120} INFO - ::group::Pre task execution logs
[2026-07-12T19:32:16.097+0000] {taskinstance.py:2076} INFO - Dependencies all met for dep_context=non-requeueable deps ti=<TaskInstance: gold_dbt_dag.trigger_dbt_build manual__2026-07-12T19:32:14.615722+00:00 [queued]>
[2026-07-12T19:32:16.100+0000] {taskinstance.py:2076} INFO - Dependencies all met for dep_context=requeueable deps ti=<TaskInstance: gold_dbt_dag.trigger_dbt_build manual__2026-07-12T19:32:14.615722+00:00 [queued]>
[2026-07-12T19:32:16.100+0000] {taskinstance.py:2306} INFO - Starting attempt 1 of 2
[2026-07-12T19:32:16.105+0000] {taskinstance.py:2330} INFO - Executing <Task(BashOperator): trigger_dbt_build> on 2026-07-12 19:32:14.615722+00:00
[2026-07-12T19:32:16.110+0000] {standard_task_runner.py:90} INFO - Running: ['***', 'tasks', 'run', 'gold_dbt_dag', 'trigger_dbt_build', 'manual__2026-07-12T19:32:14.615722+00:00', '--job-id', '220', '--raw', '--subdir', 'DAGS_FOLDER/dag_gold_dbt.py', '--cfg-path', '/tmp/tmp7196cm1i']
[2026-07-12T19:32:16.113+0000] {standard_task_runner.py:91} INFO - Job 220: Subtask trigger_dbt_build
[2026-07-12T19:32:16.123+0000] {logging_mixin.py:188} WARNING - /home/***/.local/lib/python3.12/site-packages/***/task/task_runner/standard_task_runner.py:61 DeprecationWarning: This process (pid=38883) is multi-threaded, use of fork() may lead to deadlocks in the child.
[2026-07-12T19:32:16.124+0000] {standard_task_runner.py:63} INFO - Started process 38884 to run task
[2026-07-12T19:32:16.152+0000] {task_command.py:426} INFO - Running <TaskInstance: gold_dbt_dag.trigger_dbt_build manual__2026-07-12T19:32:14.615722+00:00 [running]> on host ad4e12f53b08
[2026-07-12T19:32:16.204+0000] {taskinstance.py:2648} INFO - Exporting env vars: AIRFLOW_CTX_DAG_OWNER='data_engineer' AIRFLOW_CTX_DAG_ID='gold_dbt_dag' AIRFLOW_CTX_TASK_ID='trigger_dbt_build' AIRFLOW_CTX_EXECUTION_DATE='2026-07-12T19:32:14.615722+00:00' AIRFLOW_CTX_TRY_NUMBER='1' AIRFLOW_CTX_DAG_RUN_ID='manual__2026-07-12T19:32:14.615722+00:00'
[2026-07-12T19:32:16.205+0000] {taskinstance.py:430} INFO - ::endgroup::
[2026-07-12T19:32:16.216+0000] {subprocess.py:63} INFO - Tmp dir root location: /tmp
[2026-07-12T19:32:16.218+0000] {subprocess.py:75} INFO - Running command: ['/usr/bin/bash', '-c', 'cd /opt/***/dbt && dbt build --profiles-dir . --target dev']
[2026-07-12T19:32:16.226+0000] {subprocess.py:86} INFO - Output:
[2026-07-12T19:32:17.500+0000] {subprocess.py:93} INFO - [0m19:32:17  Running with dbt=1.11.11
[2026-07-12T19:32:18.170+0000] {subprocess.py:93} INFO - [0m19:32:18  Registered adapter: bigquery=1.11.3
[2026-07-12T19:32:18.611+0000] {subprocess.py:93} INFO - [0m19:32:18  Found 6 models, 4 sources, 553 macros
[2026-07-12T19:32:18.613+0000] {subprocess.py:93} INFO - [0m19:32:18
[2026-07-12T19:32:18.613+0000] {subprocess.py:93} INFO - [0m19:32:18  Concurrency: 4 threads (target='dev')
[2026-07-12T19:32:18.614+0000] {subprocess.py:93} INFO - [0m19:32:18
[2026-07-12T19:32:20.046+0000] {subprocess.py:93} INFO - [0m19:32:20  1 of 6 START sql table model logistics_mart.dim_drivers ........................ [RUN]
[2026-07-12T19:32:20.047+0000] {subprocess.py:93} INFO - [0m19:32:20  2 of 6 START sql table model logistics_mart.dim_hubs ........................... [RUN]
[2026-07-12T19:32:20.047+0000] {subprocess.py:93} INFO - [0m19:32:20  3 of 6 START sql view model logistics_mart.stg_shipments ....................... [RUN]
[2026-07-12T19:32:20.048+0000] {subprocess.py:93} INFO - [0m19:32:20  4 of 6 START sql view model logistics_mart.stg_weather ......................... [RUN]
[2026-07-12T19:32:21.960+0000] {subprocess.py:93} INFO - [0m19:32:21  3 of 6 OK created sql view model logistics_mart.stg_shipments .................. [[32mCREATE VIEW (0 processed)[0m in 1.91s]
[2026-07-12T19:32:21.962+0000] {subprocess.py:93} INFO - [0m19:32:21  5 of 6 START sql view model logistics_mart.stg_weather_consensus ............... [RUN]
[2026-07-12T19:32:22.015+0000] {subprocess.py:93} INFO - [0m19:32:22  4 of 6 OK created sql view model logistics_mart.stg_weather .................... [[32mCREATE VIEW (0 processed)[0m in 1.96s]
[2026-07-12T19:32:23.330+0000] {subprocess.py:93} INFO - [0m19:32:23  1 of 6 OK created sql table model logistics_mart.dim_drivers ................... [[32mCREATE TABLE (3.0 rows, 117.0 Bytes processed)[0m in 3.28s]
[2026-07-12T19:32:23.334+0000] {subprocess.py:93} INFO - [0m19:32:23  2 of 6 OK created sql table model logistics_mart.dim_hubs ...................... [[32mCREATE TABLE (3.0 rows, 176.0 Bytes processed)[0m in 3.28s]
[2026-07-12T19:32:23.524+0000] {subprocess.py:93} INFO - [0m19:32:23  5 of 6 OK created sql view model logistics_mart.stg_weather_consensus .......... [[32mCREATE VIEW (0 processed)[0m in 1.56s]
[2026-07-12T19:32:23.529+0000] {subprocess.py:93} INFO - [0m19:32:23  6 of 6 START sql table model logistics_mart.fact_shipment_weather .............. [RUN]
[2026-07-12T19:32:25.304+0000] {subprocess.py:93} INFO - [0m19:32:25  BigQuery adapter: https://console.cloud.google.com/bigquery?project=logistics-500519&j=bq:US:a6118930-9ca2-416e-a64f-de1d8101cae4&page=queryresults
[2026-07-12T19:32:25.331+0000] {subprocess.py:93} INFO - [0m19:32:25  6 of 6 ERROR creating sql table model logistics_mart.fact_shipment_weather ..... [[31mERROR[0m in 1.80s]
[2026-07-12T19:32:25.382+0000] {subprocess.py:93} INFO - [0m19:32:25
[2026-07-12T19:32:25.383+0000] {subprocess.py:93} INFO - [0m19:32:25  Finished running 3 table models, 3 view models in 0 hours 0 minutes and 6.77 seconds (6.77s).
[2026-07-12T19:32:25.455+0000] {subprocess.py:93} INFO - [0m19:32:25
[2026-07-12T19:32:25.456+0000] {subprocess.py:93} INFO - [0m19:32:25  [31mCompleted with 1 error, 0 partial successes, and 0 warnings:[0m
[2026-07-12T19:32:25.457+0000] {subprocess.py:93} INFO - [0m19:32:25
[2026-07-12T19:32:25.457+0000] {subprocess.py:93} INFO - [0m19:32:25  [31mFailure in model fact_shipment_weather (models/mart/fact_shipment_weather.sql)[0m
[2026-07-12T19:32:25.457+0000] {subprocess.py:93} INFO - [0m19:32:25    Database Error in model fact_shipment_weather (models/mart/fact_shipment_weather.sql)
[2026-07-12T19:32:25.457+0000] {subprocess.py:93} INFO -   No matching signature for operator >= for argument types: DATETIME, INT64
[2026-07-12T19:32:25.458+0000] {subprocess.py:93} INFO -     Signature: T1 >= T1
[2026-07-12T19:32:25.458+0000] {subprocess.py:93} INFO -       Unable to find common supertype for templated argument <T1>
[2026-07-12T19:32:25.458+0000] {subprocess.py:93} INFO -         Input types for <T1>: {INT64, DATETIME} at [41:9]
[2026-07-12T19:32:25.458+0000] {subprocess.py:93} INFO -   compiled code at target/run/logistics_lakehouse/models/mart/fact_shipment_weather.sql
[2026-07-12T19:32:25.459+0000] {subprocess.py:93} INFO - [0m19:32:25
[2026-07-12T19:32:25.459+0000] {subprocess.py:93} INFO - [0m19:32:25    compiled code at target/compiled/logistics_lakehouse/models/mart/fact_shipment_weather.sql
[2026-07-12T19:32:25.459+0000] {subprocess.py:93} INFO - [0m19:32:25
[2026-07-12T19:32:25.459+0000] {subprocess.py:93} INFO - [0m19:32:25  Done. PASS=5 WARN=0 ERROR=1 SKIP=0 NO-OP=0 TOTAL=6
[2026-07-12T19:32:27.787+0000] {subprocess.py:97} INFO - Command exited with return code 1
[2026-07-12T19:32:27.789+0000] {taskinstance.py:441} INFO - ::group::Post task execution logs
[2026-07-12T19:32:27.809+0000] {taskinstance.py:2905} ERROR - Task failed with exception
Traceback (most recent call last):
  File "/home/airflow/.local/lib/python3.12/site-packages/airflow/models/taskinstance.py", line 465, in _execute_task
    result = _execute_callable(context=context, **execute_callable_kwargs)
             ^^^^^^^^^^^^^^^^^^^^^^^^^^^^^^^^^^^^^^^^^^^^^^^^^^^^^^^^^^^^^
  File "/home/airflow/.local/lib/python3.12/site-packages/airflow/models/taskinstance.py", line 432, in _execute_callable
    return execute_callable(context=context, **execute_callable_kwargs)
           ^^^^^^^^^^^^^^^^^^^^^^^^^^^^^^^^^^^^^^^^^^^^^^^^^^^^^^^^^^^^
  File "/home/airflow/.local/lib/python3.12/site-packages/airflow/models/baseoperator.py", line 400, in wrapper
    return func(self, *args, **kwargs)
           ^^^^^^^^^^^^^^^^^^^^^^^^^^^
  File "/home/airflow/.local/lib/python3.12/site-packages/airflow/operators/bash.py", line 243, in execute
    raise AirflowException(
airflow.exceptions.AirflowException: Bash command failed. The command returned a non-zero exit code 1.
[2026-07-12T19:32:27.816+0000] {taskinstance.py:1206} INFO - Marking task as UP_FOR_RETRY. dag_id=gold_dbt_dag, task_id=trigger_dbt_build, run_id=manual__2026-07-12T19:32:14.615722+00:00, execution_date=20260712T193214, start_date=20260712T193216, end_date=20260712T193227
[2026-07-12T19:32:27.830+0000] {standard_task_runner.py:110} ERROR - Failed to execute job 220 for task trigger_dbt_build (Bash command failed. The command returned a non-zero exit code 1.; 38884)
[2026-07-12T19:32:27.838+0000] {local_task_job_runner.py:240} INFO - Task exited with return code 1
[2026-07-12T19:32:27.862+0000] {taskinstance.py:3498} INFO - 0 downstream tasks scheduled from follow-on schedule check
[2026-07-12T19:32:27.863+0000] {local_task_job_runner.py:222} INFO - ::endgroup::
