[2026-07-12T19:34:28.961+0000] {local_task_job_runner.py:120} INFO - ::group::Pre task execution logs
[2026-07-12T19:34:28.991+0000] {taskinstance.py:2076} INFO - Dependencies all met for dep_context=non-requeueable deps ti=<TaskInstance: gold_dbt_dag.trigger_dbt_build manual__2026-07-12T19:32:14.615722+00:00 [queued]>
[2026-07-12T19:34:28.995+0000] {taskinstance.py:2076} INFO - Dependencies all met for dep_context=requeueable deps ti=<TaskInstance: gold_dbt_dag.trigger_dbt_build manual__2026-07-12T19:32:14.615722+00:00 [queued]>
[2026-07-12T19:34:28.996+0000] {taskinstance.py:2306} INFO - Starting attempt 2 of 2
[2026-07-12T19:34:29.004+0000] {taskinstance.py:2330} INFO - Executing <Task(BashOperator): trigger_dbt_build> on 2026-07-12 19:32:14.615722+00:00
[2026-07-12T19:34:29.010+0000] {standard_task_runner.py:90} INFO - Running: ['***', 'tasks', 'run', 'gold_dbt_dag', 'trigger_dbt_build', 'manual__2026-07-12T19:32:14.615722+00:00', '--job-id', '221', '--raw', '--subdir', 'DAGS_FOLDER/dag_gold_dbt.py', '--cfg-path', '/tmp/tmpq66axhbv']
[2026-07-12T19:34:29.012+0000] {logging_mixin.py:188} WARNING - /home/***/.local/lib/python3.12/site-packages/***/task/task_runner/standard_task_runner.py:61 DeprecationWarning: This process (pid=39077) is multi-threaded, use of fork() may lead to deadlocks in the child.
[2026-07-12T19:34:29.015+0000] {standard_task_runner.py:63} INFO - Started process 39078 to run task
[2026-07-12T19:34:29.015+0000] {standard_task_runner.py:91} INFO - Job 221: Subtask trigger_dbt_build
[2026-07-12T19:34:29.054+0000] {task_command.py:426} INFO - Running <TaskInstance: gold_dbt_dag.trigger_dbt_build manual__2026-07-12T19:32:14.615722+00:00 [running]> on host ad4e12f53b08
[2026-07-12T19:34:29.102+0000] {taskinstance.py:2648} INFO - Exporting env vars: AIRFLOW_CTX_DAG_OWNER='data_engineer' AIRFLOW_CTX_DAG_ID='gold_dbt_dag' AIRFLOW_CTX_TASK_ID='trigger_dbt_build' AIRFLOW_CTX_EXECUTION_DATE='2026-07-12T19:32:14.615722+00:00' AIRFLOW_CTX_TRY_NUMBER='2' AIRFLOW_CTX_DAG_RUN_ID='manual__2026-07-12T19:32:14.615722+00:00'
[2026-07-12T19:34:29.102+0000] {taskinstance.py:430} INFO - ::endgroup::
[2026-07-12T19:34:29.120+0000] {subprocess.py:63} INFO - Tmp dir root location: /tmp
[2026-07-12T19:34:29.122+0000] {subprocess.py:75} INFO - Running command: ['/usr/bin/bash', '-c', 'cd /opt/***/dbt && dbt build --profiles-dir . --target dev']
[2026-07-12T19:34:29.129+0000] {subprocess.py:86} INFO - Output:
[2026-07-12T19:34:30.351+0000] {subprocess.py:93} INFO - [0m19:34:30  Running with dbt=1.11.11
[2026-07-12T19:34:30.996+0000] {subprocess.py:93} INFO - [0m19:34:30  Registered adapter: bigquery=1.11.3
[2026-07-12T19:34:31.219+0000] {subprocess.py:93} INFO - [0m19:34:31  Found 6 models, 4 sources, 553 macros
[2026-07-12T19:34:31.221+0000] {subprocess.py:93} INFO - [0m19:34:31
[2026-07-12T19:34:31.221+0000] {subprocess.py:93} INFO - [0m19:34:31  Concurrency: 4 threads (target='dev')
[2026-07-12T19:34:31.221+0000] {subprocess.py:93} INFO - [0m19:34:31
[2026-07-12T19:34:32.734+0000] {subprocess.py:93} INFO - [0m19:34:32  1 of 6 START sql table model logistics_mart.dim_drivers ........................ [RUN]
[2026-07-12T19:34:32.735+0000] {subprocess.py:93} INFO - [0m19:34:32  2 of 6 START sql table model logistics_mart.dim_hubs ........................... [RUN]
[2026-07-12T19:34:32.736+0000] {subprocess.py:93} INFO - [0m19:34:32  3 of 6 START sql view model logistics_mart.stg_shipments ....................... [RUN]
[2026-07-12T19:34:32.736+0000] {subprocess.py:93} INFO - [0m19:34:32  4 of 6 START sql view model logistics_mart.stg_weather ......................... [RUN]
[2026-07-12T19:34:34.637+0000] {subprocess.py:93} INFO - [0m19:34:34  4 of 6 OK created sql view model logistics_mart.stg_weather .................... [[32mCREATE VIEW (0 processed)[0m in 1.89s]
[2026-07-12T19:34:34.639+0000] {subprocess.py:93} INFO - [0m19:34:34  3 of 6 OK created sql view model logistics_mart.stg_shipments .................. [[32mCREATE VIEW (0 processed)[0m in 1.90s]
[2026-07-12T19:34:34.641+0000] {subprocess.py:93} INFO - [0m19:34:34  5 of 6 START sql view model logistics_mart.stg_weather_consensus ............... [RUN]
[2026-07-12T19:34:36.004+0000] {subprocess.py:93} INFO - [0m19:34:36  2 of 6 OK created sql table model logistics_mart.dim_hubs ...................... [[32mCREATE TABLE (3.0 rows, 176.0 Bytes processed)[0m in 3.26s]
[2026-07-12T19:34:36.263+0000] {subprocess.py:93} INFO - [0m19:34:36  5 of 6 OK created sql view model logistics_mart.stg_weather_consensus .......... [[32mCREATE VIEW (0 processed)[0m in 1.62s]
[2026-07-12T19:34:36.267+0000] {subprocess.py:93} INFO - [0m19:34:36  6 of 6 START sql table model logistics_mart.fact_shipment_weather .............. [RUN]
[2026-07-12T19:34:36.300+0000] {subprocess.py:93} INFO - [0m19:34:36  1 of 6 OK created sql table model logistics_mart.dim_drivers ................... [[32mCREATE TABLE (3.0 rows, 117.0 Bytes processed)[0m in 3.56s]
[2026-07-12T19:34:37.982+0000] {subprocess.py:93} INFO - [0m19:34:37  BigQuery adapter: https://console.cloud.google.com/bigquery?project=logistics-500519&j=bq:US:1df2b926-cf5a-4470-b282-befc6d82acc2&page=queryresults
[2026-07-12T19:34:37.993+0000] {subprocess.py:93} INFO - [0m19:34:37  6 of 6 ERROR creating sql table model logistics_mart.fact_shipment_weather ..... [[31mERROR[0m in 1.72s]
[2026-07-12T19:34:38.035+0000] {subprocess.py:93} INFO - [0m19:34:38
[2026-07-12T19:34:38.035+0000] {subprocess.py:93} INFO - [0m19:34:38  Finished running 3 table models, 3 view models in 0 hours 0 minutes and 6.81 seconds (6.81s).
[2026-07-12T19:34:38.066+0000] {subprocess.py:93} INFO - [0m19:34:38
[2026-07-12T19:34:38.066+0000] {subprocess.py:93} INFO - [0m19:34:38  [31mCompleted with 1 error, 0 partial successes, and 0 warnings:[0m
[2026-07-12T19:34:38.066+0000] {subprocess.py:93} INFO - [0m19:34:38
[2026-07-12T19:34:38.067+0000] {subprocess.py:93} INFO - [0m19:34:38  [31mFailure in model fact_shipment_weather (models/mart/fact_shipment_weather.sql)[0m
[2026-07-12T19:34:38.067+0000] {subprocess.py:93} INFO - [0m19:34:38    Database Error in model fact_shipment_weather (models/mart/fact_shipment_weather.sql)
[2026-07-12T19:34:38.067+0000] {subprocess.py:93} INFO -   No matching signature for operator >= for argument types: DATETIME, INT64
[2026-07-12T19:34:38.068+0000] {subprocess.py:93} INFO -     Signature: T1 >= T1
[2026-07-12T19:34:38.068+0000] {subprocess.py:93} INFO -       Unable to find common supertype for templated argument <T1>
[2026-07-12T19:34:38.068+0000] {subprocess.py:93} INFO -         Input types for <T1>: {INT64, DATETIME} at [41:9]
[2026-07-12T19:34:38.068+0000] {subprocess.py:93} INFO -   compiled code at target/run/logistics_lakehouse/models/mart/fact_shipment_weather.sql
[2026-07-12T19:34:38.068+0000] {subprocess.py:93} INFO - [0m19:34:38
[2026-07-12T19:34:38.068+0000] {subprocess.py:93} INFO - [0m19:34:38    compiled code at target/compiled/logistics_lakehouse/models/mart/fact_shipment_weather.sql
[2026-07-12T19:34:38.069+0000] {subprocess.py:93} INFO - [0m19:34:38
[2026-07-12T19:34:38.069+0000] {subprocess.py:93} INFO - [0m19:34:38  Done. PASS=5 WARN=0 ERROR=1 SKIP=0 NO-OP=0 TOTAL=6
[2026-07-12T19:34:44.031+0000] {subprocess.py:97} INFO - Command exited with return code 1
[2026-07-12T19:34:44.035+0000] {taskinstance.py:441} INFO - ::group::Post task execution logs
[2026-07-12T19:34:44.066+0000] {taskinstance.py:2905} ERROR - Task failed with exception
Traceback (most recent call last):
  File "/home/airflow/.local/lib/python3.12/site-packages/airflow/models/taskinstance.py", line 465, in _execute_task
    result = _execute_callable(context=context, **execute_callable_kwargs)
             ^^^^^^^^^^^^^^^^^^^^^^^^^^^^^^^^^^^^^^^^^^^^^^^^^^^^^^^^^^^^^
  File "/home/airflow/.local/lib/python3.12/site-packages/airflow/models/taskinstance.py", line 432, in _execute_callable
    return execute_callable(context=context, **execute_callable_kwargs)
           ^^^^^^^^^^^^^^^^^^^^^^^^^^^^^^^^^^^^^^^^^^^^^^^^^^^^^^^^^^^^
  File "/home/airflow/.local/lib/python3.12/site-packages/airflow/models/baseoperator.py", line 400, in wrapper
    return func(self, *args, **kwargs)
           ^^^^^^^^^^^^^^^^^^^^^^^^^^^
  File "/home/airflow/.local/lib/python3.12/site-packages/airflow/operators/bash.py", line 243, in execute
    raise AirflowException(
airflow.exceptions.AirflowException: Bash command failed. The command returned a non-zero exit code 1.
[2026-07-12T19:34:44.072+0000] {taskinstance.py:1206} INFO - Marking task as FAILED. dag_id=gold_dbt_dag, task_id=trigger_dbt_build, run_id=manual__2026-07-12T19:32:14.615722+00:00, execution_date=20260712T193214, start_date=20260712T193428, end_date=20260712T193444
[2026-07-12T19:34:44.095+0000] {standard_task_runner.py:110} ERROR - Failed to execute job 221 for task trigger_dbt_build (Bash command failed. The command returned a non-zero exit code 1.; 39078)
[2026-07-12T19:34:44.117+0000] {local_task_job_runner.py:240} INFO - Task exited with return code 1
[2026-07-12T19:34:44.142+0000] {taskinstance.py:3498} INFO - 0 downstream tasks scheduled from follow-on schedule check
[2026-07-12T19:34:44.143+0000] {local_task_job_runner.py:222} INFO - ::endgroup::
