[2026-07-05T00:47:38.531+0000] {processor.py:161} INFO - Started process (PID=42709) to work on /opt/airflow/dags/dag_silver_cdc.py
[2026-07-05T00:47:38.532+0000] {processor.py:830} INFO - Processing file /opt/airflow/dags/dag_silver_cdc.py for tasks to queue
[2026-07-05T00:47:38.532+0000] {logging_mixin.py:188} INFO - [2026-07-05T00:47:38.532+0000] {dagbag.py:545} INFO - Filling up the DagBag from /opt/airflow/dags/dag_silver_cdc.py
[2026-07-05T00:47:38.539+0000] {processor.py:840} INFO - DAG(s) 'silver_cdc_dag' retrieved from /opt/airflow/dags/dag_silver_cdc.py
[2026-07-05T00:47:38.553+0000] {logging_mixin.py:188} INFO - [2026-07-05T00:47:38.553+0000] {dag.py:3096} INFO - Sync 1 DAGs
[2026-07-05T00:47:38.563+0000] {logging_mixin.py:188} INFO - [2026-07-05T00:47:38.563+0000] {dag.py:3954} INFO - Setting next_dagrun for silver_cdc_dag to None, run_after=None
[2026-07-05T00:47:38.573+0000] {processor.py:183} INFO - Processing /opt/airflow/dags/dag_silver_cdc.py took 0.045 seconds
[2026-07-05T01:44:46.613+0000] {processor.py:161} INFO - Started process (PID=43306) to work on /opt/airflow/dags/dag_silver_cdc.py
[2026-07-05T01:44:46.614+0000] {processor.py:830} INFO - Processing file /opt/airflow/dags/dag_silver_cdc.py for tasks to queue
[2026-07-05T01:44:46.615+0000] {logging_mixin.py:188} INFO - [2026-07-05T01:44:46.615+0000] {dagbag.py:545} INFO - Filling up the DagBag from /opt/airflow/dags/dag_silver_cdc.py
[2026-07-05T01:44:46.629+0000] {processor.py:840} INFO - DAG(s) 'silver_cdc_dag' retrieved from /opt/airflow/dags/dag_silver_cdc.py
[2026-07-05T01:44:46.663+0000] {logging_mixin.py:188} INFO - [2026-07-05T01:44:46.662+0000] {dag.py:3096} INFO - Sync 1 DAGs
[2026-07-05T01:44:46.685+0000] {logging_mixin.py:188} INFO - [2026-07-05T01:44:46.684+0000] {dag.py:3954} INFO - Setting next_dagrun for silver_cdc_dag to None, run_after=None
[2026-07-05T01:44:46.705+0000] {processor.py:183} INFO - Processing /opt/airflow/dags/dag_silver_cdc.py took 0.097 seconds
[2026-07-05T02:35:37.895+0000] {processor.py:161} INFO - Started process (PID=43925) to work on /opt/airflow/dags/dag_silver_cdc.py
[2026-07-05T02:35:37.896+0000] {processor.py:830} INFO - Processing file /opt/airflow/dags/dag_silver_cdc.py for tasks to queue
[2026-07-05T02:35:37.897+0000] {logging_mixin.py:188} INFO - [2026-07-05T02:35:37.897+0000] {dagbag.py:545} INFO - Filling up the DagBag from /opt/airflow/dags/dag_silver_cdc.py
[2026-07-05T02:35:37.907+0000] {processor.py:840} INFO - DAG(s) 'silver_cdc_dag' retrieved from /opt/airflow/dags/dag_silver_cdc.py
[2026-07-05T02:35:37.922+0000] {logging_mixin.py:188} INFO - [2026-07-05T02:35:37.921+0000] {dag.py:3096} INFO - Sync 1 DAGs
[2026-07-05T02:35:37.935+0000] {logging_mixin.py:188} INFO - [2026-07-05T02:35:37.935+0000] {dag.py:3954} INFO - Setting next_dagrun for silver_cdc_dag to None, run_after=None
[2026-07-05T02:35:37.951+0000] {processor.py:183} INFO - Processing /opt/airflow/dags/dag_silver_cdc.py took 0.062 seconds
[2026-07-05T04:01:50.110+0000] {processor.py:161} INFO - Started process (PID=44573) to work on /opt/airflow/dags/dag_silver_cdc.py
[2026-07-05T04:01:50.111+0000] {processor.py:830} INFO - Processing file /opt/airflow/dags/dag_silver_cdc.py for tasks to queue
[2026-07-05T04:01:50.111+0000] {logging_mixin.py:188} INFO - [2026-07-05T04:01:50.111+0000] {dagbag.py:545} INFO - Filling up the DagBag from /opt/airflow/dags/dag_silver_cdc.py
[2026-07-05T04:01:50.118+0000] {processor.py:840} INFO - DAG(s) 'silver_cdc_dag' retrieved from /opt/airflow/dags/dag_silver_cdc.py
[2026-07-05T04:01:50.133+0000] {logging_mixin.py:188} INFO - [2026-07-05T04:01:50.133+0000] {dag.py:3096} INFO - Sync 1 DAGs
[2026-07-05T04:01:50.146+0000] {logging_mixin.py:188} INFO - [2026-07-05T04:01:50.146+0000] {dag.py:3954} INFO - Setting next_dagrun for silver_cdc_dag to None, run_after=None
[2026-07-05T04:01:50.158+0000] {processor.py:183} INFO - Processing /opt/airflow/dags/dag_silver_cdc.py took 0.051 seconds
[2026-07-05T04:36:27.273+0000] {processor.py:161} INFO - Started process (PID=45180) to work on /opt/airflow/dags/dag_silver_cdc.py
[2026-07-05T04:36:27.277+0000] {processor.py:830} INFO - Processing file /opt/airflow/dags/dag_silver_cdc.py for tasks to queue
[2026-07-05T04:36:27.279+0000] {logging_mixin.py:188} INFO - [2026-07-05T04:36:27.279+0000] {dagbag.py:545} INFO - Filling up the DagBag from /opt/airflow/dags/dag_silver_cdc.py
[2026-07-05T04:36:27.308+0000] {processor.py:840} INFO - DAG(s) 'silver_cdc_dag' retrieved from /opt/airflow/dags/dag_silver_cdc.py
[2026-07-05T04:36:27.357+0000] {logging_mixin.py:188} INFO - [2026-07-05T04:36:27.357+0000] {dag.py:3096} INFO - Sync 1 DAGs
[2026-07-05T04:36:27.395+0000] {logging_mixin.py:188} INFO - [2026-07-05T04:36:27.395+0000] {dag.py:3954} INFO - Setting next_dagrun for silver_cdc_dag to None, run_after=None
[2026-07-05T04:36:27.430+0000] {processor.py:183} INFO - Processing /opt/airflow/dags/dag_silver_cdc.py took 0.169 seconds
[2026-07-05T04:46:46.575+0000] {processor.py:161} INFO - Started process (PID=45231) to work on /opt/airflow/dags/dag_silver_cdc.py
[2026-07-05T04:46:46.576+0000] {processor.py:830} INFO - Processing file /opt/airflow/dags/dag_silver_cdc.py for tasks to queue
[2026-07-05T04:46:46.576+0000] {logging_mixin.py:188} INFO - [2026-07-05T04:46:46.576+0000] {dagbag.py:545} INFO - Filling up the DagBag from /opt/airflow/dags/dag_silver_cdc.py
[2026-07-05T04:46:46.587+0000] {processor.py:840} INFO - DAG(s) 'silver_cdc_dag' retrieved from /opt/airflow/dags/dag_silver_cdc.py
[2026-07-05T04:46:46.604+0000] {logging_mixin.py:188} INFO - [2026-07-05T04:46:46.604+0000] {dag.py:3096} INFO - Sync 1 DAGs
[2026-07-05T04:46:46.615+0000] {logging_mixin.py:188} INFO - [2026-07-05T04:46:46.615+0000] {dag.py:3954} INFO - Setting next_dagrun for silver_cdc_dag to None, run_after=None
[2026-07-05T04:46:46.624+0000] {processor.py:183} INFO - Processing /opt/airflow/dags/dag_silver_cdc.py took 0.053 seconds
[2026-07-05T05:17:43.936+0000] {processor.py:161} INFO - Started process (PID=45301) to work on /opt/airflow/dags/dag_silver_cdc.py
[2026-07-05T05:17:43.937+0000] {processor.py:830} INFO - Processing file /opt/airflow/dags/dag_silver_cdc.py for tasks to queue
[2026-07-05T05:17:43.938+0000] {logging_mixin.py:188} INFO - [2026-07-05T05:17:43.938+0000] {dagbag.py:545} INFO - Filling up the DagBag from /opt/airflow/dags/dag_silver_cdc.py
[2026-07-05T05:17:43.948+0000] {processor.py:840} INFO - DAG(s) 'silver_cdc_dag' retrieved from /opt/airflow/dags/dag_silver_cdc.py
[2026-07-05T05:17:43.966+0000] {logging_mixin.py:188} INFO - [2026-07-05T05:17:43.966+0000] {dag.py:3096} INFO - Sync 1 DAGs
[2026-07-05T05:17:43.978+0000] {logging_mixin.py:188} INFO - [2026-07-05T05:17:43.978+0000] {dag.py:3954} INFO - Setting next_dagrun for silver_cdc_dag to None, run_after=None
[2026-07-05T05:17:43.989+0000] {processor.py:183} INFO - Processing /opt/airflow/dags/dag_silver_cdc.py took 0.056 seconds
[2026-07-05T05:36:31.043+0000] {processor.py:161} INFO - Started process (PID=45920) to work on /opt/airflow/dags/dag_silver_cdc.py
[2026-07-05T05:36:31.044+0000] {processor.py:830} INFO - Processing file /opt/airflow/dags/dag_silver_cdc.py for tasks to queue
[2026-07-05T05:36:31.045+0000] {logging_mixin.py:188} INFO - [2026-07-05T05:36:31.045+0000] {dagbag.py:545} INFO - Filling up the DagBag from /opt/airflow/dags/dag_silver_cdc.py
[2026-07-05T05:36:31.050+0000] {processor.py:840} INFO - DAG(s) 'silver_cdc_dag' retrieved from /opt/airflow/dags/dag_silver_cdc.py
[2026-07-05T05:36:31.064+0000] {logging_mixin.py:188} INFO - [2026-07-05T05:36:31.064+0000] {dag.py:3096} INFO - Sync 1 DAGs
[2026-07-05T05:36:31.073+0000] {logging_mixin.py:188} INFO - [2026-07-05T05:36:31.073+0000] {dag.py:3954} INFO - Setting next_dagrun for silver_cdc_dag to None, run_after=None
[2026-07-05T05:36:31.083+0000] {processor.py:183} INFO - Processing /opt/airflow/dags/dag_silver_cdc.py took 0.043 seconds
[2026-07-05T06:48:51.183+0000] {processor.py:161} INFO - Started process (PID=45957) to work on /opt/airflow/dags/dag_silver_cdc.py
[2026-07-05T06:48:51.184+0000] {processor.py:830} INFO - Processing file /opt/airflow/dags/dag_silver_cdc.py for tasks to queue
[2026-07-05T06:48:51.185+0000] {logging_mixin.py:188} INFO - [2026-07-05T06:48:51.184+0000] {dagbag.py:545} INFO - Filling up the DagBag from /opt/airflow/dags/dag_silver_cdc.py
[2026-07-05T06:48:51.191+0000] {processor.py:840} INFO - DAG(s) 'silver_cdc_dag' retrieved from /opt/airflow/dags/dag_silver_cdc.py
[2026-07-05T06:48:51.221+0000] {logging_mixin.py:188} INFO - [2026-07-05T06:48:51.221+0000] {dag.py:3096} INFO - Sync 1 DAGs
[2026-07-05T06:48:51.245+0000] {logging_mixin.py:188} INFO - [2026-07-05T06:48:51.245+0000] {dag.py:3954} INFO - Setting next_dagrun for silver_cdc_dag to None, run_after=None
[2026-07-05T06:48:51.264+0000] {processor.py:183} INFO - Processing /opt/airflow/dags/dag_silver_cdc.py took 0.084 seconds
[2026-07-05T07:27:38.737+0000] {processor.py:161} INFO - Started process (PID=46633) to work on /opt/airflow/dags/dag_silver_cdc.py
[2026-07-05T07:27:38.740+0000] {processor.py:830} INFO - Processing file /opt/airflow/dags/dag_silver_cdc.py for tasks to queue
[2026-07-05T07:27:38.741+0000] {logging_mixin.py:188} INFO - [2026-07-05T07:27:38.740+0000] {dagbag.py:545} INFO - Filling up the DagBag from /opt/airflow/dags/dag_silver_cdc.py
[2026-07-05T07:27:38.766+0000] {processor.py:840} INFO - DAG(s) 'silver_cdc_dag' retrieved from /opt/airflow/dags/dag_silver_cdc.py
[2026-07-05T07:27:38.818+0000] {logging_mixin.py:188} INFO - [2026-07-05T07:27:38.818+0000] {dag.py:3096} INFO - Sync 1 DAGs
[2026-07-05T07:27:38.845+0000] {logging_mixin.py:188} INFO - [2026-07-05T07:27:38.845+0000] {dag.py:3954} INFO - Setting next_dagrun for silver_cdc_dag to None, run_after=None
[2026-07-05T07:27:38.869+0000] {processor.py:183} INFO - Processing /opt/airflow/dags/dag_silver_cdc.py took 0.143 seconds
[2026-07-05T08:04:49.946+0000] {processor.py:161} INFO - Started process (PID=47227) to work on /opt/airflow/dags/dag_silver_cdc.py
[2026-07-05T08:04:49.950+0000] {processor.py:830} INFO - Processing file /opt/airflow/dags/dag_silver_cdc.py for tasks to queue
[2026-07-05T08:04:49.953+0000] {logging_mixin.py:188} INFO - [2026-07-05T08:04:49.952+0000] {dagbag.py:545} INFO - Filling up the DagBag from /opt/airflow/dags/dag_silver_cdc.py
[2026-07-05T08:04:49.998+0000] {processor.py:840} INFO - DAG(s) 'silver_cdc_dag' retrieved from /opt/airflow/dags/dag_silver_cdc.py
[2026-07-05T08:04:50.114+0000] {logging_mixin.py:188} INFO - [2026-07-05T08:04:50.113+0000] {dag.py:3096} INFO - Sync 1 DAGs
[2026-07-05T08:04:50.159+0000] {logging_mixin.py:188} INFO - [2026-07-05T08:04:50.159+0000] {dag.py:3954} INFO - Setting next_dagrun for silver_cdc_dag to None, run_after=None
[2026-07-05T08:04:50.201+0000] {processor.py:183} INFO - Processing /opt/airflow/dags/dag_silver_cdc.py took 0.273 seconds
[2026-07-05T09:02:33.871+0000] {processor.py:161} INFO - Started process (PID=47878) to work on /opt/airflow/dags/dag_silver_cdc.py
[2026-07-05T09:02:33.873+0000] {processor.py:830} INFO - Processing file /opt/airflow/dags/dag_silver_cdc.py for tasks to queue
[2026-07-05T09:02:33.874+0000] {logging_mixin.py:188} INFO - [2026-07-05T09:02:33.873+0000] {dagbag.py:545} INFO - Filling up the DagBag from /opt/airflow/dags/dag_silver_cdc.py
[2026-07-05T09:02:33.886+0000] {processor.py:840} INFO - DAG(s) 'silver_cdc_dag' retrieved from /opt/airflow/dags/dag_silver_cdc.py
[2026-07-05T09:02:33.909+0000] {logging_mixin.py:188} INFO - [2026-07-05T09:02:33.909+0000] {dag.py:3096} INFO - Sync 1 DAGs
[2026-07-05T09:02:33.927+0000] {logging_mixin.py:188} INFO - [2026-07-05T09:02:33.927+0000] {dag.py:3954} INFO - Setting next_dagrun for silver_cdc_dag to None, run_after=None
[2026-07-05T09:02:33.954+0000] {processor.py:183} INFO - Processing /opt/airflow/dags/dag_silver_cdc.py took 0.089 seconds
[2026-07-05T09:26:19.658+0000] {processor.py:161} INFO - Started process (PID=48508) to work on /opt/airflow/dags/dag_silver_cdc.py
[2026-07-05T09:26:19.658+0000] {processor.py:830} INFO - Processing file /opt/airflow/dags/dag_silver_cdc.py for tasks to queue
[2026-07-05T09:26:19.659+0000] {logging_mixin.py:188} INFO - [2026-07-05T09:26:19.659+0000] {dagbag.py:545} INFO - Filling up the DagBag from /opt/airflow/dags/dag_silver_cdc.py
[2026-07-05T09:26:19.665+0000] {processor.py:840} INFO - DAG(s) 'silver_cdc_dag' retrieved from /opt/airflow/dags/dag_silver_cdc.py
[2026-07-05T09:26:19.676+0000] {logging_mixin.py:188} INFO - [2026-07-05T09:26:19.676+0000] {dag.py:3096} INFO - Sync 1 DAGs
[2026-07-05T09:26:19.684+0000] {logging_mixin.py:188} INFO - [2026-07-05T09:26:19.684+0000] {dag.py:3954} INFO - Setting next_dagrun for silver_cdc_dag to None, run_after=None
[2026-07-05T09:26:19.692+0000] {processor.py:183} INFO - Processing /opt/airflow/dags/dag_silver_cdc.py took 0.037 seconds
[2026-07-05T09:46:33.625+0000] {processor.py:161} INFO - Started process (PID=48548) to work on /opt/airflow/dags/dag_silver_cdc.py
[2026-07-05T09:46:33.626+0000] {processor.py:830} INFO - Processing file /opt/airflow/dags/dag_silver_cdc.py for tasks to queue
[2026-07-05T09:46:33.627+0000] {logging_mixin.py:188} INFO - [2026-07-05T09:46:33.627+0000] {dagbag.py:545} INFO - Filling up the DagBag from /opt/airflow/dags/dag_silver_cdc.py
[2026-07-05T09:46:33.639+0000] {processor.py:840} INFO - DAG(s) 'silver_cdc_dag' retrieved from /opt/airflow/dags/dag_silver_cdc.py
[2026-07-05T09:46:33.657+0000] {logging_mixin.py:188} INFO - [2026-07-05T09:46:33.657+0000] {dag.py:3096} INFO - Sync 1 DAGs
[2026-07-05T09:46:33.672+0000] {logging_mixin.py:188} INFO - [2026-07-05T09:46:33.672+0000] {dag.py:3954} INFO - Setting next_dagrun for silver_cdc_dag to None, run_after=None
[2026-07-05T09:46:33.688+0000] {processor.py:183} INFO - Processing /opt/airflow/dags/dag_silver_cdc.py took 0.071 seconds
[2026-07-05T09:51:16.261+0000] {processor.py:161} INFO - Started process (PID=48612) to work on /opt/airflow/dags/dag_silver_cdc.py
[2026-07-05T09:51:16.261+0000] {processor.py:830} INFO - Processing file /opt/airflow/dags/dag_silver_cdc.py for tasks to queue
[2026-07-05T09:51:16.262+0000] {logging_mixin.py:188} INFO - [2026-07-05T09:51:16.262+0000] {dagbag.py:545} INFO - Filling up the DagBag from /opt/airflow/dags/dag_silver_cdc.py
[2026-07-05T09:51:16.270+0000] {processor.py:840} INFO - DAG(s) 'silver_cdc_dag' retrieved from /opt/airflow/dags/dag_silver_cdc.py
[2026-07-05T09:51:16.288+0000] {logging_mixin.py:188} INFO - [2026-07-05T09:51:16.288+0000] {dag.py:3096} INFO - Sync 1 DAGs
[2026-07-05T09:51:16.301+0000] {logging_mixin.py:188} INFO - [2026-07-05T09:51:16.301+0000] {dag.py:3954} INFO - Setting next_dagrun for silver_cdc_dag to None, run_after=None
[2026-07-05T09:51:16.313+0000] {processor.py:183} INFO - Processing /opt/airflow/dags/dag_silver_cdc.py took 0.058 seconds
[2026-07-05T09:55:15.180+0000] {processor.py:161} INFO - Started process (PID=48652) to work on /opt/airflow/dags/dag_silver_cdc.py
[2026-07-05T09:55:15.181+0000] {processor.py:830} INFO - Processing file /opt/airflow/dags/dag_silver_cdc.py for tasks to queue
[2026-07-05T09:55:15.182+0000] {logging_mixin.py:188} INFO - [2026-07-05T09:55:15.182+0000] {dagbag.py:545} INFO - Filling up the DagBag from /opt/airflow/dags/dag_silver_cdc.py
[2026-07-05T09:55:15.199+0000] {processor.py:840} INFO - DAG(s) 'silver_cdc_dag' retrieved from /opt/airflow/dags/dag_silver_cdc.py
[2026-07-05T09:55:15.233+0000] {logging_mixin.py:188} INFO - [2026-07-05T09:55:15.233+0000] {dag.py:3096} INFO - Sync 1 DAGs
[2026-07-05T09:55:15.258+0000] {logging_mixin.py:188} INFO - [2026-07-05T09:55:15.258+0000] {dag.py:3954} INFO - Setting next_dagrun for silver_cdc_dag to None, run_after=None
[2026-07-05T09:55:15.275+0000] {processor.py:183} INFO - Processing /opt/airflow/dags/dag_silver_cdc.py took 0.104 seconds
[2026-07-05T10:02:40.009+0000] {processor.py:161} INFO - Started process (PID=48689) to work on /opt/airflow/dags/dag_silver_cdc.py
[2026-07-05T10:02:40.010+0000] {processor.py:830} INFO - Processing file /opt/airflow/dags/dag_silver_cdc.py for tasks to queue
[2026-07-05T10:02:40.011+0000] {logging_mixin.py:188} INFO - [2026-07-05T10:02:40.010+0000] {dagbag.py:545} INFO - Filling up the DagBag from /opt/airflow/dags/dag_silver_cdc.py
[2026-07-05T10:02:40.025+0000] {processor.py:840} INFO - DAG(s) 'silver_cdc_dag' retrieved from /opt/airflow/dags/dag_silver_cdc.py
[2026-07-05T10:02:40.052+0000] {logging_mixin.py:188} INFO - [2026-07-05T10:02:40.052+0000] {dag.py:3096} INFO - Sync 1 DAGs
[2026-07-05T10:02:40.087+0000] {logging_mixin.py:188} INFO - [2026-07-05T10:02:40.087+0000] {dag.py:3954} INFO - Setting next_dagrun for silver_cdc_dag to None, run_after=None
[2026-07-05T10:02:40.118+0000] {processor.py:183} INFO - Processing /opt/airflow/dags/dag_silver_cdc.py took 0.113 seconds
[2026-07-05T10:14:00.474+0000] {processor.py:161} INFO - Started process (PID=49338) to work on /opt/airflow/dags/dag_silver_cdc.py
[2026-07-05T10:14:00.478+0000] {processor.py:830} INFO - Processing file /opt/airflow/dags/dag_silver_cdc.py for tasks to queue
[2026-07-05T10:14:00.480+0000] {logging_mixin.py:188} INFO - [2026-07-05T10:14:00.480+0000] {dagbag.py:545} INFO - Filling up the DagBag from /opt/airflow/dags/dag_silver_cdc.py
[2026-07-05T10:14:00.514+0000] {processor.py:840} INFO - DAG(s) 'silver_cdc_dag' retrieved from /opt/airflow/dags/dag_silver_cdc.py
[2026-07-05T10:14:00.555+0000] {logging_mixin.py:188} INFO - [2026-07-05T10:14:00.555+0000] {dag.py:3096} INFO - Sync 1 DAGs
[2026-07-05T10:14:00.571+0000] {logging_mixin.py:188} INFO - [2026-07-05T10:14:00.571+0000] {dag.py:3954} INFO - Setting next_dagrun for silver_cdc_dag to None, run_after=None
[2026-07-05T10:14:00.587+0000] {processor.py:183} INFO - Processing /opt/airflow/dags/dag_silver_cdc.py took 0.127 seconds
[2026-07-05T10:20:47.485+0000] {processor.py:161} INFO - Started process (PID=49403) to work on /opt/airflow/dags/dag_silver_cdc.py
[2026-07-05T10:20:47.486+0000] {processor.py:830} INFO - Processing file /opt/airflow/dags/dag_silver_cdc.py for tasks to queue
[2026-07-05T10:20:47.488+0000] {logging_mixin.py:188} INFO - [2026-07-05T10:20:47.487+0000] {dagbag.py:545} INFO - Filling up the DagBag from /opt/airflow/dags/dag_silver_cdc.py
[2026-07-05T10:20:47.497+0000] {processor.py:840} INFO - DAG(s) 'silver_cdc_dag' retrieved from /opt/airflow/dags/dag_silver_cdc.py
[2026-07-05T10:20:47.510+0000] {logging_mixin.py:188} INFO - [2026-07-05T10:20:47.510+0000] {dag.py:3096} INFO - Sync 1 DAGs
[2026-07-05T10:20:47.520+0000] {logging_mixin.py:188} INFO - [2026-07-05T10:20:47.520+0000] {dag.py:3954} INFO - Setting next_dagrun for silver_cdc_dag to None, run_after=None
[2026-07-05T10:20:47.532+0000] {processor.py:183} INFO - Processing /opt/airflow/dags/dag_silver_cdc.py took 0.049 seconds
[2026-07-05T10:36:58.306+0000] {processor.py:161} INFO - Started process (PID=49442) to work on /opt/airflow/dags/dag_silver_cdc.py
[2026-07-05T10:36:58.307+0000] {processor.py:830} INFO - Processing file /opt/airflow/dags/dag_silver_cdc.py for tasks to queue
[2026-07-05T10:36:58.307+0000] {logging_mixin.py:188} INFO - [2026-07-05T10:36:58.307+0000] {dagbag.py:545} INFO - Filling up the DagBag from /opt/airflow/dags/dag_silver_cdc.py
[2026-07-05T10:36:58.327+0000] {processor.py:840} INFO - DAG(s) 'silver_cdc_dag' retrieved from /opt/airflow/dags/dag_silver_cdc.py
[2026-07-05T10:36:58.340+0000] {logging_mixin.py:188} INFO - [2026-07-05T10:36:58.340+0000] {dag.py:3096} INFO - Sync 1 DAGs
[2026-07-05T10:36:58.348+0000] {logging_mixin.py:188} INFO - [2026-07-05T10:36:58.348+0000] {dag.py:3954} INFO - Setting next_dagrun for silver_cdc_dag to None, run_after=None
[2026-07-05T10:36:58.355+0000] {processor.py:183} INFO - Processing /opt/airflow/dags/dag_silver_cdc.py took 0.053 seconds
[2026-07-05T11:53:07.556+0000] {processor.py:161} INFO - Started process (PID=49483) to work on /opt/airflow/dags/dag_silver_cdc.py
[2026-07-05T11:53:07.558+0000] {processor.py:830} INFO - Processing file /opt/airflow/dags/dag_silver_cdc.py for tasks to queue
[2026-07-05T11:53:07.559+0000] {logging_mixin.py:188} INFO - [2026-07-05T11:53:07.558+0000] {dagbag.py:545} INFO - Filling up the DagBag from /opt/airflow/dags/dag_silver_cdc.py
[2026-07-05T11:53:07.581+0000] {processor.py:840} INFO - DAG(s) 'silver_cdc_dag' retrieved from /opt/airflow/dags/dag_silver_cdc.py
[2026-07-05T11:53:07.616+0000] {logging_mixin.py:188} INFO - [2026-07-05T11:53:07.615+0000] {dag.py:3096} INFO - Sync 1 DAGs
[2026-07-05T11:53:07.648+0000] {logging_mixin.py:188} INFO - [2026-07-05T11:53:07.648+0000] {dag.py:3954} INFO - Setting next_dagrun for silver_cdc_dag to None, run_after=None
[2026-07-05T11:53:07.675+0000] {processor.py:183} INFO - Processing /opt/airflow/dags/dag_silver_cdc.py took 0.126 seconds
[2026-07-05T13:09:31.041+0000] {processor.py:161} INFO - Started process (PID=50102) to work on /opt/airflow/dags/dag_silver_cdc.py
[2026-07-05T13:09:31.042+0000] {processor.py:830} INFO - Processing file /opt/airflow/dags/dag_silver_cdc.py for tasks to queue
[2026-07-05T13:09:31.043+0000] {logging_mixin.py:188} INFO - [2026-07-05T13:09:31.043+0000] {dagbag.py:545} INFO - Filling up the DagBag from /opt/airflow/dags/dag_silver_cdc.py
[2026-07-05T13:09:31.057+0000] {processor.py:840} INFO - DAG(s) 'silver_cdc_dag' retrieved from /opt/airflow/dags/dag_silver_cdc.py
[2026-07-05T13:09:31.096+0000] {logging_mixin.py:188} INFO - [2026-07-05T13:09:31.095+0000] {dag.py:3096} INFO - Sync 1 DAGs
[2026-07-05T13:09:31.113+0000] {logging_mixin.py:188} INFO - [2026-07-05T13:09:31.113+0000] {dag.py:3954} INFO - Setting next_dagrun for silver_cdc_dag to None, run_after=None
[2026-07-05T13:09:31.129+0000] {processor.py:183} INFO - Processing /opt/airflow/dags/dag_silver_cdc.py took 0.095 seconds
[2026-07-05T14:27:12.334+0000] {processor.py:161} INFO - Started process (PID=50702) to work on /opt/airflow/dags/dag_silver_cdc.py
[2026-07-05T14:27:12.335+0000] {processor.py:830} INFO - Processing file /opt/airflow/dags/dag_silver_cdc.py for tasks to queue
[2026-07-05T14:27:12.335+0000] {logging_mixin.py:188} INFO - [2026-07-05T14:27:12.335+0000] {dagbag.py:545} INFO - Filling up the DagBag from /opt/airflow/dags/dag_silver_cdc.py
[2026-07-05T14:27:12.344+0000] {processor.py:840} INFO - DAG(s) 'silver_cdc_dag' retrieved from /opt/airflow/dags/dag_silver_cdc.py
[2026-07-05T14:27:12.370+0000] {logging_mixin.py:188} INFO - [2026-07-05T14:27:12.370+0000] {dag.py:3096} INFO - Sync 1 DAGs
[2026-07-05T14:27:12.402+0000] {logging_mixin.py:188} INFO - [2026-07-05T14:27:12.402+0000] {dag.py:3954} INFO - Setting next_dagrun for silver_cdc_dag to None, run_after=None
[2026-07-05T14:27:12.425+0000] {processor.py:183} INFO - Processing /opt/airflow/dags/dag_silver_cdc.py took 0.094 seconds
[2026-07-05T15:31:09.804+0000] {processor.py:161} INFO - Started process (PID=51302) to work on /opt/airflow/dags/dag_silver_cdc.py
[2026-07-05T15:31:09.804+0000] {processor.py:830} INFO - Processing file /opt/airflow/dags/dag_silver_cdc.py for tasks to queue
[2026-07-05T15:31:09.805+0000] {logging_mixin.py:188} INFO - [2026-07-05T15:31:09.805+0000] {dagbag.py:545} INFO - Filling up the DagBag from /opt/airflow/dags/dag_silver_cdc.py
[2026-07-05T15:31:09.816+0000] {processor.py:840} INFO - DAG(s) 'silver_cdc_dag' retrieved from /opt/airflow/dags/dag_silver_cdc.py
[2026-07-05T15:31:09.834+0000] {logging_mixin.py:188} INFO - [2026-07-05T15:31:09.834+0000] {dag.py:3096} INFO - Sync 1 DAGs
[2026-07-05T15:31:09.845+0000] {logging_mixin.py:188} INFO - [2026-07-05T15:31:09.845+0000] {dag.py:3954} INFO - Setting next_dagrun for silver_cdc_dag to None, run_after=None
[2026-07-05T15:31:09.859+0000] {processor.py:183} INFO - Processing /opt/airflow/dags/dag_silver_cdc.py took 0.058 seconds
[2026-07-05T16:13:49.452+0000] {processor.py:161} INFO - Started process (PID=51911) to work on /opt/airflow/dags/dag_silver_cdc.py
[2026-07-05T16:13:49.453+0000] {processor.py:830} INFO - Processing file /opt/airflow/dags/dag_silver_cdc.py for tasks to queue
[2026-07-05T16:13:49.453+0000] {logging_mixin.py:188} INFO - [2026-07-05T16:13:49.453+0000] {dagbag.py:545} INFO - Filling up the DagBag from /opt/airflow/dags/dag_silver_cdc.py
[2026-07-05T16:13:49.461+0000] {processor.py:840} INFO - DAG(s) 'silver_cdc_dag' retrieved from /opt/airflow/dags/dag_silver_cdc.py
[2026-07-05T16:13:49.475+0000] {logging_mixin.py:188} INFO - [2026-07-05T16:13:49.475+0000] {dag.py:3096} INFO - Sync 1 DAGs
[2026-07-05T16:13:49.485+0000] {logging_mixin.py:188} INFO - [2026-07-05T16:13:49.485+0000] {dag.py:3954} INFO - Setting next_dagrun for silver_cdc_dag to None, run_after=None
[2026-07-05T16:13:49.497+0000] {processor.py:183} INFO - Processing /opt/airflow/dags/dag_silver_cdc.py took 0.049 seconds
[2026-07-05T16:31:00.905+0000] {processor.py:161} INFO - Started process (PID=52519) to work on /opt/airflow/dags/dag_silver_cdc.py
[2026-07-05T16:31:00.906+0000] {processor.py:830} INFO - Processing file /opt/airflow/dags/dag_silver_cdc.py for tasks to queue
[2026-07-05T16:31:00.907+0000] {logging_mixin.py:188} INFO - [2026-07-05T16:31:00.906+0000] {dagbag.py:545} INFO - Filling up the DagBag from /opt/airflow/dags/dag_silver_cdc.py
[2026-07-05T16:31:00.916+0000] {processor.py:840} INFO - DAG(s) 'silver_cdc_dag' retrieved from /opt/airflow/dags/dag_silver_cdc.py
[2026-07-05T16:31:00.934+0000] {logging_mixin.py:188} INFO - [2026-07-05T16:31:00.934+0000] {dag.py:3096} INFO - Sync 1 DAGs
[2026-07-05T16:31:00.948+0000] {logging_mixin.py:188} INFO - [2026-07-05T16:31:00.948+0000] {dag.py:3954} INFO - Setting next_dagrun for silver_cdc_dag to None, run_after=None
[2026-07-05T16:31:00.962+0000] {processor.py:183} INFO - Processing /opt/airflow/dags/dag_silver_cdc.py took 0.061 seconds
[2026-07-05T16:58:05.651+0000] {processor.py:161} INFO - Started process (PID=52556) to work on /opt/airflow/dags/dag_silver_cdc.py
[2026-07-05T16:58:05.651+0000] {processor.py:830} INFO - Processing file /opt/airflow/dags/dag_silver_cdc.py for tasks to queue
[2026-07-05T16:58:05.652+0000] {logging_mixin.py:188} INFO - [2026-07-05T16:58:05.652+0000] {dagbag.py:545} INFO - Filling up the DagBag from /opt/airflow/dags/dag_silver_cdc.py
[2026-07-05T16:58:05.665+0000] {processor.py:840} INFO - DAG(s) 'silver_cdc_dag' retrieved from /opt/airflow/dags/dag_silver_cdc.py
[2026-07-05T16:58:05.683+0000] {logging_mixin.py:188} INFO - [2026-07-05T16:58:05.683+0000] {dag.py:3096} INFO - Sync 1 DAGs
[2026-07-05T16:58:05.694+0000] {logging_mixin.py:188} INFO - [2026-07-05T16:58:05.693+0000] {dag.py:3954} INFO - Setting next_dagrun for silver_cdc_dag to None, run_after=None
[2026-07-05T16:58:05.706+0000] {processor.py:183} INFO - Processing /opt/airflow/dags/dag_silver_cdc.py took 0.060 seconds
[2026-07-05T17:59:11.117+0000] {processor.py:161} INFO - Started process (PID=52602) to work on /opt/airflow/dags/dag_silver_cdc.py
[2026-07-05T17:59:11.119+0000] {processor.py:830} INFO - Processing file /opt/airflow/dags/dag_silver_cdc.py for tasks to queue
[2026-07-05T17:59:11.120+0000] {logging_mixin.py:188} INFO - [2026-07-05T17:59:11.120+0000] {dagbag.py:545} INFO - Filling up the DagBag from /opt/airflow/dags/dag_silver_cdc.py
[2026-07-05T17:59:11.158+0000] {processor.py:840} INFO - DAG(s) 'silver_cdc_dag' retrieved from /opt/airflow/dags/dag_silver_cdc.py
[2026-07-05T17:59:11.199+0000] {logging_mixin.py:188} INFO - [2026-07-05T17:59:11.199+0000] {dag.py:3096} INFO - Sync 1 DAGs
[2026-07-05T17:59:11.227+0000] {logging_mixin.py:188} INFO - [2026-07-05T17:59:11.227+0000] {dag.py:3954} INFO - Setting next_dagrun for silver_cdc_dag to None, run_after=None
[2026-07-05T17:59:11.249+0000] {processor.py:183} INFO - Processing /opt/airflow/dags/dag_silver_cdc.py took 0.144 seconds
[2026-07-05T19:15:18.252+0000] {processor.py:161} INFO - Started process (PID=53199) to work on /opt/airflow/dags/dag_silver_cdc.py
[2026-07-05T19:15:18.253+0000] {processor.py:830} INFO - Processing file /opt/airflow/dags/dag_silver_cdc.py for tasks to queue
[2026-07-05T19:15:18.254+0000] {logging_mixin.py:188} INFO - [2026-07-05T19:15:18.254+0000] {dagbag.py:545} INFO - Filling up the DagBag from /opt/airflow/dags/dag_silver_cdc.py
[2026-07-05T19:15:18.275+0000] {processor.py:840} INFO - DAG(s) 'silver_cdc_dag' retrieved from /opt/airflow/dags/dag_silver_cdc.py
[2026-07-05T19:15:18.303+0000] {logging_mixin.py:188} INFO - [2026-07-05T19:15:18.303+0000] {dag.py:3096} INFO - Sync 1 DAGs
[2026-07-05T19:15:18.323+0000] {logging_mixin.py:188} INFO - [2026-07-05T19:15:18.322+0000] {dag.py:3954} INFO - Setting next_dagrun for silver_cdc_dag to None, run_after=None
[2026-07-05T19:15:18.346+0000] {processor.py:183} INFO - Processing /opt/airflow/dags/dag_silver_cdc.py took 0.098 seconds
[2026-07-05T20:51:35.550+0000] {processor.py:161} INFO - Started process (PID=53801) to work on /opt/airflow/dags/dag_silver_cdc.py
[2026-07-05T20:51:35.551+0000] {processor.py:830} INFO - Processing file /opt/airflow/dags/dag_silver_cdc.py for tasks to queue
[2026-07-05T20:51:35.552+0000] {logging_mixin.py:188} INFO - [2026-07-05T20:51:35.551+0000] {dagbag.py:545} INFO - Filling up the DagBag from /opt/airflow/dags/dag_silver_cdc.py
[2026-07-05T20:51:35.558+0000] {processor.py:840} INFO - DAG(s) 'silver_cdc_dag' retrieved from /opt/airflow/dags/dag_silver_cdc.py
[2026-07-05T20:51:35.569+0000] {logging_mixin.py:188} INFO - [2026-07-05T20:51:35.569+0000] {dag.py:3096} INFO - Sync 1 DAGs
[2026-07-05T20:51:35.579+0000] {logging_mixin.py:188} INFO - [2026-07-05T20:51:35.579+0000] {dag.py:3954} INFO - Setting next_dagrun for silver_cdc_dag to None, run_after=None
[2026-07-05T20:51:35.589+0000] {processor.py:183} INFO - Processing /opt/airflow/dags/dag_silver_cdc.py took 0.042 seconds
[2026-07-05T21:57:55.118+0000] {processor.py:161} INFO - Started process (PID=54436) to work on /opt/airflow/dags/dag_silver_cdc.py
[2026-07-05T21:57:55.119+0000] {processor.py:830} INFO - Processing file /opt/airflow/dags/dag_silver_cdc.py for tasks to queue
[2026-07-05T21:57:55.120+0000] {logging_mixin.py:188} INFO - [2026-07-05T21:57:55.120+0000] {dagbag.py:545} INFO - Filling up the DagBag from /opt/airflow/dags/dag_silver_cdc.py
[2026-07-05T21:57:55.130+0000] {processor.py:840} INFO - DAG(s) 'silver_cdc_dag' retrieved from /opt/airflow/dags/dag_silver_cdc.py
[2026-07-05T21:57:55.151+0000] {logging_mixin.py:188} INFO - [2026-07-05T21:57:55.151+0000] {dag.py:3096} INFO - Sync 1 DAGs
[2026-07-05T21:57:55.163+0000] {logging_mixin.py:188} INFO - [2026-07-05T21:57:55.163+0000] {dag.py:3954} INFO - Setting next_dagrun for silver_cdc_dag to None, run_after=None
[2026-07-05T21:57:55.179+0000] {processor.py:183} INFO - Processing /opt/airflow/dags/dag_silver_cdc.py took 0.065 seconds
[2026-07-05T23:10:01.889+0000] {processor.py:161} INFO - Started process (PID=55050) to work on /opt/airflow/dags/dag_silver_cdc.py
[2026-07-05T23:10:01.891+0000] {processor.py:830} INFO - Processing file /opt/airflow/dags/dag_silver_cdc.py for tasks to queue
[2026-07-05T23:10:01.892+0000] {logging_mixin.py:188} INFO - [2026-07-05T23:10:01.891+0000] {dagbag.py:545} INFO - Filling up the DagBag from /opt/airflow/dags/dag_silver_cdc.py
[2026-07-05T23:10:01.903+0000] {processor.py:840} INFO - DAG(s) 'silver_cdc_dag' retrieved from /opt/airflow/dags/dag_silver_cdc.py
[2026-07-05T23:10:01.928+0000] {logging_mixin.py:188} INFO - [2026-07-05T23:10:01.928+0000] {dag.py:3096} INFO - Sync 1 DAGs
[2026-07-05T23:10:01.942+0000] {logging_mixin.py:188} INFO - [2026-07-05T23:10:01.942+0000] {dag.py:3954} INFO - Setting next_dagrun for silver_cdc_dag to None, run_after=None
[2026-07-05T23:10:01.956+0000] {processor.py:183} INFO - Processing /opt/airflow/dags/dag_silver_cdc.py took 0.072 seconds
