[2026-07-05T00:47:38.217+0000] {processor.py:161} INFO - Started process (PID=42702) to work on /opt/airflow/dags/dag_tomorrowio.py
[2026-07-05T00:47:38.218+0000] {processor.py:830} INFO - Processing file /opt/airflow/dags/dag_tomorrowio.py for tasks to queue
[2026-07-05T00:47:38.218+0000] {logging_mixin.py:188} INFO - [2026-07-05T00:47:38.218+0000] {dagbag.py:545} INFO - Filling up the DagBag from /opt/airflow/dags/dag_tomorrowio.py
[2026-07-05T00:47:38.490+0000] {processor.py:840} INFO - DAG(s) 'weather_tomorrowio_pipeline' retrieved from /opt/airflow/dags/dag_tomorrowio.py
[2026-07-05T00:47:38.503+0000] {logging_mixin.py:188} INFO - [2026-07-05T00:47:38.503+0000] {dag.py:3096} INFO - Sync 1 DAGs
[2026-07-05T00:47:38.513+0000] {logging_mixin.py:188} INFO - [2026-07-05T00:47:38.513+0000] {dag.py:3954} INFO - Setting next_dagrun for weather_tomorrowio_pipeline to 2026-07-05 00:00:00+00:00, run_after=2026-07-05 01:00:00+00:00
[2026-07-05T00:47:38.523+0000] {processor.py:183} INFO - Processing /opt/airflow/dags/dag_tomorrowio.py took 0.309 seconds
[2026-07-05T01:44:46.198+0000] {processor.py:161} INFO - Started process (PID=43300) to work on /opt/airflow/dags/dag_tomorrowio.py
[2026-07-05T01:44:46.199+0000] {processor.py:830} INFO - Processing file /opt/airflow/dags/dag_tomorrowio.py for tasks to queue
[2026-07-05T01:44:46.199+0000] {logging_mixin.py:188} INFO - [2026-07-05T01:44:46.199+0000] {dagbag.py:545} INFO - Filling up the DagBag from /opt/airflow/dags/dag_tomorrowio.py
[2026-07-05T01:44:46.597+0000] {processor.py:840} INFO - DAG(s) 'weather_tomorrowio_pipeline' retrieved from /opt/airflow/dags/dag_tomorrowio.py
[2026-07-05T01:44:46.614+0000] {logging_mixin.py:188} INFO - [2026-07-05T01:44:46.614+0000] {dag.py:3096} INFO - Sync 1 DAGs
[2026-07-05T01:44:46.630+0000] {logging_mixin.py:188} INFO - [2026-07-05T01:44:46.630+0000] {dag.py:3954} INFO - Setting next_dagrun for weather_tomorrowio_pipeline to 2026-07-05 01:00:00+00:00, run_after=2026-07-05 02:00:00+00:00
[2026-07-05T01:44:46.652+0000] {processor.py:183} INFO - Processing /opt/airflow/dags/dag_tomorrowio.py took 0.457 seconds
[2026-07-05T02:35:37.543+0000] {processor.py:161} INFO - Started process (PID=43913) to work on /opt/airflow/dags/dag_tomorrowio.py
[2026-07-05T02:35:37.544+0000] {processor.py:830} INFO - Processing file /opt/airflow/dags/dag_tomorrowio.py for tasks to queue
[2026-07-05T02:35:37.544+0000] {logging_mixin.py:188} INFO - [2026-07-05T02:35:37.544+0000] {dagbag.py:545} INFO - Filling up the DagBag from /opt/airflow/dags/dag_tomorrowio.py
[2026-07-05T02:35:37.831+0000] {processor.py:840} INFO - DAG(s) 'weather_tomorrowio_pipeline' retrieved from /opt/airflow/dags/dag_tomorrowio.py
[2026-07-05T02:35:37.846+0000] {logging_mixin.py:188} INFO - [2026-07-05T02:35:37.845+0000] {dag.py:3096} INFO - Sync 1 DAGs
[2026-07-05T02:35:37.857+0000] {logging_mixin.py:188} INFO - [2026-07-05T02:35:37.857+0000] {dag.py:3954} INFO - Setting next_dagrun for weather_tomorrowio_pipeline to 2026-07-05 02:00:00+00:00, run_after=2026-07-05 03:00:00+00:00
[2026-07-05T02:35:37.871+0000] {processor.py:183} INFO - Processing /opt/airflow/dags/dag_tomorrowio.py took 0.330 seconds
[2026-07-05T04:01:49.753+0000] {processor.py:161} INFO - Started process (PID=44565) to work on /opt/airflow/dags/dag_tomorrowio.py
[2026-07-05T04:01:49.754+0000] {processor.py:830} INFO - Processing file /opt/airflow/dags/dag_tomorrowio.py for tasks to queue
[2026-07-05T04:01:49.755+0000] {logging_mixin.py:188} INFO - [2026-07-05T04:01:49.754+0000] {dagbag.py:545} INFO - Filling up the DagBag from /opt/airflow/dags/dag_tomorrowio.py
[2026-07-05T04:01:50.061+0000] {processor.py:840} INFO - DAG(s) 'weather_tomorrowio_pipeline' retrieved from /opt/airflow/dags/dag_tomorrowio.py
[2026-07-05T04:01:50.072+0000] {logging_mixin.py:188} INFO - [2026-07-05T04:01:50.072+0000] {dag.py:3096} INFO - Sync 1 DAGs
[2026-07-05T04:01:50.084+0000] {logging_mixin.py:188} INFO - [2026-07-05T04:01:50.084+0000] {dag.py:3954} INFO - Setting next_dagrun for weather_tomorrowio_pipeline to 2026-07-05 03:00:00+00:00, run_after=2026-07-05 04:00:00+00:00
[2026-07-05T04:01:50.096+0000] {processor.py:183} INFO - Processing /opt/airflow/dags/dag_tomorrowio.py took 0.348 seconds
[2026-07-05T04:36:26.577+0000] {processor.py:161} INFO - Started process (PID=45174) to work on /opt/airflow/dags/dag_tomorrowio.py
[2026-07-05T04:36:26.579+0000] {processor.py:830} INFO - Processing file /opt/airflow/dags/dag_tomorrowio.py for tasks to queue
[2026-07-05T04:36:26.579+0000] {logging_mixin.py:188} INFO - [2026-07-05T04:36:26.579+0000] {dagbag.py:545} INFO - Filling up the DagBag from /opt/airflow/dags/dag_tomorrowio.py
[2026-07-05T04:36:27.106+0000] {processor.py:840} INFO - DAG(s) 'weather_tomorrowio_pipeline' retrieved from /opt/airflow/dags/dag_tomorrowio.py
[2026-07-05T04:36:27.143+0000] {logging_mixin.py:188} INFO - [2026-07-05T04:36:27.142+0000] {dag.py:3096} INFO - Sync 1 DAGs
[2026-07-05T04:36:27.191+0000] {logging_mixin.py:188} INFO - [2026-07-05T04:36:27.191+0000] {dag.py:3954} INFO - Setting next_dagrun for weather_tomorrowio_pipeline to 2026-07-05 04:00:00+00:00, run_after=2026-07-05 05:00:00+00:00
[2026-07-05T04:36:27.222+0000] {processor.py:183} INFO - Processing /opt/airflow/dags/dag_tomorrowio.py took 0.649 seconds
[2026-07-05T04:46:46.156+0000] {processor.py:161} INFO - Started process (PID=45223) to work on /opt/airflow/dags/dag_tomorrowio.py
[2026-07-05T04:46:46.157+0000] {processor.py:830} INFO - Processing file /opt/airflow/dags/dag_tomorrowio.py for tasks to queue
[2026-07-05T04:46:46.158+0000] {logging_mixin.py:188} INFO - [2026-07-05T04:46:46.158+0000] {dagbag.py:545} INFO - Filling up the DagBag from /opt/airflow/dags/dag_tomorrowio.py
[2026-07-05T04:46:46.512+0000] {processor.py:840} INFO - DAG(s) 'weather_tomorrowio_pipeline' retrieved from /opt/airflow/dags/dag_tomorrowio.py
[2026-07-05T04:46:46.531+0000] {logging_mixin.py:188} INFO - [2026-07-05T04:46:46.531+0000] {dag.py:3096} INFO - Sync 1 DAGs
[2026-07-05T04:46:46.542+0000] {logging_mixin.py:188} INFO - [2026-07-05T04:46:46.542+0000] {dag.py:3954} INFO - Setting next_dagrun for weather_tomorrowio_pipeline to 2026-07-05 04:00:00+00:00, run_after=2026-07-05 05:00:00+00:00
[2026-07-05T04:46:46.555+0000] {processor.py:183} INFO - Processing /opt/airflow/dags/dag_tomorrowio.py took 0.408 seconds
[2026-07-05T05:17:43.557+0000] {processor.py:161} INFO - Started process (PID=45293) to work on /opt/airflow/dags/dag_tomorrowio.py
[2026-07-05T05:17:43.558+0000] {processor.py:830} INFO - Processing file /opt/airflow/dags/dag_tomorrowio.py for tasks to queue
[2026-07-05T05:17:43.558+0000] {logging_mixin.py:188} INFO - [2026-07-05T05:17:43.558+0000] {dagbag.py:545} INFO - Filling up the DagBag from /opt/airflow/dags/dag_tomorrowio.py
[2026-07-05T05:17:43.886+0000] {processor.py:840} INFO - DAG(s) 'weather_tomorrowio_pipeline' retrieved from /opt/airflow/dags/dag_tomorrowio.py
[2026-07-05T05:17:43.897+0000] {logging_mixin.py:188} INFO - [2026-07-05T05:17:43.897+0000] {dag.py:3096} INFO - Sync 1 DAGs
[2026-07-05T05:17:43.906+0000] {logging_mixin.py:188} INFO - [2026-07-05T05:17:43.906+0000] {dag.py:3954} INFO - Setting next_dagrun for weather_tomorrowio_pipeline to 2026-07-05 05:00:00+00:00, run_after=2026-07-05 06:00:00+00:00
[2026-07-05T05:17:43.915+0000] {processor.py:183} INFO - Processing /opt/airflow/dags/dag_tomorrowio.py took 0.363 seconds
[2026-07-05T05:36:30.652+0000] {processor.py:161} INFO - Started process (PID=45912) to work on /opt/airflow/dags/dag_tomorrowio.py
[2026-07-05T05:36:30.653+0000] {processor.py:830} INFO - Processing file /opt/airflow/dags/dag_tomorrowio.py for tasks to queue
[2026-07-05T05:36:30.654+0000] {logging_mixin.py:188} INFO - [2026-07-05T05:36:30.654+0000] {dagbag.py:545} INFO - Filling up the DagBag from /opt/airflow/dags/dag_tomorrowio.py
[2026-07-05T05:36:30.988+0000] {processor.py:840} INFO - DAG(s) 'weather_tomorrowio_pipeline' retrieved from /opt/airflow/dags/dag_tomorrowio.py
[2026-07-05T05:36:31.002+0000] {logging_mixin.py:188} INFO - [2026-07-05T05:36:31.001+0000] {dag.py:3096} INFO - Sync 1 DAGs
[2026-07-05T05:36:31.014+0000] {logging_mixin.py:188} INFO - [2026-07-05T05:36:31.013+0000] {dag.py:3954} INFO - Setting next_dagrun for weather_tomorrowio_pipeline to 2026-07-05 05:00:00+00:00, run_after=2026-07-05 06:00:00+00:00
[2026-07-05T05:36:31.025+0000] {processor.py:183} INFO - Processing /opt/airflow/dags/dag_tomorrowio.py took 0.377 seconds
[2026-07-05T06:48:50.727+0000] {processor.py:161} INFO - Started process (PID=45949) to work on /opt/airflow/dags/dag_tomorrowio.py
[2026-07-05T06:48:50.727+0000] {processor.py:830} INFO - Processing file /opt/airflow/dags/dag_tomorrowio.py for tasks to queue
[2026-07-05T06:48:50.728+0000] {logging_mixin.py:188} INFO - [2026-07-05T06:48:50.728+0000] {dagbag.py:545} INFO - Filling up the DagBag from /opt/airflow/dags/dag_tomorrowio.py
[2026-07-05T06:48:51.118+0000] {processor.py:840} INFO - DAG(s) 'weather_tomorrowio_pipeline' retrieved from /opt/airflow/dags/dag_tomorrowio.py
[2026-07-05T06:48:51.138+0000] {logging_mixin.py:188} INFO - [2026-07-05T06:48:51.138+0000] {dag.py:3096} INFO - Sync 1 DAGs
[2026-07-05T06:48:51.148+0000] {logging_mixin.py:188} INFO - [2026-07-05T06:48:51.148+0000] {dag.py:3954} INFO - Setting next_dagrun for weather_tomorrowio_pipeline to 2026-07-05 05:00:00+00:00, run_after=2026-07-05 06:00:00+00:00
[2026-07-05T06:48:51.159+0000] {processor.py:183} INFO - Processing /opt/airflow/dags/dag_tomorrowio.py took 0.436 seconds
[2026-07-05T07:27:38.146+0000] {processor.py:161} INFO - Started process (PID=46623) to work on /opt/airflow/dags/dag_tomorrowio.py
[2026-07-05T07:27:38.147+0000] {processor.py:830} INFO - Processing file /opt/airflow/dags/dag_tomorrowio.py for tasks to queue
[2026-07-05T07:27:38.147+0000] {logging_mixin.py:188} INFO - [2026-07-05T07:27:38.147+0000] {dagbag.py:545} INFO - Filling up the DagBag from /opt/airflow/dags/dag_tomorrowio.py
[2026-07-05T07:27:38.655+0000] {processor.py:840} INFO - DAG(s) 'weather_tomorrowio_pipeline' retrieved from /opt/airflow/dags/dag_tomorrowio.py
[2026-07-05T07:27:38.670+0000] {logging_mixin.py:188} INFO - [2026-07-05T07:27:38.670+0000] {dag.py:3096} INFO - Sync 1 DAGs
[2026-07-05T07:27:38.688+0000] {logging_mixin.py:188} INFO - [2026-07-05T07:27:38.688+0000] {dag.py:3954} INFO - Setting next_dagrun for weather_tomorrowio_pipeline to 2026-07-05 07:00:00+00:00, run_after=2026-07-05 08:00:00+00:00
[2026-07-05T07:27:38.701+0000] {processor.py:183} INFO - Processing /opt/airflow/dags/dag_tomorrowio.py took 0.560 seconds
[2026-07-05T08:04:49.004+0000] {processor.py:161} INFO - Started process (PID=47217) to work on /opt/airflow/dags/dag_tomorrowio.py
[2026-07-05T08:04:49.005+0000] {processor.py:830} INFO - Processing file /opt/airflow/dags/dag_tomorrowio.py for tasks to queue
[2026-07-05T08:04:49.005+0000] {logging_mixin.py:188} INFO - [2026-07-05T08:04:49.005+0000] {dagbag.py:545} INFO - Filling up the DagBag from /opt/airflow/dags/dag_tomorrowio.py
[2026-07-05T08:04:49.743+0000] {processor.py:840} INFO - DAG(s) 'weather_tomorrowio_pipeline' retrieved from /opt/airflow/dags/dag_tomorrowio.py
[2026-07-05T08:04:49.849+0000] {logging_mixin.py:188} INFO - [2026-07-05T08:04:49.848+0000] {dag.py:3096} INFO - Sync 1 DAGs
[2026-07-05T08:04:49.907+0000] {logging_mixin.py:188} INFO - [2026-07-05T08:04:49.906+0000] {dag.py:3954} INFO - Setting next_dagrun for weather_tomorrowio_pipeline to 2026-07-05 08:00:00+00:00, run_after=2026-07-05 09:00:00+00:00
[2026-07-05T08:04:49.949+0000] {processor.py:183} INFO - Processing /opt/airflow/dags/dag_tomorrowio.py took 0.951 seconds
[2026-07-05T09:02:33.306+0000] {processor.py:161} INFO - Started process (PID=47869) to work on /opt/airflow/dags/dag_tomorrowio.py
[2026-07-05T09:02:33.306+0000] {processor.py:830} INFO - Processing file /opt/airflow/dags/dag_tomorrowio.py for tasks to queue
[2026-07-05T09:02:33.307+0000] {logging_mixin.py:188} INFO - [2026-07-05T09:02:33.307+0000] {dagbag.py:545} INFO - Filling up the DagBag from /opt/airflow/dags/dag_tomorrowio.py
[2026-07-05T09:02:33.757+0000] {processor.py:840} INFO - DAG(s) 'weather_tomorrowio_pipeline' retrieved from /opt/airflow/dags/dag_tomorrowio.py
[2026-07-05T09:02:33.801+0000] {logging_mixin.py:188} INFO - [2026-07-05T09:02:33.800+0000] {dag.py:3096} INFO - Sync 1 DAGs
[2026-07-05T09:02:33.835+0000] {logging_mixin.py:188} INFO - [2026-07-05T09:02:33.834+0000] {dag.py:3954} INFO - Setting next_dagrun for weather_tomorrowio_pipeline to 2026-07-05 09:00:00+00:00, run_after=2026-07-05 10:00:00+00:00
[2026-07-05T09:02:33.864+0000] {processor.py:183} INFO - Processing /opt/airflow/dags/dag_tomorrowio.py took 0.562 seconds
[2026-07-05T09:26:19.145+0000] {processor.py:161} INFO - Started process (PID=48500) to work on /opt/airflow/dags/dag_tomorrowio.py
[2026-07-05T09:26:19.146+0000] {processor.py:830} INFO - Processing file /opt/airflow/dags/dag_tomorrowio.py for tasks to queue
[2026-07-05T09:26:19.146+0000] {logging_mixin.py:188} INFO - [2026-07-05T09:26:19.146+0000] {dagbag.py:545} INFO - Filling up the DagBag from /opt/airflow/dags/dag_tomorrowio.py
[2026-07-05T09:26:19.589+0000] {processor.py:840} INFO - DAG(s) 'weather_tomorrowio_pipeline' retrieved from /opt/airflow/dags/dag_tomorrowio.py
[2026-07-05T09:26:19.610+0000] {logging_mixin.py:188} INFO - [2026-07-05T09:26:19.609+0000] {dag.py:3096} INFO - Sync 1 DAGs
[2026-07-05T09:26:19.626+0000] {logging_mixin.py:188} INFO - [2026-07-05T09:26:19.626+0000] {dag.py:3954} INFO - Setting next_dagrun for weather_tomorrowio_pipeline to 2026-07-05 09:00:00+00:00, run_after=2026-07-05 10:00:00+00:00
[2026-07-05T09:26:19.640+0000] {processor.py:183} INFO - Processing /opt/airflow/dags/dag_tomorrowio.py took 0.498 seconds
[2026-07-05T09:46:33.218+0000] {processor.py:161} INFO - Started process (PID=48540) to work on /opt/airflow/dags/dag_tomorrowio.py
[2026-07-05T09:46:33.219+0000] {processor.py:830} INFO - Processing file /opt/airflow/dags/dag_tomorrowio.py for tasks to queue
[2026-07-05T09:46:33.220+0000] {logging_mixin.py:188} INFO - [2026-07-05T09:46:33.219+0000] {dagbag.py:545} INFO - Filling up the DagBag from /opt/airflow/dags/dag_tomorrowio.py
[2026-07-05T09:46:33.537+0000] {processor.py:840} INFO - DAG(s) 'weather_tomorrowio_pipeline' retrieved from /opt/airflow/dags/dag_tomorrowio.py
[2026-07-05T09:46:33.565+0000] {logging_mixin.py:188} INFO - [2026-07-05T09:46:33.564+0000] {dag.py:3096} INFO - Sync 1 DAGs
[2026-07-05T09:46:33.580+0000] {logging_mixin.py:188} INFO - [2026-07-05T09:46:33.580+0000] {dag.py:3954} INFO - Setting next_dagrun for weather_tomorrowio_pipeline to 2026-07-05 09:00:00+00:00, run_after=2026-07-05 10:00:00+00:00
[2026-07-05T09:46:33.594+0000] {processor.py:183} INFO - Processing /opt/airflow/dags/dag_tomorrowio.py took 0.379 seconds
[2026-07-05T09:51:15.865+0000] {processor.py:161} INFO - Started process (PID=48606) to work on /opt/airflow/dags/dag_tomorrowio.py
[2026-07-05T09:51:15.867+0000] {processor.py:830} INFO - Processing file /opt/airflow/dags/dag_tomorrowio.py for tasks to queue
[2026-07-05T09:51:15.867+0000] {logging_mixin.py:188} INFO - [2026-07-05T09:51:15.867+0000] {dagbag.py:545} INFO - Filling up the DagBag from /opt/airflow/dags/dag_tomorrowio.py
[2026-07-05T09:51:16.263+0000] {processor.py:840} INFO - DAG(s) 'weather_tomorrowio_pipeline' retrieved from /opt/airflow/dags/dag_tomorrowio.py
[2026-07-05T09:51:16.279+0000] {logging_mixin.py:188} INFO - [2026-07-05T09:51:16.278+0000] {dag.py:3096} INFO - Sync 1 DAGs
[2026-07-05T09:51:16.292+0000] {logging_mixin.py:188} INFO - [2026-07-05T09:51:16.292+0000] {dag.py:3954} INFO - Setting next_dagrun for weather_tomorrowio_pipeline to 2026-07-05 09:00:00+00:00, run_after=2026-07-05 10:00:00+00:00
[2026-07-05T09:51:16.303+0000] {processor.py:183} INFO - Processing /opt/airflow/dags/dag_tomorrowio.py took 0.442 seconds
[2026-07-05T09:55:14.557+0000] {processor.py:161} INFO - Started process (PID=48644) to work on /opt/airflow/dags/dag_tomorrowio.py
[2026-07-05T09:55:14.558+0000] {processor.py:830} INFO - Processing file /opt/airflow/dags/dag_tomorrowio.py for tasks to queue
[2026-07-05T09:55:14.558+0000] {logging_mixin.py:188} INFO - [2026-07-05T09:55:14.558+0000] {dagbag.py:545} INFO - Filling up the DagBag from /opt/airflow/dags/dag_tomorrowio.py
[2026-07-05T09:55:15.054+0000] {processor.py:840} INFO - DAG(s) 'weather_tomorrowio_pipeline' retrieved from /opt/airflow/dags/dag_tomorrowio.py
[2026-07-05T09:55:15.090+0000] {logging_mixin.py:188} INFO - [2026-07-05T09:55:15.089+0000] {dag.py:3096} INFO - Sync 1 DAGs
[2026-07-05T09:55:15.118+0000] {logging_mixin.py:188} INFO - [2026-07-05T09:55:15.118+0000] {dag.py:3954} INFO - Setting next_dagrun for weather_tomorrowio_pipeline to 2026-07-05 09:00:00+00:00, run_after=2026-07-05 10:00:00+00:00
[2026-07-05T09:55:15.131+0000] {processor.py:183} INFO - Processing /opt/airflow/dags/dag_tomorrowio.py took 0.578 seconds
[2026-07-05T10:02:39.549+0000] {processor.py:161} INFO - Started process (PID=48681) to work on /opt/airflow/dags/dag_tomorrowio.py
[2026-07-05T10:02:39.550+0000] {processor.py:830} INFO - Processing file /opt/airflow/dags/dag_tomorrowio.py for tasks to queue
[2026-07-05T10:02:39.551+0000] {logging_mixin.py:188} INFO - [2026-07-05T10:02:39.550+0000] {dagbag.py:545} INFO - Filling up the DagBag from /opt/airflow/dags/dag_tomorrowio.py
[2026-07-05T10:02:39.913+0000] {processor.py:840} INFO - DAG(s) 'weather_tomorrowio_pipeline' retrieved from /opt/airflow/dags/dag_tomorrowio.py
[2026-07-05T10:02:39.934+0000] {logging_mixin.py:188} INFO - [2026-07-05T10:02:39.934+0000] {dag.py:3096} INFO - Sync 1 DAGs
[2026-07-05T10:02:39.948+0000] {logging_mixin.py:188} INFO - [2026-07-05T10:02:39.948+0000] {dag.py:3954} INFO - Setting next_dagrun for weather_tomorrowio_pipeline to 2026-07-05 09:00:00+00:00, run_after=2026-07-05 10:00:00+00:00
[2026-07-05T10:02:39.980+0000] {processor.py:183} INFO - Processing /opt/airflow/dags/dag_tomorrowio.py took 0.435 seconds
[2026-07-05T10:13:59.795+0000] {processor.py:161} INFO - Started process (PID=49330) to work on /opt/airflow/dags/dag_tomorrowio.py
[2026-07-05T10:13:59.796+0000] {processor.py:830} INFO - Processing file /opt/airflow/dags/dag_tomorrowio.py for tasks to queue
[2026-07-05T10:13:59.797+0000] {logging_mixin.py:188} INFO - [2026-07-05T10:13:59.796+0000] {dagbag.py:545} INFO - Filling up the DagBag from /opt/airflow/dags/dag_tomorrowio.py
[2026-07-05T10:14:00.265+0000] {processor.py:840} INFO - DAG(s) 'weather_tomorrowio_pipeline' retrieved from /opt/airflow/dags/dag_tomorrowio.py
[2026-07-05T10:14:00.308+0000] {logging_mixin.py:188} INFO - [2026-07-05T10:14:00.307+0000] {dag.py:3096} INFO - Sync 1 DAGs
[2026-07-05T10:14:00.347+0000] {logging_mixin.py:188} INFO - [2026-07-05T10:14:00.346+0000] {dag.py:3954} INFO - Setting next_dagrun for weather_tomorrowio_pipeline to 2026-07-05 10:00:00+00:00, run_after=2026-07-05 11:00:00+00:00
[2026-07-05T10:14:00.384+0000] {processor.py:183} INFO - Processing /opt/airflow/dags/dag_tomorrowio.py took 0.594 seconds
[2026-07-05T10:20:47.210+0000] {processor.py:161} INFO - Started process (PID=49397) to work on /opt/airflow/dags/dag_tomorrowio.py
[2026-07-05T10:20:47.211+0000] {processor.py:830} INFO - Processing file /opt/airflow/dags/dag_tomorrowio.py for tasks to queue
[2026-07-05T10:20:47.212+0000] {logging_mixin.py:188} INFO - [2026-07-05T10:20:47.211+0000] {dagbag.py:545} INFO - Filling up the DagBag from /opt/airflow/dags/dag_tomorrowio.py
[2026-07-05T10:20:47.465+0000] {processor.py:840} INFO - DAG(s) 'weather_tomorrowio_pipeline' retrieved from /opt/airflow/dags/dag_tomorrowio.py
[2026-07-05T10:20:47.476+0000] {logging_mixin.py:188} INFO - [2026-07-05T10:20:47.476+0000] {dag.py:3096} INFO - Sync 1 DAGs
[2026-07-05T10:20:47.486+0000] {logging_mixin.py:188} INFO - [2026-07-05T10:20:47.486+0000] {dag.py:3954} INFO - Setting next_dagrun for weather_tomorrowio_pipeline to 2026-07-05 10:00:00+00:00, run_after=2026-07-05 11:00:00+00:00
[2026-07-05T10:20:47.499+0000] {processor.py:183} INFO - Processing /opt/airflow/dags/dag_tomorrowio.py took 0.293 seconds
[2026-07-05T10:36:57.907+0000] {processor.py:161} INFO - Started process (PID=49434) to work on /opt/airflow/dags/dag_tomorrowio.py
[2026-07-05T10:36:57.908+0000] {processor.py:830} INFO - Processing file /opt/airflow/dags/dag_tomorrowio.py for tasks to queue
[2026-07-05T10:36:57.909+0000] {logging_mixin.py:188} INFO - [2026-07-05T10:36:57.908+0000] {dagbag.py:545} INFO - Filling up the DagBag from /opt/airflow/dags/dag_tomorrowio.py
[2026-07-05T10:36:58.237+0000] {processor.py:840} INFO - DAG(s) 'weather_tomorrowio_pipeline' retrieved from /opt/airflow/dags/dag_tomorrowio.py
[2026-07-05T10:36:58.253+0000] {logging_mixin.py:188} INFO - [2026-07-05T10:36:58.253+0000] {dag.py:3096} INFO - Sync 1 DAGs
[2026-07-05T10:36:58.268+0000] {logging_mixin.py:188} INFO - [2026-07-05T10:36:58.268+0000] {dag.py:3954} INFO - Setting next_dagrun for weather_tomorrowio_pipeline to 2026-07-05 10:00:00+00:00, run_after=2026-07-05 11:00:00+00:00
[2026-07-05T10:36:58.284+0000] {processor.py:183} INFO - Processing /opt/airflow/dags/dag_tomorrowio.py took 0.389 seconds
[2026-07-05T11:53:06.973+0000] {processor.py:161} INFO - Started process (PID=49471) to work on /opt/airflow/dags/dag_tomorrowio.py
[2026-07-05T11:53:06.975+0000] {processor.py:830} INFO - Processing file /opt/airflow/dags/dag_tomorrowio.py for tasks to queue
[2026-07-05T11:53:06.975+0000] {logging_mixin.py:188} INFO - [2026-07-05T11:53:06.975+0000] {dagbag.py:545} INFO - Filling up the DagBag from /opt/airflow/dags/dag_tomorrowio.py
[2026-07-05T11:53:07.418+0000] {processor.py:840} INFO - DAG(s) 'weather_tomorrowio_pipeline' retrieved from /opt/airflow/dags/dag_tomorrowio.py
[2026-07-05T11:53:07.456+0000] {logging_mixin.py:188} INFO - [2026-07-05T11:53:07.455+0000] {dag.py:3096} INFO - Sync 1 DAGs
[2026-07-05T11:53:07.484+0000] {logging_mixin.py:188} INFO - [2026-07-05T11:53:07.484+0000] {dag.py:3954} INFO - Setting next_dagrun for weather_tomorrowio_pipeline to 2026-07-05 11:00:00+00:00, run_after=2026-07-05 12:00:00+00:00
[2026-07-05T11:53:07.513+0000] {processor.py:183} INFO - Processing /opt/airflow/dags/dag_tomorrowio.py took 0.543 seconds
[2026-07-05T13:09:30.450+0000] {processor.py:161} INFO - Started process (PID=50094) to work on /opt/airflow/dags/dag_tomorrowio.py
[2026-07-05T13:09:30.452+0000] {processor.py:830} INFO - Processing file /opt/airflow/dags/dag_tomorrowio.py for tasks to queue
[2026-07-05T13:09:30.454+0000] {logging_mixin.py:188} INFO - [2026-07-05T13:09:30.453+0000] {dagbag.py:545} INFO - Filling up the DagBag from /opt/airflow/dags/dag_tomorrowio.py
[2026-07-05T13:09:31.029+0000] {processor.py:840} INFO - DAG(s) 'weather_tomorrowio_pipeline' retrieved from /opt/airflow/dags/dag_tomorrowio.py
[2026-07-05T13:09:31.047+0000] {logging_mixin.py:188} INFO - [2026-07-05T13:09:31.047+0000] {dag.py:3096} INFO - Sync 1 DAGs
[2026-07-05T13:09:31.070+0000] {logging_mixin.py:188} INFO - [2026-07-05T13:09:31.070+0000] {dag.py:3954} INFO - Setting next_dagrun for weather_tomorrowio_pipeline to 2026-07-05 13:00:00+00:00, run_after=2026-07-05 14:00:00+00:00
[2026-07-05T13:09:31.095+0000] {processor.py:183} INFO - Processing /opt/airflow/dags/dag_tomorrowio.py took 0.664 seconds
[2026-07-05T14:27:11.925+0000] {processor.py:161} INFO - Started process (PID=50696) to work on /opt/airflow/dags/dag_tomorrowio.py
[2026-07-05T14:27:11.926+0000] {processor.py:830} INFO - Processing file /opt/airflow/dags/dag_tomorrowio.py for tasks to queue
[2026-07-05T14:27:11.926+0000] {logging_mixin.py:188} INFO - [2026-07-05T14:27:11.926+0000] {dagbag.py:545} INFO - Filling up the DagBag from /opt/airflow/dags/dag_tomorrowio.py
[2026-07-05T14:27:12.276+0000] {processor.py:840} INFO - DAG(s) 'weather_tomorrowio_pipeline' retrieved from /opt/airflow/dags/dag_tomorrowio.py
[2026-07-05T14:27:12.290+0000] {logging_mixin.py:188} INFO - [2026-07-05T14:27:12.289+0000] {dag.py:3096} INFO - Sync 1 DAGs
[2026-07-05T14:27:12.301+0000] {logging_mixin.py:188} INFO - [2026-07-05T14:27:12.300+0000] {dag.py:3954} INFO - Setting next_dagrun for weather_tomorrowio_pipeline to 2026-07-05 13:00:00+00:00, run_after=2026-07-05 14:00:00+00:00
[2026-07-05T14:27:12.312+0000] {processor.py:183} INFO - Processing /opt/airflow/dags/dag_tomorrowio.py took 0.390 seconds
[2026-07-05T15:31:09.475+0000] {processor.py:161} INFO - Started process (PID=51294) to work on /opt/airflow/dags/dag_tomorrowio.py
[2026-07-05T15:31:09.476+0000] {processor.py:830} INFO - Processing file /opt/airflow/dags/dag_tomorrowio.py for tasks to queue
[2026-07-05T15:31:09.476+0000] {logging_mixin.py:188} INFO - [2026-07-05T15:31:09.476+0000] {dagbag.py:545} INFO - Filling up the DagBag from /opt/airflow/dags/dag_tomorrowio.py
[2026-07-05T15:31:09.753+0000] {processor.py:840} INFO - DAG(s) 'weather_tomorrowio_pipeline' retrieved from /opt/airflow/dags/dag_tomorrowio.py
[2026-07-05T15:31:09.762+0000] {logging_mixin.py:188} INFO - [2026-07-05T15:31:09.761+0000] {dag.py:3096} INFO - Sync 1 DAGs
[2026-07-05T15:31:09.772+0000] {logging_mixin.py:188} INFO - [2026-07-05T15:31:09.771+0000] {dag.py:3954} INFO - Setting next_dagrun for weather_tomorrowio_pipeline to 2026-07-05 14:00:00+00:00, run_after=2026-07-05 15:00:00+00:00
[2026-07-05T15:31:09.786+0000] {processor.py:183} INFO - Processing /opt/airflow/dags/dag_tomorrowio.py took 0.316 seconds
[2026-07-05T16:13:49.131+0000] {processor.py:161} INFO - Started process (PID=51904) to work on /opt/airflow/dags/dag_tomorrowio.py
[2026-07-05T16:13:49.132+0000] {processor.py:830} INFO - Processing file /opt/airflow/dags/dag_tomorrowio.py for tasks to queue
[2026-07-05T16:13:49.132+0000] {logging_mixin.py:188} INFO - [2026-07-05T16:13:49.132+0000] {dagbag.py:545} INFO - Filling up the DagBag from /opt/airflow/dags/dag_tomorrowio.py
[2026-07-05T16:13:49.440+0000] {processor.py:840} INFO - DAG(s) 'weather_tomorrowio_pipeline' retrieved from /opt/airflow/dags/dag_tomorrowio.py
[2026-07-05T16:13:49.451+0000] {logging_mixin.py:188} INFO - [2026-07-05T16:13:49.450+0000] {dag.py:3096} INFO - Sync 1 DAGs
[2026-07-05T16:13:49.461+0000] {logging_mixin.py:188} INFO - [2026-07-05T16:13:49.461+0000] {dag.py:3954} INFO - Setting next_dagrun for weather_tomorrowio_pipeline to 2026-07-05 16:00:00+00:00, run_after=2026-07-05 17:00:00+00:00
[2026-07-05T16:13:49.472+0000] {processor.py:183} INFO - Processing /opt/airflow/dags/dag_tomorrowio.py took 0.346 seconds
[2026-07-05T16:31:00.633+0000] {processor.py:161} INFO - Started process (PID=52513) to work on /opt/airflow/dags/dag_tomorrowio.py
[2026-07-05T16:31:00.636+0000] {processor.py:830} INFO - Processing file /opt/airflow/dags/dag_tomorrowio.py for tasks to queue
[2026-07-05T16:31:00.638+0000] {logging_mixin.py:188} INFO - [2026-07-05T16:31:00.637+0000] {dagbag.py:545} INFO - Filling up the DagBag from /opt/airflow/dags/dag_tomorrowio.py
[2026-07-05T16:31:01.130+0000] {processor.py:840} INFO - DAG(s) 'weather_tomorrowio_pipeline' retrieved from /opt/airflow/dags/dag_tomorrowio.py
[2026-07-05T16:31:01.140+0000] {logging_mixin.py:188} INFO - [2026-07-05T16:31:01.140+0000] {dag.py:3096} INFO - Sync 1 DAGs
[2026-07-05T16:31:01.148+0000] {logging_mixin.py:188} INFO - [2026-07-05T16:31:01.148+0000] {dag.py:3954} INFO - Setting next_dagrun for weather_tomorrowio_pipeline to 2026-07-05 16:00:00+00:00, run_after=2026-07-05 17:00:00+00:00
[2026-07-05T16:31:01.156+0000] {processor.py:183} INFO - Processing /opt/airflow/dags/dag_tomorrowio.py took 0.550 seconds
[2026-07-05T16:58:05.295+0000] {processor.py:161} INFO - Started process (PID=52550) to work on /opt/airflow/dags/dag_tomorrowio.py
[2026-07-05T16:58:05.296+0000] {processor.py:830} INFO - Processing file /opt/airflow/dags/dag_tomorrowio.py for tasks to queue
[2026-07-05T16:58:05.297+0000] {logging_mixin.py:188} INFO - [2026-07-05T16:58:05.297+0000] {dagbag.py:545} INFO - Filling up the DagBag from /opt/airflow/dags/dag_tomorrowio.py
[2026-07-05T16:58:05.587+0000] {processor.py:840} INFO - DAG(s) 'weather_tomorrowio_pipeline' retrieved from /opt/airflow/dags/dag_tomorrowio.py
[2026-07-05T16:58:05.601+0000] {logging_mixin.py:188} INFO - [2026-07-05T16:58:05.601+0000] {dag.py:3096} INFO - Sync 1 DAGs
[2026-07-05T16:58:05.612+0000] {logging_mixin.py:188} INFO - [2026-07-05T16:58:05.612+0000] {dag.py:3954} INFO - Setting next_dagrun for weather_tomorrowio_pipeline to 2026-07-05 16:00:00+00:00, run_after=2026-07-05 17:00:00+00:00
[2026-07-05T16:58:05.627+0000] {processor.py:183} INFO - Processing /opt/airflow/dags/dag_tomorrowio.py took 0.337 seconds
[2026-07-05T17:59:09.894+0000] {processor.py:161} INFO - Started process (PID=52592) to work on /opt/airflow/dags/dag_tomorrowio.py
[2026-07-05T17:59:09.896+0000] {processor.py:830} INFO - Processing file /opt/airflow/dags/dag_tomorrowio.py for tasks to queue
[2026-07-05T17:59:09.896+0000] {logging_mixin.py:188} INFO - [2026-07-05T17:59:09.896+0000] {dagbag.py:545} INFO - Filling up the DagBag from /opt/airflow/dags/dag_tomorrowio.py
[2026-07-05T17:59:11.014+0000] {processor.py:840} INFO - DAG(s) 'weather_tomorrowio_pipeline' retrieved from /opt/airflow/dags/dag_tomorrowio.py
[2026-07-05T17:59:11.062+0000] {logging_mixin.py:188} INFO - [2026-07-05T17:59:11.062+0000] {dag.py:3096} INFO - Sync 1 DAGs
[2026-07-05T17:59:11.097+0000] {logging_mixin.py:188} INFO - [2026-07-05T17:59:11.097+0000] {dag.py:3954} INFO - Setting next_dagrun for weather_tomorrowio_pipeline to 2026-07-05 17:00:00+00:00, run_after=2026-07-05 18:00:00+00:00
[2026-07-05T17:59:11.123+0000] {processor.py:183} INFO - Processing /opt/airflow/dags/dag_tomorrowio.py took 1.237 seconds
[2026-07-05T19:15:18.183+0000] {processor.py:161} INFO - Started process (PID=53193) to work on /opt/airflow/dags/dag_tomorrowio.py
[2026-07-05T19:15:18.184+0000] {processor.py:830} INFO - Processing file /opt/airflow/dags/dag_tomorrowio.py for tasks to queue
[2026-07-05T19:15:18.185+0000] {logging_mixin.py:188} INFO - [2026-07-05T19:15:18.185+0000] {dagbag.py:545} INFO - Filling up the DagBag from /opt/airflow/dags/dag_tomorrowio.py
[2026-07-05T19:15:18.581+0000] {processor.py:840} INFO - DAG(s) 'weather_tomorrowio_pipeline' retrieved from /opt/airflow/dags/dag_tomorrowio.py
[2026-07-05T19:15:18.595+0000] {logging_mixin.py:188} INFO - [2026-07-05T19:15:18.595+0000] {dag.py:3096} INFO - Sync 1 DAGs
[2026-07-05T19:15:18.606+0000] {logging_mixin.py:188} INFO - [2026-07-05T19:15:18.606+0000] {dag.py:3954} INFO - Setting next_dagrun for weather_tomorrowio_pipeline to 2026-07-05 19:00:00+00:00, run_after=2026-07-05 20:00:00+00:00
[2026-07-05T19:15:18.616+0000] {processor.py:183} INFO - Processing /opt/airflow/dags/dag_tomorrowio.py took 0.438 seconds
[2026-07-05T20:51:35.226+0000] {processor.py:161} INFO - Started process (PID=53795) to work on /opt/airflow/dags/dag_tomorrowio.py
[2026-07-05T20:51:35.226+0000] {processor.py:830} INFO - Processing file /opt/airflow/dags/dag_tomorrowio.py for tasks to queue
[2026-07-05T20:51:35.227+0000] {logging_mixin.py:188} INFO - [2026-07-05T20:51:35.227+0000] {dagbag.py:545} INFO - Filling up the DagBag from /opt/airflow/dags/dag_tomorrowio.py
[2026-07-05T20:51:35.494+0000] {processor.py:840} INFO - DAG(s) 'weather_tomorrowio_pipeline' retrieved from /opt/airflow/dags/dag_tomorrowio.py
[2026-07-05T20:51:35.513+0000] {logging_mixin.py:188} INFO - [2026-07-05T20:51:35.513+0000] {dag.py:3096} INFO - Sync 1 DAGs
[2026-07-05T20:51:35.525+0000] {logging_mixin.py:188} INFO - [2026-07-05T20:51:35.525+0000] {dag.py:3954} INFO - Setting next_dagrun for weather_tomorrowio_pipeline to 2026-07-05 19:00:00+00:00, run_after=2026-07-05 20:00:00+00:00
[2026-07-05T20:51:35.534+0000] {processor.py:183} INFO - Processing /opt/airflow/dags/dag_tomorrowio.py took 0.312 seconds
[2026-07-05T21:57:54.050+0000] {processor.py:161} INFO - Started process (PID=54413) to work on /opt/airflow/dags/dag_tomorrowio.py
[2026-07-05T21:57:54.051+0000] {processor.py:830} INFO - Processing file /opt/airflow/dags/dag_tomorrowio.py for tasks to queue
[2026-07-05T21:57:54.051+0000] {logging_mixin.py:188} INFO - [2026-07-05T21:57:54.051+0000] {dagbag.py:545} INFO - Filling up the DagBag from /opt/airflow/dags/dag_tomorrowio.py
[2026-07-05T21:57:54.709+0000] {processor.py:840} INFO - DAG(s) 'weather_tomorrowio_pipeline' retrieved from /opt/airflow/dags/dag_tomorrowio.py
[2026-07-05T21:57:54.743+0000] {logging_mixin.py:188} INFO - [2026-07-05T21:57:54.742+0000] {dag.py:3096} INFO - Sync 1 DAGs
[2026-07-05T21:57:54.784+0000] {logging_mixin.py:188} INFO - [2026-07-05T21:57:54.784+0000] {dag.py:3954} INFO - Setting next_dagrun for weather_tomorrowio_pipeline to 2026-07-05 21:00:00+00:00, run_after=2026-07-05 22:00:00+00:00
[2026-07-05T21:57:54.822+0000] {processor.py:183} INFO - Processing /opt/airflow/dags/dag_tomorrowio.py took 0.776 seconds
[2026-07-05T23:10:00.705+0000] {processor.py:161} INFO - Started process (PID=55026) to work on /opt/airflow/dags/dag_tomorrowio.py
[2026-07-05T23:10:00.706+0000] {processor.py:830} INFO - Processing file /opt/airflow/dags/dag_tomorrowio.py for tasks to queue
[2026-07-05T23:10:00.708+0000] {logging_mixin.py:188} INFO - [2026-07-05T23:10:00.708+0000] {dagbag.py:545} INFO - Filling up the DagBag from /opt/airflow/dags/dag_tomorrowio.py
[2026-07-05T23:10:01.547+0000] {processor.py:840} INFO - DAG(s) 'weather_tomorrowio_pipeline' retrieved from /opt/airflow/dags/dag_tomorrowio.py
[2026-07-05T23:10:01.575+0000] {logging_mixin.py:188} INFO - [2026-07-05T23:10:01.574+0000] {dag.py:3096} INFO - Sync 1 DAGs
[2026-07-05T23:10:01.592+0000] {logging_mixin.py:188} INFO - [2026-07-05T23:10:01.591+0000] {dag.py:3954} INFO - Setting next_dagrun for weather_tomorrowio_pipeline to 2026-07-05 23:00:00+00:00, run_after=2026-07-06 00:00:00+00:00
[2026-07-05T23:10:01.610+0000] {processor.py:183} INFO - Processing /opt/airflow/dags/dag_tomorrowio.py took 0.912 seconds
