[2026-07-05T00:47:38.541+0000] {processor.py:161} INFO - Started process (PID=42714) to work on /opt/airflow/dags/dag_shipment_sim.py
[2026-07-05T00:47:38.541+0000] {processor.py:830} INFO - Processing file /opt/airflow/dags/dag_shipment_sim.py for tasks to queue
[2026-07-05T00:47:38.542+0000] {logging_mixin.py:188} INFO - [2026-07-05T00:47:38.542+0000] {dagbag.py:545} INFO - Filling up the DagBag from /opt/airflow/dags/dag_shipment_sim.py
[2026-07-05T00:47:38.551+0000] {processor.py:840} INFO - DAG(s) 'dag_shipment_sim' retrieved from /opt/airflow/dags/dag_shipment_sim.py
[2026-07-05T00:47:38.564+0000] {logging_mixin.py:188} INFO - [2026-07-05T00:47:38.564+0000] {dag.py:3096} INFO - Sync 1 DAGs
[2026-07-05T00:47:38.575+0000] {logging_mixin.py:188} INFO - [2026-07-05T00:47:38.574+0000] {dag.py:3954} INFO - Setting next_dagrun for dag_shipment_sim to 2026-07-05 00:00:00+00:00, run_after=2026-07-05 01:00:00+00:00
[2026-07-05T00:47:38.583+0000] {processor.py:183} INFO - Processing /opt/airflow/dags/dag_shipment_sim.py took 0.046 seconds
[2026-07-05T01:44:46.692+0000] {processor.py:161} INFO - Started process (PID=43314) to work on /opt/airflow/dags/dag_shipment_sim.py
[2026-07-05T01:44:46.693+0000] {processor.py:830} INFO - Processing file /opt/airflow/dags/dag_shipment_sim.py for tasks to queue
[2026-07-05T01:44:46.693+0000] {logging_mixin.py:188} INFO - [2026-07-05T01:44:46.693+0000] {dagbag.py:545} INFO - Filling up the DagBag from /opt/airflow/dags/dag_shipment_sim.py
[2026-07-05T01:44:46.711+0000] {processor.py:840} INFO - DAG(s) 'dag_shipment_sim' retrieved from /opt/airflow/dags/dag_shipment_sim.py
[2026-07-05T01:44:46.740+0000] {logging_mixin.py:188} INFO - [2026-07-05T01:44:46.739+0000] {dag.py:3096} INFO - Sync 1 DAGs
[2026-07-05T01:44:46.759+0000] {logging_mixin.py:188} INFO - [2026-07-05T01:44:46.759+0000] {dag.py:3954} INFO - Setting next_dagrun for dag_shipment_sim to 2026-07-05 01:00:00+00:00, run_after=2026-07-05 02:00:00+00:00
[2026-07-05T01:44:46.779+0000] {processor.py:183} INFO - Processing /opt/airflow/dags/dag_shipment_sim.py took 0.094 seconds
[2026-07-05T02:35:37.903+0000] {processor.py:161} INFO - Started process (PID=43928) to work on /opt/airflow/dags/dag_shipment_sim.py
[2026-07-05T02:35:37.904+0000] {processor.py:830} INFO - Processing file /opt/airflow/dags/dag_shipment_sim.py for tasks to queue
[2026-07-05T02:35:37.905+0000] {logging_mixin.py:188} INFO - [2026-07-05T02:35:37.905+0000] {dagbag.py:545} INFO - Filling up the DagBag from /opt/airflow/dags/dag_shipment_sim.py
[2026-07-05T02:35:37.916+0000] {processor.py:840} INFO - DAG(s) 'dag_shipment_sim' retrieved from /opt/airflow/dags/dag_shipment_sim.py
[2026-07-05T02:35:37.932+0000] {logging_mixin.py:188} INFO - [2026-07-05T02:35:37.931+0000] {dag.py:3096} INFO - Sync 1 DAGs
[2026-07-05T02:35:37.948+0000] {logging_mixin.py:188} INFO - [2026-07-05T02:35:37.947+0000] {dag.py:3954} INFO - Setting next_dagrun for dag_shipment_sim to 2026-07-05 02:00:00+00:00, run_after=2026-07-05 03:00:00+00:00
[2026-07-05T02:35:37.964+0000] {processor.py:183} INFO - Processing /opt/airflow/dags/dag_shipment_sim.py took 0.065 seconds
[2026-07-05T04:01:50.176+0000] {processor.py:161} INFO - Started process (PID=44579) to work on /opt/airflow/dags/dag_shipment_sim.py
[2026-07-05T04:01:50.177+0000] {processor.py:830} INFO - Processing file /opt/airflow/dags/dag_shipment_sim.py for tasks to queue
[2026-07-05T04:01:50.177+0000] {logging_mixin.py:188} INFO - [2026-07-05T04:01:50.177+0000] {dagbag.py:545} INFO - Filling up the DagBag from /opt/airflow/dags/dag_shipment_sim.py
[2026-07-05T04:01:50.192+0000] {processor.py:840} INFO - DAG(s) 'dag_shipment_sim' retrieved from /opt/airflow/dags/dag_shipment_sim.py
[2026-07-05T04:01:50.216+0000] {logging_mixin.py:188} INFO - [2026-07-05T04:01:50.215+0000] {dag.py:3096} INFO - Sync 1 DAGs
[2026-07-05T04:01:50.237+0000] {logging_mixin.py:188} INFO - [2026-07-05T04:01:50.237+0000] {dag.py:3954} INFO - Setting next_dagrun for dag_shipment_sim to 2026-07-05 04:00:00+00:00, run_after=2026-07-05 05:00:00+00:00
[2026-07-05T04:01:50.253+0000] {processor.py:183} INFO - Processing /opt/airflow/dags/dag_shipment_sim.py took 0.081 seconds
[2026-07-05T04:36:27.365+0000] {processor.py:161} INFO - Started process (PID=45185) to work on /opt/airflow/dags/dag_shipment_sim.py
[2026-07-05T04:36:27.367+0000] {processor.py:830} INFO - Processing file /opt/airflow/dags/dag_shipment_sim.py for tasks to queue
[2026-07-05T04:36:27.369+0000] {logging_mixin.py:188} INFO - [2026-07-05T04:36:27.369+0000] {dagbag.py:545} INFO - Filling up the DagBag from /opt/airflow/dags/dag_shipment_sim.py
[2026-07-05T04:36:27.404+0000] {processor.py:840} INFO - DAG(s) 'dag_shipment_sim' retrieved from /opt/airflow/dags/dag_shipment_sim.py
[2026-07-05T04:36:27.442+0000] {logging_mixin.py:188} INFO - [2026-07-05T04:36:27.441+0000] {dag.py:3096} INFO - Sync 1 DAGs
[2026-07-05T04:36:27.475+0000] {logging_mixin.py:188} INFO - [2026-07-05T04:36:27.475+0000] {dag.py:3954} INFO - Setting next_dagrun for dag_shipment_sim to 2026-07-05 04:00:00+00:00, run_after=2026-07-05 05:00:00+00:00
[2026-07-05T04:36:27.507+0000] {processor.py:183} INFO - Processing /opt/airflow/dags/dag_shipment_sim.py took 0.151 seconds
[2026-07-05T04:46:46.610+0000] {processor.py:161} INFO - Started process (PID=45237) to work on /opt/airflow/dags/dag_shipment_sim.py
[2026-07-05T04:46:46.610+0000] {processor.py:830} INFO - Processing file /opt/airflow/dags/dag_shipment_sim.py for tasks to queue
[2026-07-05T04:46:46.611+0000] {logging_mixin.py:188} INFO - [2026-07-05T04:46:46.611+0000] {dagbag.py:545} INFO - Filling up the DagBag from /opt/airflow/dags/dag_shipment_sim.py
[2026-07-05T04:46:46.622+0000] {processor.py:840} INFO - DAG(s) 'dag_shipment_sim' retrieved from /opt/airflow/dags/dag_shipment_sim.py
[2026-07-05T04:46:46.638+0000] {logging_mixin.py:188} INFO - [2026-07-05T04:46:46.638+0000] {dag.py:3096} INFO - Sync 1 DAGs
[2026-07-05T04:46:46.649+0000] {logging_mixin.py:188} INFO - [2026-07-05T04:46:46.649+0000] {dag.py:3954} INFO - Setting next_dagrun for dag_shipment_sim to 2026-07-05 04:00:00+00:00, run_after=2026-07-05 05:00:00+00:00
[2026-07-05T04:46:46.657+0000] {processor.py:183} INFO - Processing /opt/airflow/dags/dag_shipment_sim.py took 0.051 seconds
[2026-07-05T05:17:44.014+0000] {processor.py:161} INFO - Started process (PID=45308) to work on /opt/airflow/dags/dag_shipment_sim.py
[2026-07-05T05:17:44.015+0000] {processor.py:830} INFO - Processing file /opt/airflow/dags/dag_shipment_sim.py for tasks to queue
[2026-07-05T05:17:44.016+0000] {logging_mixin.py:188} INFO - [2026-07-05T05:17:44.016+0000] {dagbag.py:545} INFO - Filling up the DagBag from /opt/airflow/dags/dag_shipment_sim.py
[2026-07-05T05:17:44.028+0000] {processor.py:840} INFO - DAG(s) 'dag_shipment_sim' retrieved from /opt/airflow/dags/dag_shipment_sim.py
[2026-07-05T05:17:44.041+0000] {logging_mixin.py:188} INFO - [2026-07-05T05:17:44.041+0000] {dag.py:3096} INFO - Sync 1 DAGs
[2026-07-05T05:17:44.054+0000] {logging_mixin.py:188} INFO - [2026-07-05T05:17:44.054+0000] {dag.py:3954} INFO - Setting next_dagrun for dag_shipment_sim to 2026-07-05 05:00:00+00:00, run_after=2026-07-05 06:00:00+00:00
[2026-07-05T05:17:44.064+0000] {processor.py:183} INFO - Processing /opt/airflow/dags/dag_shipment_sim.py took 0.054 seconds
[2026-07-05T05:36:31.096+0000] {processor.py:161} INFO - Started process (PID=45925) to work on /opt/airflow/dags/dag_shipment_sim.py
[2026-07-05T05:36:31.097+0000] {processor.py:830} INFO - Processing file /opt/airflow/dags/dag_shipment_sim.py for tasks to queue
[2026-07-05T05:36:31.097+0000] {logging_mixin.py:188} INFO - [2026-07-05T05:36:31.097+0000] {dagbag.py:545} INFO - Filling up the DagBag from /opt/airflow/dags/dag_shipment_sim.py
[2026-07-05T05:36:31.108+0000] {processor.py:840} INFO - DAG(s) 'dag_shipment_sim' retrieved from /opt/airflow/dags/dag_shipment_sim.py
[2026-07-05T05:36:31.121+0000] {logging_mixin.py:188} INFO - [2026-07-05T05:36:31.121+0000] {dag.py:3096} INFO - Sync 1 DAGs
[2026-07-05T05:36:31.134+0000] {logging_mixin.py:188} INFO - [2026-07-05T05:36:31.134+0000] {dag.py:3954} INFO - Setting next_dagrun for dag_shipment_sim to 2026-07-05 05:00:00+00:00, run_after=2026-07-05 06:00:00+00:00
[2026-07-05T05:36:31.147+0000] {processor.py:183} INFO - Processing /opt/airflow/dags/dag_shipment_sim.py took 0.054 seconds
[2026-07-05T06:48:51.191+0000] {processor.py:161} INFO - Started process (PID=45960) to work on /opt/airflow/dags/dag_shipment_sim.py
[2026-07-05T06:48:51.193+0000] {processor.py:830} INFO - Processing file /opt/airflow/dags/dag_shipment_sim.py for tasks to queue
[2026-07-05T06:48:51.194+0000] {logging_mixin.py:188} INFO - [2026-07-05T06:48:51.194+0000] {dagbag.py:545} INFO - Filling up the DagBag from /opt/airflow/dags/dag_shipment_sim.py
[2026-07-05T06:48:51.204+0000] {processor.py:840} INFO - DAG(s) 'dag_shipment_sim' retrieved from /opt/airflow/dags/dag_shipment_sim.py
[2026-07-05T06:48:51.219+0000] {logging_mixin.py:188} INFO - [2026-07-05T06:48:51.219+0000] {dag.py:3096} INFO - Sync 1 DAGs
[2026-07-05T06:48:51.238+0000] {logging_mixin.py:188} INFO - [2026-07-05T06:48:51.237+0000] {dag.py:3954} INFO - Setting next_dagrun for dag_shipment_sim to 2026-07-05 06:00:00+00:00, run_after=2026-07-05 07:00:00+00:00
[2026-07-05T06:48:51.257+0000] {processor.py:183} INFO - Processing /opt/airflow/dags/dag_shipment_sim.py took 0.069 seconds
[2026-07-05T07:27:38.907+0000] {processor.py:161} INFO - Started process (PID=46638) to work on /opt/airflow/dags/dag_shipment_sim.py
[2026-07-05T07:27:38.908+0000] {processor.py:830} INFO - Processing file /opt/airflow/dags/dag_shipment_sim.py for tasks to queue
[2026-07-05T07:27:38.910+0000] {logging_mixin.py:188} INFO - [2026-07-05T07:27:38.909+0000] {dagbag.py:545} INFO - Filling up the DagBag from /opt/airflow/dags/dag_shipment_sim.py
[2026-07-05T07:27:38.945+0000] {processor.py:840} INFO - DAG(s) 'dag_shipment_sim' retrieved from /opt/airflow/dags/dag_shipment_sim.py
[2026-07-05T07:27:38.989+0000] {logging_mixin.py:188} INFO - [2026-07-05T07:27:38.988+0000] {dag.py:3096} INFO - Sync 1 DAGs
[2026-07-05T07:27:39.034+0000] {logging_mixin.py:188} INFO - [2026-07-05T07:27:39.034+0000] {dag.py:3954} INFO - Setting next_dagrun for dag_shipment_sim to 2026-07-05 07:00:00+00:00, run_after=2026-07-05 08:00:00+00:00
[2026-07-05T07:27:39.086+0000] {processor.py:183} INFO - Processing /opt/airflow/dags/dag_shipment_sim.py took 0.189 seconds
[2026-07-05T08:04:50.037+0000] {processor.py:161} INFO - Started process (PID=47232) to work on /opt/airflow/dags/dag_shipment_sim.py
[2026-07-05T08:04:50.044+0000] {processor.py:830} INFO - Processing file /opt/airflow/dags/dag_shipment_sim.py for tasks to queue
[2026-07-05T08:04:50.047+0000] {logging_mixin.py:188} INFO - [2026-07-05T08:04:50.046+0000] {dagbag.py:545} INFO - Filling up the DagBag from /opt/airflow/dags/dag_shipment_sim.py
[2026-07-05T08:04:50.146+0000] {processor.py:840} INFO - DAG(s) 'dag_shipment_sim' retrieved from /opt/airflow/dags/dag_shipment_sim.py
[2026-07-05T08:04:50.191+0000] {logging_mixin.py:188} INFO - [2026-07-05T08:04:50.190+0000] {dag.py:3096} INFO - Sync 1 DAGs
[2026-07-05T08:04:50.229+0000] {logging_mixin.py:188} INFO - [2026-07-05T08:04:50.228+0000] {dag.py:3954} INFO - Setting next_dagrun for dag_shipment_sim to 2026-07-05 08:00:00+00:00, run_after=2026-07-05 09:00:00+00:00
[2026-07-05T08:04:50.273+0000] {processor.py:183} INFO - Processing /opt/airflow/dags/dag_shipment_sim.py took 0.248 seconds
[2026-07-05T09:02:33.900+0000] {processor.py:161} INFO - Started process (PID=47884) to work on /opt/airflow/dags/dag_shipment_sim.py
[2026-07-05T09:02:33.901+0000] {processor.py:830} INFO - Processing file /opt/airflow/dags/dag_shipment_sim.py for tasks to queue
[2026-07-05T09:02:33.902+0000] {logging_mixin.py:188} INFO - [2026-07-05T09:02:33.902+0000] {dagbag.py:545} INFO - Filling up the DagBag from /opt/airflow/dags/dag_shipment_sim.py
[2026-07-05T09:02:33.918+0000] {processor.py:840} INFO - DAG(s) 'dag_shipment_sim' retrieved from /opt/airflow/dags/dag_shipment_sim.py
[2026-07-05T09:02:33.945+0000] {logging_mixin.py:188} INFO - [2026-07-05T09:02:33.945+0000] {dag.py:3096} INFO - Sync 1 DAGs
[2026-07-05T09:02:33.962+0000] {logging_mixin.py:188} INFO - [2026-07-05T09:02:33.962+0000] {dag.py:3954} INFO - Setting next_dagrun for dag_shipment_sim to 2026-07-05 09:00:00+00:00, run_after=2026-07-05 10:00:00+00:00
[2026-07-05T09:02:33.985+0000] {processor.py:183} INFO - Processing /opt/airflow/dags/dag_shipment_sim.py took 0.090 seconds
[2026-07-05T09:26:19.705+0000] {processor.py:161} INFO - Started process (PID=48513) to work on /opt/airflow/dags/dag_shipment_sim.py
[2026-07-05T09:26:19.706+0000] {processor.py:830} INFO - Processing file /opt/airflow/dags/dag_shipment_sim.py for tasks to queue
[2026-07-05T09:26:19.706+0000] {logging_mixin.py:188} INFO - [2026-07-05T09:26:19.706+0000] {dagbag.py:545} INFO - Filling up the DagBag from /opt/airflow/dags/dag_shipment_sim.py
[2026-07-05T09:26:19.715+0000] {processor.py:840} INFO - DAG(s) 'dag_shipment_sim' retrieved from /opt/airflow/dags/dag_shipment_sim.py
[2026-07-05T09:26:19.725+0000] {logging_mixin.py:188} INFO - [2026-07-05T09:26:19.724+0000] {dag.py:3096} INFO - Sync 1 DAGs
[2026-07-05T09:26:19.734+0000] {logging_mixin.py:188} INFO - [2026-07-05T09:26:19.734+0000] {dag.py:3954} INFO - Setting next_dagrun for dag_shipment_sim to 2026-07-05 09:00:00+00:00, run_after=2026-07-05 10:00:00+00:00
[2026-07-05T09:26:19.742+0000] {processor.py:183} INFO - Processing /opt/airflow/dags/dag_shipment_sim.py took 0.041 seconds
[2026-07-05T09:46:33.718+0000] {processor.py:161} INFO - Started process (PID=48553) to work on /opt/airflow/dags/dag_shipment_sim.py
[2026-07-05T09:46:33.718+0000] {processor.py:830} INFO - Processing file /opt/airflow/dags/dag_shipment_sim.py for tasks to queue
[2026-07-05T09:46:33.719+0000] {logging_mixin.py:188} INFO - [2026-07-05T09:46:33.719+0000] {dagbag.py:545} INFO - Filling up the DagBag from /opt/airflow/dags/dag_shipment_sim.py
[2026-07-05T09:46:33.733+0000] {processor.py:840} INFO - DAG(s) 'dag_shipment_sim' retrieved from /opt/airflow/dags/dag_shipment_sim.py
[2026-07-05T09:46:33.754+0000] {logging_mixin.py:188} INFO - [2026-07-05T09:46:33.754+0000] {dag.py:3096} INFO - Sync 1 DAGs
[2026-07-05T09:46:33.777+0000] {logging_mixin.py:188} INFO - [2026-07-05T09:46:33.777+0000] {dag.py:3954} INFO - Setting next_dagrun for dag_shipment_sim to 2026-07-05 09:00:00+00:00, run_after=2026-07-05 10:00:00+00:00
[2026-07-05T09:46:33.793+0000] {processor.py:183} INFO - Processing /opt/airflow/dags/dag_shipment_sim.py took 0.080 seconds
[2026-07-05T09:51:16.326+0000] {processor.py:161} INFO - Started process (PID=48619) to work on /opt/airflow/dags/dag_shipment_sim.py
[2026-07-05T09:51:16.327+0000] {processor.py:830} INFO - Processing file /opt/airflow/dags/dag_shipment_sim.py for tasks to queue
[2026-07-05T09:51:16.328+0000] {logging_mixin.py:188} INFO - [2026-07-05T09:51:16.328+0000] {dagbag.py:545} INFO - Filling up the DagBag from /opt/airflow/dags/dag_shipment_sim.py
[2026-07-05T09:51:16.340+0000] {processor.py:840} INFO - DAG(s) 'dag_shipment_sim' retrieved from /opt/airflow/dags/dag_shipment_sim.py
[2026-07-05T09:51:16.363+0000] {logging_mixin.py:188} INFO - [2026-07-05T09:51:16.363+0000] {dag.py:3096} INFO - Sync 1 DAGs
[2026-07-05T09:51:16.380+0000] {logging_mixin.py:188} INFO - [2026-07-05T09:51:16.380+0000] {dag.py:3954} INFO - Setting next_dagrun for dag_shipment_sim to 2026-07-05 09:00:00+00:00, run_after=2026-07-05 10:00:00+00:00
[2026-07-05T09:51:16.393+0000] {processor.py:183} INFO - Processing /opt/airflow/dags/dag_shipment_sim.py took 0.071 seconds
[2026-07-05T09:55:15.294+0000] {processor.py:161} INFO - Started process (PID=48657) to work on /opt/airflow/dags/dag_shipment_sim.py
[2026-07-05T09:55:15.295+0000] {processor.py:830} INFO - Processing file /opt/airflow/dags/dag_shipment_sim.py for tasks to queue
[2026-07-05T09:55:15.295+0000] {logging_mixin.py:188} INFO - [2026-07-05T09:55:15.295+0000] {dagbag.py:545} INFO - Filling up the DagBag from /opt/airflow/dags/dag_shipment_sim.py
[2026-07-05T09:55:15.317+0000] {processor.py:840} INFO - DAG(s) 'dag_shipment_sim' retrieved from /opt/airflow/dags/dag_shipment_sim.py
[2026-07-05T09:55:15.560+0000] {logging_mixin.py:188} INFO - [2026-07-05T09:55:15.560+0000] {dag.py:3096} INFO - Sync 1 DAGs
[2026-07-05T09:55:15.652+0000] {logging_mixin.py:188} INFO - [2026-07-05T09:55:15.652+0000] {dag.py:3954} INFO - Setting next_dagrun for dag_shipment_sim to 2026-07-05 09:00:00+00:00, run_after=2026-07-05 10:00:00+00:00
[2026-07-05T09:55:15.708+0000] {processor.py:183} INFO - Processing /opt/airflow/dags/dag_shipment_sim.py took 0.420 seconds
[2026-07-05T10:02:40.167+0000] {processor.py:161} INFO - Started process (PID=48697) to work on /opt/airflow/dags/dag_shipment_sim.py
[2026-07-05T10:02:40.169+0000] {processor.py:830} INFO - Processing file /opt/airflow/dags/dag_shipment_sim.py for tasks to queue
[2026-07-05T10:02:40.170+0000] {logging_mixin.py:188} INFO - [2026-07-05T10:02:40.170+0000] {dagbag.py:545} INFO - Filling up the DagBag from /opt/airflow/dags/dag_shipment_sim.py
[2026-07-05T10:02:40.204+0000] {processor.py:840} INFO - DAG(s) 'dag_shipment_sim' retrieved from /opt/airflow/dags/dag_shipment_sim.py
[2026-07-05T10:02:40.257+0000] {logging_mixin.py:188} INFO - [2026-07-05T10:02:40.256+0000] {dag.py:3096} INFO - Sync 1 DAGs
[2026-07-05T10:02:40.290+0000] {logging_mixin.py:188} INFO - [2026-07-05T10:02:40.290+0000] {dag.py:3954} INFO - Setting next_dagrun for dag_shipment_sim to 2026-07-05 10:00:00+00:00, run_after=2026-07-05 11:00:00+00:00
[2026-07-05T10:02:40.321+0000] {processor.py:183} INFO - Processing /opt/airflow/dags/dag_shipment_sim.py took 0.165 seconds
[2026-07-05T10:14:00.602+0000] {processor.py:161} INFO - Started process (PID=49343) to work on /opt/airflow/dags/dag_shipment_sim.py
[2026-07-05T10:14:00.603+0000] {processor.py:830} INFO - Processing file /opt/airflow/dags/dag_shipment_sim.py for tasks to queue
[2026-07-05T10:14:00.604+0000] {logging_mixin.py:188} INFO - [2026-07-05T10:14:00.603+0000] {dagbag.py:545} INFO - Filling up the DagBag from /opt/airflow/dags/dag_shipment_sim.py
[2026-07-05T10:14:00.618+0000] {processor.py:840} INFO - DAG(s) 'dag_shipment_sim' retrieved from /opt/airflow/dags/dag_shipment_sim.py
[2026-07-05T10:14:00.634+0000] {logging_mixin.py:188} INFO - [2026-07-05T10:14:00.634+0000] {dag.py:3096} INFO - Sync 1 DAGs
[2026-07-05T10:14:00.644+0000] {logging_mixin.py:188} INFO - [2026-07-05T10:14:00.644+0000] {dag.py:3954} INFO - Setting next_dagrun for dag_shipment_sim to 2026-07-05 10:00:00+00:00, run_after=2026-07-05 11:00:00+00:00
[2026-07-05T10:14:00.653+0000] {processor.py:183} INFO - Processing /opt/airflow/dags/dag_shipment_sim.py took 0.055 seconds
[2026-07-05T10:20:47.519+0000] {processor.py:161} INFO - Started process (PID=49408) to work on /opt/airflow/dags/dag_shipment_sim.py
[2026-07-05T10:20:47.519+0000] {processor.py:830} INFO - Processing file /opt/airflow/dags/dag_shipment_sim.py for tasks to queue
[2026-07-05T10:20:47.520+0000] {logging_mixin.py:188} INFO - [2026-07-05T10:20:47.520+0000] {dagbag.py:545} INFO - Filling up the DagBag from /opt/airflow/dags/dag_shipment_sim.py
[2026-07-05T10:20:47.533+0000] {processor.py:840} INFO - DAG(s) 'dag_shipment_sim' retrieved from /opt/airflow/dags/dag_shipment_sim.py
[2026-07-05T10:20:47.544+0000] {logging_mixin.py:188} INFO - [2026-07-05T10:20:47.544+0000] {dag.py:3096} INFO - Sync 1 DAGs
[2026-07-05T10:20:47.558+0000] {logging_mixin.py:188} INFO - [2026-07-05T10:20:47.558+0000] {dag.py:3954} INFO - Setting next_dagrun for dag_shipment_sim to 2026-07-05 10:00:00+00:00, run_after=2026-07-05 11:00:00+00:00
[2026-07-05T10:20:47.566+0000] {processor.py:183} INFO - Processing /opt/airflow/dags/dag_shipment_sim.py took 0.050 seconds
[2026-07-05T10:36:58.367+0000] {processor.py:161} INFO - Started process (PID=49447) to work on /opt/airflow/dags/dag_shipment_sim.py
[2026-07-05T10:36:58.369+0000] {processor.py:830} INFO - Processing file /opt/airflow/dags/dag_shipment_sim.py for tasks to queue
[2026-07-05T10:36:58.371+0000] {logging_mixin.py:188} INFO - [2026-07-05T10:36:58.370+0000] {dagbag.py:545} INFO - Filling up the DagBag from /opt/airflow/dags/dag_shipment_sim.py
[2026-07-05T10:36:58.387+0000] {processor.py:840} INFO - DAG(s) 'dag_shipment_sim' retrieved from /opt/airflow/dags/dag_shipment_sim.py
[2026-07-05T10:36:58.400+0000] {logging_mixin.py:188} INFO - [2026-07-05T10:36:58.400+0000] {dag.py:3096} INFO - Sync 1 DAGs
[2026-07-05T10:36:58.409+0000] {logging_mixin.py:188} INFO - [2026-07-05T10:36:58.409+0000] {dag.py:3954} INFO - Setting next_dagrun for dag_shipment_sim to 2026-07-05 10:00:00+00:00, run_after=2026-07-05 11:00:00+00:00
[2026-07-05T10:36:58.416+0000] {processor.py:183} INFO - Processing /opt/airflow/dags/dag_shipment_sim.py took 0.052 seconds
[2026-07-05T11:53:07.715+0000] {processor.py:161} INFO - Started process (PID=49488) to work on /opt/airflow/dags/dag_shipment_sim.py
[2026-07-05T11:53:07.716+0000] {processor.py:830} INFO - Processing file /opt/airflow/dags/dag_shipment_sim.py for tasks to queue
[2026-07-05T11:53:07.718+0000] {logging_mixin.py:188} INFO - [2026-07-05T11:53:07.717+0000] {dagbag.py:545} INFO - Filling up the DagBag from /opt/airflow/dags/dag_shipment_sim.py
[2026-07-05T11:53:07.745+0000] {processor.py:840} INFO - DAG(s) 'dag_shipment_sim' retrieved from /opt/airflow/dags/dag_shipment_sim.py
[2026-07-05T11:53:07.778+0000] {logging_mixin.py:188} INFO - [2026-07-05T11:53:07.778+0000] {dag.py:3096} INFO - Sync 1 DAGs
[2026-07-05T11:53:07.804+0000] {logging_mixin.py:188} INFO - [2026-07-05T11:53:07.803+0000] {dag.py:3954} INFO - Setting next_dagrun for dag_shipment_sim to 2026-07-05 11:00:00+00:00, run_after=2026-07-05 12:00:00+00:00
[2026-07-05T11:53:07.828+0000] {processor.py:183} INFO - Processing /opt/airflow/dags/dag_shipment_sim.py took 0.121 seconds
[2026-07-05T13:09:31.125+0000] {processor.py:161} INFO - Started process (PID=50107) to work on /opt/airflow/dags/dag_shipment_sim.py
[2026-07-05T13:09:31.126+0000] {processor.py:830} INFO - Processing file /opt/airflow/dags/dag_shipment_sim.py for tasks to queue
[2026-07-05T13:09:31.126+0000] {logging_mixin.py:188} INFO - [2026-07-05T13:09:31.126+0000] {dagbag.py:545} INFO - Filling up the DagBag from /opt/airflow/dags/dag_shipment_sim.py
[2026-07-05T13:09:31.141+0000] {processor.py:840} INFO - DAG(s) 'dag_shipment_sim' retrieved from /opt/airflow/dags/dag_shipment_sim.py
[2026-07-05T13:09:31.162+0000] {logging_mixin.py:188} INFO - [2026-07-05T13:09:31.162+0000] {dag.py:3096} INFO - Sync 1 DAGs
[2026-07-05T13:09:31.182+0000] {logging_mixin.py:188} INFO - [2026-07-05T13:09:31.182+0000] {dag.py:3954} INFO - Setting next_dagrun for dag_shipment_sim to 2026-07-05 13:00:00+00:00, run_after=2026-07-05 14:00:00+00:00
[2026-07-05T13:09:31.197+0000] {processor.py:183} INFO - Processing /opt/airflow/dags/dag_shipment_sim.py took 0.077 seconds
[2026-07-05T14:27:12.422+0000] {processor.py:161} INFO - Started process (PID=50708) to work on /opt/airflow/dags/dag_shipment_sim.py
[2026-07-05T14:27:12.423+0000] {processor.py:830} INFO - Processing file /opt/airflow/dags/dag_shipment_sim.py for tasks to queue
[2026-07-05T14:27:12.424+0000] {logging_mixin.py:188} INFO - [2026-07-05T14:27:12.423+0000] {dagbag.py:545} INFO - Filling up the DagBag from /opt/airflow/dags/dag_shipment_sim.py
[2026-07-05T14:27:12.437+0000] {processor.py:840} INFO - DAG(s) 'dag_shipment_sim' retrieved from /opt/airflow/dags/dag_shipment_sim.py
[2026-07-05T14:27:12.454+0000] {logging_mixin.py:188} INFO - [2026-07-05T14:27:12.454+0000] {dag.py:3096} INFO - Sync 1 DAGs
[2026-07-05T14:27:12.464+0000] {logging_mixin.py:188} INFO - [2026-07-05T14:27:12.464+0000] {dag.py:3954} INFO - Setting next_dagrun for dag_shipment_sim to 2026-07-05 14:00:00+00:00, run_after=2026-07-05 15:00:00+00:00
[2026-07-05T14:27:12.473+0000] {processor.py:183} INFO - Processing /opt/airflow/dags/dag_shipment_sim.py took 0.056 seconds
[2026-07-05T15:31:09.882+0000] {processor.py:161} INFO - Started process (PID=51307) to work on /opt/airflow/dags/dag_shipment_sim.py
[2026-07-05T15:31:09.883+0000] {processor.py:830} INFO - Processing file /opt/airflow/dags/dag_shipment_sim.py for tasks to queue
[2026-07-05T15:31:09.884+0000] {logging_mixin.py:188} INFO - [2026-07-05T15:31:09.884+0000] {dagbag.py:545} INFO - Filling up the DagBag from /opt/airflow/dags/dag_shipment_sim.py
[2026-07-05T15:31:09.900+0000] {processor.py:840} INFO - DAG(s) 'dag_shipment_sim' retrieved from /opt/airflow/dags/dag_shipment_sim.py
[2026-07-05T15:31:09.928+0000] {logging_mixin.py:188} INFO - [2026-07-05T15:31:09.928+0000] {dag.py:3096} INFO - Sync 1 DAGs
[2026-07-05T15:31:09.970+0000] {logging_mixin.py:188} INFO - [2026-07-05T15:31:09.970+0000] {dag.py:3954} INFO - Setting next_dagrun for dag_shipment_sim to 2026-07-05 15:00:00+00:00, run_after=2026-07-05 16:00:00+00:00
[2026-07-05T15:31:09.988+0000] {processor.py:183} INFO - Processing /opt/airflow/dags/dag_shipment_sim.py took 0.114 seconds
[2026-07-05T16:13:49.490+0000] {processor.py:161} INFO - Started process (PID=51916) to work on /opt/airflow/dags/dag_shipment_sim.py
[2026-07-05T16:13:49.491+0000] {processor.py:830} INFO - Processing file /opt/airflow/dags/dag_shipment_sim.py for tasks to queue
[2026-07-05T16:13:49.491+0000] {logging_mixin.py:188} INFO - [2026-07-05T16:13:49.491+0000] {dagbag.py:545} INFO - Filling up the DagBag from /opt/airflow/dags/dag_shipment_sim.py
[2026-07-05T16:13:49.502+0000] {processor.py:840} INFO - DAG(s) 'dag_shipment_sim' retrieved from /opt/airflow/dags/dag_shipment_sim.py
[2026-07-05T16:13:49.514+0000] {logging_mixin.py:188} INFO - [2026-07-05T16:13:49.514+0000] {dag.py:3096} INFO - Sync 1 DAGs
[2026-07-05T16:13:49.526+0000] {logging_mixin.py:188} INFO - [2026-07-05T16:13:49.525+0000] {dag.py:3954} INFO - Setting next_dagrun for dag_shipment_sim to 2026-07-05 16:00:00+00:00, run_after=2026-07-05 17:00:00+00:00
[2026-07-05T16:13:49.534+0000] {processor.py:183} INFO - Processing /opt/airflow/dags/dag_shipment_sim.py took 0.047 seconds
[2026-07-05T16:31:00.979+0000] {processor.py:161} INFO - Started process (PID=52524) to work on /opt/airflow/dags/dag_shipment_sim.py
[2026-07-05T16:31:00.980+0000] {processor.py:830} INFO - Processing file /opt/airflow/dags/dag_shipment_sim.py for tasks to queue
[2026-07-05T16:31:00.980+0000] {logging_mixin.py:188} INFO - [2026-07-05T16:31:00.980+0000] {dagbag.py:545} INFO - Filling up the DagBag from /opt/airflow/dags/dag_shipment_sim.py
[2026-07-05T16:31:00.991+0000] {processor.py:840} INFO - DAG(s) 'dag_shipment_sim' retrieved from /opt/airflow/dags/dag_shipment_sim.py
[2026-07-05T16:31:01.005+0000] {logging_mixin.py:188} INFO - [2026-07-05T16:31:01.005+0000] {dag.py:3096} INFO - Sync 1 DAGs
[2026-07-05T16:31:01.016+0000] {logging_mixin.py:188} INFO - [2026-07-05T16:31:01.016+0000] {dag.py:3954} INFO - Setting next_dagrun for dag_shipment_sim to 2026-07-05 16:00:00+00:00, run_after=2026-07-05 17:00:00+00:00
[2026-07-05T16:31:01.033+0000] {processor.py:183} INFO - Processing /opt/airflow/dags/dag_shipment_sim.py took 0.058 seconds
[2026-07-05T16:58:05.717+0000] {processor.py:161} INFO - Started process (PID=52563) to work on /opt/airflow/dags/dag_shipment_sim.py
[2026-07-05T16:58:05.718+0000] {processor.py:830} INFO - Processing file /opt/airflow/dags/dag_shipment_sim.py for tasks to queue
[2026-07-05T16:58:05.718+0000] {logging_mixin.py:188} INFO - [2026-07-05T16:58:05.718+0000] {dagbag.py:545} INFO - Filling up the DagBag from /opt/airflow/dags/dag_shipment_sim.py
[2026-07-05T16:58:05.725+0000] {processor.py:840} INFO - DAG(s) 'dag_shipment_sim' retrieved from /opt/airflow/dags/dag_shipment_sim.py
[2026-07-05T16:58:05.735+0000] {logging_mixin.py:188} INFO - [2026-07-05T16:58:05.735+0000] {dag.py:3096} INFO - Sync 1 DAGs
[2026-07-05T16:58:05.743+0000] {logging_mixin.py:188} INFO - [2026-07-05T16:58:05.743+0000] {dag.py:3954} INFO - Setting next_dagrun for dag_shipment_sim to 2026-07-05 16:00:00+00:00, run_after=2026-07-05 17:00:00+00:00
[2026-07-05T16:58:05.750+0000] {processor.py:183} INFO - Processing /opt/airflow/dags/dag_shipment_sim.py took 0.036 seconds
[2026-07-05T17:59:11.174+0000] {processor.py:161} INFO - Started process (PID=52607) to work on /opt/airflow/dags/dag_shipment_sim.py
[2026-07-05T17:59:11.175+0000] {processor.py:830} INFO - Processing file /opt/airflow/dags/dag_shipment_sim.py for tasks to queue
[2026-07-05T17:59:11.176+0000] {logging_mixin.py:188} INFO - [2026-07-05T17:59:11.176+0000] {dagbag.py:545} INFO - Filling up the DagBag from /opt/airflow/dags/dag_shipment_sim.py
[2026-07-05T17:59:11.202+0000] {processor.py:840} INFO - DAG(s) 'dag_shipment_sim' retrieved from /opt/airflow/dags/dag_shipment_sim.py
[2026-07-05T17:59:11.231+0000] {logging_mixin.py:188} INFO - [2026-07-05T17:59:11.231+0000] {dag.py:3096} INFO - Sync 1 DAGs
[2026-07-05T17:59:11.251+0000] {logging_mixin.py:188} INFO - [2026-07-05T17:59:11.251+0000] {dag.py:3954} INFO - Setting next_dagrun for dag_shipment_sim to 2026-07-05 17:00:00+00:00, run_after=2026-07-05 18:00:00+00:00
[2026-07-05T17:59:11.270+0000] {processor.py:183} INFO - Processing /opt/airflow/dags/dag_shipment_sim.py took 0.102 seconds
[2026-07-05T19:15:18.374+0000] {processor.py:161} INFO - Started process (PID=53206) to work on /opt/airflow/dags/dag_shipment_sim.py
[2026-07-05T19:15:18.375+0000] {processor.py:830} INFO - Processing file /opt/airflow/dags/dag_shipment_sim.py for tasks to queue
[2026-07-05T19:15:18.376+0000] {logging_mixin.py:188} INFO - [2026-07-05T19:15:18.376+0000] {dagbag.py:545} INFO - Filling up the DagBag from /opt/airflow/dags/dag_shipment_sim.py
[2026-07-05T19:15:18.394+0000] {processor.py:840} INFO - DAG(s) 'dag_shipment_sim' retrieved from /opt/airflow/dags/dag_shipment_sim.py
[2026-07-05T19:15:18.415+0000] {logging_mixin.py:188} INFO - [2026-07-05T19:15:18.415+0000] {dag.py:3096} INFO - Sync 1 DAGs
[2026-07-05T19:15:18.434+0000] {logging_mixin.py:188} INFO - [2026-07-05T19:15:18.434+0000] {dag.py:3954} INFO - Setting next_dagrun for dag_shipment_sim to 2026-07-05 19:00:00+00:00, run_after=2026-07-05 20:00:00+00:00
[2026-07-05T19:15:18.448+0000] {processor.py:183} INFO - Processing /opt/airflow/dags/dag_shipment_sim.py took 0.078 seconds
[2026-07-05T20:51:35.594+0000] {processor.py:161} INFO - Started process (PID=53806) to work on /opt/airflow/dags/dag_shipment_sim.py
[2026-07-05T20:51:35.595+0000] {processor.py:830} INFO - Processing file /opt/airflow/dags/dag_shipment_sim.py for tasks to queue
[2026-07-05T20:51:35.596+0000] {logging_mixin.py:188} INFO - [2026-07-05T20:51:35.595+0000] {dagbag.py:545} INFO - Filling up the DagBag from /opt/airflow/dags/dag_shipment_sim.py
[2026-07-05T20:51:35.606+0000] {processor.py:840} INFO - DAG(s) 'dag_shipment_sim' retrieved from /opt/airflow/dags/dag_shipment_sim.py
[2026-07-05T20:51:35.617+0000] {logging_mixin.py:188} INFO - [2026-07-05T20:51:35.617+0000] {dag.py:3096} INFO - Sync 1 DAGs
[2026-07-05T20:51:35.626+0000] {logging_mixin.py:188} INFO - [2026-07-05T20:51:35.626+0000] {dag.py:3954} INFO - Setting next_dagrun for dag_shipment_sim to 2026-07-05 19:00:00+00:00, run_after=2026-07-05 20:00:00+00:00
[2026-07-05T20:51:35.634+0000] {processor.py:183} INFO - Processing /opt/airflow/dags/dag_shipment_sim.py took 0.044 seconds
[2026-07-05T21:57:55.205+0000] {processor.py:161} INFO - Started process (PID=54443) to work on /opt/airflow/dags/dag_shipment_sim.py
[2026-07-05T21:57:55.206+0000] {processor.py:830} INFO - Processing file /opt/airflow/dags/dag_shipment_sim.py for tasks to queue
[2026-07-05T21:57:55.207+0000] {logging_mixin.py:188} INFO - [2026-07-05T21:57:55.206+0000] {dagbag.py:545} INFO - Filling up the DagBag from /opt/airflow/dags/dag_shipment_sim.py
[2026-07-05T21:57:55.221+0000] {processor.py:840} INFO - DAG(s) 'dag_shipment_sim' retrieved from /opt/airflow/dags/dag_shipment_sim.py
[2026-07-05T21:57:55.240+0000] {logging_mixin.py:188} INFO - [2026-07-05T21:57:55.240+0000] {dag.py:3096} INFO - Sync 1 DAGs
[2026-07-05T21:57:55.254+0000] {logging_mixin.py:188} INFO - [2026-07-05T21:57:55.254+0000] {dag.py:3954} INFO - Setting next_dagrun for dag_shipment_sim to 2026-07-05 21:00:00+00:00, run_after=2026-07-05 22:00:00+00:00
[2026-07-05T21:57:55.268+0000] {processor.py:183} INFO - Processing /opt/airflow/dags/dag_shipment_sim.py took 0.067 seconds
[2026-07-05T23:10:01.978+0000] {processor.py:161} INFO - Started process (PID=55056) to work on /opt/airflow/dags/dag_shipment_sim.py
[2026-07-05T23:10:01.979+0000] {processor.py:830} INFO - Processing file /opt/airflow/dags/dag_shipment_sim.py for tasks to queue
[2026-07-05T23:10:01.980+0000] {logging_mixin.py:188} INFO - [2026-07-05T23:10:01.979+0000] {dagbag.py:545} INFO - Filling up the DagBag from /opt/airflow/dags/dag_shipment_sim.py
[2026-07-05T23:10:01.996+0000] {processor.py:840} INFO - DAG(s) 'dag_shipment_sim' retrieved from /opt/airflow/dags/dag_shipment_sim.py
[2026-07-05T23:10:02.015+0000] {logging_mixin.py:188} INFO - [2026-07-05T23:10:02.015+0000] {dag.py:3096} INFO - Sync 1 DAGs
[2026-07-05T23:10:02.040+0000] {logging_mixin.py:188} INFO - [2026-07-05T23:10:02.040+0000] {dag.py:3954} INFO - Setting next_dagrun for dag_shipment_sim to 2026-07-05 23:00:00+00:00, run_after=2026-07-06 00:00:00+00:00
[2026-07-05T23:10:02.062+0000] {processor.py:183} INFO - Processing /opt/airflow/dags/dag_shipment_sim.py took 0.089 seconds
