[2026-07-05T00:47:38.131+0000] {processor.py:161} INFO - Started process (PID=42696) to work on /opt/airflow/dags/dag_silver_weather.py
[2026-07-05T00:47:38.132+0000] {processor.py:830} INFO - Processing file /opt/airflow/dags/dag_silver_weather.py for tasks to queue
[2026-07-05T00:47:38.132+0000] {logging_mixin.py:188} INFO - [2026-07-05T00:47:38.132+0000] {dagbag.py:545} INFO - Filling up the DagBag from /opt/airflow/dags/dag_silver_weather.py
[2026-07-05T00:47:38.144+0000] {processor.py:840} INFO - DAG(s) 'silver_weather_dag' retrieved from /opt/airflow/dags/dag_silver_weather.py
[2026-07-05T00:47:38.166+0000] {logging_mixin.py:188} INFO - [2026-07-05T00:47:38.166+0000] {dag.py:3096} INFO - Sync 1 DAGs
[2026-07-05T00:47:38.185+0000] {logging_mixin.py:188} INFO - [2026-07-05T00:47:38.185+0000] {dag.py:3954} INFO - Setting next_dagrun for silver_weather_dag to None, run_after=None
[2026-07-05T00:47:38.200+0000] {processor.py:183} INFO - Processing /opt/airflow/dags/dag_silver_weather.py took 0.075 seconds
[2026-07-05T01:44:46.129+0000] {processor.py:161} INFO - Started process (PID=43295) to work on /opt/airflow/dags/dag_silver_weather.py
[2026-07-05T01:44:46.130+0000] {processor.py:830} INFO - Processing file /opt/airflow/dags/dag_silver_weather.py for tasks to queue
[2026-07-05T01:44:46.130+0000] {logging_mixin.py:188} INFO - [2026-07-05T01:44:46.130+0000] {dagbag.py:545} INFO - Filling up the DagBag from /opt/airflow/dags/dag_silver_weather.py
[2026-07-05T01:44:46.139+0000] {processor.py:840} INFO - DAG(s) 'silver_weather_dag' retrieved from /opt/airflow/dags/dag_silver_weather.py
[2026-07-05T01:44:46.155+0000] {logging_mixin.py:188} INFO - [2026-07-05T01:44:46.155+0000] {dag.py:3096} INFO - Sync 1 DAGs
[2026-07-05T01:44:46.169+0000] {logging_mixin.py:188} INFO - [2026-07-05T01:44:46.169+0000] {dag.py:3954} INFO - Setting next_dagrun for silver_weather_dag to None, run_after=None
[2026-07-05T01:44:46.182+0000] {processor.py:183} INFO - Processing /opt/airflow/dags/dag_silver_weather.py took 0.057 seconds
[2026-07-05T02:35:37.488+0000] {processor.py:161} INFO - Started process (PID=43908) to work on /opt/airflow/dags/dag_silver_weather.py
[2026-07-05T02:35:37.489+0000] {processor.py:830} INFO - Processing file /opt/airflow/dags/dag_silver_weather.py for tasks to queue
[2026-07-05T02:35:37.489+0000] {logging_mixin.py:188} INFO - [2026-07-05T02:35:37.489+0000] {dagbag.py:545} INFO - Filling up the DagBag from /opt/airflow/dags/dag_silver_weather.py
[2026-07-05T02:35:37.495+0000] {processor.py:840} INFO - DAG(s) 'silver_weather_dag' retrieved from /opt/airflow/dags/dag_silver_weather.py
[2026-07-05T02:35:37.508+0000] {logging_mixin.py:188} INFO - [2026-07-05T02:35:37.508+0000] {dag.py:3096} INFO - Sync 1 DAGs
[2026-07-05T02:35:37.518+0000] {logging_mixin.py:188} INFO - [2026-07-05T02:35:37.517+0000] {dag.py:3954} INFO - Setting next_dagrun for silver_weather_dag to None, run_after=None
[2026-07-05T02:35:37.529+0000] {processor.py:183} INFO - Processing /opt/airflow/dags/dag_silver_weather.py took 0.044 seconds
[2026-07-05T04:01:49.660+0000] {processor.py:161} INFO - Started process (PID=44560) to work on /opt/airflow/dags/dag_silver_weather.py
[2026-07-05T04:01:49.661+0000] {processor.py:830} INFO - Processing file /opt/airflow/dags/dag_silver_weather.py for tasks to queue
[2026-07-05T04:01:49.662+0000] {logging_mixin.py:188} INFO - [2026-07-05T04:01:49.662+0000] {dagbag.py:545} INFO - Filling up the DagBag from /opt/airflow/dags/dag_silver_weather.py
[2026-07-05T04:01:49.670+0000] {processor.py:840} INFO - DAG(s) 'silver_weather_dag' retrieved from /opt/airflow/dags/dag_silver_weather.py
[2026-07-05T04:01:49.693+0000] {logging_mixin.py:188} INFO - [2026-07-05T04:01:49.693+0000] {dag.py:3096} INFO - Sync 1 DAGs
[2026-07-05T04:01:49.709+0000] {logging_mixin.py:188} INFO - [2026-07-05T04:01:49.709+0000] {dag.py:3954} INFO - Setting next_dagrun for silver_weather_dag to None, run_after=None
[2026-07-05T04:01:49.724+0000] {processor.py:183} INFO - Processing /opt/airflow/dags/dag_silver_weather.py took 0.069 seconds
[2026-07-05T04:36:26.518+0000] {processor.py:161} INFO - Started process (PID=45169) to work on /opt/airflow/dags/dag_silver_weather.py
[2026-07-05T04:36:26.519+0000] {processor.py:830} INFO - Processing file /opt/airflow/dags/dag_silver_weather.py for tasks to queue
[2026-07-05T04:36:26.519+0000] {logging_mixin.py:188} INFO - [2026-07-05T04:36:26.519+0000] {dagbag.py:545} INFO - Filling up the DagBag from /opt/airflow/dags/dag_silver_weather.py
[2026-07-05T04:36:26.526+0000] {processor.py:840} INFO - DAG(s) 'silver_weather_dag' retrieved from /opt/airflow/dags/dag_silver_weather.py
[2026-07-05T04:36:26.539+0000] {logging_mixin.py:188} INFO - [2026-07-05T04:36:26.539+0000] {dag.py:3096} INFO - Sync 1 DAGs
[2026-07-05T04:36:26.550+0000] {logging_mixin.py:188} INFO - [2026-07-05T04:36:26.550+0000] {dag.py:3954} INFO - Setting next_dagrun for silver_weather_dag to None, run_after=None
[2026-07-05T04:36:26.560+0000] {processor.py:183} INFO - Processing /opt/airflow/dags/dag_silver_weather.py took 0.045 seconds
[2026-07-05T04:46:46.085+0000] {processor.py:161} INFO - Started process (PID=45218) to work on /opt/airflow/dags/dag_silver_weather.py
[2026-07-05T04:46:46.086+0000] {processor.py:830} INFO - Processing file /opt/airflow/dags/dag_silver_weather.py for tasks to queue
[2026-07-05T04:46:46.086+0000] {logging_mixin.py:188} INFO - [2026-07-05T04:46:46.086+0000] {dagbag.py:545} INFO - Filling up the DagBag from /opt/airflow/dags/dag_silver_weather.py
[2026-07-05T04:46:46.094+0000] {processor.py:840} INFO - DAG(s) 'silver_weather_dag' retrieved from /opt/airflow/dags/dag_silver_weather.py
[2026-07-05T04:46:46.111+0000] {logging_mixin.py:188} INFO - [2026-07-05T04:46:46.111+0000] {dag.py:3096} INFO - Sync 1 DAGs
[2026-07-05T04:46:46.122+0000] {logging_mixin.py:188} INFO - [2026-07-05T04:46:46.122+0000] {dag.py:3954} INFO - Setting next_dagrun for silver_weather_dag to None, run_after=None
[2026-07-05T04:46:46.133+0000] {processor.py:183} INFO - Processing /opt/airflow/dags/dag_silver_weather.py took 0.058 seconds
[2026-07-05T05:17:43.489+0000] {processor.py:161} INFO - Started process (PID=45288) to work on /opt/airflow/dags/dag_silver_weather.py
[2026-07-05T05:17:43.490+0000] {processor.py:830} INFO - Processing file /opt/airflow/dags/dag_silver_weather.py for tasks to queue
[2026-07-05T05:17:43.490+0000] {logging_mixin.py:188} INFO - [2026-07-05T05:17:43.490+0000] {dagbag.py:545} INFO - Filling up the DagBag from /opt/airflow/dags/dag_silver_weather.py
[2026-07-05T05:17:43.498+0000] {processor.py:840} INFO - DAG(s) 'silver_weather_dag' retrieved from /opt/airflow/dags/dag_silver_weather.py
[2026-07-05T05:17:43.514+0000] {logging_mixin.py:188} INFO - [2026-07-05T05:17:43.514+0000] {dag.py:3096} INFO - Sync 1 DAGs
[2026-07-05T05:17:43.528+0000] {logging_mixin.py:188} INFO - [2026-07-05T05:17:43.527+0000] {dag.py:3954} INFO - Setting next_dagrun for silver_weather_dag to None, run_after=None
[2026-07-05T05:17:43.540+0000] {processor.py:183} INFO - Processing /opt/airflow/dags/dag_silver_weather.py took 0.057 seconds
[2026-07-05T05:36:30.590+0000] {processor.py:161} INFO - Started process (PID=45907) to work on /opt/airflow/dags/dag_silver_weather.py
[2026-07-05T05:36:30.590+0000] {processor.py:830} INFO - Processing file /opt/airflow/dags/dag_silver_weather.py for tasks to queue
[2026-07-05T05:36:30.591+0000] {logging_mixin.py:188} INFO - [2026-07-05T05:36:30.591+0000] {dagbag.py:545} INFO - Filling up the DagBag from /opt/airflow/dags/dag_silver_weather.py
[2026-07-05T05:36:30.597+0000] {processor.py:840} INFO - DAG(s) 'silver_weather_dag' retrieved from /opt/airflow/dags/dag_silver_weather.py
[2026-07-05T05:36:30.610+0000] {logging_mixin.py:188} INFO - [2026-07-05T05:36:30.610+0000] {dag.py:3096} INFO - Sync 1 DAGs
[2026-07-05T05:36:30.619+0000] {logging_mixin.py:188} INFO - [2026-07-05T05:36:30.619+0000] {dag.py:3954} INFO - Setting next_dagrun for silver_weather_dag to None, run_after=None
[2026-07-05T05:36:30.629+0000] {processor.py:183} INFO - Processing /opt/airflow/dags/dag_silver_weather.py took 0.043 seconds
[2026-07-05T06:48:50.665+0000] {processor.py:161} INFO - Started process (PID=45944) to work on /opt/airflow/dags/dag_silver_weather.py
[2026-07-05T06:48:50.666+0000] {processor.py:830} INFO - Processing file /opt/airflow/dags/dag_silver_weather.py for tasks to queue
[2026-07-05T06:48:50.666+0000] {logging_mixin.py:188} INFO - [2026-07-05T06:48:50.666+0000] {dagbag.py:545} INFO - Filling up the DagBag from /opt/airflow/dags/dag_silver_weather.py
[2026-07-05T06:48:50.672+0000] {processor.py:840} INFO - DAG(s) 'silver_weather_dag' retrieved from /opt/airflow/dags/dag_silver_weather.py
[2026-07-05T06:48:50.685+0000] {logging_mixin.py:188} INFO - [2026-07-05T06:48:50.685+0000] {dag.py:3096} INFO - Sync 1 DAGs
[2026-07-05T06:48:50.697+0000] {logging_mixin.py:188} INFO - [2026-07-05T06:48:50.696+0000] {dag.py:3954} INFO - Setting next_dagrun for silver_weather_dag to None, run_after=None
[2026-07-05T06:48:50.708+0000] {processor.py:183} INFO - Processing /opt/airflow/dags/dag_silver_weather.py took 0.046 seconds
[2026-07-05T07:27:38.061+0000] {processor.py:161} INFO - Started process (PID=46618) to work on /opt/airflow/dags/dag_silver_weather.py
[2026-07-05T07:27:38.062+0000] {processor.py:830} INFO - Processing file /opt/airflow/dags/dag_silver_weather.py for tasks to queue
[2026-07-05T07:27:38.063+0000] {logging_mixin.py:188} INFO - [2026-07-05T07:27:38.063+0000] {dagbag.py:545} INFO - Filling up the DagBag from /opt/airflow/dags/dag_silver_weather.py
[2026-07-05T07:27:38.072+0000] {processor.py:840} INFO - DAG(s) 'silver_weather_dag' retrieved from /opt/airflow/dags/dag_silver_weather.py
[2026-07-05T07:27:38.091+0000] {logging_mixin.py:188} INFO - [2026-07-05T07:27:38.091+0000] {dag.py:3096} INFO - Sync 1 DAGs
[2026-07-05T07:27:38.108+0000] {logging_mixin.py:188} INFO - [2026-07-05T07:27:38.108+0000] {dag.py:3954} INFO - Setting next_dagrun for silver_weather_dag to None, run_after=None
[2026-07-05T07:27:38.124+0000] {processor.py:183} INFO - Processing /opt/airflow/dags/dag_silver_weather.py took 0.066 seconds
[2026-07-05T08:04:48.902+0000] {processor.py:161} INFO - Started process (PID=47212) to work on /opt/airflow/dags/dag_silver_weather.py
[2026-07-05T08:04:48.903+0000] {processor.py:830} INFO - Processing file /opt/airflow/dags/dag_silver_weather.py for tasks to queue
[2026-07-05T08:04:48.904+0000] {logging_mixin.py:188} INFO - [2026-07-05T08:04:48.903+0000] {dagbag.py:545} INFO - Filling up the DagBag from /opt/airflow/dags/dag_silver_weather.py
[2026-07-05T08:04:48.918+0000] {processor.py:840} INFO - DAG(s) 'silver_weather_dag' retrieved from /opt/airflow/dags/dag_silver_weather.py
[2026-07-05T08:04:48.945+0000] {logging_mixin.py:188} INFO - [2026-07-05T08:04:48.945+0000] {dag.py:3096} INFO - Sync 1 DAGs
[2026-07-05T08:04:48.963+0000] {logging_mixin.py:188} INFO - [2026-07-05T08:04:48.963+0000] {dag.py:3954} INFO - Setting next_dagrun for silver_weather_dag to None, run_after=None
[2026-07-05T08:04:48.982+0000] {processor.py:183} INFO - Processing /opt/airflow/dags/dag_silver_weather.py took 0.086 seconds
[2026-07-05T09:02:33.218+0000] {processor.py:161} INFO - Started process (PID=47864) to work on /opt/airflow/dags/dag_silver_weather.py
[2026-07-05T09:02:33.220+0000] {processor.py:830} INFO - Processing file /opt/airflow/dags/dag_silver_weather.py for tasks to queue
[2026-07-05T09:02:33.222+0000] {logging_mixin.py:188} INFO - [2026-07-05T09:02:33.221+0000] {dagbag.py:545} INFO - Filling up the DagBag from /opt/airflow/dags/dag_silver_weather.py
[2026-07-05T09:02:33.236+0000] {processor.py:840} INFO - DAG(s) 'silver_weather_dag' retrieved from /opt/airflow/dags/dag_silver_weather.py
[2026-07-05T09:02:33.257+0000] {logging_mixin.py:188} INFO - [2026-07-05T09:02:33.256+0000] {dag.py:3096} INFO - Sync 1 DAGs
[2026-07-05T09:02:33.274+0000] {logging_mixin.py:188} INFO - [2026-07-05T09:02:33.274+0000] {dag.py:3954} INFO - Setting next_dagrun for silver_weather_dag to None, run_after=None
[2026-07-05T09:02:33.286+0000] {processor.py:183} INFO - Processing /opt/airflow/dags/dag_silver_weather.py took 0.075 seconds
[2026-07-05T09:26:19.097+0000] {processor.py:161} INFO - Started process (PID=48495) to work on /opt/airflow/dags/dag_silver_weather.py
[2026-07-05T09:26:19.098+0000] {processor.py:830} INFO - Processing file /opt/airflow/dags/dag_silver_weather.py for tasks to queue
[2026-07-05T09:26:19.098+0000] {logging_mixin.py:188} INFO - [2026-07-05T09:26:19.098+0000] {dagbag.py:545} INFO - Filling up the DagBag from /opt/airflow/dags/dag_silver_weather.py
[2026-07-05T09:26:19.104+0000] {processor.py:840} INFO - DAG(s) 'silver_weather_dag' retrieved from /opt/airflow/dags/dag_silver_weather.py
[2026-07-05T09:26:19.116+0000] {logging_mixin.py:188} INFO - [2026-07-05T09:26:19.115+0000] {dag.py:3096} INFO - Sync 1 DAGs
[2026-07-05T09:26:19.124+0000] {logging_mixin.py:188} INFO - [2026-07-05T09:26:19.124+0000] {dag.py:3954} INFO - Setting next_dagrun for silver_weather_dag to None, run_after=None
[2026-07-05T09:26:19.133+0000] {processor.py:183} INFO - Processing /opt/airflow/dags/dag_silver_weather.py took 0.038 seconds
[2026-07-05T09:46:33.136+0000] {processor.py:161} INFO - Started process (PID=48535) to work on /opt/airflow/dags/dag_silver_weather.py
[2026-07-05T09:46:33.137+0000] {processor.py:830} INFO - Processing file /opt/airflow/dags/dag_silver_weather.py for tasks to queue
[2026-07-05T09:46:33.137+0000] {logging_mixin.py:188} INFO - [2026-07-05T09:46:33.137+0000] {dagbag.py:545} INFO - Filling up the DagBag from /opt/airflow/dags/dag_silver_weather.py
[2026-07-05T09:46:33.147+0000] {processor.py:840} INFO - DAG(s) 'silver_weather_dag' retrieved from /opt/airflow/dags/dag_silver_weather.py
[2026-07-05T09:46:33.166+0000] {logging_mixin.py:188} INFO - [2026-07-05T09:46:33.166+0000] {dag.py:3096} INFO - Sync 1 DAGs
[2026-07-05T09:46:33.186+0000] {logging_mixin.py:188} INFO - [2026-07-05T09:46:33.186+0000] {dag.py:3954} INFO - Setting next_dagrun for silver_weather_dag to None, run_after=None
[2026-07-05T09:46:33.200+0000] {processor.py:183} INFO - Processing /opt/airflow/dags/dag_silver_weather.py took 0.068 seconds
[2026-07-05T09:51:15.803+0000] {processor.py:161} INFO - Started process (PID=48601) to work on /opt/airflow/dags/dag_silver_weather.py
[2026-07-05T09:51:15.804+0000] {processor.py:830} INFO - Processing file /opt/airflow/dags/dag_silver_weather.py for tasks to queue
[2026-07-05T09:51:15.804+0000] {logging_mixin.py:188} INFO - [2026-07-05T09:51:15.804+0000] {dagbag.py:545} INFO - Filling up the DagBag from /opt/airflow/dags/dag_silver_weather.py
[2026-07-05T09:51:15.812+0000] {processor.py:840} INFO - DAG(s) 'silver_weather_dag' retrieved from /opt/airflow/dags/dag_silver_weather.py
[2026-07-05T09:51:15.826+0000] {logging_mixin.py:188} INFO - [2026-07-05T09:51:15.826+0000] {dag.py:3096} INFO - Sync 1 DAGs
[2026-07-05T09:51:15.838+0000] {logging_mixin.py:188} INFO - [2026-07-05T09:51:15.838+0000] {dag.py:3954} INFO - Setting next_dagrun for silver_weather_dag to None, run_after=None
[2026-07-05T09:51:15.849+0000] {processor.py:183} INFO - Processing /opt/airflow/dags/dag_silver_weather.py took 0.048 seconds
[2026-07-05T09:55:14.484+0000] {processor.py:161} INFO - Started process (PID=48639) to work on /opt/airflow/dags/dag_silver_weather.py
[2026-07-05T09:55:14.486+0000] {processor.py:830} INFO - Processing file /opt/airflow/dags/dag_silver_weather.py for tasks to queue
[2026-07-05T09:55:14.486+0000] {logging_mixin.py:188} INFO - [2026-07-05T09:55:14.486+0000] {dagbag.py:545} INFO - Filling up the DagBag from /opt/airflow/dags/dag_silver_weather.py
[2026-07-05T09:55:14.498+0000] {processor.py:840} INFO - DAG(s) 'silver_weather_dag' retrieved from /opt/airflow/dags/dag_silver_weather.py
[2026-07-05T09:55:14.517+0000] {logging_mixin.py:188} INFO - [2026-07-05T09:55:14.517+0000] {dag.py:3096} INFO - Sync 1 DAGs
[2026-07-05T09:55:14.531+0000] {logging_mixin.py:188} INFO - [2026-07-05T09:55:14.531+0000] {dag.py:3954} INFO - Setting next_dagrun for silver_weather_dag to None, run_after=None
[2026-07-05T09:55:14.543+0000] {processor.py:183} INFO - Processing /opt/airflow/dags/dag_silver_weather.py took 0.064 seconds
[2026-07-05T10:02:39.483+0000] {processor.py:161} INFO - Started process (PID=48676) to work on /opt/airflow/dags/dag_silver_weather.py
[2026-07-05T10:02:39.484+0000] {processor.py:830} INFO - Processing file /opt/airflow/dags/dag_silver_weather.py for tasks to queue
[2026-07-05T10:02:39.485+0000] {logging_mixin.py:188} INFO - [2026-07-05T10:02:39.485+0000] {dagbag.py:545} INFO - Filling up the DagBag from /opt/airflow/dags/dag_silver_weather.py
[2026-07-05T10:02:39.493+0000] {processor.py:840} INFO - DAG(s) 'silver_weather_dag' retrieved from /opt/airflow/dags/dag_silver_weather.py
[2026-07-05T10:02:39.508+0000] {logging_mixin.py:188} INFO - [2026-07-05T10:02:39.508+0000] {dag.py:3096} INFO - Sync 1 DAGs
[2026-07-05T10:02:39.521+0000] {logging_mixin.py:188} INFO - [2026-07-05T10:02:39.521+0000] {dag.py:3954} INFO - Setting next_dagrun for silver_weather_dag to None, run_after=None
[2026-07-05T10:02:39.532+0000] {processor.py:183} INFO - Processing /opt/airflow/dags/dag_silver_weather.py took 0.057 seconds
[2026-07-05T10:13:59.723+0000] {processor.py:161} INFO - Started process (PID=49325) to work on /opt/airflow/dags/dag_silver_weather.py
[2026-07-05T10:13:59.724+0000] {processor.py:830} INFO - Processing file /opt/airflow/dags/dag_silver_weather.py for tasks to queue
[2026-07-05T10:13:59.724+0000] {logging_mixin.py:188} INFO - [2026-07-05T10:13:59.724+0000] {dagbag.py:545} INFO - Filling up the DagBag from /opt/airflow/dags/dag_silver_weather.py
[2026-07-05T10:13:59.732+0000] {processor.py:840} INFO - DAG(s) 'silver_weather_dag' retrieved from /opt/airflow/dags/dag_silver_weather.py
[2026-07-05T10:13:59.750+0000] {logging_mixin.py:188} INFO - [2026-07-05T10:13:59.750+0000] {dag.py:3096} INFO - Sync 1 DAGs
[2026-07-05T10:13:59.764+0000] {logging_mixin.py:188} INFO - [2026-07-05T10:13:59.764+0000] {dag.py:3954} INFO - Setting next_dagrun for silver_weather_dag to None, run_after=None
[2026-07-05T10:13:59.777+0000] {processor.py:183} INFO - Processing /opt/airflow/dags/dag_silver_weather.py took 0.061 seconds
[2026-07-05T10:20:47.156+0000] {processor.py:161} INFO - Started process (PID=49392) to work on /opt/airflow/dags/dag_silver_weather.py
[2026-07-05T10:20:47.157+0000] {processor.py:830} INFO - Processing file /opt/airflow/dags/dag_silver_weather.py for tasks to queue
[2026-07-05T10:20:47.157+0000] {logging_mixin.py:188} INFO - [2026-07-05T10:20:47.157+0000] {dagbag.py:545} INFO - Filling up the DagBag from /opt/airflow/dags/dag_silver_weather.py
[2026-07-05T10:20:47.164+0000] {processor.py:840} INFO - DAG(s) 'silver_weather_dag' retrieved from /opt/airflow/dags/dag_silver_weather.py
[2026-07-05T10:20:47.176+0000] {logging_mixin.py:188} INFO - [2026-07-05T10:20:47.176+0000] {dag.py:3096} INFO - Sync 1 DAGs
[2026-07-05T10:20:47.186+0000] {logging_mixin.py:188} INFO - [2026-07-05T10:20:47.185+0000] {dag.py:3954} INFO - Setting next_dagrun for silver_weather_dag to None, run_after=None
[2026-07-05T10:20:47.196+0000] {processor.py:183} INFO - Processing /opt/airflow/dags/dag_silver_weather.py took 0.043 seconds
[2026-07-05T10:36:57.813+0000] {processor.py:161} INFO - Started process (PID=49429) to work on /opt/airflow/dags/dag_silver_weather.py
[2026-07-05T10:36:57.815+0000] {processor.py:830} INFO - Processing file /opt/airflow/dags/dag_silver_weather.py for tasks to queue
[2026-07-05T10:36:57.815+0000] {logging_mixin.py:188} INFO - [2026-07-05T10:36:57.815+0000] {dagbag.py:545} INFO - Filling up the DagBag from /opt/airflow/dags/dag_silver_weather.py
[2026-07-05T10:36:57.828+0000] {processor.py:840} INFO - DAG(s) 'silver_weather_dag' retrieved from /opt/airflow/dags/dag_silver_weather.py
[2026-07-05T10:36:57.845+0000] {logging_mixin.py:188} INFO - [2026-07-05T10:36:57.845+0000] {dag.py:3096} INFO - Sync 1 DAGs
[2026-07-05T10:36:57.861+0000] {logging_mixin.py:188} INFO - [2026-07-05T10:36:57.861+0000] {dag.py:3954} INFO - Setting next_dagrun for silver_weather_dag to None, run_after=None
[2026-07-05T10:36:57.880+0000] {processor.py:183} INFO - Processing /opt/airflow/dags/dag_silver_weather.py took 0.072 seconds
[2026-07-05T11:53:06.918+0000] {processor.py:161} INFO - Started process (PID=49466) to work on /opt/airflow/dags/dag_silver_weather.py
[2026-07-05T11:53:06.919+0000] {processor.py:830} INFO - Processing file /opt/airflow/dags/dag_silver_weather.py for tasks to queue
[2026-07-05T11:53:06.919+0000] {logging_mixin.py:188} INFO - [2026-07-05T11:53:06.919+0000] {dagbag.py:545} INFO - Filling up the DagBag from /opt/airflow/dags/dag_silver_weather.py
[2026-07-05T11:53:06.926+0000] {processor.py:840} INFO - DAG(s) 'silver_weather_dag' retrieved from /opt/airflow/dags/dag_silver_weather.py
[2026-07-05T11:53:06.939+0000] {logging_mixin.py:188} INFO - [2026-07-05T11:53:06.938+0000] {dag.py:3096} INFO - Sync 1 DAGs
[2026-07-05T11:53:06.949+0000] {logging_mixin.py:188} INFO - [2026-07-05T11:53:06.949+0000] {dag.py:3954} INFO - Setting next_dagrun for silver_weather_dag to None, run_after=None
[2026-07-05T11:53:06.959+0000] {processor.py:183} INFO - Processing /opt/airflow/dags/dag_silver_weather.py took 0.044 seconds
[2026-07-05T13:09:30.123+0000] {processor.py:161} INFO - Started process (PID=50087) to work on /opt/airflow/dags/dag_silver_weather.py
[2026-07-05T13:09:30.125+0000] {processor.py:830} INFO - Processing file /opt/airflow/dags/dag_silver_weather.py for tasks to queue
[2026-07-05T13:09:30.130+0000] {logging_mixin.py:188} INFO - [2026-07-05T13:09:30.129+0000] {dagbag.py:545} INFO - Filling up the DagBag from /opt/airflow/dags/dag_silver_weather.py
[2026-07-05T13:09:30.174+0000] {processor.py:840} INFO - DAG(s) 'silver_weather_dag' retrieved from /opt/airflow/dags/dag_silver_weather.py
[2026-07-05T13:09:30.251+0000] {logging_mixin.py:188} INFO - [2026-07-05T13:09:30.251+0000] {dag.py:3096} INFO - Sync 1 DAGs
[2026-07-05T13:09:30.300+0000] {logging_mixin.py:188} INFO - [2026-07-05T13:09:30.300+0000] {dag.py:3954} INFO - Setting next_dagrun for silver_weather_dag to None, run_after=None
[2026-07-05T13:09:30.375+0000] {processor.py:183} INFO - Processing /opt/airflow/dags/dag_silver_weather.py took 0.270 seconds
[2026-07-05T14:27:11.845+0000] {processor.py:161} INFO - Started process (PID=50691) to work on /opt/airflow/dags/dag_silver_weather.py
[2026-07-05T14:27:11.847+0000] {processor.py:830} INFO - Processing file /opt/airflow/dags/dag_silver_weather.py for tasks to queue
[2026-07-05T14:27:11.848+0000] {logging_mixin.py:188} INFO - [2026-07-05T14:27:11.847+0000] {dagbag.py:545} INFO - Filling up the DagBag from /opt/airflow/dags/dag_silver_weather.py
[2026-07-05T14:27:11.858+0000] {processor.py:840} INFO - DAG(s) 'silver_weather_dag' retrieved from /opt/airflow/dags/dag_silver_weather.py
[2026-07-05T14:27:11.876+0000] {logging_mixin.py:188} INFO - [2026-07-05T14:27:11.876+0000] {dag.py:3096} INFO - Sync 1 DAGs
[2026-07-05T14:27:11.896+0000] {logging_mixin.py:188} INFO - [2026-07-05T14:27:11.895+0000] {dag.py:3954} INFO - Setting next_dagrun for silver_weather_dag to None, run_after=None
[2026-07-05T14:27:11.910+0000] {processor.py:183} INFO - Processing /opt/airflow/dags/dag_silver_weather.py took 0.073 seconds
[2026-07-05T15:31:09.409+0000] {processor.py:161} INFO - Started process (PID=51289) to work on /opt/airflow/dags/dag_silver_weather.py
[2026-07-05T15:31:09.409+0000] {processor.py:830} INFO - Processing file /opt/airflow/dags/dag_silver_weather.py for tasks to queue
[2026-07-05T15:31:09.410+0000] {logging_mixin.py:188} INFO - [2026-07-05T15:31:09.410+0000] {dagbag.py:545} INFO - Filling up the DagBag from /opt/airflow/dags/dag_silver_weather.py
[2026-07-05T15:31:09.418+0000] {processor.py:840} INFO - DAG(s) 'silver_weather_dag' retrieved from /opt/airflow/dags/dag_silver_weather.py
[2026-07-05T15:31:09.433+0000] {logging_mixin.py:188} INFO - [2026-07-05T15:31:09.432+0000] {dag.py:3096} INFO - Sync 1 DAGs
[2026-07-05T15:31:09.445+0000] {logging_mixin.py:188} INFO - [2026-07-05T15:31:09.445+0000] {dag.py:3954} INFO - Setting next_dagrun for silver_weather_dag to None, run_after=None
[2026-07-05T15:31:09.458+0000] {processor.py:183} INFO - Processing /opt/airflow/dags/dag_silver_weather.py took 0.053 seconds
[2026-07-05T16:13:49.060+0000] {processor.py:161} INFO - Started process (PID=51898) to work on /opt/airflow/dags/dag_silver_weather.py
[2026-07-05T16:13:49.061+0000] {processor.py:830} INFO - Processing file /opt/airflow/dags/dag_silver_weather.py for tasks to queue
[2026-07-05T16:13:49.062+0000] {logging_mixin.py:188} INFO - [2026-07-05T16:13:49.061+0000] {dagbag.py:545} INFO - Filling up the DagBag from /opt/airflow/dags/dag_silver_weather.py
[2026-07-05T16:13:49.070+0000] {processor.py:840} INFO - DAG(s) 'silver_weather_dag' retrieved from /opt/airflow/dags/dag_silver_weather.py
[2026-07-05T16:13:49.084+0000] {logging_mixin.py:188} INFO - [2026-07-05T16:13:49.084+0000] {dag.py:3096} INFO - Sync 1 DAGs
[2026-07-05T16:13:49.100+0000] {logging_mixin.py:188} INFO - [2026-07-05T16:13:49.100+0000] {dag.py:3954} INFO - Setting next_dagrun for silver_weather_dag to None, run_after=None
[2026-07-05T16:13:49.112+0000] {processor.py:183} INFO - Processing /opt/airflow/dags/dag_silver_weather.py took 0.056 seconds
[2026-07-05T16:30:59.651+0000] {processor.py:161} INFO - Started process (PID=52508) to work on /opt/airflow/dags/dag_silver_weather.py
[2026-07-05T16:30:59.655+0000] {processor.py:830} INFO - Processing file /opt/airflow/dags/dag_silver_weather.py for tasks to queue
[2026-07-05T16:30:59.658+0000] {logging_mixin.py:188} INFO - [2026-07-05T16:30:59.657+0000] {dagbag.py:545} INFO - Filling up the DagBag from /opt/airflow/dags/dag_silver_weather.py
[2026-07-05T16:30:59.819+0000] {processor.py:840} INFO - DAG(s) 'silver_weather_dag' retrieved from /opt/airflow/dags/dag_silver_weather.py
[2026-07-05T16:31:00.004+0000] {logging_mixin.py:188} INFO - [2026-07-05T16:31:00.004+0000] {dag.py:3096} INFO - Sync 1 DAGs
[2026-07-05T16:31:00.236+0000] {logging_mixin.py:188} INFO - [2026-07-05T16:31:00.235+0000] {dag.py:3954} INFO - Setting next_dagrun for silver_weather_dag to None, run_after=None
[2026-07-05T16:31:00.495+0000] {processor.py:183} INFO - Processing /opt/airflow/dags/dag_silver_weather.py took 0.861 seconds
[2026-07-05T16:58:05.223+0000] {processor.py:161} INFO - Started process (PID=52545) to work on /opt/airflow/dags/dag_silver_weather.py
[2026-07-05T16:58:05.225+0000] {processor.py:830} INFO - Processing file /opt/airflow/dags/dag_silver_weather.py for tasks to queue
[2026-07-05T16:58:05.225+0000] {logging_mixin.py:188} INFO - [2026-07-05T16:58:05.225+0000] {dagbag.py:545} INFO - Filling up the DagBag from /opt/airflow/dags/dag_silver_weather.py
[2026-07-05T16:58:05.232+0000] {processor.py:840} INFO - DAG(s) 'silver_weather_dag' retrieved from /opt/airflow/dags/dag_silver_weather.py
[2026-07-05T16:58:05.249+0000] {logging_mixin.py:188} INFO - [2026-07-05T16:58:05.249+0000] {dag.py:3096} INFO - Sync 1 DAGs
[2026-07-05T16:58:05.261+0000] {logging_mixin.py:188} INFO - [2026-07-05T16:58:05.261+0000] {dag.py:3954} INFO - Setting next_dagrun for silver_weather_dag to None, run_after=None
[2026-07-05T16:58:05.273+0000] {processor.py:183} INFO - Processing /opt/airflow/dags/dag_silver_weather.py took 0.061 seconds
[2026-07-05T17:59:09.820+0000] {processor.py:161} INFO - Started process (PID=52587) to work on /opt/airflow/dags/dag_silver_weather.py
[2026-07-05T17:59:09.820+0000] {processor.py:830} INFO - Processing file /opt/airflow/dags/dag_silver_weather.py for tasks to queue
[2026-07-05T17:59:09.821+0000] {logging_mixin.py:188} INFO - [2026-07-05T17:59:09.821+0000] {dagbag.py:545} INFO - Filling up the DagBag from /opt/airflow/dags/dag_silver_weather.py
[2026-07-05T17:59:09.829+0000] {processor.py:840} INFO - DAG(s) 'silver_weather_dag' retrieved from /opt/airflow/dags/dag_silver_weather.py
[2026-07-05T17:59:09.848+0000] {logging_mixin.py:188} INFO - [2026-07-05T17:59:09.848+0000] {dag.py:3096} INFO - Sync 1 DAGs
[2026-07-05T17:59:09.860+0000] {logging_mixin.py:188} INFO - [2026-07-05T17:59:09.860+0000] {dag.py:3954} INFO - Setting next_dagrun for silver_weather_dag to None, run_after=None
[2026-07-05T17:59:09.874+0000] {processor.py:183} INFO - Processing /opt/airflow/dags/dag_silver_weather.py took 0.061 seconds
[2026-07-05T19:15:17.792+0000] {processor.py:161} INFO - Started process (PID=53179) to work on /opt/airflow/dags/dag_silver_weather.py
[2026-07-05T19:15:17.795+0000] {processor.py:830} INFO - Processing file /opt/airflow/dags/dag_silver_weather.py for tasks to queue
[2026-07-05T19:15:17.797+0000] {logging_mixin.py:188} INFO - [2026-07-05T19:15:17.797+0000] {dagbag.py:545} INFO - Filling up the DagBag from /opt/airflow/dags/dag_silver_weather.py
[2026-07-05T19:15:17.821+0000] {processor.py:840} INFO - DAG(s) 'silver_weather_dag' retrieved from /opt/airflow/dags/dag_silver_weather.py
[2026-07-05T19:15:17.856+0000] {logging_mixin.py:188} INFO - [2026-07-05T19:15:17.856+0000] {dag.py:3096} INFO - Sync 1 DAGs
[2026-07-05T19:15:17.882+0000] {logging_mixin.py:188} INFO - [2026-07-05T19:15:17.882+0000] {dag.py:3954} INFO - Setting next_dagrun for silver_weather_dag to None, run_after=None
[2026-07-05T19:15:17.922+0000] {processor.py:183} INFO - Processing /opt/airflow/dags/dag_silver_weather.py took 0.143 seconds
[2026-07-05T20:51:35.169+0000] {processor.py:161} INFO - Started process (PID=53790) to work on /opt/airflow/dags/dag_silver_weather.py
[2026-07-05T20:51:35.169+0000] {processor.py:830} INFO - Processing file /opt/airflow/dags/dag_silver_weather.py for tasks to queue
[2026-07-05T20:51:35.170+0000] {logging_mixin.py:188} INFO - [2026-07-05T20:51:35.170+0000] {dagbag.py:545} INFO - Filling up the DagBag from /opt/airflow/dags/dag_silver_weather.py
[2026-07-05T20:51:35.177+0000] {processor.py:840} INFO - DAG(s) 'silver_weather_dag' retrieved from /opt/airflow/dags/dag_silver_weather.py
[2026-07-05T20:51:35.191+0000] {logging_mixin.py:188} INFO - [2026-07-05T20:51:35.191+0000] {dag.py:3096} INFO - Sync 1 DAGs
[2026-07-05T20:51:35.202+0000] {logging_mixin.py:188} INFO - [2026-07-05T20:51:35.201+0000] {dag.py:3954} INFO - Setting next_dagrun for silver_weather_dag to None, run_after=None
[2026-07-05T20:51:35.212+0000] {processor.py:183} INFO - Processing /opt/airflow/dags/dag_silver_weather.py took 0.046 seconds
[2026-07-05T21:57:53.955+0000] {processor.py:161} INFO - Started process (PID=54408) to work on /opt/airflow/dags/dag_silver_weather.py
[2026-07-05T21:57:53.956+0000] {processor.py:830} INFO - Processing file /opt/airflow/dags/dag_silver_weather.py for tasks to queue
[2026-07-05T21:57:53.956+0000] {logging_mixin.py:188} INFO - [2026-07-05T21:57:53.956+0000] {dagbag.py:545} INFO - Filling up the DagBag from /opt/airflow/dags/dag_silver_weather.py
[2026-07-05T21:57:53.964+0000] {processor.py:840} INFO - DAG(s) 'silver_weather_dag' retrieved from /opt/airflow/dags/dag_silver_weather.py
[2026-07-05T21:57:53.989+0000] {logging_mixin.py:188} INFO - [2026-07-05T21:57:53.989+0000] {dag.py:3096} INFO - Sync 1 DAGs
[2026-07-05T21:57:54.011+0000] {logging_mixin.py:188} INFO - [2026-07-05T21:57:54.010+0000] {dag.py:3954} INFO - Setting next_dagrun for silver_weather_dag to None, run_after=None
[2026-07-05T21:57:54.031+0000] {processor.py:183} INFO - Processing /opt/airflow/dags/dag_silver_weather.py took 0.080 seconds
[2026-07-05T23:10:00.566+0000] {processor.py:161} INFO - Started process (PID=55021) to work on /opt/airflow/dags/dag_silver_weather.py
[2026-07-05T23:10:00.567+0000] {processor.py:830} INFO - Processing file /opt/airflow/dags/dag_silver_weather.py for tasks to queue
[2026-07-05T23:10:00.569+0000] {logging_mixin.py:188} INFO - [2026-07-05T23:10:00.568+0000] {dagbag.py:545} INFO - Filling up the DagBag from /opt/airflow/dags/dag_silver_weather.py
[2026-07-05T23:10:00.584+0000] {processor.py:840} INFO - DAG(s) 'silver_weather_dag' retrieved from /opt/airflow/dags/dag_silver_weather.py
[2026-07-05T23:10:00.622+0000] {logging_mixin.py:188} INFO - [2026-07-05T23:10:00.622+0000] {dag.py:3096} INFO - Sync 1 DAGs
[2026-07-05T23:10:00.657+0000] {logging_mixin.py:188} INFO - [2026-07-05T23:10:00.656+0000] {dag.py:3954} INFO - Setting next_dagrun for silver_weather_dag to None, run_after=None
[2026-07-05T23:10:00.678+0000] {processor.py:183} INFO - Processing /opt/airflow/dags/dag_silver_weather.py took 0.134 seconds
