[2026-07-04T11:57:29.103+0000] {local_task_job_runner.py:120} INFO - ::group::Pre task execution logs
[2026-07-04T11:57:29.132+0000] {taskinstance.py:2076} INFO - Dependencies all met for dep_context=non-requeueable deps ti=<TaskInstance: gold_dbt_dag.trigger_dbt_build dataset_triggered__2026-07-04T11:57:28.740776+00:00 [queued]>
[2026-07-04T11:57:29.139+0000] {taskinstance.py:2076} INFO - Dependencies all met for dep_context=requeueable deps ti=<TaskInstance: gold_dbt_dag.trigger_dbt_build dataset_triggered__2026-07-04T11:57:28.740776+00:00 [queued]>
[2026-07-04T11:57:29.140+0000] {taskinstance.py:2306} INFO - Starting attempt 1 of 2
[2026-07-04T11:57:29.150+0000] {taskinstance.py:2330} INFO - Executing <Task(BashOperator): trigger_dbt_build> on 2026-07-04 11:57:28.740776+00:00
[2026-07-04T11:57:29.156+0000] {standard_task_runner.py:90} INFO - Running: ['***', 'tasks', 'run', 'gold_dbt_dag', 'trigger_dbt_build', 'dataset_triggered__2026-07-04T11:57:28.740776+00:00', '--job-id', '526', '--raw', '--subdir', 'DAGS_FOLDER/dag_gold_dbt.py', '--cfg-path', '/tmp/tmpin6nksz_']
[2026-07-04T11:57:29.156+0000] {logging_mixin.py:188} WARNING - /home/***/.local/lib/python3.12/site-packages/***/task/task_runner/standard_task_runner.py:61 DeprecationWarning: This process (pid=35649) is multi-threaded, use of fork() may lead to deadlocks in the child.
[2026-07-04T11:57:29.159+0000] {standard_task_runner.py:91} INFO - Job 526: Subtask trigger_dbt_build
[2026-07-04T11:57:29.159+0000] {standard_task_runner.py:63} INFO - Started process 35650 to run task
[2026-07-04T11:57:29.190+0000] {task_command.py:426} INFO - Running <TaskInstance: gold_dbt_dag.trigger_dbt_build dataset_triggered__2026-07-04T11:57:28.740776+00:00 [running]> on host bd23e89d97be
[2026-07-04T11:57:29.233+0000] {taskinstance.py:2648} INFO - Exporting env vars: AIRFLOW_CTX_DAG_OWNER='data_engineer' AIRFLOW_CTX_DAG_ID='gold_dbt_dag' AIRFLOW_CTX_TASK_ID='trigger_dbt_build' AIRFLOW_CTX_EXECUTION_DATE='2026-07-04T11:57:28.740776+00:00' AIRFLOW_CTX_TRY_NUMBER='1' AIRFLOW_CTX_DAG_RUN_ID='dataset_triggered__2026-07-04T11:57:28.740776+00:00'
[2026-07-04T11:57:29.234+0000] {taskinstance.py:430} INFO - ::endgroup::
[2026-07-04T11:57:29.244+0000] {subprocess.py:63} INFO - Tmp dir root location: /tmp
[2026-07-04T11:57:29.244+0000] {subprocess.py:75} INFO - Running command: ['/usr/bin/bash', '-c', 'cd /opt/***/dbt && dbt build --profiles-dir . --target dev']
[2026-07-04T11:57:29.247+0000] {subprocess.py:86} INFO - Output:
[2026-07-04T11:57:30.255+0000] {subprocess.py:93} INFO - [0m11:57:30  Running with dbt=1.11.11
[2026-07-04T11:57:30.765+0000] {subprocess.py:93} INFO - [0m11:57:30  Registered adapter: bigquery=1.11.3
[2026-07-04T11:57:30.982+0000] {subprocess.py:93} INFO - [0m11:57:30  Found 5 models, 4 sources, 553 macros
[2026-07-04T11:57:30.983+0000] {subprocess.py:93} INFO - [0m11:57:30
[2026-07-04T11:57:30.983+0000] {subprocess.py:93} INFO - [0m11:57:30  Concurrency: 4 threads (target='dev')
[2026-07-04T11:57:30.984+0000] {subprocess.py:93} INFO - [0m11:57:30
[2026-07-04T11:57:32.643+0000] {subprocess.py:93} INFO - [0m11:57:32  1 of 5 START sql table model logistics_mart.dim_drivers ........................ [RUN]
[2026-07-04T11:57:32.643+0000] {subprocess.py:93} INFO - [0m11:57:32  2 of 5 START sql table model logistics_mart.dim_hubs ........................... [RUN]
[2026-07-04T11:57:32.643+0000] {subprocess.py:93} INFO - [0m11:57:32  3 of 5 START sql view model logistics_mart.stg_shipments ....................... [RUN]
[2026-07-04T11:57:32.644+0000] {subprocess.py:93} INFO - [0m11:57:32  4 of 5 START sql view model logistics_mart.stg_weather ......................... [RUN]
[2026-07-04T11:57:34.362+0000] {subprocess.py:93} INFO - [0m11:57:34  4 of 5 OK created sql view model logistics_mart.stg_weather .................... [[32mCREATE VIEW (0 processed)[0m in 1.71s]
[2026-07-04T11:57:34.401+0000] {subprocess.py:93} INFO - [0m11:57:34  3 of 5 OK created sql view model logistics_mart.stg_shipments .................. [[32mCREATE VIEW (0 processed)[0m in 1.75s]
[2026-07-04T11:57:37.840+0000] {subprocess.py:93} INFO - [0m11:57:37  1 of 5 OK created sql table model logistics_mart.dim_drivers ................... [[32mCREATE TABLE (3.0 rows, 108.0 Bytes processed)[0m in 5.19s]
[2026-07-04T11:57:38.761+0000] {subprocess.py:93} INFO - [0m11:57:38  2 of 5 OK created sql table model logistics_mart.dim_hubs ...................... [[32mCREATE TABLE (3.0 rows, 149.0 Bytes processed)[0m in 6.11s]
[2026-07-04T11:57:38.766+0000] {subprocess.py:93} INFO - [0m11:57:38  5 of 5 START sql table model logistics_mart.fact_shipment_weather .............. [RUN]
[2026-07-04T11:57:42.631+0000] {subprocess.py:93} INFO - [0m11:57:42  5 of 5 OK created sql table model logistics_mart.fact_shipment_weather ......... [[32mCREATE TABLE (601.0 rows, 38.4 KiB processed)[0m in 3.86s]
[2026-07-04T11:57:42.679+0000] {subprocess.py:93} INFO - [0m11:57:42
[2026-07-04T11:57:42.679+0000] {subprocess.py:93} INFO - [0m11:57:42  Finished running 3 table models, 2 view models in 0 hours 0 minutes and 11.70 seconds (11.70s).
[2026-07-04T11:57:42.709+0000] {subprocess.py:93} INFO - [0m11:57:42
[2026-07-04T11:57:42.709+0000] {subprocess.py:93} INFO - [0m11:57:42  [32mCompleted successfully[0m
[2026-07-04T11:57:42.709+0000] {subprocess.py:93} INFO - [0m11:57:42
[2026-07-04T11:57:42.709+0000] {subprocess.py:93} INFO - [0m11:57:42  Done. PASS=5 WARN=0 ERROR=0 SKIP=0 NO-OP=0 TOTAL=5
[2026-07-04T12:10:09.188+0000] {subprocess.py:97} INFO - Command exited with return code 0
[2026-07-04T12:10:09.194+0000] {taskinstance.py:441} INFO - ::group::Post task execution logs
[2026-07-04T12:10:09.255+0000] {taskinstance.py:1206} INFO - Marking task as SUCCESS. dag_id=gold_dbt_dag, task_id=trigger_dbt_build, run_id=dataset_triggered__2026-07-04T11:57:28.740776+00:00, execution_date=20260704T115728, start_date=20260704T115729, end_date=20260704T121009
[2026-07-04T12:10:09.297+0000] {local_task_job_runner.py:240} INFO - Task exited with return code 0
[2026-07-04T12:10:09.320+0000] {taskinstance.py:3498} INFO - 0 downstream tasks scheduled from follow-on schedule check
[2026-07-04T12:10:09.322+0000] {local_task_job_runner.py:222} INFO - ::endgroup::
