[2026-07-03T09:00:57.196+0000] {local_task_job_runner.py:120} INFO - ::group::Pre task execution logs
[2026-07-03T09:00:57.212+0000] {taskinstance.py:2076} INFO - Dependencies all met for dep_context=non-requeueable deps ti=<TaskInstance: weather_tomorrowio_pipeline.fetch_weather_api scheduled__2026-07-03T08:00:00+00:00 [queued]>
[2026-07-03T09:00:57.215+0000] {taskinstance.py:2076} INFO - Dependencies all met for dep_context=requeueable deps ti=<TaskInstance: weather_tomorrowio_pipeline.fetch_weather_api scheduled__2026-07-03T08:00:00+00:00 [queued]>
[2026-07-03T09:00:57.216+0000] {taskinstance.py:2306} INFO - Starting attempt 1 of 2
[2026-07-03T09:00:57.224+0000] {taskinstance.py:2330} INFO - Executing <Task(PythonOperator): fetch_weather_api> on 2026-07-03 08:00:00+00:00
[2026-07-03T09:00:57.229+0000] {logging_mixin.py:188} WARNING - /home/***/.local/lib/python3.12/site-packages/***/task/task_runner/standard_task_runner.py:61 DeprecationWarning: This process (pid=5747) is multi-threaded, use of fork() may lead to deadlocks in the child.
[2026-07-03T09:00:57.230+0000] {standard_task_runner.py:63} INFO - Started process 5767 to run task
[2026-07-03T09:00:57.229+0000] {standard_task_runner.py:90} INFO - Running: ['***', 'tasks', 'run', 'weather_tomorrowio_pipeline', 'fetch_weather_api', 'scheduled__2026-07-03T08:00:00+00:00', '--job-id', '362', '--raw', '--subdir', 'DAGS_FOLDER/dag_tomorrowio.py', '--cfg-path', '/tmp/tmpq4qb5v_u']
[2026-07-03T09:00:57.230+0000] {standard_task_runner.py:91} INFO - Job 362: Subtask fetch_weather_api
[2026-07-03T09:00:57.253+0000] {task_command.py:426} INFO - Running <TaskInstance: weather_tomorrowio_pipeline.fetch_weather_api scheduled__2026-07-03T08:00:00+00:00 [running]> on host bd23e89d97be
[2026-07-03T09:00:57.294+0000] {taskinstance.py:2648} INFO - Exporting env vars: AIRFLOW_CTX_DAG_OWNER='data_engineer' AIRFLOW_CTX_DAG_ID='weather_tomorrowio_pipeline' AIRFLOW_CTX_TASK_ID='fetch_weather_api' AIRFLOW_CTX_EXECUTION_DATE='2026-07-03T08:00:00+00:00' AIRFLOW_CTX_TRY_NUMBER='1' AIRFLOW_CTX_DAG_RUN_ID='scheduled__2026-07-03T08:00:00+00:00'
[2026-07-03T09:00:57.294+0000] {taskinstance.py:430} INFO - ::endgroup::
[2026-07-03T09:00:57.300+0000] {logging_mixin.py:188} INFO - Mock saving to: gs://your-lakehouse-bucket/bronze/weather/weather_forecast_latest.parquet
[2026-07-03T09:00:57.300+0000] {python.py:237} INFO - Done. Returned value was: None
[2026-07-03T09:00:57.300+0000] {taskinstance.py:441} INFO - ::group::Post task execution logs
[2026-07-03T09:00:57.301+0000] {logging_mixin.py:188} WARNING - /home/***/.local/lib/python3.12/site-packages/***/models/baseoperator.py:1564 RemovedInAirflow3Warning: Passing 'execution_date' to 'TaskInstance.xcom_push()' is deprecated.
[2026-07-03T09:00:57.316+0000] {taskinstance.py:1206} INFO - Marking task as SUCCESS. dag_id=weather_tomorrowio_pipeline, task_id=fetch_weather_api, run_id=scheduled__2026-07-03T08:00:00+00:00, execution_date=20260703T080000, start_date=20260703T090057, end_date=20260703T090057
[2026-07-03T09:00:57.532+0000] {local_task_job_runner.py:240} INFO - Task exited with return code 0
[2026-07-03T09:00:57.546+0000] {taskinstance.py:3498} INFO - 0 downstream tasks scheduled from follow-on schedule check
[2026-07-03T09:00:57.547+0000] {local_task_job_runner.py:222} INFO - ::endgroup::
