[2026-07-09T22:13:00.996+0000] {local_task_job_runner.py:120} INFO - ::group::Pre task execution logs
[2026-07-09T22:13:01.008+0000] {taskinstance.py:2076} INFO - Dependencies all met for dep_context=non-requeueable deps ti=<TaskInstance: logistics_postgres_to_bq.push_to_bigquery dataset_triggered__2026-07-09T22:12:59.969389+00:00 [queued]>
[2026-07-09T22:13:01.011+0000] {taskinstance.py:2076} INFO - Dependencies all met for dep_context=requeueable deps ti=<TaskInstance: logistics_postgres_to_bq.push_to_bigquery dataset_triggered__2026-07-09T22:12:59.969389+00:00 [queued]>
[2026-07-09T22:13:01.011+0000] {taskinstance.py:2306} INFO - Starting attempt 1 of 1
[2026-07-09T22:13:01.016+0000] {taskinstance.py:2330} INFO - Executing <Task(PythonOperator): push_to_bigquery> on 2026-07-09 22:12:59.969389+00:00
[2026-07-09T22:13:01.030+0000] {logging_mixin.py:188} WARNING - /home/***/.local/lib/python3.12/site-packages/***/task/task_runner/standard_task_runner.py:61 DeprecationWarning: This process (pid=88560) is multi-threaded, use of fork() may lead to deadlocks in the child.
[2026-07-09T22:13:01.031+0000] {standard_task_runner.py:63} INFO - Started process 88574 to run task
[2026-07-09T22:13:01.030+0000] {standard_task_runner.py:90} INFO - Running: ['***', 'tasks', 'run', 'logistics_postgres_to_bq', 'push_to_bigquery', 'dataset_triggered__2026-07-09T22:12:59.969389+00:00', '--job-id', '1365', '--raw', '--subdir', 'DAGS_FOLDER/dag_postgres_to_bq.py', '--cfg-path', '/tmp/tmp6zzryci7']
[2026-07-09T22:13:01.032+0000] {standard_task_runner.py:91} INFO - Job 1365: Subtask push_to_bigquery
[2026-07-09T22:13:01.066+0000] {task_command.py:426} INFO - Running <TaskInstance: logistics_postgres_to_bq.push_to_bigquery dataset_triggered__2026-07-09T22:12:59.969389+00:00 [running]> on host bd23e89d97be
[2026-07-09T22:13:01.155+0000] {taskinstance.py:2648} INFO - Exporting env vars: AIRFLOW_CTX_DAG_OWNER='***' AIRFLOW_CTX_DAG_ID='logistics_postgres_to_bq' AIRFLOW_CTX_TASK_ID='push_to_bigquery' AIRFLOW_CTX_EXECUTION_DATE='2026-07-09T22:12:59.969389+00:00' AIRFLOW_CTX_TRY_NUMBER='1' AIRFLOW_CTX_DAG_RUN_ID='dataset_triggered__2026-07-09T22:12:59.969389+00:00'
[2026-07-09T22:13:01.155+0000] {taskinstance.py:430} INFO - ::endgroup::
[2026-07-09T22:13:01.989+0000] {logging_mixin.py:188} WARNING - /opt/***/dags/dag_postgres_to_bq.py:34 UserWarning: pandas only supports SQLAlchemy connectable (engine/connection) or database string URI or sqlite3 DBAPI2 connection. Other DBAPI2 objects are not tested. Please consider using SQLAlchemy.
[2026-07-09T22:13:06.704+0000] {logging_mixin.py:188} INFO - Pushed 1581 rows from shipments to BigQuery.
[2026-07-09T22:13:06.717+0000] {logging_mixin.py:188} WARNING - /opt/***/dags/dag_postgres_to_bq.py:34 UserWarning: pandas only supports SQLAlchemy connectable (engine/connection) or database string URI or sqlite3 DBAPI2 connection. Other DBAPI2 objects are not tested. Please consider using SQLAlchemy.
[2026-07-09T22:13:10.126+0000] {logging_mixin.py:188} INFO - Pushed 3 rows from hubs to BigQuery.
[2026-07-09T22:13:10.132+0000] {logging_mixin.py:188} WARNING - /opt/***/dags/dag_postgres_to_bq.py:34 UserWarning: pandas only supports SQLAlchemy connectable (engine/connection) or database string URI or sqlite3 DBAPI2 connection. Other DBAPI2 objects are not tested. Please consider using SQLAlchemy.
[2026-07-09T22:13:14.498+0000] {logging_mixin.py:188} INFO - Pushed 3 rows from drivers to BigQuery.
[2026-07-09T22:13:14.500+0000] {python.py:237} INFO - Done. Returned value was: None
[2026-07-09T22:13:14.501+0000] {taskinstance.py:441} INFO - ::group::Post task execution logs
[2026-07-09T22:13:14.518+0000] {taskinstance.py:1206} INFO - Marking task as SUCCESS. dag_id=logistics_postgres_to_bq, task_id=push_to_bigquery, run_id=dataset_triggered__2026-07-09T22:12:59.969389+00:00, execution_date=20260709T221259, start_date=20260709T221301, end_date=20260709T221314
[2026-07-09T22:13:14.565+0000] {local_task_job_runner.py:240} INFO - Task exited with return code 0
[2026-07-09T22:13:14.580+0000] {taskinstance.py:3498} INFO - 0 downstream tasks scheduled from follow-on schedule check
[2026-07-09T22:13:14.581+0000] {local_task_job_runner.py:222} INFO - ::endgroup::
