[2026-07-11T23:50:26.705+0000] {local_task_job_runner.py:120} INFO - ::group::Pre task execution logs
[2026-07-11T23:50:26.735+0000] {taskinstance.py:2076} INFO - Dependencies all met for dep_context=non-requeueable deps ti=<TaskInstance: gold_dbt_dag.trigger_dbt_build dataset_triggered__2026-07-11T23:50:25.611749+00:00 [queued]>
[2026-07-11T23:50:26.739+0000] {taskinstance.py:2076} INFO - Dependencies all met for dep_context=requeueable deps ti=<TaskInstance: gold_dbt_dag.trigger_dbt_build dataset_triggered__2026-07-11T23:50:25.611749+00:00 [queued]>
[2026-07-11T23:50:26.739+0000] {taskinstance.py:2306} INFO - Starting attempt 1 of 2
[2026-07-11T23:50:26.744+0000] {taskinstance.py:2330} INFO - Executing <Task(BashOperator): trigger_dbt_build> on 2026-07-11 23:50:25.611749+00:00
[2026-07-11T23:50:26.757+0000] {standard_task_runner.py:90} INFO - Running: ['***', 'tasks', 'run', 'gold_dbt_dag', 'trigger_dbt_build', 'dataset_triggered__2026-07-11T23:50:25.611749+00:00', '--job-id', '61', '--raw', '--subdir', 'DAGS_FOLDER/dag_gold_dbt.py', '--cfg-path', '/tmp/tmpym98xsmi']
[2026-07-11T23:50:26.762+0000] {logging_mixin.py:188} WARNING - /home/***/.local/lib/python3.12/site-packages/***/task/task_runner/standard_task_runner.py:61 DeprecationWarning: This process (pid=9041) is multi-threaded, use of fork() may lead to deadlocks in the child.
[2026-07-11T23:50:26.762+0000] {standard_task_runner.py:91} INFO - Job 61: Subtask trigger_dbt_build
[2026-07-11T23:50:26.762+0000] {standard_task_runner.py:63} INFO - Started process 9049 to run task
[2026-07-11T23:50:26.802+0000] {task_command.py:426} INFO - Running <TaskInstance: gold_dbt_dag.trigger_dbt_build dataset_triggered__2026-07-11T23:50:25.611749+00:00 [running]> on host ad4e12f53b08
[2026-07-11T23:50:26.850+0000] {taskinstance.py:2648} INFO - Exporting env vars: AIRFLOW_CTX_DAG_OWNER='data_engineer' AIRFLOW_CTX_DAG_ID='gold_dbt_dag' AIRFLOW_CTX_TASK_ID='trigger_dbt_build' AIRFLOW_CTX_EXECUTION_DATE='2026-07-11T23:50:25.611749+00:00' AIRFLOW_CTX_TRY_NUMBER='1' AIRFLOW_CTX_DAG_RUN_ID='dataset_triggered__2026-07-11T23:50:25.611749+00:00'
[2026-07-11T23:50:26.851+0000] {taskinstance.py:430} INFO - ::endgroup::
[2026-07-11T23:50:26.860+0000] {subprocess.py:63} INFO - Tmp dir root location: /tmp
[2026-07-11T23:50:26.861+0000] {subprocess.py:75} INFO - Running command: ['/usr/bin/bash', '-c', 'cd /opt/***/dbt && dbt build --profiles-dir . --target dev']
[2026-07-11T23:50:26.866+0000] {subprocess.py:86} INFO - Output:
[2026-07-11T23:50:28.079+0000] {subprocess.py:93} INFO - [0m23:50:28  Running with dbt=1.11.11
[2026-07-11T23:50:28.662+0000] {subprocess.py:93} INFO - [0m23:50:28  Registered adapter: bigquery=1.11.3
[2026-07-11T23:50:28.875+0000] {subprocess.py:93} INFO - [0m23:50:28  Found 6 models, 4 sources, 553 macros
[2026-07-11T23:50:28.878+0000] {subprocess.py:93} INFO - [0m23:50:28
[2026-07-11T23:50:28.878+0000] {subprocess.py:93} INFO - [0m23:50:28  Concurrency: 4 threads (target='dev')
[2026-07-11T23:50:28.878+0000] {subprocess.py:93} INFO - [0m23:50:28
[2026-07-11T23:50:30.297+0000] {subprocess.py:93} INFO - [0m23:50:30  1 of 6 START sql table model logistics_mart.dim_drivers ........................ [RUN]
[2026-07-11T23:50:30.298+0000] {subprocess.py:93} INFO - [0m23:50:30  2 of 6 START sql table model logistics_mart.dim_hubs ........................... [RUN]
[2026-07-11T23:50:30.298+0000] {subprocess.py:93} INFO - [0m23:50:30  3 of 6 START sql view model logistics_mart.stg_shipments ....................... [RUN]
[2026-07-11T23:50:30.299+0000] {subprocess.py:93} INFO - [0m23:50:30  4 of 6 START sql view model logistics_mart.stg_weather ......................... [RUN]
[2026-07-11T23:50:31.592+0000] {subprocess.py:93} INFO - WARNING:urllib3.connectionpool:Retrying (Retry(total=2, connect=None, read=None, redirect=None, status=None)) after connection broken by 'SSLError(SSLEOFError(8, '[SSL: UNEXPECTED_EOF_WHILE_READING] EOF occurred in violation of protocol (_ssl.c:1000)'))': /token
[2026-07-11T23:50:31.598+0000] {subprocess.py:93} INFO - WARNING:urllib3.connectionpool:Retrying (Retry(total=2, connect=None, read=None, redirect=None, status=None)) after connection broken by 'SSLError(SSLEOFError(8, '[SSL: UNEXPECTED_EOF_WHILE_READING] EOF occurred in violation of protocol (_ssl.c:1000)'))': /token
[2026-07-11T23:50:31.598+0000] {subprocess.py:93} INFO - WARNING:urllib3.connectionpool:Retrying (Retry(total=2, connect=None, read=None, redirect=None, status=None)) after connection broken by 'SSLError(SSLEOFError(8, '[SSL: UNEXPECTED_EOF_WHILE_READING] EOF occurred in violation of protocol (_ssl.c:1000)'))': /token
[2026-07-11T23:50:33.522+0000] {subprocess.py:93} INFO - [0m23:50:33  3 of 6 OK created sql view model logistics_mart.stg_shipments .................. [[32mCREATE VIEW (0 processed)[0m in 3.21s]
[2026-07-11T23:50:33.523+0000] {subprocess.py:93} INFO - [0m23:50:33  4 of 6 OK created sql view model logistics_mart.stg_weather .................... [[32mCREATE VIEW (0 processed)[0m in 3.22s]
[2026-07-11T23:50:33.526+0000] {subprocess.py:93} INFO - [0m23:50:33  5 of 6 START sql view model logistics_mart.stg_weather_consensus ............... [RUN]
[2026-07-11T23:50:33.572+0000] {subprocess.py:93} INFO - [0m23:50:33  BigQuery adapter: https://console.cloud.google.com/bigquery?project=logistics-500519&j=bq:US:ed3a9230-8b03-444e-9c98-3b4ccdbcac95&page=queryresults
[2026-07-11T23:50:33.578+0000] {subprocess.py:93} INFO - [0m23:50:33  2 of 6 ERROR creating sql table model logistics_mart.dim_hubs .................. [[31mERROR[0m in 3.28s]
[2026-07-11T23:50:33.637+0000] {subprocess.py:93} INFO - [0m23:50:33  BigQuery adapter: https://console.cloud.google.com/bigquery?project=logistics-500519&j=bq:US:ff161de4-9e6c-46f1-a07c-bfd769a67ca7&page=queryresults
[2026-07-11T23:50:33.640+0000] {subprocess.py:93} INFO - [0m23:50:33  1 of 6 ERROR creating sql table model logistics_mart.dim_drivers ............... [[31mERROR[0m in 3.34s]
[2026-07-12T00:34:11.761+0000] {subprocess.py:93} INFO - [0m00:34:11  5 of 6 OK created sql view model logistics_mart.stg_weather_consensus .......... [[32mCREATE VIEW (0 processed)[0m in 2618.22s]
[2026-07-12T00:34:11.781+0000] {subprocess.py:93} INFO - [0m00:34:11  6 of 6 SKIP relation logistics_mart.fact_shipment_weather ...................... [[33mSKIP[0m]
[2026-07-12T00:34:11.820+0000] {subprocess.py:93} INFO - [0m00:34:11
[2026-07-12T00:34:11.820+0000] {subprocess.py:93} INFO - [0m00:34:11  Finished running 3 table models, 3 view models in 0 hours 43 minutes and 42.94 seconds (2622.94s).
[2026-07-12T00:34:11.859+0000] {subprocess.py:93} INFO - [0m00:34:11
[2026-07-12T00:34:11.859+0000] {subprocess.py:93} INFO - [0m00:34:11  [31mCompleted with 2 errors, 0 partial successes, and 0 warnings:[0m
[2026-07-12T00:34:11.860+0000] {subprocess.py:93} INFO - [0m00:34:11
[2026-07-12T00:34:11.860+0000] {subprocess.py:93} INFO - [0m00:34:11  [31mFailure in model dim_hubs (models/mart/dim_hubs.sql)[0m
[2026-07-12T00:34:11.861+0000] {subprocess.py:93} INFO - [0m00:34:11    Database Error in model dim_hubs (models/mart/dim_hubs.sql)
[2026-07-12T00:34:11.861+0000] {subprocess.py:93} INFO -   Unrecognized name: is_current at [24:7]
[2026-07-12T00:34:11.861+0000] {subprocess.py:93} INFO -   compiled code at target/run/logistics_lakehouse/models/mart/dim_hubs.sql
[2026-07-12T00:34:11.861+0000] {subprocess.py:93} INFO - [0m00:34:11
[2026-07-12T00:34:11.861+0000] {subprocess.py:93} INFO - [0m00:34:11    compiled code at target/compiled/logistics_lakehouse/models/mart/dim_hubs.sql
[2026-07-12T00:34:11.862+0000] {subprocess.py:93} INFO - [0m00:34:11
[2026-07-12T00:34:11.862+0000] {subprocess.py:93} INFO - [0m00:34:11  [31mFailure in model dim_drivers (models/mart/dim_drivers.sql)[0m
[2026-07-12T00:34:11.862+0000] {subprocess.py:93} INFO - [0m00:34:11    Database Error in model dim_drivers (models/mart/dim_drivers.sql)
[2026-07-12T00:34:11.862+0000] {subprocess.py:93} INFO -   Unrecognized name: is_current at [24:7]
[2026-07-12T00:34:11.863+0000] {subprocess.py:93} INFO -   compiled code at target/run/logistics_lakehouse/models/mart/dim_drivers.sql
[2026-07-12T00:34:11.863+0000] {subprocess.py:93} INFO - [0m00:34:11
[2026-07-12T00:34:11.863+0000] {subprocess.py:93} INFO - [0m00:34:11    compiled code at target/compiled/logistics_lakehouse/models/mart/dim_drivers.sql
[2026-07-12T00:34:11.863+0000] {subprocess.py:93} INFO - [0m00:34:11
[2026-07-12T00:34:11.864+0000] {subprocess.py:93} INFO - [0m00:34:11  Done. PASS=3 WARN=0 ERROR=2 SKIP=1 NO-OP=0 TOTAL=6
[2026-07-12T00:34:14.309+0000] {subprocess.py:97} INFO - Command exited with return code 1
[2026-07-12T00:34:14.322+0000] {taskinstance.py:441} INFO - ::group::Post task execution logs
[2026-07-12T00:34:14.363+0000] {taskinstance.py:2905} ERROR - Task failed with exception
Traceback (most recent call last):
  File "/home/airflow/.local/lib/python3.12/site-packages/airflow/models/taskinstance.py", line 465, in _execute_task
    result = _execute_callable(context=context, **execute_callable_kwargs)
             ^^^^^^^^^^^^^^^^^^^^^^^^^^^^^^^^^^^^^^^^^^^^^^^^^^^^^^^^^^^^^
  File "/home/airflow/.local/lib/python3.12/site-packages/airflow/models/taskinstance.py", line 432, in _execute_callable
    return execute_callable(context=context, **execute_callable_kwargs)
           ^^^^^^^^^^^^^^^^^^^^^^^^^^^^^^^^^^^^^^^^^^^^^^^^^^^^^^^^^^^^
  File "/home/airflow/.local/lib/python3.12/site-packages/airflow/models/baseoperator.py", line 400, in wrapper
    return func(self, *args, **kwargs)
           ^^^^^^^^^^^^^^^^^^^^^^^^^^^
  File "/home/airflow/.local/lib/python3.12/site-packages/airflow/operators/bash.py", line 243, in execute
    raise AirflowException(
airflow.exceptions.AirflowException: Bash command failed. The command returned a non-zero exit code 1.
[2026-07-12T00:34:14.373+0000] {taskinstance.py:1206} INFO - Marking task as UP_FOR_RETRY. dag_id=gold_dbt_dag, task_id=trigger_dbt_build, run_id=dataset_triggered__2026-07-11T23:50:25.611749+00:00, execution_date=20260711T235025, start_date=20260711T235026, end_date=20260712T003414
[2026-07-12T00:34:14.406+0000] {standard_task_runner.py:110} ERROR - Failed to execute job 61 for task trigger_dbt_build (Bash command failed. The command returned a non-zero exit code 1.; 9049)
[2026-07-12T00:34:14.444+0000] {local_task_job_runner.py:240} INFO - Task exited with return code 1
[2026-07-12T00:34:14.467+0000] {taskinstance.py:3498} INFO - 0 downstream tasks scheduled from follow-on schedule check
[2026-07-12T00:34:14.469+0000] {local_task_job_runner.py:222} INFO - ::endgroup::
