[2026-07-12T08:12:41.144+0000] {local_task_job_runner.py:120} INFO - ::group::Pre task execution logs
[2026-07-12T08:12:41.178+0000] {taskinstance.py:2076} INFO - Dependencies all met for dep_context=non-requeueable deps ti=<TaskInstance: gold_dbt_dag.trigger_dbt_build dataset_triggered__2026-07-12T05:32:36.399425+00:00 [queued]>
[2026-07-12T08:12:41.185+0000] {taskinstance.py:2076} INFO - Dependencies all met for dep_context=requeueable deps ti=<TaskInstance: gold_dbt_dag.trigger_dbt_build dataset_triggered__2026-07-12T05:32:36.399425+00:00 [queued]>
[2026-07-12T08:12:41.185+0000] {taskinstance.py:2306} INFO - Starting attempt 2 of 2
[2026-07-12T08:12:41.195+0000] {taskinstance.py:2330} INFO - Executing <Task(BashOperator): trigger_dbt_build> on 2026-07-12 05:32:36.399425+00:00
[2026-07-12T08:12:41.205+0000] {logging_mixin.py:188} WARNING - /home/***/.local/lib/python3.12/site-packages/***/task/task_runner/standard_task_runner.py:61 DeprecationWarning: This process (pid=13510) is multi-threaded, use of fork() may lead to deadlocks in the child.
[2026-07-12T08:12:41.207+0000] {standard_task_runner.py:63} INFO - Started process 13527 to run task
[2026-07-12T08:12:41.206+0000] {standard_task_runner.py:90} INFO - Running: ['***', 'tasks', 'run', 'gold_dbt_dag', 'trigger_dbt_build', 'dataset_triggered__2026-07-12T05:32:36.399425+00:00', '--job-id', '110', '--raw', '--subdir', 'DAGS_FOLDER/dag_gold_dbt.py', '--cfg-path', '/tmp/tmprusscb32']
[2026-07-12T08:12:41.208+0000] {standard_task_runner.py:91} INFO - Job 110: Subtask trigger_dbt_build
[2026-07-12T08:12:41.271+0000] {task_command.py:426} INFO - Running <TaskInstance: gold_dbt_dag.trigger_dbt_build dataset_triggered__2026-07-12T05:32:36.399425+00:00 [running]> on host ad4e12f53b08
[2026-07-12T08:12:41.355+0000] {taskinstance.py:2648} INFO - Exporting env vars: AIRFLOW_CTX_DAG_OWNER='data_engineer' AIRFLOW_CTX_DAG_ID='gold_dbt_dag' AIRFLOW_CTX_TASK_ID='trigger_dbt_build' AIRFLOW_CTX_EXECUTION_DATE='2026-07-12T05:32:36.399425+00:00' AIRFLOW_CTX_TRY_NUMBER='2' AIRFLOW_CTX_DAG_RUN_ID='dataset_triggered__2026-07-12T05:32:36.399425+00:00'
[2026-07-12T08:12:41.356+0000] {taskinstance.py:430} INFO - ::endgroup::
[2026-07-12T08:12:41.367+0000] {subprocess.py:63} INFO - Tmp dir root location: /tmp
[2026-07-12T08:12:41.368+0000] {subprocess.py:75} INFO - Running command: ['/usr/bin/bash', '-c', 'cd /opt/***/dbt && dbt build --profiles-dir . --target dev']
[2026-07-12T08:12:41.375+0000] {subprocess.py:86} INFO - Output:
[2026-07-12T08:12:43.365+0000] {subprocess.py:93} INFO - [0m08:12:43  Running with dbt=1.11.11
[2026-07-12T08:12:44.157+0000] {subprocess.py:93} INFO - [0m08:12:44  Registered adapter: bigquery=1.11.3
[2026-07-12T08:12:44.526+0000] {subprocess.py:93} INFO - [0m08:12:44  Found 6 models, 4 sources, 553 macros
[2026-07-12T08:12:44.528+0000] {subprocess.py:93} INFO - [0m08:12:44
[2026-07-12T08:12:44.528+0000] {subprocess.py:93} INFO - [0m08:12:44  Concurrency: 4 threads (target='dev')
[2026-07-12T08:12:44.529+0000] {subprocess.py:93} INFO - [0m08:12:44
[2026-07-12T08:12:46.744+0000] {subprocess.py:93} INFO - [0m08:12:46  1 of 6 START sql table model logistics_mart.dim_drivers ........................ [RUN]
[2026-07-12T08:12:46.749+0000] {subprocess.py:93} INFO - [0m08:12:46  2 of 6 START sql table model logistics_mart.dim_hubs ........................... [RUN]
[2026-07-12T08:12:46.776+0000] {subprocess.py:93} INFO - [0m08:12:46  4 of 6 START sql view model logistics_mart.stg_weather ......................... [RUN]
[2026-07-12T08:12:46.800+0000] {subprocess.py:93} INFO - [0m08:12:46  3 of 6 START sql view model logistics_mart.stg_shipments ....................... [RUN]
[2026-07-12T08:13:03.567+0000] {subprocess.py:93} INFO - [0m08:13:03  3 of 6 ERROR creating sql view model logistics_mart.stg_shipments .............. [[31mERROR[0m in 16.75s]
[2026-07-12T08:13:03.570+0000] {subprocess.py:93} INFO - [0m08:13:03  5 of 6 START sql view model logistics_mart.stg_weather_consensus ............... [RUN]
[2026-07-12T08:13:03.589+0000] {subprocess.py:93} INFO - [0m08:13:03  4 of 6 ERROR creating sql view model logistics_mart.stg_weather ................ [[31mERROR[0m in 16.78s]
[2026-07-12T08:13:04.511+0000] {subprocess.py:93} INFO - [0m08:13:04  2 of 6 ERROR creating sql table model logistics_mart.dim_hubs .................. [[31mERROR[0m in 17.76s]
[2026-07-12T08:13:04.666+0000] {subprocess.py:93} INFO - [0m08:13:04  1 of 6 ERROR creating sql table model logistics_mart.dim_drivers ............... [[31mERROR[0m in 17.88s]
[2026-07-12T09:24:07.205+0000] {subprocess.py:93} INFO - [0m09:24:07  5 of 6 ERROR creating sql view model logistics_mart.stg_weather_consensus ...... [[31mERROR[0m in 4263.62s]
[2026-07-12T09:24:07.225+0000] {subprocess.py:93} INFO - [0m09:24:07  6 of 6 SKIP relation logistics_mart.fact_shipment_weather ...................... [[33mSKIP[0m]
[2026-07-12T09:24:07.423+0000] {subprocess.py:93} INFO - [0m09:24:07
[2026-07-12T09:24:07.424+0000] {subprocess.py:93} INFO - [0m09:24:07  Finished running 3 table models, 3 view models in 1 hours 11 minutes and 22.89 seconds (4282.89s).
[2026-07-12T09:24:07.906+0000] {subprocess.py:93} INFO - [0m09:24:07
[2026-07-12T09:24:07.917+0000] {subprocess.py:93} INFO - [0m09:24:07  [31mCompleted with 5 errors, 0 partial successes, and 0 warnings:[0m
[2026-07-12T09:24:07.919+0000] {subprocess.py:93} INFO - [0m09:24:07
[2026-07-12T09:24:07.922+0000] {subprocess.py:93} INFO - [0m09:24:07  [31mFailure in model stg_shipments (models/staging/stg_shipments.sql)[0m
[2026-07-12T09:24:07.924+0000] {subprocess.py:93} INFO - [0m09:24:07    Database Error in model stg_shipments (models/staging/stg_shipments.sql)
[2026-07-12T09:24:07.924+0000] {subprocess.py:93} INFO -   ('Connection aborted.', RemoteDisconnected('Remote end closed connection without response'))
[2026-07-12T09:24:07.925+0000] {subprocess.py:93} INFO -   compiled code at target/run/logistics_lakehouse/models/staging/stg_shipments.sql
[2026-07-12T09:24:07.926+0000] {subprocess.py:93} INFO - [0m09:24:07
[2026-07-12T09:24:07.927+0000] {subprocess.py:93} INFO - [0m09:24:07    compiled code at target/compiled/logistics_lakehouse/models/staging/stg_shipments.sql
[2026-07-12T09:24:07.928+0000] {subprocess.py:93} INFO - [0m09:24:07
[2026-07-12T09:24:07.930+0000] {subprocess.py:93} INFO - [0m09:24:07  [31mFailure in model stg_weather (models/staging/stg_weather.sql)[0m
[2026-07-12T09:24:07.931+0000] {subprocess.py:93} INFO - [0m09:24:07    Database Error in model stg_weather (models/staging/stg_weather.sql)
[2026-07-12T09:24:07.932+0000] {subprocess.py:93} INFO -   ('Connection aborted.', RemoteDisconnected('Remote end closed connection without response'))
[2026-07-12T09:24:07.933+0000] {subprocess.py:93} INFO -   compiled code at target/run/logistics_lakehouse/models/staging/stg_weather.sql
[2026-07-12T09:24:07.933+0000] {subprocess.py:93} INFO - [0m09:24:07
[2026-07-12T09:24:07.934+0000] {subprocess.py:93} INFO - [0m09:24:07    compiled code at target/compiled/logistics_lakehouse/models/staging/stg_weather.sql
[2026-07-12T09:24:07.934+0000] {subprocess.py:93} INFO - [0m09:24:07
[2026-07-12T09:24:07.936+0000] {subprocess.py:93} INFO - [0m09:24:07  [31mFailure in model dim_hubs (models/mart/dim_hubs.sql)[0m
[2026-07-12T09:24:07.938+0000] {subprocess.py:93} INFO - [0m09:24:07    Database Error in model dim_hubs (models/mart/dim_hubs.sql)
[2026-07-12T09:24:07.939+0000] {subprocess.py:93} INFO -   409 POST https://bigquery.googleapis.com/bigquery/v2/projects/logistics-500519/jobs?prettyPrint=false: Already Exists: Job logistics-500519:US.7ed4b015-3490-4ea4-ab85-7787dcda2890
[2026-07-12T09:24:07.942+0000] {subprocess.py:93} INFO - 
[2026-07-12T09:24:07.945+0000] {subprocess.py:93} INFO -   Location: None
[2026-07-12T09:24:07.946+0000] {subprocess.py:93} INFO -   Job ID: 7ed4b015-3490-4ea4-ab85-7787dcda2890
[2026-07-12T09:24:07.948+0000] {subprocess.py:93} INFO - 
[2026-07-12T09:24:07.951+0000] {subprocess.py:93} INFO -   compiled code at target/run/logistics_lakehouse/models/mart/dim_hubs.sql
[2026-07-12T09:24:07.954+0000] {subprocess.py:93} INFO - [0m09:24:07
[2026-07-12T09:24:07.970+0000] {subprocess.py:93} INFO - [0m09:24:07    compiled code at target/compiled/logistics_lakehouse/models/mart/dim_hubs.sql
[2026-07-12T09:24:07.971+0000] {subprocess.py:93} INFO - [0m09:24:07
[2026-07-12T09:24:07.978+0000] {subprocess.py:93} INFO - [0m09:24:07  [31mFailure in model dim_drivers (models/mart/dim_drivers.sql)[0m
[2026-07-12T09:24:08.006+0000] {subprocess.py:93} INFO - [0m09:24:07    Database Error in model dim_drivers (models/mart/dim_drivers.sql)
[2026-07-12T09:24:08.011+0000] {subprocess.py:93} INFO -   409 POST https://bigquery.googleapis.com/bigquery/v2/projects/logistics-500519/jobs?prettyPrint=false: Already Exists: Job logistics-500519:US.332d9b1b-c1be-41df-8312-d2e247c49002
[2026-07-12T09:24:08.013+0000] {subprocess.py:93} INFO - 
[2026-07-12T09:24:08.015+0000] {subprocess.py:93} INFO -   Location: None
[2026-07-12T09:24:08.017+0000] {subprocess.py:93} INFO -   Job ID: 332d9b1b-c1be-41df-8312-d2e247c49002
[2026-07-12T09:24:08.018+0000] {subprocess.py:93} INFO - 
[2026-07-12T09:24:08.019+0000] {subprocess.py:93} INFO -   compiled code at target/run/logistics_lakehouse/models/mart/dim_drivers.sql
[2026-07-12T09:24:08.020+0000] {subprocess.py:93} INFO - [0m09:24:07
[2026-07-12T09:24:08.021+0000] {subprocess.py:93} INFO - [0m09:24:07    compiled code at target/compiled/logistics_lakehouse/models/mart/dim_drivers.sql
[2026-07-12T09:24:08.021+0000] {subprocess.py:93} INFO - [0m09:24:07
[2026-07-12T09:24:08.024+0000] {subprocess.py:93} INFO - [0m09:24:08  [31mFailure in model stg_weather_consensus (models/staging/stg_weather_consensus.sql)[0m
[2026-07-12T09:24:08.033+0000] {subprocess.py:93} INFO - [0m09:24:08    Database Error in model stg_weather_consensus (models/staging/stg_weather_consensus.sql)
[2026-07-12T09:24:08.034+0000] {subprocess.py:93} INFO -   ('Connection aborted.', RemoteDisconnected('Remote end closed connection without response'))
[2026-07-12T09:24:08.035+0000] {subprocess.py:93} INFO -   compiled code at target/run/logistics_lakehouse/models/staging/stg_weather_consensus.sql
[2026-07-12T09:24:08.035+0000] {subprocess.py:93} INFO - [0m09:24:08
[2026-07-12T09:24:08.036+0000] {subprocess.py:93} INFO - [0m09:24:08    compiled code at target/compiled/logistics_lakehouse/models/staging/stg_weather_consensus.sql
[2026-07-12T09:24:08.055+0000] {subprocess.py:93} INFO - [0m09:24:08
[2026-07-12T09:24:08.057+0000] {subprocess.py:93} INFO - [0m09:24:08  Done. PASS=0 WARN=0 ERROR=5 SKIP=1 NO-OP=0 TOTAL=6
[2026-07-12T09:24:10.149+0000] {subprocess.py:97} INFO - Command exited with return code 1
[2026-07-12T09:24:10.151+0000] {taskinstance.py:441} INFO - ::group::Post task execution logs
[2026-07-12T09:24:10.172+0000] {taskinstance.py:2905} ERROR - Task failed with exception
Traceback (most recent call last):
  File "/home/airflow/.local/lib/python3.12/site-packages/airflow/models/taskinstance.py", line 465, in _execute_task
    result = _execute_callable(context=context, **execute_callable_kwargs)
             ^^^^^^^^^^^^^^^^^^^^^^^^^^^^^^^^^^^^^^^^^^^^^^^^^^^^^^^^^^^^^
  File "/home/airflow/.local/lib/python3.12/site-packages/airflow/models/taskinstance.py", line 432, in _execute_callable
    return execute_callable(context=context, **execute_callable_kwargs)
           ^^^^^^^^^^^^^^^^^^^^^^^^^^^^^^^^^^^^^^^^^^^^^^^^^^^^^^^^^^^^
  File "/home/airflow/.local/lib/python3.12/site-packages/airflow/models/baseoperator.py", line 400, in wrapper
    return func(self, *args, **kwargs)
           ^^^^^^^^^^^^^^^^^^^^^^^^^^^
  File "/home/airflow/.local/lib/python3.12/site-packages/airflow/operators/bash.py", line 243, in execute
    raise AirflowException(
airflow.exceptions.AirflowException: Bash command failed. The command returned a non-zero exit code 1.
[2026-07-12T09:24:10.181+0000] {taskinstance.py:1206} INFO - Marking task as FAILED. dag_id=gold_dbt_dag, task_id=trigger_dbt_build, run_id=dataset_triggered__2026-07-12T05:32:36.399425+00:00, execution_date=20260712T053236, start_date=20260712T081241, end_date=20260712T092410
[2026-07-12T09:24:10.203+0000] {standard_task_runner.py:110} ERROR - Failed to execute job 110 for task trigger_dbt_build (Bash command failed. The command returned a non-zero exit code 1.; 13527)
[2026-07-12T09:24:10.226+0000] {local_task_job_runner.py:240} INFO - Task exited with return code 1
[2026-07-12T09:24:10.252+0000] {taskinstance.py:3498} INFO - 0 downstream tasks scheduled from follow-on schedule check
[2026-07-12T09:24:10.253+0000] {local_task_job_runner.py:222} INFO - ::endgroup::
