[2026-07-12T05:32:37.724+0000] {local_task_job_runner.py:120} INFO - ::group::Pre task execution logs
[2026-07-12T05:32:37.751+0000] {taskinstance.py:2076} INFO - Dependencies all met for dep_context=non-requeueable deps ti=<TaskInstance: gold_dbt_dag.trigger_dbt_build dataset_triggered__2026-07-12T05:32:36.399425+00:00 [queued]>
[2026-07-12T05:32:37.755+0000] {taskinstance.py:2076} INFO - Dependencies all met for dep_context=requeueable deps ti=<TaskInstance: gold_dbt_dag.trigger_dbt_build dataset_triggered__2026-07-12T05:32:36.399425+00:00 [queued]>
[2026-07-12T05:32:37.755+0000] {taskinstance.py:2306} INFO - Starting attempt 1 of 2
[2026-07-12T05:32:37.761+0000] {taskinstance.py:2330} INFO - Executing <Task(BashOperator): trigger_dbt_build> on 2026-07-12 05:32:36.399425+00:00
[2026-07-12T05:32:37.766+0000] {logging_mixin.py:188} WARNING - /home/***/.local/lib/python3.12/site-packages/***/task/task_runner/standard_task_runner.py:61 DeprecationWarning: This process (pid=12835) is multi-threaded, use of fork() may lead to deadlocks in the child.
[2026-07-12T05:32:37.766+0000] {standard_task_runner.py:90} INFO - Running: ['***', 'tasks', 'run', 'gold_dbt_dag', 'trigger_dbt_build', 'dataset_triggered__2026-07-12T05:32:36.399425+00:00', '--job-id', '102', '--raw', '--subdir', 'DAGS_FOLDER/dag_gold_dbt.py', '--cfg-path', '/tmp/tmpktm_pas8']
[2026-07-12T05:32:37.767+0000] {standard_task_runner.py:91} INFO - Job 102: Subtask trigger_dbt_build
[2026-07-12T05:32:37.767+0000] {standard_task_runner.py:63} INFO - Started process 12836 to run task
[2026-07-12T05:32:37.812+0000] {task_command.py:426} INFO - Running <TaskInstance: gold_dbt_dag.trigger_dbt_build dataset_triggered__2026-07-12T05:32:36.399425+00:00 [running]> on host ad4e12f53b08
[2026-07-12T05:32:37.851+0000] {taskinstance.py:2648} INFO - Exporting env vars: AIRFLOW_CTX_DAG_OWNER='data_engineer' AIRFLOW_CTX_DAG_ID='gold_dbt_dag' AIRFLOW_CTX_TASK_ID='trigger_dbt_build' AIRFLOW_CTX_EXECUTION_DATE='2026-07-12T05:32:36.399425+00:00' AIRFLOW_CTX_TRY_NUMBER='1' AIRFLOW_CTX_DAG_RUN_ID='dataset_triggered__2026-07-12T05:32:36.399425+00:00'
[2026-07-12T05:32:37.851+0000] {taskinstance.py:430} INFO - ::endgroup::
[2026-07-12T05:32:37.860+0000] {subprocess.py:63} INFO - Tmp dir root location: /tmp
[2026-07-12T05:32:37.861+0000] {subprocess.py:75} INFO - Running command: ['/usr/bin/bash', '-c', 'cd /opt/***/dbt && dbt build --profiles-dir . --target dev']
[2026-07-12T05:32:37.865+0000] {subprocess.py:86} INFO - Output:
[2026-07-12T05:32:39.196+0000] {subprocess.py:93} INFO - [0m05:32:39  Running with dbt=1.11.11
[2026-07-12T05:32:40.038+0000] {subprocess.py:93} INFO - [0m05:32:40  Registered adapter: bigquery=1.11.3
[2026-07-12T05:32:40.326+0000] {subprocess.py:93} INFO - [0m05:32:40  Found 6 models, 4 sources, 553 macros
[2026-07-12T05:32:40.328+0000] {subprocess.py:93} INFO - [0m05:32:40
[2026-07-12T05:32:40.328+0000] {subprocess.py:93} INFO - [0m05:32:40  Concurrency: 4 threads (target='dev')
[2026-07-12T05:32:40.328+0000] {subprocess.py:93} INFO - [0m05:32:40
[2026-07-12T05:32:42.034+0000] {subprocess.py:93} INFO - [0m05:32:42  1 of 6 START sql table model logistics_mart.dim_drivers ........................ [RUN]
[2026-07-12T05:32:42.036+0000] {subprocess.py:93} INFO - [0m05:32:42  2 of 6 START sql table model logistics_mart.dim_hubs ........................... [RUN]
[2026-07-12T05:32:42.036+0000] {subprocess.py:93} INFO - [0m05:32:42  3 of 6 START sql view model logistics_mart.stg_shipments ....................... [RUN]
[2026-07-12T05:32:42.036+0000] {subprocess.py:93} INFO - [0m05:32:42  4 of 6 START sql view model logistics_mart.stg_weather ......................... [RUN]
[2026-07-12T05:32:44.023+0000] {subprocess.py:93} INFO - [0m05:32:44  BigQuery adapter: https://console.cloud.google.com/bigquery?project=logistics-500519&j=bq:US:f5e7e748-0267-4cf2-beab-cb253e7715b4&page=queryresults
[2026-07-12T05:32:44.059+0000] {subprocess.py:93} INFO - [0m05:32:44  1 of 6 ERROR creating sql table model logistics_mart.dim_drivers ............... [[31mERROR[0m in 2.02s]
[2026-07-12T05:32:44.061+0000] {subprocess.py:93} INFO - [0m05:32:44  5 of 6 START sql view model logistics_mart.stg_weather_consensus ............... [RUN]
[2026-07-12T05:32:44.111+0000] {subprocess.py:93} INFO - [0m05:32:44  4 of 6 OK created sql view model logistics_mart.stg_weather .................... [[32mCREATE VIEW (0 processed)[0m in 2.07s]
[2026-07-12T05:32:44.112+0000] {subprocess.py:93} INFO - [0m05:32:44  3 of 6 OK created sql view model logistics_mart.stg_shipments .................. [[32mCREATE VIEW (0 processed)[0m in 2.07s]
[2026-07-12T05:32:44.159+0000] {subprocess.py:93} INFO - [0m05:32:44  BigQuery adapter: https://console.cloud.google.com/bigquery?project=logistics-500519&j=bq:US:71fc2ae6-5abe-46ff-b24b-18477294dfb1&page=queryresults
[2026-07-12T05:32:44.163+0000] {subprocess.py:93} INFO - [0m05:32:44  2 of 6 ERROR creating sql table model logistics_mart.dim_hubs .................. [[31mERROR[0m in 2.12s]
[2026-07-12T06:53:52.505+0000] {subprocess.py:93} INFO - [0m06:53:52  5 of 6 ERROR creating sql view model logistics_mart.stg_weather_consensus ...... [[31mERROR[0m in 4868.44s]
[2026-07-12T06:53:52.510+0000] {subprocess.py:93} INFO - [0m06:53:52  6 of 6 SKIP relation logistics_mart.fact_shipment_weather ...................... [[33mSKIP[0m]
[2026-07-12T06:53:52.555+0000] {subprocess.py:93} INFO - [0m06:53:52
[2026-07-12T06:53:52.556+0000] {subprocess.py:93} INFO - [0m06:53:52  Finished running 3 table models, 3 view models in 1 hours 21 minutes and 12.23 seconds (4872.23s).
[2026-07-12T06:53:52.621+0000] {subprocess.py:93} INFO - [0m06:53:52
[2026-07-12T06:53:52.622+0000] {subprocess.py:93} INFO - [0m06:53:52  [31mCompleted with 3 errors, 0 partial successes, and 0 warnings:[0m
[2026-07-12T06:53:52.623+0000] {subprocess.py:93} INFO - [0m06:53:52
[2026-07-12T06:53:52.624+0000] {subprocess.py:93} INFO - [0m06:53:52  [31mFailure in model dim_drivers (models/mart/dim_drivers.sql)[0m
[2026-07-12T06:53:52.624+0000] {subprocess.py:93} INFO - [0m06:53:52    Database Error in model dim_drivers (models/mart/dim_drivers.sql)
[2026-07-12T06:53:52.625+0000] {subprocess.py:93} INFO -   Unrecognized name: is_current at [24:7]
[2026-07-12T06:53:52.625+0000] {subprocess.py:93} INFO -   compiled code at target/run/logistics_lakehouse/models/mart/dim_drivers.sql
[2026-07-12T06:53:52.626+0000] {subprocess.py:93} INFO - [0m06:53:52
[2026-07-12T06:53:52.626+0000] {subprocess.py:93} INFO - [0m06:53:52    compiled code at target/compiled/logistics_lakehouse/models/mart/dim_drivers.sql
[2026-07-12T06:53:52.626+0000] {subprocess.py:93} INFO - [0m06:53:52
[2026-07-12T06:53:52.627+0000] {subprocess.py:93} INFO - [0m06:53:52  [31mFailure in model dim_hubs (models/mart/dim_hubs.sql)[0m
[2026-07-12T06:53:52.628+0000] {subprocess.py:93} INFO - [0m06:53:52    Database Error in model dim_hubs (models/mart/dim_hubs.sql)
[2026-07-12T06:53:52.629+0000] {subprocess.py:93} INFO -   Unrecognized name: is_current at [24:7]
[2026-07-12T06:53:52.629+0000] {subprocess.py:93} INFO -   compiled code at target/run/logistics_lakehouse/models/mart/dim_hubs.sql
[2026-07-12T06:53:52.630+0000] {subprocess.py:93} INFO - [0m06:53:52
[2026-07-12T06:53:52.631+0000] {subprocess.py:93} INFO - [0m06:53:52    compiled code at target/compiled/logistics_lakehouse/models/mart/dim_hubs.sql
[2026-07-12T06:53:52.632+0000] {subprocess.py:93} INFO - [0m06:53:52
[2026-07-12T06:53:52.633+0000] {subprocess.py:93} INFO - [0m06:53:52  [31mFailure in model stg_weather_consensus (models/staging/stg_weather_consensus.sql)[0m
[2026-07-12T06:53:52.634+0000] {subprocess.py:93} INFO - [0m06:53:52    Database Error in model stg_weather_consensus (models/staging/stg_weather_consensus.sql)
[2026-07-12T06:53:52.635+0000] {subprocess.py:93} INFO -   409 POST https://bigquery.googleapis.com/bigquery/v2/projects/logistics-500519/jobs?prettyPrint=false: Already Exists: Job logistics-500519:US.0716deb4-a265-4f15-8549-b73f1ecb8d22
[2026-07-12T06:53:52.635+0000] {subprocess.py:93} INFO - 
[2026-07-12T06:53:52.636+0000] {subprocess.py:93} INFO -   Location: None
[2026-07-12T06:53:52.636+0000] {subprocess.py:93} INFO -   Job ID: 0716deb4-a265-4f15-8549-b73f1ecb8d22
[2026-07-12T06:53:52.636+0000] {subprocess.py:93} INFO - 
[2026-07-12T06:53:52.637+0000] {subprocess.py:93} INFO -   compiled code at target/run/logistics_lakehouse/models/staging/stg_weather_consensus.sql
[2026-07-12T06:53:52.637+0000] {subprocess.py:93} INFO - [0m06:53:52
[2026-07-12T06:53:52.637+0000] {subprocess.py:93} INFO - [0m06:53:52    compiled code at target/compiled/logistics_lakehouse/models/staging/stg_weather_consensus.sql
[2026-07-12T06:53:52.638+0000] {subprocess.py:93} INFO - [0m06:53:52
[2026-07-12T06:53:52.638+0000] {subprocess.py:93} INFO - [0m06:53:52  Done. PASS=2 WARN=0 ERROR=3 SKIP=1 NO-OP=0 TOTAL=6
[2026-07-12T06:53:55.690+0000] {subprocess.py:97} INFO - Command exited with return code 1
[2026-07-12T06:53:55.697+0000] {taskinstance.py:441} INFO - ::group::Post task execution logs
[2026-07-12T06:53:55.733+0000] {taskinstance.py:2905} ERROR - Task failed with exception
Traceback (most recent call last):
  File "/home/airflow/.local/lib/python3.12/site-packages/airflow/models/taskinstance.py", line 465, in _execute_task
    result = _execute_callable(context=context, **execute_callable_kwargs)
             ^^^^^^^^^^^^^^^^^^^^^^^^^^^^^^^^^^^^^^^^^^^^^^^^^^^^^^^^^^^^^
  File "/home/airflow/.local/lib/python3.12/site-packages/airflow/models/taskinstance.py", line 432, in _execute_callable
    return execute_callable(context=context, **execute_callable_kwargs)
           ^^^^^^^^^^^^^^^^^^^^^^^^^^^^^^^^^^^^^^^^^^^^^^^^^^^^^^^^^^^^
  File "/home/airflow/.local/lib/python3.12/site-packages/airflow/models/baseoperator.py", line 400, in wrapper
    return func(self, *args, **kwargs)
           ^^^^^^^^^^^^^^^^^^^^^^^^^^^
  File "/home/airflow/.local/lib/python3.12/site-packages/airflow/operators/bash.py", line 243, in execute
    raise AirflowException(
airflow.exceptions.AirflowException: Bash command failed. The command returned a non-zero exit code 1.
[2026-07-12T06:53:55.739+0000] {taskinstance.py:1206} INFO - Marking task as UP_FOR_RETRY. dag_id=gold_dbt_dag, task_id=trigger_dbt_build, run_id=dataset_triggered__2026-07-12T05:32:36.399425+00:00, execution_date=20260712T053236, start_date=20260712T053237, end_date=20260712T065355
[2026-07-12T06:53:55.760+0000] {standard_task_runner.py:110} ERROR - Failed to execute job 102 for task trigger_dbt_build (Bash command failed. The command returned a non-zero exit code 1.; 12836)
[2026-07-12T06:53:55.790+0000] {local_task_job_runner.py:240} INFO - Task exited with return code 1
[2026-07-12T06:53:55.823+0000] {taskinstance.py:3498} INFO - 0 downstream tasks scheduled from follow-on schedule check
[2026-07-12T06:53:55.825+0000] {local_task_job_runner.py:222} INFO - ::endgroup::
