[2026-07-11T16:08:19.361+0000] {local_task_job_runner.py:120} INFO - ::group::Pre task execution logs
[2026-07-11T16:08:19.378+0000] {taskinstance.py:2076} INFO - Dependencies all met for dep_context=non-requeueable deps ti=<TaskInstance: gold_dbt_dag.trigger_dbt_build dataset_triggered__2026-07-11T16:06:09.110486+00:00 [queued]>
[2026-07-11T16:08:19.381+0000] {taskinstance.py:2076} INFO - Dependencies all met for dep_context=requeueable deps ti=<TaskInstance: gold_dbt_dag.trigger_dbt_build dataset_triggered__2026-07-11T16:06:09.110486+00:00 [queued]>
[2026-07-11T16:08:19.381+0000] {taskinstance.py:2306} INFO - Starting attempt 2 of 2
[2026-07-11T16:08:19.387+0000] {taskinstance.py:2330} INFO - Executing <Task(BashOperator): trigger_dbt_build> on 2026-07-11 16:06:09.110486+00:00
[2026-07-11T16:08:19.392+0000] {standard_task_runner.py:90} INFO - Running: ['***', 'tasks', 'run', 'gold_dbt_dag', 'trigger_dbt_build', 'dataset_triggered__2026-07-11T16:06:09.110486+00:00', '--job-id', '11', '--raw', '--subdir', 'DAGS_FOLDER/dag_gold_dbt.py', '--cfg-path', '/tmp/tmpys4b9dge']
[2026-07-11T16:08:19.394+0000] {standard_task_runner.py:91} INFO - Job 11: Subtask trigger_dbt_build
[2026-07-11T16:08:19.395+0000] {logging_mixin.py:188} WARNING - /home/***/.local/lib/python3.12/site-packages/***/task/task_runner/standard_task_runner.py:61 DeprecationWarning: This process (pid=1060) is multi-threaded, use of fork() may lead to deadlocks in the child.
[2026-07-11T16:08:19.395+0000] {standard_task_runner.py:63} INFO - Started process 1061 to run task
[2026-07-11T16:08:19.424+0000] {task_command.py:426} INFO - Running <TaskInstance: gold_dbt_dag.trigger_dbt_build dataset_triggered__2026-07-11T16:06:09.110486+00:00 [running]> on host ad4e12f53b08
[2026-07-11T16:08:19.469+0000] {taskinstance.py:2648} INFO - Exporting env vars: AIRFLOW_CTX_DAG_OWNER='data_engineer' AIRFLOW_CTX_DAG_ID='gold_dbt_dag' AIRFLOW_CTX_TASK_ID='trigger_dbt_build' AIRFLOW_CTX_EXECUTION_DATE='2026-07-11T16:06:09.110486+00:00' AIRFLOW_CTX_TRY_NUMBER='2' AIRFLOW_CTX_DAG_RUN_ID='dataset_triggered__2026-07-11T16:06:09.110486+00:00'
[2026-07-11T16:08:19.470+0000] {taskinstance.py:430} INFO - ::endgroup::
[2026-07-11T16:08:19.481+0000] {subprocess.py:63} INFO - Tmp dir root location: /tmp
[2026-07-11T16:08:19.481+0000] {subprocess.py:75} INFO - Running command: ['/usr/bin/bash', '-c', 'cd /opt/***/dbt && dbt build --profiles-dir . --target dev']
[2026-07-11T16:08:19.486+0000] {subprocess.py:86} INFO - Output:
[2026-07-11T16:08:20.612+0000] {subprocess.py:93} INFO - [0m16:08:20  Running with dbt=1.11.11
[2026-07-11T16:08:21.080+0000] {subprocess.py:93} INFO - [0m16:08:21  Registered adapter: bigquery=1.11.3
[2026-07-11T16:08:21.323+0000] {subprocess.py:93} INFO - [0m16:08:21  Found 6 models, 4 sources, 553 macros
[2026-07-11T16:08:21.325+0000] {subprocess.py:93} INFO - [0m16:08:21
[2026-07-11T16:08:21.325+0000] {subprocess.py:93} INFO - [0m16:08:21  Concurrency: 4 threads (target='dev')
[2026-07-11T16:08:21.325+0000] {subprocess.py:93} INFO - [0m16:08:21
[2026-07-11T16:08:22.729+0000] {subprocess.py:93} INFO - [0m16:08:22  1 of 6 START sql table model logistics_mart.dim_drivers ........................ [RUN]
[2026-07-11T16:08:22.729+0000] {subprocess.py:93} INFO - [0m16:08:22  2 of 6 START sql table model logistics_mart.dim_hubs ........................... [RUN]
[2026-07-11T16:08:22.730+0000] {subprocess.py:93} INFO - [0m16:08:22  3 of 6 START sql view model logistics_mart.stg_shipments ....................... [RUN]
[2026-07-11T16:08:22.730+0000] {subprocess.py:93} INFO - [0m16:08:22  4 of 6 START sql view model logistics_mart.stg_weather ......................... [RUN]
[2026-07-11T16:08:24.676+0000] {subprocess.py:93} INFO - [0m16:08:24  3 of 6 OK created sql view model logistics_mart.stg_shipments .................. [[32mCREATE VIEW (0 processed)[0m in 1.94s]
[2026-07-11T16:08:24.677+0000] {subprocess.py:93} INFO - [0m16:08:24  4 of 6 OK created sql view model logistics_mart.stg_weather .................... [[32mCREATE VIEW (0 processed)[0m in 1.94s]
[2026-07-11T16:08:24.679+0000] {subprocess.py:93} INFO - [0m16:08:24  5 of 6 START sql view model logistics_mart.stg_weather_consensus ............... [RUN]
[2026-07-11T16:08:24.730+0000] {subprocess.py:93} INFO - [0m16:08:24  BigQuery adapter: https://console.cloud.google.com/bigquery?project=logistics-500519&j=bq:US:49493993-645d-45d0-a7ed-f4500865958b&page=queryresults
[2026-07-11T16:08:24.735+0000] {subprocess.py:93} INFO - [0m16:08:24  1 of 6 ERROR creating sql table model logistics_mart.dim_drivers ............... [[31mERROR[0m in 2.00s]
[2026-07-11T16:08:24.793+0000] {subprocess.py:93} INFO - [0m16:08:24  BigQuery adapter: https://console.cloud.google.com/bigquery?project=logistics-500519&j=bq:US:8f25acd5-1ece-40ab-af6d-f4bba7dd040c&page=queryresults
[2026-07-11T16:08:24.798+0000] {subprocess.py:93} INFO - [0m16:08:24  2 of 6 ERROR creating sql table model logistics_mart.dim_hubs .................. [[31mERROR[0m in 2.07s]
[2026-07-11T16:08:26.284+0000] {subprocess.py:93} INFO - [0m16:08:26  5 of 6 OK created sql view model logistics_mart.stg_weather_consensus .......... [[32mCREATE VIEW (0 processed)[0m in 1.60s]
[2026-07-11T16:08:26.289+0000] {subprocess.py:93} INFO - [0m16:08:26  6 of 6 SKIP relation logistics_mart.fact_shipment_weather ...................... [[33mSKIP[0m]
[2026-07-11T16:08:26.331+0000] {subprocess.py:93} INFO - [0m16:08:26
[2026-07-11T16:08:26.332+0000] {subprocess.py:93} INFO - [0m16:08:26  Finished running 3 table models, 3 view models in 0 hours 0 minutes and 5.00 seconds (5.00s).
[2026-07-11T16:08:26.394+0000] {subprocess.py:93} INFO - [0m16:08:26
[2026-07-11T16:08:26.395+0000] {subprocess.py:93} INFO - [0m16:08:26  [31mCompleted with 2 errors, 0 partial successes, and 0 warnings:[0m
[2026-07-11T16:08:26.395+0000] {subprocess.py:93} INFO - [0m16:08:26
[2026-07-11T16:08:26.395+0000] {subprocess.py:93} INFO - [0m16:08:26  [31mFailure in model dim_drivers (models/mart/dim_drivers.sql)[0m
[2026-07-11T16:08:26.395+0000] {subprocess.py:93} INFO - [0m16:08:26    Database Error in model dim_drivers (models/mart/dim_drivers.sql)
[2026-07-11T16:08:26.396+0000] {subprocess.py:93} INFO -   Unrecognized name: is_current at [24:7]
[2026-07-11T16:08:26.396+0000] {subprocess.py:93} INFO -   compiled code at target/run/logistics_lakehouse/models/mart/dim_drivers.sql
[2026-07-11T16:08:26.396+0000] {subprocess.py:93} INFO - [0m16:08:26
[2026-07-11T16:08:26.396+0000] {subprocess.py:93} INFO - [0m16:08:26    compiled code at target/compiled/logistics_lakehouse/models/mart/dim_drivers.sql
[2026-07-11T16:08:26.396+0000] {subprocess.py:93} INFO - [0m16:08:26
[2026-07-11T16:08:26.396+0000] {subprocess.py:93} INFO - [0m16:08:26  [31mFailure in model dim_hubs (models/mart/dim_hubs.sql)[0m
[2026-07-11T16:08:26.397+0000] {subprocess.py:93} INFO - [0m16:08:26    Database Error in model dim_hubs (models/mart/dim_hubs.sql)
[2026-07-11T16:08:26.397+0000] {subprocess.py:93} INFO -   Unrecognized name: is_current at [24:7]
[2026-07-11T16:08:26.397+0000] {subprocess.py:93} INFO -   compiled code at target/run/logistics_lakehouse/models/mart/dim_hubs.sql
[2026-07-11T16:08:26.397+0000] {subprocess.py:93} INFO - [0m16:08:26
[2026-07-11T16:08:26.398+0000] {subprocess.py:93} INFO - [0m16:08:26    compiled code at target/compiled/logistics_lakehouse/models/mart/dim_hubs.sql
[2026-07-11T16:08:26.398+0000] {subprocess.py:93} INFO - [0m16:08:26
[2026-07-11T16:08:26.398+0000] {subprocess.py:93} INFO - [0m16:08:26  Done. PASS=3 WARN=0 ERROR=2 SKIP=1 NO-OP=0 TOTAL=6
[2026-07-11T16:08:27.996+0000] {subprocess.py:97} INFO - Command exited with return code 1
[2026-07-11T16:08:28.001+0000] {taskinstance.py:441} INFO - ::group::Post task execution logs
[2026-07-11T16:08:28.014+0000] {taskinstance.py:2905} ERROR - Task failed with exception
Traceback (most recent call last):
  File "/home/airflow/.local/lib/python3.12/site-packages/airflow/models/taskinstance.py", line 465, in _execute_task
    result = _execute_callable(context=context, **execute_callable_kwargs)
             ^^^^^^^^^^^^^^^^^^^^^^^^^^^^^^^^^^^^^^^^^^^^^^^^^^^^^^^^^^^^^
  File "/home/airflow/.local/lib/python3.12/site-packages/airflow/models/taskinstance.py", line 432, in _execute_callable
    return execute_callable(context=context, **execute_callable_kwargs)
           ^^^^^^^^^^^^^^^^^^^^^^^^^^^^^^^^^^^^^^^^^^^^^^^^^^^^^^^^^^^^
  File "/home/airflow/.local/lib/python3.12/site-packages/airflow/models/baseoperator.py", line 400, in wrapper
    return func(self, *args, **kwargs)
           ^^^^^^^^^^^^^^^^^^^^^^^^^^^
  File "/home/airflow/.local/lib/python3.12/site-packages/airflow/operators/bash.py", line 243, in execute
    raise AirflowException(
airflow.exceptions.AirflowException: Bash command failed. The command returned a non-zero exit code 1.
[2026-07-11T16:08:28.017+0000] {taskinstance.py:1206} INFO - Marking task as FAILED. dag_id=gold_dbt_dag, task_id=trigger_dbt_build, run_id=dataset_triggered__2026-07-11T16:06:09.110486+00:00, execution_date=20260711T160609, start_date=20260711T160819, end_date=20260711T160828
[2026-07-11T16:08:28.026+0000] {standard_task_runner.py:110} ERROR - Failed to execute job 11 for task trigger_dbt_build (Bash command failed. The command returned a non-zero exit code 1.; 1061)
[2026-07-11T16:08:28.041+0000] {local_task_job_runner.py:240} INFO - Task exited with return code 1
[2026-07-11T16:08:28.055+0000] {taskinstance.py:3498} INFO - 0 downstream tasks scheduled from follow-on schedule check
[2026-07-11T16:08:28.056+0000] {local_task_job_runner.py:222} INFO - ::endgroup::
