[2026-07-07T08:32:10.428+0000] {local_task_job_runner.py:120} INFO - ::group::Pre task execution logs
[2026-07-07T08:32:10.443+0000] {taskinstance.py:2076} INFO - Dependencies all met for dep_context=non-requeueable deps ti=<TaskInstance: silver_weather_dag.spark_weather_to_iceberg dataset_triggered__2026-07-07T08:32:09.755436+00:00 [queued]>
[2026-07-07T08:32:10.447+0000] {taskinstance.py:2076} INFO - Dependencies all met for dep_context=requeueable deps ti=<TaskInstance: silver_weather_dag.spark_weather_to_iceberg dataset_triggered__2026-07-07T08:32:09.755436+00:00 [queued]>
[2026-07-07T08:32:10.447+0000] {taskinstance.py:2306} INFO - Starting attempt 1 of 1
[2026-07-07T08:32:10.453+0000] {taskinstance.py:2330} INFO - Executing <Task(BashOperator): spark_weather_to_iceberg> on 2026-07-07 08:32:09.755436+00:00
[2026-07-07T08:32:10.458+0000] {standard_task_runner.py:90} INFO - Running: ['***', 'tasks', 'run', 'silver_weather_dag', 'spark_weather_to_iceberg', 'dataset_triggered__2026-07-07T08:32:09.755436+00:00', '--job-id', '931', '--raw', '--subdir', 'DAGS_FOLDER/dag_silver_weather.py', '--cfg-path', '/tmp/tmph3tx8a8l']
[2026-07-07T08:32:10.460+0000] {standard_task_runner.py:91} INFO - Job 931: Subtask spark_weather_to_iceberg
[2026-07-07T08:32:10.463+0000] {logging_mixin.py:188} WARNING - /home/***/.local/lib/python3.12/site-packages/***/task/task_runner/standard_task_runner.py:61 DeprecationWarning: This process (pid=32995) is multi-threaded, use of fork() may lead to deadlocks in the child.
[2026-07-07T08:32:10.464+0000] {standard_task_runner.py:63} INFO - Started process 32998 to run task
[2026-07-07T08:32:10.483+0000] {task_command.py:426} INFO - Running <TaskInstance: silver_weather_dag.spark_weather_to_iceberg dataset_triggered__2026-07-07T08:32:09.755436+00:00 [running]> on host bd23e89d97be
[2026-07-07T08:32:10.517+0000] {taskinstance.py:2648} INFO - Exporting env vars: AIRFLOW_CTX_DAG_OWNER='data_engineer' AIRFLOW_CTX_DAG_ID='silver_weather_dag' AIRFLOW_CTX_TASK_ID='spark_weather_to_iceberg' AIRFLOW_CTX_EXECUTION_DATE='2026-07-07T08:32:09.755436+00:00' AIRFLOW_CTX_TRY_NUMBER='1' AIRFLOW_CTX_DAG_RUN_ID='dataset_triggered__2026-07-07T08:32:09.755436+00:00'
[2026-07-07T08:32:10.517+0000] {taskinstance.py:430} INFO - ::endgroup::
[2026-07-07T08:32:10.524+0000] {subprocess.py:63} INFO - Tmp dir root location: /tmp
[2026-07-07T08:32:10.524+0000] {subprocess.py:75} INFO - Running command: ['/usr/bin/bash', '-c', 'export JAVA_HOME=/usr/lib/jvm/default-java && python /opt/***/dags/spark/silver_weather.py "gs://your-lakehouse-bucket/bronze/weather/weather_forecast_latest.parquet" "weather_iceberg"']
[2026-07-07T08:32:10.529+0000] {subprocess.py:86} INFO - Output:
[2026-07-07T08:32:11.111+0000] {subprocess.py:93} INFO - WARNING: Using incubator modules: jdk.incubator.vector
[2026-07-07T08:32:11.962+0000] {subprocess.py:93} INFO - Using Spark's default log4j profile: org/apache/spark/log4j2-defaults.properties
[2026-07-07T08:32:11.967+0000] {subprocess.py:93} INFO - Setting default log level to "WARN".
[2026-07-07T08:32:11.968+0000] {subprocess.py:93} INFO - To adjust logging level use sc.setLogLevel(newLevel). For SparkR, use setLogLevel(newLevel).
[2026-07-07T08:32:12.349+0000] {subprocess.py:93} INFO - 26/07/07 08:32:12 WARN NativeCodeLoader: Unable to load native-hadoop library for your platform... using builtin-java classes where applicable
[2026-07-07T08:32:13.047+0000] {subprocess.py:93} INFO - 26/07/07 08:32:13 WARN Utils: Service 'SparkUI' could not bind on port 4040. Attempting port 4041.
[2026-07-07T08:32:19.415+0000] {subprocess.py:93} INFO - [Stage 0:>                                                        (0 + 12) / 12][Stage 0:====>                                                    (1 + 11) / 12][Stage 0:===============================================>         (10 + 2) / 12]                                                                                SUCCESS: Data written to /opt/***/lakehouse/silver/weather_iceberg
[2026-07-07T08:32:20.036+0000] {subprocess.py:97} INFO - Command exited with return code 0
[2026-07-07T08:32:20.040+0000] {taskinstance.py:441} INFO - ::group::Post task execution logs
[2026-07-07T08:32:20.078+0000] {logging_mixin.py:188} WARNING - /home/***/.local/lib/python3.12/site-packages/***/models/baseoperator.py:1564 RemovedInAirflow3Warning: Passing 'execution_date' to 'TaskInstance.xcom_push()' is deprecated.
[2026-07-07T08:32:20.092+0000] {taskinstance.py:1206} INFO - Marking task as SUCCESS. dag_id=silver_weather_dag, task_id=spark_weather_to_iceberg, run_id=dataset_triggered__2026-07-07T08:32:09.755436+00:00, execution_date=20260707T083209, start_date=20260707T083210, end_date=20260707T083220
[2026-07-07T08:32:20.139+0000] {local_task_job_runner.py:240} INFO - Task exited with return code 0
[2026-07-07T08:32:20.159+0000] {local_task_job_runner.py:222} INFO - ::endgroup::
