[2026-07-12T11:26:00.658+0000] {local_task_job_runner.py:120} INFO - ::group::Pre task execution logs
[2026-07-12T11:26:00.698+0000] {taskinstance.py:2076} INFO - Dependencies all met for dep_context=non-requeueable deps ti=<TaskInstance: gold_dbt_dag.trigger_dbt_build dataset_triggered__2026-07-12T09:24:16.228026+00:00 [queued]>
[2026-07-12T11:26:00.706+0000] {taskinstance.py:2076} INFO - Dependencies all met for dep_context=requeueable deps ti=<TaskInstance: gold_dbt_dag.trigger_dbt_build dataset_triggered__2026-07-12T09:24:16.228026+00:00 [queued]>
[2026-07-12T11:26:00.707+0000] {taskinstance.py:2306} INFO - Starting attempt 2 of 2
[2026-07-12T11:26:00.716+0000] {taskinstance.py:2330} INFO - Executing <Task(BashOperator): trigger_dbt_build> on 2026-07-12 09:24:16.228026+00:00
[2026-07-12T11:26:00.723+0000] {standard_task_runner.py:90} INFO - Running: ['***', 'tasks', 'run', 'gold_dbt_dag', 'trigger_dbt_build', 'dataset_triggered__2026-07-12T09:24:16.228026+00:00', '--job-id', '133', '--raw', '--subdir', 'DAGS_FOLDER/dag_gold_dbt.py', '--cfg-path', '/tmp/tmp_iya6388']
[2026-07-12T11:26:00.726+0000] {standard_task_runner.py:91} INFO - Job 133: Subtask trigger_dbt_build
[2026-07-12T11:26:00.735+0000] {logging_mixin.py:188} WARNING - /home/***/.local/lib/python3.12/site-packages/***/task/task_runner/standard_task_runner.py:61 DeprecationWarning: This process (pid=15424) is multi-threaded, use of fork() may lead to deadlocks in the child.
[2026-07-12T11:26:00.737+0000] {standard_task_runner.py:63} INFO - Started process 15444 to run task
[2026-07-12T11:26:00.766+0000] {task_command.py:426} INFO - Running <TaskInstance: gold_dbt_dag.trigger_dbt_build dataset_triggered__2026-07-12T09:24:16.228026+00:00 [running]> on host ad4e12f53b08
[2026-07-12T11:26:00.813+0000] {taskinstance.py:2648} INFO - Exporting env vars: AIRFLOW_CTX_DAG_OWNER='data_engineer' AIRFLOW_CTX_DAG_ID='gold_dbt_dag' AIRFLOW_CTX_TASK_ID='trigger_dbt_build' AIRFLOW_CTX_EXECUTION_DATE='2026-07-12T09:24:16.228026+00:00' AIRFLOW_CTX_TRY_NUMBER='2' AIRFLOW_CTX_DAG_RUN_ID='dataset_triggered__2026-07-12T09:24:16.228026+00:00'
[2026-07-12T11:26:00.813+0000] {taskinstance.py:430} INFO - ::endgroup::
[2026-07-12T11:26:00.824+0000] {subprocess.py:63} INFO - Tmp dir root location: /tmp
[2026-07-12T11:26:00.825+0000] {subprocess.py:75} INFO - Running command: ['/usr/bin/bash', '-c', 'cd /opt/***/dbt && dbt build --profiles-dir . --target dev']
[2026-07-12T11:26:00.830+0000] {subprocess.py:86} INFO - Output:
[2026-07-12T11:26:02.766+0000] {subprocess.py:93} INFO - [0m11:26:02  Running with dbt=1.11.11
[2026-07-12T11:26:03.576+0000] {subprocess.py:93} INFO - [0m11:26:03  Registered adapter: bigquery=1.11.3
[2026-07-12T11:26:03.934+0000] {subprocess.py:93} INFO - [0m11:26:03  Found 6 models, 4 sources, 553 macros
[2026-07-12T11:26:03.936+0000] {subprocess.py:93} INFO - [0m11:26:03
[2026-07-12T11:26:03.937+0000] {subprocess.py:93} INFO - [0m11:26:03  Concurrency: 4 threads (target='dev')
[2026-07-12T11:26:03.939+0000] {subprocess.py:93} INFO - [0m11:26:03
[2026-07-12T11:26:12.004+0000] {subprocess.py:93} INFO - WARNING:urllib3.connectionpool:Retrying (Retry(total=2, connect=None, read=None, redirect=None, status=None)) after connection broken by 'NameResolutionError("<urllib3.connection.HTTPSConnection object at 0xffff89f641d0>: Failed to resolve 'oauth2.googleapis.com' ([Errno -3] Temporary failure in name resolution)")': /token
[2026-07-12T11:45:09.559+0000] {subprocess.py:93} INFO - WARNING:urllib3.connectionpool:Retrying (Retry(total=1, connect=None, read=None, redirect=None, status=None)) after connection broken by 'SSLError(SSLEOFError(8, '[SSL: UNEXPECTED_EOF_WHILE_READING] EOF occurred in violation of protocol (_ssl.c:1000)'))': /token
[2026-07-12T11:46:26.455+0000] {subprocess.py:93} INFO - WARNING:urllib3.connectionpool:Retrying (Retry(total=2, connect=None, read=None, redirect=None, status=None)) after connection broken by 'RemoteDisconnected('Remote end closed connection without response')': /v1/projects/-/serviceAccounts/dbt-logistics-runner@project-592ab4fe-f210-4e44-9b9.iam.gserviceaccount.com/allowedLocations
[2026-07-12T11:46:28.999+0000] {subprocess.py:93} INFO - [0m11:46:28
[2026-07-12T11:46:29.000+0000] {subprocess.py:93} INFO - [0m11:46:28  Finished running  in 0 hours 20 minutes and 25.06 seconds (1225.06s).
[2026-07-12T11:46:29.019+0000] {subprocess.py:93} INFO - [0m11:46:29  Encountered an error:
[2026-07-12T11:46:29.020+0000] {subprocess.py:93} INFO - Database Error
[2026-07-12T11:46:29.020+0000] {subprocess.py:93} INFO -   ('Connection aborted.', RemoteDisconnected('Remote end closed connection without response'))
[2026-07-12T11:46:45.535+0000] {subprocess.py:97} INFO - Command exited with return code 2
[2026-07-12T11:46:45.538+0000] {taskinstance.py:441} INFO - ::group::Post task execution logs
[2026-07-12T11:46:45.565+0000] {taskinstance.py:2905} ERROR - Task failed with exception
Traceback (most recent call last):
  File "/home/airflow/.local/lib/python3.12/site-packages/airflow/models/taskinstance.py", line 465, in _execute_task
    result = _execute_callable(context=context, **execute_callable_kwargs)
             ^^^^^^^^^^^^^^^^^^^^^^^^^^^^^^^^^^^^^^^^^^^^^^^^^^^^^^^^^^^^^
  File "/home/airflow/.local/lib/python3.12/site-packages/airflow/models/taskinstance.py", line 432, in _execute_callable
    return execute_callable(context=context, **execute_callable_kwargs)
           ^^^^^^^^^^^^^^^^^^^^^^^^^^^^^^^^^^^^^^^^^^^^^^^^^^^^^^^^^^^^
  File "/home/airflow/.local/lib/python3.12/site-packages/airflow/models/baseoperator.py", line 400, in wrapper
    return func(self, *args, **kwargs)
           ^^^^^^^^^^^^^^^^^^^^^^^^^^^
  File "/home/airflow/.local/lib/python3.12/site-packages/airflow/operators/bash.py", line 243, in execute
    raise AirflowException(
airflow.exceptions.AirflowException: Bash command failed. The command returned a non-zero exit code 2.
[2026-07-12T11:46:45.571+0000] {taskinstance.py:1206} INFO - Marking task as FAILED. dag_id=gold_dbt_dag, task_id=trigger_dbt_build, run_id=dataset_triggered__2026-07-12T09:24:16.228026+00:00, execution_date=20260712T092416, start_date=20260712T112600, end_date=20260712T114645
[2026-07-12T11:46:45.583+0000] {standard_task_runner.py:110} ERROR - Failed to execute job 133 for task trigger_dbt_build (Bash command failed. The command returned a non-zero exit code 2.; 15444)
[2026-07-12T11:46:45.597+0000] {local_task_job_runner.py:240} INFO - Task exited with return code 1
[2026-07-12T11:46:45.614+0000] {taskinstance.py:3498} INFO - 0 downstream tasks scheduled from follow-on schedule check
[2026-07-12T11:46:45.615+0000] {local_task_job_runner.py:222} INFO - ::endgroup::
