[2026-07-12T09:24:16.918+0000] {local_task_job_runner.py:120} INFO - ::group::Pre task execution logs
[2026-07-12T09:24:16.947+0000] {taskinstance.py:2076} INFO - Dependencies all met for dep_context=non-requeueable deps ti=<TaskInstance: gold_dbt_dag.trigger_dbt_build dataset_triggered__2026-07-12T09:24:16.228026+00:00 [queued]>
[2026-07-12T09:24:16.954+0000] {taskinstance.py:2076} INFO - Dependencies all met for dep_context=requeueable deps ti=<TaskInstance: gold_dbt_dag.trigger_dbt_build dataset_triggered__2026-07-12T09:24:16.228026+00:00 [queued]>
[2026-07-12T09:24:16.954+0000] {taskinstance.py:2306} INFO - Starting attempt 1 of 2
[2026-07-12T09:24:16.961+0000] {taskinstance.py:2330} INFO - Executing <Task(BashOperator): trigger_dbt_build> on 2026-07-12 09:24:16.228026+00:00
[2026-07-12T09:24:16.968+0000] {logging_mixin.py:188} WARNING - /home/***/.local/lib/python3.12/site-packages/***/task/task_runner/standard_task_runner.py:61 DeprecationWarning: This process (pid=14739) is multi-threaded, use of fork() may lead to deadlocks in the child.
[2026-07-12T09:24:16.970+0000] {standard_task_runner.py:63} INFO - Started process 14740 to run task
[2026-07-12T09:24:16.968+0000] {standard_task_runner.py:90} INFO - Running: ['***', 'tasks', 'run', 'gold_dbt_dag', 'trigger_dbt_build', 'dataset_triggered__2026-07-12T09:24:16.228026+00:00', '--job-id', '125', '--raw', '--subdir', 'DAGS_FOLDER/dag_gold_dbt.py', '--cfg-path', '/tmp/tmpyczcp3wt']
[2026-07-12T09:24:16.972+0000] {standard_task_runner.py:91} INFO - Job 125: Subtask trigger_dbt_build
[2026-07-12T09:24:17.008+0000] {task_command.py:426} INFO - Running <TaskInstance: gold_dbt_dag.trigger_dbt_build dataset_triggered__2026-07-12T09:24:16.228026+00:00 [running]> on host ad4e12f53b08
[2026-07-12T09:24:17.052+0000] {taskinstance.py:2648} INFO - Exporting env vars: AIRFLOW_CTX_DAG_OWNER='data_engineer' AIRFLOW_CTX_DAG_ID='gold_dbt_dag' AIRFLOW_CTX_TASK_ID='trigger_dbt_build' AIRFLOW_CTX_EXECUTION_DATE='2026-07-12T09:24:16.228026+00:00' AIRFLOW_CTX_TRY_NUMBER='1' AIRFLOW_CTX_DAG_RUN_ID='dataset_triggered__2026-07-12T09:24:16.228026+00:00'
[2026-07-12T09:24:17.052+0000] {taskinstance.py:430} INFO - ::endgroup::
[2026-07-12T09:24:17.060+0000] {subprocess.py:63} INFO - Tmp dir root location: /tmp
[2026-07-12T09:24:17.061+0000] {subprocess.py:75} INFO - Running command: ['/usr/bin/bash', '-c', 'cd /opt/***/dbt && dbt build --profiles-dir . --target dev']
[2026-07-12T09:24:17.066+0000] {subprocess.py:86} INFO - Output:
[2026-07-12T09:24:18.331+0000] {subprocess.py:93} INFO - [0m09:24:18  Running with dbt=1.11.11
[2026-07-12T09:24:18.895+0000] {subprocess.py:93} INFO - [0m09:24:18  Registered adapter: bigquery=1.11.3
[2026-07-12T09:24:19.120+0000] {subprocess.py:93} INFO - [0m09:24:19  Found 6 models, 4 sources, 553 macros
[2026-07-12T09:24:19.121+0000] {subprocess.py:93} INFO - [0m09:24:19
[2026-07-12T09:24:19.121+0000] {subprocess.py:93} INFO - [0m09:24:19  Concurrency: 4 threads (target='dev')
[2026-07-12T09:24:19.121+0000] {subprocess.py:93} INFO - [0m09:24:19
[2026-07-12T09:24:20.701+0000] {subprocess.py:93} INFO - [0m09:24:20  1 of 6 START sql table model logistics_mart.dim_drivers ........................ [RUN]
[2026-07-12T09:24:20.701+0000] {subprocess.py:93} INFO - [0m09:24:20  2 of 6 START sql table model logistics_mart.dim_hubs ........................... [RUN]
[2026-07-12T09:24:20.702+0000] {subprocess.py:93} INFO - [0m09:24:20  3 of 6 START sql view model logistics_mart.stg_shipments ....................... [RUN]
[2026-07-12T09:24:20.702+0000] {subprocess.py:93} INFO - [0m09:24:20  4 of 6 START sql view model logistics_mart.stg_weather ......................... [RUN]
[2026-07-12T10:25:03.015+0000] {subprocess.py:93} INFO - [0m10:25:03  4 of 6 ERROR creating sql view model logistics_mart.stg_weather ................ [[31mERROR[0m in 3642.30s]
[2026-07-12T10:25:03.020+0000] {subprocess.py:93} INFO - [0m10:25:03  5 of 6 START sql view model logistics_mart.stg_weather_consensus ............... [RUN]
[2026-07-12T10:25:03.333+0000] {subprocess.py:93} INFO - [0m10:25:03  3 of 6 ERROR creating sql view model logistics_mart.stg_shipments .............. [[31mERROR[0m in 3642.63s]
[2026-07-12T10:25:03.449+0000] {subprocess.py:93} INFO - [0m10:25:03  BigQuery adapter: https://console.cloud.google.com/bigquery?project=logistics-500519&j=bq:US:8767168b-1800-4277-ba7d-01e689f882e6&page=queryresults
[2026-07-12T10:25:03.454+0000] {subprocess.py:93} INFO - [0m10:25:03  2 of 6 ERROR creating sql table model logistics_mart.dim_hubs .................. [[31mERROR[0m in 3642.75s]
[2026-07-12T10:25:03.618+0000] {subprocess.py:93} INFO - [0m10:25:03  BigQuery adapter: https://console.cloud.google.com/bigquery?project=logistics-500519&j=bq:US:cce980e7-e9a4-4659-b8ee-2e3f38a83565&page=queryresults
[2026-07-12T10:25:03.623+0000] {subprocess.py:93} INFO - [0m10:25:03  1 of 6 ERROR creating sql table model logistics_mart.dim_drivers ............... [[31mERROR[0m in 3642.92s]
[2026-07-12T10:25:04.810+0000] {subprocess.py:93} INFO - [0m10:25:04  5 of 6 OK created sql view model logistics_mart.stg_weather_consensus .......... [[32mCREATE VIEW (0 processed)[0m in 1.79s]
[2026-07-12T10:25:04.813+0000] {subprocess.py:93} INFO - [0m10:25:04  6 of 6 SKIP relation logistics_mart.fact_shipment_weather ...................... [[33mSKIP[0m]
[2026-07-12T10:25:04.854+0000] {subprocess.py:93} INFO - [0m10:25:04
[2026-07-12T10:25:04.855+0000] {subprocess.py:93} INFO - [0m10:25:04  Finished running 3 table models, 3 view models in 1 hours 0 minutes and 45.73 seconds (3645.73s).
[2026-07-12T10:25:04.912+0000] {subprocess.py:93} INFO - [0m10:25:04
[2026-07-12T10:25:04.912+0000] {subprocess.py:93} INFO - [0m10:25:04  [31mCompleted with 4 errors, 0 partial successes, and 0 warnings:[0m
[2026-07-12T10:25:04.913+0000] {subprocess.py:93} INFO - [0m10:25:04
[2026-07-12T10:25:04.913+0000] {subprocess.py:93} INFO - [0m10:25:04  [31mFailure in model stg_weather (models/staging/stg_weather.sql)[0m
[2026-07-12T10:25:04.914+0000] {subprocess.py:93} INFO - [0m10:25:04    Database Error in model stg_weather (models/staging/stg_weather.sql)
[2026-07-12T10:25:04.914+0000] {subprocess.py:93} INFO -   409 POST https://bigquery.googleapis.com/bigquery/v2/projects/logistics-500519/jobs?prettyPrint=false: Already Exists: Job logistics-500519:US.5982326d-a980-4aaa-9f3f-3036d3f19ef9
[2026-07-12T10:25:04.914+0000] {subprocess.py:93} INFO - 
[2026-07-12T10:25:04.914+0000] {subprocess.py:93} INFO -   Location: None
[2026-07-12T10:25:04.914+0000] {subprocess.py:93} INFO -   Job ID: 5982326d-a980-4aaa-9f3f-3036d3f19ef9
[2026-07-12T10:25:04.914+0000] {subprocess.py:93} INFO - 
[2026-07-12T10:25:04.915+0000] {subprocess.py:93} INFO -   compiled code at target/run/logistics_lakehouse/models/staging/stg_weather.sql
[2026-07-12T10:25:04.915+0000] {subprocess.py:93} INFO - [0m10:25:04
[2026-07-12T10:25:04.915+0000] {subprocess.py:93} INFO - [0m10:25:04    compiled code at target/compiled/logistics_lakehouse/models/staging/stg_weather.sql
[2026-07-12T10:25:04.915+0000] {subprocess.py:93} INFO - [0m10:25:04
[2026-07-12T10:25:04.915+0000] {subprocess.py:93} INFO - [0m10:25:04  [31mFailure in model stg_shipments (models/staging/stg_shipments.sql)[0m
[2026-07-12T10:25:04.915+0000] {subprocess.py:93} INFO - [0m10:25:04    Database Error in model stg_shipments (models/staging/stg_shipments.sql)
[2026-07-12T10:25:04.916+0000] {subprocess.py:93} INFO -   409 POST https://bigquery.googleapis.com/bigquery/v2/projects/logistics-500519/jobs?prettyPrint=false: Already Exists: Job logistics-500519:US.b6e9dc00-9ec7-4216-b49a-acb262dc4233
[2026-07-12T10:25:04.916+0000] {subprocess.py:93} INFO - 
[2026-07-12T10:25:04.916+0000] {subprocess.py:93} INFO -   Location: None
[2026-07-12T10:25:04.916+0000] {subprocess.py:93} INFO -   Job ID: b6e9dc00-9ec7-4216-b49a-acb262dc4233
[2026-07-12T10:25:04.916+0000] {subprocess.py:93} INFO - 
[2026-07-12T10:25:04.917+0000] {subprocess.py:93} INFO -   compiled code at target/run/logistics_lakehouse/models/staging/stg_shipments.sql
[2026-07-12T10:25:04.917+0000] {subprocess.py:93} INFO - [0m10:25:04
[2026-07-12T10:25:04.917+0000] {subprocess.py:93} INFO - [0m10:25:04    compiled code at target/compiled/logistics_lakehouse/models/staging/stg_shipments.sql
[2026-07-12T10:25:04.917+0000] {subprocess.py:93} INFO - [0m10:25:04
[2026-07-12T10:25:04.917+0000] {subprocess.py:93} INFO - [0m10:25:04  [31mFailure in model dim_hubs (models/mart/dim_hubs.sql)[0m
[2026-07-12T10:25:04.917+0000] {subprocess.py:93} INFO - [0m10:25:04    Database Error in model dim_hubs (models/mart/dim_hubs.sql)
[2026-07-12T10:25:04.917+0000] {subprocess.py:93} INFO -   Unrecognized name: is_current at [24:7]
[2026-07-12T10:25:04.918+0000] {subprocess.py:93} INFO -   compiled code at target/run/logistics_lakehouse/models/mart/dim_hubs.sql
[2026-07-12T10:25:04.918+0000] {subprocess.py:93} INFO - [0m10:25:04
[2026-07-12T10:25:04.918+0000] {subprocess.py:93} INFO - [0m10:25:04    compiled code at target/compiled/logistics_lakehouse/models/mart/dim_hubs.sql
[2026-07-12T10:25:04.918+0000] {subprocess.py:93} INFO - [0m10:25:04
[2026-07-12T10:25:04.919+0000] {subprocess.py:93} INFO - [0m10:25:04  [31mFailure in model dim_drivers (models/mart/dim_drivers.sql)[0m
[2026-07-12T10:25:04.919+0000] {subprocess.py:93} INFO - [0m10:25:04    Database Error in model dim_drivers (models/mart/dim_drivers.sql)
[2026-07-12T10:25:04.919+0000] {subprocess.py:93} INFO -   Unrecognized name: is_current at [24:7]
[2026-07-12T10:25:04.919+0000] {subprocess.py:93} INFO -   compiled code at target/run/logistics_lakehouse/models/mart/dim_drivers.sql
[2026-07-12T10:25:04.920+0000] {subprocess.py:93} INFO - [0m10:25:04
[2026-07-12T10:25:04.920+0000] {subprocess.py:93} INFO - [0m10:25:04    compiled code at target/compiled/logistics_lakehouse/models/mart/dim_drivers.sql
[2026-07-12T10:25:04.920+0000] {subprocess.py:93} INFO - [0m10:25:04
[2026-07-12T10:25:04.921+0000] {subprocess.py:93} INFO - [0m10:25:04  Done. PASS=1 WARN=0 ERROR=4 SKIP=1 NO-OP=0 TOTAL=6
[2026-07-12T10:25:07.704+0000] {subprocess.py:97} INFO - Command exited with return code 1
[2026-07-12T10:25:07.707+0000] {taskinstance.py:441} INFO - ::group::Post task execution logs
[2026-07-12T10:25:07.724+0000] {taskinstance.py:2905} ERROR - Task failed with exception
Traceback (most recent call last):
  File "/home/airflow/.local/lib/python3.12/site-packages/airflow/models/taskinstance.py", line 465, in _execute_task
    result = _execute_callable(context=context, **execute_callable_kwargs)
             ^^^^^^^^^^^^^^^^^^^^^^^^^^^^^^^^^^^^^^^^^^^^^^^^^^^^^^^^^^^^^
  File "/home/airflow/.local/lib/python3.12/site-packages/airflow/models/taskinstance.py", line 432, in _execute_callable
    return execute_callable(context=context, **execute_callable_kwargs)
           ^^^^^^^^^^^^^^^^^^^^^^^^^^^^^^^^^^^^^^^^^^^^^^^^^^^^^^^^^^^^
  File "/home/airflow/.local/lib/python3.12/site-packages/airflow/models/baseoperator.py", line 400, in wrapper
    return func(self, *args, **kwargs)
           ^^^^^^^^^^^^^^^^^^^^^^^^^^^
  File "/home/airflow/.local/lib/python3.12/site-packages/airflow/operators/bash.py", line 243, in execute
    raise AirflowException(
airflow.exceptions.AirflowException: Bash command failed. The command returned a non-zero exit code 1.
[2026-07-12T10:25:07.730+0000] {taskinstance.py:1206} INFO - Marking task as UP_FOR_RETRY. dag_id=gold_dbt_dag, task_id=trigger_dbt_build, run_id=dataset_triggered__2026-07-12T09:24:16.228026+00:00, execution_date=20260712T092416, start_date=20260712T092416, end_date=20260712T102507
[2026-07-12T10:25:07.745+0000] {standard_task_runner.py:110} ERROR - Failed to execute job 125 for task trigger_dbt_build (Bash command failed. The command returned a non-zero exit code 1.; 14740)
[2026-07-12T10:25:07.795+0000] {local_task_job_runner.py:240} INFO - Task exited with return code 1
[2026-07-12T10:25:07.825+0000] {taskinstance.py:3498} INFO - 0 downstream tasks scheduled from follow-on schedule check
[2026-07-12T10:25:07.826+0000] {local_task_job_runner.py:222} INFO - ::endgroup::
