[2026-07-02T08:23:16.652+0000] {local_task_job_runner.py:120} INFO - ::group::Pre task execution logs
[2026-07-02T08:23:16.729+0000] {taskinstance.py:2076} INFO - Dependencies all met for dep_context=non-requeueable deps ti=<TaskInstance: gold_dbt_dag.trigger_dbt_build manual__2026-07-02T08:23:15.639110+00:00 [queued]>
[2026-07-02T08:23:16.736+0000] {taskinstance.py:2076} INFO - Dependencies all met for dep_context=requeueable deps ti=<TaskInstance: gold_dbt_dag.trigger_dbt_build manual__2026-07-02T08:23:15.639110+00:00 [queued]>
[2026-07-02T08:23:16.736+0000] {taskinstance.py:2306} INFO - Starting attempt 1 of 2
[2026-07-02T08:23:16.748+0000] {taskinstance.py:2330} INFO - Executing <Task(BashOperator): trigger_dbt_build> on 2026-07-02 08:23:15.639110+00:00
[2026-07-02T08:23:16.754+0000] {standard_task_runner.py:90} INFO - Running: ['***', 'tasks', 'run', 'gold_dbt_dag', 'trigger_dbt_build', 'manual__2026-07-02T08:23:15.639110+00:00', '--job-id', '214', '--raw', '--subdir', 'DAGS_FOLDER/dag_gold_dbt.py', '--cfg-path', '/tmp/tmpi9fd4p7s']
[2026-07-02T08:23:16.758+0000] {standard_task_runner.py:91} INFO - Job 214: Subtask trigger_dbt_build
[2026-07-02T08:23:16.770+0000] {logging_mixin.py:188} WARNING - /home/***/.local/lib/python3.12/site-packages/***/task/task_runner/standard_task_runner.py:61 DeprecationWarning: This process (pid=61711) is multi-threaded, use of fork() may lead to deadlocks in the child.
[2026-07-02T08:23:16.772+0000] {standard_task_runner.py:63} INFO - Started process 61712 to run task
[2026-07-02T08:23:16.808+0000] {task_command.py:426} INFO - Running <TaskInstance: gold_dbt_dag.trigger_dbt_build manual__2026-07-02T08:23:15.639110+00:00 [running]> on host bd23e89d97be
[2026-07-02T08:23:16.869+0000] {taskinstance.py:2648} INFO - Exporting env vars: AIRFLOW_CTX_DAG_OWNER='data_engineer' AIRFLOW_CTX_DAG_ID='gold_dbt_dag' AIRFLOW_CTX_TASK_ID='trigger_dbt_build' AIRFLOW_CTX_EXECUTION_DATE='2026-07-02T08:23:15.639110+00:00' AIRFLOW_CTX_TRY_NUMBER='1' AIRFLOW_CTX_DAG_RUN_ID='manual__2026-07-02T08:23:15.639110+00:00'
[2026-07-02T08:23:16.870+0000] {taskinstance.py:430} INFO - ::endgroup::
[2026-07-02T08:23:16.890+0000] {subprocess.py:63} INFO - Tmp dir root location: /tmp
[2026-07-02T08:23:16.892+0000] {subprocess.py:75} INFO - Running command: ['/usr/bin/bash', '-c', 'cd /opt/***/dbt && dbt build --profiles-dir . --target dev']
[2026-07-02T08:23:16.896+0000] {subprocess.py:86} INFO - Output:
[2026-07-02T08:23:18.550+0000] {subprocess.py:93} INFO - [0m08:23:18  Running with dbt=1.11.11
[2026-07-02T08:23:19.361+0000] {subprocess.py:93} INFO - [0m08:23:19  Registered adapter: bigquery=1.11.3
[2026-07-02T08:23:19.600+0000] {subprocess.py:93} INFO - [0m08:23:19  Found 5 models, 4 sources, 553 macros
[2026-07-02T08:23:19.601+0000] {subprocess.py:93} INFO - [0m08:23:19
[2026-07-02T08:23:19.601+0000] {subprocess.py:93} INFO - [0m08:23:19  Concurrency: 4 threads (target='dev')
[2026-07-02T08:23:19.601+0000] {subprocess.py:93} INFO - [0m08:23:19
[2026-07-02T08:23:22.183+0000] {subprocess.py:93} INFO - [0m08:23:22  1 of 5 START sql table model logistics_mart.dim_drivers ........................ [RUN]
[2026-07-02T08:23:22.188+0000] {subprocess.py:93} INFO - [0m08:23:22  2 of 5 START sql table model logistics_mart.dim_hubs ........................... [RUN]
[2026-07-02T08:23:22.188+0000] {subprocess.py:93} INFO - [0m08:23:22  3 of 5 START sql view model logistics_mart.stg_shipments ....................... [RUN]
[2026-07-02T08:23:22.188+0000] {subprocess.py:93} INFO - [0m08:23:22  4 of 5 START sql view model logistics_mart.stg_weather ......................... [RUN]
[2026-07-02T08:23:24.520+0000] {subprocess.py:93} INFO - [0m08:23:24  3 of 5 OK created sql view model logistics_mart.stg_shipments .................. [[32mCREATE VIEW (0 processed)[0m in 2.33s]
[2026-07-02T08:23:24.812+0000] {subprocess.py:93} INFO - [0m08:23:24  4 of 5 OK created sql view model logistics_mart.stg_weather .................... [[32mCREATE VIEW (0 processed)[0m in 2.62s]
[2026-07-02T08:23:26.105+0000] {subprocess.py:93} INFO - [0m08:23:26  1 of 5 OK created sql table model logistics_mart.dim_drivers ................... [[32mCREATE TABLE (3.0 rows, 108.0 Bytes processed)[0m in 3.92s]
[2026-07-02T08:23:26.164+0000] {subprocess.py:93} INFO - [0m08:23:26  2 of 5 OK created sql table model logistics_mart.dim_hubs ...................... [[32mCREATE TABLE (3.0 rows, 149.0 Bytes processed)[0m in 3.98s]
[2026-07-02T08:23:26.168+0000] {subprocess.py:93} INFO - [0m08:23:26  5 of 5 START sql table model logistics_mart.fact_shipment_weather .............. [RUN]
[2026-07-02T08:23:31.320+0000] {subprocess.py:93} INFO - [0m08:23:31  5 of 5 OK created sql table model logistics_mart.fact_shipment_weather ......... [[32mCREATE TABLE (211.0 rows, 13.7 KiB processed)[0m in 5.15s]
[2026-07-02T08:23:31.356+0000] {subprocess.py:93} INFO - [0m08:23:31
[2026-07-02T08:23:31.357+0000] {subprocess.py:93} INFO - [0m08:23:31  Finished running 3 table models, 2 view models in 0 hours 0 minutes and 11.75 seconds (11.75s).
[2026-07-02T08:23:31.403+0000] {subprocess.py:93} INFO - [0m08:23:31
[2026-07-02T08:23:31.403+0000] {subprocess.py:93} INFO - [0m08:23:31  [32mCompleted successfully[0m
[2026-07-02T08:23:31.404+0000] {subprocess.py:93} INFO - [0m08:23:31
[2026-07-02T08:23:31.404+0000] {subprocess.py:93} INFO - [0m08:23:31  Done. PASS=5 WARN=0 ERROR=0 SKIP=0 NO-OP=0 TOTAL=5
[2026-07-02T08:23:33.497+0000] {subprocess.py:97} INFO - Command exited with return code 0
[2026-07-02T08:23:33.500+0000] {taskinstance.py:441} INFO - ::group::Post task execution logs
[2026-07-02T08:23:33.539+0000] {taskinstance.py:1206} INFO - Marking task as SUCCESS. dag_id=gold_dbt_dag, task_id=trigger_dbt_build, run_id=manual__2026-07-02T08:23:15.639110+00:00, execution_date=20260702T082315, start_date=20260702T082316, end_date=20260702T082333
[2026-07-02T08:23:33.591+0000] {local_task_job_runner.py:240} INFO - Task exited with return code 0
[2026-07-02T08:23:33.609+0000] {taskinstance.py:3498} INFO - 0 downstream tasks scheduled from follow-on schedule check
[2026-07-02T08:23:33.609+0000] {local_task_job_runner.py:222} INFO - ::endgroup::
