[2026-07-07T18:12:51.848+0000] {local_task_job_runner.py:120} INFO - ::group::Pre task execution logs
[2026-07-07T18:12:51.873+0000] {taskinstance.py:2076} INFO - Dependencies all met for dep_context=non-requeueable deps ti=<TaskInstance: gold_dbt_dag.trigger_dbt_build dataset_triggered__2026-07-07T18:12:51.153676+00:00 [queued]>
[2026-07-07T18:12:51.877+0000] {taskinstance.py:2076} INFO - Dependencies all met for dep_context=requeueable deps ti=<TaskInstance: gold_dbt_dag.trigger_dbt_build dataset_triggered__2026-07-07T18:12:51.153676+00:00 [queued]>
[2026-07-07T18:12:51.877+0000] {taskinstance.py:2306} INFO - Starting attempt 1 of 2
[2026-07-07T18:12:51.882+0000] {taskinstance.py:2330} INFO - Executing <Task(BashOperator): trigger_dbt_build> on 2026-07-07 18:12:51.153676+00:00
[2026-07-07T18:12:51.885+0000] {standard_task_runner.py:90} INFO - Running: ['***', 'tasks', 'run', 'gold_dbt_dag', 'trigger_dbt_build', 'dataset_triggered__2026-07-07T18:12:51.153676+00:00', '--job-id', '1004', '--raw', '--subdir', 'DAGS_FOLDER/dag_gold_dbt.py', '--cfg-path', '/tmp/tmpm7w8ylvz']
[2026-07-07T18:12:51.891+0000] {standard_task_runner.py:91} INFO - Job 1004: Subtask trigger_dbt_build
[2026-07-07T18:12:51.893+0000] {logging_mixin.py:188} WARNING - /home/***/.local/lib/python3.12/site-packages/***/task/task_runner/standard_task_runner.py:61 DeprecationWarning: This process (pid=73595) is multi-threaded, use of fork() may lead to deadlocks in the child.
[2026-07-07T18:12:51.893+0000] {standard_task_runner.py:63} INFO - Started process 73596 to run task
[2026-07-07T18:12:51.918+0000] {task_command.py:426} INFO - Running <TaskInstance: gold_dbt_dag.trigger_dbt_build dataset_triggered__2026-07-07T18:12:51.153676+00:00 [running]> on host bd23e89d97be
[2026-07-07T18:12:51.951+0000] {taskinstance.py:2648} INFO - Exporting env vars: AIRFLOW_CTX_DAG_OWNER='data_engineer' AIRFLOW_CTX_DAG_ID='gold_dbt_dag' AIRFLOW_CTX_TASK_ID='trigger_dbt_build' AIRFLOW_CTX_EXECUTION_DATE='2026-07-07T18:12:51.153676+00:00' AIRFLOW_CTX_TRY_NUMBER='1' AIRFLOW_CTX_DAG_RUN_ID='dataset_triggered__2026-07-07T18:12:51.153676+00:00'
[2026-07-07T18:12:51.952+0000] {taskinstance.py:430} INFO - ::endgroup::
[2026-07-07T18:12:51.959+0000] {subprocess.py:63} INFO - Tmp dir root location: /tmp
[2026-07-07T18:12:51.962+0000] {subprocess.py:75} INFO - Running command: ['/usr/bin/bash', '-c', 'cd /opt/***/dbt && dbt build --profiles-dir . --target dev']
[2026-07-07T18:12:51.967+0000] {subprocess.py:86} INFO - Output:
[2026-07-07T18:12:53.171+0000] {subprocess.py:93} INFO - [0m18:12:53  Running with dbt=1.11.11
[2026-07-07T18:12:53.749+0000] {subprocess.py:93} INFO - [0m18:12:53  Registered adapter: bigquery=1.11.3
[2026-07-07T18:12:53.970+0000] {subprocess.py:93} INFO - [0m18:12:53  Found 6 models, 4 sources, 553 macros
[2026-07-07T18:12:53.972+0000] {subprocess.py:93} INFO - [0m18:12:53
[2026-07-07T18:12:53.973+0000] {subprocess.py:93} INFO - [0m18:12:53  Concurrency: 4 threads (target='dev')
[2026-07-07T18:12:53.973+0000] {subprocess.py:93} INFO - [0m18:12:53
[2026-07-07T18:12:55.547+0000] {subprocess.py:93} INFO - [0m18:12:55  1 of 6 START sql table model logistics_mart.dim_drivers ........................ [RUN]
[2026-07-07T18:12:55.551+0000] {subprocess.py:93} INFO - [0m18:12:55  2 of 6 START sql table model logistics_mart.dim_hubs ........................... [RUN]
[2026-07-07T18:12:55.553+0000] {subprocess.py:93} INFO - [0m18:12:55  3 of 6 START sql view model logistics_mart.stg_shipments ....................... [RUN]
[2026-07-07T18:12:55.554+0000] {subprocess.py:93} INFO - [0m18:12:55  4 of 6 START sql view model logistics_mart.stg_weather ......................... [RUN]
[2026-07-07T18:12:57.506+0000] {subprocess.py:93} INFO - [0m18:12:57  4 of 6 OK created sql view model logistics_mart.stg_weather .................... [[32mCREATE VIEW (0 processed)[0m in 1.95s]
[2026-07-07T18:12:57.508+0000] {subprocess.py:93} INFO - [0m18:12:57  5 of 6 START sql view model logistics_mart.stg_weather_consensus ............... [RUN]
[2026-07-07T18:12:57.836+0000] {subprocess.py:93} INFO - [0m18:12:57  3 of 6 OK created sql view model logistics_mart.stg_shipments .................. [[32mCREATE VIEW (0 processed)[0m in 2.28s]
[2026-07-07T18:12:58.776+0000] {subprocess.py:93} INFO - [0m18:12:58  BigQuery adapter: https://console.cloud.google.com/bigquery?project=logistics-500519&j=bq:US:444fe030-0876-4d6d-bde0-e2d8c094b0fc&page=queryresults
[2026-07-07T18:12:58.797+0000] {subprocess.py:93} INFO - [0m18:12:58  5 of 6 ERROR creating sql view model logistics_mart.stg_weather_consensus ...... [[31mERROR[0m in 1.29s]
[2026-07-07T18:12:59.600+0000] {subprocess.py:93} INFO - [0m18:12:59  1 of 6 OK created sql table model logistics_mart.dim_drivers ................... [[32mCREATE TABLE (3.0 rows, 108.0 Bytes processed)[0m in 4.04s]
[2026-07-07T18:12:59.828+0000] {subprocess.py:93} INFO - [0m18:12:59  2 of 6 OK created sql table model logistics_mart.dim_hubs ...................... [[32mCREATE TABLE (3.0 rows, 149.0 Bytes processed)[0m in 4.27s]
[2026-07-07T18:12:59.834+0000] {subprocess.py:93} INFO - [0m18:12:59  6 of 6 START sql table model logistics_mart.fact_shipment_weather .............. [RUN]
[2026-07-07T18:13:03.957+0000] {subprocess.py:93} INFO - [0m18:13:03  6 of 6 OK created sql table model logistics_mart.fact_shipment_weather ......... [[32mCREATE TABLE (1.2k rows, 76.1 KiB processed)[0m in 4.12s]
[2026-07-07T18:13:04.008+0000] {subprocess.py:93} INFO - [0m18:13:04
[2026-07-07T18:13:04.009+0000] {subprocess.py:93} INFO - [0m18:13:04  Finished running 3 table models, 3 view models in 0 hours 0 minutes and 10.03 seconds (10.03s).
[2026-07-07T18:13:04.041+0000] {subprocess.py:93} INFO - [0m18:13:04
[2026-07-07T18:13:04.041+0000] {subprocess.py:93} INFO - [0m18:13:04  [31mCompleted with 1 error, 0 partial successes, and 0 warnings:[0m
[2026-07-07T18:13:04.042+0000] {subprocess.py:93} INFO - [0m18:13:04
[2026-07-07T18:13:04.042+0000] {subprocess.py:93} INFO - [0m18:13:04  [31mFailure in model stg_weather_consensus (models/staging/stg_weather_consensus.sql)[0m
[2026-07-07T18:13:04.042+0000] {subprocess.py:93} INFO - [0m18:13:04    Database Error in model stg_weather_consensus (models/staging/stg_weather_consensus.sql)
[2026-07-07T18:13:04.043+0000] {subprocess.py:93} INFO -   Unrecognized name: fetched_at at [11:11]
[2026-07-07T18:13:04.043+0000] {subprocess.py:93} INFO -   compiled code at target/run/logistics_lakehouse/models/staging/stg_weather_consensus.sql
[2026-07-07T18:13:04.043+0000] {subprocess.py:93} INFO - [0m18:13:04
[2026-07-07T18:13:04.043+0000] {subprocess.py:93} INFO - [0m18:13:04    compiled code at target/compiled/logistics_lakehouse/models/staging/stg_weather_consensus.sql
[2026-07-07T18:13:04.043+0000] {subprocess.py:93} INFO - [0m18:13:04
[2026-07-07T18:13:04.044+0000] {subprocess.py:93} INFO - [0m18:13:04  Done. PASS=5 WARN=0 ERROR=1 SKIP=0 NO-OP=0 TOTAL=6
[2026-07-07T18:13:06.239+0000] {subprocess.py:97} INFO - Command exited with return code 1
[2026-07-07T18:13:06.240+0000] {taskinstance.py:441} INFO - ::group::Post task execution logs
[2026-07-07T18:13:06.263+0000] {taskinstance.py:2905} ERROR - Task failed with exception
Traceback (most recent call last):
  File "/home/airflow/.local/lib/python3.12/site-packages/airflow/models/taskinstance.py", line 465, in _execute_task
    result = _execute_callable(context=context, **execute_callable_kwargs)
             ^^^^^^^^^^^^^^^^^^^^^^^^^^^^^^^^^^^^^^^^^^^^^^^^^^^^^^^^^^^^^
  File "/home/airflow/.local/lib/python3.12/site-packages/airflow/models/taskinstance.py", line 432, in _execute_callable
    return execute_callable(context=context, **execute_callable_kwargs)
           ^^^^^^^^^^^^^^^^^^^^^^^^^^^^^^^^^^^^^^^^^^^^^^^^^^^^^^^^^^^^
  File "/home/airflow/.local/lib/python3.12/site-packages/airflow/models/baseoperator.py", line 400, in wrapper
    return func(self, *args, **kwargs)
           ^^^^^^^^^^^^^^^^^^^^^^^^^^^
  File "/home/airflow/.local/lib/python3.12/site-packages/airflow/operators/bash.py", line 243, in execute
    raise AirflowException(
airflow.exceptions.AirflowException: Bash command failed. The command returned a non-zero exit code 1.
[2026-07-07T18:13:06.268+0000] {taskinstance.py:1206} INFO - Marking task as UP_FOR_RETRY. dag_id=gold_dbt_dag, task_id=trigger_dbt_build, run_id=dataset_triggered__2026-07-07T18:12:51.153676+00:00, execution_date=20260707T181251, start_date=20260707T181251, end_date=20260707T181306
[2026-07-07T18:13:06.278+0000] {standard_task_runner.py:110} ERROR - Failed to execute job 1004 for task trigger_dbt_build (Bash command failed. The command returned a non-zero exit code 1.; 73596)
[2026-07-07T18:13:06.294+0000] {local_task_job_runner.py:240} INFO - Task exited with return code 1
[2026-07-07T18:13:06.304+0000] {taskinstance.py:3498} INFO - 0 downstream tasks scheduled from follow-on schedule check
[2026-07-07T18:13:06.304+0000] {local_task_job_runner.py:222} INFO - ::endgroup::
