[2026-06-29T00:19:42.147+0000] {local_task_job_runner.py:120} INFO - ::group::Pre task execution logs
[2026-06-29T00:19:42.168+0000] {taskinstance.py:2076} INFO - Dependencies all met for dep_context=non-requeueable deps ti=<TaskInstance: weather_api_ingestion.fetch_open_meteo scheduled__2026-06-28T00:00:00+00:00 [queued]>
[2026-06-29T00:19:42.173+0000] {taskinstance.py:2076} INFO - Dependencies all met for dep_context=requeueable deps ti=<TaskInstance: weather_api_ingestion.fetch_open_meteo scheduled__2026-06-28T00:00:00+00:00 [queued]>
[2026-06-29T00:19:42.174+0000] {taskinstance.py:2306} INFO - Starting attempt 1 of 3
[2026-06-29T00:19:42.182+0000] {taskinstance.py:2330} INFO - Executing <Task(PythonOperator): fetch_open_meteo> on 2026-06-28 00:00:00+00:00
[2026-06-29T00:19:42.187+0000] {standard_task_runner.py:90} INFO - Running: ['***', 'tasks', 'run', 'weather_api_ingestion', 'fetch_open_meteo', 'scheduled__2026-06-28T00:00:00+00:00', '--job-id', '281', '--raw', '--subdir', 'DAGS_FOLDER/dag_weather_api.py', '--cfg-path', '/tmp/tmpbpe708ve']
[2026-06-29T00:19:42.194+0000] {logging_mixin.py:188} WARNING - /home/***/.local/lib/python3.12/site-packages/***/task/task_runner/standard_task_runner.py:61 DeprecationWarning: This process (pid=9726) is multi-threaded, use of fork() may lead to deadlocks in the child.
[2026-06-29T00:19:42.198+0000] {standard_task_runner.py:91} INFO - Job 281: Subtask fetch_open_meteo
[2026-06-29T00:19:42.199+0000] {standard_task_runner.py:63} INFO - Started process 9732 to run task
[2026-06-29T00:19:42.252+0000] {task_command.py:426} INFO - Running <TaskInstance: weather_api_ingestion.fetch_open_meteo scheduled__2026-06-28T00:00:00+00:00 [running]> on host 6a613ecd21c6
[2026-06-29T00:19:42.307+0000] {taskinstance.py:2648} INFO - Exporting env vars: AIRFLOW_CTX_DAG_OWNER='data_engineer' AIRFLOW_CTX_DAG_ID='weather_api_ingestion' AIRFLOW_CTX_TASK_ID='fetch_open_meteo' AIRFLOW_CTX_EXECUTION_DATE='2026-06-28T00:00:00+00:00' AIRFLOW_CTX_TRY_NUMBER='1' AIRFLOW_CTX_DAG_RUN_ID='scheduled__2026-06-28T00:00:00+00:00'
[2026-06-29T00:19:42.308+0000] {taskinstance.py:430} INFO - ::endgroup::
[2026-06-29T00:19:44.218+0000] {logging_mixin.py:188} INFO - Successfully fetched weather for Hanoi
[2026-06-29T00:19:45.036+0000] {logging_mixin.py:188} INFO - Successfully fetched weather for Da_Nang
[2026-06-29T00:19:45.835+0000] {logging_mixin.py:188} INFO - Successfully fetched weather for HCM
[2026-06-29T00:19:45.838+0000] {logging_mixin.py:188} INFO - Saved raw weather data to /opt/***/dags/data/weather/raw/weather_2026-06-28.json
[2026-06-29T00:19:45.839+0000] {python.py:237} INFO - Done. Returned value was: None
[2026-06-29T00:19:45.840+0000] {taskinstance.py:441} INFO - ::group::Post task execution logs
[2026-06-29T00:19:45.858+0000] {taskinstance.py:1206} INFO - Marking task as SUCCESS. dag_id=weather_api_ingestion, task_id=fetch_open_meteo, run_id=scheduled__2026-06-28T00:00:00+00:00, execution_date=20260628T000000, start_date=20260629T001942, end_date=20260629T001945
[2026-06-29T00:19:45.908+0000] {local_task_job_runner.py:240} INFO - Task exited with return code 0
[2026-06-29T00:19:45.918+0000] {taskinstance.py:3498} INFO - 0 downstream tasks scheduled from follow-on schedule check
[2026-06-29T00:19:45.919+0000] {local_task_job_runner.py:222} INFO - ::endgroup::
[2026-06-29T03:38:19.348+0000] {local_task_job_runner.py:120} INFO - ::group::Pre task execution logs
[2026-06-29T03:38:19.361+0000] {taskinstance.py:2076} INFO - Dependencies all met for dep_context=non-requeueable deps ti=<TaskInstance: weather_api_ingestion.fetch_open_meteo scheduled__2026-06-28T00:00:00+00:00 [queued]>
[2026-06-29T03:38:19.364+0000] {taskinstance.py:2076} INFO - Dependencies all met for dep_context=requeueable deps ti=<TaskInstance: weather_api_ingestion.fetch_open_meteo scheduled__2026-06-28T00:00:00+00:00 [queued]>
[2026-06-29T03:38:19.364+0000] {taskinstance.py:2306} INFO - Starting attempt 1 of 3
[2026-06-29T03:38:19.369+0000] {taskinstance.py:2330} INFO - Executing <Task(PythonOperator): fetch_open_meteo> on 2026-06-28 00:00:00+00:00
[2026-06-29T03:38:19.374+0000] {standard_task_runner.py:90} INFO - Running: ['***', 'tasks', 'run', 'weather_api_ingestion', 'fetch_open_meteo', 'scheduled__2026-06-28T00:00:00+00:00', '--job-id', '4', '--raw', '--subdir', 'DAGS_FOLDER/dag_weather_api.py', '--cfg-path', '/tmp/tmp5qqkt57e']
[2026-06-29T03:38:19.376+0000] {logging_mixin.py:188} WARNING - /home/***/.local/lib/python3.12/site-packages/***/task/task_runner/standard_task_runner.py:61 DeprecationWarning: This process (pid=216) is multi-threaded, use of fork() may lead to deadlocks in the child.
[2026-06-29T03:38:19.376+0000] {standard_task_runner.py:91} INFO - Job 4: Subtask fetch_open_meteo
[2026-06-29T03:38:19.376+0000] {standard_task_runner.py:63} INFO - Started process 217 to run task
[2026-06-29T03:38:19.400+0000] {task_command.py:426} INFO - Running <TaskInstance: weather_api_ingestion.fetch_open_meteo scheduled__2026-06-28T00:00:00+00:00 [running]> on host 3fb47717e929
[2026-06-29T03:38:19.432+0000] {taskinstance.py:2648} INFO - Exporting env vars: AIRFLOW_CTX_DAG_OWNER='data_engineer' AIRFLOW_CTX_DAG_ID='weather_api_ingestion' AIRFLOW_CTX_TASK_ID='fetch_open_meteo' AIRFLOW_CTX_EXECUTION_DATE='2026-06-28T00:00:00+00:00' AIRFLOW_CTX_TRY_NUMBER='1' AIRFLOW_CTX_DAG_RUN_ID='scheduled__2026-06-28T00:00:00+00:00'
[2026-06-29T03:38:19.433+0000] {taskinstance.py:430} INFO - ::endgroup::
[2026-06-29T03:38:20.402+0000] {logging_mixin.py:188} INFO - Successfully fetched weather for Hanoi
[2026-06-29T03:38:21.296+0000] {logging_mixin.py:188} INFO - Successfully fetched weather for Da_Nang
[2026-06-29T03:38:22.185+0000] {logging_mixin.py:188} INFO - Successfully fetched weather for HCM
[2026-06-29T03:38:22.187+0000] {logging_mixin.py:188} INFO - Saved raw weather data to /opt/***/dags/data/weather/raw/weather_2026-06-28.json
[2026-06-29T03:38:22.189+0000] {python.py:237} INFO - Done. Returned value was: None
[2026-06-29T03:38:22.189+0000] {taskinstance.py:441} INFO - ::group::Post task execution logs
[2026-06-29T03:38:22.199+0000] {taskinstance.py:1206} INFO - Marking task as SUCCESS. dag_id=weather_api_ingestion, task_id=fetch_open_meteo, run_id=scheduled__2026-06-28T00:00:00+00:00, execution_date=20260628T000000, start_date=20260629T033819, end_date=20260629T033822
[2026-06-29T03:38:22.244+0000] {local_task_job_runner.py:240} INFO - Task exited with return code 0
[2026-06-29T03:38:22.256+0000] {taskinstance.py:3498} INFO - 0 downstream tasks scheduled from follow-on schedule check
[2026-06-29T03:38:22.256+0000] {local_task_job_runner.py:222} INFO - ::endgroup::
[2026-06-29T04:07:22.201+0000] {local_task_job_runner.py:120} INFO - ::group::Pre task execution logs
[2026-06-29T04:07:22.217+0000] {taskinstance.py:2076} INFO - Dependencies all met for dep_context=non-requeueable deps ti=<TaskInstance: weather_api_ingestion.fetch_open_meteo scheduled__2026-06-28T00:00:00+00:00 [queued]>
[2026-06-29T04:07:22.220+0000] {taskinstance.py:2076} INFO - Dependencies all met for dep_context=requeueable deps ti=<TaskInstance: weather_api_ingestion.fetch_open_meteo scheduled__2026-06-28T00:00:00+00:00 [queued]>
[2026-06-29T04:07:22.220+0000] {taskinstance.py:2306} INFO - Starting attempt 1 of 3
[2026-06-29T04:07:22.225+0000] {taskinstance.py:2330} INFO - Executing <Task(PythonOperator): fetch_open_meteo> on 2026-06-28 00:00:00+00:00
[2026-06-29T04:07:22.234+0000] {logging_mixin.py:188} WARNING - /home/***/.local/lib/python3.12/site-packages/***/task/task_runner/standard_task_runner.py:61 DeprecationWarning: This process (pid=216) is multi-threaded, use of fork() may lead to deadlocks in the child.
[2026-06-29T04:07:22.235+0000] {standard_task_runner.py:63} INFO - Started process 217 to run task
[2026-06-29T04:07:22.229+0000] {standard_task_runner.py:90} INFO - Running: ['***', 'tasks', 'run', 'weather_api_ingestion', 'fetch_open_meteo', 'scheduled__2026-06-28T00:00:00+00:00', '--job-id', '4', '--raw', '--subdir', 'DAGS_FOLDER/dag_weather_api.py', '--cfg-path', '/tmp/tmpxemmlonz']
[2026-06-29T04:07:22.236+0000] {standard_task_runner.py:91} INFO - Job 4: Subtask fetch_open_meteo
[2026-06-29T04:07:22.278+0000] {task_command.py:426} INFO - Running <TaskInstance: weather_api_ingestion.fetch_open_meteo scheduled__2026-06-28T00:00:00+00:00 [running]> on host ae627d26e698
[2026-06-29T04:07:22.316+0000] {taskinstance.py:2648} INFO - Exporting env vars: AIRFLOW_CTX_DAG_OWNER='data_engineer' AIRFLOW_CTX_DAG_ID='weather_api_ingestion' AIRFLOW_CTX_TASK_ID='fetch_open_meteo' AIRFLOW_CTX_EXECUTION_DATE='2026-06-28T00:00:00+00:00' AIRFLOW_CTX_TRY_NUMBER='1' AIRFLOW_CTX_DAG_RUN_ID='scheduled__2026-06-28T00:00:00+00:00'
[2026-06-29T04:07:22.317+0000] {taskinstance.py:430} INFO - ::endgroup::
[2026-06-29T04:07:23.240+0000] {logging_mixin.py:188} INFO - Successfully fetched weather for Hanoi
[2026-06-29T04:07:24.194+0000] {logging_mixin.py:188} INFO - Successfully fetched weather for Da_Nang
[2026-06-29T04:07:25.227+0000] {logging_mixin.py:188} INFO - Successfully fetched weather for HCM
[2026-06-29T04:07:25.229+0000] {logging_mixin.py:188} INFO - Saved raw weather data to /opt/***/dags/data/weather/raw/weather_2026-06-28.json
[2026-06-29T04:07:25.233+0000] {python.py:237} INFO - Done. Returned value was: None
[2026-06-29T04:07:25.235+0000] {taskinstance.py:441} INFO - ::group::Post task execution logs
[2026-06-29T04:07:25.246+0000] {taskinstance.py:1206} INFO - Marking task as SUCCESS. dag_id=weather_api_ingestion, task_id=fetch_open_meteo, run_id=scheduled__2026-06-28T00:00:00+00:00, execution_date=20260628T000000, start_date=20260629T040722, end_date=20260629T040725
[2026-06-29T04:07:25.276+0000] {local_task_job_runner.py:240} INFO - Task exited with return code 0
[2026-06-29T04:07:25.285+0000] {taskinstance.py:3498} INFO - 0 downstream tasks scheduled from follow-on schedule check
[2026-06-29T04:07:25.286+0000] {local_task_job_runner.py:222} INFO - ::endgroup::
