[2026-07-01T03:00:01.337+0000] {local_task_job_runner.py:120} INFO - ::group::Pre task execution logs
[2026-07-01T03:00:01.356+0000] {taskinstance.py:2076} INFO - Dependencies all met for dep_context=non-requeueable deps ti=<TaskInstance: tomorrowio_bronze_to_silver.fetch_weather_api scheduled__2026-07-01T02:00:00+00:00 [queued]>
[2026-07-01T03:00:01.361+0000] {taskinstance.py:2076} INFO - Dependencies all met for dep_context=requeueable deps ti=<TaskInstance: tomorrowio_bronze_to_silver.fetch_weather_api scheduled__2026-07-01T02:00:00+00:00 [queued]>
[2026-07-01T03:00:01.361+0000] {taskinstance.py:2306} INFO - Starting attempt 1 of 2
[2026-07-01T03:00:01.369+0000] {taskinstance.py:2330} INFO - Executing <Task(PythonOperator): fetch_weather_api> on 2026-07-01 02:00:00+00:00
[2026-07-01T03:00:01.374+0000] {logging_mixin.py:188} WARNING - /home/***/.local/lib/python3.12/site-packages/***/task/task_runner/standard_task_runner.py:61 DeprecationWarning: This process (pid=29311) is multi-threaded, use of fork() may lead to deadlocks in the child.
[2026-07-01T03:00:01.375+0000] {standard_task_runner.py:63} INFO - Started process 29316 to run task
[2026-07-01T03:00:01.379+0000] {standard_task_runner.py:90} INFO - Running: ['***', 'tasks', 'run', 'tomorrowio_bronze_to_silver', 'fetch_weather_api', 'scheduled__2026-07-01T02:00:00+00:00', '--job-id', '119', '--raw', '--subdir', 'DAGS_FOLDER/dag_tomorrowio.py', '--cfg-path', '/tmp/tmppcrm2x2d']
[2026-07-01T03:00:01.383+0000] {standard_task_runner.py:91} INFO - Job 119: Subtask fetch_weather_api
[2026-07-01T03:00:01.420+0000] {task_command.py:426} INFO - Running <TaskInstance: tomorrowio_bronze_to_silver.fetch_weather_api scheduled__2026-07-01T02:00:00+00:00 [running]> on host c0dde85f51a2
[2026-07-01T03:00:01.476+0000] {taskinstance.py:2648} INFO - Exporting env vars: AIRFLOW_CTX_DAG_OWNER='data_engineer' AIRFLOW_CTX_DAG_ID='tomorrowio_bronze_to_silver' AIRFLOW_CTX_TASK_ID='fetch_weather_api' AIRFLOW_CTX_EXECUTION_DATE='2026-07-01T02:00:00+00:00' AIRFLOW_CTX_TRY_NUMBER='1' AIRFLOW_CTX_DAG_RUN_ID='scheduled__2026-07-01T02:00:00+00:00'
[2026-07-01T03:00:01.477+0000] {taskinstance.py:430} INFO - ::endgroup::
[2026-07-01T03:00:01.609+0000] {logging_mixin.py:188} INFO - Mock saving to: gs://your-lakehouse-bucket/bronze/weather/weather_forecast_latest.parquet
[2026-07-01T03:00:01.618+0000] {python.py:237} INFO - Done. Returned value was: None
[2026-07-01T03:00:01.619+0000] {taskinstance.py:441} INFO - ::group::Post task execution logs
[2026-07-01T03:00:01.623+0000] {taskinstance.py:1206} INFO - Marking task as SUCCESS. dag_id=tomorrowio_bronze_to_silver, task_id=fetch_weather_api, run_id=scheduled__2026-07-01T02:00:00+00:00, execution_date=20260701T020000, start_date=20260701T030001, end_date=20260701T030001
[2026-07-01T03:00:01.639+0000] {local_task_job_runner.py:240} INFO - Task exited with return code 0
[2026-07-01T03:00:01.649+0000] {taskinstance.py:3498} INFO - 1 downstream tasks scheduled from follow-on schedule check
[2026-07-01T03:00:01.650+0000] {local_task_job_runner.py:222} INFO - ::endgroup::
[2026-07-01T03:10:39.080+0000] {local_task_job_runner.py:120} INFO - ::group::Pre task execution logs
[2026-07-01T03:10:39.093+0000] {taskinstance.py:2076} INFO - Dependencies all met for dep_context=non-requeueable deps ti=<TaskInstance: tomorrowio_bronze_to_silver.fetch_weather_api scheduled__2026-07-01T02:00:00+00:00 [queued]>
[2026-07-01T03:10:39.097+0000] {taskinstance.py:2076} INFO - Dependencies all met for dep_context=requeueable deps ti=<TaskInstance: tomorrowio_bronze_to_silver.fetch_weather_api scheduled__2026-07-01T02:00:00+00:00 [queued]>
[2026-07-01T03:10:39.097+0000] {taskinstance.py:2306} INFO - Starting attempt 1 of 2
[2026-07-01T03:10:39.103+0000] {taskinstance.py:2330} INFO - Executing <Task(PythonOperator): fetch_weather_api> on 2026-07-01 02:00:00+00:00
[2026-07-01T03:10:39.109+0000] {standard_task_runner.py:90} INFO - Running: ['***', 'tasks', 'run', 'tomorrowio_bronze_to_silver', 'fetch_weather_api', 'scheduled__2026-07-01T02:00:00+00:00', '--job-id', '4', '--raw', '--subdir', 'DAGS_FOLDER/dag_tomorrowio.py', '--cfg-path', '/tmp/tmpdj_5b9ru']
[2026-07-01T03:10:39.111+0000] {standard_task_runner.py:91} INFO - Job 4: Subtask fetch_weather_api
[2026-07-01T03:10:39.113+0000] {logging_mixin.py:188} WARNING - /home/***/.local/lib/python3.12/site-packages/***/task/task_runner/standard_task_runner.py:61 DeprecationWarning: This process (pid=247) is multi-threaded, use of fork() may lead to deadlocks in the child.
[2026-07-01T03:10:39.113+0000] {standard_task_runner.py:63} INFO - Started process 250 to run task
[2026-07-01T03:10:39.159+0000] {task_command.py:426} INFO - Running <TaskInstance: tomorrowio_bronze_to_silver.fetch_weather_api scheduled__2026-07-01T02:00:00+00:00 [running]> on host 2acd144119ec
[2026-07-01T03:10:39.220+0000] {taskinstance.py:2648} INFO - Exporting env vars: AIRFLOW_CTX_DAG_OWNER='data_engineer' AIRFLOW_CTX_DAG_ID='tomorrowio_bronze_to_silver' AIRFLOW_CTX_TASK_ID='fetch_weather_api' AIRFLOW_CTX_EXECUTION_DATE='2026-07-01T02:00:00+00:00' AIRFLOW_CTX_TRY_NUMBER='1' AIRFLOW_CTX_DAG_RUN_ID='scheduled__2026-07-01T02:00:00+00:00'
[2026-07-01T03:10:39.221+0000] {taskinstance.py:430} INFO - ::endgroup::
[2026-07-01T03:10:39.228+0000] {logging_mixin.py:188} INFO - Mock saving to: gs://your-lakehouse-bucket/bronze/weather/weather_forecast_latest.parquet
[2026-07-01T03:10:39.237+0000] {python.py:237} INFO - Done. Returned value was: None
[2026-07-01T03:10:39.238+0000] {taskinstance.py:441} INFO - ::group::Post task execution logs
[2026-07-01T03:10:39.243+0000] {taskinstance.py:1206} INFO - Marking task as SUCCESS. dag_id=tomorrowio_bronze_to_silver, task_id=fetch_weather_api, run_id=scheduled__2026-07-01T02:00:00+00:00, execution_date=20260701T020000, start_date=20260701T031039, end_date=20260701T031039
[2026-07-01T03:10:39.257+0000] {local_task_job_runner.py:240} INFO - Task exited with return code 0
[2026-07-01T03:10:39.268+0000] {taskinstance.py:3498} INFO - 1 downstream tasks scheduled from follow-on schedule check
[2026-07-01T03:10:39.269+0000] {local_task_job_runner.py:222} INFO - ::endgroup::
