[2026-07-01T13:00:16.003+0000] {local_task_job_runner.py:120} INFO - ::group::Pre task execution logs
[2026-07-01T13:00:16.028+0000] {taskinstance.py:2076} INFO - Dependencies all met for dep_context=non-requeueable deps ti=<TaskInstance: gold_dbt_dag.trigger_dbt_build dataset_triggered__2026-07-01T13:00:15.158012+00:00 [queued]>
[2026-07-01T13:00:16.031+0000] {taskinstance.py:2076} INFO - Dependencies all met for dep_context=requeueable deps ti=<TaskInstance: gold_dbt_dag.trigger_dbt_build dataset_triggered__2026-07-01T13:00:15.158012+00:00 [queued]>
[2026-07-01T13:00:16.032+0000] {taskinstance.py:2306} INFO - Starting attempt 1 of 2
[2026-07-01T13:00:16.037+0000] {taskinstance.py:2330} INFO - Executing <Task(BashOperator): trigger_dbt_build> on 2026-07-01 13:00:15.158012+00:00
[2026-07-01T13:00:16.046+0000] {logging_mixin.py:188} WARNING - /home/***/.local/lib/python3.12/site-packages/***/task/task_runner/standard_task_runner.py:61 DeprecationWarning: This process (pid=12598) is multi-threaded, use of fork() may lead to deadlocks in the child.
[2026-07-01T13:00:16.045+0000] {standard_task_runner.py:90} INFO - Running: ['***', 'tasks', 'run', 'gold_dbt_dag', 'trigger_dbt_build', 'dataset_triggered__2026-07-01T13:00:15.158012+00:00', '--job-id', '74', '--raw', '--subdir', 'DAGS_FOLDER/dag_gold_dbt.py', '--cfg-path', '/tmp/tmpovsx3dve']
[2026-07-01T13:00:16.047+0000] {standard_task_runner.py:91} INFO - Job 74: Subtask trigger_dbt_build
[2026-07-01T13:00:16.047+0000] {standard_task_runner.py:63} INFO - Started process 12599 to run task
[2026-07-01T13:00:16.077+0000] {task_command.py:426} INFO - Running <TaskInstance: gold_dbt_dag.trigger_dbt_build dataset_triggered__2026-07-01T13:00:15.158012+00:00 [running]> on host bd23e89d97be
[2026-07-01T13:00:16.118+0000] {taskinstance.py:2648} INFO - Exporting env vars: AIRFLOW_CTX_DAG_OWNER='data_engineer' AIRFLOW_CTX_DAG_ID='gold_dbt_dag' AIRFLOW_CTX_TASK_ID='trigger_dbt_build' AIRFLOW_CTX_EXECUTION_DATE='2026-07-01T13:00:15.158012+00:00' AIRFLOW_CTX_TRY_NUMBER='1' AIRFLOW_CTX_DAG_RUN_ID='dataset_triggered__2026-07-01T13:00:15.158012+00:00'
[2026-07-01T13:00:16.118+0000] {taskinstance.py:430} INFO - ::endgroup::
[2026-07-01T13:00:16.126+0000] {subprocess.py:63} INFO - Tmp dir root location: /tmp
[2026-07-01T13:00:16.128+0000] {subprocess.py:75} INFO - Running command: ['/usr/bin/bash', '-c', 'cd /opt/***/dbt && dbt build --profiles-dir . --target dev']
[2026-07-01T13:00:16.132+0000] {subprocess.py:86} INFO - Output:
[2026-07-01T13:00:17.330+0000] {subprocess.py:93} INFO - [0m13:00:17  Running with dbt=1.11.11
[2026-07-01T13:00:17.916+0000] {subprocess.py:93} INFO - [0m13:00:17  Registered adapter: bigquery=1.11.3
[2026-07-01T13:00:18.182+0000] {subprocess.py:93} INFO - [0m13:00:18  Found 5 models, 4 sources, 553 macros
[2026-07-01T13:00:18.183+0000] {subprocess.py:93} INFO - [0m13:00:18
[2026-07-01T13:00:18.184+0000] {subprocess.py:93} INFO - [0m13:00:18  Concurrency: 4 threads (target='dev')
[2026-07-01T13:00:18.184+0000] {subprocess.py:93} INFO - [0m13:00:18
[2026-07-01T13:00:20.333+0000] {subprocess.py:93} INFO - [0m13:00:20  1 of 5 START sql table model logistics_mart.dim_drivers ........................ [RUN]
[2026-07-01T13:00:20.334+0000] {subprocess.py:93} INFO - [0m13:00:20  2 of 5 START sql table model logistics_mart.dim_hubs ........................... [RUN]
[2026-07-01T13:00:20.334+0000] {subprocess.py:93} INFO - [0m13:00:20  3 of 5 START sql view model logistics_mart.stg_shipments ....................... [RUN]
[2026-07-01T13:00:20.335+0000] {subprocess.py:93} INFO - [0m13:00:20  4 of 5 START sql view model logistics_mart.stg_weather ......................... [RUN]
[2026-07-01T13:00:22.503+0000] {subprocess.py:93} INFO - [0m13:00:22  3 of 5 OK created sql view model logistics_mart.stg_shipments .................. [[32mCREATE VIEW (0 processed)[0m in 2.16s]
[2026-07-01T13:00:23.553+0000] {subprocess.py:93} INFO - [0m13:00:23  4 of 5 OK created sql view model logistics_mart.stg_weather .................... [[32mCREATE VIEW (0 processed)[0m in 3.21s]
[2026-07-01T13:00:24.320+0000] {subprocess.py:93} INFO - [0m13:00:24  2 of 5 OK created sql table model logistics_mart.dim_hubs ...................... [[32mCREATE TABLE (3.0 rows, 149.0 Bytes processed)[0m in 3.98s]
[2026-07-01T13:00:24.323+0000] {subprocess.py:93} INFO - [0m13:00:24  5 of 5 START sql table model logistics_mart.fact_shipment_weather .............. [RUN]
[2026-07-01T13:00:24.663+0000] {subprocess.py:93} INFO - [0m13:00:24  1 of 5 OK created sql table model logistics_mart.dim_drivers ................... [[32mCREATE TABLE (3.0 rows, 108.0 Bytes processed)[0m in 4.33s]
[2026-07-01T13:00:29.266+0000] {subprocess.py:93} INFO - [0m13:00:29  5 of 5 OK created sql table model logistics_mart.fact_shipment_weather ......... [[32mCREATE TABLE (75.0 rows, 5.0 KiB processed)[0m in 4.94s]
[2026-07-01T13:00:29.314+0000] {subprocess.py:93} INFO - [0m13:00:29
[2026-07-01T13:00:29.314+0000] {subprocess.py:93} INFO - [0m13:00:29  Finished running 3 table models, 2 view models in 0 hours 0 minutes and 11.13 seconds (11.13s).
[2026-07-01T13:00:29.348+0000] {subprocess.py:93} INFO - [0m13:00:29
[2026-07-01T13:00:29.349+0000] {subprocess.py:93} INFO - [0m13:00:29  [32mCompleted successfully[0m
[2026-07-01T13:00:29.349+0000] {subprocess.py:93} INFO - [0m13:00:29
[2026-07-01T13:00:29.349+0000] {subprocess.py:93} INFO - [0m13:00:29  Done. PASS=5 WARN=0 ERROR=0 SKIP=0 NO-OP=0 TOTAL=5
[2026-07-01T13:00:31.118+0000] {subprocess.py:97} INFO - Command exited with return code 0
[2026-07-01T13:00:31.120+0000] {taskinstance.py:441} INFO - ::group::Post task execution logs
[2026-07-01T13:00:31.139+0000] {taskinstance.py:1206} INFO - Marking task as SUCCESS. dag_id=gold_dbt_dag, task_id=trigger_dbt_build, run_id=dataset_triggered__2026-07-01T13:00:15.158012+00:00, execution_date=20260701T130015, start_date=20260701T130016, end_date=20260701T130031
[2026-07-01T13:00:31.179+0000] {local_task_job_runner.py:240} INFO - Task exited with return code 0
[2026-07-01T13:00:31.189+0000] {taskinstance.py:3498} INFO - 0 downstream tasks scheduled from follow-on schedule check
[2026-07-01T13:00:31.190+0000] {local_task_job_runner.py:222} INFO - ::endgroup::
