[2026-07-08T06:16:32.619+0000] {local_task_job_runner.py:120} INFO - ::group::Pre task execution logs
[2026-07-08T06:16:32.647+0000] {taskinstance.py:2076} INFO - Dependencies all met for dep_context=non-requeueable deps ti=<TaskInstance: gold_dbt_dag.trigger_dbt_build dataset_triggered__2026-07-08T06:00:16.014518+00:00 [queued]>
[2026-07-08T06:16:32.657+0000] {taskinstance.py:2076} INFO - Dependencies all met for dep_context=requeueable deps ti=<TaskInstance: gold_dbt_dag.trigger_dbt_build dataset_triggered__2026-07-08T06:00:16.014518+00:00 [queued]>
[2026-07-08T06:16:32.660+0000] {taskinstance.py:2306} INFO - Starting attempt 2 of 2
[2026-07-08T06:16:32.670+0000] {taskinstance.py:2330} INFO - Executing <Task(BashOperator): trigger_dbt_build> on 2026-07-08 06:00:16.014518+00:00
[2026-07-08T06:16:32.676+0000] {standard_task_runner.py:90} INFO - Running: ['***', 'tasks', 'run', 'gold_dbt_dag', 'trigger_dbt_build', 'dataset_triggered__2026-07-08T06:00:16.014518+00:00', '--job-id', '1088', '--raw', '--subdir', 'DAGS_FOLDER/dag_gold_dbt.py', '--cfg-path', '/tmp/tmpnnyn55kd']
[2026-07-08T06:16:32.679+0000] {standard_task_runner.py:91} INFO - Job 1088: Subtask trigger_dbt_build
[2026-07-08T06:16:32.682+0000] {logging_mixin.py:188} WARNING - /home/***/.local/lib/python3.12/site-packages/***/task/task_runner/standard_task_runner.py:61 DeprecationWarning: This process (pid=92109) is multi-threaded, use of fork() may lead to deadlocks in the child.
[2026-07-08T06:16:32.683+0000] {standard_task_runner.py:63} INFO - Started process 92111 to run task
[2026-07-08T06:16:32.741+0000] {task_command.py:426} INFO - Running <TaskInstance: gold_dbt_dag.trigger_dbt_build dataset_triggered__2026-07-08T06:00:16.014518+00:00 [running]> on host bd23e89d97be
[2026-07-08T06:16:32.808+0000] {taskinstance.py:2648} INFO - Exporting env vars: AIRFLOW_CTX_DAG_OWNER='data_engineer' AIRFLOW_CTX_DAG_ID='gold_dbt_dag' AIRFLOW_CTX_TASK_ID='trigger_dbt_build' AIRFLOW_CTX_EXECUTION_DATE='2026-07-08T06:00:16.014518+00:00' AIRFLOW_CTX_TRY_NUMBER='2' AIRFLOW_CTX_DAG_RUN_ID='dataset_triggered__2026-07-08T06:00:16.014518+00:00'
[2026-07-08T06:16:32.808+0000] {taskinstance.py:430} INFO - ::endgroup::
[2026-07-08T06:16:32.821+0000] {subprocess.py:63} INFO - Tmp dir root location: /tmp
[2026-07-08T06:16:32.823+0000] {subprocess.py:75} INFO - Running command: ['/usr/bin/bash', '-c', 'cd /opt/***/dbt && dbt build --profiles-dir . --target dev']
[2026-07-08T06:16:32.829+0000] {subprocess.py:86} INFO - Output:
[2026-07-08T06:16:33.879+0000] {subprocess.py:93} INFO - [0m06:16:33  Running with dbt=1.11.11
[2026-07-08T06:16:34.296+0000] {subprocess.py:93} INFO - [0m06:16:34  Registered adapter: bigquery=1.11.3
[2026-07-08T06:16:34.497+0000] {subprocess.py:93} INFO - [0m06:16:34  Found 6 models, 4 sources, 553 macros
[2026-07-08T06:16:34.498+0000] {subprocess.py:93} INFO - [0m06:16:34
[2026-07-08T06:16:34.498+0000] {subprocess.py:93} INFO - [0m06:16:34  Concurrency: 4 threads (target='dev')
[2026-07-08T06:16:34.498+0000] {subprocess.py:93} INFO - [0m06:16:34
[2026-07-08T06:16:36.174+0000] {subprocess.py:93} INFO - [0m06:16:36  1 of 6 START sql table model logistics_mart.dim_drivers ........................ [RUN]
[2026-07-08T06:16:36.175+0000] {subprocess.py:93} INFO - [0m06:16:36  2 of 6 START sql table model logistics_mart.dim_hubs ........................... [RUN]
[2026-07-08T06:16:36.175+0000] {subprocess.py:93} INFO - [0m06:16:36  3 of 6 START sql view model logistics_mart.stg_shipments ....................... [RUN]
[2026-07-08T06:16:36.176+0000] {subprocess.py:93} INFO - [0m06:16:36  4 of 6 START sql view model logistics_mart.stg_weather ......................... [RUN]
[2026-07-08T06:16:38.188+0000] {subprocess.py:93} INFO - [0m06:16:38  4 of 6 OK created sql view model logistics_mart.stg_weather .................... [[32mCREATE VIEW (0 processed)[0m in 2.01s]
[2026-07-08T06:16:38.190+0000] {subprocess.py:93} INFO - [0m06:16:38  5 of 6 START sql view model logistics_mart.stg_weather_consensus ............... [RUN]
[2026-07-08T06:16:38.259+0000] {subprocess.py:93} INFO - [0m06:16:38  3 of 6 OK created sql view model logistics_mart.stg_shipments .................. [[32mCREATE VIEW (0 processed)[0m in 2.08s]
[2026-07-08T06:16:39.445+0000] {subprocess.py:93} INFO - [0m06:16:39  BigQuery adapter: https://console.cloud.google.com/bigquery?project=logistics-500519&j=bq:US:4a18e776-eb77-41ba-8aa1-6e1fdc869da3&page=queryresults
[2026-07-08T06:16:39.457+0000] {subprocess.py:93} INFO - [0m06:16:39  5 of 6 ERROR creating sql view model logistics_mart.stg_weather_consensus ...... [[31mERROR[0m in 1.27s]
[2026-07-08T06:16:39.740+0000] {subprocess.py:93} INFO - [0m06:16:39  2 of 6 OK created sql table model logistics_mart.dim_hubs ...................... [[32mCREATE TABLE (3.0 rows, 149.0 Bytes processed)[0m in 3.56s]
[2026-07-08T06:16:39.743+0000] {subprocess.py:93} INFO - [0m06:16:39  6 of 6 START sql table model logistics_mart.fact_shipment_weather .............. [RUN]
[2026-07-08T06:16:40.241+0000] {subprocess.py:93} INFO - [0m06:16:40  1 of 6 OK created sql table model logistics_mart.dim_drivers ................... [[32mCREATE TABLE (3.0 rows, 108.0 Bytes processed)[0m in 4.06s]
[2026-07-08T06:16:44.124+0000] {subprocess.py:93} INFO - [0m06:16:44  6 of 6 OK created sql table model logistics_mart.fact_shipment_weather ......... [[32mCREATE TABLE (1.3k rows, 82.3 KiB processed)[0m in 4.38s]
[2026-07-08T06:16:44.158+0000] {subprocess.py:93} INFO - [0m06:16:44
[2026-07-08T06:16:44.159+0000] {subprocess.py:93} INFO - [0m06:16:44  Finished running 3 table models, 3 view models in 0 hours 0 minutes and 9.66 seconds (9.66s).
[2026-07-08T06:16:44.194+0000] {subprocess.py:93} INFO - [0m06:16:44
[2026-07-08T06:16:44.194+0000] {subprocess.py:93} INFO - [0m06:16:44  [31mCompleted with 1 error, 0 partial successes, and 0 warnings:[0m
[2026-07-08T06:16:44.195+0000] {subprocess.py:93} INFO - [0m06:16:44
[2026-07-08T06:16:44.195+0000] {subprocess.py:93} INFO - [0m06:16:44  [31mFailure in model stg_weather_consensus (models/staging/stg_weather_consensus.sql)[0m
[2026-07-08T06:16:44.195+0000] {subprocess.py:93} INFO - [0m06:16:44    Database Error in model stg_weather_consensus (models/staging/stg_weather_consensus.sql)
[2026-07-08T06:16:44.196+0000] {subprocess.py:93} INFO -   Unrecognized name: fetched_at at [11:11]
[2026-07-08T06:16:44.196+0000] {subprocess.py:93} INFO -   compiled code at target/run/logistics_lakehouse/models/staging/stg_weather_consensus.sql
[2026-07-08T06:16:44.196+0000] {subprocess.py:93} INFO - [0m06:16:44
[2026-07-08T06:16:44.196+0000] {subprocess.py:93} INFO - [0m06:16:44    compiled code at target/compiled/logistics_lakehouse/models/staging/stg_weather_consensus.sql
[2026-07-08T06:16:44.196+0000] {subprocess.py:93} INFO - [0m06:16:44
[2026-07-08T06:16:44.197+0000] {subprocess.py:93} INFO - [0m06:16:44  Done. PASS=5 WARN=0 ERROR=1 SKIP=0 NO-OP=0 TOTAL=6
[2026-07-08T06:16:46.378+0000] {subprocess.py:97} INFO - Command exited with return code 1
[2026-07-08T06:16:46.380+0000] {taskinstance.py:441} INFO - ::group::Post task execution logs
[2026-07-08T06:16:46.404+0000] {taskinstance.py:2905} ERROR - Task failed with exception
Traceback (most recent call last):
  File "/home/airflow/.local/lib/python3.12/site-packages/airflow/models/taskinstance.py", line 465, in _execute_task
    result = _execute_callable(context=context, **execute_callable_kwargs)
             ^^^^^^^^^^^^^^^^^^^^^^^^^^^^^^^^^^^^^^^^^^^^^^^^^^^^^^^^^^^^^
  File "/home/airflow/.local/lib/python3.12/site-packages/airflow/models/taskinstance.py", line 432, in _execute_callable
    return execute_callable(context=context, **execute_callable_kwargs)
           ^^^^^^^^^^^^^^^^^^^^^^^^^^^^^^^^^^^^^^^^^^^^^^^^^^^^^^^^^^^^
  File "/home/airflow/.local/lib/python3.12/site-packages/airflow/models/baseoperator.py", line 400, in wrapper
    return func(self, *args, **kwargs)
           ^^^^^^^^^^^^^^^^^^^^^^^^^^^
  File "/home/airflow/.local/lib/python3.12/site-packages/airflow/operators/bash.py", line 243, in execute
    raise AirflowException(
airflow.exceptions.AirflowException: Bash command failed. The command returned a non-zero exit code 1.
[2026-07-08T06:16:46.409+0000] {taskinstance.py:1206} INFO - Marking task as FAILED. dag_id=gold_dbt_dag, task_id=trigger_dbt_build, run_id=dataset_triggered__2026-07-08T06:00:16.014518+00:00, execution_date=20260708T060016, start_date=20260708T061632, end_date=20260708T061646
[2026-07-08T06:16:46.419+0000] {standard_task_runner.py:110} ERROR - Failed to execute job 1088 for task trigger_dbt_build (Bash command failed. The command returned a non-zero exit code 1.; 92111)
[2026-07-08T06:16:46.464+0000] {local_task_job_runner.py:240} INFO - Task exited with return code 1
[2026-07-08T06:16:46.484+0000] {taskinstance.py:3498} INFO - 0 downstream tasks scheduled from follow-on schedule check
[2026-07-08T06:16:46.484+0000] {local_task_job_runner.py:222} INFO - ::endgroup::
