[2026-06-30T00:01:42.512+0000] {local_task_job_runner.py:120} INFO - ::group::Pre task execution logs
[2026-06-30T00:01:42.530+0000] {taskinstance.py:2076} INFO - Dependencies all met for dep_context=non-requeueable deps ti=<TaskInstance: dbt_gold_transformation.trigger_dbt_build scheduled__2026-06-29T00:00:00+00:00 [queued]>
[2026-06-30T00:01:42.534+0000] {taskinstance.py:2076} INFO - Dependencies all met for dep_context=requeueable deps ti=<TaskInstance: dbt_gold_transformation.trigger_dbt_build scheduled__2026-06-29T00:00:00+00:00 [queued]>
[2026-06-30T00:01:42.535+0000] {taskinstance.py:2306} INFO - Starting attempt 1 of 2
[2026-06-30T00:01:42.540+0000] {taskinstance.py:2330} INFO - Executing <Task(BashOperator): trigger_dbt_build> on 2026-06-29 00:00:00+00:00
[2026-06-30T00:01:42.547+0000] {standard_task_runner.py:90} INFO - Running: ['***', 'tasks', 'run', 'dbt_gold_transformation', 'trigger_dbt_build', 'scheduled__2026-06-29T00:00:00+00:00', '--job-id', '86', '--raw', '--subdir', 'DAGS_FOLDER/dag_gold_dbt.py', '--cfg-path', '/tmp/tmpdfnzy7ry']
[2026-06-30T00:01:42.553+0000] {standard_task_runner.py:91} INFO - Job 86: Subtask trigger_dbt_build
[2026-06-30T00:01:42.556+0000] {logging_mixin.py:188} WARNING - /home/***/.local/lib/python3.12/site-packages/***/task/task_runner/standard_task_runner.py:61 DeprecationWarning: This process (pid=18072) is multi-threaded, use of fork() may lead to deadlocks in the child.
[2026-06-30T00:01:42.556+0000] {standard_task_runner.py:63} INFO - Started process 18075 to run task
[2026-06-30T00:01:42.578+0000] {task_command.py:426} INFO - Running <TaskInstance: dbt_gold_transformation.trigger_dbt_build scheduled__2026-06-29T00:00:00+00:00 [running]> on host ae627d26e698
[2026-06-30T00:01:42.608+0000] {taskinstance.py:2648} INFO - Exporting env vars: AIRFLOW_CTX_DAG_OWNER='data_engineer' AIRFLOW_CTX_DAG_ID='dbt_gold_transformation' AIRFLOW_CTX_TASK_ID='trigger_dbt_build' AIRFLOW_CTX_EXECUTION_DATE='2026-06-29T00:00:00+00:00' AIRFLOW_CTX_TRY_NUMBER='1' AIRFLOW_CTX_DAG_RUN_ID='scheduled__2026-06-29T00:00:00+00:00'
[2026-06-30T00:01:42.608+0000] {taskinstance.py:430} INFO - ::endgroup::
[2026-06-30T00:01:42.615+0000] {subprocess.py:63} INFO - Tmp dir root location: /tmp
[2026-06-30T00:01:42.617+0000] {subprocess.py:75} INFO - Running command: ['/usr/bin/bash', '-c', 'cd /opt/***/dbt && dbt build --profiles-dir . --target dev']
[2026-06-30T00:01:42.627+0000] {subprocess.py:86} INFO - Output:
[2026-06-30T00:01:45.192+0000] {subprocess.py:93} INFO - [0m00:01:45  Running with dbt=1.11.11
[2026-06-30T00:01:47.039+0000] {subprocess.py:93} INFO - [0m00:01:47  Registered adapter: bigquery=1.11.3
[2026-06-30T00:01:47.422+0000] {subprocess.py:93} INFO - [0m00:01:47  Found 5 models, 4 sources, 553 macros
[2026-06-30T00:01:47.423+0000] {subprocess.py:93} INFO - [0m00:01:47
[2026-06-30T00:01:47.423+0000] {subprocess.py:93} INFO - [0m00:01:47  Concurrency: 4 threads (target='dev')
[2026-06-30T00:01:47.423+0000] {subprocess.py:93} INFO - [0m00:01:47
[2026-06-30T00:01:49.005+0000] {subprocess.py:93} INFO - [0m00:01:49  1 of 5 START sql table model logistics_mart.dim_drivers ........................ [RUN]
[2026-06-30T00:01:49.005+0000] {subprocess.py:93} INFO - [0m00:01:49  2 of 5 START sql table model logistics_mart.dim_hubs ........................... [RUN]
[2026-06-30T00:01:49.006+0000] {subprocess.py:93} INFO - [0m00:01:49  3 of 5 START sql view model logistics_mart.stg_shipments ....................... [RUN]
[2026-06-30T00:01:49.006+0000] {subprocess.py:93} INFO - [0m00:01:49  4 of 5 START sql view model logistics_mart.stg_weather ......................... [RUN]
[2026-06-30T00:01:50.863+0000] {subprocess.py:93} INFO - [0m00:01:50  4 of 5 OK created sql view model logistics_mart.stg_weather .................... [[32mCREATE VIEW (0 processed)[0m in 1.85s]
[2026-06-30T00:01:50.884+0000] {subprocess.py:93} INFO - [0m00:01:50  3 of 5 OK created sql view model logistics_mart.stg_shipments .................. [[32mCREATE VIEW (0 processed)[0m in 1.88s]
[2026-06-30T00:01:52.821+0000] {subprocess.py:93} INFO - [0m00:01:52  2 of 5 OK created sql table model logistics_mart.dim_hubs ...................... [[32mCREATE TABLE (3.0 rows, 149.0 Bytes processed)[0m in 3.81s]
[2026-06-30T00:01:52.830+0000] {subprocess.py:93} INFO - [0m00:01:52  5 of 5 START sql table model logistics_mart.fact_shipment_weather .............. [RUN]
[2026-06-30T00:01:52.832+0000] {subprocess.py:93} INFO - [0m00:01:52  1 of 5 OK created sql table model logistics_mart.dim_drivers ................... [[32mCREATE TABLE (3.0 rows, 108.0 Bytes processed)[0m in 3.82s]
[2026-06-30T00:01:58.441+0000] {subprocess.py:93} INFO - [0m00:01:58  5 of 5 OK created sql table model logistics_mart.fact_shipment_weather ......... [[32mCREATE TABLE (164.0 rows, 10.6 KiB processed)[0m in 5.60s]
[2026-06-30T00:01:58.497+0000] {subprocess.py:93} INFO - [0m00:01:58
[2026-06-30T00:01:58.497+0000] {subprocess.py:93} INFO - [0m00:01:58  Finished running 3 table models, 2 view models in 0 hours 0 minutes and 11.07 seconds (11.07s).
[2026-06-30T00:01:58.543+0000] {subprocess.py:93} INFO - [0m00:01:58
[2026-06-30T00:01:58.544+0000] {subprocess.py:93} INFO - [0m00:01:58  [32mCompleted successfully[0m
[2026-06-30T00:01:58.544+0000] {subprocess.py:93} INFO - [0m00:01:58
[2026-06-30T00:01:58.544+0000] {subprocess.py:93} INFO - [0m00:01:58  Done. PASS=5 WARN=0 ERROR=0 SKIP=0 NO-OP=0 TOTAL=5
[2026-06-30T00:02:00.516+0000] {subprocess.py:97} INFO - Command exited with return code 0
[2026-06-30T00:02:00.518+0000] {taskinstance.py:441} INFO - ::group::Post task execution logs
[2026-06-30T00:02:00.551+0000] {taskinstance.py:1206} INFO - Marking task as SUCCESS. dag_id=dbt_gold_transformation, task_id=trigger_dbt_build, run_id=scheduled__2026-06-29T00:00:00+00:00, execution_date=20260629T000000, start_date=20260630T000142, end_date=20260630T000200
[2026-06-30T00:02:00.592+0000] {local_task_job_runner.py:240} INFO - Task exited with return code 0
[2026-06-30T00:02:00.614+0000] {taskinstance.py:3498} INFO - 0 downstream tasks scheduled from follow-on schedule check
[2026-06-30T00:02:00.614+0000] {local_task_job_runner.py:222} INFO - ::endgroup::
[2026-06-30T09:27:08.510+0000] {local_task_job_runner.py:120} INFO - ::group::Pre task execution logs
[2026-06-30T09:27:08.534+0000] {taskinstance.py:2076} INFO - Dependencies all met for dep_context=non-requeueable deps ti=<TaskInstance: dbt_gold_transformation.trigger_dbt_build scheduled__2026-06-29T00:00:00+00:00 [queued]>
[2026-06-30T09:27:08.542+0000] {taskinstance.py:2076} INFO - Dependencies all met for dep_context=requeueable deps ti=<TaskInstance: dbt_gold_transformation.trigger_dbt_build scheduled__2026-06-29T00:00:00+00:00 [queued]>
[2026-06-30T09:27:08.544+0000] {taskinstance.py:2306} INFO - Starting attempt 1 of 2
[2026-06-30T09:27:08.553+0000] {taskinstance.py:2330} INFO - Executing <Task(BashOperator): trigger_dbt_build> on 2026-06-29 00:00:00+00:00
[2026-06-30T09:27:08.559+0000] {standard_task_runner.py:90} INFO - Running: ['***', 'tasks', 'run', 'dbt_gold_transformation', 'trigger_dbt_build', 'scheduled__2026-06-29T00:00:00+00:00', '--job-id', '4', '--raw', '--subdir', 'DAGS_FOLDER/dag_gold_dbt.py', '--cfg-path', '/tmp/tmpweszqaoe']
[2026-06-30T09:27:08.565+0000] {standard_task_runner.py:91} INFO - Job 4: Subtask trigger_dbt_build
[2026-06-30T09:27:08.572+0000] {logging_mixin.py:188} WARNING - /home/***/.local/lib/python3.12/site-packages/***/task/task_runner/standard_task_runner.py:61 DeprecationWarning: This process (pid=312) is multi-threaded, use of fork() may lead to deadlocks in the child.
[2026-06-30T09:27:08.572+0000] {standard_task_runner.py:63} INFO - Started process 315 to run task
[2026-06-30T09:27:08.593+0000] {task_command.py:426} INFO - Running <TaskInstance: dbt_gold_transformation.trigger_dbt_build scheduled__2026-06-29T00:00:00+00:00 [running]> on host c0dde85f51a2
[2026-06-30T09:27:08.630+0000] {taskinstance.py:2648} INFO - Exporting env vars: AIRFLOW_CTX_DAG_OWNER='data_engineer' AIRFLOW_CTX_DAG_ID='dbt_gold_transformation' AIRFLOW_CTX_TASK_ID='trigger_dbt_build' AIRFLOW_CTX_EXECUTION_DATE='2026-06-29T00:00:00+00:00' AIRFLOW_CTX_TRY_NUMBER='1' AIRFLOW_CTX_DAG_RUN_ID='scheduled__2026-06-29T00:00:00+00:00'
[2026-06-30T09:27:08.631+0000] {taskinstance.py:430} INFO - ::endgroup::
[2026-06-30T09:27:08.650+0000] {subprocess.py:63} INFO - Tmp dir root location: /tmp
[2026-06-30T09:27:08.650+0000] {subprocess.py:75} INFO - Running command: ['/usr/bin/bash', '-c', 'cd /opt/***/dbt && dbt build --profiles-dir . --target dev']
[2026-06-30T09:27:08.655+0000] {subprocess.py:86} INFO - Output:
[2026-06-30T09:27:10.247+0000] {subprocess.py:93} INFO - [0m09:27:10  Running with dbt=1.11.11
[2026-06-30T09:27:11.026+0000] {subprocess.py:93} INFO - [0m09:27:11  Registered adapter: bigquery=1.11.3
[2026-06-30T09:27:11.325+0000] {subprocess.py:93} INFO - [0m09:27:11  Found 5 models, 4 sources, 553 macros
[2026-06-30T09:27:11.326+0000] {subprocess.py:93} INFO - [0m09:27:11
[2026-06-30T09:27:11.327+0000] {subprocess.py:93} INFO - [0m09:27:11  Concurrency: 4 threads (target='dev')
[2026-06-30T09:27:11.327+0000] {subprocess.py:93} INFO - [0m09:27:11
[2026-06-30T09:27:13.838+0000] {subprocess.py:93} INFO - [0m09:27:13  1 of 5 START sql table model logistics_mart.dim_drivers ........................ [RUN]
[2026-06-30T09:27:13.838+0000] {subprocess.py:93} INFO - [0m09:27:13  2 of 5 START sql table model logistics_mart.dim_hubs ........................... [RUN]
[2026-06-30T09:27:13.839+0000] {subprocess.py:93} INFO - [0m09:27:13  3 of 5 START sql view model logistics_mart.stg_shipments ....................... [RUN]
[2026-06-30T09:27:13.839+0000] {subprocess.py:93} INFO - [0m09:27:13  4 of 5 START sql view model logistics_mart.stg_weather ......................... [RUN]
[2026-06-30T09:27:16.392+0000] {subprocess.py:93} INFO - [0m09:27:16  4 of 5 OK created sql view model logistics_mart.stg_weather .................... [[32mCREATE VIEW (0 processed)[0m in 2.55s]
[2026-06-30T09:27:16.393+0000] {subprocess.py:93} INFO - [0m09:27:16  3 of 5 OK created sql view model logistics_mart.stg_shipments .................. [[32mCREATE VIEW (0 processed)[0m in 2.55s]
[2026-06-30T09:27:18.069+0000] {subprocess.py:93} INFO - [0m09:27:18  2 of 5 OK created sql table model logistics_mart.dim_hubs ...................... [[32mCREATE TABLE (3.0 rows, 149.0 Bytes processed)[0m in 4.23s]
[2026-06-30T09:27:18.070+0000] {subprocess.py:93} INFO - [0m09:27:18  5 of 5 START sql table model logistics_mart.fact_shipment_weather .............. [RUN]
[2026-06-30T09:27:18.267+0000] {subprocess.py:93} INFO - [0m09:27:18  1 of 5 OK created sql table model logistics_mart.dim_drivers ................... [[32mCREATE TABLE (3.0 rows, 108.0 Bytes processed)[0m in 4.43s]
[2026-06-30T09:27:22.311+0000] {subprocess.py:93} INFO - [0m09:27:22  5 of 5 OK created sql table model logistics_mart.fact_shipment_weather ......... [[32mCREATE TABLE (227.0 rows, 14.6 KiB processed)[0m in 4.24s]
[2026-06-30T09:27:22.348+0000] {subprocess.py:93} INFO - [0m09:27:22
[2026-06-30T09:27:22.348+0000] {subprocess.py:93} INFO - [0m09:27:22  Finished running 3 table models, 2 view models in 0 hours 0 minutes and 11.02 seconds (11.02s).
[2026-06-30T09:27:22.380+0000] {subprocess.py:93} INFO - [0m09:27:22
[2026-06-30T09:27:22.381+0000] {subprocess.py:93} INFO - [0m09:27:22  [32mCompleted successfully[0m
[2026-06-30T09:27:22.381+0000] {subprocess.py:93} INFO - [0m09:27:22
[2026-06-30T09:27:22.381+0000] {subprocess.py:93} INFO - [0m09:27:22  Done. PASS=5 WARN=0 ERROR=0 SKIP=0 NO-OP=0 TOTAL=5
[2026-06-30T09:27:24.219+0000] {subprocess.py:97} INFO - Command exited with return code 0
[2026-06-30T09:27:24.220+0000] {taskinstance.py:441} INFO - ::group::Post task execution logs
[2026-06-30T09:27:24.247+0000] {taskinstance.py:1206} INFO - Marking task as SUCCESS. dag_id=dbt_gold_transformation, task_id=trigger_dbt_build, run_id=scheduled__2026-06-29T00:00:00+00:00, execution_date=20260629T000000, start_date=20260630T092708, end_date=20260630T092724
[2026-06-30T09:27:24.260+0000] {local_task_job_runner.py:240} INFO - Task exited with return code 0
[2026-06-30T09:27:24.276+0000] {taskinstance.py:3498} INFO - 0 downstream tasks scheduled from follow-on schedule check
[2026-06-30T09:27:24.277+0000] {local_task_job_runner.py:222} INFO - ::endgroup::
