[2026-07-10T22:31:03.206+0000] {local_task_job_runner.py:120} INFO - ::group::Pre task execution logs
[2026-07-10T22:31:03.229+0000] {taskinstance.py:2076} INFO - Dependencies all met for dep_context=non-requeueable deps ti=<TaskInstance: gold_dbt_dag.trigger_dbt_build dataset_triggered__2026-07-10T22:13:35.844218+00:00 [queued]>
[2026-07-10T22:31:03.235+0000] {taskinstance.py:2076} INFO - Dependencies all met for dep_context=requeueable deps ti=<TaskInstance: gold_dbt_dag.trigger_dbt_build dataset_triggered__2026-07-10T22:13:35.844218+00:00 [queued]>
[2026-07-10T22:31:03.235+0000] {taskinstance.py:2306} INFO - Starting attempt 2 of 2
[2026-07-10T22:31:03.242+0000] {taskinstance.py:2330} INFO - Executing <Task(BashOperator): trigger_dbt_build> on 2026-07-10 22:13:35.844218+00:00
[2026-07-10T22:31:03.248+0000] {standard_task_runner.py:90} INFO - Running: ['***', 'tasks', 'run', 'gold_dbt_dag', 'trigger_dbt_build', 'dataset_triggered__2026-07-10T22:13:35.844218+00:00', '--job-id', '1533', '--raw', '--subdir', 'DAGS_FOLDER/dag_gold_dbt.py', '--cfg-path', '/tmp/tmpv9yodihs']
[2026-07-10T22:31:03.251+0000] {standard_task_runner.py:91} INFO - Job 1533: Subtask trigger_dbt_build
[2026-07-10T22:31:03.254+0000] {logging_mixin.py:188} WARNING - /home/***/.local/lib/python3.12/site-packages/***/task/task_runner/standard_task_runner.py:61 DeprecationWarning: This process (pid=49556) is multi-threaded, use of fork() may lead to deadlocks in the child.
[2026-07-10T22:31:03.255+0000] {standard_task_runner.py:63} INFO - Started process 49559 to run task
[2026-07-10T22:31:03.272+0000] {task_command.py:426} INFO - Running <TaskInstance: gold_dbt_dag.trigger_dbt_build dataset_triggered__2026-07-10T22:13:35.844218+00:00 [running]> on host bd23e89d97be
[2026-07-10T22:31:03.316+0000] {taskinstance.py:2648} INFO - Exporting env vars: AIRFLOW_CTX_DAG_OWNER='data_engineer' AIRFLOW_CTX_DAG_ID='gold_dbt_dag' AIRFLOW_CTX_TASK_ID='trigger_dbt_build' AIRFLOW_CTX_EXECUTION_DATE='2026-07-10T22:13:35.844218+00:00' AIRFLOW_CTX_TRY_NUMBER='2' AIRFLOW_CTX_DAG_RUN_ID='dataset_triggered__2026-07-10T22:13:35.844218+00:00'
[2026-07-10T22:31:03.316+0000] {taskinstance.py:430} INFO - ::endgroup::
[2026-07-10T22:31:03.324+0000] {subprocess.py:63} INFO - Tmp dir root location: /tmp
[2026-07-10T22:31:03.324+0000] {subprocess.py:75} INFO - Running command: ['/usr/bin/bash', '-c', 'cd /opt/***/dbt && dbt build --profiles-dir . --target dev']
[2026-07-10T22:31:03.330+0000] {subprocess.py:86} INFO - Output:
[2026-07-10T22:31:04.284+0000] {subprocess.py:93} INFO - [0m22:31:04  Running with dbt=1.11.11
[2026-07-10T22:31:04.760+0000] {subprocess.py:93} INFO - [0m22:31:04  Registered adapter: bigquery=1.11.3
[2026-07-10T22:31:04.971+0000] {subprocess.py:93} INFO - [0m22:31:04  Found 6 models, 4 sources, 553 macros
[2026-07-10T22:31:04.972+0000] {subprocess.py:93} INFO - [0m22:31:04
[2026-07-10T22:31:04.972+0000] {subprocess.py:93} INFO - [0m22:31:04  Concurrency: 4 threads (target='dev')
[2026-07-10T22:31:04.972+0000] {subprocess.py:93} INFO - [0m22:31:04
[2026-07-10T22:31:06.648+0000] {subprocess.py:93} INFO - [0m22:31:06  1 of 6 START sql table model logistics_mart.dim_drivers ........................ [RUN]
[2026-07-10T22:31:06.648+0000] {subprocess.py:93} INFO - [0m22:31:06  2 of 6 START sql table model logistics_mart.dim_hubs ........................... [RUN]
[2026-07-10T22:31:06.649+0000] {subprocess.py:93} INFO - [0m22:31:06  3 of 6 START sql view model logistics_mart.stg_shipments ....................... [RUN]
[2026-07-10T22:31:06.649+0000] {subprocess.py:93} INFO - [0m22:31:06  4 of 6 START sql view model logistics_mart.stg_weather ......................... [RUN]
[2026-07-10T22:31:08.811+0000] {subprocess.py:93} INFO - [0m22:31:08  4 of 6 OK created sql view model logistics_mart.stg_weather .................... [[32mCREATE VIEW (0 processed)[0m in 2.16s]
[2026-07-10T22:31:08.812+0000] {subprocess.py:93} INFO - [0m22:31:08  3 of 6 OK created sql view model logistics_mart.stg_shipments .................. [[32mCREATE VIEW (0 processed)[0m in 2.16s]
[2026-07-10T22:31:08.814+0000] {subprocess.py:93} INFO - [0m22:31:08  5 of 6 START sql view model logistics_mart.stg_weather_consensus ............... [RUN]
[2026-07-10T22:31:10.128+0000] {subprocess.py:93} INFO - [0m22:31:10  BigQuery adapter: https://console.cloud.google.com/bigquery?project=logistics-500519&j=bq:US:bf48ff03-f483-4e75-aecb-a6b229065d01&page=queryresults
[2026-07-10T22:31:10.142+0000] {subprocess.py:93} INFO - [0m22:31:10  5 of 6 ERROR creating sql view model logistics_mart.stg_weather_consensus ...... [[31mERROR[0m in 1.33s]
[2026-07-10T22:31:10.585+0000] {subprocess.py:93} INFO - [0m22:31:10  2 of 6 OK created sql table model logistics_mart.dim_hubs ...................... [[32mCREATE TABLE (3.0 rows, 149.0 Bytes processed)[0m in 3.93s]
[2026-07-10T22:31:10.590+0000] {subprocess.py:93} INFO - [0m22:31:10  6 of 6 START sql table model logistics_mart.fact_shipment_weather .............. [RUN]
[2026-07-10T22:31:10.820+0000] {subprocess.py:93} INFO - [0m22:31:10  1 of 6 OK created sql table model logistics_mart.dim_drivers ................... [[32mCREATE TABLE (3.0 rows, 108.0 Bytes processed)[0m in 4.17s]
[2026-07-10T22:31:14.591+0000] {subprocess.py:93} INFO - [0m22:31:14  6 of 6 OK created sql table model logistics_mart.fact_shipment_weather ......... [[32mCREATE TABLE (1.8k rows, 112.1 KiB processed)[0m in 4.00s]
[2026-07-10T22:31:14.636+0000] {subprocess.py:93} INFO - [0m22:31:14
[2026-07-10T22:31:14.636+0000] {subprocess.py:93} INFO - [0m22:31:14  Finished running 3 table models, 3 view models in 0 hours 0 minutes and 9.66 seconds (9.66s).
[2026-07-10T22:31:14.665+0000] {subprocess.py:93} INFO - [0m22:31:14
[2026-07-10T22:31:14.665+0000] {subprocess.py:93} INFO - [0m22:31:14  [31mCompleted with 1 error, 0 partial successes, and 0 warnings:[0m
[2026-07-10T22:31:14.666+0000] {subprocess.py:93} INFO - [0m22:31:14
[2026-07-10T22:31:14.666+0000] {subprocess.py:93} INFO - [0m22:31:14  [31mFailure in model stg_weather_consensus (models/staging/stg_weather_consensus.sql)[0m
[2026-07-10T22:31:14.666+0000] {subprocess.py:93} INFO - [0m22:31:14    Database Error in model stg_weather_consensus (models/staging/stg_weather_consensus.sql)
[2026-07-10T22:31:14.666+0000] {subprocess.py:93} INFO -   Unrecognized name: fetched_at at [11:11]
[2026-07-10T22:31:14.666+0000] {subprocess.py:93} INFO -   compiled code at target/run/logistics_lakehouse/models/staging/stg_weather_consensus.sql
[2026-07-10T22:31:14.666+0000] {subprocess.py:93} INFO - [0m22:31:14
[2026-07-10T22:31:14.666+0000] {subprocess.py:93} INFO - [0m22:31:14    compiled code at target/compiled/logistics_lakehouse/models/staging/stg_weather_consensus.sql
[2026-07-10T22:31:14.667+0000] {subprocess.py:93} INFO - [0m22:31:14
[2026-07-10T22:31:14.667+0000] {subprocess.py:93} INFO - [0m22:31:14  Done. PASS=5 WARN=0 ERROR=1 SKIP=0 NO-OP=0 TOTAL=6
[2026-07-10T22:31:16.627+0000] {subprocess.py:97} INFO - Command exited with return code 1
[2026-07-10T22:31:16.628+0000] {taskinstance.py:441} INFO - ::group::Post task execution logs
[2026-07-10T22:31:16.633+0000] {taskinstance.py:2905} ERROR - Task failed with exception
Traceback (most recent call last):
  File "/home/airflow/.local/lib/python3.12/site-packages/airflow/models/taskinstance.py", line 465, in _execute_task
    result = _execute_callable(context=context, **execute_callable_kwargs)
             ^^^^^^^^^^^^^^^^^^^^^^^^^^^^^^^^^^^^^^^^^^^^^^^^^^^^^^^^^^^^^
  File "/home/airflow/.local/lib/python3.12/site-packages/airflow/models/taskinstance.py", line 432, in _execute_callable
    return execute_callable(context=context, **execute_callable_kwargs)
           ^^^^^^^^^^^^^^^^^^^^^^^^^^^^^^^^^^^^^^^^^^^^^^^^^^^^^^^^^^^^
  File "/home/airflow/.local/lib/python3.12/site-packages/airflow/models/baseoperator.py", line 400, in wrapper
    return func(self, *args, **kwargs)
           ^^^^^^^^^^^^^^^^^^^^^^^^^^^
  File "/home/airflow/.local/lib/python3.12/site-packages/airflow/operators/bash.py", line 243, in execute
    raise AirflowException(
airflow.exceptions.AirflowException: Bash command failed. The command returned a non-zero exit code 1.
[2026-07-10T22:31:16.635+0000] {taskinstance.py:1206} INFO - Marking task as FAILED. dag_id=gold_dbt_dag, task_id=trigger_dbt_build, run_id=dataset_triggered__2026-07-10T22:13:35.844218+00:00, execution_date=20260710T221335, start_date=20260710T223103, end_date=20260710T223116
[2026-07-10T22:31:16.641+0000] {standard_task_runner.py:110} ERROR - Failed to execute job 1533 for task trigger_dbt_build (Bash command failed. The command returned a non-zero exit code 1.; 49559)
[2026-07-10T22:31:16.663+0000] {local_task_job_runner.py:240} INFO - Task exited with return code 1
[2026-07-10T22:31:16.669+0000] {taskinstance.py:3498} INFO - 0 downstream tasks scheduled from follow-on schedule check
[2026-07-10T22:31:16.669+0000] {local_task_job_runner.py:222} INFO - ::endgroup::
