[2026-06-30T05:13:33.005+0000] {local_task_job_runner.py:120} INFO - ::group::Pre task execution logs
[2026-06-30T05:13:33.016+0000] {taskinstance.py:2076} INFO - Dependencies all met for dep_context=non-requeueable deps ti=<TaskInstance: weather_api_to_bq.fetch_push_weather scheduled__2026-06-30T04:00:00+00:00 [queued]>
[2026-06-30T05:13:33.019+0000] {taskinstance.py:2076} INFO - Dependencies all met for dep_context=requeueable deps ti=<TaskInstance: weather_api_to_bq.fetch_push_weather scheduled__2026-06-30T04:00:00+00:00 [queued]>
[2026-06-30T05:13:33.019+0000] {taskinstance.py:2306} INFO - Starting attempt 1 of 1
[2026-06-30T05:13:33.024+0000] {taskinstance.py:2330} INFO - Executing <Task(PythonOperator): fetch_push_weather> on 2026-06-30 04:00:00+00:00
[2026-06-30T05:13:33.029+0000] {logging_mixin.py:188} WARNING - /home/***/.local/lib/python3.12/site-packages/***/task/task_runner/standard_task_runner.py:61 DeprecationWarning: This process (pid=24830) is multi-threaded, use of fork() may lead to deadlocks in the child.
[2026-06-30T05:13:33.029+0000] {standard_task_runner.py:63} INFO - Started process 24860 to run task
[2026-06-30T05:13:33.029+0000] {standard_task_runner.py:90} INFO - Running: ['***', 'tasks', 'run', 'weather_api_to_bq', 'fetch_push_weather', 'scheduled__2026-06-30T04:00:00+00:00', '--job-id', '103', '--raw', '--subdir', 'DAGS_FOLDER/dag_weather_api.py', '--cfg-path', '/tmp/tmppu8f9zn7']
[2026-06-30T05:13:33.030+0000] {standard_task_runner.py:91} INFO - Job 103: Subtask fetch_push_weather
[2026-06-30T05:13:33.047+0000] {task_command.py:426} INFO - Running <TaskInstance: weather_api_to_bq.fetch_push_weather scheduled__2026-06-30T04:00:00+00:00 [running]> on host ae627d26e698
[2026-06-30T05:13:33.077+0000] {taskinstance.py:2648} INFO - Exporting env vars: AIRFLOW_CTX_DAG_OWNER='***' AIRFLOW_CTX_DAG_ID='weather_api_to_bq' AIRFLOW_CTX_TASK_ID='fetch_push_weather' AIRFLOW_CTX_EXECUTION_DATE='2026-06-30T04:00:00+00:00' AIRFLOW_CTX_TRY_NUMBER='1' AIRFLOW_CTX_DAG_RUN_ID='scheduled__2026-06-30T04:00:00+00:00'
[2026-06-30T05:13:33.077+0000] {taskinstance.py:430} INFO - ::endgroup::
[2026-06-30T05:13:45.591+0000] {taskinstance.py:441} INFO - ::group::Post task execution logs
[2026-06-30T05:13:45.614+0000] {taskinstance.py:2905} ERROR - Task failed with exception
Traceback (most recent call last):
  File "/home/airflow/.local/lib/python3.12/site-packages/airflow/models/taskinstance.py", line 465, in _execute_task
    result = _execute_callable(context=context, **execute_callable_kwargs)
             ^^^^^^^^^^^^^^^^^^^^^^^^^^^^^^^^^^^^^^^^^^^^^^^^^^^^^^^^^^^^^
  File "/home/airflow/.local/lib/python3.12/site-packages/airflow/models/taskinstance.py", line 432, in _execute_callable
    return execute_callable(context=context, **execute_callable_kwargs)
           ^^^^^^^^^^^^^^^^^^^^^^^^^^^^^^^^^^^^^^^^^^^^^^^^^^^^^^^^^^^^
  File "/home/airflow/.local/lib/python3.12/site-packages/airflow/models/baseoperator.py", line 400, in wrapper
    return func(self, *args, **kwargs)
           ^^^^^^^^^^^^^^^^^^^^^^^^^^^
  File "/home/airflow/.local/lib/python3.12/site-packages/airflow/operators/python.py", line 235, in execute
    return_value = self.execute_callable()
                   ^^^^^^^^^^^^^^^^^^^^^^^
  File "/home/airflow/.local/lib/python3.12/site-packages/airflow/operators/python.py", line 252, in execute_callable
    return self.python_callable(*self.op_args, **self.op_kwargs)
           ^^^^^^^^^^^^^^^^^^^^^^^^^^^^^^^^^^^^^^^^^^^^^^^^^^^^^
  File "/opt/airflow/dags/dag_weather_api.py", line 46, in fetch_and_push_weather
    job.result()
  File "/home/airflow/.local/lib/python3.12/site-packages/google/cloud/bigquery/job/base.py", line 971, in result
    return super(_AsyncJob, self).result(timeout=timeout, **kwargs)
           ^^^^^^^^^^^^^^^^^^^^^^^^^^^^^^^^^^^^^^^^^^^^^^^^^^^^^^^^
  File "/home/airflow/.local/lib/python3.12/site-packages/google/api_core/future/polling.py", line 256, in result
    self._blocking_poll(timeout=timeout, retry=retry, polling=polling)
  File "/home/airflow/.local/lib/python3.12/site-packages/google/api_core/future/polling.py", line 137, in _blocking_poll
    polling(self._done_or_raise)(retry=retry)
  File "/home/airflow/.local/lib/python3.12/site-packages/google/api_core/retry/retry_unary.py", line 294, in retry_wrapped_func
    return retry_target(
           ^^^^^^^^^^^^^
  File "/home/airflow/.local/lib/python3.12/site-packages/google/api_core/retry/retry_unary.py", line 156, in retry_target
    next_sleep = _retry_error_helper(
                 ^^^^^^^^^^^^^^^^^^^^
  File "/home/airflow/.local/lib/python3.12/site-packages/google/api_core/retry/retry_base.py", line 216, in _retry_error_helper
    raise final_exc from source_exc
  File "/home/airflow/.local/lib/python3.12/site-packages/google/api_core/retry/retry_unary.py", line 147, in retry_target
    result = target()
             ^^^^^^^^
  File "/home/airflow/.local/lib/python3.12/site-packages/google/api_core/future/polling.py", line 119, in _done_or_raise
    if not self.done(retry=retry):
           ^^^^^^^^^^^^^^^^^^^^^^
  File "/home/airflow/.local/lib/python3.12/site-packages/google/cloud/bigquery/job/base.py", line 938, in done
    self.reload(retry=retry, timeout=timeout)
  File "/home/airflow/.local/lib/python3.12/site-packages/google/cloud/bigquery/job/base.py", line 828, in reload
    api_response = client._call_api(
                   ^^^^^^^^^^^^^^^^^
  File "/home/airflow/.local/lib/python3.12/site-packages/google/cloud/bigquery/client.py", line 831, in _call_api
    return call()
           ^^^^^^
  File "/home/airflow/.local/lib/python3.12/site-packages/google/cloud/_http/__init__.py", line 482, in api_request
    response = self._make_request(
               ^^^^^^^^^^^^^^^^^^^
  File "/home/airflow/.local/lib/python3.12/site-packages/google/cloud/_http/__init__.py", line 341, in _make_request
    return self._do_request(
           ^^^^^^^^^^^^^^^^^
  File "/home/airflow/.local/lib/python3.12/site-packages/google/cloud/_http/__init__.py", line 379, in _do_request
    return self.http.request(
           ^^^^^^^^^^^^^^^^^^
  File "/home/airflow/.local/lib/python3.12/site-packages/google/auth/transport/requests.py", line 543, in request
    response = super(AuthorizedSession, self).request(
               ^^^^^^^^^^^^^^^^^^^^^^^^^^^^^^^^^^^^^^^
  File "/home/airflow/.local/lib/python3.12/site-packages/requests/sessions.py", line 651, in request
    resp = self.send(prep, **send_kwargs)
           ^^^^^^^^^^^^^^^^^^^^^^^^^^^^^^
  File "/home/airflow/.local/lib/python3.12/site-packages/requests/sessions.py", line 784, in send
    r = adapter.send(request, **kwargs)
        ^^^^^^^^^^^^^^^^^^^^^^^^^^^^^^^
  File "/home/airflow/.local/lib/python3.12/site-packages/requests/adapters.py", line 711, in send
    raise ConnectionError(err, request=request)
requests.exceptions.ConnectionError: ('Connection aborted.', RemoteDisconnected('Remote end closed connection without response'))
[2026-06-30T05:13:45.665+0000] {taskinstance.py:1206} INFO - Marking task as FAILED. dag_id=weather_api_to_bq, task_id=fetch_push_weather, run_id=scheduled__2026-06-30T04:00:00+00:00, execution_date=20260630T040000, start_date=20260630T051333, end_date=20260630T051345
[2026-06-30T05:13:45.696+0000] {standard_task_runner.py:110} ERROR - Failed to execute job 103 for task fetch_push_weather (('Connection aborted.', RemoteDisconnected('Remote end closed connection without response')); 24860)
[2026-06-30T05:13:45.744+0000] {local_task_job_runner.py:240} INFO - Task exited with return code 1
[2026-06-30T05:13:45.766+0000] {taskinstance.py:3498} INFO - 0 downstream tasks scheduled from follow-on schedule check
[2026-06-30T05:13:45.768+0000] {local_task_job_runner.py:222} INFO - ::endgroup::
