[2026-07-11T03:11:06.446+0000] {local_task_job_runner.py:120} INFO - ::group::Pre task execution logs
[2026-07-11T03:11:06.464+0000] {taskinstance.py:2076} INFO - Dependencies all met for dep_context=non-requeueable deps ti=<TaskInstance: gold_dbt_dag.trigger_dbt_build dataset_triggered__2026-07-11T03:11:05.815359+00:00 [queued]>
[2026-07-11T03:11:06.467+0000] {taskinstance.py:2076} INFO - Dependencies all met for dep_context=requeueable deps ti=<TaskInstance: gold_dbt_dag.trigger_dbt_build dataset_triggered__2026-07-11T03:11:05.815359+00:00 [queued]>
[2026-07-11T03:11:06.467+0000] {taskinstance.py:2306} INFO - Starting attempt 1 of 2
[2026-07-11T03:11:06.473+0000] {taskinstance.py:2330} INFO - Executing <Task(BashOperator): trigger_dbt_build> on 2026-07-11 03:11:05.815359+00:00
[2026-07-11T03:11:06.477+0000] {standard_task_runner.py:90} INFO - Running: ['***', 'tasks', 'run', 'gold_dbt_dag', 'trigger_dbt_build', 'dataset_triggered__2026-07-11T03:11:05.815359+00:00', '--job-id', '1567', '--raw', '--subdir', 'DAGS_FOLDER/dag_gold_dbt.py', '--cfg-path', '/tmp/tmprvph6h8m']
[2026-07-11T03:11:06.479+0000] {standard_task_runner.py:91} INFO - Job 1567: Subtask trigger_dbt_build
[2026-07-11T03:11:06.483+0000] {logging_mixin.py:188} WARNING - /home/***/.local/lib/python3.12/site-packages/***/task/task_runner/standard_task_runner.py:61 DeprecationWarning: This process (pid=53741) is multi-threaded, use of fork() may lead to deadlocks in the child.
[2026-07-11T03:11:06.484+0000] {standard_task_runner.py:63} INFO - Started process 53742 to run task
[2026-07-11T03:11:06.519+0000] {task_command.py:426} INFO - Running <TaskInstance: gold_dbt_dag.trigger_dbt_build dataset_triggered__2026-07-11T03:11:05.815359+00:00 [running]> on host bd23e89d97be
[2026-07-11T03:11:06.566+0000] {taskinstance.py:2648} INFO - Exporting env vars: AIRFLOW_CTX_DAG_OWNER='data_engineer' AIRFLOW_CTX_DAG_ID='gold_dbt_dag' AIRFLOW_CTX_TASK_ID='trigger_dbt_build' AIRFLOW_CTX_EXECUTION_DATE='2026-07-11T03:11:05.815359+00:00' AIRFLOW_CTX_TRY_NUMBER='1' AIRFLOW_CTX_DAG_RUN_ID='dataset_triggered__2026-07-11T03:11:05.815359+00:00'
[2026-07-11T03:11:06.567+0000] {taskinstance.py:430} INFO - ::endgroup::
[2026-07-11T03:11:06.574+0000] {subprocess.py:63} INFO - Tmp dir root location: /tmp
[2026-07-11T03:11:06.575+0000] {subprocess.py:75} INFO - Running command: ['/usr/bin/bash', '-c', 'cd /opt/***/dbt && dbt build --profiles-dir . --target dev']
[2026-07-11T03:11:06.579+0000] {subprocess.py:86} INFO - Output:
[2026-07-11T03:11:07.600+0000] {subprocess.py:93} INFO - [0m03:11:07  Running with dbt=1.11.11
[2026-07-11T03:11:08.109+0000] {subprocess.py:93} INFO - [0m03:11:08  Registered adapter: bigquery=1.11.3
[2026-07-11T03:11:08.324+0000] {subprocess.py:93} INFO - [0m03:11:08  Found 6 models, 4 sources, 553 macros
[2026-07-11T03:11:08.325+0000] {subprocess.py:93} INFO - [0m03:11:08
[2026-07-11T03:11:08.325+0000] {subprocess.py:93} INFO - [0m03:11:08  Concurrency: 4 threads (target='dev')
[2026-07-11T03:11:08.326+0000] {subprocess.py:93} INFO - [0m03:11:08
[2026-07-11T03:11:09.921+0000] {subprocess.py:93} INFO - [0m03:11:09  1 of 6 START sql table model logistics_mart.dim_drivers ........................ [RUN]
[2026-07-11T03:11:09.922+0000] {subprocess.py:93} INFO - [0m03:11:09  2 of 6 START sql table model logistics_mart.dim_hubs ........................... [RUN]
[2026-07-11T03:11:09.923+0000] {subprocess.py:93} INFO - [0m03:11:09  3 of 6 START sql view model logistics_mart.stg_shipments ....................... [RUN]
[2026-07-11T03:11:09.923+0000] {subprocess.py:93} INFO - [0m03:11:09  4 of 6 START sql view model logistics_mart.stg_weather ......................... [RUN]
[2026-07-11T03:11:11.895+0000] {subprocess.py:93} INFO - [0m03:11:11  4 of 6 OK created sql view model logistics_mart.stg_weather .................... [[32mCREATE VIEW (0 processed)[0m in 1.97s]
[2026-07-11T03:11:11.895+0000] {subprocess.py:93} INFO - [0m03:11:11  3 of 6 OK created sql view model logistics_mart.stg_shipments .................. [[32mCREATE VIEW (0 processed)[0m in 1.97s]
[2026-07-11T03:11:11.897+0000] {subprocess.py:93} INFO - [0m03:11:11  5 of 6 START sql view model logistics_mart.stg_weather_consensus ............... [RUN]
[2026-07-11T03:11:13.379+0000] {subprocess.py:93} INFO - [0m03:11:13  BigQuery adapter: https://console.cloud.google.com/bigquery?project=logistics-500519&j=bq:US:18eff82a-e0d6-46e5-af28-0fb976cf38d7&page=queryresults
[2026-07-11T03:11:13.397+0000] {subprocess.py:93} INFO - [0m03:11:13  5 of 6 ERROR creating sql view model logistics_mart.stg_weather_consensus ...... [[31mERROR[0m in 1.50s]
[2026-07-11T03:11:13.677+0000] {subprocess.py:93} INFO - [0m03:11:13  1 of 6 OK created sql table model logistics_mart.dim_drivers ................... [[32mCREATE TABLE (3.0 rows, 108.0 Bytes processed)[0m in 3.75s]
[2026-07-11T03:11:14.623+0000] {subprocess.py:93} INFO - [0m03:11:14  2 of 6 OK created sql table model logistics_mart.dim_hubs ...................... [[32mCREATE TABLE (3.0 rows, 149.0 Bytes processed)[0m in 4.70s]
[2026-07-11T03:11:14.628+0000] {subprocess.py:93} INFO - [0m03:11:14  6 of 6 START sql table model logistics_mart.fact_shipment_weather .............. [RUN]
[2026-07-11T03:11:18.584+0000] {subprocess.py:93} INFO - [0m03:11:18  6 of 6 OK created sql table model logistics_mart.fact_shipment_weather ......... [[32mCREATE TABLE (1.8k rows, 114.4 KiB processed)[0m in 3.95s]
[2026-07-11T03:11:18.628+0000] {subprocess.py:93} INFO - [0m03:11:18
[2026-07-11T03:11:18.628+0000] {subprocess.py:93} INFO - [0m03:11:18  Finished running 3 table models, 3 view models in 0 hours 0 minutes and 10.30 seconds (10.30s).
[2026-07-11T03:11:18.657+0000] {subprocess.py:93} INFO - [0m03:11:18
[2026-07-11T03:11:18.658+0000] {subprocess.py:93} INFO - [0m03:11:18  [31mCompleted with 1 error, 0 partial successes, and 0 warnings:[0m
[2026-07-11T03:11:18.658+0000] {subprocess.py:93} INFO - [0m03:11:18
[2026-07-11T03:11:18.658+0000] {subprocess.py:93} INFO - [0m03:11:18  [31mFailure in model stg_weather_consensus (models/staging/stg_weather_consensus.sql)[0m
[2026-07-11T03:11:18.658+0000] {subprocess.py:93} INFO - [0m03:11:18    Database Error in model stg_weather_consensus (models/staging/stg_weather_consensus.sql)
[2026-07-11T03:11:18.659+0000] {subprocess.py:93} INFO -   Unrecognized name: fetched_at at [11:11]
[2026-07-11T03:11:18.659+0000] {subprocess.py:93} INFO -   compiled code at target/run/logistics_lakehouse/models/staging/stg_weather_consensus.sql
[2026-07-11T03:11:18.659+0000] {subprocess.py:93} INFO - [0m03:11:18
[2026-07-11T03:11:18.659+0000] {subprocess.py:93} INFO - [0m03:11:18    compiled code at target/compiled/logistics_lakehouse/models/staging/stg_weather_consensus.sql
[2026-07-11T03:11:18.659+0000] {subprocess.py:93} INFO - [0m03:11:18
[2026-07-11T03:11:18.659+0000] {subprocess.py:93} INFO - [0m03:11:18  Done. PASS=5 WARN=0 ERROR=1 SKIP=0 NO-OP=0 TOTAL=6
[2026-07-11T03:11:24.916+0000] {subprocess.py:97} INFO - Command exited with return code 1
[2026-07-11T03:11:24.920+0000] {taskinstance.py:441} INFO - ::group::Post task execution logs
[2026-07-11T03:11:24.950+0000] {taskinstance.py:2905} ERROR - Task failed with exception
Traceback (most recent call last):
  File "/home/airflow/.local/lib/python3.12/site-packages/airflow/models/taskinstance.py", line 465, in _execute_task
    result = _execute_callable(context=context, **execute_callable_kwargs)
             ^^^^^^^^^^^^^^^^^^^^^^^^^^^^^^^^^^^^^^^^^^^^^^^^^^^^^^^^^^^^^
  File "/home/airflow/.local/lib/python3.12/site-packages/airflow/models/taskinstance.py", line 432, in _execute_callable
    return execute_callable(context=context, **execute_callable_kwargs)
           ^^^^^^^^^^^^^^^^^^^^^^^^^^^^^^^^^^^^^^^^^^^^^^^^^^^^^^^^^^^^
  File "/home/airflow/.local/lib/python3.12/site-packages/airflow/models/baseoperator.py", line 400, in wrapper
    return func(self, *args, **kwargs)
           ^^^^^^^^^^^^^^^^^^^^^^^^^^^
  File "/home/airflow/.local/lib/python3.12/site-packages/airflow/operators/bash.py", line 243, in execute
    raise AirflowException(
airflow.exceptions.AirflowException: Bash command failed. The command returned a non-zero exit code 1.
[2026-07-11T03:11:24.955+0000] {taskinstance.py:1206} INFO - Marking task as UP_FOR_RETRY. dag_id=gold_dbt_dag, task_id=trigger_dbt_build, run_id=dataset_triggered__2026-07-11T03:11:05.815359+00:00, execution_date=20260711T031105, start_date=20260711T031106, end_date=20260711T031124
[2026-07-11T03:11:24.969+0000] {standard_task_runner.py:110} ERROR - Failed to execute job 1567 for task trigger_dbt_build (Bash command failed. The command returned a non-zero exit code 1.; 53742)
[2026-07-11T03:11:25.006+0000] {local_task_job_runner.py:240} INFO - Task exited with return code 1
[2026-07-11T03:11:25.032+0000] {taskinstance.py:3498} INFO - 0 downstream tasks scheduled from follow-on schedule check
[2026-07-11T03:11:25.032+0000] {local_task_job_runner.py:222} INFO - ::endgroup::
