[2026-07-02T00:48:37.647+0000] {local_task_job_runner.py:120} INFO - ::group::Pre task execution logs
[2026-07-02T00:48:37.675+0000] {taskinstance.py:2076} INFO - Dependencies all met for dep_context=non-requeueable deps ti=<TaskInstance: gold_dbt_dag.trigger_dbt_build dataset_triggered__2026-07-02T00:48:37.007407+00:00 [queued]>
[2026-07-02T00:48:37.678+0000] {taskinstance.py:2076} INFO - Dependencies all met for dep_context=requeueable deps ti=<TaskInstance: gold_dbt_dag.trigger_dbt_build dataset_triggered__2026-07-02T00:48:37.007407+00:00 [queued]>
[2026-07-02T00:48:37.678+0000] {taskinstance.py:2306} INFO - Starting attempt 1 of 2
[2026-07-02T00:48:37.682+0000] {taskinstance.py:2330} INFO - Executing <Task(BashOperator): trigger_dbt_build> on 2026-07-02 00:48:37.007407+00:00
[2026-07-02T00:48:37.692+0000] {logging_mixin.py:188} WARNING - /home/***/.local/lib/python3.12/site-packages/***/task/task_runner/standard_task_runner.py:61 DeprecationWarning: This process (pid=41978) is multi-threaded, use of fork() may lead to deadlocks in the child.
[2026-07-02T00:48:37.693+0000] {standard_task_runner.py:63} INFO - Started process 41979 to run task
[2026-07-02T00:48:37.690+0000] {standard_task_runner.py:90} INFO - Running: ['***', 'tasks', 'run', 'gold_dbt_dag', 'trigger_dbt_build', 'dataset_triggered__2026-07-02T00:48:37.007407+00:00', '--job-id', '136', '--raw', '--subdir', 'DAGS_FOLDER/dag_gold_dbt.py', '--cfg-path', '/tmp/tmp2fdb4gnf']
[2026-07-02T00:48:37.693+0000] {standard_task_runner.py:91} INFO - Job 136: Subtask trigger_dbt_build
[2026-07-02T00:48:37.755+0000] {task_command.py:426} INFO - Running <TaskInstance: gold_dbt_dag.trigger_dbt_build dataset_triggered__2026-07-02T00:48:37.007407+00:00 [running]> on host bd23e89d97be
[2026-07-02T00:48:38.470+0000] {taskinstance.py:2648} INFO - Exporting env vars: AIRFLOW_CTX_DAG_OWNER='data_engineer' AIRFLOW_CTX_DAG_ID='gold_dbt_dag' AIRFLOW_CTX_TASK_ID='trigger_dbt_build' AIRFLOW_CTX_EXECUTION_DATE='2026-07-02T00:48:37.007407+00:00' AIRFLOW_CTX_TRY_NUMBER='1' AIRFLOW_CTX_DAG_RUN_ID='dataset_triggered__2026-07-02T00:48:37.007407+00:00'
[2026-07-02T00:48:38.477+0000] {taskinstance.py:430} INFO - ::endgroup::
[2026-07-02T00:48:38.502+0000] {subprocess.py:63} INFO - Tmp dir root location: /tmp
[2026-07-02T00:48:38.507+0000] {subprocess.py:75} INFO - Running command: ['/usr/bin/bash', '-c', 'cd /opt/***/dbt && dbt build --profiles-dir . --target dev']
[2026-07-02T00:48:38.539+0000] {subprocess.py:86} INFO - Output:
[2026-07-02T00:48:39.709+0000] {subprocess.py:93} INFO - [0m00:48:39  Running with dbt=1.11.11
[2026-07-02T00:48:40.271+0000] {subprocess.py:93} INFO - [0m00:48:40  Registered adapter: bigquery=1.11.3
[2026-07-02T00:48:40.493+0000] {subprocess.py:93} INFO - [0m00:48:40  Found 5 models, 4 sources, 553 macros
[2026-07-02T00:48:40.495+0000] {subprocess.py:93} INFO - [0m00:48:40
[2026-07-02T00:48:40.495+0000] {subprocess.py:93} INFO - [0m00:48:40  Concurrency: 4 threads (target='dev')
[2026-07-02T00:48:40.496+0000] {subprocess.py:93} INFO - [0m00:48:40
[2026-07-02T00:48:42.470+0000] {subprocess.py:93} INFO - [0m00:48:42  1 of 5 START sql table model logistics_mart.dim_drivers ........................ [RUN]
[2026-07-02T00:48:42.470+0000] {subprocess.py:93} INFO - [0m00:48:42  2 of 5 START sql table model logistics_mart.dim_hubs ........................... [RUN]
[2026-07-02T00:48:42.471+0000] {subprocess.py:93} INFO - [0m00:48:42  3 of 5 START sql view model logistics_mart.stg_shipments ....................... [RUN]
[2026-07-02T00:48:42.471+0000] {subprocess.py:93} INFO - [0m00:48:42  4 of 5 START sql view model logistics_mart.stg_weather ......................... [RUN]
[2026-07-02T02:42:32.617+0000] {subprocess.py:93} INFO - WARNING:urllib3.connectionpool:Retrying (Retry(total=2, connect=None, read=None, redirect=None, status=None)) after connection broken by 'NameResolutionError("<urllib3.connection.HTTPSConnection object at 0xffff74498aa0>: Failed to resolve 'oauth2.googleapis.com' ([Errno -2] Name or service not known)")': /token
[2026-07-02T02:42:32.627+0000] {subprocess.py:93} INFO - WARNING:urllib3.connectionpool:Retrying (Retry(total=1, connect=None, read=None, redirect=None, status=None)) after connection broken by 'NameResolutionError("<urllib3.connection.HTTPSConnection object at 0xffff742f44d0>: Failed to resolve 'oauth2.googleapis.com' ([Errno -2] Name or service not known)")': /token
[2026-07-02T02:42:32.628+0000] {subprocess.py:93} INFO - WARNING:urllib3.connectionpool:Retrying (Retry(total=0, connect=None, read=None, redirect=None, status=None)) after connection broken by 'NameResolutionError("<urllib3.connection.HTTPSConnection object at 0xffff742f46e0>: Failed to resolve 'oauth2.googleapis.com' ([Errno -2] Name or service not known)")': /token
[2026-07-02T02:47:29.687+0000] {subprocess.py:93} INFO - [0m02:47:29  4 of 5 ERROR creating sql view model logistics_mart.stg_weather ................ [[31mERROR[0m in 7127.17s]
[2026-07-02T02:47:37.376+0000] {subprocess.py:93} INFO - WARNING:urllib3.connectionpool:Retrying (Retry(total=2, connect=None, read=None, redirect=None, status=None)) after connection broken by 'NewConnectionError('<urllib3.connection.HTTPSConnection object at 0xffff742f7320>: Failed to establish a new connection: [Errno 101] Network is unreachable')': /token
[2026-07-02T02:47:37.386+0000] {subprocess.py:93} INFO - WARNING:urllib3.connectionpool:Retrying (Retry(total=1, connect=None, read=None, redirect=None, status=None)) after connection broken by 'NewConnectionError('<urllib3.connection.HTTPSConnection object at 0xffff742f75c0>: Failed to establish a new connection: [Errno 101] Network is unreachable')': /token
[2026-07-02T02:47:37.390+0000] {subprocess.py:93} INFO - WARNING:urllib3.connectionpool:Retrying (Retry(total=0, connect=None, read=None, redirect=None, status=None)) after connection broken by 'NewConnectionError('<urllib3.connection.HTTPSConnection object at 0xffff742f77d0>: Failed to establish a new connection: [Errno 101] Network is unreachable')': /token
[2026-07-02T02:47:39.957+0000] {subprocess.py:93} INFO - WARNING:urllib3.connectionpool:Retrying (Retry(total=2, connect=None, read=None, redirect=None, status=None)) after connection broken by 'NameResolutionError("<urllib3.connection.HTTPSConnection object at 0xffff742f7ec0>: Failed to resolve 'oauth2.googleapis.com' ([Errno -2] Name or service not known)")': /token
[2026-07-02T02:47:39.961+0000] {subprocess.py:93} INFO - WARNING:urllib3.connectionpool:Retrying (Retry(total=1, connect=None, read=None, redirect=None, status=None)) after connection broken by 'NameResolutionError("<urllib3.connection.HTTPSConnection object at 0xffff74214170>: Failed to resolve 'oauth2.googleapis.com' ([Errno -2] Name or service not known)")': /token
[2026-07-02T02:47:39.967+0000] {subprocess.py:93} INFO - WARNING:urllib3.connectionpool:Retrying (Retry(total=0, connect=None, read=None, redirect=None, status=None)) after connection broken by 'NameResolutionError("<urllib3.connection.HTTPSConnection object at 0xffff74214380>: Failed to resolve 'oauth2.googleapis.com' ([Errno -2] Name or service not known)")': /token
[2026-07-02T02:47:44.876+0000] {subprocess.py:93} INFO - WARNING:urllib3.connectionpool:Retrying (Retry(total=2, connect=None, read=None, redirect=None, status=None)) after connection broken by 'NameResolutionError("<urllib3.connection.HTTPSConnection object at 0xffff74214740>: Failed to resolve 'oauth2.googleapis.com' ([Errno -2] Name or service not known)")': /token
[2026-07-02T02:47:44.880+0000] {subprocess.py:93} INFO - WARNING:urllib3.connectionpool:Retrying (Retry(total=1, connect=None, read=None, redirect=None, status=None)) after connection broken by 'NameResolutionError("<urllib3.connection.HTTPSConnection object at 0xffff742149b0>: Failed to resolve 'oauth2.googleapis.com' ([Errno -2] Name or service not known)")': /token
[2026-07-02T02:47:44.899+0000] {subprocess.py:93} INFO - WARNING:urllib3.connectionpool:Retrying (Retry(total=0, connect=None, read=None, redirect=None, status=None)) after connection broken by 'NameResolutionError("<urllib3.connection.HTTPSConnection object at 0xffff74214bc0>: Failed to resolve 'oauth2.googleapis.com' ([Errno -2] Name or service not known)")': /token
[2026-07-02T02:58:17.530+0000] {subprocess.py:93} INFO - [0m02:58:17  3 of 5 ERROR creating sql view model logistics_mart.stg_shipments .............. [[31mERROR[0m in 7775.05s]
[2026-07-02T02:59:54.603+0000] {subprocess.py:93} INFO - [0m02:59:54  1 of 5 OK created sql table model logistics_mart.dim_drivers ................... [[32mCREATE TABLE (3.0 rows, 108.0 Bytes processed)[0m in 7872.12s]
[2026-07-02T02:59:54.618+0000] {subprocess.py:93} INFO - [0m02:59:54  2 of 5 OK created sql table model logistics_mart.dim_hubs ...................... [[32mCREATE TABLE (3.0 rows, 149.0 Bytes processed)[0m in 7872.12s]
[2026-07-02T02:59:54.623+0000] {subprocess.py:93} INFO - [0m02:59:54  5 of 5 SKIP relation logistics_mart.fact_shipment_weather ...................... [[33mSKIP[0m]
[2026-07-02T02:59:54.706+0000] {subprocess.py:93} INFO - [0m02:59:54
[2026-07-02T02:59:54.707+0000] {subprocess.py:93} INFO - [0m02:59:54  Finished running 3 table models, 2 view models in 2 hours 11 minutes and 14.21 seconds (7874.21s).
[2026-07-02T02:59:54.770+0000] {subprocess.py:93} INFO - [0m02:59:54
[2026-07-02T02:59:54.771+0000] {subprocess.py:93} INFO - [0m02:59:54  [31mCompleted with 2 errors, 0 partial successes, and 0 warnings:[0m
[2026-07-02T02:59:54.772+0000] {subprocess.py:93} INFO - [0m02:59:54
[2026-07-02T02:59:54.773+0000] {subprocess.py:93} INFO - [0m02:59:54  [31mFailure in model stg_weather (models/staging/stg_weather.sql)[0m
[2026-07-02T02:59:54.773+0000] {subprocess.py:93} INFO - [0m02:59:54    Database Error in model stg_weather (models/staging/stg_weather.sql)
[2026-07-02T02:59:54.773+0000] {subprocess.py:93} INFO -   409 POST https://bigquery.googleapis.com/bigquery/v2/projects/logistics-500519/jobs?prettyPrint=false: Already Exists: Job logistics-500519:US.999f1e72-7843-417e-a25c-0a575c548945
[2026-07-02T02:59:54.774+0000] {subprocess.py:93} INFO - 
[2026-07-02T02:59:54.774+0000] {subprocess.py:93} INFO -   Location: None
[2026-07-02T02:59:54.774+0000] {subprocess.py:93} INFO -   Job ID: 999f1e72-7843-417e-a25c-0a575c548945
[2026-07-02T02:59:54.774+0000] {subprocess.py:93} INFO - 
[2026-07-02T02:59:54.774+0000] {subprocess.py:93} INFO -   compiled code at target/run/logistics_lakehouse/models/staging/stg_weather.sql
[2026-07-02T02:59:54.775+0000] {subprocess.py:93} INFO - [0m02:59:54
[2026-07-02T02:59:54.775+0000] {subprocess.py:93} INFO - [0m02:59:54    compiled code at target/compiled/logistics_lakehouse/models/staging/stg_weather.sql
[2026-07-02T02:59:54.775+0000] {subprocess.py:93} INFO - [0m02:59:54
[2026-07-02T02:59:54.775+0000] {subprocess.py:93} INFO - [0m02:59:54  [31mFailure in model stg_shipments (models/staging/stg_shipments.sql)[0m
[2026-07-02T02:59:54.775+0000] {subprocess.py:93} INFO - [0m02:59:54    Database Error in model stg_shipments (models/staging/stg_shipments.sql)
[2026-07-02T02:59:54.775+0000] {subprocess.py:93} INFO -   409 POST https://bigquery.googleapis.com/bigquery/v2/projects/logistics-500519/jobs?prettyPrint=false: Already Exists: Job logistics-500519:US.0320a394-1a93-4672-8ecc-d9fe63f4aa0d
[2026-07-02T02:59:54.776+0000] {subprocess.py:93} INFO - 
[2026-07-02T02:59:54.776+0000] {subprocess.py:93} INFO -   Location: None
[2026-07-02T02:59:54.776+0000] {subprocess.py:93} INFO -   Job ID: 0320a394-1a93-4672-8ecc-d9fe63f4aa0d
[2026-07-02T02:59:54.776+0000] {subprocess.py:93} INFO - 
[2026-07-02T02:59:54.778+0000] {subprocess.py:93} INFO -   compiled code at target/run/logistics_lakehouse/models/staging/stg_shipments.sql
[2026-07-02T02:59:54.778+0000] {subprocess.py:93} INFO - [0m02:59:54
[2026-07-02T02:59:54.778+0000] {subprocess.py:93} INFO - [0m02:59:54    compiled code at target/compiled/logistics_lakehouse/models/staging/stg_shipments.sql
[2026-07-02T02:59:54.779+0000] {subprocess.py:93} INFO - [0m02:59:54
[2026-07-02T02:59:54.779+0000] {subprocess.py:93} INFO - [0m02:59:54  Done. PASS=2 WARN=0 ERROR=2 SKIP=1 NO-OP=0 TOTAL=5
[2026-07-02T02:59:57.515+0000] {subprocess.py:97} INFO - Command exited with return code 1
[2026-07-02T02:59:57.524+0000] {taskinstance.py:441} INFO - ::group::Post task execution logs
[2026-07-02T02:59:57.569+0000] {taskinstance.py:2905} ERROR - Task failed with exception
Traceback (most recent call last):
  File "/home/airflow/.local/lib/python3.12/site-packages/airflow/models/taskinstance.py", line 465, in _execute_task
    result = _execute_callable(context=context, **execute_callable_kwargs)
             ^^^^^^^^^^^^^^^^^^^^^^^^^^^^^^^^^^^^^^^^^^^^^^^^^^^^^^^^^^^^^
  File "/home/airflow/.local/lib/python3.12/site-packages/airflow/models/taskinstance.py", line 432, in _execute_callable
    return execute_callable(context=context, **execute_callable_kwargs)
           ^^^^^^^^^^^^^^^^^^^^^^^^^^^^^^^^^^^^^^^^^^^^^^^^^^^^^^^^^^^^
  File "/home/airflow/.local/lib/python3.12/site-packages/airflow/models/baseoperator.py", line 400, in wrapper
    return func(self, *args, **kwargs)
           ^^^^^^^^^^^^^^^^^^^^^^^^^^^
  File "/home/airflow/.local/lib/python3.12/site-packages/airflow/operators/bash.py", line 243, in execute
    raise AirflowException(
airflow.exceptions.AirflowException: Bash command failed. The command returned a non-zero exit code 1.
[2026-07-02T02:59:57.591+0000] {taskinstance.py:1206} INFO - Marking task as UP_FOR_RETRY. dag_id=gold_dbt_dag, task_id=trigger_dbt_build, run_id=dataset_triggered__2026-07-02T00:48:37.007407+00:00, execution_date=20260702T004837, start_date=20260702T004837, end_date=20260702T025957
[2026-07-02T02:59:57.617+0000] {standard_task_runner.py:110} ERROR - Failed to execute job 136 for task trigger_dbt_build (Bash command failed. The command returned a non-zero exit code 1.; 41979)
[2026-07-02T02:59:57.659+0000] {local_task_job_runner.py:240} INFO - Task exited with return code 1
[2026-07-02T02:59:57.692+0000] {taskinstance.py:3498} INFO - 0 downstream tasks scheduled from follow-on schedule check
[2026-07-02T02:59:57.693+0000] {local_task_job_runner.py:222} INFO - ::endgroup::
