[2026-07-12T00:34:10.566+0000] {local_task_job_runner.py:120} INFO - ::group::Pre task execution logs
[2026-07-12T00:34:10.576+0000] {taskinstance.py:2076} INFO - Dependencies all met for dep_context=non-requeueable deps ti=<TaskInstance: weather_tomorrowio_pipeline.fetch_weather_api scheduled__2026-07-11T23:00:00+00:00 [queued]>
[2026-07-12T00:34:10.579+0000] {taskinstance.py:2076} INFO - Dependencies all met for dep_context=requeueable deps ti=<TaskInstance: weather_tomorrowio_pipeline.fetch_weather_api scheduled__2026-07-11T23:00:00+00:00 [queued]>
[2026-07-12T00:34:10.579+0000] {taskinstance.py:2306} INFO - Starting attempt 1 of 2
[2026-07-12T00:34:10.584+0000] {taskinstance.py:2330} INFO - Executing <Task(PythonOperator): fetch_weather_api> on 2026-07-11 23:00:00+00:00
[2026-07-12T00:34:10.588+0000] {standard_task_runner.py:90} INFO - Running: ['***', 'tasks', 'run', 'weather_tomorrowio_pipeline', 'fetch_weather_api', 'scheduled__2026-07-11T23:00:00+00:00', '--job-id', '63', '--raw', '--subdir', 'DAGS_FOLDER/dag_tomorrowio.py', '--cfg-path', '/tmp/tmp0w5i5z80']
[2026-07-12T00:34:10.589+0000] {standard_task_runner.py:91} INFO - Job 63: Subtask fetch_weather_api
[2026-07-12T00:34:10.589+0000] {logging_mixin.py:188} WARNING - /home/***/.local/lib/python3.12/site-packages/***/task/task_runner/standard_task_runner.py:61 DeprecationWarning: This process (pid=9087) is multi-threaded, use of fork() may lead to deadlocks in the child.
[2026-07-12T00:34:10.590+0000] {standard_task_runner.py:63} INFO - Started process 9090 to run task
[2026-07-12T00:34:10.605+0000] {task_command.py:426} INFO - Running <TaskInstance: weather_tomorrowio_pipeline.fetch_weather_api scheduled__2026-07-11T23:00:00+00:00 [running]> on host ad4e12f53b08
[2026-07-12T00:34:10.632+0000] {taskinstance.py:2648} INFO - Exporting env vars: AIRFLOW_CTX_DAG_OWNER='data_engineer' AIRFLOW_CTX_DAG_ID='weather_tomorrowio_pipeline' AIRFLOW_CTX_TASK_ID='fetch_weather_api' AIRFLOW_CTX_EXECUTION_DATE='2026-07-11T23:00:00+00:00' AIRFLOW_CTX_TRY_NUMBER='1' AIRFLOW_CTX_DAG_RUN_ID='scheduled__2026-07-11T23:00:00+00:00'
[2026-07-12T00:34:10.633+0000] {taskinstance.py:430} INFO - ::endgroup::
[2026-07-12T00:34:10.637+0000] {logging_mixin.py:188} INFO - Mock saving to: gs://your-lakehouse-bucket/bronze/weather/weather_forecast_latest.parquet
[2026-07-12T00:34:10.637+0000] {python.py:237} INFO - Done. Returned value was: None
[2026-07-12T00:34:10.638+0000] {taskinstance.py:441} INFO - ::group::Post task execution logs
[2026-07-12T00:34:10.638+0000] {logging_mixin.py:188} WARNING - /home/***/.local/lib/python3.12/site-packages/***/models/baseoperator.py:1564 RemovedInAirflow3Warning: Passing 'execution_date' to 'TaskInstance.xcom_push()' is deprecated.
[2026-07-12T00:34:10.646+0000] {taskinstance.py:1206} INFO - Marking task as SUCCESS. dag_id=weather_tomorrowio_pipeline, task_id=fetch_weather_api, run_id=scheduled__2026-07-11T23:00:00+00:00, execution_date=20260711T230000, start_date=20260712T003410, end_date=20260712T003410
[2026-07-12T00:34:10.791+0000] {local_task_job_runner.py:240} INFO - Task exited with return code 0
[2026-07-12T00:34:10.799+0000] {taskinstance.py:3498} INFO - 0 downstream tasks scheduled from follow-on schedule check
[2026-07-12T00:34:10.800+0000] {local_task_job_runner.py:222} INFO - ::endgroup::
