[2026-07-03T12:04:18.727+0000] {local_task_job_runner.py:120} INFO - ::group::Pre task execution logs
[2026-07-03T12:04:18.750+0000] {taskinstance.py:2076} INFO - Dependencies all met for dep_context=non-requeueable deps ti=<TaskInstance: gold_dbt_dag.trigger_dbt_build dataset_triggered__2026-07-03T12:04:18.230397+00:00 [queued]>
[2026-07-03T12:04:18.754+0000] {taskinstance.py:2076} INFO - Dependencies all met for dep_context=requeueable deps ti=<TaskInstance: gold_dbt_dag.trigger_dbt_build dataset_triggered__2026-07-03T12:04:18.230397+00:00 [queued]>
[2026-07-03T12:04:18.754+0000] {taskinstance.py:2306} INFO - Starting attempt 1 of 2
[2026-07-03T12:04:18.758+0000] {taskinstance.py:2330} INFO - Executing <Task(BashOperator): trigger_dbt_build> on 2026-07-03 12:04:18.230397+00:00
[2026-07-03T12:04:18.762+0000] {standard_task_runner.py:90} INFO - Running: ['***', 'tasks', 'run', 'gold_dbt_dag', 'trigger_dbt_build', 'dataset_triggered__2026-07-03T12:04:18.230397+00:00', '--job-id', '384', '--raw', '--subdir', 'DAGS_FOLDER/dag_gold_dbt.py', '--cfg-path', '/tmp/tmpxmtzt8g8']
[2026-07-03T12:04:18.765+0000] {standard_task_runner.py:91} INFO - Job 384: Subtask trigger_dbt_build
[2026-07-03T12:04:18.767+0000] {logging_mixin.py:188} WARNING - /home/***/.local/lib/python3.12/site-packages/***/task/task_runner/standard_task_runner.py:61 DeprecationWarning: This process (pid=9784) is multi-threaded, use of fork() may lead to deadlocks in the child.
[2026-07-03T12:04:18.767+0000] {standard_task_runner.py:63} INFO - Started process 9785 to run task
[2026-07-03T12:04:18.796+0000] {task_command.py:426} INFO - Running <TaskInstance: gold_dbt_dag.trigger_dbt_build dataset_triggered__2026-07-03T12:04:18.230397+00:00 [running]> on host bd23e89d97be
[2026-07-03T12:04:18.845+0000] {taskinstance.py:2648} INFO - Exporting env vars: AIRFLOW_CTX_DAG_OWNER='data_engineer' AIRFLOW_CTX_DAG_ID='gold_dbt_dag' AIRFLOW_CTX_TASK_ID='trigger_dbt_build' AIRFLOW_CTX_EXECUTION_DATE='2026-07-03T12:04:18.230397+00:00' AIRFLOW_CTX_TRY_NUMBER='1' AIRFLOW_CTX_DAG_RUN_ID='dataset_triggered__2026-07-03T12:04:18.230397+00:00'
[2026-07-03T12:04:18.845+0000] {taskinstance.py:430} INFO - ::endgroup::
[2026-07-03T12:04:18.854+0000] {subprocess.py:63} INFO - Tmp dir root location: /tmp
[2026-07-03T12:04:18.855+0000] {subprocess.py:75} INFO - Running command: ['/usr/bin/bash', '-c', 'cd /opt/***/dbt && dbt build --profiles-dir . --target dev']
[2026-07-03T12:04:18.863+0000] {subprocess.py:86} INFO - Output:
[2026-07-03T12:04:19.908+0000] {subprocess.py:93} INFO - [0m12:04:19  Running with dbt=1.11.11
[2026-07-03T12:04:20.426+0000] {subprocess.py:93} INFO - [0m12:04:20  Registered adapter: bigquery=1.11.3
[2026-07-03T12:04:20.656+0000] {subprocess.py:93} INFO - [0m12:04:20  Found 5 models, 4 sources, 553 macros
[2026-07-03T12:04:20.657+0000] {subprocess.py:93} INFO - [0m12:04:20
[2026-07-03T12:04:20.657+0000] {subprocess.py:93} INFO - [0m12:04:20  Concurrency: 4 threads (target='dev')
[2026-07-03T12:04:20.658+0000] {subprocess.py:93} INFO - [0m12:04:20
[2026-07-03T12:04:22.318+0000] {subprocess.py:93} INFO - [0m12:04:22  1 of 5 START sql table model logistics_mart.dim_drivers ........................ [RUN]
[2026-07-03T12:04:22.319+0000] {subprocess.py:93} INFO - [0m12:04:22  2 of 5 START sql table model logistics_mart.dim_hubs ........................... [RUN]
[2026-07-03T12:04:22.319+0000] {subprocess.py:93} INFO - [0m12:04:22  3 of 5 START sql view model logistics_mart.stg_shipments ....................... [RUN]
[2026-07-03T12:04:22.319+0000] {subprocess.py:93} INFO - [0m12:04:22  4 of 5 START sql view model logistics_mart.stg_weather ......................... [RUN]
[2026-07-03T12:04:24.187+0000] {subprocess.py:93} INFO - [0m12:04:24  4 of 5 OK created sql view model logistics_mart.stg_weather .................... [[32mCREATE VIEW (0 processed)[0m in 1.86s]
[2026-07-03T12:04:24.240+0000] {subprocess.py:93} INFO - [0m12:04:24  3 of 5 OK created sql view model logistics_mart.stg_shipments .................. [[32mCREATE VIEW (0 processed)[0m in 1.92s]
[2026-07-03T12:04:25.936+0000] {subprocess.py:93} INFO - [0m12:04:25  1 of 5 OK created sql table model logistics_mart.dim_drivers ................... [[32mCREATE TABLE (3.0 rows, 108.0 Bytes processed)[0m in 3.61s]
[2026-07-03T12:04:25.963+0000] {subprocess.py:93} INFO - [0m12:04:25  2 of 5 OK created sql table model logistics_mart.dim_hubs ...................... [[32mCREATE TABLE (3.0 rows, 149.0 Bytes processed)[0m in 3.64s]
[2026-07-03T12:04:25.967+0000] {subprocess.py:93} INFO - [0m12:04:25  5 of 5 START sql table model logistics_mart.fact_shipment_weather .............. [RUN]
[2026-07-03T12:04:30.134+0000] {subprocess.py:93} INFO - [0m12:04:30  5 of 5 OK created sql table model logistics_mart.fact_shipment_weather ......... [[32mCREATE TABLE (424.0 rows, 27.2 KiB processed)[0m in 4.16s]
[2026-07-03T12:04:30.183+0000] {subprocess.py:93} INFO - [0m12:04:30
[2026-07-03T12:04:30.183+0000] {subprocess.py:93} INFO - [0m12:04:30  Finished running 3 table models, 2 view models in 0 hours 0 minutes and 9.53 seconds (9.53s).
[2026-07-03T12:04:30.212+0000] {subprocess.py:93} INFO - [0m12:04:30
[2026-07-03T12:04:30.213+0000] {subprocess.py:93} INFO - [0m12:04:30  [32mCompleted successfully[0m
[2026-07-03T12:04:30.213+0000] {subprocess.py:93} INFO - [0m12:04:30
[2026-07-03T12:04:30.213+0000] {subprocess.py:93} INFO - [0m12:04:30  Done. PASS=5 WARN=0 ERROR=0 SKIP=0 NO-OP=0 TOTAL=5
[2026-07-03T12:04:31.887+0000] {subprocess.py:97} INFO - Command exited with return code 0
[2026-07-03T12:04:31.889+0000] {taskinstance.py:441} INFO - ::group::Post task execution logs
[2026-07-03T12:04:31.904+0000] {taskinstance.py:1206} INFO - Marking task as SUCCESS. dag_id=gold_dbt_dag, task_id=trigger_dbt_build, run_id=dataset_triggered__2026-07-03T12:04:18.230397+00:00, execution_date=20260703T120418, start_date=20260703T120418, end_date=20260703T120431
[2026-07-03T12:04:31.929+0000] {local_task_job_runner.py:240} INFO - Task exited with return code 0
[2026-07-03T12:04:31.936+0000] {taskinstance.py:3498} INFO - 0 downstream tasks scheduled from follow-on schedule check
[2026-07-03T12:04:31.937+0000] {local_task_job_runner.py:222} INFO - ::endgroup::
