[2026-06-29T04:08:27.740+0000] {local_task_job_runner.py:120} INFO - ::group::Pre task execution logs
[2026-06-29T04:08:27.761+0000] {taskinstance.py:2076} INFO - Dependencies all met for dep_context=non-requeueable deps ti=<TaskInstance: dbt_gold_transformation.trigger_dbt_build manual__2026-06-29T04:08:26.976652+00:00 [queued]>
[2026-06-29T04:08:27.765+0000] {taskinstance.py:2076} INFO - Dependencies all met for dep_context=requeueable deps ti=<TaskInstance: dbt_gold_transformation.trigger_dbt_build manual__2026-06-29T04:08:26.976652+00:00 [queued]>
[2026-06-29T04:08:27.766+0000] {taskinstance.py:2306} INFO - Starting attempt 1 of 2
[2026-06-29T04:08:27.773+0000] {taskinstance.py:2330} INFO - Executing <Task(BashOperator): trigger_dbt_build> on 2026-06-29 04:08:26.976652+00:00
[2026-06-29T04:08:27.779+0000] {standard_task_runner.py:90} INFO - Running: ['***', 'tasks', 'run', 'dbt_gold_transformation', 'trigger_dbt_build', 'manual__2026-06-29T04:08:26.976652+00:00', '--job-id', '6', '--raw', '--subdir', 'DAGS_FOLDER/dag_gold_dbt.py', '--cfg-path', '/tmp/tmprcchpt40']
[2026-06-29T04:08:27.781+0000] {standard_task_runner.py:91} INFO - Job 6: Subtask trigger_dbt_build
[2026-06-29T04:08:27.781+0000] {logging_mixin.py:188} WARNING - /home/***/.local/lib/python3.12/site-packages/***/task/task_runner/standard_task_runner.py:61 DeprecationWarning: This process (pid=318) is multi-threaded, use of fork() may lead to deadlocks in the child.
[2026-06-29T04:08:27.782+0000] {standard_task_runner.py:63} INFO - Started process 319 to run task
[2026-06-29T04:08:27.808+0000] {task_command.py:426} INFO - Running <TaskInstance: dbt_gold_transformation.trigger_dbt_build manual__2026-06-29T04:08:26.976652+00:00 [running]> on host ae627d26e698
[2026-06-29T04:08:27.847+0000] {taskinstance.py:2648} INFO - Exporting env vars: AIRFLOW_CTX_DAG_OWNER='data_engineer' AIRFLOW_CTX_DAG_ID='dbt_gold_transformation' AIRFLOW_CTX_TASK_ID='trigger_dbt_build' AIRFLOW_CTX_EXECUTION_DATE='2026-06-29T04:08:26.976652+00:00' AIRFLOW_CTX_TRY_NUMBER='1' AIRFLOW_CTX_DAG_RUN_ID='manual__2026-06-29T04:08:26.976652+00:00'
[2026-06-29T04:08:27.848+0000] {taskinstance.py:430} INFO - ::endgroup::
[2026-06-29T04:08:27.855+0000] {subprocess.py:63} INFO - Tmp dir root location: /tmp
[2026-06-29T04:08:27.856+0000] {subprocess.py:75} INFO - Running command: ['/usr/bin/bash', '-c', 'cd /opt/***/dbt && dbt build --profiles-dir . --target dev']
[2026-06-29T04:08:27.861+0000] {subprocess.py:86} INFO - Output:
[2026-06-29T04:08:28.972+0000] {subprocess.py:93} INFO - [0m04:08:28  Running with dbt=1.11.11
[2026-06-29T04:08:29.406+0000] {subprocess.py:93} INFO - [0m04:08:29  Registered adapter: bigquery=1.11.3
[2026-06-29T04:08:29.620+0000] {subprocess.py:93} INFO - [0m04:08:29  Encountered an error:
[2026-06-29T04:08:29.620+0000] {subprocess.py:93} INFO - Compilation Error
[2026-06-29T04:08:29.621+0000] {subprocess.py:93} INFO -   Model 'model.logistics_lakehouse.stg_weather' (models/staging/stg_weather.sql) depends on a node named 'weather_api_raw' which was not found
[2026-06-29T04:08:31.062+0000] {subprocess.py:97} INFO - Command exited with return code 2
[2026-06-29T04:08:31.063+0000] {taskinstance.py:441} INFO - ::group::Post task execution logs
[2026-06-29T04:08:31.069+0000] {taskinstance.py:2905} ERROR - Task failed with exception
Traceback (most recent call last):
  File "/home/airflow/.local/lib/python3.12/site-packages/airflow/models/taskinstance.py", line 465, in _execute_task
    result = _execute_callable(context=context, **execute_callable_kwargs)
             ^^^^^^^^^^^^^^^^^^^^^^^^^^^^^^^^^^^^^^^^^^^^^^^^^^^^^^^^^^^^^
  File "/home/airflow/.local/lib/python3.12/site-packages/airflow/models/taskinstance.py", line 432, in _execute_callable
    return execute_callable(context=context, **execute_callable_kwargs)
           ^^^^^^^^^^^^^^^^^^^^^^^^^^^^^^^^^^^^^^^^^^^^^^^^^^^^^^^^^^^^
  File "/home/airflow/.local/lib/python3.12/site-packages/airflow/models/baseoperator.py", line 400, in wrapper
    return func(self, *args, **kwargs)
           ^^^^^^^^^^^^^^^^^^^^^^^^^^^
  File "/home/airflow/.local/lib/python3.12/site-packages/airflow/operators/bash.py", line 243, in execute
    raise AirflowException(
airflow.exceptions.AirflowException: Bash command failed. The command returned a non-zero exit code 2.
[2026-06-29T04:08:31.071+0000] {taskinstance.py:1206} INFO - Marking task as UP_FOR_RETRY. dag_id=dbt_gold_transformation, task_id=trigger_dbt_build, run_id=manual__2026-06-29T04:08:26.976652+00:00, execution_date=20260629T040826, start_date=20260629T040827, end_date=20260629T040831
[2026-06-29T04:08:31.076+0000] {standard_task_runner.py:110} ERROR - Failed to execute job 6 for task trigger_dbt_build (Bash command failed. The command returned a non-zero exit code 2.; 319)
[2026-06-29T04:08:31.118+0000] {local_task_job_runner.py:240} INFO - Task exited with return code 1
[2026-06-29T04:08:31.127+0000] {taskinstance.py:3498} INFO - 0 downstream tasks scheduled from follow-on schedule check
[2026-06-29T04:08:31.128+0000] {local_task_job_runner.py:222} INFO - ::endgroup::
