[2026-07-12T19:24:07.781+0000] {local_task_job_runner.py:120} INFO - ::group::Pre task execution logs
[2026-07-12T19:24:07.835+0000] {taskinstance.py:2076} INFO - Dependencies all met for dep_context=non-requeueable deps ti=<TaskInstance: gold_dbt_dag.trigger_dbt_build manual__2026-07-12T19:24:06.762763+00:00 [queued]>
[2026-07-12T19:24:07.840+0000] {taskinstance.py:2076} INFO - Dependencies all met for dep_context=requeueable deps ti=<TaskInstance: gold_dbt_dag.trigger_dbt_build manual__2026-07-12T19:24:06.762763+00:00 [queued]>
[2026-07-12T19:24:07.840+0000] {taskinstance.py:2306} INFO - Starting attempt 1 of 2
[2026-07-12T19:24:07.850+0000] {taskinstance.py:2330} INFO - Executing <Task(BashOperator): trigger_dbt_build> on 2026-07-12 19:24:06.762763+00:00
[2026-07-12T19:24:07.857+0000] {standard_task_runner.py:90} INFO - Running: ['***', 'tasks', 'run', 'gold_dbt_dag', 'trigger_dbt_build', 'manual__2026-07-12T19:24:06.762763+00:00', '--job-id', '216', '--raw', '--subdir', 'DAGS_FOLDER/dag_gold_dbt.py', '--cfg-path', '/tmp/tmpneq_vkqo']
[2026-07-12T19:24:07.860+0000] {standard_task_runner.py:91} INFO - Job 216: Subtask trigger_dbt_build
[2026-07-12T19:24:07.859+0000] {logging_mixin.py:188} WARNING - /home/***/.local/lib/python3.12/site-packages/***/task/task_runner/standard_task_runner.py:61 DeprecationWarning: This process (pid=38119) is multi-threaded, use of fork() may lead to deadlocks in the child.
[2026-07-12T19:24:07.862+0000] {standard_task_runner.py:63} INFO - Started process 38120 to run task
[2026-07-12T19:24:07.917+0000] {task_command.py:426} INFO - Running <TaskInstance: gold_dbt_dag.trigger_dbt_build manual__2026-07-12T19:24:06.762763+00:00 [running]> on host ad4e12f53b08
[2026-07-12T19:24:08.000+0000] {taskinstance.py:2648} INFO - Exporting env vars: AIRFLOW_CTX_DAG_OWNER='data_engineer' AIRFLOW_CTX_DAG_ID='gold_dbt_dag' AIRFLOW_CTX_TASK_ID='trigger_dbt_build' AIRFLOW_CTX_EXECUTION_DATE='2026-07-12T19:24:06.762763+00:00' AIRFLOW_CTX_TRY_NUMBER='1' AIRFLOW_CTX_DAG_RUN_ID='manual__2026-07-12T19:24:06.762763+00:00'
[2026-07-12T19:24:08.000+0000] {taskinstance.py:430} INFO - ::endgroup::
[2026-07-12T19:24:08.017+0000] {subprocess.py:63} INFO - Tmp dir root location: /tmp
[2026-07-12T19:24:08.022+0000] {subprocess.py:75} INFO - Running command: ['/usr/bin/bash', '-c', 'cd /opt/***/dbt && dbt build --profiles-dir . --target dev']
[2026-07-12T19:24:08.029+0000] {subprocess.py:86} INFO - Output:
[2026-07-12T19:24:09.944+0000] {subprocess.py:93} INFO - [0m19:24:09  Running with dbt=1.11.11
[2026-07-12T19:24:10.625+0000] {subprocess.py:93} INFO - [0m19:24:10  Registered adapter: bigquery=1.11.3
[2026-07-12T19:24:11.009+0000] {subprocess.py:93} INFO - [0m19:24:11  Found 6 models, 4 sources, 553 macros
[2026-07-12T19:24:11.010+0000] {subprocess.py:93} INFO - [0m19:24:11
[2026-07-12T19:24:11.011+0000] {subprocess.py:93} INFO - [0m19:24:11  Concurrency: 4 threads (target='dev')
[2026-07-12T19:24:11.011+0000] {subprocess.py:93} INFO - [0m19:24:11
[2026-07-12T19:24:12.569+0000] {subprocess.py:93} INFO - [0m19:24:12  1 of 6 START sql table model logistics_mart.dim_drivers ........................ [RUN]
[2026-07-12T19:24:12.570+0000] {subprocess.py:93} INFO - [0m19:24:12  2 of 6 START sql table model logistics_mart.dim_hubs ........................... [RUN]
[2026-07-12T19:24:12.571+0000] {subprocess.py:93} INFO - [0m19:24:12  3 of 6 START sql view model logistics_mart.stg_shipments ....................... [RUN]
[2026-07-12T19:24:12.571+0000] {subprocess.py:93} INFO - [0m19:24:12  4 of 6 START sql view model logistics_mart.stg_weather ......................... [RUN]
[2026-07-12T19:24:14.448+0000] {subprocess.py:93} INFO - [0m19:24:14  4 of 6 OK created sql view model logistics_mart.stg_weather .................... [[32mCREATE VIEW (0 processed)[0m in 1.87s]
[2026-07-12T19:24:14.452+0000] {subprocess.py:93} INFO - [0m19:24:14  3 of 6 OK created sql view model logistics_mart.stg_shipments .................. [[32mCREATE VIEW (0 processed)[0m in 1.88s]
[2026-07-12T19:24:14.454+0000] {subprocess.py:93} INFO - [0m19:24:14  5 of 6 START sql view model logistics_mart.stg_weather_consensus ............... [RUN]
[2026-07-12T19:24:15.900+0000] {subprocess.py:93} INFO - [0m19:24:15  2 of 6 OK created sql table model logistics_mart.dim_hubs ...................... [[32mCREATE TABLE (3.0 rows, 176.0 Bytes processed)[0m in 3.32s]
[2026-07-12T19:24:15.911+0000] {subprocess.py:93} INFO - [0m19:24:15  1 of 6 OK created sql table model logistics_mart.dim_drivers ................... [[32mCREATE TABLE (3.0 rows, 117.0 Bytes processed)[0m in 3.34s]
[2026-07-12T19:24:16.197+0000] {subprocess.py:93} INFO - [0m19:24:16  5 of 6 OK created sql view model logistics_mart.stg_weather_consensus .......... [[32mCREATE VIEW (0 processed)[0m in 1.74s]
[2026-07-12T19:24:16.207+0000] {subprocess.py:93} INFO - [0m19:24:16  6 of 6 START sql table model logistics_mart.fact_shipment_weather .............. [RUN]
[2026-07-12T19:24:18.100+0000] {subprocess.py:93} INFO - [0m19:24:18  BigQuery adapter: https://console.cloud.google.com/bigquery?project=logistics-500519&j=bq:US:51dc01e4-e9a1-43a7-ad30-b6e66a2a7552&page=queryresults
[2026-07-12T19:24:18.118+0000] {subprocess.py:93} INFO - [0m19:24:18  6 of 6 ERROR creating sql table model logistics_mart.fact_shipment_weather ..... [[31mERROR[0m in 1.91s]
[2026-07-12T19:24:18.158+0000] {subprocess.py:93} INFO - [0m19:24:18
[2026-07-12T19:24:18.160+0000] {subprocess.py:93} INFO - [0m19:24:18  Finished running 3 table models, 3 view models in 0 hours 0 minutes and 7.15 seconds (7.15s).
[2026-07-12T19:24:18.231+0000] {subprocess.py:93} INFO - [0m19:24:18
[2026-07-12T19:24:18.232+0000] {subprocess.py:93} INFO - [0m19:24:18  [31mCompleted with 1 error, 0 partial successes, and 0 warnings:[0m
[2026-07-12T19:24:18.232+0000] {subprocess.py:93} INFO - [0m19:24:18
[2026-07-12T19:24:18.233+0000] {subprocess.py:93} INFO - [0m19:24:18  [31mFailure in model fact_shipment_weather (models/mart/fact_shipment_weather.sql)[0m
[2026-07-12T19:24:18.233+0000] {subprocess.py:93} INFO - [0m19:24:18    Database Error in model fact_shipment_weather (models/mart/fact_shipment_weather.sql)
[2026-07-12T19:24:18.233+0000] {subprocess.py:93} INFO -   Invalid cast from INT64 to DATETIME at [42:53]
[2026-07-12T19:24:18.234+0000] {subprocess.py:93} INFO -   compiled code at target/run/logistics_lakehouse/models/mart/fact_shipment_weather.sql
[2026-07-12T19:24:18.234+0000] {subprocess.py:93} INFO - [0m19:24:18
[2026-07-12T19:24:18.234+0000] {subprocess.py:93} INFO - [0m19:24:18    compiled code at target/compiled/logistics_lakehouse/models/mart/fact_shipment_weather.sql
[2026-07-12T19:24:18.234+0000] {subprocess.py:93} INFO - [0m19:24:18
[2026-07-12T19:24:18.235+0000] {subprocess.py:93} INFO - [0m19:24:18  Done. PASS=5 WARN=0 ERROR=1 SKIP=0 NO-OP=0 TOTAL=6
[2026-07-12T19:24:20.679+0000] {subprocess.py:97} INFO - Command exited with return code 1
[2026-07-12T19:24:20.682+0000] {taskinstance.py:441} INFO - ::group::Post task execution logs
[2026-07-12T19:24:20.696+0000] {taskinstance.py:2905} ERROR - Task failed with exception
Traceback (most recent call last):
  File "/home/airflow/.local/lib/python3.12/site-packages/airflow/models/taskinstance.py", line 465, in _execute_task
    result = _execute_callable(context=context, **execute_callable_kwargs)
             ^^^^^^^^^^^^^^^^^^^^^^^^^^^^^^^^^^^^^^^^^^^^^^^^^^^^^^^^^^^^^
  File "/home/airflow/.local/lib/python3.12/site-packages/airflow/models/taskinstance.py", line 432, in _execute_callable
    return execute_callable(context=context, **execute_callable_kwargs)
           ^^^^^^^^^^^^^^^^^^^^^^^^^^^^^^^^^^^^^^^^^^^^^^^^^^^^^^^^^^^^
  File "/home/airflow/.local/lib/python3.12/site-packages/airflow/models/baseoperator.py", line 400, in wrapper
    return func(self, *args, **kwargs)
           ^^^^^^^^^^^^^^^^^^^^^^^^^^^
  File "/home/airflow/.local/lib/python3.12/site-packages/airflow/operators/bash.py", line 243, in execute
    raise AirflowException(
airflow.exceptions.AirflowException: Bash command failed. The command returned a non-zero exit code 1.
[2026-07-12T19:24:20.702+0000] {taskinstance.py:1206} INFO - Marking task as UP_FOR_RETRY. dag_id=gold_dbt_dag, task_id=trigger_dbt_build, run_id=manual__2026-07-12T19:24:06.762763+00:00, execution_date=20260712T192406, start_date=20260712T192407, end_date=20260712T192420
[2026-07-12T19:24:20.713+0000] {standard_task_runner.py:110} ERROR - Failed to execute job 216 for task trigger_dbt_build (Bash command failed. The command returned a non-zero exit code 1.; 38120)
[2026-07-12T19:24:20.734+0000] {local_task_job_runner.py:240} INFO - Task exited with return code 1
[2026-07-12T19:24:20.752+0000] {taskinstance.py:3498} INFO - 0 downstream tasks scheduled from follow-on schedule check
[2026-07-12T19:24:20.753+0000] {local_task_job_runner.py:222} INFO - ::endgroup::
