[2026-07-03T08:00:34.868+0000] {local_task_job_runner.py:120} INFO - ::group::Pre task execution logs
[2026-07-03T08:00:34.889+0000] {taskinstance.py:2076} INFO - Dependencies all met for dep_context=non-requeueable deps ti=<TaskInstance: gold_dbt_dag.trigger_dbt_build dataset_triggered__2026-07-03T08:00:33.885505+00:00 [queued]>
[2026-07-03T08:00:34.893+0000] {taskinstance.py:2076} INFO - Dependencies all met for dep_context=requeueable deps ti=<TaskInstance: gold_dbt_dag.trigger_dbt_build dataset_triggered__2026-07-03T08:00:33.885505+00:00 [queued]>
[2026-07-03T08:00:34.893+0000] {taskinstance.py:2306} INFO - Starting attempt 1 of 2
[2026-07-03T08:00:34.898+0000] {taskinstance.py:2330} INFO - Executing <Task(BashOperator): trigger_dbt_build> on 2026-07-03 08:00:33.885505+00:00
[2026-07-03T08:00:34.902+0000] {standard_task_runner.py:90} INFO - Running: ['***', 'tasks', 'run', 'gold_dbt_dag', 'trigger_dbt_build', 'dataset_triggered__2026-07-03T08:00:33.885505+00:00', '--job-id', '360', '--raw', '--subdir', 'DAGS_FOLDER/dag_gold_dbt.py', '--cfg-path', '/tmp/tmprq194w96']
[2026-07-03T08:00:34.906+0000] {standard_task_runner.py:91} INFO - Job 360: Subtask trigger_dbt_build
[2026-07-03T08:00:34.905+0000] {logging_mixin.py:188} WARNING - /home/***/.local/lib/python3.12/site-packages/***/task/task_runner/standard_task_runner.py:61 DeprecationWarning: This process (pid=5528) is multi-threaded, use of fork() may lead to deadlocks in the child.
[2026-07-03T08:00:34.908+0000] {standard_task_runner.py:63} INFO - Started process 5529 to run task
[2026-07-03T08:00:34.928+0000] {task_command.py:426} INFO - Running <TaskInstance: gold_dbt_dag.trigger_dbt_build dataset_triggered__2026-07-03T08:00:33.885505+00:00 [running]> on host bd23e89d97be
[2026-07-03T08:00:34.960+0000] {taskinstance.py:2648} INFO - Exporting env vars: AIRFLOW_CTX_DAG_OWNER='data_engineer' AIRFLOW_CTX_DAG_ID='gold_dbt_dag' AIRFLOW_CTX_TASK_ID='trigger_dbt_build' AIRFLOW_CTX_EXECUTION_DATE='2026-07-03T08:00:33.885505+00:00' AIRFLOW_CTX_TRY_NUMBER='1' AIRFLOW_CTX_DAG_RUN_ID='dataset_triggered__2026-07-03T08:00:33.885505+00:00'
[2026-07-03T08:00:34.960+0000] {taskinstance.py:430} INFO - ::endgroup::
[2026-07-03T08:00:34.967+0000] {subprocess.py:63} INFO - Tmp dir root location: /tmp
[2026-07-03T08:00:34.968+0000] {subprocess.py:75} INFO - Running command: ['/usr/bin/bash', '-c', 'cd /opt/***/dbt && dbt build --profiles-dir . --target dev']
[2026-07-03T08:00:34.972+0000] {subprocess.py:86} INFO - Output:
[2026-07-03T08:00:36.072+0000] {subprocess.py:93} INFO - [0m08:00:36  Running with dbt=1.11.11
[2026-07-03T08:00:36.672+0000] {subprocess.py:93} INFO - [0m08:00:36  Registered adapter: bigquery=1.11.3
[2026-07-03T08:00:36.997+0000] {subprocess.py:93} INFO - [0m08:00:36  Found 5 models, 4 sources, 553 macros
[2026-07-03T08:00:36.998+0000] {subprocess.py:93} INFO - [0m08:00:36
[2026-07-03T08:00:36.998+0000] {subprocess.py:93} INFO - [0m08:00:36  Concurrency: 4 threads (target='dev')
[2026-07-03T08:00:36.999+0000] {subprocess.py:93} INFO - [0m08:00:36
[2026-07-03T08:00:38.551+0000] {subprocess.py:93} INFO - [0m08:00:38  1 of 5 START sql table model logistics_mart.dim_drivers ........................ [RUN]
[2026-07-03T08:00:38.552+0000] {subprocess.py:93} INFO - [0m08:00:38  2 of 5 START sql table model logistics_mart.dim_hubs ........................... [RUN]
[2026-07-03T08:00:38.553+0000] {subprocess.py:93} INFO - [0m08:00:38  3 of 5 START sql view model logistics_mart.stg_shipments ....................... [RUN]
[2026-07-03T08:00:38.553+0000] {subprocess.py:93} INFO - [0m08:00:38  4 of 5 START sql view model logistics_mart.stg_weather ......................... [RUN]
[2026-07-03T08:00:40.411+0000] {subprocess.py:93} INFO - [0m08:00:40  4 of 5 OK created sql view model logistics_mart.stg_weather .................... [[32mCREATE VIEW (0 processed)[0m in 1.85s]
[2026-07-03T08:00:41.057+0000] {subprocess.py:93} INFO - [0m08:00:41  3 of 5 OK created sql view model logistics_mart.stg_shipments .................. [[32mCREATE VIEW (0 processed)[0m in 2.50s]
[2026-07-03T08:00:42.594+0000] {subprocess.py:93} INFO - [0m08:00:42  1 of 5 OK created sql table model logistics_mart.dim_drivers ................... [[32mCREATE TABLE (3.0 rows, 108.0 Bytes processed)[0m in 4.04s]
[2026-07-03T08:00:42.843+0000] {subprocess.py:93} INFO - [0m08:00:42  2 of 5 OK created sql table model logistics_mart.dim_hubs ...................... [[32mCREATE TABLE (3.0 rows, 149.0 Bytes processed)[0m in 4.29s]
[2026-07-03T08:00:42.847+0000] {subprocess.py:93} INFO - [0m08:00:42  5 of 5 START sql table model logistics_mart.fact_shipment_weather .............. [RUN]
[2026-07-03T08:00:47.348+0000] {subprocess.py:93} INFO - [0m08:00:47  5 of 5 OK created sql table model logistics_mart.fact_shipment_weather ......... [[32mCREATE TABLE (395.0 rows, 25.4 KiB processed)[0m in 4.49s]
[2026-07-03T08:00:47.399+0000] {subprocess.py:93} INFO - [0m08:00:47
[2026-07-03T08:00:47.400+0000] {subprocess.py:93} INFO - [0m08:00:47  Finished running 3 table models, 2 view models in 0 hours 0 minutes and 10.40 seconds (10.40s).
[2026-07-03T08:00:47.433+0000] {subprocess.py:93} INFO - [0m08:00:47
[2026-07-03T08:00:47.434+0000] {subprocess.py:93} INFO - [0m08:00:47  [32mCompleted successfully[0m
[2026-07-03T08:00:47.434+0000] {subprocess.py:93} INFO - [0m08:00:47
[2026-07-03T08:00:47.435+0000] {subprocess.py:93} INFO - [0m08:00:47  Done. PASS=5 WARN=0 ERROR=0 SKIP=0 NO-OP=0 TOTAL=5
[2026-07-03T08:00:49.072+0000] {subprocess.py:97} INFO - Command exited with return code 0
[2026-07-03T08:00:49.074+0000] {taskinstance.py:441} INFO - ::group::Post task execution logs
[2026-07-03T08:00:49.093+0000] {taskinstance.py:1206} INFO - Marking task as SUCCESS. dag_id=gold_dbt_dag, task_id=trigger_dbt_build, run_id=dataset_triggered__2026-07-03T08:00:33.885505+00:00, execution_date=20260703T080033, start_date=20260703T080034, end_date=20260703T080049
[2026-07-03T08:00:49.133+0000] {local_task_job_runner.py:240} INFO - Task exited with return code 0
[2026-07-03T08:00:49.156+0000] {taskinstance.py:3498} INFO - 0 downstream tasks scheduled from follow-on schedule check
[2026-07-03T08:00:49.157+0000] {local_task_job_runner.py:222} INFO - ::endgroup::
