[2026-07-11T07:00:13.527+0000] {local_task_job_runner.py:120} INFO - ::group::Pre task execution logs
[2026-07-11T07:00:13.553+0000] {taskinstance.py:2076} INFO - Dependencies all met for dep_context=non-requeueable deps ti=<TaskInstance: gold_dbt_dag.trigger_dbt_build dataset_triggered__2026-07-11T07:00:12.803752+00:00 [queued]>
[2026-07-11T07:00:13.556+0000] {taskinstance.py:2076} INFO - Dependencies all met for dep_context=requeueable deps ti=<TaskInstance: gold_dbt_dag.trigger_dbt_build dataset_triggered__2026-07-11T07:00:12.803752+00:00 [queued]>
[2026-07-11T07:00:13.556+0000] {taskinstance.py:2306} INFO - Starting attempt 1 of 2
[2026-07-11T07:00:13.562+0000] {taskinstance.py:2330} INFO - Executing <Task(BashOperator): trigger_dbt_build> on 2026-07-11 07:00:12.803752+00:00
[2026-07-11T07:00:13.565+0000] {standard_task_runner.py:90} INFO - Running: ['***', 'tasks', 'run', 'gold_dbt_dag', 'trigger_dbt_build', 'dataset_triggered__2026-07-11T07:00:12.803752+00:00', '--job-id', '1595', '--raw', '--subdir', 'DAGS_FOLDER/dag_gold_dbt.py', '--cfg-path', '/tmp/tmpr_i6ln4q']
[2026-07-11T07:00:13.572+0000] {standard_task_runner.py:91} INFO - Job 1595: Subtask trigger_dbt_build
[2026-07-11T07:00:13.572+0000] {logging_mixin.py:188} WARNING - /home/***/.local/lib/python3.12/site-packages/***/task/task_runner/standard_task_runner.py:61 DeprecationWarning: This process (pid=64831) is multi-threaded, use of fork() may lead to deadlocks in the child.
[2026-07-11T07:00:13.574+0000] {standard_task_runner.py:63} INFO - Started process 64832 to run task
[2026-07-11T07:00:13.603+0000] {task_command.py:426} INFO - Running <TaskInstance: gold_dbt_dag.trigger_dbt_build dataset_triggered__2026-07-11T07:00:12.803752+00:00 [running]> on host bd23e89d97be
[2026-07-11T07:00:13.644+0000] {taskinstance.py:2648} INFO - Exporting env vars: AIRFLOW_CTX_DAG_OWNER='data_engineer' AIRFLOW_CTX_DAG_ID='gold_dbt_dag' AIRFLOW_CTX_TASK_ID='trigger_dbt_build' AIRFLOW_CTX_EXECUTION_DATE='2026-07-11T07:00:12.803752+00:00' AIRFLOW_CTX_TRY_NUMBER='1' AIRFLOW_CTX_DAG_RUN_ID='dataset_triggered__2026-07-11T07:00:12.803752+00:00'
[2026-07-11T07:00:13.645+0000] {taskinstance.py:430} INFO - ::endgroup::
[2026-07-11T07:00:13.654+0000] {subprocess.py:63} INFO - Tmp dir root location: /tmp
[2026-07-11T07:00:13.656+0000] {subprocess.py:75} INFO - Running command: ['/usr/bin/bash', '-c', 'cd /opt/***/dbt && dbt build --profiles-dir . --target dev']
[2026-07-11T07:00:13.660+0000] {subprocess.py:86} INFO - Output:
[2026-07-11T07:00:14.718+0000] {subprocess.py:93} INFO - [0m07:00:14  Running with dbt=1.11.11
[2026-07-11T07:00:15.227+0000] {subprocess.py:93} INFO - [0m07:00:15  Registered adapter: bigquery=1.11.3
[2026-07-11T07:00:15.446+0000] {subprocess.py:93} INFO - [0m07:00:15  Found 6 models, 4 sources, 553 macros
[2026-07-11T07:00:15.447+0000] {subprocess.py:93} INFO - [0m07:00:15
[2026-07-11T07:00:15.448+0000] {subprocess.py:93} INFO - [0m07:00:15  Concurrency: 4 threads (target='dev')
[2026-07-11T07:00:15.448+0000] {subprocess.py:93} INFO - [0m07:00:15
[2026-07-11T07:00:16.974+0000] {subprocess.py:93} INFO - [0m07:00:16  1 of 6 START sql table model logistics_mart.dim_drivers ........................ [RUN]
[2026-07-11T07:00:16.975+0000] {subprocess.py:93} INFO - [0m07:00:16  2 of 6 START sql table model logistics_mart.dim_hubs ........................... [RUN]
[2026-07-11T07:00:16.976+0000] {subprocess.py:93} INFO - [0m07:00:16  3 of 6 START sql view model logistics_mart.stg_shipments ....................... [RUN]
[2026-07-11T07:00:16.976+0000] {subprocess.py:93} INFO - [0m07:00:16  4 of 6 START sql view model logistics_mart.stg_weather ......................... [RUN]
[2026-07-11T07:00:18.926+0000] {subprocess.py:93} INFO - [0m07:00:18  4 of 6 OK created sql view model logistics_mart.stg_weather .................... [[32mCREATE VIEW (0 processed)[0m in 1.95s]
[2026-07-11T07:00:18.927+0000] {subprocess.py:93} INFO - [0m07:00:18  3 of 6 OK created sql view model logistics_mart.stg_shipments .................. [[32mCREATE VIEW (0 processed)[0m in 1.95s]
[2026-07-11T07:00:18.928+0000] {subprocess.py:93} INFO - [0m07:00:18  5 of 6 START sql view model logistics_mart.stg_weather_consensus ............... [RUN]
[2026-07-11T07:00:20.225+0000] {subprocess.py:93} INFO - [0m07:00:20  BigQuery adapter: https://console.cloud.google.com/bigquery?project=logistics-500519&j=bq:US:9226cfd1-cc15-407a-af15-5d0b58140448&page=queryresults
[2026-07-11T07:00:20.246+0000] {subprocess.py:93} INFO - [0m07:00:20  5 of 6 ERROR creating sql view model logistics_mart.stg_weather_consensus ...... [[31mERROR[0m in 1.31s]
[2026-07-11T07:00:20.795+0000] {subprocess.py:93} INFO - [0m07:00:20  2 of 6 OK created sql table model logistics_mart.dim_hubs ...................... [[32mCREATE TABLE (3.0 rows, 149.0 Bytes processed)[0m in 3.82s]
[2026-07-11T07:00:20.799+0000] {subprocess.py:93} INFO - [0m07:00:20  6 of 6 START sql table model logistics_mart.fact_shipment_weather .............. [RUN]
[2026-07-11T07:00:20.946+0000] {subprocess.py:93} INFO - [0m07:00:20  1 of 6 OK created sql table model logistics_mart.dim_drivers ................... [[32mCREATE TABLE (3.0 rows, 108.0 Bytes processed)[0m in 3.97s]
[2026-07-11T07:16:54.874+0000] {subprocess.py:93} INFO - [0m07:16:54  6 of 6 OK created sql table model logistics_mart.fact_shipment_weather ......... [[32mCREATE TABLE (1.8k rows, 116.2 KiB processed)[0m in 994.07s]
[2026-07-11T07:16:54.924+0000] {subprocess.py:93} INFO - [0m07:16:54
[2026-07-11T07:16:54.924+0000] {subprocess.py:93} INFO - [0m07:16:54  Finished running 3 table models, 3 view models in 0 hours 16 minutes and 39.48 seconds (999.48s).
[2026-07-11T07:16:54.961+0000] {subprocess.py:93} INFO - [0m07:16:54
[2026-07-11T07:16:54.961+0000] {subprocess.py:93} INFO - [0m07:16:54  [31mCompleted with 1 error, 0 partial successes, and 0 warnings:[0m
[2026-07-11T07:16:54.961+0000] {subprocess.py:93} INFO - [0m07:16:54
[2026-07-11T07:16:54.962+0000] {subprocess.py:93} INFO - [0m07:16:54  [31mFailure in model stg_weather_consensus (models/staging/stg_weather_consensus.sql)[0m
[2026-07-11T07:16:54.962+0000] {subprocess.py:93} INFO - [0m07:16:54    Database Error in model stg_weather_consensus (models/staging/stg_weather_consensus.sql)
[2026-07-11T07:16:54.962+0000] {subprocess.py:93} INFO -   Unrecognized name: fetched_at at [11:11]
[2026-07-11T07:16:54.962+0000] {subprocess.py:93} INFO -   compiled code at target/run/logistics_lakehouse/models/staging/stg_weather_consensus.sql
[2026-07-11T07:16:54.962+0000] {subprocess.py:93} INFO - [0m07:16:54
[2026-07-11T07:16:54.962+0000] {subprocess.py:93} INFO - [0m07:16:54    compiled code at target/compiled/logistics_lakehouse/models/staging/stg_weather_consensus.sql
[2026-07-11T07:16:54.963+0000] {subprocess.py:93} INFO - [0m07:16:54
[2026-07-11T07:16:54.963+0000] {subprocess.py:93} INFO - [0m07:16:54  Done. PASS=5 WARN=0 ERROR=1 SKIP=0 NO-OP=0 TOTAL=6
[2026-07-11T07:16:57.027+0000] {subprocess.py:97} INFO - Command exited with return code 1
[2026-07-11T07:16:57.028+0000] {taskinstance.py:441} INFO - ::group::Post task execution logs
[2026-07-11T07:16:57.041+0000] {taskinstance.py:2905} ERROR - Task failed with exception
Traceback (most recent call last):
  File "/home/airflow/.local/lib/python3.12/site-packages/airflow/models/taskinstance.py", line 465, in _execute_task
    result = _execute_callable(context=context, **execute_callable_kwargs)
             ^^^^^^^^^^^^^^^^^^^^^^^^^^^^^^^^^^^^^^^^^^^^^^^^^^^^^^^^^^^^^
  File "/home/airflow/.local/lib/python3.12/site-packages/airflow/models/taskinstance.py", line 432, in _execute_callable
    return execute_callable(context=context, **execute_callable_kwargs)
           ^^^^^^^^^^^^^^^^^^^^^^^^^^^^^^^^^^^^^^^^^^^^^^^^^^^^^^^^^^^^
  File "/home/airflow/.local/lib/python3.12/site-packages/airflow/models/baseoperator.py", line 400, in wrapper
    return func(self, *args, **kwargs)
           ^^^^^^^^^^^^^^^^^^^^^^^^^^^
  File "/home/airflow/.local/lib/python3.12/site-packages/airflow/operators/bash.py", line 243, in execute
    raise AirflowException(
airflow.exceptions.AirflowException: Bash command failed. The command returned a non-zero exit code 1.
[2026-07-11T07:16:57.045+0000] {taskinstance.py:1206} INFO - Marking task as UP_FOR_RETRY. dag_id=gold_dbt_dag, task_id=trigger_dbt_build, run_id=dataset_triggered__2026-07-11T07:00:12.803752+00:00, execution_date=20260711T070012, start_date=20260711T070013, end_date=20260711T071657
[2026-07-11T07:16:57.057+0000] {standard_task_runner.py:110} ERROR - Failed to execute job 1595 for task trigger_dbt_build (Bash command failed. The command returned a non-zero exit code 1.; 64832)
[2026-07-11T07:16:57.085+0000] {local_task_job_runner.py:240} INFO - Task exited with return code 1
[2026-07-11T07:16:57.102+0000] {taskinstance.py:3498} INFO - 0 downstream tasks scheduled from follow-on schedule check
[2026-07-11T07:16:57.103+0000] {local_task_job_runner.py:222} INFO - ::endgroup::
