[2026-07-11T14:29:04.017+0000] {local_task_job_runner.py:120} INFO - ::group::Pre task execution logs
[2026-07-11T14:29:04.041+0000] {taskinstance.py:2076} INFO - Dependencies all met for dep_context=non-requeueable deps ti=<TaskInstance: gold_dbt_dag.trigger_dbt_build dataset_triggered__2026-07-11T13:36:37.481756+00:00 [queued]>
[2026-07-11T14:29:04.045+0000] {taskinstance.py:2076} INFO - Dependencies all met for dep_context=requeueable deps ti=<TaskInstance: gold_dbt_dag.trigger_dbt_build dataset_triggered__2026-07-11T13:36:37.481756+00:00 [queued]>
[2026-07-11T14:29:04.046+0000] {taskinstance.py:2306} INFO - Starting attempt 2 of 2
[2026-07-11T14:29:04.052+0000] {taskinstance.py:2330} INFO - Executing <Task(BashOperator): trigger_dbt_build> on 2026-07-11 13:36:37.481756+00:00
[2026-07-11T14:29:04.057+0000] {standard_task_runner.py:90} INFO - Running: ['***', 'tasks', 'run', 'gold_dbt_dag', 'trigger_dbt_build', 'dataset_triggered__2026-07-11T13:36:37.481756+00:00', '--job-id', '1644', '--raw', '--subdir', 'DAGS_FOLDER/dag_gold_dbt.py', '--cfg-path', '/tmp/tmpkrxucyrj']
[2026-07-11T14:29:04.058+0000] {standard_task_runner.py:91} INFO - Job 1644: Subtask trigger_dbt_build
[2026-07-11T14:29:04.068+0000] {logging_mixin.py:188} WARNING - /home/***/.local/lib/python3.12/site-packages/***/task/task_runner/standard_task_runner.py:61 DeprecationWarning: This process (pid=69828) is multi-threaded, use of fork() may lead to deadlocks in the child.
[2026-07-11T14:29:04.069+0000] {standard_task_runner.py:63} INFO - Started process 69832 to run task
[2026-07-11T14:29:04.084+0000] {task_command.py:426} INFO - Running <TaskInstance: gold_dbt_dag.trigger_dbt_build dataset_triggered__2026-07-11T13:36:37.481756+00:00 [running]> on host bd23e89d97be
[2026-07-11T14:29:04.132+0000] {taskinstance.py:2648} INFO - Exporting env vars: AIRFLOW_CTX_DAG_OWNER='data_engineer' AIRFLOW_CTX_DAG_ID='gold_dbt_dag' AIRFLOW_CTX_TASK_ID='trigger_dbt_build' AIRFLOW_CTX_EXECUTION_DATE='2026-07-11T13:36:37.481756+00:00' AIRFLOW_CTX_TRY_NUMBER='2' AIRFLOW_CTX_DAG_RUN_ID='dataset_triggered__2026-07-11T13:36:37.481756+00:00'
[2026-07-11T14:29:04.133+0000] {taskinstance.py:430} INFO - ::endgroup::
[2026-07-11T14:29:04.139+0000] {subprocess.py:63} INFO - Tmp dir root location: /tmp
[2026-07-11T14:29:04.141+0000] {subprocess.py:75} INFO - Running command: ['/usr/bin/bash', '-c', 'cd /opt/***/dbt && dbt build --profiles-dir . --target dev']
[2026-07-11T14:29:04.145+0000] {subprocess.py:86} INFO - Output:
[2026-07-11T14:29:05.202+0000] {subprocess.py:93} INFO - [0m14:29:05  Running with dbt=1.11.11
[2026-07-11T14:29:05.783+0000] {subprocess.py:93} INFO - [0m14:29:05  Registered adapter: bigquery=1.11.3
[2026-07-11T14:29:06.021+0000] {subprocess.py:93} INFO - [0m14:29:06  Found 6 models, 4 sources, 553 macros
[2026-07-11T14:29:06.022+0000] {subprocess.py:93} INFO - [0m14:29:06
[2026-07-11T14:29:06.022+0000] {subprocess.py:93} INFO - [0m14:29:06  Concurrency: 4 threads (target='dev')
[2026-07-11T14:29:06.022+0000] {subprocess.py:93} INFO - [0m14:29:06
[2026-07-11T14:29:07.564+0000] {subprocess.py:93} INFO - [0m14:29:07  1 of 6 START sql table model logistics_mart.dim_drivers ........................ [RUN]
[2026-07-11T14:29:07.565+0000] {subprocess.py:93} INFO - [0m14:29:07  2 of 6 START sql table model logistics_mart.dim_hubs ........................... [RUN]
[2026-07-11T14:29:07.566+0000] {subprocess.py:93} INFO - [0m14:29:07  3 of 6 START sql view model logistics_mart.stg_shipments ....................... [RUN]
[2026-07-11T14:29:07.566+0000] {subprocess.py:93} INFO - [0m14:29:07  4 of 6 START sql view model logistics_mart.stg_weather ......................... [RUN]
[2026-07-11T14:29:09.674+0000] {subprocess.py:93} INFO - [0m14:29:09  4 of 6 OK created sql view model logistics_mart.stg_weather .................... [[32mCREATE VIEW (0 processed)[0m in 2.10s]
[2026-07-11T14:29:09.675+0000] {subprocess.py:93} INFO - [0m14:29:09  3 of 6 OK created sql view model logistics_mart.stg_shipments .................. [[32mCREATE VIEW (0 processed)[0m in 2.11s]
[2026-07-11T14:29:09.676+0000] {subprocess.py:93} INFO - [0m14:29:09  5 of 6 START sql view model logistics_mart.stg_weather_consensus ............... [RUN]
[2026-07-11T14:29:10.986+0000] {subprocess.py:93} INFO - [0m14:29:10  BigQuery adapter: https://console.cloud.google.com/bigquery?project=logistics-500519&j=bq:US:8ff8d969-56b3-46c5-865b-f8b77cf41f0e&page=queryresults
[2026-07-11T14:29:10.999+0000] {subprocess.py:93} INFO - [0m14:29:10  5 of 6 ERROR creating sql view model logistics_mart.stg_weather_consensus ...... [[31mERROR[0m in 1.32s]
[2026-07-11T14:29:11.520+0000] {subprocess.py:93} INFO - [0m14:29:11  1 of 6 OK created sql table model logistics_mart.dim_drivers ................... [[32mCREATE TABLE (3.0 rows, 108.0 Bytes processed)[0m in 3.95s]
[2026-07-11T14:29:11.594+0000] {subprocess.py:93} INFO - [0m14:29:11  2 of 6 OK created sql table model logistics_mart.dim_hubs ...................... [[32mCREATE TABLE (3.0 rows, 149.0 Bytes processed)[0m in 4.02s]
[2026-07-11T14:29:11.597+0000] {subprocess.py:93} INFO - [0m14:29:11  6 of 6 START sql table model logistics_mart.fact_shipment_weather .............. [RUN]
[2026-07-11T14:29:15.620+0000] {subprocess.py:93} INFO - [0m14:29:15  6 of 6 OK created sql table model logistics_mart.fact_shipment_weather ......... [[32mCREATE TABLE (1.9k rows, 119.2 KiB processed)[0m in 4.02s]
[2026-07-11T14:29:15.672+0000] {subprocess.py:93} INFO - [0m14:29:15
[2026-07-11T14:29:15.673+0000] {subprocess.py:93} INFO - [0m14:29:15  Finished running 3 table models, 3 view models in 0 hours 0 minutes and 9.65 seconds (9.65s).
[2026-07-11T14:29:15.708+0000] {subprocess.py:93} INFO - [0m14:29:15
[2026-07-11T14:29:15.709+0000] {subprocess.py:93} INFO - [0m14:29:15  [31mCompleted with 1 error, 0 partial successes, and 0 warnings:[0m
[2026-07-11T14:29:15.709+0000] {subprocess.py:93} INFO - [0m14:29:15
[2026-07-11T14:29:15.709+0000] {subprocess.py:93} INFO - [0m14:29:15  [31mFailure in model stg_weather_consensus (models/staging/stg_weather_consensus.sql)[0m
[2026-07-11T14:29:15.710+0000] {subprocess.py:93} INFO - [0m14:29:15    Database Error in model stg_weather_consensus (models/staging/stg_weather_consensus.sql)
[2026-07-11T14:29:15.710+0000] {subprocess.py:93} INFO -   Unrecognized name: fetched_at at [11:11]
[2026-07-11T14:29:15.710+0000] {subprocess.py:93} INFO -   compiled code at target/run/logistics_lakehouse/models/staging/stg_weather_consensus.sql
[2026-07-11T14:29:15.710+0000] {subprocess.py:93} INFO - [0m14:29:15
[2026-07-11T14:29:15.710+0000] {subprocess.py:93} INFO - [0m14:29:15    compiled code at target/compiled/logistics_lakehouse/models/staging/stg_weather_consensus.sql
[2026-07-11T14:29:15.711+0000] {subprocess.py:93} INFO - [0m14:29:15
[2026-07-11T14:29:15.711+0000] {subprocess.py:93} INFO - [0m14:29:15  Done. PASS=5 WARN=0 ERROR=1 SKIP=0 NO-OP=0 TOTAL=6
[2026-07-11T14:29:17.611+0000] {subprocess.py:97} INFO - Command exited with return code 1
[2026-07-11T14:29:17.612+0000] {taskinstance.py:441} INFO - ::group::Post task execution logs
[2026-07-11T14:29:17.622+0000] {taskinstance.py:2905} ERROR - Task failed with exception
Traceback (most recent call last):
  File "/home/airflow/.local/lib/python3.12/site-packages/airflow/models/taskinstance.py", line 465, in _execute_task
    result = _execute_callable(context=context, **execute_callable_kwargs)
             ^^^^^^^^^^^^^^^^^^^^^^^^^^^^^^^^^^^^^^^^^^^^^^^^^^^^^^^^^^^^^
  File "/home/airflow/.local/lib/python3.12/site-packages/airflow/models/taskinstance.py", line 432, in _execute_callable
    return execute_callable(context=context, **execute_callable_kwargs)
           ^^^^^^^^^^^^^^^^^^^^^^^^^^^^^^^^^^^^^^^^^^^^^^^^^^^^^^^^^^^^
  File "/home/airflow/.local/lib/python3.12/site-packages/airflow/models/baseoperator.py", line 400, in wrapper
    return func(self, *args, **kwargs)
           ^^^^^^^^^^^^^^^^^^^^^^^^^^^
  File "/home/airflow/.local/lib/python3.12/site-packages/airflow/operators/bash.py", line 243, in execute
    raise AirflowException(
airflow.exceptions.AirflowException: Bash command failed. The command returned a non-zero exit code 1.
[2026-07-11T14:29:17.625+0000] {taskinstance.py:1206} INFO - Marking task as FAILED. dag_id=gold_dbt_dag, task_id=trigger_dbt_build, run_id=dataset_triggered__2026-07-11T13:36:37.481756+00:00, execution_date=20260711T133637, start_date=20260711T142904, end_date=20260711T142917
[2026-07-11T14:29:17.633+0000] {standard_task_runner.py:110} ERROR - Failed to execute job 1644 for task trigger_dbt_build (Bash command failed. The command returned a non-zero exit code 1.; 69832)
[2026-07-11T14:29:17.649+0000] {local_task_job_runner.py:240} INFO - Task exited with return code 1
[2026-07-11T14:29:17.660+0000] {taskinstance.py:3498} INFO - 0 downstream tasks scheduled from follow-on schedule check
[2026-07-11T14:29:17.660+0000] {local_task_job_runner.py:222} INFO - ::endgroup::
