[2026-07-11T13:36:38.366+0000] {local_task_job_runner.py:120} INFO - ::group::Pre task execution logs
[2026-07-11T13:36:38.390+0000] {taskinstance.py:2076} INFO - Dependencies all met for dep_context=non-requeueable deps ti=<TaskInstance: gold_dbt_dag.trigger_dbt_build dataset_triggered__2026-07-11T13:36:37.481756+00:00 [queued]>
[2026-07-11T13:36:38.394+0000] {taskinstance.py:2076} INFO - Dependencies all met for dep_context=requeueable deps ti=<TaskInstance: gold_dbt_dag.trigger_dbt_build dataset_triggered__2026-07-11T13:36:37.481756+00:00 [queued]>
[2026-07-11T13:36:38.394+0000] {taskinstance.py:2306} INFO - Starting attempt 1 of 2
[2026-07-11T13:36:38.400+0000] {taskinstance.py:2330} INFO - Executing <Task(BashOperator): trigger_dbt_build> on 2026-07-11 13:36:37.481756+00:00
[2026-07-11T13:36:38.410+0000] {logging_mixin.py:188} WARNING - /home/***/.local/lib/python3.12/site-packages/***/task/task_runner/standard_task_runner.py:61 DeprecationWarning: This process (pid=69069) is multi-threaded, use of fork() may lead to deadlocks in the child.
[2026-07-11T13:36:38.406+0000] {standard_task_runner.py:90} INFO - Running: ['***', 'tasks', 'run', 'gold_dbt_dag', 'trigger_dbt_build', 'dataset_triggered__2026-07-11T13:36:37.481756+00:00', '--job-id', '1637', '--raw', '--subdir', 'DAGS_FOLDER/dag_gold_dbt.py', '--cfg-path', '/tmp/tmp4e9snlk2']
[2026-07-11T13:36:38.411+0000] {standard_task_runner.py:91} INFO - Job 1637: Subtask trigger_dbt_build
[2026-07-11T13:36:38.411+0000] {standard_task_runner.py:63} INFO - Started process 69070 to run task
[2026-07-11T13:36:38.450+0000] {task_command.py:426} INFO - Running <TaskInstance: gold_dbt_dag.trigger_dbt_build dataset_triggered__2026-07-11T13:36:37.481756+00:00 [running]> on host bd23e89d97be
[2026-07-11T13:36:38.487+0000] {taskinstance.py:2648} INFO - Exporting env vars: AIRFLOW_CTX_DAG_OWNER='data_engineer' AIRFLOW_CTX_DAG_ID='gold_dbt_dag' AIRFLOW_CTX_TASK_ID='trigger_dbt_build' AIRFLOW_CTX_EXECUTION_DATE='2026-07-11T13:36:37.481756+00:00' AIRFLOW_CTX_TRY_NUMBER='1' AIRFLOW_CTX_DAG_RUN_ID='dataset_triggered__2026-07-11T13:36:37.481756+00:00'
[2026-07-11T13:36:38.488+0000] {taskinstance.py:430} INFO - ::endgroup::
[2026-07-11T13:36:38.502+0000] {subprocess.py:63} INFO - Tmp dir root location: /tmp
[2026-07-11T13:36:38.503+0000] {subprocess.py:75} INFO - Running command: ['/usr/bin/bash', '-c', 'cd /opt/***/dbt && dbt build --profiles-dir . --target dev']
[2026-07-11T13:36:38.507+0000] {subprocess.py:86} INFO - Output:
[2026-07-11T13:36:40.101+0000] {subprocess.py:93} INFO - [0m13:36:40  Running with dbt=1.11.11
[2026-07-11T13:36:40.784+0000] {subprocess.py:93} INFO - [0m13:36:40  Registered adapter: bigquery=1.11.3
[2026-07-11T13:36:41.019+0000] {subprocess.py:93} INFO - [0m13:36:41  Found 6 models, 4 sources, 553 macros
[2026-07-11T13:36:41.021+0000] {subprocess.py:93} INFO - [0m13:36:41
[2026-07-11T13:36:41.021+0000] {subprocess.py:93} INFO - [0m13:36:41  Concurrency: 4 threads (target='dev')
[2026-07-11T13:36:41.021+0000] {subprocess.py:93} INFO - [0m13:36:41
[2026-07-11T13:36:42.669+0000] {subprocess.py:93} INFO - [0m13:36:42  1 of 6 START sql table model logistics_mart.dim_drivers ........................ [RUN]
[2026-07-11T13:36:42.670+0000] {subprocess.py:93} INFO - [0m13:36:42  2 of 6 START sql table model logistics_mart.dim_hubs ........................... [RUN]
[2026-07-11T13:36:42.670+0000] {subprocess.py:93} INFO - [0m13:36:42  3 of 6 START sql view model logistics_mart.stg_shipments ....................... [RUN]
[2026-07-11T13:36:42.670+0000] {subprocess.py:93} INFO - [0m13:36:42  4 of 6 START sql view model logistics_mart.stg_weather ......................... [RUN]
[2026-07-11T13:36:48.027+0000] {subprocess.py:93} INFO - [0m13:36:48  1 of 6 ERROR creating sql table model logistics_mart.dim_drivers ............... [[31mERROR[0m in 4.88s]
[2026-07-11T13:36:48.035+0000] {subprocess.py:93} INFO - [0m13:36:48  2 of 6 ERROR creating sql table model logistics_mart.dim_hubs .................. [[31mERROR[0m in 5.35s]
[2026-07-11T13:36:48.042+0000] {subprocess.py:93} INFO - [0m13:36:48  5 of 6 START sql view model logistics_mart.stg_weather_consensus ............... [RUN]
[2026-07-11T14:26:55.652+0000] {subprocess.py:93} INFO - WARNING:urllib3.connectionpool:Retrying (Retry(total=2, connect=None, read=None, redirect=None, status=None)) after connection broken by 'NameResolutionError("<urllib3.connection.HTTPSConnection object at 0xffff59722540>: Failed to resolve 'oauth2.googleapis.com' ([Errno -3] Temporary failure in name resolution)")': /token
[2026-07-11T14:26:57.779+0000] {subprocess.py:93} INFO - [0m14:26:57  BigQuery adapter: https://console.cloud.google.com/bigquery?project=logistics-500519&j=bq:US:0720c47b-cfdc-4438-b59e-92de397f9553&page=queryresults
[2026-07-11T14:26:59.534+0000] {subprocess.py:93} INFO - [0m14:26:59  5 of 6 ERROR creating sql view model logistics_mart.stg_weather_consensus ...... [[31mERROR[0m in 3011.44s]
[2026-07-11T14:26:59.542+0000] {subprocess.py:93} INFO - [0m14:26:59  3 of 6 ERROR creating sql view model logistics_mart.stg_shipments .............. [[31mERROR[0m in 3016.85s]
[2026-07-11T14:26:59.543+0000] {subprocess.py:93} INFO - [0m14:26:59  4 of 6 ERROR creating sql view model logistics_mart.stg_weather ................ [[31mERROR[0m in 3016.86s]
[2026-07-11T14:26:59.552+0000] {subprocess.py:93} INFO - [0m14:26:59  6 of 6 SKIP relation logistics_mart.fact_shipment_weather ...................... [[33mSKIP[0m]
[2026-07-11T14:26:59.609+0000] {subprocess.py:93} INFO - [0m14:26:59
[2026-07-11T14:26:59.612+0000] {subprocess.py:93} INFO - [0m14:26:59  Finished running 3 table models, 3 view models in 0 hours 50 minutes and 18.58 seconds (3018.58s).
[2026-07-11T14:27:00.274+0000] {subprocess.py:93} INFO - [0m14:27:00
[2026-07-11T14:27:00.276+0000] {subprocess.py:93} INFO - [0m14:27:00  [31mCompleted with 5 errors, 0 partial successes, and 0 warnings:[0m
[2026-07-11T14:27:00.281+0000] {subprocess.py:93} INFO - [0m14:27:00
[2026-07-11T14:27:00.282+0000] {subprocess.py:93} INFO - [0m14:27:00  [31mFailure in model dim_drivers (models/mart/dim_drivers.sql)[0m
[2026-07-11T14:27:00.283+0000] {subprocess.py:93} INFO - [0m14:27:00    Database Error in model dim_drivers (models/mart/dim_drivers.sql)
[2026-07-11T14:27:00.283+0000] {subprocess.py:93} INFO -   ('Connection aborted.', RemoteDisconnected('Remote end closed connection without response'))
[2026-07-11T14:27:00.283+0000] {subprocess.py:93} INFO -   compiled code at target/run/logistics_lakehouse/models/mart/dim_drivers.sql
[2026-07-11T14:27:00.284+0000] {subprocess.py:93} INFO - [0m14:27:00
[2026-07-11T14:27:00.284+0000] {subprocess.py:93} INFO - [0m14:27:00    compiled code at target/compiled/logistics_lakehouse/models/mart/dim_drivers.sql
[2026-07-11T14:27:00.285+0000] {subprocess.py:93} INFO - [0m14:27:00
[2026-07-11T14:27:00.289+0000] {subprocess.py:93} INFO - [0m14:27:00  [31mFailure in model dim_hubs (models/mart/dim_hubs.sql)[0m
[2026-07-11T14:27:00.289+0000] {subprocess.py:93} INFO - [0m14:27:00    Database Error in model dim_hubs (models/mart/dim_hubs.sql)
[2026-07-11T14:27:00.290+0000] {subprocess.py:93} INFO -   ('Connection aborted.', RemoteDisconnected('Remote end closed connection without response'))
[2026-07-11T14:27:00.290+0000] {subprocess.py:93} INFO -   compiled code at target/run/logistics_lakehouse/models/mart/dim_hubs.sql
[2026-07-11T14:27:00.291+0000] {subprocess.py:93} INFO - [0m14:27:00
[2026-07-11T14:27:00.291+0000] {subprocess.py:93} INFO - [0m14:27:00    compiled code at target/compiled/logistics_lakehouse/models/mart/dim_hubs.sql
[2026-07-11T14:27:00.291+0000] {subprocess.py:93} INFO - [0m14:27:00
[2026-07-11T14:27:00.291+0000] {subprocess.py:93} INFO - [0m14:27:00  [31mFailure in model stg_weather_consensus (models/staging/stg_weather_consensus.sql)[0m
[2026-07-11T14:27:00.291+0000] {subprocess.py:93} INFO - [0m14:27:00    Database Error in model stg_weather_consensus (models/staging/stg_weather_consensus.sql)
[2026-07-11T14:27:00.293+0000] {subprocess.py:93} INFO -   Unrecognized name: fetched_at at [11:11]
[2026-07-11T14:27:00.294+0000] {subprocess.py:93} INFO -   compiled code at target/run/logistics_lakehouse/models/staging/stg_weather_consensus.sql
[2026-07-11T14:27:00.297+0000] {subprocess.py:93} INFO - [0m14:27:00
[2026-07-11T14:27:00.299+0000] {subprocess.py:93} INFO - [0m14:27:00    compiled code at target/compiled/logistics_lakehouse/models/staging/stg_weather_consensus.sql
[2026-07-11T14:27:00.299+0000] {subprocess.py:93} INFO - [0m14:27:00
[2026-07-11T14:27:00.299+0000] {subprocess.py:93} INFO - [0m14:27:00  [31mFailure in model stg_shipments (models/staging/stg_shipments.sql)[0m
[2026-07-11T14:27:00.301+0000] {subprocess.py:93} INFO - [0m14:27:00    Database Error in model stg_shipments (models/staging/stg_shipments.sql)
[2026-07-11T14:27:00.301+0000] {subprocess.py:93} INFO -   ('Connection aborted.', RemoteDisconnected('Remote end closed connection without response'))
[2026-07-11T14:27:00.302+0000] {subprocess.py:93} INFO -   compiled code at target/run/logistics_lakehouse/models/staging/stg_shipments.sql
[2026-07-11T14:27:00.302+0000] {subprocess.py:93} INFO - [0m14:27:00
[2026-07-11T14:27:00.303+0000] {subprocess.py:93} INFO - [0m14:27:00    compiled code at target/compiled/logistics_lakehouse/models/staging/stg_shipments.sql
[2026-07-11T14:27:00.303+0000] {subprocess.py:93} INFO - [0m14:27:00
[2026-07-11T14:27:00.303+0000] {subprocess.py:93} INFO - [0m14:27:00  [31mFailure in model stg_weather (models/staging/stg_weather.sql)[0m
[2026-07-11T14:27:00.303+0000] {subprocess.py:93} INFO - [0m14:27:00    Database Error in model stg_weather (models/staging/stg_weather.sql)
[2026-07-11T14:27:00.304+0000] {subprocess.py:93} INFO -   ('Connection aborted.', RemoteDisconnected('Remote end closed connection without response'))
[2026-07-11T14:27:00.304+0000] {subprocess.py:93} INFO -   compiled code at target/run/logistics_lakehouse/models/staging/stg_weather.sql
[2026-07-11T14:27:00.305+0000] {subprocess.py:93} INFO - [0m14:27:00
[2026-07-11T14:27:00.305+0000] {subprocess.py:93} INFO - [0m14:27:00    compiled code at target/compiled/logistics_lakehouse/models/staging/stg_weather.sql
[2026-07-11T14:27:00.305+0000] {subprocess.py:93} INFO - [0m14:27:00
[2026-07-11T14:27:00.307+0000] {subprocess.py:93} INFO - [0m14:27:00  Done. PASS=0 WARN=0 ERROR=5 SKIP=1 NO-OP=0 TOTAL=6
[2026-07-11T14:27:02.864+0000] {subprocess.py:97} INFO - Command exited with return code 1
[2026-07-11T14:27:02.870+0000] {taskinstance.py:441} INFO - ::group::Post task execution logs
[2026-07-11T14:27:02.895+0000] {taskinstance.py:2905} ERROR - Task failed with exception
Traceback (most recent call last):
  File "/home/airflow/.local/lib/python3.12/site-packages/airflow/models/taskinstance.py", line 465, in _execute_task
    result = _execute_callable(context=context, **execute_callable_kwargs)
             ^^^^^^^^^^^^^^^^^^^^^^^^^^^^^^^^^^^^^^^^^^^^^^^^^^^^^^^^^^^^^
  File "/home/airflow/.local/lib/python3.12/site-packages/airflow/models/taskinstance.py", line 432, in _execute_callable
    return execute_callable(context=context, **execute_callable_kwargs)
           ^^^^^^^^^^^^^^^^^^^^^^^^^^^^^^^^^^^^^^^^^^^^^^^^^^^^^^^^^^^^
  File "/home/airflow/.local/lib/python3.12/site-packages/airflow/models/baseoperator.py", line 400, in wrapper
    return func(self, *args, **kwargs)
           ^^^^^^^^^^^^^^^^^^^^^^^^^^^
  File "/home/airflow/.local/lib/python3.12/site-packages/airflow/operators/bash.py", line 243, in execute
    raise AirflowException(
airflow.exceptions.AirflowException: Bash command failed. The command returned a non-zero exit code 1.
[2026-07-11T14:27:02.903+0000] {taskinstance.py:1206} INFO - Marking task as UP_FOR_RETRY. dag_id=gold_dbt_dag, task_id=trigger_dbt_build, run_id=dataset_triggered__2026-07-11T13:36:37.481756+00:00, execution_date=20260711T133637, start_date=20260711T133638, end_date=20260711T142702
[2026-07-11T14:27:02.944+0000] {standard_task_runner.py:110} ERROR - Failed to execute job 1637 for task trigger_dbt_build (Bash command failed. The command returned a non-zero exit code 1.; 69070)
[2026-07-11T14:27:02.979+0000] {local_task_job_runner.py:240} INFO - Task exited with return code 1
[2026-07-11T14:27:03.006+0000] {taskinstance.py:3498} INFO - 0 downstream tasks scheduled from follow-on schedule check
[2026-07-11T14:27:03.007+0000] {local_task_job_runner.py:222} INFO - ::endgroup::
