[2026-07-03T16:07:39.217+0000] {local_task_job_runner.py:120} INFO - ::group::Pre task execution logs
[2026-07-03T16:07:39.241+0000] {taskinstance.py:2076} INFO - Dependencies all met for dep_context=non-requeueable deps ti=<TaskInstance: gold_dbt_dag.trigger_dbt_build dataset_triggered__2026-07-03T16:07:38.907065+00:00 [queued]>
[2026-07-03T16:07:39.244+0000] {taskinstance.py:2076} INFO - Dependencies all met for dep_context=requeueable deps ti=<TaskInstance: gold_dbt_dag.trigger_dbt_build dataset_triggered__2026-07-03T16:07:38.907065+00:00 [queued]>
[2026-07-03T16:07:39.245+0000] {taskinstance.py:2306} INFO - Starting attempt 1 of 2
[2026-07-03T16:07:39.249+0000] {taskinstance.py:2330} INFO - Executing <Task(BashOperator): trigger_dbt_build> on 2026-07-03 16:07:38.907065+00:00
[2026-07-03T16:07:39.255+0000] {standard_task_runner.py:90} INFO - Running: ['***', 'tasks', 'run', 'gold_dbt_dag', 'trigger_dbt_build', 'dataset_triggered__2026-07-03T16:07:38.907065+00:00', '--job-id', '408', '--raw', '--subdir', 'DAGS_FOLDER/dag_gold_dbt.py', '--cfg-path', '/tmp/tmp84a1uzxp']
[2026-07-03T16:07:39.258+0000] {standard_task_runner.py:91} INFO - Job 408: Subtask trigger_dbt_build
[2026-07-03T16:07:39.259+0000] {logging_mixin.py:188} WARNING - /home/***/.local/lib/python3.12/site-packages/***/task/task_runner/standard_task_runner.py:61 DeprecationWarning: This process (pid=24664) is multi-threaded, use of fork() may lead to deadlocks in the child.
[2026-07-03T16:07:39.260+0000] {standard_task_runner.py:63} INFO - Started process 24665 to run task
[2026-07-03T16:07:39.291+0000] {task_command.py:426} INFO - Running <TaskInstance: gold_dbt_dag.trigger_dbt_build dataset_triggered__2026-07-03T16:07:38.907065+00:00 [running]> on host bd23e89d97be
[2026-07-03T16:07:39.330+0000] {taskinstance.py:2648} INFO - Exporting env vars: AIRFLOW_CTX_DAG_OWNER='data_engineer' AIRFLOW_CTX_DAG_ID='gold_dbt_dag' AIRFLOW_CTX_TASK_ID='trigger_dbt_build' AIRFLOW_CTX_EXECUTION_DATE='2026-07-03T16:07:38.907065+00:00' AIRFLOW_CTX_TRY_NUMBER='1' AIRFLOW_CTX_DAG_RUN_ID='dataset_triggered__2026-07-03T16:07:38.907065+00:00'
[2026-07-03T16:07:39.331+0000] {taskinstance.py:430} INFO - ::endgroup::
[2026-07-03T16:07:39.339+0000] {subprocess.py:63} INFO - Tmp dir root location: /tmp
[2026-07-03T16:07:39.340+0000] {subprocess.py:75} INFO - Running command: ['/usr/bin/bash', '-c', 'cd /opt/***/dbt && dbt build --profiles-dir . --target dev']
[2026-07-03T16:07:39.345+0000] {subprocess.py:86} INFO - Output:
[2026-07-03T16:07:40.640+0000] {subprocess.py:93} INFO - [0m16:07:40  Running with dbt=1.11.11
[2026-07-03T16:07:41.204+0000] {subprocess.py:93} INFO - [0m16:07:41  Registered adapter: bigquery=1.11.3
[2026-07-03T16:07:41.440+0000] {subprocess.py:93} INFO - [0m16:07:41  Found 5 models, 4 sources, 553 macros
[2026-07-03T16:07:41.442+0000] {subprocess.py:93} INFO - [0m16:07:41
[2026-07-03T16:07:41.442+0000] {subprocess.py:93} INFO - [0m16:07:41  Concurrency: 4 threads (target='dev')
[2026-07-03T16:07:41.442+0000] {subprocess.py:93} INFO - [0m16:07:41
[2026-07-03T16:07:44.379+0000] {subprocess.py:93} INFO - [0m16:07:44  1 of 5 START sql table model logistics_mart.dim_drivers ........................ [RUN]
[2026-07-03T16:07:44.382+0000] {subprocess.py:93} INFO - [0m16:07:44  2 of 5 START sql table model logistics_mart.dim_hubs ........................... [RUN]
[2026-07-03T16:07:44.382+0000] {subprocess.py:93} INFO - [0m16:07:44  3 of 5 START sql view model logistics_mart.stg_shipments ....................... [RUN]
[2026-07-03T16:07:44.382+0000] {subprocess.py:93} INFO - [0m16:07:44  4 of 5 START sql view model logistics_mart.stg_weather ......................... [RUN]
[2026-07-03T16:07:46.600+0000] {subprocess.py:93} INFO - [0m16:07:46  4 of 5 OK created sql view model logistics_mart.stg_weather .................... [[32mCREATE VIEW (0 processed)[0m in 2.21s]
[2026-07-03T16:07:46.854+0000] {subprocess.py:93} INFO - [0m16:07:46  3 of 5 OK created sql view model logistics_mart.stg_shipments .................. [[32mCREATE VIEW (0 processed)[0m in 2.47s]
[2026-07-03T22:08:17.606+0000] {subprocess.py:93} INFO - [0m22:08:17  [31mUnhandled error while executing target/run/logistics_lakehouse/models/mart/dim_hubs.sql[0m
[2026-07-03T22:08:17.619+0000] {subprocess.py:93} INFO - ('invalid_grant: Invalid JWT: Token must be a short-lived token (60 minutes) and in a reasonable timeframe. Check your iat and exp values in the JWT claim.', {'error': 'invalid_grant', 'error_description': 'Invalid JWT: Token must be a short-lived token (60 minutes) and in a reasonable timeframe. Check your iat and exp values in the JWT claim.'})
[2026-07-03T22:08:17.649+0000] {subprocess.py:93} INFO - [0m22:08:17  2 of 5 ERROR creating sql table model logistics_mart.dim_hubs .................. [[31mERROR[0m in 21633.25s]
[2026-07-03T22:08:17.666+0000] {subprocess.py:93} INFO - [0m22:08:17  5 of 5 SKIP relation logistics_mart.fact_shipment_weather ...................... [[33mSKIP[0m]
[2026-07-03T22:08:17.724+0000] {subprocess.py:93} INFO - [0m22:08:17  [31mUnhandled error while executing target/run/logistics_lakehouse/models/mart/dim_drivers.sql[0m
[2026-07-03T22:08:17.725+0000] {subprocess.py:93} INFO - ('invalid_grant: Invalid JWT: Token must be a short-lived token (60 minutes) and in a reasonable timeframe. Check your iat and exp values in the JWT claim.', {'error': 'invalid_grant', 'error_description': 'Invalid JWT: Token must be a short-lived token (60 minutes) and in a reasonable timeframe. Check your iat and exp values in the JWT claim.'})
[2026-07-03T22:08:17.728+0000] {subprocess.py:93} INFO - [0m22:08:17  1 of 5 ERROR creating sql table model logistics_mart.dim_drivers ............... [[31mERROR[0m in 21633.35s]
[2026-07-03T22:08:17.776+0000] {subprocess.py:93} INFO - [0m22:08:17
[2026-07-03T22:08:17.777+0000] {subprocess.py:93} INFO - [0m22:08:17  Finished running 3 table models, 2 view models in 6 hours 0 minutes and 36.33 seconds (21636.33s).
[2026-07-03T22:08:17.872+0000] {subprocess.py:93} INFO - [0m22:08:17
[2026-07-03T22:08:17.872+0000] {subprocess.py:93} INFO - [0m22:08:17  [31mCompleted with 2 errors, 0 partial successes, and 0 warnings:[0m
[2026-07-03T22:08:17.874+0000] {subprocess.py:93} INFO - [0m22:08:17
[2026-07-03T22:08:17.874+0000] {subprocess.py:93} INFO - [0m22:08:17  [31mFailure in model dim_hubs (models/mart/dim_hubs.sql)[0m
[2026-07-03T22:08:17.874+0000] {subprocess.py:93} INFO - [0m22:08:17    ('invalid_grant: Invalid JWT: Token must be a short-lived token (60 minutes) and in a reasonable timeframe. Check your iat and exp values in the JWT claim.', {'error': 'invalid_grant', 'error_description': 'Invalid JWT: Token must be a short-lived token (60 minutes) and in a reasonable timeframe. Check your iat and exp values in the JWT claim.'})
[2026-07-03T22:08:17.875+0000] {subprocess.py:93} INFO - [0m22:08:17
[2026-07-03T22:08:17.875+0000] {subprocess.py:93} INFO - [0m22:08:17    compiled code at target/compiled/logistics_lakehouse/models/mart/dim_hubs.sql
[2026-07-03T22:08:17.875+0000] {subprocess.py:93} INFO - [0m22:08:17
[2026-07-03T22:08:17.875+0000] {subprocess.py:93} INFO - [0m22:08:17  [31mFailure in model dim_drivers (models/mart/dim_drivers.sql)[0m
[2026-07-03T22:08:17.876+0000] {subprocess.py:93} INFO - [0m22:08:17    ('invalid_grant: Invalid JWT: Token must be a short-lived token (60 minutes) and in a reasonable timeframe. Check your iat and exp values in the JWT claim.', {'error': 'invalid_grant', 'error_description': 'Invalid JWT: Token must be a short-lived token (60 minutes) and in a reasonable timeframe. Check your iat and exp values in the JWT claim.'})
[2026-07-03T22:08:17.877+0000] {subprocess.py:93} INFO - [0m22:08:17
[2026-07-03T22:08:17.877+0000] {subprocess.py:93} INFO - [0m22:08:17    compiled code at target/compiled/logistics_lakehouse/models/mart/dim_drivers.sql
[2026-07-03T22:08:17.877+0000] {subprocess.py:93} INFO - [0m22:08:17
[2026-07-03T22:08:17.878+0000] {subprocess.py:93} INFO - [0m22:08:17  Done. PASS=2 WARN=0 ERROR=2 SKIP=1 NO-OP=0 TOTAL=5
[2026-07-03T23:30:29.171+0000] {subprocess.py:97} INFO - Command exited with return code 1
[2026-07-03T23:30:29.174+0000] {taskinstance.py:441} INFO - ::group::Post task execution logs
[2026-07-03T23:30:29.209+0000] {taskinstance.py:2905} ERROR - Task failed with exception
Traceback (most recent call last):
  File "/home/airflow/.local/lib/python3.12/site-packages/airflow/models/taskinstance.py", line 465, in _execute_task
    result = _execute_callable(context=context, **execute_callable_kwargs)
             ^^^^^^^^^^^^^^^^^^^^^^^^^^^^^^^^^^^^^^^^^^^^^^^^^^^^^^^^^^^^^
  File "/home/airflow/.local/lib/python3.12/site-packages/airflow/models/taskinstance.py", line 432, in _execute_callable
    return execute_callable(context=context, **execute_callable_kwargs)
           ^^^^^^^^^^^^^^^^^^^^^^^^^^^^^^^^^^^^^^^^^^^^^^^^^^^^^^^^^^^^
  File "/home/airflow/.local/lib/python3.12/site-packages/airflow/models/baseoperator.py", line 400, in wrapper
    return func(self, *args, **kwargs)
           ^^^^^^^^^^^^^^^^^^^^^^^^^^^
  File "/home/airflow/.local/lib/python3.12/site-packages/airflow/operators/bash.py", line 243, in execute
    raise AirflowException(
airflow.exceptions.AirflowException: Bash command failed. The command returned a non-zero exit code 1.
[2026-07-03T23:30:29.217+0000] {taskinstance.py:1206} INFO - Marking task as UP_FOR_RETRY. dag_id=gold_dbt_dag, task_id=trigger_dbt_build, run_id=dataset_triggered__2026-07-03T16:07:38.907065+00:00, execution_date=20260703T160738, start_date=20260703T160739, end_date=20260703T233029
[2026-07-03T23:30:29.239+0000] {standard_task_runner.py:110} ERROR - Failed to execute job 408 for task trigger_dbt_build (Bash command failed. The command returned a non-zero exit code 1.; 24665)
[2026-07-03T23:30:29.284+0000] {local_task_job_runner.py:240} INFO - Task exited with return code 1
[2026-07-03T23:30:29.314+0000] {taskinstance.py:3498} INFO - 0 downstream tasks scheduled from follow-on schedule check
[2026-07-03T23:30:29.314+0000] {local_task_job_runner.py:222} INFO - ::endgroup::
