[2026-07-01T00:00:35.105+0000] {local_task_job_runner.py:120} INFO - ::group::Pre task execution logs
[2026-07-01T00:00:35.127+0000] {taskinstance.py:2076} INFO - Dependencies all met for dep_context=non-requeueable deps ti=<TaskInstance: dbt_gold_transformation.trigger_dbt_build scheduled__2026-06-30T00:00:00+00:00 [queued]>
[2026-07-01T00:00:35.132+0000] {taskinstance.py:2076} INFO - Dependencies all met for dep_context=requeueable deps ti=<TaskInstance: dbt_gold_transformation.trigger_dbt_build scheduled__2026-06-30T00:00:00+00:00 [queued]>
[2026-07-01T00:00:35.132+0000] {taskinstance.py:2306} INFO - Starting attempt 1 of 2
[2026-07-01T00:00:35.145+0000] {taskinstance.py:2330} INFO - Executing <Task(BashOperator): trigger_dbt_build> on 2026-06-30 00:00:00+00:00
[2026-07-01T00:00:35.152+0000] {logging_mixin.py:188} WARNING - /home/***/.local/lib/python3.12/site-packages/***/task/task_runner/standard_task_runner.py:61 DeprecationWarning: This process (pid=27994) is multi-threaded, use of fork() may lead to deadlocks in the child.
[2026-07-01T00:00:35.152+0000] {standard_task_runner.py:90} INFO - Running: ['***', 'tasks', 'run', 'dbt_gold_transformation', 'trigger_dbt_build', 'scheduled__2026-06-30T00:00:00+00:00', '--job-id', '99', '--raw', '--subdir', 'DAGS_FOLDER/dag_gold_dbt.py', '--cfg-path', '/tmp/tmpze2h2wb6']
[2026-07-01T00:00:35.153+0000] {standard_task_runner.py:63} INFO - Started process 28012 to run task
[2026-07-01T00:00:35.153+0000] {standard_task_runner.py:91} INFO - Job 99: Subtask trigger_dbt_build
[2026-07-01T00:00:35.185+0000] {task_command.py:426} INFO - Running <TaskInstance: dbt_gold_transformation.trigger_dbt_build scheduled__2026-06-30T00:00:00+00:00 [running]> on host c0dde85f51a2
[2026-07-01T00:00:35.239+0000] {taskinstance.py:2648} INFO - Exporting env vars: AIRFLOW_CTX_DAG_OWNER='data_engineer' AIRFLOW_CTX_DAG_ID='dbt_gold_transformation' AIRFLOW_CTX_TASK_ID='trigger_dbt_build' AIRFLOW_CTX_EXECUTION_DATE='2026-06-30T00:00:00+00:00' AIRFLOW_CTX_TRY_NUMBER='1' AIRFLOW_CTX_DAG_RUN_ID='scheduled__2026-06-30T00:00:00+00:00'
[2026-07-01T00:00:35.239+0000] {taskinstance.py:430} INFO - ::endgroup::
[2026-07-01T00:00:35.248+0000] {subprocess.py:63} INFO - Tmp dir root location: /tmp
[2026-07-01T00:00:35.250+0000] {subprocess.py:75} INFO - Running command: ['/usr/bin/bash', '-c', 'cd /opt/***/dbt && dbt build --profiles-dir . --target dev']
[2026-07-01T00:00:35.259+0000] {subprocess.py:86} INFO - Output:
[2026-07-01T00:00:37.320+0000] {subprocess.py:93} INFO - [0m00:00:37  Running with dbt=1.11.11
[2026-07-01T00:00:38.679+0000] {subprocess.py:93} INFO - [0m00:00:38  Registered adapter: bigquery=1.11.3
[2026-07-01T00:00:38.979+0000] {subprocess.py:93} INFO - [0m00:00:38  Found 5 models, 4 sources, 553 macros
[2026-07-01T00:00:38.980+0000] {subprocess.py:93} INFO - [0m00:00:38
[2026-07-01T00:00:38.980+0000] {subprocess.py:93} INFO - [0m00:00:38  Concurrency: 4 threads (target='dev')
[2026-07-01T00:00:38.980+0000] {subprocess.py:93} INFO - [0m00:00:38
[2026-07-01T00:00:40.544+0000] {subprocess.py:93} INFO - [0m00:00:40  1 of 5 START sql table model logistics_mart.dim_drivers ........................ [RUN]
[2026-07-01T00:00:40.544+0000] {subprocess.py:93} INFO - [0m00:00:40  2 of 5 START sql table model logistics_mart.dim_hubs ........................... [RUN]
[2026-07-01T00:00:40.545+0000] {subprocess.py:93} INFO - [0m00:00:40  3 of 5 START sql view model logistics_mart.stg_shipments ....................... [RUN]
[2026-07-01T00:00:40.545+0000] {subprocess.py:93} INFO - [0m00:00:40  4 of 5 START sql view model logistics_mart.stg_weather ......................... [RUN]
[2026-07-01T00:00:43.591+0000] {subprocess.py:93} INFO - [0m00:00:43  3 of 5 OK created sql view model logistics_mart.stg_shipments .................. [[32mCREATE VIEW (0 processed)[0m in 3.04s]
[2026-07-01T00:00:43.954+0000] {subprocess.py:93} INFO - [0m00:00:43  4 of 5 OK created sql view model logistics_mart.stg_weather .................... [[32mCREATE VIEW (0 processed)[0m in 3.40s]
[2026-07-01T00:00:45.167+0000] {subprocess.py:93} INFO - [0m00:00:45  2 of 5 OK created sql table model logistics_mart.dim_hubs ...................... [[32mCREATE TABLE (3.0 rows, 149.0 Bytes processed)[0m in 4.62s]
[2026-07-01T00:00:45.170+0000] {subprocess.py:93} INFO - [0m00:00:45  5 of 5 START sql table model logistics_mart.fact_shipment_weather .............. [RUN]
[2026-07-01T00:00:45.767+0000] {subprocess.py:93} INFO - [0m00:00:45  1 of 5 OK created sql table model logistics_mart.dim_drivers ................... [[32mCREATE TABLE (3.0 rows, 108.0 Bytes processed)[0m in 5.22s]
[2026-07-01T00:00:53.986+0000] {subprocess.py:93} INFO - [0m00:00:53  5 of 5 OK created sql table model logistics_mart.fact_shipment_weather ......... [[32mCREATE TABLE (124.0 rows, 8.2 KiB processed)[0m in 8.81s]
[2026-07-01T00:00:54.036+0000] {subprocess.py:93} INFO - [0m00:00:54
[2026-07-01T00:00:54.037+0000] {subprocess.py:93} INFO - [0m00:00:54  Finished running 3 table models, 2 view models in 0 hours 0 minutes and 15.06 seconds (15.06s).
[2026-07-01T00:00:54.079+0000] {subprocess.py:93} INFO - [0m00:00:54
[2026-07-01T00:00:54.079+0000] {subprocess.py:93} INFO - [0m00:00:54  [32mCompleted successfully[0m
[2026-07-01T00:00:54.079+0000] {subprocess.py:93} INFO - [0m00:00:54
[2026-07-01T00:00:54.080+0000] {subprocess.py:93} INFO - [0m00:00:54  Done. PASS=5 WARN=0 ERROR=0 SKIP=0 NO-OP=0 TOTAL=5
[2026-07-01T00:00:55.921+0000] {subprocess.py:97} INFO - Command exited with return code 0
[2026-07-01T00:00:55.922+0000] {taskinstance.py:441} INFO - ::group::Post task execution logs
[2026-07-01T00:00:55.947+0000] {taskinstance.py:1206} INFO - Marking task as SUCCESS. dag_id=dbt_gold_transformation, task_id=trigger_dbt_build, run_id=scheduled__2026-06-30T00:00:00+00:00, execution_date=20260630T000000, start_date=20260701T000035, end_date=20260701T000055
[2026-07-01T00:00:55.966+0000] {local_task_job_runner.py:240} INFO - Task exited with return code 0
[2026-07-01T00:00:55.981+0000] {taskinstance.py:3498} INFO - 0 downstream tasks scheduled from follow-on schedule check
[2026-07-01T00:00:55.982+0000] {local_task_job_runner.py:222} INFO - ::endgroup::
[2026-07-01T03:10:37.748+0000] {local_task_job_runner.py:120} INFO - ::group::Pre task execution logs
[2026-07-01T03:10:37.761+0000] {taskinstance.py:2076} INFO - Dependencies all met for dep_context=non-requeueable deps ti=<TaskInstance: dbt_gold_transformation.trigger_dbt_build scheduled__2026-06-30T00:00:00+00:00 [queued]>
[2026-07-01T03:10:37.764+0000] {taskinstance.py:2076} INFO - Dependencies all met for dep_context=requeueable deps ti=<TaskInstance: dbt_gold_transformation.trigger_dbt_build scheduled__2026-06-30T00:00:00+00:00 [queued]>
[2026-07-01T03:10:37.764+0000] {taskinstance.py:2306} INFO - Starting attempt 1 of 2
[2026-07-01T03:10:37.769+0000] {taskinstance.py:2330} INFO - Executing <Task(BashOperator): trigger_dbt_build> on 2026-06-30 00:00:00+00:00
[2026-07-01T03:10:37.774+0000] {logging_mixin.py:188} WARNING - /home/***/.local/lib/python3.12/site-packages/***/task/task_runner/standard_task_runner.py:61 DeprecationWarning: This process (pid=243) is multi-threaded, use of fork() may lead to deadlocks in the child.
[2026-07-01T03:10:37.774+0000] {standard_task_runner.py:90} INFO - Running: ['***', 'tasks', 'run', 'dbt_gold_transformation', 'trigger_dbt_build', 'scheduled__2026-06-30T00:00:00+00:00', '--job-id', '3', '--raw', '--subdir', 'DAGS_FOLDER/dag_gold_dbt.py', '--cfg-path', '/tmp/tmplnpbvn1n']
[2026-07-01T03:10:37.775+0000] {standard_task_runner.py:91} INFO - Job 3: Subtask trigger_dbt_build
[2026-07-01T03:10:37.775+0000] {standard_task_runner.py:63} INFO - Started process 244 to run task
[2026-07-01T03:10:37.792+0000] {task_command.py:426} INFO - Running <TaskInstance: dbt_gold_transformation.trigger_dbt_build scheduled__2026-06-30T00:00:00+00:00 [running]> on host 2acd144119ec
[2026-07-01T03:10:37.825+0000] {taskinstance.py:2648} INFO - Exporting env vars: AIRFLOW_CTX_DAG_OWNER='data_engineer' AIRFLOW_CTX_DAG_ID='dbt_gold_transformation' AIRFLOW_CTX_TASK_ID='trigger_dbt_build' AIRFLOW_CTX_EXECUTION_DATE='2026-06-30T00:00:00+00:00' AIRFLOW_CTX_TRY_NUMBER='1' AIRFLOW_CTX_DAG_RUN_ID='scheduled__2026-06-30T00:00:00+00:00'
[2026-07-01T03:10:37.825+0000] {taskinstance.py:430} INFO - ::endgroup::
[2026-07-01T03:10:37.831+0000] {subprocess.py:63} INFO - Tmp dir root location: /tmp
[2026-07-01T03:10:37.832+0000] {subprocess.py:75} INFO - Running command: ['/usr/bin/bash', '-c', 'cd /opt/***/dbt && dbt build --profiles-dir . --target dev']
[2026-07-01T03:10:37.839+0000] {subprocess.py:86} INFO - Output:
[2026-07-01T03:10:39.355+0000] {subprocess.py:93} INFO - [0m03:10:39  Running with dbt=1.11.11
[2026-07-01T03:10:39.976+0000] {subprocess.py:93} INFO - [0m03:10:39  Registered adapter: bigquery=1.11.3
[2026-07-01T03:10:40.319+0000] {subprocess.py:93} INFO - [0m03:10:40  Found 5 models, 4 sources, 553 macros
[2026-07-01T03:10:40.320+0000] {subprocess.py:93} INFO - [0m03:10:40
[2026-07-01T03:10:40.321+0000] {subprocess.py:93} INFO - [0m03:10:40  Concurrency: 4 threads (target='dev')
[2026-07-01T03:10:40.321+0000] {subprocess.py:93} INFO - [0m03:10:40
[2026-07-01T03:10:42.350+0000] {subprocess.py:93} INFO - [0m03:10:42  1 of 5 START sql table model logistics_mart.dim_drivers ........................ [RUN]
[2026-07-01T03:10:42.351+0000] {subprocess.py:93} INFO - [0m03:10:42  2 of 5 START sql table model logistics_mart.dim_hubs ........................... [RUN]
[2026-07-01T03:10:42.351+0000] {subprocess.py:93} INFO - [0m03:10:42  3 of 5 START sql view model logistics_mart.stg_shipments ....................... [RUN]
[2026-07-01T03:10:42.352+0000] {subprocess.py:93} INFO - [0m03:10:42  4 of 5 START sql view model logistics_mart.stg_weather ......................... [RUN]
[2026-07-01T03:10:44.697+0000] {subprocess.py:93} INFO - [0m03:10:44  3 of 5 OK created sql view model logistics_mart.stg_shipments .................. [[32mCREATE VIEW (0 processed)[0m in 2.33s]
[2026-07-01T03:10:44.699+0000] {subprocess.py:93} INFO - [0m03:10:44  4 of 5 OK created sql view model logistics_mart.stg_weather .................... [[32mCREATE VIEW (0 processed)[0m in 2.34s]
[2026-07-01T03:10:46.360+0000] {subprocess.py:93} INFO - [0m03:10:46  2 of 5 OK created sql table model logistics_mart.dim_hubs ...................... [[32mCREATE TABLE (3.0 rows, 149.0 Bytes processed)[0m in 4.00s]
[2026-07-01T03:10:46.365+0000] {subprocess.py:93} INFO - [0m03:10:46  5 of 5 START sql table model logistics_mart.fact_shipment_weather .............. [RUN]
[2026-07-01T03:10:46.399+0000] {subprocess.py:93} INFO - [0m03:10:46  1 of 5 OK created sql table model logistics_mart.dim_drivers ................... [[32mCREATE TABLE (3.0 rows, 108.0 Bytes processed)[0m in 4.04s]
[2026-07-01T03:10:50.978+0000] {subprocess.py:93} INFO - [0m03:10:50  5 of 5 OK created sql table model logistics_mart.fact_shipment_weather ......... [[32mCREATE TABLE (10.0 rows, 939.0 Bytes processed)[0m in 4.61s]
[2026-07-01T03:10:51.028+0000] {subprocess.py:93} INFO - [0m03:10:51
[2026-07-01T03:10:51.028+0000] {subprocess.py:93} INFO - [0m03:10:51  Finished running 3 table models, 2 view models in 0 hours 0 minutes and 10.71 seconds (10.71s).
[2026-07-01T03:10:51.068+0000] {subprocess.py:93} INFO - [0m03:10:51
[2026-07-01T03:10:51.068+0000] {subprocess.py:93} INFO - [0m03:10:51  [32mCompleted successfully[0m
[2026-07-01T03:10:51.069+0000] {subprocess.py:93} INFO - [0m03:10:51
[2026-07-01T03:10:51.069+0000] {subprocess.py:93} INFO - [0m03:10:51  Done. PASS=5 WARN=0 ERROR=0 SKIP=0 NO-OP=0 TOTAL=5
[2026-07-01T03:10:52.894+0000] {subprocess.py:97} INFO - Command exited with return code 0
[2026-07-01T03:10:52.895+0000] {taskinstance.py:441} INFO - ::group::Post task execution logs
[2026-07-01T03:10:52.925+0000] {taskinstance.py:1206} INFO - Marking task as SUCCESS. dag_id=dbt_gold_transformation, task_id=trigger_dbt_build, run_id=scheduled__2026-06-30T00:00:00+00:00, execution_date=20260630T000000, start_date=20260701T031037, end_date=20260701T031052
[2026-07-01T03:10:52.948+0000] {local_task_job_runner.py:240} INFO - Task exited with return code 0
[2026-07-01T03:10:52.960+0000] {taskinstance.py:3498} INFO - 0 downstream tasks scheduled from follow-on schedule check
[2026-07-01T03:10:52.960+0000] {local_task_job_runner.py:222} INFO - ::endgroup::
