[2026-07-02T03:00:15.114+0000] {local_task_job_runner.py:120} INFO - ::group::Pre task execution logs
[2026-07-02T03:00:15.133+0000] {taskinstance.py:2076} INFO - Dependencies all met for dep_context=non-requeueable deps ti=<TaskInstance: gold_dbt_dag.trigger_dbt_build dataset_triggered__2026-07-02T03:00:13.874669+00:00 [queued]>
[2026-07-02T03:00:15.137+0000] {taskinstance.py:2076} INFO - Dependencies all met for dep_context=requeueable deps ti=<TaskInstance: gold_dbt_dag.trigger_dbt_build dataset_triggered__2026-07-02T03:00:13.874669+00:00 [queued]>
[2026-07-02T03:00:15.137+0000] {taskinstance.py:2306} INFO - Starting attempt 1 of 2
[2026-07-02T03:00:15.144+0000] {taskinstance.py:2330} INFO - Executing <Task(BashOperator): trigger_dbt_build> on 2026-07-02 03:00:13.874669+00:00
[2026-07-02T03:00:15.152+0000] {logging_mixin.py:188} WARNING - /home/***/.local/lib/python3.12/site-packages/***/task/task_runner/standard_task_runner.py:61 DeprecationWarning: This process (pid=43944) is multi-threaded, use of fork() may lead to deadlocks in the child.
[2026-07-02T03:00:15.153+0000] {standard_task_runner.py:63} INFO - Started process 43945 to run task
[2026-07-02T03:00:15.151+0000] {standard_task_runner.py:90} INFO - Running: ['***', 'tasks', 'run', 'gold_dbt_dag', 'trigger_dbt_build', 'dataset_triggered__2026-07-02T03:00:13.874669+00:00', '--job-id', '156', '--raw', '--subdir', 'DAGS_FOLDER/dag_gold_dbt.py', '--cfg-path', '/tmp/tmpm5ajo_2g']
[2026-07-02T03:00:15.153+0000] {standard_task_runner.py:91} INFO - Job 156: Subtask trigger_dbt_build
[2026-07-02T03:00:15.175+0000] {task_command.py:426} INFO - Running <TaskInstance: gold_dbt_dag.trigger_dbt_build dataset_triggered__2026-07-02T03:00:13.874669+00:00 [running]> on host bd23e89d97be
[2026-07-02T03:00:15.213+0000] {taskinstance.py:2648} INFO - Exporting env vars: AIRFLOW_CTX_DAG_OWNER='data_engineer' AIRFLOW_CTX_DAG_ID='gold_dbt_dag' AIRFLOW_CTX_TASK_ID='trigger_dbt_build' AIRFLOW_CTX_EXECUTION_DATE='2026-07-02T03:00:13.874669+00:00' AIRFLOW_CTX_TRY_NUMBER='1' AIRFLOW_CTX_DAG_RUN_ID='dataset_triggered__2026-07-02T03:00:13.874669+00:00'
[2026-07-02T03:00:15.214+0000] {taskinstance.py:430} INFO - ::endgroup::
[2026-07-02T03:00:15.221+0000] {subprocess.py:63} INFO - Tmp dir root location: /tmp
[2026-07-02T03:00:15.222+0000] {subprocess.py:75} INFO - Running command: ['/usr/bin/bash', '-c', 'cd /opt/***/dbt && dbt build --profiles-dir . --target dev']
[2026-07-02T03:00:15.226+0000] {subprocess.py:86} INFO - Output:
[2026-07-02T03:00:16.702+0000] {subprocess.py:93} INFO - [0m03:00:16  Running with dbt=1.11.11
[2026-07-02T03:00:17.252+0000] {subprocess.py:93} INFO - [0m03:00:17  Registered adapter: bigquery=1.11.3
[2026-07-02T03:00:17.494+0000] {subprocess.py:93} INFO - [0m03:00:17  Found 5 models, 4 sources, 553 macros
[2026-07-02T03:00:17.495+0000] {subprocess.py:93} INFO - [0m03:00:17
[2026-07-02T03:00:17.495+0000] {subprocess.py:93} INFO - [0m03:00:17  Concurrency: 4 threads (target='dev')
[2026-07-02T03:00:17.495+0000] {subprocess.py:93} INFO - [0m03:00:17
[2026-07-02T03:00:19.694+0000] {subprocess.py:93} INFO - [0m03:00:19  1 of 5 START sql table model logistics_mart.dim_drivers ........................ [RUN]
[2026-07-02T03:00:19.694+0000] {subprocess.py:93} INFO - [0m03:00:19  2 of 5 START sql table model logistics_mart.dim_hubs ........................... [RUN]
[2026-07-02T03:00:19.695+0000] {subprocess.py:93} INFO - [0m03:00:19  3 of 5 START sql view model logistics_mart.stg_shipments ....................... [RUN]
[2026-07-02T03:00:19.695+0000] {subprocess.py:93} INFO - [0m03:00:19  4 of 5 START sql view model logistics_mart.stg_weather ......................... [RUN]
[2026-07-02T03:00:21.924+0000] {subprocess.py:93} INFO - [0m03:00:21  3 of 5 OK created sql view model logistics_mart.stg_shipments .................. [[32mCREATE VIEW (0 processed)[0m in 2.22s]
[2026-07-02T03:00:21.974+0000] {subprocess.py:93} INFO - [0m03:00:21  4 of 5 OK created sql view model logistics_mart.stg_weather .................... [[32mCREATE VIEW (0 processed)[0m in 2.28s]
[2026-07-02T03:00:23.758+0000] {subprocess.py:93} INFO - [0m03:00:23  1 of 5 OK created sql table model logistics_mart.dim_drivers ................... [[32mCREATE TABLE (3.0 rows, 108.0 Bytes processed)[0m in 4.06s]
[2026-07-02T03:00:24.028+0000] {subprocess.py:93} INFO - [0m03:00:24  2 of 5 OK created sql table model logistics_mart.dim_hubs ...................... [[32mCREATE TABLE (3.0 rows, 149.0 Bytes processed)[0m in 4.33s]
[2026-07-02T03:00:24.031+0000] {subprocess.py:93} INFO - [0m03:00:24  5 of 5 START sql table model logistics_mart.fact_shipment_weather .............. [RUN]
[2026-07-02T03:00:28.673+0000] {subprocess.py:93} INFO - [0m03:00:28  5 of 5 OK created sql table model logistics_mart.fact_shipment_weather ......... [[32mCREATE TABLE (175.0 rows, 11.4 KiB processed)[0m in 4.64s]
[2026-07-02T03:00:28.722+0000] {subprocess.py:93} INFO - [0m03:00:28
[2026-07-02T03:00:28.723+0000] {subprocess.py:93} INFO - [0m03:00:28  Finished running 3 table models, 2 view models in 0 hours 0 minutes and 11.23 seconds (11.23s).
[2026-07-02T03:00:28.778+0000] {subprocess.py:93} INFO - [0m03:00:28
[2026-07-02T03:00:28.779+0000] {subprocess.py:93} INFO - [0m03:00:28  [32mCompleted successfully[0m
[2026-07-02T03:00:28.779+0000] {subprocess.py:93} INFO - [0m03:00:28
[2026-07-02T03:00:28.780+0000] {subprocess.py:93} INFO - [0m03:00:28  Done. PASS=5 WARN=0 ERROR=0 SKIP=0 NO-OP=0 TOTAL=5
[2026-07-02T03:00:30.576+0000] {subprocess.py:97} INFO - Command exited with return code 0
[2026-07-02T03:00:30.578+0000] {taskinstance.py:441} INFO - ::group::Post task execution logs
[2026-07-02T03:00:30.602+0000] {taskinstance.py:1206} INFO - Marking task as SUCCESS. dag_id=gold_dbt_dag, task_id=trigger_dbt_build, run_id=dataset_triggered__2026-07-02T03:00:13.874669+00:00, execution_date=20260702T030013, start_date=20260702T030015, end_date=20260702T030030
[2026-07-02T03:00:30.636+0000] {local_task_job_runner.py:240} INFO - Task exited with return code 0
[2026-07-02T03:00:30.646+0000] {taskinstance.py:3498} INFO - 0 downstream tasks scheduled from follow-on schedule check
[2026-07-02T03:00:30.646+0000] {local_task_job_runner.py:222} INFO - ::endgroup::
