[2026-07-09T04:04:25.380+0000] {local_task_job_runner.py:120} INFO - ::group::Pre task execution logs
[2026-07-09T04:04:25.428+0000] {taskinstance.py:2076} INFO - Dependencies all met for dep_context=non-requeueable deps ti=<TaskInstance: silver_weather_dag.spark_weather_to_iceberg dataset_triggered__2026-07-09T04:04:24.912967+00:00 [queued]>
[2026-07-09T04:04:25.437+0000] {taskinstance.py:2076} INFO - Dependencies all met for dep_context=requeueable deps ti=<TaskInstance: silver_weather_dag.spark_weather_to_iceberg dataset_triggered__2026-07-09T04:04:24.912967+00:00 [queued]>
[2026-07-09T04:04:25.440+0000] {taskinstance.py:2306} INFO - Starting attempt 1 of 1
[2026-07-09T04:04:25.466+0000] {taskinstance.py:2330} INFO - Executing <Task(BashOperator): spark_weather_to_iceberg> on 2026-07-09 04:04:24.912967+00:00
[2026-07-09T04:04:25.472+0000] {logging_mixin.py:188} WARNING - /home/***/.local/lib/python3.12/site-packages/***/task/task_runner/standard_task_runner.py:61 DeprecationWarning: This process (pid=43933) is multi-threaded, use of fork() may lead to deadlocks in the child.
[2026-07-09T04:04:25.473+0000] {standard_task_runner.py:63} INFO - Started process 43946 to run task
[2026-07-09T04:04:25.472+0000] {standard_task_runner.py:90} INFO - Running: ['***', 'tasks', 'run', 'silver_weather_dag', 'spark_weather_to_iceberg', 'dataset_triggered__2026-07-09T04:04:24.912967+00:00', '--job-id', '1240', '--raw', '--subdir', 'DAGS_FOLDER/dag_silver_weather.py', '--cfg-path', '/tmp/tmp4fyh1egu']
[2026-07-09T04:04:25.473+0000] {standard_task_runner.py:91} INFO - Job 1240: Subtask spark_weather_to_iceberg
[2026-07-09T04:04:25.552+0000] {task_command.py:426} INFO - Running <TaskInstance: silver_weather_dag.spark_weather_to_iceberg dataset_triggered__2026-07-09T04:04:24.912967+00:00 [running]> on host bd23e89d97be
[2026-07-09T04:04:25.658+0000] {taskinstance.py:2648} INFO - Exporting env vars: AIRFLOW_CTX_DAG_OWNER='data_engineer' AIRFLOW_CTX_DAG_ID='silver_weather_dag' AIRFLOW_CTX_TASK_ID='spark_weather_to_iceberg' AIRFLOW_CTX_EXECUTION_DATE='2026-07-09T04:04:24.912967+00:00' AIRFLOW_CTX_TRY_NUMBER='1' AIRFLOW_CTX_DAG_RUN_ID='dataset_triggered__2026-07-09T04:04:24.912967+00:00'
[2026-07-09T04:04:25.659+0000] {taskinstance.py:430} INFO - ::endgroup::
[2026-07-09T04:04:25.667+0000] {subprocess.py:63} INFO - Tmp dir root location: /tmp
[2026-07-09T04:04:25.669+0000] {subprocess.py:75} INFO - Running command: ['/usr/bin/bash', '-c', 'export JAVA_HOME=/usr/lib/jvm/default-java && python /opt/***/dags/spark/silver_weather.py "gs://your-lakehouse-bucket/bronze/weather/weather_forecast_latest.parquet" "weather_iceberg"']
[2026-07-09T04:04:25.675+0000] {subprocess.py:86} INFO - Output:
[2026-07-09T04:04:26.433+0000] {subprocess.py:93} INFO - WARNING: Using incubator modules: jdk.incubator.vector
[2026-07-09T04:04:27.349+0000] {subprocess.py:93} INFO - Using Spark's default log4j profile: org/apache/spark/log4j2-defaults.properties
[2026-07-09T04:04:27.350+0000] {subprocess.py:93} INFO - Setting default log level to "WARN".
[2026-07-09T04:04:27.350+0000] {subprocess.py:93} INFO - To adjust logging level use sc.setLogLevel(newLevel). For SparkR, use setLogLevel(newLevel).
[2026-07-09T04:04:27.987+0000] {subprocess.py:93} INFO - 26/07/09 04:04:27 WARN NativeCodeLoader: Unable to load native-hadoop library for your platform... using builtin-java classes where applicable
[2026-07-09T04:04:35.346+0000] {subprocess.py:93} INFO - [Stage 0:>                                                        (0 + 12) / 12][Stage 0:===================>                                      (4 + 8) / 12][Stage 0:=============================>                            (6 + 6) / 12][Stage 0:===============================================>         (10 + 2) / 12]                                                                                SUCCESS: Data written to /opt/***/lakehouse/silver/weather_iceberg
[2026-07-09T04:04:35.940+0000] {subprocess.py:97} INFO - Command exited with return code 0
[2026-07-09T04:04:35.946+0000] {taskinstance.py:441} INFO - ::group::Post task execution logs
[2026-07-09T04:04:35.987+0000] {logging_mixin.py:188} WARNING - /home/***/.local/lib/python3.12/site-packages/***/models/baseoperator.py:1564 RemovedInAirflow3Warning: Passing 'execution_date' to 'TaskInstance.xcom_push()' is deprecated.
[2026-07-09T04:04:35.998+0000] {taskinstance.py:1206} INFO - Marking task as SUCCESS. dag_id=silver_weather_dag, task_id=spark_weather_to_iceberg, run_id=dataset_triggered__2026-07-09T04:04:24.912967+00:00, execution_date=20260709T040424, start_date=20260709T040425, end_date=20260709T040435
[2026-07-09T04:04:36.026+0000] {local_task_job_runner.py:240} INFO - Task exited with return code 0
[2026-07-09T04:04:36.046+0000] {taskinstance.py:3498} INFO - 0 downstream tasks scheduled from follow-on schedule check
[2026-07-09T04:04:36.047+0000] {local_task_job_runner.py:222} INFO - ::endgroup::
