[2026-07-02T02:32:23.777+0000] {local_task_job_runner.py:120} INFO - ::group::Pre task execution logs
[2026-07-02T02:32:23.799+0000] {taskinstance.py:2076} INFO - Dependencies all met for dep_context=non-requeueable deps ti=<TaskInstance: gold_dbt_dag.trigger_dbt_build dataset_triggered__2026-07-02T02:32:22.659126+00:00 [queued]>
[2026-07-02T02:32:23.803+0000] {taskinstance.py:2076} INFO - Dependencies all met for dep_context=requeueable deps ti=<TaskInstance: gold_dbt_dag.trigger_dbt_build dataset_triggered__2026-07-02T02:32:22.659126+00:00 [queued]>
[2026-07-02T02:32:23.803+0000] {taskinstance.py:2306} INFO - Starting attempt 1 of 2
[2026-07-02T02:32:23.809+0000] {taskinstance.py:2330} INFO - Executing <Task(BashOperator): trigger_dbt_build> on 2026-07-02 02:32:22.659126+00:00
[2026-07-02T02:32:23.813+0000] {standard_task_runner.py:90} INFO - Running: ['***', 'tasks', 'run', 'gold_dbt_dag', 'trigger_dbt_build', 'dataset_triggered__2026-07-02T02:32:22.659126+00:00', '--job-id', '148', '--raw', '--subdir', 'DAGS_FOLDER/dag_gold_dbt.py', '--cfg-path', '/tmp/tmp5zvzxqr0']
[2026-07-02T02:32:23.814+0000] {logging_mixin.py:188} WARNING - /home/***/.local/lib/python3.12/site-packages/***/task/task_runner/standard_task_runner.py:61 DeprecationWarning: This process (pid=43196) is multi-threaded, use of fork() may lead to deadlocks in the child.
[2026-07-02T02:32:23.815+0000] {standard_task_runner.py:91} INFO - Job 148: Subtask trigger_dbt_build
[2026-07-02T02:32:23.815+0000] {standard_task_runner.py:63} INFO - Started process 43197 to run task
[2026-07-02T02:32:23.835+0000] {task_command.py:426} INFO - Running <TaskInstance: gold_dbt_dag.trigger_dbt_build dataset_triggered__2026-07-02T02:32:22.659126+00:00 [running]> on host bd23e89d97be
[2026-07-02T02:32:23.876+0000] {taskinstance.py:2648} INFO - Exporting env vars: AIRFLOW_CTX_DAG_OWNER='data_engineer' AIRFLOW_CTX_DAG_ID='gold_dbt_dag' AIRFLOW_CTX_TASK_ID='trigger_dbt_build' AIRFLOW_CTX_EXECUTION_DATE='2026-07-02T02:32:22.659126+00:00' AIRFLOW_CTX_TRY_NUMBER='1' AIRFLOW_CTX_DAG_RUN_ID='dataset_triggered__2026-07-02T02:32:22.659126+00:00'
[2026-07-02T02:32:23.877+0000] {taskinstance.py:430} INFO - ::endgroup::
[2026-07-02T02:32:23.886+0000] {subprocess.py:63} INFO - Tmp dir root location: /tmp
[2026-07-02T02:32:23.886+0000] {subprocess.py:75} INFO - Running command: ['/usr/bin/bash', '-c', 'cd /opt/***/dbt && dbt build --profiles-dir . --target dev']
[2026-07-02T02:32:23.891+0000] {subprocess.py:86} INFO - Output:
[2026-07-02T02:32:25.039+0000] {subprocess.py:93} INFO - [0m02:32:25  Running with dbt=1.11.11
[2026-07-02T02:32:25.500+0000] {subprocess.py:93} INFO - [0m02:32:25  Registered adapter: bigquery=1.11.3
[2026-07-02T02:32:25.700+0000] {subprocess.py:93} INFO - [0m02:32:25  Found 5 models, 4 sources, 553 macros
[2026-07-02T02:32:25.701+0000] {subprocess.py:93} INFO - [0m02:32:25
[2026-07-02T02:32:25.701+0000] {subprocess.py:93} INFO - [0m02:32:25  Concurrency: 4 threads (target='dev')
[2026-07-02T02:32:25.701+0000] {subprocess.py:93} INFO - [0m02:32:25
[2026-07-02T02:32:26.959+0000] {subprocess.py:93} INFO - WARNING:urllib3.connectionpool:Retrying (Retry(total=2, connect=None, read=None, redirect=None, status=None)) after connection broken by 'SSLError(SSLEOFError(8, '[SSL: UNEXPECTED_EOF_WHILE_READING] EOF occurred in violation of protocol (_ssl.c:1000)'))': /v1/projects/-/serviceAccounts/dbt-logistics-runner@project-592ab4fe-f210-4e44-9b9.iam.gserviceaccount.com/allowedLocations
[2026-07-02T02:32:26.998+0000] {subprocess.py:93} INFO - [0m02:32:26
[2026-07-02T02:32:26.998+0000] {subprocess.py:93} INFO - [0m02:32:26  Finished running  in 0 hours 0 minutes and 1.30 seconds (1.30s).
[2026-07-02T02:32:27.001+0000] {subprocess.py:93} INFO - [0m02:32:27  Encountered an error:
[2026-07-02T02:32:27.002+0000] {subprocess.py:93} INFO - Database Error
[2026-07-02T02:32:27.002+0000] {subprocess.py:93} INFO -   HTTPSConnectionPool(host='bigquery.googleapis.com', port=443): Max retries exceeded with url: /bigquery/v2/projects/logistics-500519/datasets?maxResults=10000&prettyPrint=false (Caused by SSLError(SSLEOFError(8, '[SSL: UNEXPECTED_EOF_WHILE_READING] EOF occurred in violation of protocol (_ssl.c:1000)')))
[2026-07-02T02:32:31.675+0000] {subprocess.py:97} INFO - Command exited with return code 2
[2026-07-02T02:32:31.677+0000] {taskinstance.py:441} INFO - ::group::Post task execution logs
[2026-07-02T02:32:31.692+0000] {taskinstance.py:2905} ERROR - Task failed with exception
Traceback (most recent call last):
  File "/home/airflow/.local/lib/python3.12/site-packages/airflow/models/taskinstance.py", line 465, in _execute_task
    result = _execute_callable(context=context, **execute_callable_kwargs)
             ^^^^^^^^^^^^^^^^^^^^^^^^^^^^^^^^^^^^^^^^^^^^^^^^^^^^^^^^^^^^^
  File "/home/airflow/.local/lib/python3.12/site-packages/airflow/models/taskinstance.py", line 432, in _execute_callable
    return execute_callable(context=context, **execute_callable_kwargs)
           ^^^^^^^^^^^^^^^^^^^^^^^^^^^^^^^^^^^^^^^^^^^^^^^^^^^^^^^^^^^^
  File "/home/airflow/.local/lib/python3.12/site-packages/airflow/models/baseoperator.py", line 400, in wrapper
    return func(self, *args, **kwargs)
           ^^^^^^^^^^^^^^^^^^^^^^^^^^^
  File "/home/airflow/.local/lib/python3.12/site-packages/airflow/operators/bash.py", line 243, in execute
    raise AirflowException(
airflow.exceptions.AirflowException: Bash command failed. The command returned a non-zero exit code 2.
[2026-07-02T02:32:31.696+0000] {taskinstance.py:1206} INFO - Marking task as UP_FOR_RETRY. dag_id=gold_dbt_dag, task_id=trigger_dbt_build, run_id=dataset_triggered__2026-07-02T02:32:22.659126+00:00, execution_date=20260702T023222, start_date=20260702T023223, end_date=20260702T023231
[2026-07-02T02:32:31.710+0000] {standard_task_runner.py:110} ERROR - Failed to execute job 148 for task trigger_dbt_build (Bash command failed. The command returned a non-zero exit code 2.; 43197)
[2026-07-02T02:32:31.727+0000] {local_task_job_runner.py:240} INFO - Task exited with return code 1
[2026-07-02T02:32:31.746+0000] {taskinstance.py:3498} INFO - 0 downstream tasks scheduled from follow-on schedule check
[2026-07-02T02:32:31.747+0000] {local_task_job_runner.py:222} INFO - ::endgroup::
