[2026-07-02T16:00:11.565+0000] {local_task_job_runner.py:120} INFO - ::group::Pre task execution logs
[2026-07-02T16:00:11.588+0000] {taskinstance.py:2076} INFO - Dependencies all met for dep_context=non-requeueable deps ti=<TaskInstance: gold_dbt_dag.trigger_dbt_build dataset_triggered__2026-07-02T16:00:10.846868+00:00 [queued]>
[2026-07-02T16:00:11.592+0000] {taskinstance.py:2076} INFO - Dependencies all met for dep_context=requeueable deps ti=<TaskInstance: gold_dbt_dag.trigger_dbt_build dataset_triggered__2026-07-02T16:00:10.846868+00:00 [queued]>
[2026-07-02T16:00:11.593+0000] {taskinstance.py:2306} INFO - Starting attempt 1 of 2
[2026-07-02T16:00:11.599+0000] {taskinstance.py:2330} INFO - Executing <Task(BashOperator): trigger_dbt_build> on 2026-07-02 16:00:10.846868+00:00
[2026-07-02T16:00:11.604+0000] {standard_task_runner.py:90} INFO - Running: ['***', 'tasks', 'run', 'gold_dbt_dag', 'trigger_dbt_build', 'dataset_triggered__2026-07-02T16:00:10.846868+00:00', '--job-id', '264', '--raw', '--subdir', 'DAGS_FOLDER/dag_gold_dbt.py', '--cfg-path', '/tmp/tmp_z872znc']
[2026-07-02T16:00:11.607+0000] {standard_task_runner.py:91} INFO - Job 264: Subtask trigger_dbt_build
[2026-07-02T16:00:11.614+0000] {logging_mixin.py:188} WARNING - /home/***/.local/lib/python3.12/site-packages/***/task/task_runner/standard_task_runner.py:61 DeprecationWarning: This process (pid=79892) is multi-threaded, use of fork() may lead to deadlocks in the child.
[2026-07-02T16:00:11.615+0000] {standard_task_runner.py:63} INFO - Started process 79893 to run task
[2026-07-02T16:00:11.640+0000] {task_command.py:426} INFO - Running <TaskInstance: gold_dbt_dag.trigger_dbt_build dataset_triggered__2026-07-02T16:00:10.846868+00:00 [running]> on host bd23e89d97be
[2026-07-02T16:00:11.676+0000] {taskinstance.py:2648} INFO - Exporting env vars: AIRFLOW_CTX_DAG_OWNER='data_engineer' AIRFLOW_CTX_DAG_ID='gold_dbt_dag' AIRFLOW_CTX_TASK_ID='trigger_dbt_build' AIRFLOW_CTX_EXECUTION_DATE='2026-07-02T16:00:10.846868+00:00' AIRFLOW_CTX_TRY_NUMBER='1' AIRFLOW_CTX_DAG_RUN_ID='dataset_triggered__2026-07-02T16:00:10.846868+00:00'
[2026-07-02T16:00:11.676+0000] {taskinstance.py:430} INFO - ::endgroup::
[2026-07-02T16:00:11.690+0000] {subprocess.py:63} INFO - Tmp dir root location: /tmp
[2026-07-02T16:00:11.691+0000] {subprocess.py:75} INFO - Running command: ['/usr/bin/bash', '-c', 'cd /opt/***/dbt && dbt build --profiles-dir . --target dev']
[2026-07-02T16:00:11.695+0000] {subprocess.py:86} INFO - Output:
[2026-07-02T16:00:12.820+0000] {subprocess.py:93} INFO - [0m16:00:12  Running with dbt=1.11.11
[2026-07-02T16:00:13.308+0000] {subprocess.py:93} INFO - [0m16:00:13  Registered adapter: bigquery=1.11.3
[2026-07-02T16:00:13.523+0000] {subprocess.py:93} INFO - [0m16:00:13  Found 5 models, 4 sources, 553 macros
[2026-07-02T16:00:13.524+0000] {subprocess.py:93} INFO - [0m16:00:13
[2026-07-02T16:00:13.524+0000] {subprocess.py:93} INFO - [0m16:00:13  Concurrency: 4 threads (target='dev')
[2026-07-02T16:00:13.525+0000] {subprocess.py:93} INFO - [0m16:00:13
[2026-07-02T16:00:15.311+0000] {subprocess.py:93} INFO - [0m16:00:15  1 of 5 START sql table model logistics_mart.dim_drivers ........................ [RUN]
[2026-07-02T16:00:15.312+0000] {subprocess.py:93} INFO - [0m16:00:15  2 of 5 START sql table model logistics_mart.dim_hubs ........................... [RUN]
[2026-07-02T16:00:15.312+0000] {subprocess.py:93} INFO - [0m16:00:15  3 of 5 START sql view model logistics_mart.stg_shipments ....................... [RUN]
[2026-07-02T16:00:15.313+0000] {subprocess.py:93} INFO - [0m16:00:15  4 of 5 START sql view model logistics_mart.stg_weather ......................... [RUN]
[2026-07-02T16:00:17.665+0000] {subprocess.py:93} INFO - [0m16:00:17  3 of 5 OK created sql view model logistics_mart.stg_shipments .................. [[32mCREATE VIEW (0 processed)[0m in 2.35s]
[2026-07-02T16:00:17.807+0000] {subprocess.py:93} INFO - [0m16:00:17  4 of 5 OK created sql view model logistics_mart.stg_weather .................... [[32mCREATE VIEW (0 processed)[0m in 2.49s]
[2026-07-02T16:00:19.635+0000] {subprocess.py:93} INFO - [0m16:00:19  2 of 5 OK created sql table model logistics_mart.dim_hubs ...................... [[32mCREATE TABLE (3.0 rows, 149.0 Bytes processed)[0m in 4.32s]
[2026-07-02T16:00:19.639+0000] {subprocess.py:93} INFO - [0m16:00:19  1 of 5 OK created sql table model logistics_mart.dim_drivers ................... [[32mCREATE TABLE (3.0 rows, 108.0 Bytes processed)[0m in 4.32s]
[2026-07-02T16:00:19.642+0000] {subprocess.py:93} INFO - [0m16:00:19  5 of 5 START sql table model logistics_mart.fact_shipment_weather .............. [RUN]
[2026-07-02T16:00:24.237+0000] {subprocess.py:93} INFO - [0m16:00:24  5 of 5 OK created sql table model logistics_mart.fact_shipment_weather ......... [[32mCREATE TABLE (273.0 rows, 17.6 KiB processed)[0m in 4.59s]
[2026-07-02T16:00:24.292+0000] {subprocess.py:93} INFO - [0m16:00:24
[2026-07-02T16:00:24.292+0000] {subprocess.py:93} INFO - [0m16:00:24  Finished running 3 table models, 2 view models in 0 hours 0 minutes and 10.77 seconds (10.77s).
[2026-07-02T16:00:24.333+0000] {subprocess.py:93} INFO - [0m16:00:24
[2026-07-02T16:00:24.334+0000] {subprocess.py:93} INFO - [0m16:00:24  [32mCompleted successfully[0m
[2026-07-02T16:00:24.334+0000] {subprocess.py:93} INFO - [0m16:00:24
[2026-07-02T16:00:24.334+0000] {subprocess.py:93} INFO - [0m16:00:24  Done. PASS=5 WARN=0 ERROR=0 SKIP=0 NO-OP=0 TOTAL=5
[2026-07-02T16:00:26.342+0000] {subprocess.py:97} INFO - Command exited with return code 0
[2026-07-02T16:00:26.343+0000] {taskinstance.py:441} INFO - ::group::Post task execution logs
[2026-07-02T16:00:26.372+0000] {taskinstance.py:1206} INFO - Marking task as SUCCESS. dag_id=gold_dbt_dag, task_id=trigger_dbt_build, run_id=dataset_triggered__2026-07-02T16:00:10.846868+00:00, execution_date=20260702T160010, start_date=20260702T160011, end_date=20260702T160026
[2026-07-02T16:00:26.423+0000] {local_task_job_runner.py:240} INFO - Task exited with return code 0
[2026-07-02T16:00:26.439+0000] {local_task_job_runner.py:222} INFO - ::endgroup::
