[2026-07-10T00:02:26.821+0000] {local_task_job_runner.py:120} INFO - ::group::Pre task execution logs
[2026-07-10T00:02:26.836+0000] {taskinstance.py:2076} INFO - Dependencies all met for dep_context=non-requeueable deps ti=<TaskInstance: gold_dbt_dag.trigger_dbt_build dataset_triggered__2026-07-10T00:00:10.899486+00:00 [queued]>
[2026-07-10T00:02:26.842+0000] {taskinstance.py:2076} INFO - Dependencies all met for dep_context=requeueable deps ti=<TaskInstance: gold_dbt_dag.trigger_dbt_build dataset_triggered__2026-07-10T00:00:10.899486+00:00 [queued]>
[2026-07-10T00:02:26.843+0000] {taskinstance.py:2306} INFO - Starting attempt 2 of 2
[2026-07-10T00:02:26.847+0000] {taskinstance.py:2330} INFO - Executing <Task(BashOperator): trigger_dbt_build> on 2026-07-10 00:00:10.899486+00:00
[2026-07-10T00:02:26.851+0000] {standard_task_runner.py:90} INFO - Running: ['***', 'tasks', 'run', 'gold_dbt_dag', 'trigger_dbt_build', 'dataset_triggered__2026-07-10T00:00:10.899486+00:00', '--job-id', '1380', '--raw', '--subdir', 'DAGS_FOLDER/dag_gold_dbt.py', '--cfg-path', '/tmp/tmpkf_uhvhf']
[2026-07-10T00:02:26.854+0000] {standard_task_runner.py:91} INFO - Job 1380: Subtask trigger_dbt_build
[2026-07-10T00:02:26.854+0000] {logging_mixin.py:188} WARNING - /home/***/.local/lib/python3.12/site-packages/***/task/task_runner/standard_task_runner.py:61 DeprecationWarning: This process (pid=91679) is multi-threaded, use of fork() may lead to deadlocks in the child.
[2026-07-10T00:02:26.855+0000] {standard_task_runner.py:63} INFO - Started process 91680 to run task
[2026-07-10T00:02:26.870+0000] {task_command.py:426} INFO - Running <TaskInstance: gold_dbt_dag.trigger_dbt_build dataset_triggered__2026-07-10T00:00:10.899486+00:00 [running]> on host bd23e89d97be
[2026-07-10T00:02:26.898+0000] {taskinstance.py:2648} INFO - Exporting env vars: AIRFLOW_CTX_DAG_OWNER='data_engineer' AIRFLOW_CTX_DAG_ID='gold_dbt_dag' AIRFLOW_CTX_TASK_ID='trigger_dbt_build' AIRFLOW_CTX_EXECUTION_DATE='2026-07-10T00:00:10.899486+00:00' AIRFLOW_CTX_TRY_NUMBER='2' AIRFLOW_CTX_DAG_RUN_ID='dataset_triggered__2026-07-10T00:00:10.899486+00:00'
[2026-07-10T00:02:26.898+0000] {taskinstance.py:430} INFO - ::endgroup::
[2026-07-10T00:02:26.909+0000] {subprocess.py:63} INFO - Tmp dir root location: /tmp
[2026-07-10T00:02:26.910+0000] {subprocess.py:75} INFO - Running command: ['/usr/bin/bash', '-c', 'cd /opt/***/dbt && dbt build --profiles-dir . --target dev']
[2026-07-10T00:02:26.913+0000] {subprocess.py:86} INFO - Output:
[2026-07-10T00:02:27.887+0000] {subprocess.py:93} INFO - [0m00:02:27  Running with dbt=1.11.11
[2026-07-10T00:02:28.318+0000] {subprocess.py:93} INFO - [0m00:02:28  Registered adapter: bigquery=1.11.3
[2026-07-10T00:02:28.524+0000] {subprocess.py:93} INFO - [0m00:02:28  Found 6 models, 4 sources, 553 macros
[2026-07-10T00:02:28.525+0000] {subprocess.py:93} INFO - [0m00:02:28
[2026-07-10T00:02:28.525+0000] {subprocess.py:93} INFO - [0m00:02:28  Concurrency: 4 threads (target='dev')
[2026-07-10T00:02:28.526+0000] {subprocess.py:93} INFO - [0m00:02:28
[2026-07-10T00:02:30.418+0000] {subprocess.py:93} INFO - [0m00:02:30  1 of 6 START sql table model logistics_mart.dim_drivers ........................ [RUN]
[2026-07-10T00:02:30.419+0000] {subprocess.py:93} INFO - [0m00:02:30  2 of 6 START sql table model logistics_mart.dim_hubs ........................... [RUN]
[2026-07-10T00:02:30.419+0000] {subprocess.py:93} INFO - [0m00:02:30  3 of 6 START sql view model logistics_mart.stg_shipments ....................... [RUN]
[2026-07-10T00:02:30.420+0000] {subprocess.py:93} INFO - [0m00:02:30  4 of 6 START sql view model logistics_mart.stg_weather ......................... [RUN]
[2026-07-10T00:02:32.436+0000] {subprocess.py:93} INFO - [0m00:02:32  4 of 6 OK created sql view model logistics_mart.stg_weather .................... [[32mCREATE VIEW (0 processed)[0m in 2.01s]
[2026-07-10T00:02:32.437+0000] {subprocess.py:93} INFO - [0m00:02:32  5 of 6 START sql view model logistics_mart.stg_weather_consensus ............... [RUN]
[2026-07-10T00:02:32.463+0000] {subprocess.py:93} INFO - [0m00:02:32  3 of 6 OK created sql view model logistics_mart.stg_shipments .................. [[32mCREATE VIEW (0 processed)[0m in 2.04s]
[2026-07-10T00:02:33.764+0000] {subprocess.py:93} INFO - [0m00:02:33  BigQuery adapter: https://console.cloud.google.com/bigquery?project=logistics-500519&j=bq:US:bcf8dad9-e4db-471d-8a42-49084a790d74&page=queryresults
[2026-07-10T00:02:33.783+0000] {subprocess.py:93} INFO - [0m00:02:33  5 of 6 ERROR creating sql view model logistics_mart.stg_weather_consensus ...... [[31mERROR[0m in 1.34s]
[2026-07-10T00:02:34.375+0000] {subprocess.py:93} INFO - [0m00:02:34  2 of 6 OK created sql table model logistics_mart.dim_hubs ...................... [[32mCREATE TABLE (3.0 rows, 149.0 Bytes processed)[0m in 3.95s]
[2026-07-10T00:02:34.380+0000] {subprocess.py:93} INFO - [0m00:02:34  6 of 6 START sql table model logistics_mart.fact_shipment_weather .............. [RUN]
[2026-07-10T00:02:39.186+0000] {subprocess.py:93} INFO - [0m00:02:39  6 of 6 OK created sql table model logistics_mart.fact_shipment_weather ......... [[32mCREATE TABLE (1.6k rows, 101.4 KiB processed)[0m in 4.80s]
[2026-07-10T00:02:39.767+0000] {subprocess.py:93} INFO - [0m00:02:39  1 of 6 OK created sql table model logistics_mart.dim_drivers ................... [[32mCREATE TABLE (3.0 rows, 108.0 Bytes processed)[0m in 9.34s]
[2026-07-10T00:02:39.817+0000] {subprocess.py:93} INFO - [0m00:02:39
[2026-07-10T00:02:39.818+0000] {subprocess.py:93} INFO - [0m00:02:39  Finished running 3 table models, 3 view models in 0 hours 0 minutes and 11.29 seconds (11.29s).
[2026-07-10T00:02:39.848+0000] {subprocess.py:93} INFO - [0m00:02:39
[2026-07-10T00:02:39.848+0000] {subprocess.py:93} INFO - [0m00:02:39  [31mCompleted with 1 error, 0 partial successes, and 0 warnings:[0m
[2026-07-10T00:02:39.849+0000] {subprocess.py:93} INFO - [0m00:02:39
[2026-07-10T00:02:39.849+0000] {subprocess.py:93} INFO - [0m00:02:39  [31mFailure in model stg_weather_consensus (models/staging/stg_weather_consensus.sql)[0m
[2026-07-10T00:02:39.849+0000] {subprocess.py:93} INFO - [0m00:02:39    Database Error in model stg_weather_consensus (models/staging/stg_weather_consensus.sql)
[2026-07-10T00:02:39.849+0000] {subprocess.py:93} INFO -   Unrecognized name: fetched_at at [11:11]
[2026-07-10T00:02:39.849+0000] {subprocess.py:93} INFO -   compiled code at target/run/logistics_lakehouse/models/staging/stg_weather_consensus.sql
[2026-07-10T00:02:39.849+0000] {subprocess.py:93} INFO - [0m00:02:39
[2026-07-10T00:02:39.849+0000] {subprocess.py:93} INFO - [0m00:02:39    compiled code at target/compiled/logistics_lakehouse/models/staging/stg_weather_consensus.sql
[2026-07-10T00:02:39.850+0000] {subprocess.py:93} INFO - [0m00:02:39
[2026-07-10T00:02:39.850+0000] {subprocess.py:93} INFO - [0m00:02:39  Done. PASS=5 WARN=0 ERROR=1 SKIP=0 NO-OP=0 TOTAL=6
[2026-07-10T00:02:41.881+0000] {subprocess.py:97} INFO - Command exited with return code 1
[2026-07-10T00:02:41.882+0000] {taskinstance.py:441} INFO - ::group::Post task execution logs
[2026-07-10T00:02:41.892+0000] {taskinstance.py:2905} ERROR - Task failed with exception
Traceback (most recent call last):
  File "/home/airflow/.local/lib/python3.12/site-packages/airflow/models/taskinstance.py", line 465, in _execute_task
    result = _execute_callable(context=context, **execute_callable_kwargs)
             ^^^^^^^^^^^^^^^^^^^^^^^^^^^^^^^^^^^^^^^^^^^^^^^^^^^^^^^^^^^^^
  File "/home/airflow/.local/lib/python3.12/site-packages/airflow/models/taskinstance.py", line 432, in _execute_callable
    return execute_callable(context=context, **execute_callable_kwargs)
           ^^^^^^^^^^^^^^^^^^^^^^^^^^^^^^^^^^^^^^^^^^^^^^^^^^^^^^^^^^^^
  File "/home/airflow/.local/lib/python3.12/site-packages/airflow/models/baseoperator.py", line 400, in wrapper
    return func(self, *args, **kwargs)
           ^^^^^^^^^^^^^^^^^^^^^^^^^^^
  File "/home/airflow/.local/lib/python3.12/site-packages/airflow/operators/bash.py", line 243, in execute
    raise AirflowException(
airflow.exceptions.AirflowException: Bash command failed. The command returned a non-zero exit code 1.
[2026-07-10T00:02:41.895+0000] {taskinstance.py:1206} INFO - Marking task as FAILED. dag_id=gold_dbt_dag, task_id=trigger_dbt_build, run_id=dataset_triggered__2026-07-10T00:00:10.899486+00:00, execution_date=20260710T000010, start_date=20260710T000226, end_date=20260710T000241
[2026-07-10T00:02:41.908+0000] {standard_task_runner.py:110} ERROR - Failed to execute job 1380 for task trigger_dbt_build (Bash command failed. The command returned a non-zero exit code 1.; 91680)
[2026-07-10T00:02:41.931+0000] {local_task_job_runner.py:240} INFO - Task exited with return code 1
[2026-07-10T00:02:41.942+0000] {taskinstance.py:3498} INFO - 0 downstream tasks scheduled from follow-on schedule check
[2026-07-10T00:02:41.943+0000] {local_task_job_runner.py:222} INFO - ::endgroup::
