[2026-07-08T13:00:16.079+0000] {local_task_job_runner.py:120} INFO - ::group::Pre task execution logs
[2026-07-08T13:00:16.096+0000] {taskinstance.py:2076} INFO - Dependencies all met for dep_context=non-requeueable deps ti=<TaskInstance: gold_dbt_dag.trigger_dbt_build dataset_triggered__2026-07-08T13:00:15.616710+00:00 [queued]>
[2026-07-08T13:00:16.100+0000] {taskinstance.py:2076} INFO - Dependencies all met for dep_context=requeueable deps ti=<TaskInstance: gold_dbt_dag.trigger_dbt_build dataset_triggered__2026-07-08T13:00:15.616710+00:00 [queued]>
[2026-07-08T13:00:16.100+0000] {taskinstance.py:2306} INFO - Starting attempt 1 of 2
[2026-07-08T13:00:16.109+0000] {taskinstance.py:2330} INFO - Executing <Task(BashOperator): trigger_dbt_build> on 2026-07-08 13:00:15.616710+00:00
[2026-07-08T13:00:16.112+0000] {standard_task_runner.py:90} INFO - Running: ['***', 'tasks', 'run', 'gold_dbt_dag', 'trigger_dbt_build', 'dataset_triggered__2026-07-08T13:00:15.616710+00:00', '--job-id', '1136', '--raw', '--subdir', 'DAGS_FOLDER/dag_gold_dbt.py', '--cfg-path', '/tmp/tmpdhqjpf2o']
[2026-07-08T13:00:16.116+0000] {standard_task_runner.py:91} INFO - Job 1136: Subtask trigger_dbt_build
[2026-07-08T13:00:16.120+0000] {logging_mixin.py:188} WARNING - /home/***/.local/lib/python3.12/site-packages/***/task/task_runner/standard_task_runner.py:61 DeprecationWarning: This process (pid=18240) is multi-threaded, use of fork() may lead to deadlocks in the child.
[2026-07-08T13:00:16.120+0000] {standard_task_runner.py:63} INFO - Started process 18241 to run task
[2026-07-08T13:00:16.145+0000] {task_command.py:426} INFO - Running <TaskInstance: gold_dbt_dag.trigger_dbt_build dataset_triggered__2026-07-08T13:00:15.616710+00:00 [running]> on host bd23e89d97be
[2026-07-08T13:00:16.186+0000] {taskinstance.py:2648} INFO - Exporting env vars: AIRFLOW_CTX_DAG_OWNER='data_engineer' AIRFLOW_CTX_DAG_ID='gold_dbt_dag' AIRFLOW_CTX_TASK_ID='trigger_dbt_build' AIRFLOW_CTX_EXECUTION_DATE='2026-07-08T13:00:15.616710+00:00' AIRFLOW_CTX_TRY_NUMBER='1' AIRFLOW_CTX_DAG_RUN_ID='dataset_triggered__2026-07-08T13:00:15.616710+00:00'
[2026-07-08T13:00:16.187+0000] {taskinstance.py:430} INFO - ::endgroup::
[2026-07-08T13:00:16.194+0000] {subprocess.py:63} INFO - Tmp dir root location: /tmp
[2026-07-08T13:00:16.198+0000] {subprocess.py:75} INFO - Running command: ['/usr/bin/bash', '-c', 'cd /opt/***/dbt && dbt build --profiles-dir . --target dev']
[2026-07-08T13:00:16.202+0000] {subprocess.py:86} INFO - Output:
[2026-07-08T13:00:17.615+0000] {subprocess.py:93} INFO - [0m13:00:17  Running with dbt=1.11.11
[2026-07-08T13:00:18.212+0000] {subprocess.py:93} INFO - [0m13:00:18  Registered adapter: bigquery=1.11.3
[2026-07-08T13:00:18.457+0000] {subprocess.py:93} INFO - [0m13:00:18  Found 6 models, 4 sources, 553 macros
[2026-07-08T13:00:18.458+0000] {subprocess.py:93} INFO - [0m13:00:18
[2026-07-08T13:00:18.458+0000] {subprocess.py:93} INFO - [0m13:00:18  Concurrency: 4 threads (target='dev')
[2026-07-08T13:00:18.458+0000] {subprocess.py:93} INFO - [0m13:00:18
[2026-07-08T13:00:20.221+0000] {subprocess.py:93} INFO - [0m13:00:20  1 of 6 START sql table model logistics_mart.dim_drivers ........................ [RUN]
[2026-07-08T13:00:20.222+0000] {subprocess.py:93} INFO - [0m13:00:20  2 of 6 START sql table model logistics_mart.dim_hubs ........................... [RUN]
[2026-07-08T13:00:20.223+0000] {subprocess.py:93} INFO - [0m13:00:20  3 of 6 START sql view model logistics_mart.stg_shipments ....................... [RUN]
[2026-07-08T13:00:20.223+0000] {subprocess.py:93} INFO - [0m13:00:20  4 of 6 START sql view model logistics_mart.stg_weather ......................... [RUN]
[2026-07-08T13:00:22.429+0000] {subprocess.py:93} INFO - [0m13:00:22  4 of 6 OK created sql view model logistics_mart.stg_weather .................... [[32mCREATE VIEW (0 processed)[0m in 2.20s]
[2026-07-08T13:00:22.432+0000] {subprocess.py:93} INFO - [0m13:00:22  5 of 6 START sql view model logistics_mart.stg_weather_consensus ............... [RUN]
[2026-07-08T13:00:22.476+0000] {subprocess.py:93} INFO - [0m13:00:22  3 of 6 OK created sql view model logistics_mart.stg_shipments .................. [[32mCREATE VIEW (0 processed)[0m in 2.25s]
[2026-07-08T13:00:23.789+0000] {subprocess.py:93} INFO - [0m13:00:23  BigQuery adapter: https://console.cloud.google.com/bigquery?project=logistics-500519&j=bq:US:d0eb4e9b-08e8-4ba1-8973-756a643b2325&page=queryresults
[2026-07-08T13:00:23.817+0000] {subprocess.py:93} INFO - [0m13:00:23  5 of 6 ERROR creating sql view model logistics_mart.stg_weather_consensus ...... [[31mERROR[0m in 1.38s]
[2026-07-08T13:00:24.090+0000] {subprocess.py:93} INFO - [0m13:00:24  1 of 6 OK created sql table model logistics_mart.dim_drivers ................... [[32mCREATE TABLE (3.0 rows, 108.0 Bytes processed)[0m in 3.86s]
[2026-07-08T13:00:24.947+0000] {subprocess.py:93} INFO - [0m13:00:24  2 of 6 OK created sql table model logistics_mart.dim_hubs ...................... [[32mCREATE TABLE (3.0 rows, 149.0 Bytes processed)[0m in 4.72s]
[2026-07-08T13:00:24.952+0000] {subprocess.py:93} INFO - [0m13:00:24  6 of 6 START sql table model logistics_mart.fact_shipment_weather .............. [RUN]
[2026-07-08T13:00:29.211+0000] {subprocess.py:93} INFO - [0m13:00:29  6 of 6 OK created sql table model logistics_mart.fact_shipment_weather ......... [[32mCREATE TABLE (1.3k rows, 85.5 KiB processed)[0m in 4.26s]
[2026-07-08T13:00:29.251+0000] {subprocess.py:93} INFO - [0m13:00:29
[2026-07-08T13:00:29.252+0000] {subprocess.py:93} INFO - [0m13:00:29  Finished running 3 table models, 3 view models in 0 hours 0 minutes and 10.79 seconds (10.79s).
[2026-07-08T13:00:29.299+0000] {subprocess.py:93} INFO - [0m13:00:29
[2026-07-08T13:00:29.300+0000] {subprocess.py:93} INFO - [0m13:00:29  [31mCompleted with 1 error, 0 partial successes, and 0 warnings:[0m
[2026-07-08T13:00:29.301+0000] {subprocess.py:93} INFO - [0m13:00:29
[2026-07-08T13:00:29.302+0000] {subprocess.py:93} INFO - [0m13:00:29  [31mFailure in model stg_weather_consensus (models/staging/stg_weather_consensus.sql)[0m
[2026-07-08T13:00:29.302+0000] {subprocess.py:93} INFO - [0m13:00:29    Database Error in model stg_weather_consensus (models/staging/stg_weather_consensus.sql)
[2026-07-08T13:00:29.302+0000] {subprocess.py:93} INFO -   Unrecognized name: fetched_at at [11:11]
[2026-07-08T13:00:29.303+0000] {subprocess.py:93} INFO -   compiled code at target/run/logistics_lakehouse/models/staging/stg_weather_consensus.sql
[2026-07-08T13:00:29.303+0000] {subprocess.py:93} INFO - [0m13:00:29
[2026-07-08T13:00:29.303+0000] {subprocess.py:93} INFO - [0m13:00:29    compiled code at target/compiled/logistics_lakehouse/models/staging/stg_weather_consensus.sql
[2026-07-08T13:00:29.303+0000] {subprocess.py:93} INFO - [0m13:00:29
[2026-07-08T13:00:29.304+0000] {subprocess.py:93} INFO - [0m13:00:29  Done. PASS=5 WARN=0 ERROR=1 SKIP=0 NO-OP=0 TOTAL=6
[2026-07-08T13:00:35.278+0000] {subprocess.py:97} INFO - Command exited with return code 1
[2026-07-08T13:00:35.279+0000] {taskinstance.py:441} INFO - ::group::Post task execution logs
[2026-07-08T13:00:35.294+0000] {taskinstance.py:2905} ERROR - Task failed with exception
Traceback (most recent call last):
  File "/home/airflow/.local/lib/python3.12/site-packages/airflow/models/taskinstance.py", line 465, in _execute_task
    result = _execute_callable(context=context, **execute_callable_kwargs)
             ^^^^^^^^^^^^^^^^^^^^^^^^^^^^^^^^^^^^^^^^^^^^^^^^^^^^^^^^^^^^^
  File "/home/airflow/.local/lib/python3.12/site-packages/airflow/models/taskinstance.py", line 432, in _execute_callable
    return execute_callable(context=context, **execute_callable_kwargs)
           ^^^^^^^^^^^^^^^^^^^^^^^^^^^^^^^^^^^^^^^^^^^^^^^^^^^^^^^^^^^^
  File "/home/airflow/.local/lib/python3.12/site-packages/airflow/models/baseoperator.py", line 400, in wrapper
    return func(self, *args, **kwargs)
           ^^^^^^^^^^^^^^^^^^^^^^^^^^^
  File "/home/airflow/.local/lib/python3.12/site-packages/airflow/operators/bash.py", line 243, in execute
    raise AirflowException(
airflow.exceptions.AirflowException: Bash command failed. The command returned a non-zero exit code 1.
[2026-07-08T13:00:35.304+0000] {taskinstance.py:1206} INFO - Marking task as UP_FOR_RETRY. dag_id=gold_dbt_dag, task_id=trigger_dbt_build, run_id=dataset_triggered__2026-07-08T13:00:15.616710+00:00, execution_date=20260708T130015, start_date=20260708T130016, end_date=20260708T130035
[2026-07-08T13:00:35.326+0000] {standard_task_runner.py:110} ERROR - Failed to execute job 1136 for task trigger_dbt_build (Bash command failed. The command returned a non-zero exit code 1.; 18241)
[2026-07-08T13:00:35.354+0000] {local_task_job_runner.py:240} INFO - Task exited with return code 1
[2026-07-08T13:00:35.367+0000] {taskinstance.py:3498} INFO - 0 downstream tasks scheduled from follow-on schedule check
[2026-07-08T13:00:35.368+0000] {local_task_job_runner.py:222} INFO - ::endgroup::
