[2026-07-08T13:02:35.830+0000] {local_task_job_runner.py:120} INFO - ::group::Pre task execution logs
[2026-07-08T13:02:35.855+0000] {taskinstance.py:2076} INFO - Dependencies all met for dep_context=non-requeueable deps ti=<TaskInstance: gold_dbt_dag.trigger_dbt_build dataset_triggered__2026-07-08T13:00:15.616710+00:00 [queued]>
[2026-07-08T13:02:35.858+0000] {taskinstance.py:2076} INFO - Dependencies all met for dep_context=requeueable deps ti=<TaskInstance: gold_dbt_dag.trigger_dbt_build dataset_triggered__2026-07-08T13:00:15.616710+00:00 [queued]>
[2026-07-08T13:02:35.858+0000] {taskinstance.py:2306} INFO - Starting attempt 2 of 2
[2026-07-08T13:02:35.863+0000] {taskinstance.py:2330} INFO - Executing <Task(BashOperator): trigger_dbt_build> on 2026-07-08 13:00:15.616710+00:00
[2026-07-08T13:02:35.869+0000] {standard_task_runner.py:90} INFO - Running: ['***', 'tasks', 'run', 'gold_dbt_dag', 'trigger_dbt_build', 'dataset_triggered__2026-07-08T13:00:15.616710+00:00', '--job-id', '1137', '--raw', '--subdir', 'DAGS_FOLDER/dag_gold_dbt.py', '--cfg-path', '/tmp/tmpygk4mfsi']
[2026-07-08T13:02:35.871+0000] {standard_task_runner.py:91} INFO - Job 1137: Subtask trigger_dbt_build
[2026-07-08T13:02:35.873+0000] {logging_mixin.py:188} WARNING - /home/***/.local/lib/python3.12/site-packages/***/task/task_runner/standard_task_runner.py:61 DeprecationWarning: This process (pid=18459) is multi-threaded, use of fork() may lead to deadlocks in the child.
[2026-07-08T13:02:35.874+0000] {standard_task_runner.py:63} INFO - Started process 18460 to run task
[2026-07-08T13:02:35.892+0000] {task_command.py:426} INFO - Running <TaskInstance: gold_dbt_dag.trigger_dbt_build dataset_triggered__2026-07-08T13:00:15.616710+00:00 [running]> on host bd23e89d97be
[2026-07-08T13:02:35.925+0000] {taskinstance.py:2648} INFO - Exporting env vars: AIRFLOW_CTX_DAG_OWNER='data_engineer' AIRFLOW_CTX_DAG_ID='gold_dbt_dag' AIRFLOW_CTX_TASK_ID='trigger_dbt_build' AIRFLOW_CTX_EXECUTION_DATE='2026-07-08T13:00:15.616710+00:00' AIRFLOW_CTX_TRY_NUMBER='2' AIRFLOW_CTX_DAG_RUN_ID='dataset_triggered__2026-07-08T13:00:15.616710+00:00'
[2026-07-08T13:02:35.926+0000] {taskinstance.py:430} INFO - ::endgroup::
[2026-07-08T13:02:35.935+0000] {subprocess.py:63} INFO - Tmp dir root location: /tmp
[2026-07-08T13:02:35.936+0000] {subprocess.py:75} INFO - Running command: ['/usr/bin/bash', '-c', 'cd /opt/***/dbt && dbt build --profiles-dir . --target dev']
[2026-07-08T13:02:35.942+0000] {subprocess.py:86} INFO - Output:
[2026-07-08T13:02:37.077+0000] {subprocess.py:93} INFO - [0m13:02:37  Running with dbt=1.11.11
[2026-07-08T13:02:37.545+0000] {subprocess.py:93} INFO - [0m13:02:37  Registered adapter: bigquery=1.11.3
[2026-07-08T13:02:37.775+0000] {subprocess.py:93} INFO - [0m13:02:37  Found 6 models, 4 sources, 553 macros
[2026-07-08T13:02:37.776+0000] {subprocess.py:93} INFO - [0m13:02:37
[2026-07-08T13:02:37.776+0000] {subprocess.py:93} INFO - [0m13:02:37  Concurrency: 4 threads (target='dev')
[2026-07-08T13:02:37.777+0000] {subprocess.py:93} INFO - [0m13:02:37
[2026-07-08T13:02:39.344+0000] {subprocess.py:93} INFO - [0m13:02:39  1 of 6 START sql table model logistics_mart.dim_drivers ........................ [RUN]
[2026-07-08T13:02:39.344+0000] {subprocess.py:93} INFO - [0m13:02:39  2 of 6 START sql table model logistics_mart.dim_hubs ........................... [RUN]
[2026-07-08T13:02:39.345+0000] {subprocess.py:93} INFO - [0m13:02:39  3 of 6 START sql view model logistics_mart.stg_shipments ....................... [RUN]
[2026-07-08T13:02:39.345+0000] {subprocess.py:93} INFO - [0m13:02:39  4 of 6 START sql view model logistics_mart.stg_weather ......................... [RUN]
[2026-07-08T13:02:41.452+0000] {subprocess.py:93} INFO - [0m13:02:41  4 of 6 OK created sql view model logistics_mart.stg_weather .................... [[32mCREATE VIEW (0 processed)[0m in 2.10s]
[2026-07-08T13:02:41.453+0000] {subprocess.py:93} INFO - [0m13:02:41  5 of 6 START sql view model logistics_mart.stg_weather_consensus ............... [RUN]
[2026-07-08T13:02:42.133+0000] {subprocess.py:93} INFO - [0m13:02:42  3 of 6 OK created sql view model logistics_mart.stg_shipments .................. [[32mCREATE VIEW (0 processed)[0m in 2.78s]
[2026-07-08T13:02:42.849+0000] {subprocess.py:93} INFO - [0m13:02:42  BigQuery adapter: https://console.cloud.google.com/bigquery?project=logistics-500519&j=bq:US:04aeff19-c57a-49d0-bdba-0b4b915676d8&page=queryresults
[2026-07-08T13:02:42.863+0000] {subprocess.py:93} INFO - [0m13:02:42  5 of 6 ERROR creating sql view model logistics_mart.stg_weather_consensus ...... [[31mERROR[0m in 1.41s]
[2026-07-08T13:02:43.559+0000] {subprocess.py:93} INFO - [0m13:02:43  2 of 6 OK created sql table model logistics_mart.dim_hubs ...................... [[32mCREATE TABLE (3.0 rows, 149.0 Bytes processed)[0m in 4.21s]
[2026-07-08T13:02:43.562+0000] {subprocess.py:93} INFO - [0m13:02:43  6 of 6 START sql table model logistics_mart.fact_shipment_weather .............. [RUN]
[2026-07-08T13:02:43.674+0000] {subprocess.py:93} INFO - [0m13:02:43  1 of 6 OK created sql table model logistics_mart.dim_drivers ................... [[32mCREATE TABLE (3.0 rows, 108.0 Bytes processed)[0m in 4.33s]
[2026-07-08T13:02:48.990+0000] {subprocess.py:93} INFO - [0m13:02:48  6 of 6 OK created sql table model logistics_mart.fact_shipment_weather ......... [[32mCREATE TABLE (1.3k rows, 85.5 KiB processed)[0m in 5.42s]
[2026-07-08T13:02:49.045+0000] {subprocess.py:93} INFO - [0m13:02:49
[2026-07-08T13:02:49.045+0000] {subprocess.py:93} INFO - [0m13:02:49  Finished running 3 table models, 3 view models in 0 hours 0 minutes and 11.27 seconds (11.27s).
[2026-07-08T13:02:49.091+0000] {subprocess.py:93} INFO - [0m13:02:49
[2026-07-08T13:02:49.091+0000] {subprocess.py:93} INFO - [0m13:02:49  [31mCompleted with 1 error, 0 partial successes, and 0 warnings:[0m
[2026-07-08T13:02:49.092+0000] {subprocess.py:93} INFO - [0m13:02:49
[2026-07-08T13:02:49.092+0000] {subprocess.py:93} INFO - [0m13:02:49  [31mFailure in model stg_weather_consensus (models/staging/stg_weather_consensus.sql)[0m
[2026-07-08T13:02:49.093+0000] {subprocess.py:93} INFO - [0m13:02:49    Database Error in model stg_weather_consensus (models/staging/stg_weather_consensus.sql)
[2026-07-08T13:02:49.093+0000] {subprocess.py:93} INFO -   Unrecognized name: fetched_at at [11:11]
[2026-07-08T13:02:49.093+0000] {subprocess.py:93} INFO -   compiled code at target/run/logistics_lakehouse/models/staging/stg_weather_consensus.sql
[2026-07-08T13:02:49.093+0000] {subprocess.py:93} INFO - [0m13:02:49
[2026-07-08T13:02:49.093+0000] {subprocess.py:93} INFO - [0m13:02:49    compiled code at target/compiled/logistics_lakehouse/models/staging/stg_weather_consensus.sql
[2026-07-08T13:02:49.093+0000] {subprocess.py:93} INFO - [0m13:02:49
[2026-07-08T13:02:49.094+0000] {subprocess.py:93} INFO - [0m13:02:49  Done. PASS=5 WARN=0 ERROR=1 SKIP=0 NO-OP=0 TOTAL=6
[2026-07-08T13:02:51.486+0000] {subprocess.py:97} INFO - Command exited with return code 1
[2026-07-08T13:02:51.489+0000] {taskinstance.py:441} INFO - ::group::Post task execution logs
[2026-07-08T13:02:51.503+0000] {taskinstance.py:2905} ERROR - Task failed with exception
Traceback (most recent call last):
  File "/home/airflow/.local/lib/python3.12/site-packages/airflow/models/taskinstance.py", line 465, in _execute_task
    result = _execute_callable(context=context, **execute_callable_kwargs)
             ^^^^^^^^^^^^^^^^^^^^^^^^^^^^^^^^^^^^^^^^^^^^^^^^^^^^^^^^^^^^^
  File "/home/airflow/.local/lib/python3.12/site-packages/airflow/models/taskinstance.py", line 432, in _execute_callable
    return execute_callable(context=context, **execute_callable_kwargs)
           ^^^^^^^^^^^^^^^^^^^^^^^^^^^^^^^^^^^^^^^^^^^^^^^^^^^^^^^^^^^^
  File "/home/airflow/.local/lib/python3.12/site-packages/airflow/models/baseoperator.py", line 400, in wrapper
    return func(self, *args, **kwargs)
           ^^^^^^^^^^^^^^^^^^^^^^^^^^^
  File "/home/airflow/.local/lib/python3.12/site-packages/airflow/operators/bash.py", line 243, in execute
    raise AirflowException(
airflow.exceptions.AirflowException: Bash command failed. The command returned a non-zero exit code 1.
[2026-07-08T13:02:51.507+0000] {taskinstance.py:1206} INFO - Marking task as FAILED. dag_id=gold_dbt_dag, task_id=trigger_dbt_build, run_id=dataset_triggered__2026-07-08T13:00:15.616710+00:00, execution_date=20260708T130015, start_date=20260708T130235, end_date=20260708T130251
[2026-07-08T13:02:51.522+0000] {standard_task_runner.py:110} ERROR - Failed to execute job 1137 for task trigger_dbt_build (Bash command failed. The command returned a non-zero exit code 1.; 18460)
[2026-07-08T13:02:51.553+0000] {local_task_job_runner.py:240} INFO - Task exited with return code 1
[2026-07-08T13:02:51.565+0000] {taskinstance.py:3498} INFO - 0 downstream tasks scheduled from follow-on schedule check
[2026-07-08T13:02:51.566+0000] {local_task_job_runner.py:222} INFO - ::endgroup::
