[2026-07-09T12:08:05.473+0000] {local_task_job_runner.py:120} INFO - ::group::Pre task execution logs
[2026-07-09T12:08:05.491+0000] {taskinstance.py:2076} INFO - Dependencies all met for dep_context=non-requeueable deps ti=<TaskInstance: gold_dbt_dag.trigger_dbt_build dataset_triggered__2026-07-09T12:08:05.013882+00:00 [queued]>
[2026-07-09T12:08:05.494+0000] {taskinstance.py:2076} INFO - Dependencies all met for dep_context=requeueable deps ti=<TaskInstance: gold_dbt_dag.trigger_dbt_build dataset_triggered__2026-07-09T12:08:05.013882+00:00 [queued]>
[2026-07-09T12:08:05.494+0000] {taskinstance.py:2306} INFO - Starting attempt 1 of 2
[2026-07-09T12:08:05.498+0000] {taskinstance.py:2330} INFO - Executing <Task(BashOperator): trigger_dbt_build> on 2026-07-09 12:08:05.013882+00:00
[2026-07-09T12:08:05.502+0000] {standard_task_runner.py:90} INFO - Running: ['***', 'tasks', 'run', 'gold_dbt_dag', 'trigger_dbt_build', 'dataset_triggered__2026-07-09T12:08:05.013882+00:00', '--job-id', '1296', '--raw', '--subdir', 'DAGS_FOLDER/dag_gold_dbt.py', '--cfg-path', '/tmp/tmphu2oyyur']
[2026-07-09T12:08:05.505+0000] {standard_task_runner.py:91} INFO - Job 1296: Subtask trigger_dbt_build
[2026-07-09T12:08:05.515+0000] {logging_mixin.py:188} WARNING - /home/***/.local/lib/python3.12/site-packages/***/task/task_runner/standard_task_runner.py:61 DeprecationWarning: This process (pid=72208) is multi-threaded, use of fork() may lead to deadlocks in the child.
[2026-07-09T12:08:05.516+0000] {standard_task_runner.py:63} INFO - Started process 72209 to run task
[2026-07-09T12:08:05.535+0000] {task_command.py:426} INFO - Running <TaskInstance: gold_dbt_dag.trigger_dbt_build dataset_triggered__2026-07-09T12:08:05.013882+00:00 [running]> on host bd23e89d97be
[2026-07-09T12:08:05.576+0000] {taskinstance.py:2648} INFO - Exporting env vars: AIRFLOW_CTX_DAG_OWNER='data_engineer' AIRFLOW_CTX_DAG_ID='gold_dbt_dag' AIRFLOW_CTX_TASK_ID='trigger_dbt_build' AIRFLOW_CTX_EXECUTION_DATE='2026-07-09T12:08:05.013882+00:00' AIRFLOW_CTX_TRY_NUMBER='1' AIRFLOW_CTX_DAG_RUN_ID='dataset_triggered__2026-07-09T12:08:05.013882+00:00'
[2026-07-09T12:08:05.577+0000] {taskinstance.py:430} INFO - ::endgroup::
[2026-07-09T12:08:05.585+0000] {subprocess.py:63} INFO - Tmp dir root location: /tmp
[2026-07-09T12:08:05.586+0000] {subprocess.py:75} INFO - Running command: ['/usr/bin/bash', '-c', 'cd /opt/***/dbt && dbt build --profiles-dir . --target dev']
[2026-07-09T12:08:05.591+0000] {subprocess.py:86} INFO - Output:
[2026-07-09T12:08:06.610+0000] {subprocess.py:93} INFO - [0m12:08:06  Running with dbt=1.11.11
[2026-07-09T12:08:07.111+0000] {subprocess.py:93} INFO - [0m12:08:07  Registered adapter: bigquery=1.11.3
[2026-07-09T12:08:07.315+0000] {subprocess.py:93} INFO - [0m12:08:07  Found 6 models, 4 sources, 553 macros
[2026-07-09T12:08:07.316+0000] {subprocess.py:93} INFO - [0m12:08:07
[2026-07-09T12:08:07.317+0000] {subprocess.py:93} INFO - [0m12:08:07  Concurrency: 4 threads (target='dev')
[2026-07-09T12:08:07.317+0000] {subprocess.py:93} INFO - [0m12:08:07
[2026-07-09T12:08:08.982+0000] {subprocess.py:93} INFO - [0m12:08:08  1 of 6 START sql table model logistics_mart.dim_drivers ........................ [RUN]
[2026-07-09T12:08:08.982+0000] {subprocess.py:93} INFO - [0m12:08:08  2 of 6 START sql table model logistics_mart.dim_hubs ........................... [RUN]
[2026-07-09T12:08:08.983+0000] {subprocess.py:93} INFO - [0m12:08:08  3 of 6 START sql view model logistics_mart.stg_shipments ....................... [RUN]
[2026-07-09T12:08:08.983+0000] {subprocess.py:93} INFO - [0m12:08:08  4 of 6 START sql view model logistics_mart.stg_weather ......................... [RUN]
[2026-07-09T12:08:10.898+0000] {subprocess.py:93} INFO - [0m12:08:10  4 of 6 OK created sql view model logistics_mart.stg_weather .................... [[32mCREATE VIEW (0 processed)[0m in 1.91s]
[2026-07-09T12:08:10.900+0000] {subprocess.py:93} INFO - [0m12:08:10  5 of 6 START sql view model logistics_mart.stg_weather_consensus ............... [RUN]
[2026-07-09T12:08:11.005+0000] {subprocess.py:93} INFO - [0m12:08:11  3 of 6 OK created sql view model logistics_mart.stg_shipments .................. [[32mCREATE VIEW (0 processed)[0m in 2.02s]
[2026-07-09T12:08:12.360+0000] {subprocess.py:93} INFO - [0m12:08:12  BigQuery adapter: https://console.cloud.google.com/bigquery?project=logistics-500519&j=bq:US:25fdb26b-a229-4315-a3a2-ef2c8a868e8b&page=queryresults
[2026-07-09T12:08:12.375+0000] {subprocess.py:93} INFO - [0m12:08:12  5 of 6 ERROR creating sql view model logistics_mart.stg_weather_consensus ...... [[31mERROR[0m in 1.47s]
[2026-07-09T12:08:12.860+0000] {subprocess.py:93} INFO - [0m12:08:12  2 of 6 OK created sql table model logistics_mart.dim_hubs ...................... [[32mCREATE TABLE (3.0 rows, 149.0 Bytes processed)[0m in 3.87s]
[2026-07-09T12:08:12.863+0000] {subprocess.py:93} INFO - [0m12:08:12  6 of 6 START sql table model logistics_mart.fact_shipment_weather .............. [RUN]
[2026-07-09T12:08:12.871+0000] {subprocess.py:93} INFO - [0m12:08:12  1 of 6 OK created sql table model logistics_mart.dim_drivers ................... [[32mCREATE TABLE (3.0 rows, 108.0 Bytes processed)[0m in 3.89s]
[2026-07-09T12:08:17.205+0000] {subprocess.py:93} INFO - [0m12:08:17  6 of 6 OK created sql table model logistics_mart.fact_shipment_weather ......... [[32mCREATE TABLE (1.5k rows, 95.8 KiB processed)[0m in 4.34s]
[2026-07-09T12:08:17.244+0000] {subprocess.py:93} INFO - [0m12:08:17
[2026-07-09T12:08:17.244+0000] {subprocess.py:93} INFO - [0m12:08:17  Finished running 3 table models, 3 view models in 0 hours 0 minutes and 9.93 seconds (9.93s).
[2026-07-09T12:08:17.295+0000] {subprocess.py:93} INFO - [0m12:08:17
[2026-07-09T12:08:17.296+0000] {subprocess.py:93} INFO - [0m12:08:17  [31mCompleted with 1 error, 0 partial successes, and 0 warnings:[0m
[2026-07-09T12:08:17.296+0000] {subprocess.py:93} INFO - [0m12:08:17
[2026-07-09T12:08:17.296+0000] {subprocess.py:93} INFO - [0m12:08:17  [31mFailure in model stg_weather_consensus (models/staging/stg_weather_consensus.sql)[0m
[2026-07-09T12:08:17.297+0000] {subprocess.py:93} INFO - [0m12:08:17    Database Error in model stg_weather_consensus (models/staging/stg_weather_consensus.sql)
[2026-07-09T12:08:17.297+0000] {subprocess.py:93} INFO -   Unrecognized name: fetched_at at [11:11]
[2026-07-09T12:08:17.297+0000] {subprocess.py:93} INFO -   compiled code at target/run/logistics_lakehouse/models/staging/stg_weather_consensus.sql
[2026-07-09T12:08:17.297+0000] {subprocess.py:93} INFO - [0m12:08:17
[2026-07-09T12:08:17.298+0000] {subprocess.py:93} INFO - [0m12:08:17    compiled code at target/compiled/logistics_lakehouse/models/staging/stg_weather_consensus.sql
[2026-07-09T12:08:17.298+0000] {subprocess.py:93} INFO - [0m12:08:17
[2026-07-09T12:08:17.298+0000] {subprocess.py:93} INFO - [0m12:08:17  Done. PASS=5 WARN=0 ERROR=1 SKIP=0 NO-OP=0 TOTAL=6
[2026-07-09T12:08:19.338+0000] {subprocess.py:97} INFO - Command exited with return code 1
[2026-07-09T12:08:19.342+0000] {taskinstance.py:441} INFO - ::group::Post task execution logs
[2026-07-09T12:08:19.359+0000] {taskinstance.py:2905} ERROR - Task failed with exception
Traceback (most recent call last):
  File "/home/airflow/.local/lib/python3.12/site-packages/airflow/models/taskinstance.py", line 465, in _execute_task
    result = _execute_callable(context=context, **execute_callable_kwargs)
             ^^^^^^^^^^^^^^^^^^^^^^^^^^^^^^^^^^^^^^^^^^^^^^^^^^^^^^^^^^^^^
  File "/home/airflow/.local/lib/python3.12/site-packages/airflow/models/taskinstance.py", line 432, in _execute_callable
    return execute_callable(context=context, **execute_callable_kwargs)
           ^^^^^^^^^^^^^^^^^^^^^^^^^^^^^^^^^^^^^^^^^^^^^^^^^^^^^^^^^^^^
  File "/home/airflow/.local/lib/python3.12/site-packages/airflow/models/baseoperator.py", line 400, in wrapper
    return func(self, *args, **kwargs)
           ^^^^^^^^^^^^^^^^^^^^^^^^^^^
  File "/home/airflow/.local/lib/python3.12/site-packages/airflow/operators/bash.py", line 243, in execute
    raise AirflowException(
airflow.exceptions.AirflowException: Bash command failed. The command returned a non-zero exit code 1.
[2026-07-09T12:08:19.363+0000] {taskinstance.py:1206} INFO - Marking task as UP_FOR_RETRY. dag_id=gold_dbt_dag, task_id=trigger_dbt_build, run_id=dataset_triggered__2026-07-09T12:08:05.013882+00:00, execution_date=20260709T120805, start_date=20260709T120805, end_date=20260709T120819
[2026-07-09T12:08:19.381+0000] {standard_task_runner.py:110} ERROR - Failed to execute job 1296 for task trigger_dbt_build (Bash command failed. The command returned a non-zero exit code 1.; 72209)
[2026-07-09T12:08:19.414+0000] {local_task_job_runner.py:240} INFO - Task exited with return code 1
[2026-07-09T12:08:19.431+0000] {taskinstance.py:3498} INFO - 0 downstream tasks scheduled from follow-on schedule check
[2026-07-09T12:08:19.432+0000] {local_task_job_runner.py:222} INFO - ::endgroup::
