[2026-07-10T13:18:25.863+0000] {local_task_job_runner.py:120} INFO - ::group::Pre task execution logs
[2026-07-10T13:18:25.967+0000] {taskinstance.py:2076} INFO - Dependencies all met for dep_context=non-requeueable deps ti=<TaskInstance: gold_dbt_dag.trigger_dbt_build dataset_triggered__2026-07-10T13:16:06.978648+00:00 [queued]>
[2026-07-10T13:18:25.978+0000] {taskinstance.py:2076} INFO - Dependencies all met for dep_context=requeueable deps ti=<TaskInstance: gold_dbt_dag.trigger_dbt_build dataset_triggered__2026-07-10T13:16:06.978648+00:00 [queued]>
[2026-07-10T13:18:25.979+0000] {taskinstance.py:2306} INFO - Starting attempt 2 of 2
[2026-07-10T13:18:26.000+0000] {taskinstance.py:2330} INFO - Executing <Task(BashOperator): trigger_dbt_build> on 2026-07-10 13:16:06.978648+00:00
[2026-07-10T13:18:26.025+0000] {standard_task_runner.py:90} INFO - Running: ['***', 'tasks', 'run', 'gold_dbt_dag', 'trigger_dbt_build', 'dataset_triggered__2026-07-10T13:16:06.978648+00:00', '--job-id', '1470', '--raw', '--subdir', 'DAGS_FOLDER/dag_gold_dbt.py', '--cfg-path', '/tmp/tmpyzjkrdgy']
[2026-07-10T13:18:26.031+0000] {standard_task_runner.py:91} INFO - Job 1470: Subtask trigger_dbt_build
[2026-07-10T13:18:26.045+0000] {logging_mixin.py:188} WARNING - /home/***/.local/lib/python3.12/site-packages/***/task/task_runner/standard_task_runner.py:61 DeprecationWarning: This process (pid=21857) is multi-threaded, use of fork() may lead to deadlocks in the child.
[2026-07-10T13:18:26.046+0000] {standard_task_runner.py:63} INFO - Started process 21858 to run task
[2026-07-10T13:18:26.145+0000] {task_command.py:426} INFO - Running <TaskInstance: gold_dbt_dag.trigger_dbt_build dataset_triggered__2026-07-10T13:16:06.978648+00:00 [running]> on host bd23e89d97be
[2026-07-10T13:18:26.327+0000] {taskinstance.py:2648} INFO - Exporting env vars: AIRFLOW_CTX_DAG_OWNER='data_engineer' AIRFLOW_CTX_DAG_ID='gold_dbt_dag' AIRFLOW_CTX_TASK_ID='trigger_dbt_build' AIRFLOW_CTX_EXECUTION_DATE='2026-07-10T13:16:06.978648+00:00' AIRFLOW_CTX_TRY_NUMBER='2' AIRFLOW_CTX_DAG_RUN_ID='dataset_triggered__2026-07-10T13:16:06.978648+00:00'
[2026-07-10T13:18:26.329+0000] {taskinstance.py:430} INFO - ::endgroup::
[2026-07-10T13:18:26.394+0000] {subprocess.py:63} INFO - Tmp dir root location: /tmp
[2026-07-10T13:18:26.411+0000] {subprocess.py:75} INFO - Running command: ['/usr/bin/bash', '-c', 'cd /opt/***/dbt && dbt build --profiles-dir . --target dev']
[2026-07-10T13:18:26.523+0000] {subprocess.py:86} INFO - Output:
[2026-07-10T13:18:29.923+0000] {subprocess.py:93} INFO - [0m13:18:29  Running with dbt=1.11.11
[2026-07-10T13:18:31.836+0000] {subprocess.py:93} INFO - [0m13:18:31  Registered adapter: bigquery=1.11.3
[2026-07-10T13:18:32.571+0000] {subprocess.py:93} INFO - [0m13:18:32  Found 6 models, 4 sources, 553 macros
[2026-07-10T13:18:32.576+0000] {subprocess.py:93} INFO - [0m13:18:32
[2026-07-10T13:18:32.577+0000] {subprocess.py:93} INFO - [0m13:18:32  Concurrency: 4 threads (target='dev')
[2026-07-10T13:18:32.578+0000] {subprocess.py:93} INFO - [0m13:18:32
[2026-07-10T13:18:34.401+0000] {subprocess.py:93} INFO - [0m13:18:34  1 of 6 START sql table model logistics_mart.dim_drivers ........................ [RUN]
[2026-07-10T13:18:34.403+0000] {subprocess.py:93} INFO - [0m13:18:34  2 of 6 START sql table model logistics_mart.dim_hubs ........................... [RUN]
[2026-07-10T13:18:34.404+0000] {subprocess.py:93} INFO - [0m13:18:34  3 of 6 START sql view model logistics_mart.stg_shipments ....................... [RUN]
[2026-07-10T13:18:34.404+0000] {subprocess.py:93} INFO - [0m13:18:34  4 of 6 START sql view model logistics_mart.stg_weather ......................... [RUN]
[2026-07-10T13:18:36.410+0000] {subprocess.py:93} INFO - [0m13:18:36  4 of 6 OK created sql view model logistics_mart.stg_weather .................... [[32mCREATE VIEW (0 processed)[0m in 2.00s]
[2026-07-10T13:18:36.414+0000] {subprocess.py:93} INFO - [0m13:18:36  5 of 6 START sql view model logistics_mart.stg_weather_consensus ............... [RUN]
[2026-07-10T13:18:36.548+0000] {subprocess.py:93} INFO - [0m13:18:36  3 of 6 OK created sql view model logistics_mart.stg_shipments .................. [[32mCREATE VIEW (0 processed)[0m in 2.14s]
[2026-07-10T13:18:37.743+0000] {subprocess.py:93} INFO - [0m13:18:37  BigQuery adapter: https://console.cloud.google.com/bigquery?project=logistics-500519&j=bq:US:78a21405-ceb9-4a84-8bef-69db1fad5ee8&page=queryresults
[2026-07-10T13:18:37.771+0000] {subprocess.py:93} INFO - [0m13:18:37  5 of 6 ERROR creating sql view model logistics_mart.stg_weather_consensus ...... [[31mERROR[0m in 1.35s]
[2026-07-10T13:18:37.955+0000] {subprocess.py:93} INFO - [0m13:18:37  2 of 6 OK created sql table model logistics_mart.dim_hubs ...................... [[32mCREATE TABLE (3.0 rows, 149.0 Bytes processed)[0m in 3.55s]
[2026-07-10T13:18:37.963+0000] {subprocess.py:93} INFO - [0m13:18:37  6 of 6 START sql table model logistics_mart.fact_shipment_weather .............. [RUN]
[2026-07-10T13:18:38.022+0000] {subprocess.py:93} INFO - [0m13:18:38  1 of 6 OK created sql table model logistics_mart.dim_drivers ................... [[32mCREATE TABLE (3.0 rows, 108.0 Bytes processed)[0m in 3.62s]
[2026-07-10T13:18:42.225+0000] {subprocess.py:93} INFO - [0m13:18:42  6 of 6 OK created sql table model logistics_mart.fact_shipment_weather ......... [[32mCREATE TABLE (1.7k rows, 107.8 KiB processed)[0m in 4.25s]
[2026-07-10T13:18:42.412+0000] {subprocess.py:93} INFO - [0m13:18:42
[2026-07-10T13:18:42.415+0000] {subprocess.py:93} INFO - [0m13:18:42  Finished running 3 table models, 3 view models in 0 hours 0 minutes and 9.83 seconds (9.83s).
[2026-07-10T13:18:42.614+0000] {subprocess.py:93} INFO - [0m13:18:42
[2026-07-10T13:18:42.615+0000] {subprocess.py:93} INFO - [0m13:18:42  [31mCompleted with 1 error, 0 partial successes, and 0 warnings:[0m
[2026-07-10T13:18:42.622+0000] {subprocess.py:93} INFO - [0m13:18:42
[2026-07-10T13:18:42.625+0000] {subprocess.py:93} INFO - [0m13:18:42  [31mFailure in model stg_weather_consensus (models/staging/stg_weather_consensus.sql)[0m
[2026-07-10T13:18:42.626+0000] {subprocess.py:93} INFO - [0m13:18:42    Database Error in model stg_weather_consensus (models/staging/stg_weather_consensus.sql)
[2026-07-10T13:18:42.627+0000] {subprocess.py:93} INFO -   Unrecognized name: fetched_at at [11:11]
[2026-07-10T13:18:42.628+0000] {subprocess.py:93} INFO -   compiled code at target/run/logistics_lakehouse/models/staging/stg_weather_consensus.sql
[2026-07-10T13:18:42.629+0000] {subprocess.py:93} INFO - [0m13:18:42
[2026-07-10T13:18:42.633+0000] {subprocess.py:93} INFO - [0m13:18:42    compiled code at target/compiled/logistics_lakehouse/models/staging/stg_weather_consensus.sql
[2026-07-10T13:18:42.635+0000] {subprocess.py:93} INFO - [0m13:18:42
[2026-07-10T13:18:42.638+0000] {subprocess.py:93} INFO - [0m13:18:42  Done. PASS=5 WARN=0 ERROR=1 SKIP=0 NO-OP=0 TOTAL=6
[2026-07-10T13:18:45.657+0000] {subprocess.py:97} INFO - Command exited with return code 1
[2026-07-10T13:18:45.674+0000] {taskinstance.py:441} INFO - ::group::Post task execution logs
[2026-07-10T13:18:45.729+0000] {taskinstance.py:2905} ERROR - Task failed with exception
Traceback (most recent call last):
  File "/home/airflow/.local/lib/python3.12/site-packages/airflow/models/taskinstance.py", line 465, in _execute_task
    result = _execute_callable(context=context, **execute_callable_kwargs)
             ^^^^^^^^^^^^^^^^^^^^^^^^^^^^^^^^^^^^^^^^^^^^^^^^^^^^^^^^^^^^^
  File "/home/airflow/.local/lib/python3.12/site-packages/airflow/models/taskinstance.py", line 432, in _execute_callable
    return execute_callable(context=context, **execute_callable_kwargs)
           ^^^^^^^^^^^^^^^^^^^^^^^^^^^^^^^^^^^^^^^^^^^^^^^^^^^^^^^^^^^^
  File "/home/airflow/.local/lib/python3.12/site-packages/airflow/models/baseoperator.py", line 400, in wrapper
    return func(self, *args, **kwargs)
           ^^^^^^^^^^^^^^^^^^^^^^^^^^^
  File "/home/airflow/.local/lib/python3.12/site-packages/airflow/operators/bash.py", line 243, in execute
    raise AirflowException(
airflow.exceptions.AirflowException: Bash command failed. The command returned a non-zero exit code 1.
[2026-07-10T13:18:45.747+0000] {taskinstance.py:1206} INFO - Marking task as FAILED. dag_id=gold_dbt_dag, task_id=trigger_dbt_build, run_id=dataset_triggered__2026-07-10T13:16:06.978648+00:00, execution_date=20260710T131606, start_date=20260710T131825, end_date=20260710T131845
[2026-07-10T13:18:45.784+0000] {standard_task_runner.py:110} ERROR - Failed to execute job 1470 for task trigger_dbt_build (Bash command failed. The command returned a non-zero exit code 1.; 21858)
[2026-07-10T13:18:45.834+0000] {local_task_job_runner.py:240} INFO - Task exited with return code 1
[2026-07-10T13:18:45.879+0000] {taskinstance.py:3498} INFO - 0 downstream tasks scheduled from follow-on schedule check
[2026-07-10T13:18:45.882+0000] {local_task_job_runner.py:222} INFO - ::endgroup::
