[2026-06-30T09:27:08.505+0000] {local_task_job_runner.py:120} INFO - ::group::Pre task execution logs
[2026-06-30T09:27:08.534+0000] {taskinstance.py:2076} INFO - Dependencies all met for dep_context=non-requeueable deps ti=<TaskInstance: dag_shipment_sim.generate_data scheduled__2026-06-30T08:00:00+00:00 [queued]>
[2026-06-30T09:27:08.540+0000] {taskinstance.py:2076} INFO - Dependencies all met for dep_context=requeueable deps ti=<TaskInstance: dag_shipment_sim.generate_data scheduled__2026-06-30T08:00:00+00:00 [queued]>
[2026-06-30T09:27:08.540+0000] {taskinstance.py:2306} INFO - Starting attempt 1 of 1
[2026-06-30T09:27:08.550+0000] {taskinstance.py:2330} INFO - Executing <Task(PythonOperator): generate_data> on 2026-06-30 08:00:00+00:00
[2026-06-30T09:27:08.560+0000] {logging_mixin.py:188} WARNING - /home/***/.local/lib/python3.12/site-packages/***/task/task_runner/standard_task_runner.py:61 DeprecationWarning: This process (pid=313) is multi-threaded, use of fork() may lead to deadlocks in the child.
[2026-06-30T09:27:08.556+0000] {standard_task_runner.py:90} INFO - Running: ['***', 'tasks', 'run', 'dag_shipment_sim', 'generate_data', 'scheduled__2026-06-30T08:00:00+00:00', '--job-id', '3', '--raw', '--subdir', 'DAGS_FOLDER/dag_shipment_sim.py', '--cfg-path', '/tmp/tmp06b3haep']
[2026-06-30T09:27:08.562+0000] {standard_task_runner.py:91} INFO - Job 3: Subtask generate_data
[2026-06-30T09:27:08.562+0000] {standard_task_runner.py:63} INFO - Started process 314 to run task
[2026-06-30T09:27:08.592+0000] {task_command.py:426} INFO - Running <TaskInstance: dag_shipment_sim.generate_data scheduled__2026-06-30T08:00:00+00:00 [running]> on host c0dde85f51a2
[2026-06-30T09:27:08.630+0000] {taskinstance.py:2648} INFO - Exporting env vars: AIRFLOW_CTX_DAG_OWNER='***' AIRFLOW_CTX_DAG_ID='dag_shipment_sim' AIRFLOW_CTX_TASK_ID='generate_data' AIRFLOW_CTX_EXECUTION_DATE='2026-06-30T08:00:00+00:00' AIRFLOW_CTX_TRY_NUMBER='1' AIRFLOW_CTX_DAG_RUN_ID='scheduled__2026-06-30T08:00:00+00:00'
[2026-06-30T09:27:08.631+0000] {taskinstance.py:430} INFO - ::endgroup::
[2026-06-30T09:27:08.653+0000] {taskinstance.py:441} INFO - ::group::Post task execution logs
[2026-06-30T09:27:08.653+0000] {taskinstance.py:2905} ERROR - Task failed with exception
Traceback (most recent call last):
  File "/home/airflow/.local/lib/python3.12/site-packages/airflow/models/taskinstance.py", line 465, in _execute_task
    result = _execute_callable(context=context, **execute_callable_kwargs)
             ^^^^^^^^^^^^^^^^^^^^^^^^^^^^^^^^^^^^^^^^^^^^^^^^^^^^^^^^^^^^^
  File "/home/airflow/.local/lib/python3.12/site-packages/airflow/models/taskinstance.py", line 432, in _execute_callable
    return execute_callable(context=context, **execute_callable_kwargs)
           ^^^^^^^^^^^^^^^^^^^^^^^^^^^^^^^^^^^^^^^^^^^^^^^^^^^^^^^^^^^^
  File "/home/airflow/.local/lib/python3.12/site-packages/airflow/models/baseoperator.py", line 400, in wrapper
    return func(self, *args, **kwargs)
           ^^^^^^^^^^^^^^^^^^^^^^^^^^^
  File "/home/airflow/.local/lib/python3.12/site-packages/airflow/operators/python.py", line 235, in execute
    return_value = self.execute_callable()
                   ^^^^^^^^^^^^^^^^^^^^^^^
  File "/home/airflow/.local/lib/python3.12/site-packages/airflow/operators/python.py", line 252, in execute_callable
    return self.python_callable(*self.op_args, **self.op_kwargs)
           ^^^^^^^^^^^^^^^^^^^^^^^^^^^^^^^^^^^^^^^^^^^^^^^^^^^^^
  File "/opt/airflow/dags/dag_shipment_sim.py", line 30, in generate_modular_data
    repo.insert_shipments(shipments_payload)
  File "/opt/airflow/dags/logistics/repository.py", line 15, in insert_shipments
    self.cursor.execute(f"""
psycopg2.errors.UndefinedTable: relation "shipments" does not exist
LINE 2:             INSERT INTO shipments (tracking_code, hub_id, dr...
                                ^

[2026-06-30T09:27:08.660+0000] {taskinstance.py:1206} INFO - Marking task as FAILED. dag_id=dag_shipment_sim, task_id=generate_data, run_id=scheduled__2026-06-30T08:00:00+00:00, execution_date=20260630T080000, start_date=20260630T092708, end_date=20260630T092708
[2026-06-30T09:27:08.668+0000] {standard_task_runner.py:110} ERROR - Failed to execute job 3 for task generate_data (relation "shipments" does not exist
LINE 2:             INSERT INTO shipments (tracking_code, hub_id, dr...
                                ^
; 314)
[2026-06-30T09:27:08.703+0000] {local_task_job_runner.py:240} INFO - Task exited with return code 1
[2026-06-30T09:27:08.710+0000] {taskinstance.py:3498} INFO - 0 downstream tasks scheduled from follow-on schedule check
[2026-06-30T09:27:08.711+0000] {local_task_job_runner.py:222} INFO - ::endgroup::
