[2026-07-03T15:00:03.582+0000] {local_task_job_runner.py:120} INFO - ::group::Pre task execution logs
[2026-07-03T15:00:03.607+0000] {taskinstance.py:2076} INFO - Dependencies all met for dep_context=non-requeueable deps ti=<TaskInstance: logistics_postgres_to_bq.push_to_bigquery dataset_triggered__2026-07-03T15:00:01.786017+00:00 [queued]>
[2026-07-03T15:00:03.611+0000] {taskinstance.py:2076} INFO - Dependencies all met for dep_context=requeueable deps ti=<TaskInstance: logistics_postgres_to_bq.push_to_bigquery dataset_triggered__2026-07-03T15:00:01.786017+00:00 [queued]>
[2026-07-03T15:00:03.611+0000] {taskinstance.py:2306} INFO - Starting attempt 1 of 1
[2026-07-03T15:00:03.619+0000] {taskinstance.py:2330} INFO - Executing <Task(PythonOperator): push_to_bigquery> on 2026-07-03 15:00:01.786017+00:00
[2026-07-03T15:00:03.628+0000] {standard_task_runner.py:90} INFO - Running: ['***', 'tasks', 'run', 'logistics_postgres_to_bq', 'push_to_bigquery', 'dataset_triggered__2026-07-03T15:00:01.786017+00:00', '--job-id', '401', '--raw', '--subdir', 'DAGS_FOLDER/dag_postgres_to_bq.py', '--cfg-path', '/tmp/tmp8pwt3pr7']
[2026-07-03T15:00:03.639+0000] {standard_task_runner.py:91} INFO - Job 401: Subtask push_to_bigquery
[2026-07-03T15:00:03.637+0000] {logging_mixin.py:188} WARNING - /home/***/.local/lib/python3.12/site-packages/***/task/task_runner/standard_task_runner.py:61 DeprecationWarning: This process (pid=19826) is multi-threaded, use of fork() may lead to deadlocks in the child.
[2026-07-03T15:00:03.640+0000] {standard_task_runner.py:63} INFO - Started process 19840 to run task
[2026-07-03T15:00:03.729+0000] {task_command.py:426} INFO - Running <TaskInstance: logistics_postgres_to_bq.push_to_bigquery dataset_triggered__2026-07-03T15:00:01.786017+00:00 [running]> on host bd23e89d97be
[2026-07-03T15:00:03.900+0000] {taskinstance.py:2648} INFO - Exporting env vars: AIRFLOW_CTX_DAG_OWNER='***' AIRFLOW_CTX_DAG_ID='logistics_postgres_to_bq' AIRFLOW_CTX_TASK_ID='push_to_bigquery' AIRFLOW_CTX_EXECUTION_DATE='2026-07-03T15:00:01.786017+00:00' AIRFLOW_CTX_TRY_NUMBER='1' AIRFLOW_CTX_DAG_RUN_ID='dataset_triggered__2026-07-03T15:00:01.786017+00:00'
[2026-07-03T15:00:03.901+0000] {taskinstance.py:430} INFO - ::endgroup::
[2026-07-03T15:00:04.927+0000] {logging_mixin.py:188} WARNING - /opt/***/dags/dag_postgres_to_bq.py:34 UserWarning: pandas only supports SQLAlchemy connectable (engine/connection) or database string URI or sqlite3 DBAPI2 connection. Other DBAPI2 objects are not tested. Please consider using SQLAlchemy.
[2026-07-03T15:00:09.396+0000] {logging_mixin.py:188} INFO - Pushed 446 rows from shipments to BigQuery.
[2026-07-03T15:00:09.400+0000] {logging_mixin.py:188} WARNING - /opt/***/dags/dag_postgres_to_bq.py:34 UserWarning: pandas only supports SQLAlchemy connectable (engine/connection) or database string URI or sqlite3 DBAPI2 connection. Other DBAPI2 objects are not tested. Please consider using SQLAlchemy.
[2026-07-03T15:00:12.811+0000] {logging_mixin.py:188} INFO - Pushed 3 rows from hubs to BigQuery.
[2026-07-03T15:00:12.829+0000] {logging_mixin.py:188} WARNING - /opt/***/dags/dag_postgres_to_bq.py:34 UserWarning: pandas only supports SQLAlchemy connectable (engine/connection) or database string URI or sqlite3 DBAPI2 connection. Other DBAPI2 objects are not tested. Please consider using SQLAlchemy.
[2026-07-03T15:00:16.279+0000] {logging_mixin.py:188} INFO - Pushed 3 rows from drivers to BigQuery.
[2026-07-03T15:00:16.283+0000] {python.py:237} INFO - Done. Returned value was: None
[2026-07-03T15:00:16.296+0000] {taskinstance.py:441} INFO - ::group::Post task execution logs
[2026-07-03T15:00:16.329+0000] {taskinstance.py:1206} INFO - Marking task as SUCCESS. dag_id=logistics_postgres_to_bq, task_id=push_to_bigquery, run_id=dataset_triggered__2026-07-03T15:00:01.786017+00:00, execution_date=20260703T150001, start_date=20260703T150003, end_date=20260703T150016
[2026-07-03T15:00:16.357+0000] {local_task_job_runner.py:240} INFO - Task exited with return code 0
[2026-07-03T15:00:16.374+0000] {local_task_job_runner.py:222} INFO - ::endgroup::
