[2026-07-12T11:52:43.364+0000] {local_task_job_runner.py:120} INFO - ::group::Pre task execution logs
[2026-07-12T11:52:43.415+0000] {taskinstance.py:2076} INFO - Dependencies all met for dep_context=non-requeueable deps ti=<TaskInstance: gold_dbt_dag.trigger_dbt_build dataset_triggered__2026-07-12T10:25:07.763805+00:00 [queued]>
[2026-07-12T11:52:43.424+0000] {taskinstance.py:2076} INFO - Dependencies all met for dep_context=requeueable deps ti=<TaskInstance: gold_dbt_dag.trigger_dbt_build dataset_triggered__2026-07-12T10:25:07.763805+00:00 [queued]>
[2026-07-12T11:52:43.425+0000] {taskinstance.py:2306} INFO - Starting attempt 2 of 2
[2026-07-12T11:52:43.435+0000] {taskinstance.py:2330} INFO - Executing <Task(BashOperator): trigger_dbt_build> on 2026-07-12 10:25:07.763805+00:00
[2026-07-12T11:52:43.441+0000] {logging_mixin.py:188} WARNING - /home/***/.local/lib/python3.12/site-packages/***/task/task_runner/standard_task_runner.py:61 DeprecationWarning: This process (pid=16206) is multi-threaded, use of fork() may lead to deadlocks in the child.
[2026-07-12T11:52:43.442+0000] {standard_task_runner.py:63} INFO - Started process 16219 to run task
[2026-07-12T11:52:43.441+0000] {standard_task_runner.py:90} INFO - Running: ['***', 'tasks', 'run', 'gold_dbt_dag', 'trigger_dbt_build', 'dataset_triggered__2026-07-12T10:25:07.763805+00:00', '--job-id', '140', '--raw', '--subdir', 'DAGS_FOLDER/dag_gold_dbt.py', '--cfg-path', '/tmp/tmpte5ljgl9']
[2026-07-12T11:52:43.443+0000] {standard_task_runner.py:91} INFO - Job 140: Subtask trigger_dbt_build
[2026-07-12T11:52:43.489+0000] {task_command.py:426} INFO - Running <TaskInstance: gold_dbt_dag.trigger_dbt_build dataset_triggered__2026-07-12T10:25:07.763805+00:00 [running]> on host ad4e12f53b08
[2026-07-12T11:52:43.569+0000] {taskinstance.py:2648} INFO - Exporting env vars: AIRFLOW_CTX_DAG_OWNER='data_engineer' AIRFLOW_CTX_DAG_ID='gold_dbt_dag' AIRFLOW_CTX_TASK_ID='trigger_dbt_build' AIRFLOW_CTX_EXECUTION_DATE='2026-07-12T10:25:07.763805+00:00' AIRFLOW_CTX_TRY_NUMBER='2' AIRFLOW_CTX_DAG_RUN_ID='dataset_triggered__2026-07-12T10:25:07.763805+00:00'
[2026-07-12T11:52:43.570+0000] {taskinstance.py:430} INFO - ::endgroup::
[2026-07-12T11:52:43.591+0000] {subprocess.py:63} INFO - Tmp dir root location: /tmp
[2026-07-12T11:52:43.594+0000] {subprocess.py:75} INFO - Running command: ['/usr/bin/bash', '-c', 'cd /opt/***/dbt && dbt build --profiles-dir . --target dev']
[2026-07-12T11:52:43.603+0000] {subprocess.py:86} INFO - Output:
[2026-07-12T11:52:45.367+0000] {subprocess.py:93} INFO - [0m11:52:45  Running with dbt=1.11.11
[2026-07-12T11:52:45.884+0000] {subprocess.py:93} INFO - [0m11:52:45  Registered adapter: bigquery=1.11.3
[2026-07-12T11:52:46.098+0000] {subprocess.py:93} INFO - [0m11:52:46  Found 6 models, 4 sources, 553 macros
[2026-07-12T11:52:46.099+0000] {subprocess.py:93} INFO - [0m11:52:46
[2026-07-12T11:52:46.100+0000] {subprocess.py:93} INFO - [0m11:52:46  Concurrency: 4 threads (target='dev')
[2026-07-12T11:52:46.100+0000] {subprocess.py:93} INFO - [0m11:52:46
[2026-07-12T11:54:49.266+0000] {subprocess.py:93} INFO - [0m11:54:49
[2026-07-12T11:54:49.275+0000] {subprocess.py:93} INFO - [0m11:54:49  Finished running  in 0 hours 2 minutes and 3.17 seconds (123.17s).
[2026-07-12T11:54:49.277+0000] {subprocess.py:93} INFO - [0m11:54:49  Encountered an error:
[2026-07-12T11:54:49.277+0000] {subprocess.py:93} INFO - Database Error
[2026-07-12T11:54:49.278+0000] {subprocess.py:93} INFO -   ('Connection aborted.', RemoteDisconnected('Remote end closed connection without response'))
[2026-07-12T11:54:57.723+0000] {subprocess.py:97} INFO - Command exited with return code 2
[2026-07-12T11:54:57.725+0000] {taskinstance.py:441} INFO - ::group::Post task execution logs
[2026-07-12T11:54:57.738+0000] {taskinstance.py:2905} ERROR - Task failed with exception
Traceback (most recent call last):
  File "/home/airflow/.local/lib/python3.12/site-packages/airflow/models/taskinstance.py", line 465, in _execute_task
    result = _execute_callable(context=context, **execute_callable_kwargs)
             ^^^^^^^^^^^^^^^^^^^^^^^^^^^^^^^^^^^^^^^^^^^^^^^^^^^^^^^^^^^^^
  File "/home/airflow/.local/lib/python3.12/site-packages/airflow/models/taskinstance.py", line 432, in _execute_callable
    return execute_callable(context=context, **execute_callable_kwargs)
           ^^^^^^^^^^^^^^^^^^^^^^^^^^^^^^^^^^^^^^^^^^^^^^^^^^^^^^^^^^^^
  File "/home/airflow/.local/lib/python3.12/site-packages/airflow/models/baseoperator.py", line 400, in wrapper
    return func(self, *args, **kwargs)
           ^^^^^^^^^^^^^^^^^^^^^^^^^^^
  File "/home/airflow/.local/lib/python3.12/site-packages/airflow/operators/bash.py", line 243, in execute
    raise AirflowException(
airflow.exceptions.AirflowException: Bash command failed. The command returned a non-zero exit code 2.
[2026-07-12T11:54:57.744+0000] {taskinstance.py:1206} INFO - Marking task as FAILED. dag_id=gold_dbt_dag, task_id=trigger_dbt_build, run_id=dataset_triggered__2026-07-12T10:25:07.763805+00:00, execution_date=20260712T102507, start_date=20260712T115243, end_date=20260712T115457
[2026-07-12T11:54:57.754+0000] {standard_task_runner.py:110} ERROR - Failed to execute job 140 for task trigger_dbt_build (Bash command failed. The command returned a non-zero exit code 2.; 16219)
[2026-07-12T11:54:57.771+0000] {local_task_job_runner.py:240} INFO - Task exited with return code 1
[2026-07-12T11:54:57.784+0000] {taskinstance.py:3498} INFO - 0 downstream tasks scheduled from follow-on schedule check
[2026-07-12T11:54:57.784+0000] {local_task_job_runner.py:222} INFO - ::endgroup::
