[2026-07-05T05:17:45.144+0000] {local_task_job_runner.py:120} INFO - ::group::Pre task execution logs
[2026-07-05T05:17:45.158+0000] {taskinstance.py:2076} INFO - Dependencies all met for dep_context=non-requeueable deps ti=<TaskInstance: silver_cdc_dag.spark_cdc_to_iceberg dataset_triggered__2026-07-05T05:17:44.187492+00:00 [queued]>
[2026-07-05T05:17:45.161+0000] {taskinstance.py:2076} INFO - Dependencies all met for dep_context=requeueable deps ti=<TaskInstance: silver_cdc_dag.spark_cdc_to_iceberg dataset_triggered__2026-07-05T05:17:44.187492+00:00 [queued]>
[2026-07-05T05:17:45.161+0000] {taskinstance.py:2306} INFO - Starting attempt 1 of 1
[2026-07-05T05:17:45.166+0000] {taskinstance.py:2330} INFO - Executing <Task(BashOperator): spark_cdc_to_iceberg> on 2026-07-05 05:17:44.187492+00:00
[2026-07-05T05:17:45.170+0000] {logging_mixin.py:188} WARNING - /home/***/.local/lib/python3.12/site-packages/***/task/task_runner/standard_task_runner.py:61 DeprecationWarning: This process (pid=45322) is multi-threaded, use of fork() may lead to deadlocks in the child.
[2026-07-05T05:17:45.170+0000] {standard_task_runner.py:90} INFO - Running: ['***', 'tasks', 'run', 'silver_cdc_dag', 'spark_cdc_to_iceberg', 'dataset_triggered__2026-07-05T05:17:44.187492+00:00', '--job-id', '625', '--raw', '--subdir', 'DAGS_FOLDER/dag_silver_cdc.py', '--cfg-path', '/tmp/tmp2if0ga_o']
[2026-07-05T05:17:45.171+0000] {standard_task_runner.py:63} INFO - Started process 45325 to run task
[2026-07-05T05:17:45.171+0000] {standard_task_runner.py:91} INFO - Job 625: Subtask spark_cdc_to_iceberg
[2026-07-05T05:17:45.195+0000] {task_command.py:426} INFO - Running <TaskInstance: silver_cdc_dag.spark_cdc_to_iceberg dataset_triggered__2026-07-05T05:17:44.187492+00:00 [running]> on host bd23e89d97be
[2026-07-05T05:17:45.247+0000] {taskinstance.py:2648} INFO - Exporting env vars: AIRFLOW_CTX_DAG_OWNER='data_engineer' AIRFLOW_CTX_DAG_ID='silver_cdc_dag' AIRFLOW_CTX_TASK_ID='spark_cdc_to_iceberg' AIRFLOW_CTX_EXECUTION_DATE='2026-07-05T05:17:44.187492+00:00' AIRFLOW_CTX_TRY_NUMBER='1' AIRFLOW_CTX_DAG_RUN_ID='dataset_triggered__2026-07-05T05:17:44.187492+00:00'
[2026-07-05T05:17:45.247+0000] {taskinstance.py:430} INFO - ::endgroup::
[2026-07-05T05:17:45.256+0000] {subprocess.py:63} INFO - Tmp dir root location: /tmp
[2026-07-05T05:17:45.257+0000] {subprocess.py:75} INFO - Running command: ['/usr/bin/bash', '-c', 'export JAVA_HOME=/usr/lib/jvm/default-java && python /opt/***/dags/spark/silver_cdc.py "gs://your-lakehouse-bucket/bronze/cdc/shipments/" "shipments_iceberg"']
[2026-07-05T05:17:45.263+0000] {subprocess.py:86} INFO - Output:
[2026-07-05T05:17:45.874+0000] {subprocess.py:93} INFO - WARNING: Using incubator modules: jdk.incubator.vector
[2026-07-05T05:17:47.792+0000] {subprocess.py:93} INFO - Using Spark's default log4j profile: org/apache/spark/log4j2-defaults.properties
[2026-07-05T05:17:47.794+0000] {subprocess.py:93} INFO - Setting default log level to "WARN".
[2026-07-05T05:17:47.797+0000] {subprocess.py:93} INFO - To adjust logging level use sc.setLogLevel(newLevel). For SparkR, use setLogLevel(newLevel).
[2026-07-05T05:17:48.488+0000] {subprocess.py:93} INFO - 26/07/05 05:17:48 WARN NativeCodeLoader: Unable to load native-hadoop library for your platform... using builtin-java classes where applicable
[2026-07-05T05:17:57.762+0000] {subprocess.py:93} INFO - [Stage 0:>                                                        (0 + 12) / 12]                                                                                SUCCESS: Data written to /opt/***/lakehouse/silver/shipments_iceberg
[2026-07-05T05:17:58.336+0000] {subprocess.py:97} INFO - Command exited with return code 0
[2026-07-05T05:17:58.338+0000] {taskinstance.py:441} INFO - ::group::Post task execution logs
[2026-07-05T05:17:58.373+0000] {logging_mixin.py:188} WARNING - /home/***/.local/lib/python3.12/site-packages/***/models/baseoperator.py:1564 RemovedInAirflow3Warning: Passing 'execution_date' to 'TaskInstance.xcom_push()' is deprecated.
[2026-07-05T05:17:58.384+0000] {taskinstance.py:1206} INFO - Marking task as SUCCESS. dag_id=silver_cdc_dag, task_id=spark_cdc_to_iceberg, run_id=dataset_triggered__2026-07-05T05:17:44.187492+00:00, execution_date=20260705T051744, start_date=20260705T051745, end_date=20260705T051758
[2026-07-05T05:17:58.410+0000] {local_task_job_runner.py:240} INFO - Task exited with return code 0
[2026-07-05T05:17:58.435+0000] {taskinstance.py:3498} INFO - 0 downstream tasks scheduled from follow-on schedule check
[2026-07-05T05:17:58.436+0000] {local_task_job_runner.py:222} INFO - ::endgroup::
