[2026-07-12T22:06:57.724+0000] {local_task_job_runner.py:120} INFO - ::group::Pre task execution logs
[2026-07-12T22:06:57.771+0000] {taskinstance.py:2076} INFO - Dependencies all met for dep_context=non-requeueable deps ti=<TaskInstance: gold_dbt_dag.trigger_dbt_build dataset_triggered__2026-07-12T22:06:57.190420+00:00 [queued]>
[2026-07-12T22:06:57.774+0000] {taskinstance.py:2076} INFO - Dependencies all met for dep_context=requeueable deps ti=<TaskInstance: gold_dbt_dag.trigger_dbt_build dataset_triggered__2026-07-12T22:06:57.190420+00:00 [queued]>
[2026-07-12T22:06:57.774+0000] {taskinstance.py:2306} INFO - Starting attempt 1 of 2
[2026-07-12T22:06:57.778+0000] {taskinstance.py:2330} INFO - Executing <Task(BashOperator): trigger_dbt_build> on 2026-07-12 22:06:57.190420+00:00
[2026-07-12T22:06:57.782+0000] {standard_task_runner.py:90} INFO - Running: ['***', 'tasks', 'run', 'gold_dbt_dag', 'trigger_dbt_build', 'dataset_triggered__2026-07-12T22:06:57.190420+00:00', '--job-id', '260', '--raw', '--subdir', 'DAGS_FOLDER/dag_gold_dbt.py', '--cfg-path', '/tmp/tmpqee47_9a']
[2026-07-12T22:06:57.784+0000] {standard_task_runner.py:91} INFO - Job 260: Subtask trigger_dbt_build
[2026-07-12T22:06:57.784+0000] {logging_mixin.py:188} WARNING - /home/***/.local/lib/python3.12/site-packages/***/task/task_runner/standard_task_runner.py:61 DeprecationWarning: This process (pid=46510) is multi-threaded, use of fork() may lead to deadlocks in the child.
[2026-07-12T22:06:57.785+0000] {standard_task_runner.py:63} INFO - Started process 46511 to run task
[2026-07-12T22:06:57.806+0000] {task_command.py:426} INFO - Running <TaskInstance: gold_dbt_dag.trigger_dbt_build dataset_triggered__2026-07-12T22:06:57.190420+00:00 [running]> on host ad4e12f53b08
[2026-07-12T22:06:58.487+0000] {taskinstance.py:2648} INFO - Exporting env vars: AIRFLOW_CTX_DAG_OWNER='data_engineer' AIRFLOW_CTX_DAG_ID='gold_dbt_dag' AIRFLOW_CTX_TASK_ID='trigger_dbt_build' AIRFLOW_CTX_EXECUTION_DATE='2026-07-12T22:06:57.190420+00:00' AIRFLOW_CTX_TRY_NUMBER='1' AIRFLOW_CTX_DAG_RUN_ID='dataset_triggered__2026-07-12T22:06:57.190420+00:00'
[2026-07-12T22:06:58.488+0000] {taskinstance.py:430} INFO - ::endgroup::
[2026-07-12T22:06:58.501+0000] {subprocess.py:63} INFO - Tmp dir root location: /tmp
[2026-07-12T22:06:58.502+0000] {subprocess.py:75} INFO - Running command: ['/usr/bin/bash', '-c', 'cd /opt/***/dbt && dbt build --profiles-dir . --target dev']
[2026-07-12T22:06:58.510+0000] {subprocess.py:86} INFO - Output:
[2026-07-12T22:07:00.096+0000] {subprocess.py:93} INFO - [0m22:07:00  Running with dbt=1.11.11
[2026-07-12T22:07:00.612+0000] {subprocess.py:93} INFO - [0m22:07:00  Registered adapter: bigquery=1.11.3
[2026-07-12T22:07:00.939+0000] {subprocess.py:93} INFO - [0m22:07:00  Found 6 models, 4 sources, 553 macros
[2026-07-12T22:07:00.940+0000] {subprocess.py:93} INFO - [0m22:07:00
[2026-07-12T22:07:00.940+0000] {subprocess.py:93} INFO - [0m22:07:00  Concurrency: 4 threads (target='dev')
[2026-07-12T22:07:00.941+0000] {subprocess.py:93} INFO - [0m22:07:00
[2026-07-12T22:07:02.544+0000] {subprocess.py:93} INFO - [0m22:07:02  1 of 6 START sql table model logistics_mart.dim_drivers ........................ [RUN]
[2026-07-12T22:07:02.545+0000] {subprocess.py:93} INFO - [0m22:07:02  2 of 6 START sql table model logistics_mart.dim_hubs ........................... [RUN]
[2026-07-12T22:07:02.545+0000] {subprocess.py:93} INFO - [0m22:07:02  3 of 6 START sql view model logistics_mart.stg_shipments ....................... [RUN]
[2026-07-12T22:07:02.546+0000] {subprocess.py:93} INFO - [0m22:07:02  4 of 6 START sql view model logistics_mart.stg_weather ......................... [RUN]
[2026-07-13T00:33:16.168+0000] {subprocess.py:93} INFO - [0m00:33:16  3 of 6 ERROR creating sql view model logistics_mart.stg_shipments .............. [[31mERROR[0m in 8773.61s]
[2026-07-13T00:33:16.174+0000] {subprocess.py:93} INFO - [0m00:33:16  5 of 6 START sql view model logistics_mart.stg_weather_consensus ............... [RUN]
[2026-07-13T01:46:28.493+0000] {subprocess.py:93} INFO - [0m01:46:28  5 of 6 ERROR creating sql view model logistics_mart.stg_weather_consensus ...... [[31mERROR[0m in 4392.32s]
[2026-07-13T01:46:29.649+0000] {subprocess.py:93} INFO - [0m01:46:29  4 of 6 ERROR creating sql view model logistics_mart.stg_weather ................ [[31mERROR[0m in 13167.10s]
[2026-07-13T02:22:49.575+0000] {subprocess.py:93} INFO - [0m02:22:49  1 of 6 OK created sql table model logistics_mart.dim_drivers ................... [[32mCREATE TABLE (3.0 rows, 117.0 Bytes processed)[0m in 15346.93s]
[2026-07-13T02:22:49.710+0000] {subprocess.py:93} INFO - [0m02:22:49  2 of 6 OK created sql table model logistics_mart.dim_hubs ...................... [[32mCREATE TABLE (3.0 rows, 176.0 Bytes processed)[0m in 15346.93s]
[2026-07-13T02:22:49.759+0000] {subprocess.py:93} INFO - [0m02:22:49  6 of 6 SKIP relation logistics_mart.fact_shipment_weather ...................... [[33mSKIP[0m]
[2026-07-13T02:22:49.908+0000] {subprocess.py:93} INFO - [0m02:22:49
[2026-07-13T02:22:49.910+0000] {subprocess.py:93} INFO - [0m02:22:49  Finished running 3 table models, 3 view models in 4 hours 15 minutes and 48.96 seconds (15348.96s).
[2026-07-13T02:22:50.095+0000] {subprocess.py:93} INFO - [0m02:22:50
[2026-07-13T02:22:50.097+0000] {subprocess.py:93} INFO - [0m02:22:50  [31mCompleted with 3 errors, 0 partial successes, and 0 warnings:[0m
[2026-07-13T02:22:50.100+0000] {subprocess.py:93} INFO - [0m02:22:50
[2026-07-13T02:22:50.105+0000] {subprocess.py:93} INFO - [0m02:22:50  [31mFailure in model stg_shipments (models/staging/stg_shipments.sql)[0m
[2026-07-13T02:22:50.108+0000] {subprocess.py:93} INFO - [0m02:22:50    Database Error in model stg_shipments (models/staging/stg_shipments.sql)
[2026-07-13T02:22:50.109+0000] {subprocess.py:93} INFO -   Unable to generate access token, if you're using impersonate_service_account, make sure your initial account has the "roles/iam.serviceAccountTokenCreator" role on the account you are trying to impersonate.
[2026-07-13T02:22:50.111+0000] {subprocess.py:93} INFO - 
[2026-07-13T02:22:50.112+0000] {subprocess.py:93} INFO -   ('invalid_grant: Invalid JWT: Token must be a short-lived token (60 minutes) and in a reasonable timeframe. Check your iat and exp values in the JWT claim.', {'error': 'invalid_grant', 'error_description': 'Invalid JWT: Token must be a short-lived token (60 minutes) and in a reasonable timeframe. Check your iat and exp values in the JWT claim.'})
[2026-07-13T02:22:50.120+0000] {subprocess.py:93} INFO -   compiled code at target/run/logistics_lakehouse/models/staging/stg_shipments.sql
[2026-07-13T02:22:50.129+0000] {subprocess.py:93} INFO - [0m02:22:50
[2026-07-13T02:22:50.141+0000] {subprocess.py:93} INFO - [0m02:22:50    compiled code at target/compiled/logistics_lakehouse/models/staging/stg_shipments.sql
[2026-07-13T02:22:50.146+0000] {subprocess.py:93} INFO - [0m02:22:50
[2026-07-13T02:22:50.148+0000] {subprocess.py:93} INFO - [0m02:22:50  [31mFailure in model stg_weather_consensus (models/staging/stg_weather_consensus.sql)[0m
[2026-07-13T02:22:50.148+0000] {subprocess.py:93} INFO - [0m02:22:50    Database Error in model stg_weather_consensus (models/staging/stg_weather_consensus.sql)
[2026-07-13T02:22:50.148+0000] {subprocess.py:93} INFO -   Unable to generate access token, if you're using impersonate_service_account, make sure your initial account has the "roles/iam.serviceAccountTokenCreator" role on the account you are trying to impersonate.
[2026-07-13T02:22:50.148+0000] {subprocess.py:93} INFO - 
[2026-07-13T02:22:50.149+0000] {subprocess.py:93} INFO -   ('invalid_grant: Invalid JWT: Token must be a short-lived token (60 minutes) and in a reasonable timeframe. Check your iat and exp values in the JWT claim.', {'error': 'invalid_grant', 'error_description': 'Invalid JWT: Token must be a short-lived token (60 minutes) and in a reasonable timeframe. Check your iat and exp values in the JWT claim.'})
[2026-07-13T02:22:50.150+0000] {subprocess.py:93} INFO -   compiled code at target/run/logistics_lakehouse/models/staging/stg_weather_consensus.sql
[2026-07-13T02:22:50.150+0000] {subprocess.py:93} INFO - [0m02:22:50
[2026-07-13T02:22:50.151+0000] {subprocess.py:93} INFO - [0m02:22:50    compiled code at target/compiled/logistics_lakehouse/models/staging/stg_weather_consensus.sql
[2026-07-13T02:22:50.151+0000] {subprocess.py:93} INFO - [0m02:22:50
[2026-07-13T02:22:50.152+0000] {subprocess.py:93} INFO - [0m02:22:50  [31mFailure in model stg_weather (models/staging/stg_weather.sql)[0m
[2026-07-13T02:22:50.153+0000] {subprocess.py:93} INFO - [0m02:22:50    Database Error in model stg_weather (models/staging/stg_weather.sql)
[2026-07-13T02:22:50.153+0000] {subprocess.py:93} INFO -   409 POST https://bigquery.googleapis.com/bigquery/v2/projects/logistics-500519/jobs?prettyPrint=false: Already Exists: Job logistics-500519:US.4fbc8772-b1e1-432b-aac7-4a4b23b6bacf
[2026-07-13T02:22:50.153+0000] {subprocess.py:93} INFO - 
[2026-07-13T02:22:50.154+0000] {subprocess.py:93} INFO -   Location: None
[2026-07-13T02:22:50.154+0000] {subprocess.py:93} INFO -   Job ID: 4fbc8772-b1e1-432b-aac7-4a4b23b6bacf
[2026-07-13T02:22:50.154+0000] {subprocess.py:93} INFO - 
[2026-07-13T02:22:50.155+0000] {subprocess.py:93} INFO -   compiled code at target/run/logistics_lakehouse/models/staging/stg_weather.sql
[2026-07-13T02:22:50.155+0000] {subprocess.py:93} INFO - [0m02:22:50
[2026-07-13T02:22:50.155+0000] {subprocess.py:93} INFO - [0m02:22:50    compiled code at target/compiled/logistics_lakehouse/models/staging/stg_weather.sql
[2026-07-13T02:22:50.155+0000] {subprocess.py:93} INFO - [0m02:22:50
[2026-07-13T02:22:50.155+0000] {subprocess.py:93} INFO - [0m02:22:50  Done. PASS=2 WARN=0 ERROR=3 SKIP=1 NO-OP=0 TOTAL=6
[2026-07-13T02:22:53.174+0000] {subprocess.py:97} INFO - Command exited with return code 1
[2026-07-13T02:22:53.184+0000] {taskinstance.py:441} INFO - ::group::Post task execution logs
[2026-07-13T02:22:53.304+0000] {taskinstance.py:2905} ERROR - Task failed with exception
Traceback (most recent call last):
  File "/home/airflow/.local/lib/python3.12/site-packages/airflow/models/taskinstance.py", line 465, in _execute_task
    result = _execute_callable(context=context, **execute_callable_kwargs)
             ^^^^^^^^^^^^^^^^^^^^^^^^^^^^^^^^^^^^^^^^^^^^^^^^^^^^^^^^^^^^^
  File "/home/airflow/.local/lib/python3.12/site-packages/airflow/models/taskinstance.py", line 432, in _execute_callable
    return execute_callable(context=context, **execute_callable_kwargs)
           ^^^^^^^^^^^^^^^^^^^^^^^^^^^^^^^^^^^^^^^^^^^^^^^^^^^^^^^^^^^^
  File "/home/airflow/.local/lib/python3.12/site-packages/airflow/models/baseoperator.py", line 400, in wrapper
    return func(self, *args, **kwargs)
           ^^^^^^^^^^^^^^^^^^^^^^^^^^^
  File "/home/airflow/.local/lib/python3.12/site-packages/airflow/operators/bash.py", line 243, in execute
    raise AirflowException(
airflow.exceptions.AirflowException: Bash command failed. The command returned a non-zero exit code 1.
[2026-07-13T02:22:53.332+0000] {taskinstance.py:1206} INFO - Marking task as UP_FOR_RETRY. dag_id=gold_dbt_dag, task_id=trigger_dbt_build, run_id=dataset_triggered__2026-07-12T22:06:57.190420+00:00, execution_date=20260712T220657, start_date=20260712T220657, end_date=20260713T022253
[2026-07-13T02:22:53.387+0000] {standard_task_runner.py:110} ERROR - Failed to execute job 260 for task trigger_dbt_build (Bash command failed. The command returned a non-zero exit code 1.; 46511)
[2026-07-13T02:22:53.429+0000] {local_task_job_runner.py:240} INFO - Task exited with return code 1
[2026-07-13T02:22:53.506+0000] {taskinstance.py:3498} INFO - 0 downstream tasks scheduled from follow-on schedule check
[2026-07-13T02:22:53.506+0000] {local_task_job_runner.py:222} INFO - ::endgroup::
