[2026-07-13T02:24:53.729+0000] {local_task_job_runner.py:120} INFO - ::group::Pre task execution logs
[2026-07-13T02:24:53.759+0000] {taskinstance.py:2076} INFO - Dependencies all met for dep_context=non-requeueable deps ti=<TaskInstance: gold_dbt_dag.trigger_dbt_build dataset_triggered__2026-07-12T22:06:57.190420+00:00 [queued]>
[2026-07-13T02:24:53.762+0000] {taskinstance.py:2076} INFO - Dependencies all met for dep_context=requeueable deps ti=<TaskInstance: gold_dbt_dag.trigger_dbt_build dataset_triggered__2026-07-12T22:06:57.190420+00:00 [queued]>
[2026-07-13T02:24:53.763+0000] {taskinstance.py:2306} INFO - Starting attempt 2 of 2
[2026-07-13T02:24:53.768+0000] {taskinstance.py:2330} INFO - Executing <Task(BashOperator): trigger_dbt_build> on 2026-07-12 22:06:57.190420+00:00
[2026-07-13T02:24:53.778+0000] {logging_mixin.py:188} WARNING - /home/***/.local/lib/python3.12/site-packages/***/task/task_runner/standard_task_runner.py:61 DeprecationWarning: This process (pid=48266) is multi-threaded, use of fork() may lead to deadlocks in the child.
[2026-07-13T02:24:53.778+0000] {standard_task_runner.py:63} INFO - Started process 48267 to run task
[2026-07-13T02:24:53.778+0000] {standard_task_runner.py:90} INFO - Running: ['***', 'tasks', 'run', 'gold_dbt_dag', 'trigger_dbt_build', 'dataset_triggered__2026-07-12T22:06:57.190420+00:00', '--job-id', '276', '--raw', '--subdir', 'DAGS_FOLDER/dag_gold_dbt.py', '--cfg-path', '/tmp/tmput9p7ehz']
[2026-07-13T02:24:53.780+0000] {standard_task_runner.py:91} INFO - Job 276: Subtask trigger_dbt_build
[2026-07-13T02:24:53.809+0000] {task_command.py:426} INFO - Running <TaskInstance: gold_dbt_dag.trigger_dbt_build dataset_triggered__2026-07-12T22:06:57.190420+00:00 [running]> on host ad4e12f53b08
[2026-07-13T02:24:53.859+0000] {taskinstance.py:2648} INFO - Exporting env vars: AIRFLOW_CTX_DAG_OWNER='data_engineer' AIRFLOW_CTX_DAG_ID='gold_dbt_dag' AIRFLOW_CTX_TASK_ID='trigger_dbt_build' AIRFLOW_CTX_EXECUTION_DATE='2026-07-12T22:06:57.190420+00:00' AIRFLOW_CTX_TRY_NUMBER='2' AIRFLOW_CTX_DAG_RUN_ID='dataset_triggered__2026-07-12T22:06:57.190420+00:00'
[2026-07-13T02:24:53.859+0000] {taskinstance.py:430} INFO - ::endgroup::
[2026-07-13T02:24:53.870+0000] {subprocess.py:63} INFO - Tmp dir root location: /tmp
[2026-07-13T02:24:53.873+0000] {subprocess.py:75} INFO - Running command: ['/usr/bin/bash', '-c', 'cd /opt/***/dbt && dbt build --profiles-dir . --target dev']
[2026-07-13T02:24:53.878+0000] {subprocess.py:86} INFO - Output:
[2026-07-13T02:24:55.261+0000] {subprocess.py:93} INFO - [0m02:24:55  Running with dbt=1.11.11
[2026-07-13T02:24:55.841+0000] {subprocess.py:93} INFO - [0m02:24:55  Registered adapter: bigquery=1.11.3
[2026-07-13T02:24:56.068+0000] {subprocess.py:93} INFO - [0m02:24:56  Found 6 models, 4 sources, 553 macros
[2026-07-13T02:24:56.069+0000] {subprocess.py:93} INFO - [0m02:24:56
[2026-07-13T02:24:56.069+0000] {subprocess.py:93} INFO - [0m02:24:56  Concurrency: 4 threads (target='dev')
[2026-07-13T02:24:56.070+0000] {subprocess.py:93} INFO - [0m02:24:56
[2026-07-13T02:24:57.882+0000] {subprocess.py:93} INFO - [0m02:24:57  1 of 6 START sql table model logistics_mart.dim_drivers ........................ [RUN]
[2026-07-13T02:24:57.883+0000] {subprocess.py:93} INFO - [0m02:24:57  2 of 6 START sql table model logistics_mart.dim_hubs ........................... [RUN]
[2026-07-13T02:24:57.883+0000] {subprocess.py:93} INFO - [0m02:24:57  3 of 6 START sql view model logistics_mart.stg_shipments ....................... [RUN]
[2026-07-13T02:24:57.884+0000] {subprocess.py:93} INFO - [0m02:24:57  4 of 6 START sql view model logistics_mart.stg_weather ......................... [RUN]
[2026-07-13T02:24:59.808+0000] {subprocess.py:93} INFO - [0m02:24:59  4 of 6 OK created sql view model logistics_mart.stg_weather .................... [[32mCREATE VIEW (0 processed)[0m in 1.92s]
[2026-07-13T02:24:59.809+0000] {subprocess.py:93} INFO - [0m02:24:59  3 of 6 OK created sql view model logistics_mart.stg_shipments .................. [[32mCREATE VIEW (0 processed)[0m in 1.92s]
[2026-07-13T02:24:59.811+0000] {subprocess.py:93} INFO - [0m02:24:59  5 of 6 START sql view model logistics_mart.stg_weather_consensus ............... [RUN]
[2026-07-13T02:25:01.517+0000] {subprocess.py:93} INFO - [0m02:25:01  5 of 6 OK created sql view model logistics_mart.stg_weather_consensus .......... [[32mCREATE VIEW (0 processed)[0m in 1.70s]
[2026-07-13T02:25:01.614+0000] {subprocess.py:93} INFO - [0m02:25:01  2 of 6 OK created sql table model logistics_mart.dim_hubs ...................... [[32mCREATE TABLE (3.0 rows, 176.0 Bytes processed)[0m in 3.73s]
[2026-07-13T02:25:01.617+0000] {subprocess.py:93} INFO - [0m02:25:01  6 of 6 START sql table model logistics_mart.fact_shipment_weather .............. [RUN]
[2026-07-13T02:25:01.637+0000] {subprocess.py:93} INFO - [0m02:25:01  1 of 6 OK created sql table model logistics_mart.dim_drivers ................... [[32mCREATE TABLE (3.0 rows, 117.0 Bytes processed)[0m in 3.75s]
[2026-07-13T02:25:05.333+0000] {subprocess.py:93} INFO - [0m02:25:05  6 of 6 OK created sql table model logistics_mart.fact_shipment_weather ......... [[32mCREATE TABLE (7.0 rows, 1022.0 Bytes processed)[0m in 3.71s]
[2026-07-13T02:25:05.387+0000] {subprocess.py:93} INFO - [0m02:25:05
[2026-07-13T02:25:05.388+0000] {subprocess.py:93} INFO - [0m02:25:05  Finished running 3 table models, 3 view models in 0 hours 0 minutes and 9.32 seconds (9.32s).
[2026-07-13T02:25:05.433+0000] {subprocess.py:93} INFO - [0m02:25:05
[2026-07-13T02:25:05.434+0000] {subprocess.py:93} INFO - [0m02:25:05  [32mCompleted successfully[0m
[2026-07-13T02:25:05.435+0000] {subprocess.py:93} INFO - [0m02:25:05
[2026-07-13T02:25:05.435+0000] {subprocess.py:93} INFO - [0m02:25:05  Done. PASS=6 WARN=0 ERROR=0 SKIP=0 NO-OP=0 TOTAL=6
[2026-07-13T02:25:07.218+0000] {subprocess.py:97} INFO - Command exited with return code 0
[2026-07-13T02:25:07.220+0000] {taskinstance.py:441} INFO - ::group::Post task execution logs
[2026-07-13T02:25:07.253+0000] {taskinstance.py:1206} INFO - Marking task as SUCCESS. dag_id=gold_dbt_dag, task_id=trigger_dbt_build, run_id=dataset_triggered__2026-07-12T22:06:57.190420+00:00, execution_date=20260712T220657, start_date=20260713T022453, end_date=20260713T022507
[2026-07-13T02:25:07.270+0000] {local_task_job_runner.py:240} INFO - Task exited with return code 0
[2026-07-13T02:25:07.282+0000] {taskinstance.py:3498} INFO - 0 downstream tasks scheduled from follow-on schedule check
[2026-07-13T02:25:07.283+0000] {local_task_job_runner.py:222} INFO - ::endgroup::
