[2026-06-30T19:00:02.975+0000] {local_task_job_runner.py:120} INFO - ::group::Pre task execution logs
[2026-06-30T19:00:02.987+0000] {taskinstance.py:2076} INFO - Dependencies all met for dep_context=non-requeueable deps ti=<TaskInstance: logistics_postgres_to_bq.push_to_bigquery dataset_triggered__2026-06-30T19:00:01.828212+00:00 [queued]>
[2026-06-30T19:00:02.990+0000] {taskinstance.py:2076} INFO - Dependencies all met for dep_context=requeueable deps ti=<TaskInstance: logistics_postgres_to_bq.push_to_bigquery dataset_triggered__2026-06-30T19:00:01.828212+00:00 [queued]>
[2026-06-30T19:00:02.990+0000] {taskinstance.py:2306} INFO - Starting attempt 1 of 1
[2026-06-30T19:00:02.996+0000] {taskinstance.py:2330} INFO - Executing <Task(PythonOperator): push_to_bigquery> on 2026-06-30 19:00:01.828212+00:00
[2026-06-30T19:00:03.017+0000] {logging_mixin.py:188} WARNING - /home/***/.local/lib/python3.12/site-packages/***/task/task_runner/standard_task_runner.py:61 DeprecationWarning: This process (pid=23474) is multi-threaded, use of fork() may lead to deadlocks in the child.
[2026-06-30T19:00:03.009+0000] {standard_task_runner.py:90} INFO - Running: ['***', 'tasks', 'run', 'logistics_postgres_to_bq', 'push_to_bigquery', 'dataset_triggered__2026-06-30T19:00:01.828212+00:00', '--job-id', '73', '--raw', '--subdir', 'DAGS_FOLDER/dag_postgres_to_bq.py', '--cfg-path', '/tmp/tmpd4ts4obs']
[2026-06-30T19:00:03.020+0000] {standard_task_runner.py:63} INFO - Started process 23479 to run task
[2026-06-30T19:00:03.020+0000] {standard_task_runner.py:91} INFO - Job 73: Subtask push_to_bigquery
[2026-06-30T19:00:03.112+0000] {task_command.py:426} INFO - Running <TaskInstance: logistics_postgres_to_bq.push_to_bigquery dataset_triggered__2026-06-30T19:00:01.828212+00:00 [running]> on host c0dde85f51a2
[2026-06-30T19:00:03.171+0000] {taskinstance.py:2648} INFO - Exporting env vars: AIRFLOW_CTX_DAG_OWNER='***' AIRFLOW_CTX_DAG_ID='logistics_postgres_to_bq' AIRFLOW_CTX_TASK_ID='push_to_bigquery' AIRFLOW_CTX_EXECUTION_DATE='2026-06-30T19:00:01.828212+00:00' AIRFLOW_CTX_TRY_NUMBER='1' AIRFLOW_CTX_DAG_RUN_ID='dataset_triggered__2026-06-30T19:00:01.828212+00:00'
[2026-06-30T19:00:03.172+0000] {taskinstance.py:430} INFO - ::endgroup::
[2026-06-30T19:00:04.136+0000] {logging_mixin.py:188} WARNING - /opt/***/dags/dag_postgres_to_bq.py:34 UserWarning: pandas only supports SQLAlchemy connectable (engine/connection) or database string URI or sqlite3 DBAPI2 connection. Other DBAPI2 objects are not tested. Please consider using SQLAlchemy.
[2026-06-30T19:00:08.998+0000] {logging_mixin.py:188} INFO - Pushed 87 rows from shipments to BigQuery.
[2026-06-30T19:00:09.003+0000] {logging_mixin.py:188} WARNING - /opt/***/dags/dag_postgres_to_bq.py:34 UserWarning: pandas only supports SQLAlchemy connectable (engine/connection) or database string URI or sqlite3 DBAPI2 connection. Other DBAPI2 objects are not tested. Please consider using SQLAlchemy.
[2026-06-30T19:00:14.522+0000] {logging_mixin.py:188} INFO - Pushed 3 rows from hubs to BigQuery.
[2026-06-30T19:00:14.525+0000] {logging_mixin.py:188} WARNING - /opt/***/dags/dag_postgres_to_bq.py:34 UserWarning: pandas only supports SQLAlchemy connectable (engine/connection) or database string URI or sqlite3 DBAPI2 connection. Other DBAPI2 objects are not tested. Please consider using SQLAlchemy.
[2026-06-30T19:00:19.352+0000] {logging_mixin.py:188} INFO - Pushed 3 rows from drivers to BigQuery.
[2026-06-30T19:00:19.355+0000] {python.py:237} INFO - Done. Returned value was: None
[2026-06-30T19:00:19.359+0000] {taskinstance.py:441} INFO - ::group::Post task execution logs
[2026-06-30T19:00:19.396+0000] {taskinstance.py:1206} INFO - Marking task as SUCCESS. dag_id=logistics_postgres_to_bq, task_id=push_to_bigquery, run_id=dataset_triggered__2026-06-30T19:00:01.828212+00:00, execution_date=20260630T190001, start_date=20260630T190002, end_date=20260630T190019
[2026-06-30T19:00:19.443+0000] {local_task_job_runner.py:240} INFO - Task exited with return code 0
[2026-06-30T19:00:19.460+0000] {taskinstance.py:3498} INFO - 0 downstream tasks scheduled from follow-on schedule check
[2026-06-30T19:00:19.461+0000] {local_task_job_runner.py:222} INFO - ::endgroup::
