[2026-07-05T08:04:50.159+0000] {local_task_job_runner.py:120} INFO - ::group::Pre task execution logs
[2026-07-05T08:04:50.209+0000] {taskinstance.py:2076} INFO - Dependencies all met for dep_context=non-requeueable deps ti=<TaskInstance: gold_dbt_dag.trigger_dbt_build dataset_triggered__2026-07-05T05:17:58.395206+00:00 [queued]>
[2026-07-05T08:04:50.224+0000] {taskinstance.py:2076} INFO - Dependencies all met for dep_context=requeueable deps ti=<TaskInstance: gold_dbt_dag.trigger_dbt_build dataset_triggered__2026-07-05T05:17:58.395206+00:00 [queued]>
[2026-07-05T08:04:50.225+0000] {taskinstance.py:2306} INFO - Starting attempt 2 of 2
[2026-07-05T08:04:50.247+0000] {taskinstance.py:2330} INFO - Executing <Task(BashOperator): trigger_dbt_build> on 2026-07-05 05:17:58.395206+00:00
[2026-07-05T08:04:50.262+0000] {logging_mixin.py:188} WARNING - /home/***/.local/lib/python3.12/site-packages/***/task/task_runner/standard_task_runner.py:61 DeprecationWarning: This process (pid=47221) is multi-threaded, use of fork() may lead to deadlocks in the child.
[2026-07-05T08:04:50.260+0000] {standard_task_runner.py:90} INFO - Running: ['***', 'tasks', 'run', 'gold_dbt_dag', 'trigger_dbt_build', 'dataset_triggered__2026-07-05T05:17:58.395206+00:00', '--job-id', '643', '--raw', '--subdir', 'DAGS_FOLDER/dag_gold_dbt.py', '--cfg-path', '/tmp/tmpcm0hs3xj']
[2026-07-05T08:04:50.264+0000] {standard_task_runner.py:63} INFO - Started process 47241 to run task
[2026-07-05T08:04:50.264+0000] {standard_task_runner.py:91} INFO - Job 643: Subtask trigger_dbt_build
[2026-07-05T08:04:50.336+0000] {task_command.py:426} INFO - Running <TaskInstance: gold_dbt_dag.trigger_dbt_build dataset_triggered__2026-07-05T05:17:58.395206+00:00 [running]> on host bd23e89d97be
[2026-07-05T08:04:50.469+0000] {taskinstance.py:2648} INFO - Exporting env vars: AIRFLOW_CTX_DAG_OWNER='data_engineer' AIRFLOW_CTX_DAG_ID='gold_dbt_dag' AIRFLOW_CTX_TASK_ID='trigger_dbt_build' AIRFLOW_CTX_EXECUTION_DATE='2026-07-05T05:17:58.395206+00:00' AIRFLOW_CTX_TRY_NUMBER='2' AIRFLOW_CTX_DAG_RUN_ID='dataset_triggered__2026-07-05T05:17:58.395206+00:00'
[2026-07-05T08:04:50.472+0000] {taskinstance.py:430} INFO - ::endgroup::
[2026-07-05T08:04:50.501+0000] {subprocess.py:63} INFO - Tmp dir root location: /tmp
[2026-07-05T08:04:50.504+0000] {subprocess.py:75} INFO - Running command: ['/usr/bin/bash', '-c', 'cd /opt/***/dbt && dbt build --profiles-dir . --target dev']
[2026-07-05T08:04:50.536+0000] {subprocess.py:86} INFO - Output:
[2026-07-05T08:04:52.518+0000] {subprocess.py:93} INFO - [0m08:04:52  Running with dbt=1.11.11
[2026-07-05T08:04:53.082+0000] {subprocess.py:93} INFO - [0m08:04:53  Registered adapter: bigquery=1.11.3
[2026-07-05T08:04:54.014+0000] {subprocess.py:93} INFO - [0m08:04:54  Found 5 models, 4 sources, 553 macros
[2026-07-05T08:04:54.018+0000] {subprocess.py:93} INFO - [0m08:04:54
[2026-07-05T08:04:54.019+0000] {subprocess.py:93} INFO - [0m08:04:54  Concurrency: 4 threads (target='dev')
[2026-07-05T08:04:54.020+0000] {subprocess.py:93} INFO - [0m08:04:54
[2026-07-05T08:04:55.716+0000] {subprocess.py:93} INFO - [0m08:04:55  1 of 5 START sql table model logistics_mart.dim_drivers ........................ [RUN]
[2026-07-05T08:04:55.716+0000] {subprocess.py:93} INFO - [0m08:04:55  2 of 5 START sql table model logistics_mart.dim_hubs ........................... [RUN]
[2026-07-05T08:04:55.717+0000] {subprocess.py:93} INFO - [0m08:04:55  3 of 5 START sql view model logistics_mart.stg_shipments ....................... [RUN]
[2026-07-05T08:04:55.717+0000] {subprocess.py:93} INFO - [0m08:04:55  4 of 5 START sql view model logistics_mart.stg_weather ......................... [RUN]
[2026-07-05T08:04:57.768+0000] {subprocess.py:93} INFO - [0m08:04:57  3 of 5 OK created sql view model logistics_mart.stg_shipments .................. [[32mCREATE VIEW (0 processed)[0m in 2.05s]
[2026-07-05T08:04:57.796+0000] {subprocess.py:93} INFO - [0m08:04:57  4 of 5 OK created sql view model logistics_mart.stg_weather .................... [[32mCREATE VIEW (0 processed)[0m in 2.08s]
[2026-07-05T09:55:36.129+0000] {subprocess.py:93} INFO - [0m09:55:36  1 of 5 ERROR creating sql table model logistics_mart.dim_drivers ............... [[31mERROR[0m in 6640.40s]
[2026-07-05T09:55:36.697+0000] {subprocess.py:93} INFO - [0m09:55:36  2 of 5 ERROR creating sql table model logistics_mart.dim_hubs .................. [[31mERROR[0m in 6640.98s]
[2026-07-05T09:55:36.700+0000] {subprocess.py:93} INFO - [0m09:55:36  5 of 5 SKIP relation logistics_mart.fact_shipment_weather ...................... [[33mSKIP[0m]
[2026-07-05T09:55:36.740+0000] {subprocess.py:93} INFO - [0m09:55:36
[2026-07-05T09:55:36.741+0000] {subprocess.py:93} INFO - [0m09:55:36  Finished running 3 table models, 2 view models in 1 hours 50 minutes and 42.72 seconds (6642.72s).
[2026-07-05T09:55:36.782+0000] {subprocess.py:93} INFO - [0m09:55:36
[2026-07-05T09:55:36.782+0000] {subprocess.py:93} INFO - [0m09:55:36  [31mCompleted with 2 errors, 0 partial successes, and 0 warnings:[0m
[2026-07-05T09:55:36.783+0000] {subprocess.py:93} INFO - [0m09:55:36
[2026-07-05T09:55:36.783+0000] {subprocess.py:93} INFO - [0m09:55:36  [31mFailure in model dim_drivers (models/mart/dim_drivers.sql)[0m
[2026-07-05T09:55:36.783+0000] {subprocess.py:93} INFO - [0m09:55:36    Database Error in model dim_drivers (models/mart/dim_drivers.sql)
[2026-07-05T09:55:36.784+0000] {subprocess.py:93} INFO -   ('Connection aborted.', RemoteDisconnected('Remote end closed connection without response'))
[2026-07-05T09:55:36.784+0000] {subprocess.py:93} INFO -   compiled code at target/run/logistics_lakehouse/models/mart/dim_drivers.sql
[2026-07-05T09:55:36.784+0000] {subprocess.py:93} INFO - [0m09:55:36
[2026-07-05T09:55:36.784+0000] {subprocess.py:93} INFO - [0m09:55:36    compiled code at target/compiled/logistics_lakehouse/models/mart/dim_drivers.sql
[2026-07-05T09:55:36.785+0000] {subprocess.py:93} INFO - [0m09:55:36
[2026-07-05T09:55:36.785+0000] {subprocess.py:93} INFO - [0m09:55:36  [31mFailure in model dim_hubs (models/mart/dim_hubs.sql)[0m
[2026-07-05T09:55:36.786+0000] {subprocess.py:93} INFO - [0m09:55:36    Database Error in model dim_hubs (models/mart/dim_hubs.sql)
[2026-07-05T09:55:36.786+0000] {subprocess.py:93} INFO -   ('Connection aborted.', RemoteDisconnected('Remote end closed connection without response'))
[2026-07-05T09:55:36.786+0000] {subprocess.py:93} INFO -   compiled code at target/run/logistics_lakehouse/models/mart/dim_hubs.sql
[2026-07-05T09:55:36.786+0000] {subprocess.py:93} INFO - [0m09:55:36
[2026-07-05T09:55:36.786+0000] {subprocess.py:93} INFO - [0m09:55:36    compiled code at target/compiled/logistics_lakehouse/models/mart/dim_hubs.sql
[2026-07-05T09:55:36.787+0000] {subprocess.py:93} INFO - [0m09:55:36
[2026-07-05T09:55:36.787+0000] {subprocess.py:93} INFO - [0m09:55:36  Done. PASS=2 WARN=0 ERROR=2 SKIP=1 NO-OP=0 TOTAL=5
[2026-07-05T09:55:38.607+0000] {subprocess.py:97} INFO - Command exited with return code 1
[2026-07-05T09:55:38.609+0000] {taskinstance.py:441} INFO - ::group::Post task execution logs
[2026-07-05T09:55:38.623+0000] {taskinstance.py:2905} ERROR - Task failed with exception
Traceback (most recent call last):
  File "/home/airflow/.local/lib/python3.12/site-packages/airflow/models/taskinstance.py", line 465, in _execute_task
    result = _execute_callable(context=context, **execute_callable_kwargs)
             ^^^^^^^^^^^^^^^^^^^^^^^^^^^^^^^^^^^^^^^^^^^^^^^^^^^^^^^^^^^^^
  File "/home/airflow/.local/lib/python3.12/site-packages/airflow/models/taskinstance.py", line 432, in _execute_callable
    return execute_callable(context=context, **execute_callable_kwargs)
           ^^^^^^^^^^^^^^^^^^^^^^^^^^^^^^^^^^^^^^^^^^^^^^^^^^^^^^^^^^^^
  File "/home/airflow/.local/lib/python3.12/site-packages/airflow/models/baseoperator.py", line 400, in wrapper
    return func(self, *args, **kwargs)
           ^^^^^^^^^^^^^^^^^^^^^^^^^^^
  File "/home/airflow/.local/lib/python3.12/site-packages/airflow/operators/bash.py", line 243, in execute
    raise AirflowException(
airflow.exceptions.AirflowException: Bash command failed. The command returned a non-zero exit code 1.
[2026-07-05T09:55:38.627+0000] {taskinstance.py:1206} INFO - Marking task as FAILED. dag_id=gold_dbt_dag, task_id=trigger_dbt_build, run_id=dataset_triggered__2026-07-05T05:17:58.395206+00:00, execution_date=20260705T051758, start_date=20260705T080450, end_date=20260705T095538
[2026-07-05T09:55:38.648+0000] {standard_task_runner.py:110} ERROR - Failed to execute job 643 for task trigger_dbt_build (Bash command failed. The command returned a non-zero exit code 1.; 47241)
[2026-07-05T09:55:38.691+0000] {local_task_job_runner.py:240} INFO - Task exited with return code 1
[2026-07-05T09:55:38.708+0000] {taskinstance.py:3498} INFO - 0 downstream tasks scheduled from follow-on schedule check
[2026-07-05T09:55:38.709+0000] {local_task_job_runner.py:222} INFO - ::endgroup::
