[2026-07-02T23:02:47.319+0000] {local_task_job_runner.py:120} INFO - ::group::Pre task execution logs
[2026-07-02T23:02:47.330+0000] {taskinstance.py:2076} INFO - Dependencies all met for dep_context=non-requeueable deps ti=<TaskInstance: logistics_postgres_to_bq.push_to_bigquery dataset_triggered__2026-07-02T23:02:46.301547+00:00 [queued]>
[2026-07-02T23:02:47.332+0000] {taskinstance.py:2076} INFO - Dependencies all met for dep_context=requeueable deps ti=<TaskInstance: logistics_postgres_to_bq.push_to_bigquery dataset_triggered__2026-07-02T23:02:46.301547+00:00 [queued]>
[2026-07-02T23:02:47.332+0000] {taskinstance.py:2306} INFO - Starting attempt 1 of 1
[2026-07-02T23:02:47.337+0000] {taskinstance.py:2330} INFO - Executing <Task(PythonOperator): push_to_bigquery> on 2026-07-02 23:02:46.301547+00:00
[2026-07-02T23:02:47.340+0000] {logging_mixin.py:188} WARNING - /home/***/.local/lib/python3.12/site-packages/***/task/task_runner/standard_task_runner.py:61 DeprecationWarning: This process (pid=97029) is multi-threaded, use of fork() may lead to deadlocks in the child.
[2026-07-02T23:02:47.341+0000] {standard_task_runner.py:63} INFO - Started process 97036 to run task
[2026-07-02T23:02:47.340+0000] {standard_task_runner.py:90} INFO - Running: ['***', 'tasks', 'run', 'logistics_postgres_to_bq', 'push_to_bigquery', 'dataset_triggered__2026-07-02T23:02:46.301547+00:00', '--job-id', '305', '--raw', '--subdir', 'DAGS_FOLDER/dag_postgres_to_bq.py', '--cfg-path', '/tmp/tmpzp8k5qdf']
[2026-07-02T23:02:47.341+0000] {standard_task_runner.py:91} INFO - Job 305: Subtask push_to_bigquery
[2026-07-02T23:02:47.359+0000] {task_command.py:426} INFO - Running <TaskInstance: logistics_postgres_to_bq.push_to_bigquery dataset_triggered__2026-07-02T23:02:46.301547+00:00 [running]> on host bd23e89d97be
[2026-07-02T23:02:47.429+0000] {taskinstance.py:2648} INFO - Exporting env vars: AIRFLOW_CTX_DAG_OWNER='***' AIRFLOW_CTX_DAG_ID='logistics_postgres_to_bq' AIRFLOW_CTX_TASK_ID='push_to_bigquery' AIRFLOW_CTX_EXECUTION_DATE='2026-07-02T23:02:46.301547+00:00' AIRFLOW_CTX_TRY_NUMBER='1' AIRFLOW_CTX_DAG_RUN_ID='dataset_triggered__2026-07-02T23:02:46.301547+00:00'
[2026-07-02T23:02:47.431+0000] {taskinstance.py:430} INFO - ::endgroup::
[2026-07-02T23:02:48.303+0000] {logging_mixin.py:188} WARNING - /opt/***/dags/dag_postgres_to_bq.py:34 UserWarning: pandas only supports SQLAlchemy connectable (engine/connection) or database string URI or sqlite3 DBAPI2 connection. Other DBAPI2 objects are not tested. Please consider using SQLAlchemy.
[2026-07-02T23:02:51.890+0000] {logging_mixin.py:188} INFO - Pushed 326 rows from shipments to BigQuery.
[2026-07-02T23:02:51.892+0000] {logging_mixin.py:188} WARNING - /opt/***/dags/dag_postgres_to_bq.py:34 UserWarning: pandas only supports SQLAlchemy connectable (engine/connection) or database string URI or sqlite3 DBAPI2 connection. Other DBAPI2 objects are not tested. Please consider using SQLAlchemy.
[2026-07-02T23:02:56.895+0000] {logging_mixin.py:188} INFO - Pushed 3 rows from hubs to BigQuery.
[2026-07-02T23:02:56.904+0000] {logging_mixin.py:188} WARNING - /opt/***/dags/dag_postgres_to_bq.py:34 UserWarning: pandas only supports SQLAlchemy connectable (engine/connection) or database string URI or sqlite3 DBAPI2 connection. Other DBAPI2 objects are not tested. Please consider using SQLAlchemy.
[2026-07-02T23:03:00.443+0000] {logging_mixin.py:188} INFO - Pushed 3 rows from drivers to BigQuery.
[2026-07-02T23:03:00.444+0000] {python.py:237} INFO - Done. Returned value was: None
[2026-07-02T23:03:00.450+0000] {taskinstance.py:441} INFO - ::group::Post task execution logs
[2026-07-02T23:03:00.466+0000] {taskinstance.py:1206} INFO - Marking task as SUCCESS. dag_id=logistics_postgres_to_bq, task_id=push_to_bigquery, run_id=dataset_triggered__2026-07-02T23:02:46.301547+00:00, execution_date=20260702T230246, start_date=20260702T230247, end_date=20260702T230300
[2026-07-02T23:03:00.499+0000] {local_task_job_runner.py:240} INFO - Task exited with return code 0
[2026-07-02T23:03:00.513+0000] {taskinstance.py:3498} INFO - 0 downstream tasks scheduled from follow-on schedule check
[2026-07-02T23:03:00.514+0000] {local_task_job_runner.py:222} INFO - ::endgroup::
