[2026-07-07T03:00:16.117+0000] {local_task_job_runner.py:120} INFO - ::group::Pre task execution logs
[2026-07-07T03:00:16.136+0000] {taskinstance.py:2076} INFO - Dependencies all met for dep_context=non-requeueable deps ti=<TaskInstance: gold_dbt_dag.trigger_dbt_build dataset_triggered__2026-07-07T03:00:15.230154+00:00 [queued]>
[2026-07-07T03:00:16.141+0000] {taskinstance.py:2076} INFO - Dependencies all met for dep_context=requeueable deps ti=<TaskInstance: gold_dbt_dag.trigger_dbt_build dataset_triggered__2026-07-07T03:00:15.230154+00:00 [queued]>
[2026-07-07T03:00:16.141+0000] {taskinstance.py:2306} INFO - Starting attempt 1 of 2
[2026-07-07T03:00:16.148+0000] {taskinstance.py:2330} INFO - Executing <Task(BashOperator): trigger_dbt_build> on 2026-07-07 03:00:15.230154+00:00
[2026-07-07T03:00:16.153+0000] {standard_task_runner.py:90} INFO - Running: ['***', 'tasks', 'run', 'gold_dbt_dag', 'trigger_dbt_build', 'dataset_triggered__2026-07-07T03:00:15.230154+00:00', '--job-id', '902', '--raw', '--subdir', 'DAGS_FOLDER/dag_gold_dbt.py', '--cfg-path', '/tmp/tmpphvj5bd6']
[2026-07-07T03:00:16.155+0000] {standard_task_runner.py:91} INFO - Job 902: Subtask trigger_dbt_build
[2026-07-07T03:00:16.158+0000] {logging_mixin.py:188} WARNING - /home/***/.local/lib/python3.12/site-packages/***/task/task_runner/standard_task_runner.py:61 DeprecationWarning: This process (pid=23068) is multi-threaded, use of fork() may lead to deadlocks in the child.
[2026-07-07T03:00:16.158+0000] {standard_task_runner.py:63} INFO - Started process 23069 to run task
[2026-07-07T03:00:16.187+0000] {task_command.py:426} INFO - Running <TaskInstance: gold_dbt_dag.trigger_dbt_build dataset_triggered__2026-07-07T03:00:15.230154+00:00 [running]> on host bd23e89d97be
[2026-07-07T03:00:16.235+0000] {taskinstance.py:2648} INFO - Exporting env vars: AIRFLOW_CTX_DAG_OWNER='data_engineer' AIRFLOW_CTX_DAG_ID='gold_dbt_dag' AIRFLOW_CTX_TASK_ID='trigger_dbt_build' AIRFLOW_CTX_EXECUTION_DATE='2026-07-07T03:00:15.230154+00:00' AIRFLOW_CTX_TRY_NUMBER='1' AIRFLOW_CTX_DAG_RUN_ID='dataset_triggered__2026-07-07T03:00:15.230154+00:00'
[2026-07-07T03:00:16.235+0000] {taskinstance.py:430} INFO - ::endgroup::
[2026-07-07T03:00:16.242+0000] {subprocess.py:63} INFO - Tmp dir root location: /tmp
[2026-07-07T03:00:16.243+0000] {subprocess.py:75} INFO - Running command: ['/usr/bin/bash', '-c', 'cd /opt/***/dbt && dbt build --profiles-dir . --target dev']
[2026-07-07T03:00:16.246+0000] {subprocess.py:86} INFO - Output:
[2026-07-07T03:00:17.741+0000] {subprocess.py:93} INFO - [0m03:00:17  Running with dbt=1.11.11
[2026-07-07T03:00:18.452+0000] {subprocess.py:93} INFO - [0m03:00:18  Registered adapter: bigquery=1.11.3
[2026-07-07T03:00:18.742+0000] {subprocess.py:93} INFO - [0m03:00:18  Found 5 models, 4 sources, 553 macros
[2026-07-07T03:00:18.743+0000] {subprocess.py:93} INFO - [0m03:00:18
[2026-07-07T03:00:18.744+0000] {subprocess.py:93} INFO - [0m03:00:18  Concurrency: 4 threads (target='dev')
[2026-07-07T03:00:18.744+0000] {subprocess.py:93} INFO - [0m03:00:18
[2026-07-07T03:00:20.534+0000] {subprocess.py:93} INFO - [0m03:00:20  1 of 5 START sql table model logistics_mart.dim_drivers ........................ [RUN]
[2026-07-07T03:00:20.535+0000] {subprocess.py:93} INFO - [0m03:00:20  2 of 5 START sql table model logistics_mart.dim_hubs ........................... [RUN]
[2026-07-07T03:00:20.535+0000] {subprocess.py:93} INFO - [0m03:00:20  3 of 5 START sql view model logistics_mart.stg_shipments ....................... [RUN]
[2026-07-07T03:00:20.536+0000] {subprocess.py:93} INFO - [0m03:00:20  4 of 5 START sql view model logistics_mart.stg_weather ......................... [RUN]
[2026-07-07T03:00:22.473+0000] {subprocess.py:93} INFO - [0m03:00:22  4 of 5 OK created sql view model logistics_mart.stg_weather .................... [[32mCREATE VIEW (0 processed)[0m in 1.93s]
[2026-07-07T03:00:22.535+0000] {subprocess.py:93} INFO - [0m03:00:22  3 of 5 OK created sql view model logistics_mart.stg_shipments .................. [[32mCREATE VIEW (0 processed)[0m in 2.00s]
[2026-07-07T03:00:24.364+0000] {subprocess.py:93} INFO - [0m03:00:24  1 of 5 OK created sql table model logistics_mart.dim_drivers ................... [[32mCREATE TABLE (3.0 rows, 108.0 Bytes processed)[0m in 3.82s]
[2026-07-07T03:00:28.358+0000] {subprocess.py:93} INFO - [0m03:00:28  2 of 5 OK created sql table model logistics_mart.dim_hubs ...................... [[32mCREATE TABLE (3.0 rows, 149.0 Bytes processed)[0m in 7.82s]
[2026-07-07T03:00:28.364+0000] {subprocess.py:93} INFO - [0m03:00:28  5 of 5 START sql table model logistics_mart.fact_shipment_weather .............. [RUN]
[2026-07-07T03:00:32.894+0000] {subprocess.py:93} INFO - [0m03:00:32  5 of 5 OK created sql table model logistics_mart.fact_shipment_weather ......... [[32mCREATE TABLE (1.1k rows, 69.0 KiB processed)[0m in 4.52s]
[2026-07-07T03:00:32.935+0000] {subprocess.py:93} INFO - [0m03:00:32
[2026-07-07T03:00:32.935+0000] {subprocess.py:93} INFO - [0m03:00:32  Finished running 3 table models, 2 view models in 0 hours 0 minutes and 14.19 seconds (14.19s).
[2026-07-07T03:00:32.996+0000] {subprocess.py:93} INFO - [0m03:00:32
[2026-07-07T03:00:32.997+0000] {subprocess.py:93} INFO - [0m03:00:32  [32mCompleted successfully[0m
[2026-07-07T03:00:32.997+0000] {subprocess.py:93} INFO - [0m03:00:32
[2026-07-07T03:00:32.998+0000] {subprocess.py:93} INFO - [0m03:00:32  Done. PASS=5 WARN=0 ERROR=0 SKIP=0 NO-OP=0 TOTAL=5
[2026-07-07T03:00:34.889+0000] {subprocess.py:97} INFO - Command exited with return code 0
[2026-07-07T03:00:34.892+0000] {taskinstance.py:441} INFO - ::group::Post task execution logs
[2026-07-07T03:00:34.931+0000] {taskinstance.py:1206} INFO - Marking task as SUCCESS. dag_id=gold_dbt_dag, task_id=trigger_dbt_build, run_id=dataset_triggered__2026-07-07T03:00:15.230154+00:00, execution_date=20260707T030015, start_date=20260707T030016, end_date=20260707T030034
[2026-07-07T03:00:34.971+0000] {local_task_job_runner.py:240} INFO - Task exited with return code 0
[2026-07-07T03:00:34.990+0000] {taskinstance.py:3498} INFO - 0 downstream tasks scheduled from follow-on schedule check
[2026-07-07T03:00:34.991+0000] {local_task_job_runner.py:222} INFO - ::endgroup::
