[2026-07-01T04:01:52.263+0000] {local_task_job_runner.py:120} INFO - ::group::Pre task execution logs
[2026-07-01T04:01:52.296+0000] {taskinstance.py:2076} INFO - Dependencies all met for dep_context=non-requeueable deps ti=<TaskInstance: silver_cdc_dag.spark_cdc_to_iceberg manual__2026-07-01T04:01:50.745883+00:00 [queued]>
[2026-07-01T04:01:52.301+0000] {taskinstance.py:2076} INFO - Dependencies all met for dep_context=requeueable deps ti=<TaskInstance: silver_cdc_dag.spark_cdc_to_iceberg manual__2026-07-01T04:01:50.745883+00:00 [queued]>
[2026-07-01T04:01:52.302+0000] {taskinstance.py:2306} INFO - Starting attempt 1 of 1
[2026-07-01T04:01:52.310+0000] {taskinstance.py:2330} INFO - Executing <Task(BashOperator): spark_cdc_to_iceberg> on 2026-07-01 04:01:50.745883+00:00
[2026-07-01T04:01:52.314+0000] {standard_task_runner.py:90} INFO - Running: ['***', 'tasks', 'run', 'silver_cdc_dag', 'spark_cdc_to_iceberg', 'manual__2026-07-01T04:01:50.745883+00:00', '--job-id', '16', '--raw', '--subdir', 'DAGS_FOLDER/dag_silver_cdc.py', '--cfg-path', '/tmp/tmpva53hc1c']
[2026-07-01T04:01:52.317+0000] {standard_task_runner.py:91} INFO - Job 16: Subtask spark_cdc_to_iceberg
[2026-07-01T04:01:52.317+0000] {logging_mixin.py:188} WARNING - /home/***/.local/lib/python3.12/site-packages/***/task/task_runner/standard_task_runner.py:61 DeprecationWarning: This process (pid=2471) is multi-threaded, use of fork() may lead to deadlocks in the child.
[2026-07-01T04:01:52.319+0000] {standard_task_runner.py:63} INFO - Started process 2472 to run task
[2026-07-01T04:01:52.359+0000] {task_command.py:426} INFO - Running <TaskInstance: silver_cdc_dag.spark_cdc_to_iceberg manual__2026-07-01T04:01:50.745883+00:00 [running]> on host bd23e89d97be
[2026-07-01T04:01:52.412+0000] {taskinstance.py:2648} INFO - Exporting env vars: AIRFLOW_CTX_DAG_OWNER='data_engineer' AIRFLOW_CTX_DAG_ID='silver_cdc_dag' AIRFLOW_CTX_TASK_ID='spark_cdc_to_iceberg' AIRFLOW_CTX_EXECUTION_DATE='2026-07-01T04:01:50.745883+00:00' AIRFLOW_CTX_TRY_NUMBER='1' AIRFLOW_CTX_DAG_RUN_ID='manual__2026-07-01T04:01:50.745883+00:00'
[2026-07-01T04:01:52.412+0000] {taskinstance.py:430} INFO - ::endgroup::
[2026-07-01T04:01:52.423+0000] {subprocess.py:63} INFO - Tmp dir root location: /tmp
[2026-07-01T04:01:52.424+0000] {subprocess.py:75} INFO - Running command: ['/usr/bin/bash', '-c', 'export JAVA_HOME=/usr/lib/jvm/default-java && python /opt/***/dags/spark/silver_cdc.py "gs://your-lakehouse-bucket/bronze/cdc/shipments/" "shipments_iceberg"']
[2026-07-01T04:01:52.429+0000] {subprocess.py:86} INFO - Output:
[2026-07-01T04:01:53.096+0000] {subprocess.py:93} INFO - WARNING: Using incubator modules: jdk.incubator.vector
[2026-07-01T04:01:53.734+0000] {subprocess.py:93} INFO - :: loading settings :: url = jar:file:/home/***/.local/lib/python3.12/site-packages/pyspark/jars/ivy-2.5.3.jar!/org/apache/ivy/core/settings/ivysettings.xml
[2026-07-01T04:01:53.765+0000] {subprocess.py:93} INFO - Ivy Default Cache set to: /home/***/.ivy2.5.2/cache
[2026-07-01T04:01:53.765+0000] {subprocess.py:93} INFO - The jars for the packages stored in: /home/***/.ivy2.5.2/jars
[2026-07-01T04:01:53.767+0000] {subprocess.py:93} INFO - org.apache.iceberg#iceberg-spark-runtime-3.5_2.12 added as a dependency
[2026-07-01T04:01:53.767+0000] {subprocess.py:93} INFO - org.apache.spark#spark-avro_2.12 added as a dependency
[2026-07-01T04:01:53.767+0000] {subprocess.py:93} INFO - :: resolving dependencies :: org.apache.spark#spark-submit-parent-4698d0ee-9e83-4885-9612-2672ded58a4c;1.0
[2026-07-01T04:01:53.767+0000] {subprocess.py:93} INFO - 	confs: [default]
[2026-07-01T04:01:54.375+0000] {subprocess.py:93} INFO - 	found org.apache.iceberg#iceberg-spark-runtime-3.5_2.12;1.5.0 in central
[2026-07-01T04:01:55.591+0000] {subprocess.py:93} INFO - 	found org.apache.spark#spark-avro_2.12;3.5.1 in central
[2026-07-01T04:01:55.609+0000] {subprocess.py:93} INFO - 	found org.tukaani#xz;1.9 in central
[2026-07-01T04:01:55.670+0000] {subprocess.py:93} INFO - downloading https://repo1.maven.org/maven2/org/apache/iceberg/iceberg-spark-runtime-3.5_2.12/1.5.0/iceberg-spark-runtime-3.5_2.12-1.5.0.jar ...
[2026-07-01T04:02:03.595+0000] {subprocess.py:93} INFO - :: resolution report :: resolve 1845ms :: artifacts dl 7982ms
[2026-07-01T04:02:03.596+0000] {subprocess.py:93} INFO - 	:: modules in use:
[2026-07-01T04:02:03.596+0000] {subprocess.py:93} INFO - 	org.apache.iceberg#iceberg-spark-runtime-3.5_2.12;1.5.0 from central in [default]
[2026-07-01T04:02:03.597+0000] {subprocess.py:93} INFO - 	org.apache.spark#spark-avro_2.12;3.5.1 from central in [default]
[2026-07-01T04:02:03.597+0000] {subprocess.py:93} INFO - 	org.tukaani#xz;1.9 from central in [default]
[2026-07-01T04:02:03.597+0000] {subprocess.py:93} INFO - 	---------------------------------------------------------------------
[2026-07-01T04:02:03.597+0000] {subprocess.py:93} INFO - 	|                  |            modules            ||   artifacts   |
[2026-07-01T04:02:03.597+0000] {subprocess.py:93} INFO - 	|       conf       | number| search|dwnlded|evicted|| number|dwnlded|
[2026-07-01T04:02:03.597+0000] {subprocess.py:93} INFO - 	---------------------------------------------------------------------
[2026-07-01T04:02:03.597+0000] {subprocess.py:93} INFO - 	|      default     |   3   |   2   |   2   |   0   ||   3   |   0   |
[2026-07-01T04:02:03.597+0000] {subprocess.py:93} INFO - 	---------------------------------------------------------------------
[2026-07-01T04:02:03.598+0000] {subprocess.py:93} INFO - 
[2026-07-01T04:02:03.598+0000] {subprocess.py:93} INFO - :: problems summary ::
[2026-07-01T04:02:03.598+0000] {subprocess.py:93} INFO - :::: WARNINGS
[2026-07-01T04:02:03.598+0000] {subprocess.py:93} INFO - 		[FAILED     ] org.apache.iceberg#iceberg-spark-runtime-3.5_2.12;1.5.0!iceberg-spark-runtime-3.5_2.12.jar: Downloaded file size (0) doesn't match expected Content Length (41601849) for https://repo1.maven.org/maven2/org/apache/iceberg/iceberg-spark-runtime-3.5_2.12/1.5.0/iceberg-spark-runtime-3.5_2.12-1.5.0.jar. Please retry. (7979ms)
[2026-07-01T04:02:03.598+0000] {subprocess.py:93} INFO - 
[2026-07-01T04:02:03.598+0000] {subprocess.py:93} INFO - 		[FAILED     ] org.apache.iceberg#iceberg-spark-runtime-3.5_2.12;1.5.0!iceberg-spark-runtime-3.5_2.12.jar: Downloaded file size (0) doesn't match expected Content Length (41601849) for https://repo1.maven.org/maven2/org/apache/iceberg/iceberg-spark-runtime-3.5_2.12/1.5.0/iceberg-spark-runtime-3.5_2.12-1.5.0.jar. Please retry. (7979ms)
[2026-07-01T04:02:03.599+0000] {subprocess.py:93} INFO - 
[2026-07-01T04:02:03.599+0000] {subprocess.py:93} INFO - 	==== central: tried
[2026-07-01T04:02:03.599+0000] {subprocess.py:93} INFO - 
[2026-07-01T04:02:03.599+0000] {subprocess.py:93} INFO - 	  https://repo1.maven.org/maven2/org/apache/iceberg/iceberg-spark-runtime-3.5_2.12/1.5.0/iceberg-spark-runtime-3.5_2.12-1.5.0.jar
[2026-07-01T04:02:03.599+0000] {subprocess.py:93} INFO - 
[2026-07-01T04:02:03.599+0000] {subprocess.py:93} INFO - 		::::::::::::::::::::::::::::::::::::::::::::::
[2026-07-01T04:02:03.599+0000] {subprocess.py:93} INFO - 
[2026-07-01T04:02:03.599+0000] {subprocess.py:93} INFO - 		::              FAILED DOWNLOADS            ::
[2026-07-01T04:02:03.600+0000] {subprocess.py:93} INFO - 
[2026-07-01T04:02:03.600+0000] {subprocess.py:93} INFO - 		:: ^ see resolution messages for details  ^ ::
[2026-07-01T04:02:03.600+0000] {subprocess.py:93} INFO - 
[2026-07-01T04:02:03.600+0000] {subprocess.py:93} INFO - 		::::::::::::::::::::::::::::::::::::::::::::::
[2026-07-01T04:02:03.600+0000] {subprocess.py:93} INFO - 
[2026-07-01T04:02:03.600+0000] {subprocess.py:93} INFO - 		:: org.apache.iceberg#iceberg-spark-runtime-3.5_2.12;1.5.0!iceberg-spark-runtime-3.5_2.12.jar
[2026-07-01T04:02:03.600+0000] {subprocess.py:93} INFO - 
[2026-07-01T04:02:03.600+0000] {subprocess.py:93} INFO - 		::::::::::::::::::::::::::::::::::::::::::::::
[2026-07-01T04:02:03.600+0000] {subprocess.py:93} INFO - 
[2026-07-01T04:02:03.600+0000] {subprocess.py:93} INFO - 
[2026-07-01T04:02:03.600+0000] {subprocess.py:93} INFO - 
[2026-07-01T04:02:03.600+0000] {subprocess.py:93} INFO - :: USE VERBOSE OR DEBUG MESSAGE LEVEL FOR MORE DETAILS
[2026-07-01T04:02:03.600+0000] {subprocess.py:93} INFO - Exception in thread "main" java.lang.RuntimeException: [download failed: org.apache.iceberg#iceberg-spark-runtime-3.5_2.12;1.5.0!iceberg-spark-runtime-3.5_2.12.jar]
[2026-07-01T04:02:03.601+0000] {subprocess.py:93} INFO - 	at org.apache.spark.util.MavenUtils$.resolveMavenCoordinates(MavenUtils.scala:539)
[2026-07-01T04:02:03.601+0000] {subprocess.py:93} INFO - 	at org.apache.spark.util.DependencyUtils$.resolveMavenDependencies(DependencyUtils.scala:122)
[2026-07-01T04:02:03.601+0000] {subprocess.py:93} INFO - 	at org.apache.spark.deploy.SparkSubmit.prepareSubmitEnvironment(SparkSubmit.scala:340)
[2026-07-01T04:02:03.601+0000] {subprocess.py:93} INFO - 	at org.apache.spark.deploy.SparkSubmit.org$apache$spark$deploy$SparkSubmit$$runMain(SparkSubmit.scala:962)
[2026-07-01T04:02:03.601+0000] {subprocess.py:93} INFO - 	at org.apache.spark.deploy.SparkSubmit.doRunMain$1(SparkSubmit.scala:203)
[2026-07-01T04:02:03.601+0000] {subprocess.py:93} INFO - 	at org.apache.spark.deploy.SparkSubmit.submit(SparkSubmit.scala:226)
[2026-07-01T04:02:03.601+0000] {subprocess.py:93} INFO - 	at org.apache.spark.deploy.SparkSubmit.doSubmit(SparkSubmit.scala:95)
[2026-07-01T04:02:03.601+0000] {subprocess.py:93} INFO - 	at org.apache.spark.deploy.SparkSubmit$$anon$2.doSubmit(SparkSubmit.scala:1168)
[2026-07-01T04:02:03.601+0000] {subprocess.py:93} INFO - 	at org.apache.spark.deploy.SparkSubmit$.main(SparkSubmit.scala:1177)
[2026-07-01T04:02:03.601+0000] {subprocess.py:93} INFO - 	at org.apache.spark.deploy.SparkSubmit.main(SparkSubmit.scala)
[2026-07-01T04:02:03.658+0000] {subprocess.py:93} INFO - Traceback (most recent call last):
[2026-07-01T04:02:03.659+0000] {subprocess.py:93} INFO -   File "/opt/***/dags/spark/silver_cdc.py", line 67, in <module>
[2026-07-01T04:02:03.659+0000] {subprocess.py:93} INFO -     process_cdc_to_iceberg(bronze_avro_path, table_name)
[2026-07-01T04:02:03.659+0000] {subprocess.py:93} INFO -   File "/opt/***/dags/spark/silver_cdc.py", line 15, in process_cdc_to_iceberg
[2026-07-01T04:02:03.659+0000] {subprocess.py:93} INFO -     .getOrCreate()
[2026-07-01T04:02:03.659+0000] {subprocess.py:93} INFO -      ^^^^^^^^^^^^^
[2026-07-01T04:02:03.660+0000] {subprocess.py:93} INFO -   File "/home/***/.local/lib/python3.12/site-packages/pyspark/sql/session.py", line 557, in getOrCreate
[2026-07-01T04:02:03.660+0000] {subprocess.py:93} INFO -     sc = SparkContext.getOrCreate(sparkConf)
[2026-07-01T04:02:03.660+0000] {subprocess.py:93} INFO -          ^^^^^^^^^^^^^^^^^^^^^^^^^^^^^^^^^^^
[2026-07-01T04:02:03.660+0000] {subprocess.py:93} INFO -   File "/home/***/.local/lib/python3.12/site-packages/pyspark/core/context.py", line 542, in getOrCreate
[2026-07-01T04:02:03.660+0000] {subprocess.py:93} INFO -     SparkContext(conf=conf or SparkConf())
[2026-07-01T04:02:03.660+0000] {subprocess.py:93} INFO -   File "/home/***/.local/lib/python3.12/site-packages/pyspark/core/context.py", line 206, in __init__
[2026-07-01T04:02:03.660+0000] {subprocess.py:93} INFO -     SparkContext._ensure_initialized(self, gateway=gateway, conf=conf)
[2026-07-01T04:02:03.660+0000] {subprocess.py:93} INFO -   File "/home/***/.local/lib/python3.12/site-packages/pyspark/core/context.py", line 463, in _ensure_initialized
[2026-07-01T04:02:03.661+0000] {subprocess.py:93} INFO -     SparkContext._gateway = gateway or launch_gateway(conf)
[2026-07-01T04:02:03.661+0000] {subprocess.py:93} INFO -                                        ^^^^^^^^^^^^^^^^^^^^
[2026-07-01T04:02:03.661+0000] {subprocess.py:93} INFO -   File "/home/***/.local/lib/python3.12/site-packages/pyspark/java_gateway.py", line 111, in launch_gateway
[2026-07-01T04:02:03.661+0000] {subprocess.py:93} INFO -     raise PySparkRuntimeError(
[2026-07-01T04:02:03.661+0000] {subprocess.py:93} INFO - pyspark.errors.exceptions.base.PySparkRuntimeError: [JAVA_GATEWAY_EXITED] Java gateway process exited before sending its port number.
[2026-07-01T04:02:03.695+0000] {subprocess.py:97} INFO - Command exited with return code 1
[2026-07-01T04:02:03.696+0000] {taskinstance.py:441} INFO - ::group::Post task execution logs
[2026-07-01T04:02:03.706+0000] {taskinstance.py:2905} ERROR - Task failed with exception
Traceback (most recent call last):
  File "/home/airflow/.local/lib/python3.12/site-packages/airflow/models/taskinstance.py", line 465, in _execute_task
    result = _execute_callable(context=context, **execute_callable_kwargs)
             ^^^^^^^^^^^^^^^^^^^^^^^^^^^^^^^^^^^^^^^^^^^^^^^^^^^^^^^^^^^^^
  File "/home/airflow/.local/lib/python3.12/site-packages/airflow/models/taskinstance.py", line 432, in _execute_callable
    return execute_callable(context=context, **execute_callable_kwargs)
           ^^^^^^^^^^^^^^^^^^^^^^^^^^^^^^^^^^^^^^^^^^^^^^^^^^^^^^^^^^^^
  File "/home/airflow/.local/lib/python3.12/site-packages/airflow/models/baseoperator.py", line 400, in wrapper
    return func(self, *args, **kwargs)
           ^^^^^^^^^^^^^^^^^^^^^^^^^^^
  File "/home/airflow/.local/lib/python3.12/site-packages/airflow/operators/bash.py", line 243, in execute
    raise AirflowException(
airflow.exceptions.AirflowException: Bash command failed. The command returned a non-zero exit code 1.
[2026-07-01T04:02:03.709+0000] {taskinstance.py:1206} INFO - Marking task as FAILED. dag_id=silver_cdc_dag, task_id=spark_cdc_to_iceberg, run_id=manual__2026-07-01T04:01:50.745883+00:00, execution_date=20260701T040150, start_date=20260701T040152, end_date=20260701T040203
[2026-07-01T04:02:03.718+0000] {standard_task_runner.py:110} ERROR - Failed to execute job 16 for task spark_cdc_to_iceberg (Bash command failed. The command returned a non-zero exit code 1.; 2472)
[2026-07-01T04:02:03.753+0000] {local_task_job_runner.py:240} INFO - Task exited with return code 1
[2026-07-01T04:02:03.763+0000] {taskinstance.py:3498} INFO - 0 downstream tasks scheduled from follow-on schedule check
[2026-07-01T04:02:03.763+0000] {local_task_job_runner.py:222} INFO - ::endgroup::
