[2026-07-10T08:06:08.240+0000] {local_task_job_runner.py:120} INFO - ::group::Pre task execution logs
[2026-07-10T08:06:08.263+0000] {taskinstance.py:2076} INFO - Dependencies all met for dep_context=non-requeueable deps ti=<TaskInstance: gold_dbt_dag.trigger_dbt_build dataset_triggered__2026-07-10T08:06:07.293044+00:00 [queued]>
[2026-07-10T08:06:08.268+0000] {taskinstance.py:2076} INFO - Dependencies all met for dep_context=requeueable deps ti=<TaskInstance: gold_dbt_dag.trigger_dbt_build dataset_triggered__2026-07-10T08:06:07.293044+00:00 [queued]>
[2026-07-10T08:06:08.268+0000] {taskinstance.py:2306} INFO - Starting attempt 1 of 2
[2026-07-10T08:06:08.273+0000] {taskinstance.py:2330} INFO - Executing <Task(BashOperator): trigger_dbt_build> on 2026-07-10 08:06:07.293044+00:00
[2026-07-10T08:06:08.278+0000] {logging_mixin.py:188} WARNING - /home/***/.local/lib/python3.12/site-packages/***/task/task_runner/standard_task_runner.py:61 DeprecationWarning: This process (pid=17462) is multi-threaded, use of fork() may lead to deadlocks in the child.
[2026-07-10T08:06:08.277+0000] {standard_task_runner.py:90} INFO - Running: ['***', 'tasks', 'run', 'gold_dbt_dag', 'trigger_dbt_build', 'dataset_triggered__2026-07-10T08:06:07.293044+00:00', '--job-id', '1434', '--raw', '--subdir', 'DAGS_FOLDER/dag_gold_dbt.py', '--cfg-path', '/tmp/tmp2j3s7lfg']
[2026-07-10T08:06:08.279+0000] {standard_task_runner.py:91} INFO - Job 1434: Subtask trigger_dbt_build
[2026-07-10T08:06:08.279+0000] {standard_task_runner.py:63} INFO - Started process 17463 to run task
[2026-07-10T08:06:08.308+0000] {task_command.py:426} INFO - Running <TaskInstance: gold_dbt_dag.trigger_dbt_build dataset_triggered__2026-07-10T08:06:07.293044+00:00 [running]> on host bd23e89d97be
[2026-07-10T08:06:08.355+0000] {taskinstance.py:2648} INFO - Exporting env vars: AIRFLOW_CTX_DAG_OWNER='data_engineer' AIRFLOW_CTX_DAG_ID='gold_dbt_dag' AIRFLOW_CTX_TASK_ID='trigger_dbt_build' AIRFLOW_CTX_EXECUTION_DATE='2026-07-10T08:06:07.293044+00:00' AIRFLOW_CTX_TRY_NUMBER='1' AIRFLOW_CTX_DAG_RUN_ID='dataset_triggered__2026-07-10T08:06:07.293044+00:00'
[2026-07-10T08:06:08.355+0000] {taskinstance.py:430} INFO - ::endgroup::
[2026-07-10T08:06:08.364+0000] {subprocess.py:63} INFO - Tmp dir root location: /tmp
[2026-07-10T08:06:08.365+0000] {subprocess.py:75} INFO - Running command: ['/usr/bin/bash', '-c', 'cd /opt/***/dbt && dbt build --profiles-dir . --target dev']
[2026-07-10T08:06:08.369+0000] {subprocess.py:86} INFO - Output:
[2026-07-10T08:06:09.556+0000] {subprocess.py:93} INFO - [0m08:06:09  Running with dbt=1.11.11
[2026-07-10T08:06:10.067+0000] {subprocess.py:93} INFO - [0m08:06:10  Registered adapter: bigquery=1.11.3
[2026-07-10T08:06:10.287+0000] {subprocess.py:93} INFO - [0m08:06:10  Found 6 models, 4 sources, 553 macros
[2026-07-10T08:06:10.289+0000] {subprocess.py:93} INFO - [0m08:06:10
[2026-07-10T08:06:10.289+0000] {subprocess.py:93} INFO - [0m08:06:10  Concurrency: 4 threads (target='dev')
[2026-07-10T08:06:10.289+0000] {subprocess.py:93} INFO - [0m08:06:10
[2026-07-10T08:06:11.932+0000] {subprocess.py:93} INFO - [0m08:06:11  1 of 6 START sql table model logistics_mart.dim_drivers ........................ [RUN]
[2026-07-10T08:06:11.933+0000] {subprocess.py:93} INFO - [0m08:06:11  2 of 6 START sql table model logistics_mart.dim_hubs ........................... [RUN]
[2026-07-10T08:06:11.933+0000] {subprocess.py:93} INFO - [0m08:06:11  3 of 6 START sql view model logistics_mart.stg_shipments ....................... [RUN]
[2026-07-10T08:06:11.935+0000] {subprocess.py:93} INFO - [0m08:06:11  4 of 6 START sql view model logistics_mart.stg_weather ......................... [RUN]
[2026-07-10T08:06:14.033+0000] {subprocess.py:93} INFO - [0m08:06:14  4 of 6 OK created sql view model logistics_mart.stg_weather .................... [[32mCREATE VIEW (0 processed)[0m in 2.09s]
[2026-07-10T08:06:14.035+0000] {subprocess.py:93} INFO - [0m08:06:14  5 of 6 START sql view model logistics_mart.stg_weather_consensus ............... [RUN]
[2026-07-10T08:06:14.089+0000] {subprocess.py:93} INFO - [0m08:06:14  3 of 6 OK created sql view model logistics_mart.stg_shipments .................. [[32mCREATE VIEW (0 processed)[0m in 2.15s]
[2026-07-10T08:06:15.377+0000] {subprocess.py:93} INFO - [0m08:06:15  BigQuery adapter: https://console.cloud.google.com/bigquery?project=logistics-500519&j=bq:US:10f6c473-c03e-4893-97e2-d7fba813589f&page=queryresults
[2026-07-10T08:06:15.393+0000] {subprocess.py:93} INFO - [0m08:06:15  5 of 6 ERROR creating sql view model logistics_mart.stg_weather_consensus ...... [[31mERROR[0m in 1.36s]
[2026-07-10T08:06:15.679+0000] {subprocess.py:93} INFO - [0m08:06:15  2 of 6 OK created sql table model logistics_mart.dim_hubs ...................... [[32mCREATE TABLE (3.0 rows, 149.0 Bytes processed)[0m in 3.74s]
[2026-07-10T08:06:15.683+0000] {subprocess.py:93} INFO - [0m08:06:15  6 of 6 START sql table model logistics_mart.fact_shipment_weather .............. [RUN]
[2026-07-10T08:06:16.106+0000] {subprocess.py:93} INFO - [0m08:06:16  1 of 6 OK created sql table model logistics_mart.dim_drivers ................... [[32mCREATE TABLE (3.0 rows, 108.0 Bytes processed)[0m in 4.17s]
[2026-07-10T08:06:19.816+0000] {subprocess.py:93} INFO - [0m08:06:19  6 of 6 OK created sql table model logistics_mart.fact_shipment_weather ......... [[32mCREATE TABLE (1.7k rows, 105.3 KiB processed)[0m in 4.13s]
[2026-07-10T08:06:19.863+0000] {subprocess.py:93} INFO - [0m08:06:19
[2026-07-10T08:06:19.863+0000] {subprocess.py:93} INFO - [0m08:06:19  Finished running 3 table models, 3 view models in 0 hours 0 minutes and 9.57 seconds (9.57s).
[2026-07-10T08:06:19.895+0000] {subprocess.py:93} INFO - [0m08:06:19
[2026-07-10T08:06:19.895+0000] {subprocess.py:93} INFO - [0m08:06:19  [31mCompleted with 1 error, 0 partial successes, and 0 warnings:[0m
[2026-07-10T08:06:19.895+0000] {subprocess.py:93} INFO - [0m08:06:19
[2026-07-10T08:06:19.896+0000] {subprocess.py:93} INFO - [0m08:06:19  [31mFailure in model stg_weather_consensus (models/staging/stg_weather_consensus.sql)[0m
[2026-07-10T08:06:19.896+0000] {subprocess.py:93} INFO - [0m08:06:19    Database Error in model stg_weather_consensus (models/staging/stg_weather_consensus.sql)
[2026-07-10T08:06:19.896+0000] {subprocess.py:93} INFO -   Unrecognized name: fetched_at at [11:11]
[2026-07-10T08:06:19.896+0000] {subprocess.py:93} INFO -   compiled code at target/run/logistics_lakehouse/models/staging/stg_weather_consensus.sql
[2026-07-10T08:06:19.896+0000] {subprocess.py:93} INFO - [0m08:06:19
[2026-07-10T08:06:19.897+0000] {subprocess.py:93} INFO - [0m08:06:19    compiled code at target/compiled/logistics_lakehouse/models/staging/stg_weather_consensus.sql
[2026-07-10T08:06:19.897+0000] {subprocess.py:93} INFO - [0m08:06:19
[2026-07-10T08:06:19.897+0000] {subprocess.py:93} INFO - [0m08:06:19  Done. PASS=5 WARN=0 ERROR=1 SKIP=0 NO-OP=0 TOTAL=6
[2026-07-10T08:06:21.942+0000] {subprocess.py:97} INFO - Command exited with return code 1
[2026-07-10T08:06:21.943+0000] {taskinstance.py:441} INFO - ::group::Post task execution logs
[2026-07-10T08:06:21.953+0000] {taskinstance.py:2905} ERROR - Task failed with exception
Traceback (most recent call last):
  File "/home/airflow/.local/lib/python3.12/site-packages/airflow/models/taskinstance.py", line 465, in _execute_task
    result = _execute_callable(context=context, **execute_callable_kwargs)
             ^^^^^^^^^^^^^^^^^^^^^^^^^^^^^^^^^^^^^^^^^^^^^^^^^^^^^^^^^^^^^
  File "/home/airflow/.local/lib/python3.12/site-packages/airflow/models/taskinstance.py", line 432, in _execute_callable
    return execute_callable(context=context, **execute_callable_kwargs)
           ^^^^^^^^^^^^^^^^^^^^^^^^^^^^^^^^^^^^^^^^^^^^^^^^^^^^^^^^^^^^
  File "/home/airflow/.local/lib/python3.12/site-packages/airflow/models/baseoperator.py", line 400, in wrapper
    return func(self, *args, **kwargs)
           ^^^^^^^^^^^^^^^^^^^^^^^^^^^
  File "/home/airflow/.local/lib/python3.12/site-packages/airflow/operators/bash.py", line 243, in execute
    raise AirflowException(
airflow.exceptions.AirflowException: Bash command failed. The command returned a non-zero exit code 1.
[2026-07-10T08:06:21.956+0000] {taskinstance.py:1206} INFO - Marking task as UP_FOR_RETRY. dag_id=gold_dbt_dag, task_id=trigger_dbt_build, run_id=dataset_triggered__2026-07-10T08:06:07.293044+00:00, execution_date=20260710T080607, start_date=20260710T080608, end_date=20260710T080621
[2026-07-10T08:06:21.968+0000] {standard_task_runner.py:110} ERROR - Failed to execute job 1434 for task trigger_dbt_build (Bash command failed. The command returned a non-zero exit code 1.; 17463)
[2026-07-10T08:06:22.011+0000] {local_task_job_runner.py:240} INFO - Task exited with return code 1
[2026-07-10T08:06:22.023+0000] {taskinstance.py:3498} INFO - 0 downstream tasks scheduled from follow-on schedule check
[2026-07-10T08:06:22.025+0000] {local_task_job_runner.py:222} INFO - ::endgroup::
