[2026-07-01T04:07:00.057+0000] {local_task_job_runner.py:120} INFO - ::group::Pre task execution logs
[2026-07-01T04:07:00.080+0000] {taskinstance.py:2076} INFO - Dependencies all met for dep_context=non-requeueable deps ti=<TaskInstance: gold_dbt_dag.trigger_dbt_build dataset_triggered__2026-07-01T04:06:59.541563+00:00 [queued]>
[2026-07-01T04:07:00.083+0000] {taskinstance.py:2076} INFO - Dependencies all met for dep_context=requeueable deps ti=<TaskInstance: gold_dbt_dag.trigger_dbt_build dataset_triggered__2026-07-01T04:06:59.541563+00:00 [queued]>
[2026-07-01T04:07:00.084+0000] {taskinstance.py:2306} INFO - Starting attempt 1 of 2
[2026-07-01T04:07:00.089+0000] {taskinstance.py:2330} INFO - Executing <Task(BashOperator): trigger_dbt_build> on 2026-07-01 04:06:59.541563+00:00
[2026-07-01T04:07:00.092+0000] {standard_task_runner.py:90} INFO - Running: ['***', 'tasks', 'run', 'gold_dbt_dag', 'trigger_dbt_build', 'dataset_triggered__2026-07-01T04:06:59.541563+00:00', '--job-id', '23', '--raw', '--subdir', 'DAGS_FOLDER/dag_gold_dbt.py', '--cfg-path', '/tmp/tmpxyd6gsnr']
[2026-07-01T04:07:00.095+0000] {standard_task_runner.py:91} INFO - Job 23: Subtask trigger_dbt_build
[2026-07-01T04:07:00.095+0000] {logging_mixin.py:188} WARNING - /home/***/.local/lib/python3.12/site-packages/***/task/task_runner/standard_task_runner.py:61 DeprecationWarning: This process (pid=4264) is multi-threaded, use of fork() may lead to deadlocks in the child.
[2026-07-01T04:07:00.095+0000] {standard_task_runner.py:63} INFO - Started process 4265 to run task
[2026-07-01T04:07:00.119+0000] {task_command.py:426} INFO - Running <TaskInstance: gold_dbt_dag.trigger_dbt_build dataset_triggered__2026-07-01T04:06:59.541563+00:00 [running]> on host bd23e89d97be
[2026-07-01T04:07:00.151+0000] {taskinstance.py:2648} INFO - Exporting env vars: AIRFLOW_CTX_DAG_OWNER='data_engineer' AIRFLOW_CTX_DAG_ID='gold_dbt_dag' AIRFLOW_CTX_TASK_ID='trigger_dbt_build' AIRFLOW_CTX_EXECUTION_DATE='2026-07-01T04:06:59.541563+00:00' AIRFLOW_CTX_TRY_NUMBER='1' AIRFLOW_CTX_DAG_RUN_ID='dataset_triggered__2026-07-01T04:06:59.541563+00:00'
[2026-07-01T04:07:00.152+0000] {taskinstance.py:430} INFO - ::endgroup::
[2026-07-01T04:07:00.159+0000] {subprocess.py:63} INFO - Tmp dir root location: /tmp
[2026-07-01T04:07:00.159+0000] {subprocess.py:75} INFO - Running command: ['/usr/bin/bash', '-c', 'cd /opt/***/dbt && dbt build --profiles-dir . --target dev']
[2026-07-01T04:07:00.163+0000] {subprocess.py:86} INFO - Output:
[2026-07-01T04:07:01.438+0000] {subprocess.py:93} INFO - [0m04:07:01  Running with dbt=1.11.11
[2026-07-01T04:07:02.067+0000] {subprocess.py:93} INFO - [0m04:07:02  Registered adapter: bigquery=1.11.3
[2026-07-01T04:07:02.328+0000] {subprocess.py:93} INFO - [0m04:07:02  Found 5 models, 4 sources, 553 macros
[2026-07-01T04:07:02.329+0000] {subprocess.py:93} INFO - [0m04:07:02
[2026-07-01T04:07:02.329+0000] {subprocess.py:93} INFO - [0m04:07:02  Concurrency: 4 threads (target='dev')
[2026-07-01T04:07:02.330+0000] {subprocess.py:93} INFO - [0m04:07:02
[2026-07-01T04:07:05.220+0000] {subprocess.py:93} INFO - [0m04:07:05  1 of 5 START sql table model logistics_mart.dim_drivers ........................ [RUN]
[2026-07-01T04:07:05.221+0000] {subprocess.py:93} INFO - [0m04:07:05  2 of 5 START sql table model logistics_mart.dim_hubs ........................... [RUN]
[2026-07-01T04:07:05.221+0000] {subprocess.py:93} INFO - [0m04:07:05  3 of 5 START sql view model logistics_mart.stg_shipments ....................... [RUN]
[2026-07-01T04:07:05.222+0000] {subprocess.py:93} INFO - [0m04:07:05  4 of 5 START sql view model logistics_mart.stg_weather ......................... [RUN]
[2026-07-01T04:07:08.160+0000] {subprocess.py:93} INFO - [0m04:07:08  3 of 5 OK created sql view model logistics_mart.stg_shipments .................. [[32mCREATE VIEW (0 processed)[0m in 2.93s]
[2026-07-01T04:07:08.160+0000] {subprocess.py:93} INFO - [0m04:07:08  4 of 5 OK created sql view model logistics_mart.stg_weather .................... [[32mCREATE VIEW (0 processed)[0m in 2.94s]
[2026-07-01T04:07:09.886+0000] {subprocess.py:93} INFO - [0m04:07:09  2 of 5 OK created sql table model logistics_mart.dim_hubs ...................... [[32mCREATE TABLE (3.0 rows, 149.0 Bytes processed)[0m in 4.66s]
[2026-07-01T04:07:09.888+0000] {subprocess.py:93} INFO - [0m04:07:09  5 of 5 START sql table model logistics_mart.fact_shipment_weather .............. [RUN]
[2026-07-01T04:07:10.055+0000] {subprocess.py:93} INFO - [0m04:07:10  1 of 5 OK created sql table model logistics_mart.dim_drivers ................... [[32mCREATE TABLE (3.0 rows, 108.0 Bytes processed)[0m in 4.83s]
[2026-07-01T04:07:14.590+0000] {subprocess.py:93} INFO - [0m04:07:14  5 of 5 OK created sql table model logistics_mart.fact_shipment_weather ......... [[32mCREATE TABLE (14.0 rows, 1.2 KiB processed)[0m in 4.69s]
[2026-07-01T04:07:14.638+0000] {subprocess.py:93} INFO - [0m04:07:14
[2026-07-01T04:07:14.639+0000] {subprocess.py:93} INFO - [0m04:07:14  Finished running 3 table models, 2 view models in 0 hours 0 minutes and 12.31 seconds (12.31s).
[2026-07-01T04:07:14.706+0000] {subprocess.py:93} INFO - [0m04:07:14
[2026-07-01T04:07:14.706+0000] {subprocess.py:93} INFO - [0m04:07:14  [32mCompleted successfully[0m
[2026-07-01T04:07:14.707+0000] {subprocess.py:93} INFO - [0m04:07:14
[2026-07-01T04:07:14.707+0000] {subprocess.py:93} INFO - [0m04:07:14  Done. PASS=5 WARN=0 ERROR=0 SKIP=0 NO-OP=0 TOTAL=5
[2026-07-01T04:07:16.696+0000] {subprocess.py:97} INFO - Command exited with return code 0
[2026-07-01T04:07:16.698+0000] {taskinstance.py:441} INFO - ::group::Post task execution logs
[2026-07-01T04:07:16.718+0000] {taskinstance.py:1206} INFO - Marking task as SUCCESS. dag_id=gold_dbt_dag, task_id=trigger_dbt_build, run_id=dataset_triggered__2026-07-01T04:06:59.541563+00:00, execution_date=20260701T040659, start_date=20260701T040700, end_date=20260701T040716
[2026-07-01T04:07:16.764+0000] {local_task_job_runner.py:240} INFO - Task exited with return code 0
[2026-07-01T04:07:16.775+0000] {taskinstance.py:3498} INFO - 0 downstream tasks scheduled from follow-on schedule check
[2026-07-01T04:07:16.776+0000] {local_task_job_runner.py:222} INFO - ::endgroup::
