[2026-07-04T08:42:50.246+0000] {local_task_job_runner.py:120} INFO - ::group::Pre task execution logs
[2026-07-04T08:42:50.266+0000] {taskinstance.py:2076} INFO - Dependencies all met for dep_context=non-requeueable deps ti=<TaskInstance: gold_dbt_dag.trigger_dbt_build dataset_triggered__2026-07-04T08:42:49.628683+00:00 [queued]>
[2026-07-04T08:42:50.272+0000] {taskinstance.py:2076} INFO - Dependencies all met for dep_context=requeueable deps ti=<TaskInstance: gold_dbt_dag.trigger_dbt_build dataset_triggered__2026-07-04T08:42:49.628683+00:00 [queued]>
[2026-07-04T08:42:50.272+0000] {taskinstance.py:2306} INFO - Starting attempt 1 of 2
[2026-07-04T08:42:50.277+0000] {taskinstance.py:2330} INFO - Executing <Task(BashOperator): trigger_dbt_build> on 2026-07-04 08:42:49.628683+00:00
[2026-07-04T08:42:50.281+0000] {logging_mixin.py:188} WARNING - /home/***/.local/lib/python3.12/site-packages/***/task/task_runner/standard_task_runner.py:61 DeprecationWarning: This process (pid=33832) is multi-threaded, use of fork() may lead to deadlocks in the child.
[2026-07-04T08:42:50.282+0000] {standard_task_runner.py:63} INFO - Started process 33833 to run task
[2026-07-04T08:42:50.280+0000] {standard_task_runner.py:90} INFO - Running: ['***', 'tasks', 'run', 'gold_dbt_dag', 'trigger_dbt_build', 'dataset_triggered__2026-07-04T08:42:49.628683+00:00', '--job-id', '508', '--raw', '--subdir', 'DAGS_FOLDER/dag_gold_dbt.py', '--cfg-path', '/tmp/tmp0nz4qq50']
[2026-07-04T08:42:50.282+0000] {standard_task_runner.py:91} INFO - Job 508: Subtask trigger_dbt_build
[2026-07-04T08:42:50.305+0000] {task_command.py:426} INFO - Running <TaskInstance: gold_dbt_dag.trigger_dbt_build dataset_triggered__2026-07-04T08:42:49.628683+00:00 [running]> on host bd23e89d97be
[2026-07-04T08:42:50.339+0000] {taskinstance.py:2648} INFO - Exporting env vars: AIRFLOW_CTX_DAG_OWNER='data_engineer' AIRFLOW_CTX_DAG_ID='gold_dbt_dag' AIRFLOW_CTX_TASK_ID='trigger_dbt_build' AIRFLOW_CTX_EXECUTION_DATE='2026-07-04T08:42:49.628683+00:00' AIRFLOW_CTX_TRY_NUMBER='1' AIRFLOW_CTX_DAG_RUN_ID='dataset_triggered__2026-07-04T08:42:49.628683+00:00'
[2026-07-04T08:42:50.340+0000] {taskinstance.py:430} INFO - ::endgroup::
[2026-07-04T08:42:50.346+0000] {subprocess.py:63} INFO - Tmp dir root location: /tmp
[2026-07-04T08:42:50.347+0000] {subprocess.py:75} INFO - Running command: ['/usr/bin/bash', '-c', 'cd /opt/***/dbt && dbt build --profiles-dir . --target dev']
[2026-07-04T08:42:50.351+0000] {subprocess.py:86} INFO - Output:
[2026-07-04T08:42:51.791+0000] {subprocess.py:93} INFO - [0m08:42:51  Running with dbt=1.11.11
[2026-07-04T08:42:52.425+0000] {subprocess.py:93} INFO - [0m08:42:52  Registered adapter: bigquery=1.11.3
[2026-07-04T08:42:52.645+0000] {subprocess.py:93} INFO - [0m08:42:52  Found 5 models, 4 sources, 553 macros
[2026-07-04T08:42:52.646+0000] {subprocess.py:93} INFO - [0m08:42:52
[2026-07-04T08:42:52.646+0000] {subprocess.py:93} INFO - [0m08:42:52  Concurrency: 4 threads (target='dev')
[2026-07-04T08:42:52.647+0000] {subprocess.py:93} INFO - [0m08:42:52
[2026-07-04T08:42:54.338+0000] {subprocess.py:93} INFO - [0m08:42:54  1 of 5 START sql table model logistics_mart.dim_drivers ........................ [RUN]
[2026-07-04T08:42:54.338+0000] {subprocess.py:93} INFO - [0m08:42:54  2 of 5 START sql table model logistics_mart.dim_hubs ........................... [RUN]
[2026-07-04T08:42:54.339+0000] {subprocess.py:93} INFO - [0m08:42:54  3 of 5 START sql view model logistics_mart.stg_shipments ....................... [RUN]
[2026-07-04T08:42:54.339+0000] {subprocess.py:93} INFO - [0m08:42:54  4 of 5 START sql view model logistics_mart.stg_weather ......................... [RUN]
[2026-07-04T11:57:15.302+0000] {subprocess.py:93} INFO - [0m11:57:15  2 of 5 ERROR creating sql table model logistics_mart.dim_hubs .................. [[31mERROR[0m in 11660.95s]
[2026-07-04T11:57:16.575+0000] {subprocess.py:93} INFO - [0m11:57:16  1 of 5 ERROR creating sql table model logistics_mart.dim_drivers ............... [[31mERROR[0m in 11662.23s]
[2026-07-04T12:10:16.050+0000] {local_task_job_runner.py:310} WARNING - State of this instance has been externally set to up_for_retry. Terminating instance.
[2026-07-04T12:10:16.057+0000] {local_task_job_runner.py:222} INFO - ::endgroup::
[2026-07-04T12:10:16.066+0000] {process_utils.py:132} INFO - Sending 15 to group 33833. PIDs of all processes in the group: [33834, 33848, 33833]
[2026-07-04T12:10:16.067+0000] {process_utils.py:87} INFO - Sending the signal 15 to group 33833
[2026-07-04T12:10:16.072+0000] {taskinstance.py:2611} ERROR - Received SIGTERM. Terminating subprocesses.
[2026-07-04T12:10:16.075+0000] {subprocess.py:104} INFO - Sending SIGTERM signal to process group
[2026-07-04T12:10:16.078+0000] {taskinstance.py:441} INFO - ::group::Post task execution logs
[2026-07-04T12:10:16.138+0000] {taskinstance.py:2905} ERROR - Task failed with exception
Traceback (most recent call last):
  File "/home/airflow/.local/lib/python3.12/site-packages/airflow/models/taskinstance.py", line 465, in _execute_task
    result = _execute_callable(context=context, **execute_callable_kwargs)
             ^^^^^^^^^^^^^^^^^^^^^^^^^^^^^^^^^^^^^^^^^^^^^^^^^^^^^^^^^^^^^
  File "/home/airflow/.local/lib/python3.12/site-packages/airflow/models/taskinstance.py", line 432, in _execute_callable
    return execute_callable(context=context, **execute_callable_kwargs)
           ^^^^^^^^^^^^^^^^^^^^^^^^^^^^^^^^^^^^^^^^^^^^^^^^^^^^^^^^^^^^
  File "/home/airflow/.local/lib/python3.12/site-packages/airflow/models/baseoperator.py", line 400, in wrapper
    return func(self, *args, **kwargs)
           ^^^^^^^^^^^^^^^^^^^^^^^^^^^
  File "/home/airflow/.local/lib/python3.12/site-packages/airflow/operators/bash.py", line 234, in execute
    result = self.subprocess_hook.run_command(
             ^^^^^^^^^^^^^^^^^^^^^^^^^^^^^^^^^
  File "/home/airflow/.local/lib/python3.12/site-packages/airflow/hooks/subprocess.py", line 91, in run_command
    for raw_line in iter(self.sub_process.stdout.readline, b""):
  File "/home/airflow/.local/lib/python3.12/site-packages/airflow/models/taskinstance.py", line 2613, in signal_handler
    raise AirflowTaskTerminated("Task received SIGTERM signal")
airflow.exceptions.AirflowTaskTerminated: Task received SIGTERM signal
[2026-07-04T12:10:16.153+0000] {taskinstance.py:1206} INFO - Marking task as FAILED. dag_id=gold_dbt_dag, task_id=trigger_dbt_build, run_id=dataset_triggered__2026-07-04T08:42:49.628683+00:00, execution_date=20260704T084249, start_date=20260704T084250, end_date=20260704T121016
[2026-07-04T12:10:16.213+0000] {process_utils.py:80} INFO - Process psutil.Process(pid=33833, status='terminated', exitcode=2, started='08:42:49') (33833) terminated with exit code 2
[2026-07-04T12:10:16.214+0000] {process_utils.py:80} INFO - Process psutil.Process(pid=33834, status='terminated', started='08:42:49') (33834) terminated with exit code None
[2026-07-04T12:10:16.215+0000] {process_utils.py:80} INFO - Process psutil.Process(pid=33848, status='terminated', started='08:42:51') (33848) terminated with exit code None
