[2026-07-11T23:50:04.742+0000] {local_task_job_runner.py:120} INFO - ::group::Pre task execution logs
[2026-07-11T23:50:04.762+0000] {taskinstance.py:2076} INFO - Dependencies all met for dep_context=non-requeueable deps ti=<TaskInstance: gold_dbt_dag.trigger_dbt_build dataset_triggered__2026-07-11T22:44:43.208226+00:00 [queued]>
[2026-07-11T23:50:04.766+0000] {taskinstance.py:2076} INFO - Dependencies all met for dep_context=requeueable deps ti=<TaskInstance: gold_dbt_dag.trigger_dbt_build dataset_triggered__2026-07-11T22:44:43.208226+00:00 [queued]>
[2026-07-11T23:50:04.766+0000] {taskinstance.py:2306} INFO - Starting attempt 2 of 2
[2026-07-11T23:50:04.772+0000] {taskinstance.py:2330} INFO - Executing <Task(BashOperator): trigger_dbt_build> on 2026-07-11 22:44:43.208226+00:00
[2026-07-11T23:50:04.776+0000] {standard_task_runner.py:90} INFO - Running: ['***', 'tasks', 'run', 'gold_dbt_dag', 'trigger_dbt_build', 'dataset_triggered__2026-07-11T22:44:43.208226+00:00', '--job-id', '55', '--raw', '--subdir', 'DAGS_FOLDER/dag_gold_dbt.py', '--cfg-path', '/tmp/tmpw3ez672f']
[2026-07-11T23:50:04.777+0000] {standard_task_runner.py:91} INFO - Job 55: Subtask trigger_dbt_build
[2026-07-11T23:50:04.778+0000] {logging_mixin.py:188} WARNING - /home/***/.local/lib/python3.12/site-packages/***/task/task_runner/standard_task_runner.py:61 DeprecationWarning: This process (pid=8486) is multi-threaded, use of fork() may lead to deadlocks in the child.
[2026-07-11T23:50:04.778+0000] {standard_task_runner.py:63} INFO - Started process 8488 to run task
[2026-07-11T23:50:04.798+0000] {task_command.py:426} INFO - Running <TaskInstance: gold_dbt_dag.trigger_dbt_build dataset_triggered__2026-07-11T22:44:43.208226+00:00 [running]> on host ad4e12f53b08
[2026-07-11T23:50:04.833+0000] {taskinstance.py:2648} INFO - Exporting env vars: AIRFLOW_CTX_DAG_OWNER='data_engineer' AIRFLOW_CTX_DAG_ID='gold_dbt_dag' AIRFLOW_CTX_TASK_ID='trigger_dbt_build' AIRFLOW_CTX_EXECUTION_DATE='2026-07-11T22:44:43.208226+00:00' AIRFLOW_CTX_TRY_NUMBER='2' AIRFLOW_CTX_DAG_RUN_ID='dataset_triggered__2026-07-11T22:44:43.208226+00:00'
[2026-07-11T23:50:04.834+0000] {taskinstance.py:430} INFO - ::endgroup::
[2026-07-11T23:50:04.842+0000] {subprocess.py:63} INFO - Tmp dir root location: /tmp
[2026-07-11T23:50:04.844+0000] {subprocess.py:75} INFO - Running command: ['/usr/bin/bash', '-c', 'cd /opt/***/dbt && dbt build --profiles-dir . --target dev']
[2026-07-11T23:50:04.848+0000] {subprocess.py:86} INFO - Output:
[2026-07-11T23:50:06.205+0000] {subprocess.py:93} INFO - [0m23:50:06  Running with dbt=1.11.11
[2026-07-11T23:50:08.124+0000] {subprocess.py:93} INFO - [0m23:50:08  Registered adapter: bigquery=1.11.3
[2026-07-11T23:50:09.288+0000] {subprocess.py:93} INFO - [0m23:50:09  Found 6 models, 4 sources, 553 macros
[2026-07-11T23:50:09.289+0000] {subprocess.py:93} INFO - [0m23:50:09
[2026-07-11T23:50:09.290+0000] {subprocess.py:93} INFO - [0m23:50:09  Concurrency: 4 threads (target='dev')
[2026-07-11T23:50:09.290+0000] {subprocess.py:93} INFO - [0m23:50:09
[2026-07-11T23:50:26.551+0000] {subprocess.py:93} INFO - [0m23:50:26  1 of 6 START sql table model logistics_mart.dim_drivers ........................ [RUN]
[2026-07-11T23:50:26.555+0000] {subprocess.py:93} INFO - [0m23:50:26  2 of 6 START sql table model logistics_mart.dim_hubs ........................... [RUN]
[2026-07-11T23:50:26.555+0000] {subprocess.py:93} INFO - [0m23:50:26  3 of 6 START sql view model logistics_mart.stg_shipments ....................... [RUN]
[2026-07-11T23:50:26.555+0000] {subprocess.py:93} INFO - [0m23:50:26  4 of 6 START sql view model logistics_mart.stg_weather ......................... [RUN]
[2026-07-11T23:50:28.480+0000] {subprocess.py:93} INFO - [0m23:50:28  4 of 6 OK created sql view model logistics_mart.stg_weather .................... [[32mCREATE VIEW (0 processed)[0m in 1.92s]
[2026-07-11T23:50:28.481+0000] {subprocess.py:93} INFO - [0m23:50:28  5 of 6 START sql view model logistics_mart.stg_weather_consensus ............... [RUN]
[2026-07-11T23:50:28.545+0000] {subprocess.py:93} INFO - [0m23:50:28  3 of 6 OK created sql view model logistics_mart.stg_shipments .................. [[32mCREATE VIEW (0 processed)[0m in 1.99s]
[2026-07-11T23:50:28.569+0000] {subprocess.py:93} INFO - [0m23:50:28  BigQuery adapter: https://console.cloud.google.com/bigquery?project=logistics-500519&j=bq:US:fb1c0740-0f6c-468e-8d29-af1c11a84b12&page=queryresults
[2026-07-11T23:50:28.575+0000] {subprocess.py:93} INFO - [0m23:50:28  1 of 6 ERROR creating sql table model logistics_mart.dim_drivers ............... [[31mERROR[0m in 2.02s]
[2026-07-11T23:50:28.632+0000] {subprocess.py:93} INFO - [0m23:50:28  BigQuery adapter: https://console.cloud.google.com/bigquery?project=logistics-500519&j=bq:US:c74e3397-d596-460f-bf54-30bee77db5e6&page=queryresults
[2026-07-11T23:50:28.635+0000] {subprocess.py:93} INFO - [0m23:50:28  2 of 6 ERROR creating sql table model logistics_mart.dim_hubs .................. [[31mERROR[0m in 2.08s]
[2026-07-11T23:50:30.166+0000] {subprocess.py:93} INFO - [0m23:50:30  5 of 6 OK created sql view model logistics_mart.stg_weather_consensus .......... [[32mCREATE VIEW (0 processed)[0m in 1.68s]
[2026-07-11T23:50:30.169+0000] {subprocess.py:93} INFO - [0m23:50:30  6 of 6 SKIP relation logistics_mart.fact_shipment_weather ...................... [[33mSKIP[0m]
[2026-07-11T23:50:30.209+0000] {subprocess.py:93} INFO - [0m23:50:30
[2026-07-11T23:50:30.210+0000] {subprocess.py:93} INFO - [0m23:50:30  Finished running 3 table models, 3 view models in 0 hours 0 minutes and 20.92 seconds (20.92s).
[2026-07-11T23:50:30.241+0000] {subprocess.py:93} INFO - [0m23:50:30
[2026-07-11T23:50:30.241+0000] {subprocess.py:93} INFO - [0m23:50:30  [31mCompleted with 2 errors, 0 partial successes, and 0 warnings:[0m
[2026-07-11T23:50:30.242+0000] {subprocess.py:93} INFO - [0m23:50:30
[2026-07-11T23:50:30.242+0000] {subprocess.py:93} INFO - [0m23:50:30  [31mFailure in model dim_drivers (models/mart/dim_drivers.sql)[0m
[2026-07-11T23:50:30.242+0000] {subprocess.py:93} INFO - [0m23:50:30    Database Error in model dim_drivers (models/mart/dim_drivers.sql)
[2026-07-11T23:50:30.242+0000] {subprocess.py:93} INFO -   Unrecognized name: is_current at [24:7]
[2026-07-11T23:50:30.242+0000] {subprocess.py:93} INFO -   compiled code at target/run/logistics_lakehouse/models/mart/dim_drivers.sql
[2026-07-11T23:50:30.242+0000] {subprocess.py:93} INFO - [0m23:50:30
[2026-07-11T23:50:30.243+0000] {subprocess.py:93} INFO - [0m23:50:30    compiled code at target/compiled/logistics_lakehouse/models/mart/dim_drivers.sql
[2026-07-11T23:50:30.243+0000] {subprocess.py:93} INFO - [0m23:50:30
[2026-07-11T23:50:30.243+0000] {subprocess.py:93} INFO - [0m23:50:30  [31mFailure in model dim_hubs (models/mart/dim_hubs.sql)[0m
[2026-07-11T23:50:30.243+0000] {subprocess.py:93} INFO - [0m23:50:30    Database Error in model dim_hubs (models/mart/dim_hubs.sql)
[2026-07-11T23:50:30.243+0000] {subprocess.py:93} INFO -   Unrecognized name: is_current at [24:7]
[2026-07-11T23:50:30.244+0000] {subprocess.py:93} INFO -   compiled code at target/run/logistics_lakehouse/models/mart/dim_hubs.sql
[2026-07-11T23:50:30.244+0000] {subprocess.py:93} INFO - [0m23:50:30
[2026-07-11T23:50:30.244+0000] {subprocess.py:93} INFO - [0m23:50:30    compiled code at target/compiled/logistics_lakehouse/models/mart/dim_hubs.sql
[2026-07-11T23:50:30.244+0000] {subprocess.py:93} INFO - [0m23:50:30
[2026-07-11T23:50:30.244+0000] {subprocess.py:93} INFO - [0m23:50:30  Done. PASS=3 WARN=0 ERROR=2 SKIP=1 NO-OP=0 TOTAL=6
[2026-07-11T23:50:33.139+0000] {subprocess.py:97} INFO - Command exited with return code 1
[2026-07-11T23:50:33.144+0000] {taskinstance.py:441} INFO - ::group::Post task execution logs
[2026-07-11T23:50:33.174+0000] {taskinstance.py:2905} ERROR - Task failed with exception
Traceback (most recent call last):
  File "/home/airflow/.local/lib/python3.12/site-packages/airflow/models/taskinstance.py", line 465, in _execute_task
    result = _execute_callable(context=context, **execute_callable_kwargs)
             ^^^^^^^^^^^^^^^^^^^^^^^^^^^^^^^^^^^^^^^^^^^^^^^^^^^^^^^^^^^^^
  File "/home/airflow/.local/lib/python3.12/site-packages/airflow/models/taskinstance.py", line 432, in _execute_callable
    return execute_callable(context=context, **execute_callable_kwargs)
           ^^^^^^^^^^^^^^^^^^^^^^^^^^^^^^^^^^^^^^^^^^^^^^^^^^^^^^^^^^^^
  File "/home/airflow/.local/lib/python3.12/site-packages/airflow/models/baseoperator.py", line 400, in wrapper
    return func(self, *args, **kwargs)
           ^^^^^^^^^^^^^^^^^^^^^^^^^^^
  File "/home/airflow/.local/lib/python3.12/site-packages/airflow/operators/bash.py", line 243, in execute
    raise AirflowException(
airflow.exceptions.AirflowException: Bash command failed. The command returned a non-zero exit code 1.
[2026-07-11T23:50:33.178+0000] {taskinstance.py:1206} INFO - Marking task as FAILED. dag_id=gold_dbt_dag, task_id=trigger_dbt_build, run_id=dataset_triggered__2026-07-11T22:44:43.208226+00:00, execution_date=20260711T224443, start_date=20260711T235004, end_date=20260711T235033
[2026-07-11T23:50:33.197+0000] {standard_task_runner.py:110} ERROR - Failed to execute job 55 for task trigger_dbt_build (Bash command failed. The command returned a non-zero exit code 1.; 8488)
[2026-07-11T23:50:33.234+0000] {local_task_job_runner.py:240} INFO - Task exited with return code 1
[2026-07-11T23:50:33.250+0000] {taskinstance.py:3498} INFO - 0 downstream tasks scheduled from follow-on schedule check
[2026-07-11T23:50:33.251+0000] {local_task_job_runner.py:222} INFO - ::endgroup::
