[2026-07-11T22:44:43.974+0000] {local_task_job_runner.py:120} INFO - ::group::Pre task execution logs
[2026-07-11T22:44:44.018+0000] {taskinstance.py:2076} INFO - Dependencies all met for dep_context=non-requeueable deps ti=<TaskInstance: gold_dbt_dag.trigger_dbt_build dataset_triggered__2026-07-11T22:44:43.208226+00:00 [queued]>
[2026-07-11T22:44:44.025+0000] {taskinstance.py:2076} INFO - Dependencies all met for dep_context=requeueable deps ti=<TaskInstance: gold_dbt_dag.trigger_dbt_build dataset_triggered__2026-07-11T22:44:43.208226+00:00 [queued]>
[2026-07-11T22:44:44.025+0000] {taskinstance.py:2306} INFO - Starting attempt 1 of 2
[2026-07-11T22:44:44.037+0000] {taskinstance.py:2330} INFO - Executing <Task(BashOperator): trigger_dbt_build> on 2026-07-11 22:44:43.208226+00:00
[2026-07-11T22:44:44.050+0000] {standard_task_runner.py:90} INFO - Running: ['***', 'tasks', 'run', 'gold_dbt_dag', 'trigger_dbt_build', 'dataset_triggered__2026-07-11T22:44:43.208226+00:00', '--job-id', '54', '--raw', '--subdir', 'DAGS_FOLDER/dag_gold_dbt.py', '--cfg-path', '/tmp/tmp2naw59sd']
[2026-07-11T22:44:44.055+0000] {standard_task_runner.py:91} INFO - Job 54: Subtask trigger_dbt_build
[2026-07-11T22:44:44.054+0000] {logging_mixin.py:188} WARNING - /home/***/.local/lib/python3.12/site-packages/***/task/task_runner/standard_task_runner.py:61 DeprecationWarning: This process (pid=8414) is multi-threaded, use of fork() may lead to deadlocks in the child.
[2026-07-11T22:44:44.055+0000] {standard_task_runner.py:63} INFO - Started process 8415 to run task
[2026-07-11T22:44:44.116+0000] {task_command.py:426} INFO - Running <TaskInstance: gold_dbt_dag.trigger_dbt_build dataset_triggered__2026-07-11T22:44:43.208226+00:00 [running]> on host ad4e12f53b08
[2026-07-11T22:44:44.204+0000] {taskinstance.py:2648} INFO - Exporting env vars: AIRFLOW_CTX_DAG_OWNER='data_engineer' AIRFLOW_CTX_DAG_ID='gold_dbt_dag' AIRFLOW_CTX_TASK_ID='trigger_dbt_build' AIRFLOW_CTX_EXECUTION_DATE='2026-07-11T22:44:43.208226+00:00' AIRFLOW_CTX_TRY_NUMBER='1' AIRFLOW_CTX_DAG_RUN_ID='dataset_triggered__2026-07-11T22:44:43.208226+00:00'
[2026-07-11T22:44:44.205+0000] {taskinstance.py:430} INFO - ::endgroup::
[2026-07-11T22:44:44.223+0000] {subprocess.py:63} INFO - Tmp dir root location: /tmp
[2026-07-11T22:44:44.225+0000] {subprocess.py:75} INFO - Running command: ['/usr/bin/bash', '-c', 'cd /opt/***/dbt && dbt build --profiles-dir . --target dev']
[2026-07-11T22:44:44.233+0000] {subprocess.py:86} INFO - Output:
[2026-07-11T22:44:46.445+0000] {subprocess.py:93} INFO - [0m22:44:46  Running with dbt=1.11.11
[2026-07-11T22:44:47.311+0000] {subprocess.py:93} INFO - [0m22:44:47  Registered adapter: bigquery=1.11.3
[2026-07-11T22:44:47.555+0000] {subprocess.py:93} INFO - [0m22:44:47  Found 6 models, 4 sources, 553 macros
[2026-07-11T22:44:47.556+0000] {subprocess.py:93} INFO - [0m22:44:47
[2026-07-11T22:44:47.557+0000] {subprocess.py:93} INFO - [0m22:44:47  Concurrency: 4 threads (target='dev')
[2026-07-11T22:44:47.557+0000] {subprocess.py:93} INFO - [0m22:44:47
[2026-07-11T22:44:49.970+0000] {subprocess.py:93} INFO - [0m22:44:49  1 of 6 START sql table model logistics_mart.dim_drivers ........................ [RUN]
[2026-07-11T22:44:49.972+0000] {subprocess.py:93} INFO - [0m22:44:49  2 of 6 START sql table model logistics_mart.dim_hubs ........................... [RUN]
[2026-07-11T22:44:49.972+0000] {subprocess.py:93} INFO - [0m22:44:49  3 of 6 START sql view model logistics_mart.stg_shipments ....................... [RUN]
[2026-07-11T22:44:49.973+0000] {subprocess.py:93} INFO - [0m22:44:49  4 of 6 START sql view model logistics_mart.stg_weather ......................... [RUN]
[2026-07-11T22:44:51.743+0000] {subprocess.py:93} INFO - [0m22:44:51  4 of 6 OK created sql view model logistics_mart.stg_weather .................... [[32mCREATE VIEW (0 processed)[0m in 1.77s]
[2026-07-11T22:44:51.745+0000] {subprocess.py:93} INFO - [0m22:44:51  5 of 6 START sql view model logistics_mart.stg_weather_consensus ............... [RUN]
[2026-07-11T22:44:51.954+0000] {subprocess.py:93} INFO - [0m22:44:51  3 of 6 OK created sql view model logistics_mart.stg_shipments .................. [[32mCREATE VIEW (0 processed)[0m in 1.98s]
[2026-07-11T22:44:52.019+0000] {subprocess.py:93} INFO - [0m22:44:52  BigQuery adapter: https://console.cloud.google.com/bigquery?project=logistics-500519&j=bq:US:0c4b1b8e-8434-49ed-83eb-30dff81fad93&page=queryresults
[2026-07-11T22:44:52.028+0000] {subprocess.py:93} INFO - [0m22:44:52  2 of 6 ERROR creating sql table model logistics_mart.dim_hubs .................. [[31mERROR[0m in 2.05s]
[2026-07-11T22:44:52.337+0000] {subprocess.py:93} INFO - [0m22:44:52  BigQuery adapter: https://console.cloud.google.com/bigquery?project=logistics-500519&j=bq:US:cc4a5ed5-e0fa-4337-b5cb-b3c095a7519c&page=queryresults
[2026-07-11T22:44:52.343+0000] {subprocess.py:93} INFO - [0m22:44:52  1 of 6 ERROR creating sql table model logistics_mart.dim_drivers ............... [[31mERROR[0m in 2.37s]
[2026-07-11T22:44:53.547+0000] {subprocess.py:93} INFO - [0m22:44:53  5 of 6 OK created sql view model logistics_mart.stg_weather_consensus .......... [[32mCREATE VIEW (0 processed)[0m in 1.80s]
[2026-07-11T22:44:53.551+0000] {subprocess.py:93} INFO - [0m22:44:53  6 of 6 SKIP relation logistics_mart.fact_shipment_weather ...................... [[33mSKIP[0m]
[2026-07-11T22:44:53.597+0000] {subprocess.py:93} INFO - [0m22:44:53
[2026-07-11T22:44:53.597+0000] {subprocess.py:93} INFO - [0m22:44:53  Finished running 3 table models, 3 view models in 0 hours 0 minutes and 6.04 seconds (6.04s).
[2026-07-11T22:44:53.644+0000] {subprocess.py:93} INFO - [0m22:44:53
[2026-07-11T22:44:53.644+0000] {subprocess.py:93} INFO - [0m22:44:53  [31mCompleted with 2 errors, 0 partial successes, and 0 warnings:[0m
[2026-07-11T22:44:53.645+0000] {subprocess.py:93} INFO - [0m22:44:53
[2026-07-11T22:44:53.645+0000] {subprocess.py:93} INFO - [0m22:44:53  [31mFailure in model dim_hubs (models/mart/dim_hubs.sql)[0m
[2026-07-11T22:44:53.645+0000] {subprocess.py:93} INFO - [0m22:44:53    Database Error in model dim_hubs (models/mart/dim_hubs.sql)
[2026-07-11T22:44:53.645+0000] {subprocess.py:93} INFO -   Unrecognized name: is_current at [24:7]
[2026-07-11T22:44:53.645+0000] {subprocess.py:93} INFO -   compiled code at target/run/logistics_lakehouse/models/mart/dim_hubs.sql
[2026-07-11T22:44:53.646+0000] {subprocess.py:93} INFO - [0m22:44:53
[2026-07-11T22:44:53.646+0000] {subprocess.py:93} INFO - [0m22:44:53    compiled code at target/compiled/logistics_lakehouse/models/mart/dim_hubs.sql
[2026-07-11T22:44:53.646+0000] {subprocess.py:93} INFO - [0m22:44:53
[2026-07-11T22:44:53.646+0000] {subprocess.py:93} INFO - [0m22:44:53  [31mFailure in model dim_drivers (models/mart/dim_drivers.sql)[0m
[2026-07-11T22:44:53.647+0000] {subprocess.py:93} INFO - [0m22:44:53    Database Error in model dim_drivers (models/mart/dim_drivers.sql)
[2026-07-11T22:44:53.647+0000] {subprocess.py:93} INFO -   Unrecognized name: is_current at [24:7]
[2026-07-11T22:44:53.647+0000] {subprocess.py:93} INFO -   compiled code at target/run/logistics_lakehouse/models/mart/dim_drivers.sql
[2026-07-11T22:44:53.647+0000] {subprocess.py:93} INFO - [0m22:44:53
[2026-07-11T22:44:53.647+0000] {subprocess.py:93} INFO - [0m22:44:53    compiled code at target/compiled/logistics_lakehouse/models/mart/dim_drivers.sql
[2026-07-11T22:44:53.647+0000] {subprocess.py:93} INFO - [0m22:44:53
[2026-07-11T22:44:53.648+0000] {subprocess.py:93} INFO - [0m22:44:53  Done. PASS=3 WARN=0 ERROR=2 SKIP=1 NO-OP=0 TOTAL=6
[2026-07-11T22:44:56.380+0000] {subprocess.py:97} INFO - Command exited with return code 1
[2026-07-11T22:44:56.382+0000] {taskinstance.py:441} INFO - ::group::Post task execution logs
[2026-07-11T22:44:56.403+0000] {taskinstance.py:2905} ERROR - Task failed with exception
Traceback (most recent call last):
  File "/home/airflow/.local/lib/python3.12/site-packages/airflow/models/taskinstance.py", line 465, in _execute_task
    result = _execute_callable(context=context, **execute_callable_kwargs)
             ^^^^^^^^^^^^^^^^^^^^^^^^^^^^^^^^^^^^^^^^^^^^^^^^^^^^^^^^^^^^^
  File "/home/airflow/.local/lib/python3.12/site-packages/airflow/models/taskinstance.py", line 432, in _execute_callable
    return execute_callable(context=context, **execute_callable_kwargs)
           ^^^^^^^^^^^^^^^^^^^^^^^^^^^^^^^^^^^^^^^^^^^^^^^^^^^^^^^^^^^^
  File "/home/airflow/.local/lib/python3.12/site-packages/airflow/models/baseoperator.py", line 400, in wrapper
    return func(self, *args, **kwargs)
           ^^^^^^^^^^^^^^^^^^^^^^^^^^^
  File "/home/airflow/.local/lib/python3.12/site-packages/airflow/operators/bash.py", line 243, in execute
    raise AirflowException(
airflow.exceptions.AirflowException: Bash command failed. The command returned a non-zero exit code 1.
[2026-07-11T22:44:56.408+0000] {taskinstance.py:1206} INFO - Marking task as UP_FOR_RETRY. dag_id=gold_dbt_dag, task_id=trigger_dbt_build, run_id=dataset_triggered__2026-07-11T22:44:43.208226+00:00, execution_date=20260711T224443, start_date=20260711T224444, end_date=20260711T224456
[2026-07-11T22:44:56.418+0000] {standard_task_runner.py:110} ERROR - Failed to execute job 54 for task trigger_dbt_build (Bash command failed. The command returned a non-zero exit code 1.; 8415)
[2026-07-11T22:44:56.425+0000] {local_task_job_runner.py:240} INFO - Task exited with return code 1
[2026-07-11T22:44:56.452+0000] {taskinstance.py:3498} INFO - 0 downstream tasks scheduled from follow-on schedule check
[2026-07-11T22:44:56.453+0000] {local_task_job_runner.py:222} INFO - ::endgroup::
