[2026-07-03T03:13:40.383+0000] {local_task_job_runner.py:120} INFO - ::group::Pre task execution logs
[2026-07-03T03:13:40.405+0000] {taskinstance.py:2076} INFO - Dependencies all met for dep_context=non-requeueable deps ti=<TaskInstance: gold_dbt_dag.trigger_dbt_build dataset_triggered__2026-07-03T03:13:39.495848+00:00 [queued]>
[2026-07-03T03:13:40.409+0000] {taskinstance.py:2076} INFO - Dependencies all met for dep_context=requeueable deps ti=<TaskInstance: gold_dbt_dag.trigger_dbt_build dataset_triggered__2026-07-03T03:13:39.495848+00:00 [queued]>
[2026-07-03T03:13:40.409+0000] {taskinstance.py:2306} INFO - Starting attempt 1 of 2
[2026-07-03T03:13:40.415+0000] {taskinstance.py:2330} INFO - Executing <Task(BashOperator): trigger_dbt_build> on 2026-07-03 03:13:39.495848+00:00
[2026-07-03T03:13:40.423+0000] {standard_task_runner.py:90} INFO - Running: ['***', 'tasks', 'run', 'gold_dbt_dag', 'trigger_dbt_build', 'dataset_triggered__2026-07-03T03:13:39.495848+00:00', '--job-id', '330', '--raw', '--subdir', 'DAGS_FOLDER/dag_gold_dbt.py', '--cfg-path', '/tmp/tmpm3jnjkiz']
[2026-07-03T03:13:40.425+0000] {logging_mixin.py:188} WARNING - /home/***/.local/lib/python3.12/site-packages/***/task/task_runner/standard_task_runner.py:61 DeprecationWarning: This process (pid=1511) is multi-threaded, use of fork() may lead to deadlocks in the child.
[2026-07-03T03:13:40.425+0000] {standard_task_runner.py:91} INFO - Job 330: Subtask trigger_dbt_build
[2026-07-03T03:13:40.425+0000] {standard_task_runner.py:63} INFO - Started process 1512 to run task
[2026-07-03T03:13:40.455+0000] {task_command.py:426} INFO - Running <TaskInstance: gold_dbt_dag.trigger_dbt_build dataset_triggered__2026-07-03T03:13:39.495848+00:00 [running]> on host bd23e89d97be
[2026-07-03T03:13:40.493+0000] {taskinstance.py:2648} INFO - Exporting env vars: AIRFLOW_CTX_DAG_OWNER='data_engineer' AIRFLOW_CTX_DAG_ID='gold_dbt_dag' AIRFLOW_CTX_TASK_ID='trigger_dbt_build' AIRFLOW_CTX_EXECUTION_DATE='2026-07-03T03:13:39.495848+00:00' AIRFLOW_CTX_TRY_NUMBER='1' AIRFLOW_CTX_DAG_RUN_ID='dataset_triggered__2026-07-03T03:13:39.495848+00:00'
[2026-07-03T03:13:40.493+0000] {taskinstance.py:430} INFO - ::endgroup::
[2026-07-03T03:13:40.500+0000] {subprocess.py:63} INFO - Tmp dir root location: /tmp
[2026-07-03T03:13:40.500+0000] {subprocess.py:75} INFO - Running command: ['/usr/bin/bash', '-c', 'cd /opt/***/dbt && dbt build --profiles-dir . --target dev']
[2026-07-03T03:13:40.504+0000] {subprocess.py:86} INFO - Output:
[2026-07-03T03:13:41.554+0000] {subprocess.py:93} INFO - [0m03:13:41  Running with dbt=1.11.11
[2026-07-03T03:13:42.060+0000] {subprocess.py:93} INFO - [0m03:13:42  Registered adapter: bigquery=1.11.3
[2026-07-03T03:13:42.266+0000] {subprocess.py:93} INFO - [0m03:13:42  Found 5 models, 4 sources, 553 macros
[2026-07-03T03:13:42.267+0000] {subprocess.py:93} INFO - [0m03:13:42
[2026-07-03T03:13:42.268+0000] {subprocess.py:93} INFO - [0m03:13:42  Concurrency: 4 threads (target='dev')
[2026-07-03T03:13:42.268+0000] {subprocess.py:93} INFO - [0m03:13:42
[2026-07-03T03:13:43.860+0000] {subprocess.py:93} INFO - [0m03:13:43  1 of 5 START sql table model logistics_mart.dim_drivers ........................ [RUN]
[2026-07-03T03:13:43.861+0000] {subprocess.py:93} INFO - [0m03:13:43  2 of 5 START sql table model logistics_mart.dim_hubs ........................... [RUN]
[2026-07-03T03:13:43.861+0000] {subprocess.py:93} INFO - [0m03:13:43  3 of 5 START sql view model logistics_mart.stg_shipments ....................... [RUN]
[2026-07-03T03:13:43.861+0000] {subprocess.py:93} INFO - [0m03:13:43  4 of 5 START sql view model logistics_mart.stg_weather ......................... [RUN]
[2026-07-03T03:13:45.808+0000] {subprocess.py:93} INFO - [0m03:13:45  4 of 5 OK created sql view model logistics_mart.stg_weather .................... [[32mCREATE VIEW (0 processed)[0m in 1.94s]
[2026-07-03T03:13:45.808+0000] {subprocess.py:93} INFO - [0m03:13:45  3 of 5 OK created sql view model logistics_mart.stg_shipments .................. [[32mCREATE VIEW (0 processed)[0m in 1.94s]
[2026-07-03T03:13:47.299+0000] {subprocess.py:93} INFO - [0m03:13:47  1 of 5 OK created sql table model logistics_mart.dim_drivers ................... [[32mCREATE TABLE (3.0 rows, 108.0 Bytes processed)[0m in 3.43s]
[2026-07-03T03:13:47.567+0000] {subprocess.py:93} INFO - [0m03:13:47  2 of 5 OK created sql table model logistics_mart.dim_hubs ...................... [[32mCREATE TABLE (3.0 rows, 149.0 Bytes processed)[0m in 3.70s]
[2026-07-03T03:13:47.571+0000] {subprocess.py:93} INFO - [0m03:13:47  5 of 5 START sql table model logistics_mart.fact_shipment_weather .............. [RUN]
[2026-07-03T03:13:51.342+0000] {subprocess.py:93} INFO - [0m03:13:51  5 of 5 OK created sql table model logistics_mart.fact_shipment_weather ......... [[32mCREATE TABLE (358.0 rows, 23.0 KiB processed)[0m in 3.77s]
[2026-07-03T03:13:51.390+0000] {subprocess.py:93} INFO - [0m03:13:51
[2026-07-03T03:13:51.391+0000] {subprocess.py:93} INFO - [0m03:13:51  Finished running 3 table models, 2 view models in 0 hours 0 minutes and 9.12 seconds (9.12s).
[2026-07-03T03:13:51.432+0000] {subprocess.py:93} INFO - [0m03:13:51
[2026-07-03T03:13:51.432+0000] {subprocess.py:93} INFO - [0m03:13:51  [32mCompleted successfully[0m
[2026-07-03T03:13:51.433+0000] {subprocess.py:93} INFO - [0m03:13:51
[2026-07-03T03:13:51.433+0000] {subprocess.py:93} INFO - [0m03:13:51  Done. PASS=5 WARN=0 ERROR=0 SKIP=0 NO-OP=0 TOTAL=5
[2026-07-03T03:13:53.177+0000] {subprocess.py:97} INFO - Command exited with return code 0
[2026-07-03T03:13:53.178+0000] {taskinstance.py:441} INFO - ::group::Post task execution logs
[2026-07-03T03:13:53.192+0000] {taskinstance.py:1206} INFO - Marking task as SUCCESS. dag_id=gold_dbt_dag, task_id=trigger_dbt_build, run_id=dataset_triggered__2026-07-03T03:13:39.495848+00:00, execution_date=20260703T031339, start_date=20260703T031340, end_date=20260703T031353
[2026-07-03T03:13:53.238+0000] {local_task_job_runner.py:240} INFO - Task exited with return code 0
[2026-07-03T03:13:53.247+0000] {taskinstance.py:3498} INFO - 0 downstream tasks scheduled from follow-on schedule check
[2026-07-03T03:13:53.248+0000] {local_task_job_runner.py:222} INFO - ::endgroup::
