[2026-07-12T18:00:26.145+0000] {local_task_job_runner.py:120} INFO - ::group::Pre task execution logs
[2026-07-12T18:00:26.177+0000] {taskinstance.py:2076} INFO - Dependencies all met for dep_context=non-requeueable deps ti=<TaskInstance: gold_dbt_dag.trigger_dbt_build dataset_triggered__2026-07-12T18:00:25.292918+00:00 [queued]>
[2026-07-12T18:00:26.181+0000] {taskinstance.py:2076} INFO - Dependencies all met for dep_context=requeueable deps ti=<TaskInstance: gold_dbt_dag.trigger_dbt_build dataset_triggered__2026-07-12T18:00:25.292918+00:00 [queued]>
[2026-07-12T18:00:26.181+0000] {taskinstance.py:2306} INFO - Starting attempt 1 of 2
[2026-07-12T18:00:26.187+0000] {taskinstance.py:2330} INFO - Executing <Task(BashOperator): trigger_dbt_build> on 2026-07-12 18:00:25.292918+00:00
[2026-07-12T18:00:26.191+0000] {standard_task_runner.py:90} INFO - Running: ['***', 'tasks', 'run', 'gold_dbt_dag', 'trigger_dbt_build', 'dataset_triggered__2026-07-12T18:00:25.292918+00:00', '--job-id', '188', '--raw', '--subdir', 'DAGS_FOLDER/dag_gold_dbt.py', '--cfg-path', '/tmp/tmpd107ou3k']
[2026-07-12T18:00:26.197+0000] {standard_task_runner.py:91} INFO - Job 188: Subtask trigger_dbt_build
[2026-07-12T18:00:26.196+0000] {logging_mixin.py:188} WARNING - /home/***/.local/lib/python3.12/site-packages/***/task/task_runner/standard_task_runner.py:61 DeprecationWarning: This process (pid=30679) is multi-threaded, use of fork() may lead to deadlocks in the child.
[2026-07-12T18:00:26.197+0000] {standard_task_runner.py:63} INFO - Started process 30680 to run task
[2026-07-12T18:00:26.223+0000] {task_command.py:426} INFO - Running <TaskInstance: gold_dbt_dag.trigger_dbt_build dataset_triggered__2026-07-12T18:00:25.292918+00:00 [running]> on host ad4e12f53b08
[2026-07-12T18:00:26.267+0000] {taskinstance.py:2648} INFO - Exporting env vars: AIRFLOW_CTX_DAG_OWNER='data_engineer' AIRFLOW_CTX_DAG_ID='gold_dbt_dag' AIRFLOW_CTX_TASK_ID='trigger_dbt_build' AIRFLOW_CTX_EXECUTION_DATE='2026-07-12T18:00:25.292918+00:00' AIRFLOW_CTX_TRY_NUMBER='1' AIRFLOW_CTX_DAG_RUN_ID='dataset_triggered__2026-07-12T18:00:25.292918+00:00'
[2026-07-12T18:00:26.267+0000] {taskinstance.py:430} INFO - ::endgroup::
[2026-07-12T18:00:26.276+0000] {subprocess.py:63} INFO - Tmp dir root location: /tmp
[2026-07-12T18:00:26.277+0000] {subprocess.py:75} INFO - Running command: ['/usr/bin/bash', '-c', 'cd /opt/***/dbt && dbt build --profiles-dir . --target dev']
[2026-07-12T18:00:26.282+0000] {subprocess.py:86} INFO - Output:
[2026-07-12T18:00:27.917+0000] {subprocess.py:93} INFO - [0m18:00:27  Running with dbt=1.11.11
[2026-07-12T18:00:28.807+0000] {subprocess.py:93} INFO - [0m18:00:28  Registered adapter: bigquery=1.11.3
[2026-07-12T18:00:29.309+0000] {subprocess.py:93} INFO - [0m18:00:29  Found 6 models, 4 sources, 553 macros
[2026-07-12T18:00:29.310+0000] {subprocess.py:93} INFO - [0m18:00:29
[2026-07-12T18:00:29.311+0000] {subprocess.py:93} INFO - [0m18:00:29  Concurrency: 4 threads (target='dev')
[2026-07-12T18:00:29.311+0000] {subprocess.py:93} INFO - [0m18:00:29
[2026-07-12T18:00:30.815+0000] {subprocess.py:93} INFO - [0m18:00:30  1 of 6 START sql table model logistics_mart.dim_drivers ........................ [RUN]
[2026-07-12T18:00:30.816+0000] {subprocess.py:93} INFO - [0m18:00:30  2 of 6 START sql table model logistics_mart.dim_hubs ........................... [RUN]
[2026-07-12T18:00:30.816+0000] {subprocess.py:93} INFO - [0m18:00:30  3 of 6 START sql view model logistics_mart.stg_shipments ....................... [RUN]
[2026-07-12T18:00:30.817+0000] {subprocess.py:93} INFO - [0m18:00:30  4 of 6 START sql view model logistics_mart.stg_weather ......................... [RUN]
[2026-07-12T18:00:33.011+0000] {subprocess.py:93} INFO - [0m18:00:33  4 of 6 OK created sql view model logistics_mart.stg_weather .................... [[32mCREATE VIEW (0 processed)[0m in 2.19s]
[2026-07-12T18:00:33.013+0000] {subprocess.py:93} INFO - [0m18:00:33  3 of 6 OK created sql view model logistics_mart.stg_shipments .................. [[32mCREATE VIEW (0 processed)[0m in 2.19s]
[2026-07-12T18:00:33.015+0000] {subprocess.py:93} INFO - [0m18:00:33  5 of 6 START sql view model logistics_mart.stg_weather_consensus ............... [RUN]
[2026-07-12T18:00:33.067+0000] {subprocess.py:93} INFO - [0m18:00:33  BigQuery adapter: https://console.cloud.google.com/bigquery?project=logistics-500519&j=bq:US:77e46915-687d-47eb-aa47-6eac1523db27&page=queryresults
[2026-07-12T18:00:33.078+0000] {subprocess.py:93} INFO - [0m18:00:33  1 of 6 ERROR creating sql table model logistics_mart.dim_drivers ............... [[31mERROR[0m in 2.26s]
[2026-07-12T18:00:33.132+0000] {subprocess.py:93} INFO - [0m18:00:33  BigQuery adapter: https://console.cloud.google.com/bigquery?project=logistics-500519&j=bq:US:3a7c38ee-011b-4d0a-a30a-a41acb5638d2&page=queryresults
[2026-07-12T18:00:33.135+0000] {subprocess.py:93} INFO - [0m18:00:33  2 of 6 ERROR creating sql table model logistics_mart.dim_hubs .................. [[31mERROR[0m in 2.32s]
[2026-07-12T18:00:34.769+0000] {subprocess.py:93} INFO - [0m18:00:34  5 of 6 OK created sql view model logistics_mart.stg_weather_consensus .......... [[32mCREATE VIEW (0 processed)[0m in 1.75s]
[2026-07-12T18:00:34.774+0000] {subprocess.py:93} INFO - [0m18:00:34  6 of 6 SKIP relation logistics_mart.fact_shipment_weather ...................... [[33mSKIP[0m]
[2026-07-12T18:00:34.812+0000] {subprocess.py:93} INFO - [0m18:00:34
[2026-07-12T18:00:34.813+0000] {subprocess.py:93} INFO - [0m18:00:34  Finished running 3 table models, 3 view models in 0 hours 0 minutes and 5.50 seconds (5.50s).
[2026-07-12T18:00:34.864+0000] {subprocess.py:93} INFO - [0m18:00:34
[2026-07-12T18:00:34.864+0000] {subprocess.py:93} INFO - [0m18:00:34  [31mCompleted with 2 errors, 0 partial successes, and 0 warnings:[0m
[2026-07-12T18:00:34.865+0000] {subprocess.py:93} INFO - [0m18:00:34
[2026-07-12T18:00:34.865+0000] {subprocess.py:93} INFO - [0m18:00:34  [31mFailure in model dim_drivers (models/mart/dim_drivers.sql)[0m
[2026-07-12T18:00:34.866+0000] {subprocess.py:93} INFO - [0m18:00:34    Database Error in model dim_drivers (models/mart/dim_drivers.sql)
[2026-07-12T18:00:34.866+0000] {subprocess.py:93} INFO -   Unrecognized name: is_current at [24:7]
[2026-07-12T18:00:34.866+0000] {subprocess.py:93} INFO -   compiled code at target/run/logistics_lakehouse/models/mart/dim_drivers.sql
[2026-07-12T18:00:34.866+0000] {subprocess.py:93} INFO - [0m18:00:34
[2026-07-12T18:00:34.866+0000] {subprocess.py:93} INFO - [0m18:00:34    compiled code at target/compiled/logistics_lakehouse/models/mart/dim_drivers.sql
[2026-07-12T18:00:34.867+0000] {subprocess.py:93} INFO - [0m18:00:34
[2026-07-12T18:00:34.868+0000] {subprocess.py:93} INFO - [0m18:00:34  [31mFailure in model dim_hubs (models/mart/dim_hubs.sql)[0m
[2026-07-12T18:00:34.868+0000] {subprocess.py:93} INFO - [0m18:00:34    Database Error in model dim_hubs (models/mart/dim_hubs.sql)
[2026-07-12T18:00:34.868+0000] {subprocess.py:93} INFO -   Unrecognized name: is_current at [24:7]
[2026-07-12T18:00:34.869+0000] {subprocess.py:93} INFO -   compiled code at target/run/logistics_lakehouse/models/mart/dim_hubs.sql
[2026-07-12T18:00:34.869+0000] {subprocess.py:93} INFO - [0m18:00:34
[2026-07-12T18:00:34.870+0000] {subprocess.py:93} INFO - [0m18:00:34    compiled code at target/compiled/logistics_lakehouse/models/mart/dim_hubs.sql
[2026-07-12T18:00:34.870+0000] {subprocess.py:93} INFO - [0m18:00:34
[2026-07-12T18:00:34.870+0000] {subprocess.py:93} INFO - [0m18:00:34  Done. PASS=3 WARN=0 ERROR=2 SKIP=1 NO-OP=0 TOTAL=6
[2026-07-12T18:00:36.872+0000] {subprocess.py:97} INFO - Command exited with return code 1
[2026-07-12T18:00:36.873+0000] {taskinstance.py:441} INFO - ::group::Post task execution logs
[2026-07-12T18:00:36.892+0000] {taskinstance.py:2905} ERROR - Task failed with exception
Traceback (most recent call last):
  File "/home/airflow/.local/lib/python3.12/site-packages/airflow/models/taskinstance.py", line 465, in _execute_task
    result = _execute_callable(context=context, **execute_callable_kwargs)
             ^^^^^^^^^^^^^^^^^^^^^^^^^^^^^^^^^^^^^^^^^^^^^^^^^^^^^^^^^^^^^
  File "/home/airflow/.local/lib/python3.12/site-packages/airflow/models/taskinstance.py", line 432, in _execute_callable
    return execute_callable(context=context, **execute_callable_kwargs)
           ^^^^^^^^^^^^^^^^^^^^^^^^^^^^^^^^^^^^^^^^^^^^^^^^^^^^^^^^^^^^
  File "/home/airflow/.local/lib/python3.12/site-packages/airflow/models/baseoperator.py", line 400, in wrapper
    return func(self, *args, **kwargs)
           ^^^^^^^^^^^^^^^^^^^^^^^^^^^
  File "/home/airflow/.local/lib/python3.12/site-packages/airflow/operators/bash.py", line 243, in execute
    raise AirflowException(
airflow.exceptions.AirflowException: Bash command failed. The command returned a non-zero exit code 1.
[2026-07-12T18:00:36.898+0000] {taskinstance.py:1206} INFO - Marking task as UP_FOR_RETRY. dag_id=gold_dbt_dag, task_id=trigger_dbt_build, run_id=dataset_triggered__2026-07-12T18:00:25.292918+00:00, execution_date=20260712T180025, start_date=20260712T180026, end_date=20260712T180036
[2026-07-12T18:00:36.912+0000] {standard_task_runner.py:110} ERROR - Failed to execute job 188 for task trigger_dbt_build (Bash command failed. The command returned a non-zero exit code 1.; 30680)
[2026-07-12T18:00:36.945+0000] {local_task_job_runner.py:240} INFO - Task exited with return code 1
[2026-07-12T18:00:36.953+0000] {local_task_job_runner.py:222} INFO - ::endgroup::
