[2026-07-12T18:02:37.414+0000] {local_task_job_runner.py:120} INFO - ::group::Pre task execution logs
[2026-07-12T18:02:37.438+0000] {taskinstance.py:2076} INFO - Dependencies all met for dep_context=non-requeueable deps ti=<TaskInstance: gold_dbt_dag.trigger_dbt_build dataset_triggered__2026-07-12T18:00:25.292918+00:00 [queued]>
[2026-07-12T18:02:37.442+0000] {taskinstance.py:2076} INFO - Dependencies all met for dep_context=requeueable deps ti=<TaskInstance: gold_dbt_dag.trigger_dbt_build dataset_triggered__2026-07-12T18:00:25.292918+00:00 [queued]>
[2026-07-12T18:02:37.442+0000] {taskinstance.py:2306} INFO - Starting attempt 2 of 2
[2026-07-12T18:02:37.451+0000] {taskinstance.py:2330} INFO - Executing <Task(BashOperator): trigger_dbt_build> on 2026-07-12 18:00:25.292918+00:00
[2026-07-12T18:02:37.456+0000] {logging_mixin.py:188} WARNING - /home/***/.local/lib/python3.12/site-packages/***/task/task_runner/standard_task_runner.py:61 DeprecationWarning: This process (pid=30865) is multi-threaded, use of fork() may lead to deadlocks in the child.
[2026-07-12T18:02:37.457+0000] {standard_task_runner.py:63} INFO - Started process 30866 to run task
[2026-07-12T18:02:37.456+0000] {standard_task_runner.py:90} INFO - Running: ['***', 'tasks', 'run', 'gold_dbt_dag', 'trigger_dbt_build', 'dataset_triggered__2026-07-12T18:00:25.292918+00:00', '--job-id', '189', '--raw', '--subdir', 'DAGS_FOLDER/dag_gold_dbt.py', '--cfg-path', '/tmp/tmpz28zf0zg']
[2026-07-12T18:02:37.458+0000] {standard_task_runner.py:91} INFO - Job 189: Subtask trigger_dbt_build
[2026-07-12T18:02:37.494+0000] {task_command.py:426} INFO - Running <TaskInstance: gold_dbt_dag.trigger_dbt_build dataset_triggered__2026-07-12T18:00:25.292918+00:00 [running]> on host ad4e12f53b08
[2026-07-12T18:02:37.549+0000] {taskinstance.py:2648} INFO - Exporting env vars: AIRFLOW_CTX_DAG_OWNER='data_engineer' AIRFLOW_CTX_DAG_ID='gold_dbt_dag' AIRFLOW_CTX_TASK_ID='trigger_dbt_build' AIRFLOW_CTX_EXECUTION_DATE='2026-07-12T18:00:25.292918+00:00' AIRFLOW_CTX_TRY_NUMBER='2' AIRFLOW_CTX_DAG_RUN_ID='dataset_triggered__2026-07-12T18:00:25.292918+00:00'
[2026-07-12T18:02:37.549+0000] {taskinstance.py:430} INFO - ::endgroup::
[2026-07-12T18:02:37.560+0000] {subprocess.py:63} INFO - Tmp dir root location: /tmp
[2026-07-12T18:02:37.561+0000] {subprocess.py:75} INFO - Running command: ['/usr/bin/bash', '-c', 'cd /opt/***/dbt && dbt build --profiles-dir . --target dev']
[2026-07-12T18:02:37.571+0000] {subprocess.py:86} INFO - Output:
[2026-07-12T18:02:38.950+0000] {subprocess.py:93} INFO - [0m18:02:38  Running with dbt=1.11.11
[2026-07-12T18:02:39.634+0000] {subprocess.py:93} INFO - [0m18:02:39  Registered adapter: bigquery=1.11.3
[2026-07-12T18:02:39.909+0000] {subprocess.py:93} INFO - [0m18:02:39  Found 6 models, 4 sources, 553 macros
[2026-07-12T18:02:39.910+0000] {subprocess.py:93} INFO - [0m18:02:39
[2026-07-12T18:02:39.911+0000] {subprocess.py:93} INFO - [0m18:02:39  Concurrency: 4 threads (target='dev')
[2026-07-12T18:02:39.911+0000] {subprocess.py:93} INFO - [0m18:02:39
[2026-07-12T18:02:41.607+0000] {subprocess.py:93} INFO - [0m18:02:41  1 of 6 START sql table model logistics_mart.dim_drivers ........................ [RUN]
[2026-07-12T18:02:41.608+0000] {subprocess.py:93} INFO - [0m18:02:41  2 of 6 START sql table model logistics_mart.dim_hubs ........................... [RUN]
[2026-07-12T18:02:41.609+0000] {subprocess.py:93} INFO - [0m18:02:41  3 of 6 START sql view model logistics_mart.stg_shipments ....................... [RUN]
[2026-07-12T18:02:41.609+0000] {subprocess.py:93} INFO - [0m18:02:41  4 of 6 START sql view model logistics_mart.stg_weather ......................... [RUN]
[2026-07-12T18:02:43.576+0000] {subprocess.py:93} INFO - [0m18:02:43  BigQuery adapter: https://console.cloud.google.com/bigquery?project=logistics-500519&j=bq:US:d9a92204-15a2-499f-8cdf-377046289867&page=queryresults
[2026-07-12T18:02:43.582+0000] {subprocess.py:93} INFO - [0m18:02:43  4 of 6 OK created sql view model logistics_mart.stg_weather .................... [[32mCREATE VIEW (0 processed)[0m in 1.97s]
[2026-07-12T18:02:43.585+0000] {subprocess.py:93} INFO - [0m18:02:43  5 of 6 START sql view model logistics_mart.stg_weather_consensus ............... [RUN]
[2026-07-12T18:02:43.596+0000] {subprocess.py:93} INFO - [0m18:02:43  1 of 6 ERROR creating sql table model logistics_mart.dim_drivers ............... [[31mERROR[0m in 1.98s]
[2026-07-12T18:02:43.648+0000] {subprocess.py:93} INFO - [0m18:02:43  BigQuery adapter: https://console.cloud.google.com/bigquery?project=logistics-500519&j=bq:US:e229dff6-9cc0-45bd-ad67-b22f322dc9fe&page=queryresults
[2026-07-12T18:02:43.653+0000] {subprocess.py:93} INFO - [0m18:02:43  2 of 6 ERROR creating sql table model logistics_mart.dim_hubs .................. [[31mERROR[0m in 2.04s]
[2026-07-12T18:02:43.817+0000] {subprocess.py:93} INFO - [0m18:02:43  3 of 6 OK created sql view model logistics_mart.stg_shipments .................. [[32mCREATE VIEW (0 processed)[0m in 2.21s]
[2026-07-12T18:02:45.188+0000] {subprocess.py:93} INFO - [0m18:02:45  5 of 6 OK created sql view model logistics_mart.stg_weather_consensus .......... [[32mCREATE VIEW (0 processed)[0m in 1.60s]
[2026-07-12T18:02:45.199+0000] {subprocess.py:93} INFO - [0m18:02:45  6 of 6 SKIP relation logistics_mart.fact_shipment_weather ...................... [[33mSKIP[0m]
[2026-07-12T18:02:45.268+0000] {subprocess.py:93} INFO - [0m18:02:45
[2026-07-12T18:02:45.270+0000] {subprocess.py:93} INFO - [0m18:02:45  Finished running 3 table models, 3 view models in 0 hours 0 minutes and 5.36 seconds (5.36s).
[2026-07-12T18:02:45.401+0000] {subprocess.py:93} INFO - [0m18:02:45
[2026-07-12T18:02:45.403+0000] {subprocess.py:93} INFO - [0m18:02:45  [31mCompleted with 2 errors, 0 partial successes, and 0 warnings:[0m
[2026-07-12T18:02:45.404+0000] {subprocess.py:93} INFO - [0m18:02:45
[2026-07-12T18:02:45.406+0000] {subprocess.py:93} INFO - [0m18:02:45  [31mFailure in model dim_drivers (models/mart/dim_drivers.sql)[0m
[2026-07-12T18:02:45.408+0000] {subprocess.py:93} INFO - [0m18:02:45    Database Error in model dim_drivers (models/mart/dim_drivers.sql)
[2026-07-12T18:02:45.409+0000] {subprocess.py:93} INFO -   Unrecognized name: is_current at [24:7]
[2026-07-12T18:02:45.410+0000] {subprocess.py:93} INFO -   compiled code at target/run/logistics_lakehouse/models/mart/dim_drivers.sql
[2026-07-12T18:02:45.410+0000] {subprocess.py:93} INFO - [0m18:02:45
[2026-07-12T18:02:45.411+0000] {subprocess.py:93} INFO - [0m18:02:45    compiled code at target/compiled/logistics_lakehouse/models/mart/dim_drivers.sql
[2026-07-12T18:02:45.412+0000] {subprocess.py:93} INFO - [0m18:02:45
[2026-07-12T18:02:45.412+0000] {subprocess.py:93} INFO - [0m18:02:45  [31mFailure in model dim_hubs (models/mart/dim_hubs.sql)[0m
[2026-07-12T18:02:45.413+0000] {subprocess.py:93} INFO - [0m18:02:45    Database Error in model dim_hubs (models/mart/dim_hubs.sql)
[2026-07-12T18:02:45.413+0000] {subprocess.py:93} INFO -   Unrecognized name: is_current at [24:7]
[2026-07-12T18:02:45.413+0000] {subprocess.py:93} INFO -   compiled code at target/run/logistics_lakehouse/models/mart/dim_hubs.sql
[2026-07-12T18:02:45.413+0000] {subprocess.py:93} INFO - [0m18:02:45
[2026-07-12T18:02:45.414+0000] {subprocess.py:93} INFO - [0m18:02:45    compiled code at target/compiled/logistics_lakehouse/models/mart/dim_hubs.sql
[2026-07-12T18:02:45.415+0000] {subprocess.py:93} INFO - [0m18:02:45
[2026-07-12T18:02:45.417+0000] {subprocess.py:93} INFO - [0m18:02:45  Done. PASS=3 WARN=0 ERROR=2 SKIP=1 NO-OP=0 TOTAL=6
[2026-07-12T18:02:47.958+0000] {subprocess.py:97} INFO - Command exited with return code 1
[2026-07-12T18:02:47.962+0000] {taskinstance.py:441} INFO - ::group::Post task execution logs
[2026-07-12T18:02:47.988+0000] {taskinstance.py:2905} ERROR - Task failed with exception
Traceback (most recent call last):
  File "/home/airflow/.local/lib/python3.12/site-packages/airflow/models/taskinstance.py", line 465, in _execute_task
    result = _execute_callable(context=context, **execute_callable_kwargs)
             ^^^^^^^^^^^^^^^^^^^^^^^^^^^^^^^^^^^^^^^^^^^^^^^^^^^^^^^^^^^^^
  File "/home/airflow/.local/lib/python3.12/site-packages/airflow/models/taskinstance.py", line 432, in _execute_callable
    return execute_callable(context=context, **execute_callable_kwargs)
           ^^^^^^^^^^^^^^^^^^^^^^^^^^^^^^^^^^^^^^^^^^^^^^^^^^^^^^^^^^^^
  File "/home/airflow/.local/lib/python3.12/site-packages/airflow/models/baseoperator.py", line 400, in wrapper
    return func(self, *args, **kwargs)
           ^^^^^^^^^^^^^^^^^^^^^^^^^^^
  File "/home/airflow/.local/lib/python3.12/site-packages/airflow/operators/bash.py", line 243, in execute
    raise AirflowException(
airflow.exceptions.AirflowException: Bash command failed. The command returned a non-zero exit code 1.
[2026-07-12T18:02:47.995+0000] {taskinstance.py:1206} INFO - Marking task as FAILED. dag_id=gold_dbt_dag, task_id=trigger_dbt_build, run_id=dataset_triggered__2026-07-12T18:00:25.292918+00:00, execution_date=20260712T180025, start_date=20260712T180237, end_date=20260712T180247
[2026-07-12T18:02:48.015+0000] {standard_task_runner.py:110} ERROR - Failed to execute job 189 for task trigger_dbt_build (Bash command failed. The command returned a non-zero exit code 1.; 30866)
[2026-07-12T18:02:48.035+0000] {local_task_job_runner.py:240} INFO - Task exited with return code 1
[2026-07-12T18:02:48.054+0000] {taskinstance.py:3498} INFO - 0 downstream tasks scheduled from follow-on schedule check
[2026-07-12T18:02:48.055+0000] {local_task_job_runner.py:222} INFO - ::endgroup::
