[2026-07-09T05:06:08.532+0000] {local_task_job_runner.py:120} INFO - ::group::Pre task execution logs
[2026-07-09T05:06:08.558+0000] {taskinstance.py:2076} INFO - Dependencies all met for dep_context=non-requeueable deps ti=<TaskInstance: gold_dbt_dag.trigger_dbt_build dataset_triggered__2026-07-09T05:06:08.071381+00:00 [queued]>
[2026-07-09T05:06:08.561+0000] {taskinstance.py:2076} INFO - Dependencies all met for dep_context=requeueable deps ti=<TaskInstance: gold_dbt_dag.trigger_dbt_build dataset_triggered__2026-07-09T05:06:08.071381+00:00 [queued]>
[2026-07-09T05:06:08.562+0000] {taskinstance.py:2306} INFO - Starting attempt 1 of 2
[2026-07-09T05:06:08.567+0000] {taskinstance.py:2330} INFO - Executing <Task(BashOperator): trigger_dbt_build> on 2026-07-09 05:06:08.071381+00:00
[2026-07-09T05:06:08.572+0000] {logging_mixin.py:188} WARNING - /home/***/.local/lib/python3.12/site-packages/***/task/task_runner/standard_task_runner.py:61 DeprecationWarning: This process (pid=46241) is multi-threaded, use of fork() may lead to deadlocks in the child.
[2026-07-09T05:06:08.570+0000] {standard_task_runner.py:90} INFO - Running: ['***', 'tasks', 'run', 'gold_dbt_dag', 'trigger_dbt_build', 'dataset_triggered__2026-07-09T05:06:08.071381+00:00', '--job-id', '1248', '--raw', '--subdir', 'DAGS_FOLDER/dag_gold_dbt.py', '--cfg-path', '/tmp/tmp1jqaa1c9']
[2026-07-09T05:06:08.572+0000] {standard_task_runner.py:91} INFO - Job 1248: Subtask trigger_dbt_build
[2026-07-09T05:06:08.572+0000] {standard_task_runner.py:63} INFO - Started process 46242 to run task
[2026-07-09T05:06:08.594+0000] {task_command.py:426} INFO - Running <TaskInstance: gold_dbt_dag.trigger_dbt_build dataset_triggered__2026-07-09T05:06:08.071381+00:00 [running]> on host bd23e89d97be
[2026-07-09T05:06:08.631+0000] {taskinstance.py:2648} INFO - Exporting env vars: AIRFLOW_CTX_DAG_OWNER='data_engineer' AIRFLOW_CTX_DAG_ID='gold_dbt_dag' AIRFLOW_CTX_TASK_ID='trigger_dbt_build' AIRFLOW_CTX_EXECUTION_DATE='2026-07-09T05:06:08.071381+00:00' AIRFLOW_CTX_TRY_NUMBER='1' AIRFLOW_CTX_DAG_RUN_ID='dataset_triggered__2026-07-09T05:06:08.071381+00:00'
[2026-07-09T05:06:08.631+0000] {taskinstance.py:430} INFO - ::endgroup::
[2026-07-09T05:06:08.640+0000] {subprocess.py:63} INFO - Tmp dir root location: /tmp
[2026-07-09T05:06:08.641+0000] {subprocess.py:75} INFO - Running command: ['/usr/bin/bash', '-c', 'cd /opt/***/dbt && dbt build --profiles-dir . --target dev']
[2026-07-09T05:06:08.645+0000] {subprocess.py:86} INFO - Output:
[2026-07-09T05:06:09.877+0000] {subprocess.py:93} INFO - [0m05:06:09  Running with dbt=1.11.11
[2026-07-09T05:06:10.417+0000] {subprocess.py:93} INFO - [0m05:06:10  Registered adapter: bigquery=1.11.3
[2026-07-09T05:06:10.645+0000] {subprocess.py:93} INFO - [0m05:06:10  Found 6 models, 4 sources, 553 macros
[2026-07-09T05:06:10.646+0000] {subprocess.py:93} INFO - [0m05:06:10
[2026-07-09T05:06:10.646+0000] {subprocess.py:93} INFO - [0m05:06:10  Concurrency: 4 threads (target='dev')
[2026-07-09T05:06:10.646+0000] {subprocess.py:93} INFO - [0m05:06:10
[2026-07-09T05:06:12.251+0000] {subprocess.py:93} INFO - [0m05:06:12  1 of 6 START sql table model logistics_mart.dim_drivers ........................ [RUN]
[2026-07-09T05:06:12.252+0000] {subprocess.py:93} INFO - [0m05:06:12  2 of 6 START sql table model logistics_mart.dim_hubs ........................... [RUN]
[2026-07-09T05:06:12.252+0000] {subprocess.py:93} INFO - [0m05:06:12  3 of 6 START sql view model logistics_mart.stg_shipments ....................... [RUN]
[2026-07-09T05:06:12.252+0000] {subprocess.py:93} INFO - [0m05:06:12  4 of 6 START sql view model logistics_mart.stg_weather ......................... [RUN]
[2026-07-09T05:06:14.291+0000] {subprocess.py:93} INFO - [0m05:06:14  4 of 6 OK created sql view model logistics_mart.stg_weather .................... [[32mCREATE VIEW (0 processed)[0m in 2.03s]
[2026-07-09T05:06:14.292+0000] {subprocess.py:93} INFO - [0m05:06:14  3 of 6 OK created sql view model logistics_mart.stg_shipments .................. [[32mCREATE VIEW (0 processed)[0m in 2.03s]
[2026-07-09T05:06:14.296+0000] {subprocess.py:93} INFO - [0m05:06:14  5 of 6 START sql view model logistics_mart.stg_weather_consensus ............... [RUN]
[2026-07-09T05:06:15.631+0000] {subprocess.py:93} INFO - [0m05:06:15  BigQuery adapter: https://console.cloud.google.com/bigquery?project=logistics-500519&j=bq:US:05e5572c-cd03-447d-9d2a-9a5c9700b10e&page=queryresults
[2026-07-09T05:06:15.652+0000] {subprocess.py:93} INFO - [0m05:06:15  5 of 6 ERROR creating sql view model logistics_mart.stg_weather_consensus ...... [[31mERROR[0m in 1.35s]
[2026-07-09T05:06:15.854+0000] {subprocess.py:93} INFO - [0m05:06:15  1 of 6 OK created sql table model logistics_mart.dim_drivers ................... [[32mCREATE TABLE (3.0 rows, 108.0 Bytes processed)[0m in 3.60s]
[2026-07-09T05:06:16.166+0000] {subprocess.py:93} INFO - [0m05:06:16  2 of 6 OK created sql table model logistics_mart.dim_hubs ...................... [[32mCREATE TABLE (3.0 rows, 149.0 Bytes processed)[0m in 3.91s]
[2026-07-09T05:06:16.168+0000] {subprocess.py:93} INFO - [0m05:06:16  6 of 6 START sql table model logistics_mart.fact_shipment_weather .............. [RUN]
[2026-07-09T05:22:48.241+0000] {local_task_job_runner.py:310} WARNING - State of this instance has been externally set to up_for_retry. Terminating instance.
[2026-07-09T05:22:48.244+0000] {local_task_job_runner.py:222} INFO - ::endgroup::
[2026-07-09T05:22:48.250+0000] {process_utils.py:132} INFO - Sending 15 to group 46242. PIDs of all processes in the group: [46243, 46257, 46242]
[2026-07-09T05:22:48.250+0000] {process_utils.py:87} INFO - Sending the signal 15 to group 46242
[2026-07-09T05:22:48.252+0000] {taskinstance.py:2611} ERROR - Received SIGTERM. Terminating subprocesses.
[2026-07-09T05:22:48.255+0000] {subprocess.py:104} INFO - Sending SIGTERM signal to process group
[2026-07-09T05:22:48.257+0000] {taskinstance.py:441} INFO - ::group::Post task execution logs
[2026-07-09T05:22:48.277+0000] {taskinstance.py:2905} ERROR - Task failed with exception
Traceback (most recent call last):
  File "/home/airflow/.local/lib/python3.12/site-packages/airflow/models/taskinstance.py", line 465, in _execute_task
    result = _execute_callable(context=context, **execute_callable_kwargs)
             ^^^^^^^^^^^^^^^^^^^^^^^^^^^^^^^^^^^^^^^^^^^^^^^^^^^^^^^^^^^^^
  File "/home/airflow/.local/lib/python3.12/site-packages/airflow/models/taskinstance.py", line 432, in _execute_callable
    return execute_callable(context=context, **execute_callable_kwargs)
           ^^^^^^^^^^^^^^^^^^^^^^^^^^^^^^^^^^^^^^^^^^^^^^^^^^^^^^^^^^^^
  File "/home/airflow/.local/lib/python3.12/site-packages/airflow/models/baseoperator.py", line 400, in wrapper
    return func(self, *args, **kwargs)
           ^^^^^^^^^^^^^^^^^^^^^^^^^^^
  File "/home/airflow/.local/lib/python3.12/site-packages/airflow/operators/bash.py", line 234, in execute
    result = self.subprocess_hook.run_command(
             ^^^^^^^^^^^^^^^^^^^^^^^^^^^^^^^^^
  File "/home/airflow/.local/lib/python3.12/site-packages/airflow/hooks/subprocess.py", line 91, in run_command
    for raw_line in iter(self.sub_process.stdout.readline, b""):
  File "/home/airflow/.local/lib/python3.12/site-packages/airflow/models/taskinstance.py", line 2613, in signal_handler
    raise AirflowTaskTerminated("Task received SIGTERM signal")
airflow.exceptions.AirflowTaskTerminated: Task received SIGTERM signal
[2026-07-09T05:22:48.286+0000] {taskinstance.py:1206} INFO - Marking task as FAILED. dag_id=gold_dbt_dag, task_id=trigger_dbt_build, run_id=dataset_triggered__2026-07-09T05:06:08.071381+00:00, execution_date=20260709T050608, start_date=20260709T050608, end_date=20260709T052248
[2026-07-09T05:22:48.307+0000] {process_utils.py:80} INFO - Process psutil.Process(pid=46257, status='terminated', started='05:06:09') (46257) terminated with exit code None
[2026-07-09T05:22:48.308+0000] {process_utils.py:80} INFO - Process psutil.Process(pid=46243, status='terminated', started='05:06:07') (46243) terminated with exit code None
[2026-07-09T05:22:48.308+0000] {process_utils.py:80} INFO - Process psutil.Process(pid=46242, status='terminated', exitcode=2, started='05:06:07') (46242) terminated with exit code 2
