[2026-07-07T14:02:33.627+0000] {local_task_job_runner.py:120} INFO - ::group::Pre task execution logs
[2026-07-07T14:02:33.654+0000] {taskinstance.py:2076} INFO - Dependencies all met for dep_context=non-requeueable deps ti=<TaskInstance: gold_dbt_dag.trigger_dbt_build dataset_triggered__2026-07-07T14:00:16.558013+00:00 [queued]>
[2026-07-07T14:02:33.659+0000] {taskinstance.py:2076} INFO - Dependencies all met for dep_context=requeueable deps ti=<TaskInstance: gold_dbt_dag.trigger_dbt_build dataset_triggered__2026-07-07T14:00:16.558013+00:00 [queued]>
[2026-07-07T14:02:33.659+0000] {taskinstance.py:2306} INFO - Starting attempt 2 of 2
[2026-07-07T14:02:33.665+0000] {taskinstance.py:2330} INFO - Executing <Task(BashOperator): trigger_dbt_build> on 2026-07-07 14:00:16.558013+00:00
[2026-07-07T14:02:33.673+0000] {standard_task_runner.py:90} INFO - Running: ['***', 'tasks', 'run', 'gold_dbt_dag', 'trigger_dbt_build', 'dataset_triggered__2026-07-07T14:00:16.558013+00:00', '--job-id', '977', '--raw', '--subdir', 'DAGS_FOLDER/dag_gold_dbt.py', '--cfg-path', '/tmp/tmpeee_c23h']
[2026-07-07T14:02:33.682+0000] {standard_task_runner.py:91} INFO - Job 977: Subtask trigger_dbt_build
[2026-07-07T14:02:33.682+0000] {logging_mixin.py:188} WARNING - /home/***/.local/lib/python3.12/site-packages/***/task/task_runner/standard_task_runner.py:61 DeprecationWarning: This process (pid=55507) is multi-threaded, use of fork() may lead to deadlocks in the child.
[2026-07-07T14:02:33.683+0000] {standard_task_runner.py:63} INFO - Started process 55508 to run task
[2026-07-07T14:02:33.713+0000] {task_command.py:426} INFO - Running <TaskInstance: gold_dbt_dag.trigger_dbt_build dataset_triggered__2026-07-07T14:00:16.558013+00:00 [running]> on host bd23e89d97be
[2026-07-07T14:02:33.765+0000] {taskinstance.py:2648} INFO - Exporting env vars: AIRFLOW_CTX_DAG_OWNER='data_engineer' AIRFLOW_CTX_DAG_ID='gold_dbt_dag' AIRFLOW_CTX_TASK_ID='trigger_dbt_build' AIRFLOW_CTX_EXECUTION_DATE='2026-07-07T14:00:16.558013+00:00' AIRFLOW_CTX_TRY_NUMBER='2' AIRFLOW_CTX_DAG_RUN_ID='dataset_triggered__2026-07-07T14:00:16.558013+00:00'
[2026-07-07T14:02:33.766+0000] {taskinstance.py:430} INFO - ::endgroup::
[2026-07-07T14:02:33.775+0000] {subprocess.py:63} INFO - Tmp dir root location: /tmp
[2026-07-07T14:02:33.776+0000] {subprocess.py:75} INFO - Running command: ['/usr/bin/bash', '-c', 'cd /opt/***/dbt && dbt build --profiles-dir . --target dev']
[2026-07-07T14:02:33.781+0000] {subprocess.py:86} INFO - Output:
[2026-07-07T14:02:35.196+0000] {subprocess.py:93} INFO - [0m14:02:35  Running with dbt=1.11.11
[2026-07-07T14:02:35.790+0000] {subprocess.py:93} INFO - [0m14:02:35  Registered adapter: bigquery=1.11.3
[2026-07-07T14:02:36.017+0000] {subprocess.py:93} INFO - [0m14:02:36  Found 6 models, 4 sources, 553 macros
[2026-07-07T14:02:36.018+0000] {subprocess.py:93} INFO - [0m14:02:36
[2026-07-07T14:02:36.018+0000] {subprocess.py:93} INFO - [0m14:02:36  Concurrency: 4 threads (target='dev')
[2026-07-07T14:02:36.019+0000] {subprocess.py:93} INFO - [0m14:02:36
[2026-07-07T14:02:37.828+0000] {subprocess.py:93} INFO - [0m14:02:37  1 of 6 START sql table model logistics_mart.dim_drivers ........................ [RUN]
[2026-07-07T14:02:37.830+0000] {subprocess.py:93} INFO - [0m14:02:37  2 of 6 START sql table model logistics_mart.dim_hubs ........................... [RUN]
[2026-07-07T14:02:37.830+0000] {subprocess.py:93} INFO - [0m14:02:37  3 of 6 START sql view model logistics_mart.stg_shipments ....................... [RUN]
[2026-07-07T14:02:37.831+0000] {subprocess.py:93} INFO - [0m14:02:37  4 of 6 START sql view model logistics_mart.stg_weather ......................... [RUN]
[2026-07-07T14:02:40.152+0000] {subprocess.py:93} INFO - [0m14:02:40  3 of 6 OK created sql view model logistics_mart.stg_shipments .................. [[32mCREATE VIEW (0 processed)[0m in 2.31s]
[2026-07-07T14:02:40.153+0000] {subprocess.py:93} INFO - [0m14:02:40  4 of 6 OK created sql view model logistics_mart.stg_weather .................... [[32mCREATE VIEW (0 processed)[0m in 2.32s]
[2026-07-07T14:02:40.155+0000] {subprocess.py:93} INFO - [0m14:02:40  5 of 6 START sql view model logistics_mart.stg_weather_consensus ............... [RUN]
[2026-07-07T14:02:41.484+0000] {subprocess.py:93} INFO - [0m14:02:41  2 of 6 OK created sql table model logistics_mart.dim_hubs ...................... [[32mCREATE TABLE (3.0 rows, 149.0 Bytes processed)[0m in 3.65s]
[2026-07-07T14:02:41.492+0000] {subprocess.py:93} INFO - [0m14:02:41  6 of 6 START sql table model logistics_mart.fact_shipment_weather .............. [RUN]
[2026-07-07T14:02:41.761+0000] {subprocess.py:93} INFO - [0m14:02:41  BigQuery adapter: https://console.cloud.google.com/bigquery?project=logistics-500519&j=bq:US:29f06329-5397-4c57-b8de-9ed13bc530e0&page=queryresults
[2026-07-07T14:02:41.780+0000] {subprocess.py:93} INFO - [0m14:02:41  5 of 6 ERROR creating sql view model logistics_mart.stg_weather_consensus ...... [[31mERROR[0m in 1.62s]
[2026-07-07T14:02:42.167+0000] {subprocess.py:93} INFO - [0m14:02:42  1 of 6 OK created sql table model logistics_mart.dim_drivers ................... [[32mCREATE TABLE (3.0 rows, 108.0 Bytes processed)[0m in 4.33s]
[2026-07-07T14:02:46.348+0000] {subprocess.py:93} INFO - [0m14:02:46  6 of 6 OK created sql table model logistics_mart.fact_shipment_weather ......... [[32mCREATE TABLE (1.2k rows, 74.5 KiB processed)[0m in 4.85s]
[2026-07-07T14:02:46.397+0000] {subprocess.py:93} INFO - [0m14:02:46
[2026-07-07T14:02:46.398+0000] {subprocess.py:93} INFO - [0m14:02:46  Finished running 3 table models, 3 view models in 0 hours 0 minutes and 10.38 seconds (10.38s).
[2026-07-07T14:02:46.447+0000] {subprocess.py:93} INFO - [0m14:02:46
[2026-07-07T14:02:46.448+0000] {subprocess.py:93} INFO - [0m14:02:46  [31mCompleted with 1 error, 0 partial successes, and 0 warnings:[0m
[2026-07-07T14:02:46.449+0000] {subprocess.py:93} INFO - [0m14:02:46
[2026-07-07T14:02:46.449+0000] {subprocess.py:93} INFO - [0m14:02:46  [31mFailure in model stg_weather_consensus (models/staging/stg_weather_consensus.sql)[0m
[2026-07-07T14:02:46.449+0000] {subprocess.py:93} INFO - [0m14:02:46    Database Error in model stg_weather_consensus (models/staging/stg_weather_consensus.sql)
[2026-07-07T14:02:46.450+0000] {subprocess.py:93} INFO -   Unrecognized name: fetched_at at [11:11]
[2026-07-07T14:02:46.450+0000] {subprocess.py:93} INFO -   compiled code at target/run/logistics_lakehouse/models/staging/stg_weather_consensus.sql
[2026-07-07T14:02:46.450+0000] {subprocess.py:93} INFO - [0m14:02:46
[2026-07-07T14:02:46.450+0000] {subprocess.py:93} INFO - [0m14:02:46    compiled code at target/compiled/logistics_lakehouse/models/staging/stg_weather_consensus.sql
[2026-07-07T14:02:46.450+0000] {subprocess.py:93} INFO - [0m14:02:46
[2026-07-07T14:02:46.451+0000] {subprocess.py:93} INFO - [0m14:02:46  Done. PASS=5 WARN=0 ERROR=1 SKIP=0 NO-OP=0 TOTAL=6
[2026-07-07T14:02:48.580+0000] {subprocess.py:97} INFO - Command exited with return code 1
[2026-07-07T14:02:48.582+0000] {taskinstance.py:441} INFO - ::group::Post task execution logs
[2026-07-07T14:02:48.597+0000] {taskinstance.py:2905} ERROR - Task failed with exception
Traceback (most recent call last):
  File "/home/airflow/.local/lib/python3.12/site-packages/airflow/models/taskinstance.py", line 465, in _execute_task
    result = _execute_callable(context=context, **execute_callable_kwargs)
             ^^^^^^^^^^^^^^^^^^^^^^^^^^^^^^^^^^^^^^^^^^^^^^^^^^^^^^^^^^^^^
  File "/home/airflow/.local/lib/python3.12/site-packages/airflow/models/taskinstance.py", line 432, in _execute_callable
    return execute_callable(context=context, **execute_callable_kwargs)
           ^^^^^^^^^^^^^^^^^^^^^^^^^^^^^^^^^^^^^^^^^^^^^^^^^^^^^^^^^^^^
  File "/home/airflow/.local/lib/python3.12/site-packages/airflow/models/baseoperator.py", line 400, in wrapper
    return func(self, *args, **kwargs)
           ^^^^^^^^^^^^^^^^^^^^^^^^^^^
  File "/home/airflow/.local/lib/python3.12/site-packages/airflow/operators/bash.py", line 243, in execute
    raise AirflowException(
airflow.exceptions.AirflowException: Bash command failed. The command returned a non-zero exit code 1.
[2026-07-07T14:02:48.601+0000] {taskinstance.py:1206} INFO - Marking task as FAILED. dag_id=gold_dbt_dag, task_id=trigger_dbt_build, run_id=dataset_triggered__2026-07-07T14:00:16.558013+00:00, execution_date=20260707T140016, start_date=20260707T140233, end_date=20260707T140248
[2026-07-07T14:02:48.621+0000] {standard_task_runner.py:110} ERROR - Failed to execute job 977 for task trigger_dbt_build (Bash command failed. The command returned a non-zero exit code 1.; 55508)
[2026-07-07T14:02:48.665+0000] {local_task_job_runner.py:240} INFO - Task exited with return code 1
[2026-07-07T14:02:48.678+0000] {taskinstance.py:3498} INFO - 0 downstream tasks scheduled from follow-on schedule check
[2026-07-07T14:02:48.679+0000] {local_task_job_runner.py:222} INFO - ::endgroup::
