[2026-07-12T19:57:10.350+0000] {local_task_job_runner.py:120} INFO - ::group::Pre task execution logs
[2026-07-12T19:57:10.372+0000] {taskinstance.py:2076} INFO - Dependencies all met for dep_context=non-requeueable deps ti=<TaskInstance: gold_dbt_dag.trigger_dbt_build manual__2026-07-12T19:57:09.659478+00:00 [queued]>
[2026-07-12T19:57:10.376+0000] {taskinstance.py:2076} INFO - Dependencies all met for dep_context=requeueable deps ti=<TaskInstance: gold_dbt_dag.trigger_dbt_build manual__2026-07-12T19:57:09.659478+00:00 [queued]>
[2026-07-12T19:57:10.377+0000] {taskinstance.py:2306} INFO - Starting attempt 1 of 2
[2026-07-12T19:57:10.385+0000] {taskinstance.py:2330} INFO - Executing <Task(BashOperator): trigger_dbt_build> on 2026-07-12 19:57:09.659478+00:00
[2026-07-12T19:57:10.389+0000] {standard_task_runner.py:90} INFO - Running: ['***', 'tasks', 'run', 'gold_dbt_dag', 'trigger_dbt_build', 'manual__2026-07-12T19:57:09.659478+00:00', '--job-id', '227', '--raw', '--subdir', 'DAGS_FOLDER/dag_gold_dbt.py', '--cfg-path', '/tmp/tmpxzjh66or']
[2026-07-12T19:57:10.391+0000] {standard_task_runner.py:91} INFO - Job 227: Subtask trigger_dbt_build
[2026-07-12T19:57:10.394+0000] {logging_mixin.py:188} WARNING - /home/***/.local/lib/python3.12/site-packages/***/task/task_runner/standard_task_runner.py:61 DeprecationWarning: This process (pid=40909) is multi-threaded, use of fork() may lead to deadlocks in the child.
[2026-07-12T19:57:10.394+0000] {standard_task_runner.py:63} INFO - Started process 40911 to run task
[2026-07-12T19:57:10.431+0000] {task_command.py:426} INFO - Running <TaskInstance: gold_dbt_dag.trigger_dbt_build manual__2026-07-12T19:57:09.659478+00:00 [running]> on host ad4e12f53b08
[2026-07-12T19:57:10.477+0000] {taskinstance.py:2648} INFO - Exporting env vars: AIRFLOW_CTX_DAG_OWNER='data_engineer' AIRFLOW_CTX_DAG_ID='gold_dbt_dag' AIRFLOW_CTX_TASK_ID='trigger_dbt_build' AIRFLOW_CTX_EXECUTION_DATE='2026-07-12T19:57:09.659478+00:00' AIRFLOW_CTX_TRY_NUMBER='1' AIRFLOW_CTX_DAG_RUN_ID='manual__2026-07-12T19:57:09.659478+00:00'
[2026-07-12T19:57:10.478+0000] {taskinstance.py:430} INFO - ::endgroup::
[2026-07-12T19:57:10.486+0000] {subprocess.py:63} INFO - Tmp dir root location: /tmp
[2026-07-12T19:57:10.488+0000] {subprocess.py:75} INFO - Running command: ['/usr/bin/bash', '-c', 'cd /opt/***/dbt && dbt build --profiles-dir . --target dev']
[2026-07-12T19:57:10.498+0000] {subprocess.py:86} INFO - Output:
[2026-07-12T19:57:11.879+0000] {subprocess.py:93} INFO - [0m19:57:11  Running with dbt=1.11.11
[2026-07-12T19:57:12.582+0000] {subprocess.py:93} INFO - [0m19:57:12  Registered adapter: bigquery=1.11.3
[2026-07-12T19:57:12.894+0000] {subprocess.py:93} INFO - [0m19:57:12  Found 6 models, 4 sources, 553 macros
[2026-07-12T19:57:12.895+0000] {subprocess.py:93} INFO - [0m19:57:12
[2026-07-12T19:57:12.895+0000] {subprocess.py:93} INFO - [0m19:57:12  Concurrency: 4 threads (target='dev')
[2026-07-12T19:57:12.896+0000] {subprocess.py:93} INFO - [0m19:57:12
[2026-07-12T19:57:14.385+0000] {subprocess.py:93} INFO - [0m19:57:14  1 of 6 START sql table model logistics_mart.dim_drivers ........................ [RUN]
[2026-07-12T19:57:14.387+0000] {subprocess.py:93} INFO - [0m19:57:14  2 of 6 START sql table model logistics_mart.dim_hubs ........................... [RUN]
[2026-07-12T19:57:14.387+0000] {subprocess.py:93} INFO - [0m19:57:14  3 of 6 START sql view model logistics_mart.stg_shipments ....................... [RUN]
[2026-07-12T19:57:14.388+0000] {subprocess.py:93} INFO - [0m19:57:14  4 of 6 START sql view model logistics_mart.stg_weather ......................... [RUN]
[2026-07-12T19:57:15.727+0000] {subprocess.py:93} INFO - [0m19:57:15  BigQuery adapter: https://console.cloud.google.com/bigquery?project=logistics-500519&j=bq:US:007a2458-0123-4fdb-8153-a00c9cb3544a&page=queryresults
[2026-07-12T19:57:15.744+0000] {subprocess.py:93} INFO - [0m19:57:15  2 of 6 ERROR creating sql table model logistics_mart.dim_hubs .................. [[31mERROR[0m in 1.35s]
[2026-07-12T19:57:15.747+0000] {subprocess.py:93} INFO - [0m19:57:15  5 of 6 START sql view model logistics_mart.stg_weather_consensus ............... [RUN]
[2026-07-12T19:57:16.082+0000] {subprocess.py:93} INFO - [0m19:57:16  4 of 6 OK created sql view model logistics_mart.stg_weather .................... [[32mCREATE VIEW (0 processed)[0m in 1.69s]
[2026-07-12T19:57:16.085+0000] {subprocess.py:93} INFO - [0m19:57:16  3 of 6 OK created sql view model logistics_mart.stg_shipments .................. [[32mCREATE VIEW (0 processed)[0m in 1.70s]
[2026-07-12T19:57:17.322+0000] {subprocess.py:93} INFO - [0m19:57:17  5 of 6 OK created sql view model logistics_mart.stg_weather_consensus .......... [[32mCREATE VIEW (0 processed)[0m in 1.57s]
[2026-07-12T19:57:17.325+0000] {subprocess.py:93} INFO - [0m19:57:17  6 of 6 SKIP relation logistics_mart.fact_shipment_weather ...................... [[33mSKIP[0m]
[2026-07-12T19:57:17.746+0000] {subprocess.py:93} INFO - [0m19:57:17  1 of 6 OK created sql table model logistics_mart.dim_drivers ................... [[32mCREATE TABLE (3.0 rows, 117.0 Bytes processed)[0m in 3.35s]
[2026-07-12T19:57:17.797+0000] {subprocess.py:93} INFO - [0m19:57:17
[2026-07-12T19:57:17.799+0000] {subprocess.py:93} INFO - [0m19:57:17  Finished running 3 table models, 3 view models in 0 hours 0 minutes and 4.90 seconds (4.90s).
[2026-07-12T19:57:17.869+0000] {subprocess.py:93} INFO - [0m19:57:17
[2026-07-12T19:57:17.870+0000] {subprocess.py:93} INFO - [0m19:57:17  [31mCompleted with 1 error, 0 partial successes, and 0 warnings:[0m
[2026-07-12T19:57:17.870+0000] {subprocess.py:93} INFO - [0m19:57:17
[2026-07-12T19:57:17.871+0000] {subprocess.py:93} INFO - [0m19:57:17  [31mFailure in model dim_hubs (models/mart/dim_hubs.sql)[0m
[2026-07-12T19:57:17.871+0000] {subprocess.py:93} INFO - [0m19:57:17    Database Error in model dim_hubs (models/mart/dim_hubs.sql)
[2026-07-12T19:57:17.871+0000] {subprocess.py:93} INFO -   Not found: Table logistics-500519:logistics_raw.hubs was not found in location US
[2026-07-12T19:57:17.872+0000] {subprocess.py:93} INFO -   compiled code at target/run/logistics_lakehouse/models/mart/dim_hubs.sql
[2026-07-12T19:57:17.872+0000] {subprocess.py:93} INFO - [0m19:57:17
[2026-07-12T19:57:17.872+0000] {subprocess.py:93} INFO - [0m19:57:17    compiled code at target/compiled/logistics_lakehouse/models/mart/dim_hubs.sql
[2026-07-12T19:57:17.872+0000] {subprocess.py:93} INFO - [0m19:57:17
[2026-07-12T19:57:17.873+0000] {subprocess.py:93} INFO - [0m19:57:17  Done. PASS=4 WARN=0 ERROR=1 SKIP=1 NO-OP=0 TOTAL=6
[2026-07-12T19:57:19.615+0000] {subprocess.py:97} INFO - Command exited with return code 1
[2026-07-12T19:57:19.617+0000] {taskinstance.py:441} INFO - ::group::Post task execution logs
[2026-07-12T19:57:19.662+0000] {taskinstance.py:2905} ERROR - Task failed with exception
Traceback (most recent call last):
  File "/home/airflow/.local/lib/python3.12/site-packages/airflow/models/taskinstance.py", line 465, in _execute_task
    result = _execute_callable(context=context, **execute_callable_kwargs)
             ^^^^^^^^^^^^^^^^^^^^^^^^^^^^^^^^^^^^^^^^^^^^^^^^^^^^^^^^^^^^^
  File "/home/airflow/.local/lib/python3.12/site-packages/airflow/models/taskinstance.py", line 432, in _execute_callable
    return execute_callable(context=context, **execute_callable_kwargs)
           ^^^^^^^^^^^^^^^^^^^^^^^^^^^^^^^^^^^^^^^^^^^^^^^^^^^^^^^^^^^^
  File "/home/airflow/.local/lib/python3.12/site-packages/airflow/models/baseoperator.py", line 400, in wrapper
    return func(self, *args, **kwargs)
           ^^^^^^^^^^^^^^^^^^^^^^^^^^^
  File "/home/airflow/.local/lib/python3.12/site-packages/airflow/operators/bash.py", line 243, in execute
    raise AirflowException(
airflow.exceptions.AirflowException: Bash command failed. The command returned a non-zero exit code 1.
[2026-07-12T19:57:19.686+0000] {taskinstance.py:1206} INFO - Marking task as UP_FOR_RETRY. dag_id=gold_dbt_dag, task_id=trigger_dbt_build, run_id=manual__2026-07-12T19:57:09.659478+00:00, execution_date=20260712T195709, start_date=20260712T195710, end_date=20260712T195719
[2026-07-12T19:57:19.713+0000] {standard_task_runner.py:110} ERROR - Failed to execute job 227 for task trigger_dbt_build (Bash command failed. The command returned a non-zero exit code 1.; 40911)
[2026-07-12T19:57:19.734+0000] {local_task_job_runner.py:240} INFO - Task exited with return code 1
[2026-07-12T19:57:19.763+0000] {taskinstance.py:3498} INFO - 0 downstream tasks scheduled from follow-on schedule check
[2026-07-12T19:57:19.764+0000] {local_task_job_runner.py:222} INFO - ::endgroup::
