[2026-07-08T02:06:26.185+0000] {local_task_job_runner.py:120} INFO - ::group::Pre task execution logs
[2026-07-08T02:06:26.213+0000] {taskinstance.py:2076} INFO - Dependencies all met for dep_context=non-requeueable deps ti=<TaskInstance: gold_dbt_dag.trigger_dbt_build dataset_triggered__2026-07-08T02:06:25.570336+00:00 [queued]>
[2026-07-08T02:06:26.217+0000] {taskinstance.py:2076} INFO - Dependencies all met for dep_context=requeueable deps ti=<TaskInstance: gold_dbt_dag.trigger_dbt_build dataset_triggered__2026-07-08T02:06:25.570336+00:00 [queued]>
[2026-07-08T02:06:26.217+0000] {taskinstance.py:2306} INFO - Starting attempt 1 of 2
[2026-07-08T02:06:26.222+0000] {taskinstance.py:2330} INFO - Executing <Task(BashOperator): trigger_dbt_build> on 2026-07-08 02:06:25.570336+00:00
[2026-07-08T02:06:26.226+0000] {standard_task_runner.py:90} INFO - Running: ['***', 'tasks', 'run', 'gold_dbt_dag', 'trigger_dbt_build', 'dataset_triggered__2026-07-08T02:06:25.570336+00:00', '--job-id', '1059', '--raw', '--subdir', 'DAGS_FOLDER/dag_gold_dbt.py', '--cfg-path', '/tmp/tmpgt0jq_hz']
[2026-07-08T02:06:26.227+0000] {standard_task_runner.py:91} INFO - Job 1059: Subtask trigger_dbt_build
[2026-07-08T02:06:26.228+0000] {logging_mixin.py:188} WARNING - /home/***/.local/lib/python3.12/site-packages/***/task/task_runner/standard_task_runner.py:61 DeprecationWarning: This process (pid=80892) is multi-threaded, use of fork() may lead to deadlocks in the child.
[2026-07-08T02:06:26.228+0000] {standard_task_runner.py:63} INFO - Started process 80893 to run task
[2026-07-08T02:06:26.251+0000] {task_command.py:426} INFO - Running <TaskInstance: gold_dbt_dag.trigger_dbt_build dataset_triggered__2026-07-08T02:06:25.570336+00:00 [running]> on host bd23e89d97be
[2026-07-08T02:06:26.282+0000] {taskinstance.py:2648} INFO - Exporting env vars: AIRFLOW_CTX_DAG_OWNER='data_engineer' AIRFLOW_CTX_DAG_ID='gold_dbt_dag' AIRFLOW_CTX_TASK_ID='trigger_dbt_build' AIRFLOW_CTX_EXECUTION_DATE='2026-07-08T02:06:25.570336+00:00' AIRFLOW_CTX_TRY_NUMBER='1' AIRFLOW_CTX_DAG_RUN_ID='dataset_triggered__2026-07-08T02:06:25.570336+00:00'
[2026-07-08T02:06:26.283+0000] {taskinstance.py:430} INFO - ::endgroup::
[2026-07-08T02:06:26.289+0000] {subprocess.py:63} INFO - Tmp dir root location: /tmp
[2026-07-08T02:06:26.290+0000] {subprocess.py:75} INFO - Running command: ['/usr/bin/bash', '-c', 'cd /opt/***/dbt && dbt build --profiles-dir . --target dev']
[2026-07-08T02:06:26.294+0000] {subprocess.py:86} INFO - Output:
[2026-07-08T02:06:27.429+0000] {subprocess.py:93} INFO - [0m02:06:27  Running with dbt=1.11.11
[2026-07-08T02:06:28.643+0000] {subprocess.py:93} INFO - [0m02:06:28  Registered adapter: bigquery=1.11.3
[2026-07-08T02:06:29.127+0000] {subprocess.py:93} INFO - [0m02:06:29  Found 6 models, 4 sources, 553 macros
[2026-07-08T02:06:29.129+0000] {subprocess.py:93} INFO - [0m02:06:29
[2026-07-08T02:06:29.129+0000] {subprocess.py:93} INFO - [0m02:06:29  Concurrency: 4 threads (target='dev')
[2026-07-08T02:06:29.130+0000] {subprocess.py:93} INFO - [0m02:06:29
[2026-07-08T02:06:30.594+0000] {subprocess.py:93} INFO - [0m02:06:30  1 of 6 START sql table model logistics_mart.dim_drivers ........................ [RUN]
[2026-07-08T02:06:30.595+0000] {subprocess.py:93} INFO - [0m02:06:30  2 of 6 START sql table model logistics_mart.dim_hubs ........................... [RUN]
[2026-07-08T02:06:30.596+0000] {subprocess.py:93} INFO - [0m02:06:30  3 of 6 START sql view model logistics_mart.stg_shipments ....................... [RUN]
[2026-07-08T02:06:30.596+0000] {subprocess.py:93} INFO - [0m02:06:30  4 of 6 START sql view model logistics_mart.stg_weather ......................... [RUN]
[2026-07-08T02:06:32.378+0000] {subprocess.py:93} INFO - [0m02:06:32  3 of 6 OK created sql view model logistics_mart.stg_shipments .................. [[32mCREATE VIEW (0 processed)[0m in 1.78s]
[2026-07-08T02:06:32.380+0000] {subprocess.py:93} INFO - [0m02:06:32  5 of 6 START sql view model logistics_mart.stg_weather_consensus ............... [RUN]
[2026-07-08T02:06:32.388+0000] {subprocess.py:93} INFO - [0m02:06:32  4 of 6 OK created sql view model logistics_mart.stg_weather .................... [[32mCREATE VIEW (0 processed)[0m in 1.79s]
[2026-07-08T02:06:33.717+0000] {subprocess.py:93} INFO - [0m02:06:33  BigQuery adapter: https://console.cloud.google.com/bigquery?project=logistics-500519&j=bq:US:b550beac-244b-477d-9975-4b22bfdd162c&page=queryresults
[2026-07-08T02:06:33.734+0000] {subprocess.py:93} INFO - [0m02:06:33  5 of 6 ERROR creating sql view model logistics_mart.stg_weather_consensus ...... [[31mERROR[0m in 1.35s]
[2026-07-08T02:06:34.189+0000] {subprocess.py:93} INFO - [0m02:06:34  2 of 6 OK created sql table model logistics_mart.dim_hubs ...................... [[32mCREATE TABLE (3.0 rows, 149.0 Bytes processed)[0m in 3.59s]
[2026-07-08T02:06:34.194+0000] {subprocess.py:93} INFO - [0m02:06:34  6 of 6 START sql table model logistics_mart.fact_shipment_weather .............. [RUN]
[2026-07-08T02:06:34.745+0000] {subprocess.py:93} INFO - [0m02:06:34  1 of 6 OK created sql table model logistics_mart.dim_drivers ................... [[32mCREATE TABLE (3.0 rows, 108.0 Bytes processed)[0m in 4.15s]
[2026-07-08T02:06:38.116+0000] {subprocess.py:93} INFO - [0m02:06:38  6 of 6 OK created sql table model logistics_mart.fact_shipment_weather ......... [[32mCREATE TABLE (1.3k rows, 80.1 KiB processed)[0m in 3.92s]
[2026-07-08T02:06:38.168+0000] {subprocess.py:93} INFO - [0m02:06:38
[2026-07-08T02:06:38.169+0000] {subprocess.py:93} INFO - [0m02:06:38  Finished running 3 table models, 3 view models in 0 hours 0 minutes and 9.04 seconds (9.04s).
[2026-07-08T02:06:38.201+0000] {subprocess.py:93} INFO - [0m02:06:38
[2026-07-08T02:06:38.202+0000] {subprocess.py:93} INFO - [0m02:06:38  [31mCompleted with 1 error, 0 partial successes, and 0 warnings:[0m
[2026-07-08T02:06:38.202+0000] {subprocess.py:93} INFO - [0m02:06:38
[2026-07-08T02:06:38.203+0000] {subprocess.py:93} INFO - [0m02:06:38  [31mFailure in model stg_weather_consensus (models/staging/stg_weather_consensus.sql)[0m
[2026-07-08T02:06:38.203+0000] {subprocess.py:93} INFO - [0m02:06:38    Database Error in model stg_weather_consensus (models/staging/stg_weather_consensus.sql)
[2026-07-08T02:06:38.203+0000] {subprocess.py:93} INFO -   Unrecognized name: fetched_at at [11:11]
[2026-07-08T02:06:38.203+0000] {subprocess.py:93} INFO -   compiled code at target/run/logistics_lakehouse/models/staging/stg_weather_consensus.sql
[2026-07-08T02:06:38.203+0000] {subprocess.py:93} INFO - [0m02:06:38
[2026-07-08T02:06:38.203+0000] {subprocess.py:93} INFO - [0m02:06:38    compiled code at target/compiled/logistics_lakehouse/models/staging/stg_weather_consensus.sql
[2026-07-08T02:06:38.203+0000] {subprocess.py:93} INFO - [0m02:06:38
[2026-07-08T02:06:38.204+0000] {subprocess.py:93} INFO - [0m02:06:38  Done. PASS=5 WARN=0 ERROR=1 SKIP=0 NO-OP=0 TOTAL=6
[2026-07-08T02:06:40.389+0000] {subprocess.py:97} INFO - Command exited with return code 1
[2026-07-08T02:06:40.390+0000] {taskinstance.py:441} INFO - ::group::Post task execution logs
[2026-07-08T02:06:40.398+0000] {taskinstance.py:2905} ERROR - Task failed with exception
Traceback (most recent call last):
  File "/home/airflow/.local/lib/python3.12/site-packages/airflow/models/taskinstance.py", line 465, in _execute_task
    result = _execute_callable(context=context, **execute_callable_kwargs)
             ^^^^^^^^^^^^^^^^^^^^^^^^^^^^^^^^^^^^^^^^^^^^^^^^^^^^^^^^^^^^^
  File "/home/airflow/.local/lib/python3.12/site-packages/airflow/models/taskinstance.py", line 432, in _execute_callable
    return execute_callable(context=context, **execute_callable_kwargs)
           ^^^^^^^^^^^^^^^^^^^^^^^^^^^^^^^^^^^^^^^^^^^^^^^^^^^^^^^^^^^^
  File "/home/airflow/.local/lib/python3.12/site-packages/airflow/models/baseoperator.py", line 400, in wrapper
    return func(self, *args, **kwargs)
           ^^^^^^^^^^^^^^^^^^^^^^^^^^^
  File "/home/airflow/.local/lib/python3.12/site-packages/airflow/operators/bash.py", line 243, in execute
    raise AirflowException(
airflow.exceptions.AirflowException: Bash command failed. The command returned a non-zero exit code 1.
[2026-07-08T02:06:40.401+0000] {taskinstance.py:1206} INFO - Marking task as UP_FOR_RETRY. dag_id=gold_dbt_dag, task_id=trigger_dbt_build, run_id=dataset_triggered__2026-07-08T02:06:25.570336+00:00, execution_date=20260708T020625, start_date=20260708T020626, end_date=20260708T020640
[2026-07-08T02:06:40.410+0000] {standard_task_runner.py:110} ERROR - Failed to execute job 1059 for task trigger_dbt_build (Bash command failed. The command returned a non-zero exit code 1.; 80893)
[2026-07-08T02:06:40.462+0000] {local_task_job_runner.py:240} INFO - Task exited with return code 1
[2026-07-08T02:06:40.472+0000] {taskinstance.py:3498} INFO - 0 downstream tasks scheduled from follow-on schedule check
[2026-07-08T02:06:40.473+0000] {local_task_job_runner.py:222} INFO - ::endgroup::
