[2026-07-08T02:09:08.991+0000] {local_task_job_runner.py:120} INFO - ::group::Pre task execution logs
[2026-07-08T02:09:09.008+0000] {taskinstance.py:2076} INFO - Dependencies all met for dep_context=non-requeueable deps ti=<TaskInstance: gold_dbt_dag.trigger_dbt_build dataset_triggered__2026-07-08T02:06:25.570336+00:00 [queued]>
[2026-07-08T02:09:09.011+0000] {taskinstance.py:2076} INFO - Dependencies all met for dep_context=requeueable deps ti=<TaskInstance: gold_dbt_dag.trigger_dbt_build dataset_triggered__2026-07-08T02:06:25.570336+00:00 [queued]>
[2026-07-08T02:09:09.011+0000] {taskinstance.py:2306} INFO - Starting attempt 2 of 2
[2026-07-08T02:09:09.017+0000] {taskinstance.py:2330} INFO - Executing <Task(BashOperator): trigger_dbt_build> on 2026-07-08 02:06:25.570336+00:00
[2026-07-08T02:09:09.021+0000] {standard_task_runner.py:90} INFO - Running: ['***', 'tasks', 'run', 'gold_dbt_dag', 'trigger_dbt_build', 'dataset_triggered__2026-07-08T02:06:25.570336+00:00', '--job-id', '1060', '--raw', '--subdir', 'DAGS_FOLDER/dag_gold_dbt.py', '--cfg-path', '/tmp/tmps8mw7o5p']
[2026-07-08T02:09:09.023+0000] {standard_task_runner.py:91} INFO - Job 1060: Subtask trigger_dbt_build
[2026-07-08T02:09:09.027+0000] {logging_mixin.py:188} WARNING - /home/***/.local/lib/python3.12/site-packages/***/task/task_runner/standard_task_runner.py:61 DeprecationWarning: This process (pid=80963) is multi-threaded, use of fork() may lead to deadlocks in the child.
[2026-07-08T02:09:09.028+0000] {standard_task_runner.py:63} INFO - Started process 80964 to run task
[2026-07-08T02:09:09.049+0000] {task_command.py:426} INFO - Running <TaskInstance: gold_dbt_dag.trigger_dbt_build dataset_triggered__2026-07-08T02:06:25.570336+00:00 [running]> on host bd23e89d97be
[2026-07-08T02:09:09.093+0000] {taskinstance.py:2648} INFO - Exporting env vars: AIRFLOW_CTX_DAG_OWNER='data_engineer' AIRFLOW_CTX_DAG_ID='gold_dbt_dag' AIRFLOW_CTX_TASK_ID='trigger_dbt_build' AIRFLOW_CTX_EXECUTION_DATE='2026-07-08T02:06:25.570336+00:00' AIRFLOW_CTX_TRY_NUMBER='2' AIRFLOW_CTX_DAG_RUN_ID='dataset_triggered__2026-07-08T02:06:25.570336+00:00'
[2026-07-08T02:09:09.095+0000] {taskinstance.py:430} INFO - ::endgroup::
[2026-07-08T02:09:09.110+0000] {subprocess.py:63} INFO - Tmp dir root location: /tmp
[2026-07-08T02:09:09.112+0000] {subprocess.py:75} INFO - Running command: ['/usr/bin/bash', '-c', 'cd /opt/***/dbt && dbt build --profiles-dir . --target dev']
[2026-07-08T02:09:09.124+0000] {subprocess.py:86} INFO - Output:
[2026-07-08T02:09:10.195+0000] {subprocess.py:93} INFO - [0m02:09:10  Running with dbt=1.11.11
[2026-07-08T02:09:10.614+0000] {subprocess.py:93} INFO - [0m02:09:10  Registered adapter: bigquery=1.11.3
[2026-07-08T02:09:10.822+0000] {subprocess.py:93} INFO - [0m02:09:10  Found 6 models, 4 sources, 553 macros
[2026-07-08T02:09:10.823+0000] {subprocess.py:93} INFO - [0m02:09:10
[2026-07-08T02:09:10.823+0000] {subprocess.py:93} INFO - [0m02:09:10  Concurrency: 4 threads (target='dev')
[2026-07-08T02:09:10.824+0000] {subprocess.py:93} INFO - [0m02:09:10
[2026-07-08T02:09:12.338+0000] {subprocess.py:93} INFO - [0m02:09:12  1 of 6 START sql table model logistics_mart.dim_drivers ........................ [RUN]
[2026-07-08T02:09:12.339+0000] {subprocess.py:93} INFO - [0m02:09:12  2 of 6 START sql table model logistics_mart.dim_hubs ........................... [RUN]
[2026-07-08T02:09:12.339+0000] {subprocess.py:93} INFO - [0m02:09:12  3 of 6 START sql view model logistics_mart.stg_shipments ....................... [RUN]
[2026-07-08T02:09:12.340+0000] {subprocess.py:93} INFO - [0m02:09:12  4 of 6 START sql view model logistics_mart.stg_weather ......................... [RUN]
[2026-07-08T02:09:14.248+0000] {subprocess.py:93} INFO - [0m02:09:14  3 of 6 OK created sql view model logistics_mart.stg_shipments .................. [[32mCREATE VIEW (0 processed)[0m in 1.91s]
[2026-07-08T02:09:14.250+0000] {subprocess.py:93} INFO - [0m02:09:14  5 of 6 START sql view model logistics_mart.stg_weather_consensus ............... [RUN]
[2026-07-08T02:09:14.257+0000] {subprocess.py:93} INFO - [0m02:09:14  4 of 6 OK created sql view model logistics_mart.stg_weather .................... [[32mCREATE VIEW (0 processed)[0m in 1.92s]
[2026-07-08T02:09:15.583+0000] {subprocess.py:93} INFO - [0m02:09:15  BigQuery adapter: https://console.cloud.google.com/bigquery?project=logistics-500519&j=bq:US:14997bcd-d4bb-439e-a0e9-86f761dca447&page=queryresults
[2026-07-08T02:09:15.594+0000] {subprocess.py:93} INFO - [0m02:09:15  5 of 6 ERROR creating sql view model logistics_mart.stg_weather_consensus ...... [[31mERROR[0m in 1.34s]
[2026-07-08T02:09:16.037+0000] {subprocess.py:93} INFO - [0m02:09:16  2 of 6 OK created sql table model logistics_mart.dim_hubs ...................... [[32mCREATE TABLE (3.0 rows, 149.0 Bytes processed)[0m in 3.69s]
[2026-07-08T02:09:16.040+0000] {subprocess.py:93} INFO - [0m02:09:16  6 of 6 START sql table model logistics_mart.fact_shipment_weather .............. [RUN]
[2026-07-08T02:09:16.230+0000] {subprocess.py:93} INFO - [0m02:09:16  1 of 6 OK created sql table model logistics_mart.dim_drivers ................... [[32mCREATE TABLE (3.0 rows, 108.0 Bytes processed)[0m in 3.89s]
[2026-07-08T02:09:19.776+0000] {subprocess.py:93} INFO - [0m02:09:19  6 of 6 OK created sql table model logistics_mart.fact_shipment_weather ......... [[32mCREATE TABLE (1.3k rows, 80.1 KiB processed)[0m in 3.73s]
[2026-07-08T02:09:19.829+0000] {subprocess.py:93} INFO - [0m02:09:19
[2026-07-08T02:09:19.830+0000] {subprocess.py:93} INFO - [0m02:09:19  Finished running 3 table models, 3 view models in 0 hours 0 minutes and 9.00 seconds (9.00s).
[2026-07-08T02:09:19.859+0000] {subprocess.py:93} INFO - [0m02:09:19
[2026-07-08T02:09:19.859+0000] {subprocess.py:93} INFO - [0m02:09:19  [31mCompleted with 1 error, 0 partial successes, and 0 warnings:[0m
[2026-07-08T02:09:19.860+0000] {subprocess.py:93} INFO - [0m02:09:19
[2026-07-08T02:09:19.860+0000] {subprocess.py:93} INFO - [0m02:09:19  [31mFailure in model stg_weather_consensus (models/staging/stg_weather_consensus.sql)[0m
[2026-07-08T02:09:19.860+0000] {subprocess.py:93} INFO - [0m02:09:19    Database Error in model stg_weather_consensus (models/staging/stg_weather_consensus.sql)
[2026-07-08T02:09:19.860+0000] {subprocess.py:93} INFO -   Unrecognized name: fetched_at at [11:11]
[2026-07-08T02:09:19.860+0000] {subprocess.py:93} INFO -   compiled code at target/run/logistics_lakehouse/models/staging/stg_weather_consensus.sql
[2026-07-08T02:09:19.860+0000] {subprocess.py:93} INFO - [0m02:09:19
[2026-07-08T02:09:19.860+0000] {subprocess.py:93} INFO - [0m02:09:19    compiled code at target/compiled/logistics_lakehouse/models/staging/stg_weather_consensus.sql
[2026-07-08T02:09:19.861+0000] {subprocess.py:93} INFO - [0m02:09:19
[2026-07-08T02:09:19.861+0000] {subprocess.py:93} INFO - [0m02:09:19  Done. PASS=5 WARN=0 ERROR=1 SKIP=0 NO-OP=0 TOTAL=6
[2026-07-08T02:09:23.082+0000] {subprocess.py:97} INFO - Command exited with return code 1
[2026-07-08T02:09:23.091+0000] {taskinstance.py:441} INFO - ::group::Post task execution logs
[2026-07-08T02:09:23.135+0000] {taskinstance.py:2905} ERROR - Task failed with exception
Traceback (most recent call last):
  File "/home/airflow/.local/lib/python3.12/site-packages/airflow/models/taskinstance.py", line 465, in _execute_task
    result = _execute_callable(context=context, **execute_callable_kwargs)
             ^^^^^^^^^^^^^^^^^^^^^^^^^^^^^^^^^^^^^^^^^^^^^^^^^^^^^^^^^^^^^
  File "/home/airflow/.local/lib/python3.12/site-packages/airflow/models/taskinstance.py", line 432, in _execute_callable
    return execute_callable(context=context, **execute_callable_kwargs)
           ^^^^^^^^^^^^^^^^^^^^^^^^^^^^^^^^^^^^^^^^^^^^^^^^^^^^^^^^^^^^
  File "/home/airflow/.local/lib/python3.12/site-packages/airflow/models/baseoperator.py", line 400, in wrapper
    return func(self, *args, **kwargs)
           ^^^^^^^^^^^^^^^^^^^^^^^^^^^
  File "/home/airflow/.local/lib/python3.12/site-packages/airflow/operators/bash.py", line 243, in execute
    raise AirflowException(
airflow.exceptions.AirflowException: Bash command failed. The command returned a non-zero exit code 1.
[2026-07-08T02:09:23.143+0000] {taskinstance.py:1206} INFO - Marking task as FAILED. dag_id=gold_dbt_dag, task_id=trigger_dbt_build, run_id=dataset_triggered__2026-07-08T02:06:25.570336+00:00, execution_date=20260708T020625, start_date=20260708T020909, end_date=20260708T020923
[2026-07-08T02:09:23.171+0000] {standard_task_runner.py:110} ERROR - Failed to execute job 1060 for task trigger_dbt_build (Bash command failed. The command returned a non-zero exit code 1.; 80964)
[2026-07-08T02:09:23.227+0000] {local_task_job_runner.py:240} INFO - Task exited with return code 1
[2026-07-08T02:09:23.266+0000] {taskinstance.py:3498} INFO - 0 downstream tasks scheduled from follow-on schedule check
[2026-07-08T02:09:23.267+0000] {local_task_job_runner.py:222} INFO - ::endgroup::
