[2026-07-08T09:02:30.796+0000] {local_task_job_runner.py:120} INFO - ::group::Pre task execution logs
[2026-07-08T09:02:30.820+0000] {taskinstance.py:2076} INFO - Dependencies all met for dep_context=non-requeueable deps ti=<TaskInstance: gold_dbt_dag.trigger_dbt_build dataset_triggered__2026-07-08T09:00:14.478259+00:00 [queued]>
[2026-07-08T09:02:30.823+0000] {taskinstance.py:2076} INFO - Dependencies all met for dep_context=requeueable deps ti=<TaskInstance: gold_dbt_dag.trigger_dbt_build dataset_triggered__2026-07-08T09:00:14.478259+00:00 [queued]>
[2026-07-08T09:02:30.823+0000] {taskinstance.py:2306} INFO - Starting attempt 2 of 2
[2026-07-08T09:02:30.829+0000] {taskinstance.py:2330} INFO - Executing <Task(BashOperator): trigger_dbt_build> on 2026-07-08 09:00:14.478259+00:00
[2026-07-08T09:02:30.833+0000] {standard_task_runner.py:90} INFO - Running: ['***', 'tasks', 'run', 'gold_dbt_dag', 'trigger_dbt_build', 'dataset_triggered__2026-07-08T09:00:14.478259+00:00', '--job-id', '1109', '--raw', '--subdir', 'DAGS_FOLDER/dag_gold_dbt.py', '--cfg-path', '/tmp/tmpywq45o0k']
[2026-07-08T09:02:30.836+0000] {standard_task_runner.py:91} INFO - Job 1109: Subtask trigger_dbt_build
[2026-07-08T09:02:30.841+0000] {logging_mixin.py:188} WARNING - /home/***/.local/lib/python3.12/site-packages/***/task/task_runner/standard_task_runner.py:61 DeprecationWarning: This process (pid=3715) is multi-threaded, use of fork() may lead to deadlocks in the child.
[2026-07-08T09:02:30.841+0000] {standard_task_runner.py:63} INFO - Started process 3716 to run task
[2026-07-08T09:02:30.858+0000] {task_command.py:426} INFO - Running <TaskInstance: gold_dbt_dag.trigger_dbt_build dataset_triggered__2026-07-08T09:00:14.478259+00:00 [running]> on host bd23e89d97be
[2026-07-08T09:02:30.887+0000] {taskinstance.py:2648} INFO - Exporting env vars: AIRFLOW_CTX_DAG_OWNER='data_engineer' AIRFLOW_CTX_DAG_ID='gold_dbt_dag' AIRFLOW_CTX_TASK_ID='trigger_dbt_build' AIRFLOW_CTX_EXECUTION_DATE='2026-07-08T09:00:14.478259+00:00' AIRFLOW_CTX_TRY_NUMBER='2' AIRFLOW_CTX_DAG_RUN_ID='dataset_triggered__2026-07-08T09:00:14.478259+00:00'
[2026-07-08T09:02:30.887+0000] {taskinstance.py:430} INFO - ::endgroup::
[2026-07-08T09:02:30.894+0000] {subprocess.py:63} INFO - Tmp dir root location: /tmp
[2026-07-08T09:02:30.895+0000] {subprocess.py:75} INFO - Running command: ['/usr/bin/bash', '-c', 'cd /opt/***/dbt && dbt build --profiles-dir . --target dev']
[2026-07-08T09:02:30.902+0000] {subprocess.py:86} INFO - Output:
[2026-07-08T09:02:31.926+0000] {subprocess.py:93} INFO - [0m09:02:31  Running with dbt=1.11.11
[2026-07-08T09:02:32.413+0000] {subprocess.py:93} INFO - [0m09:02:32  Registered adapter: bigquery=1.11.3
[2026-07-08T09:02:32.627+0000] {subprocess.py:93} INFO - [0m09:02:32  Found 6 models, 4 sources, 553 macros
[2026-07-08T09:02:32.628+0000] {subprocess.py:93} INFO - [0m09:02:32
[2026-07-08T09:02:32.629+0000] {subprocess.py:93} INFO - [0m09:02:32  Concurrency: 4 threads (target='dev')
[2026-07-08T09:02:32.629+0000] {subprocess.py:93} INFO - [0m09:02:32
[2026-07-08T09:02:34.274+0000] {subprocess.py:93} INFO - [0m09:02:34  1 of 6 START sql table model logistics_mart.dim_drivers ........................ [RUN]
[2026-07-08T09:02:34.275+0000] {subprocess.py:93} INFO - [0m09:02:34  2 of 6 START sql table model logistics_mart.dim_hubs ........................... [RUN]
[2026-07-08T09:02:34.275+0000] {subprocess.py:93} INFO - [0m09:02:34  3 of 6 START sql view model logistics_mart.stg_shipments ....................... [RUN]
[2026-07-08T09:02:34.276+0000] {subprocess.py:93} INFO - [0m09:02:34  4 of 6 START sql view model logistics_mart.stg_weather ......................... [RUN]
[2026-07-08T09:02:36.210+0000] {subprocess.py:93} INFO - [0m09:02:36  3 of 6 OK created sql view model logistics_mart.stg_shipments .................. [[32mCREATE VIEW (0 processed)[0m in 1.93s]
[2026-07-08T09:02:36.211+0000] {subprocess.py:93} INFO - [0m09:02:36  4 of 6 OK created sql view model logistics_mart.stg_weather .................... [[32mCREATE VIEW (0 processed)[0m in 1.93s]
[2026-07-08T09:02:36.213+0000] {subprocess.py:93} INFO - [0m09:02:36  5 of 6 START sql view model logistics_mart.stg_weather_consensus ............... [RUN]
[2026-07-08T09:02:37.551+0000] {subprocess.py:93} INFO - [0m09:02:37  BigQuery adapter: https://console.cloud.google.com/bigquery?project=logistics-500519&j=bq:US:5889cf6a-17b0-4b42-9919-34797b0e0a94&page=queryresults
[2026-07-08T09:02:37.569+0000] {subprocess.py:93} INFO - [0m09:02:37  5 of 6 ERROR creating sql view model logistics_mart.stg_weather_consensus ...... [[31mERROR[0m in 1.35s]
[2026-07-08T09:02:38.109+0000] {subprocess.py:93} INFO - [0m09:02:38  1 of 6 OK created sql table model logistics_mart.dim_drivers ................... [[32mCREATE TABLE (3.0 rows, 108.0 Bytes processed)[0m in 3.83s]
[2026-07-08T09:02:41.037+0000] {subprocess.py:93} INFO - [0m09:02:41  2 of 6 OK created sql table model logistics_mart.dim_hubs ...................... [[32mCREATE TABLE (3.0 rows, 149.0 Bytes processed)[0m in 6.76s]
[2026-07-08T09:02:41.041+0000] {subprocess.py:93} INFO - [0m09:02:41  6 of 6 START sql table model logistics_mart.fact_shipment_weather .............. [RUN]
[2026-07-08T09:02:45.923+0000] {subprocess.py:93} INFO - [0m09:02:45  6 of 6 OK created sql table model logistics_mart.fact_shipment_weather ......... [[32mCREATE TABLE (1.3k rows, 83.9 KiB processed)[0m in 4.88s]
[2026-07-08T09:02:45.998+0000] {subprocess.py:93} INFO - [0m09:02:45
[2026-07-08T09:02:46.000+0000] {subprocess.py:93} INFO - [0m09:02:46  Finished running 3 table models, 3 view models in 0 hours 0 minutes and 13.37 seconds (13.37s).
[2026-07-08T09:02:46.087+0000] {subprocess.py:93} INFO - [0m09:02:46
[2026-07-08T09:02:46.092+0000] {subprocess.py:93} INFO - [0m09:02:46  [31mCompleted with 1 error, 0 partial successes, and 0 warnings:[0m
[2026-07-08T09:02:46.094+0000] {subprocess.py:93} INFO - [0m09:02:46
[2026-07-08T09:02:46.096+0000] {subprocess.py:93} INFO - [0m09:02:46  [31mFailure in model stg_weather_consensus (models/staging/stg_weather_consensus.sql)[0m
[2026-07-08T09:02:46.097+0000] {subprocess.py:93} INFO - [0m09:02:46    Database Error in model stg_weather_consensus (models/staging/stg_weather_consensus.sql)
[2026-07-08T09:02:46.099+0000] {subprocess.py:93} INFO -   Unrecognized name: fetched_at at [11:11]
[2026-07-08T09:02:46.100+0000] {subprocess.py:93} INFO -   compiled code at target/run/logistics_lakehouse/models/staging/stg_weather_consensus.sql
[2026-07-08T09:02:46.100+0000] {subprocess.py:93} INFO - [0m09:02:46
[2026-07-08T09:02:46.101+0000] {subprocess.py:93} INFO - [0m09:02:46    compiled code at target/compiled/logistics_lakehouse/models/staging/stg_weather_consensus.sql
[2026-07-08T09:02:46.101+0000] {subprocess.py:93} INFO - [0m09:02:46
[2026-07-08T09:02:46.101+0000] {subprocess.py:93} INFO - [0m09:02:46  Done. PASS=5 WARN=0 ERROR=1 SKIP=0 NO-OP=0 TOTAL=6
[2026-07-08T09:02:48.501+0000] {subprocess.py:97} INFO - Command exited with return code 1
[2026-07-08T09:02:48.508+0000] {taskinstance.py:441} INFO - ::group::Post task execution logs
[2026-07-08T09:02:48.531+0000] {taskinstance.py:2905} ERROR - Task failed with exception
Traceback (most recent call last):
  File "/home/airflow/.local/lib/python3.12/site-packages/airflow/models/taskinstance.py", line 465, in _execute_task
    result = _execute_callable(context=context, **execute_callable_kwargs)
             ^^^^^^^^^^^^^^^^^^^^^^^^^^^^^^^^^^^^^^^^^^^^^^^^^^^^^^^^^^^^^
  File "/home/airflow/.local/lib/python3.12/site-packages/airflow/models/taskinstance.py", line 432, in _execute_callable
    return execute_callable(context=context, **execute_callable_kwargs)
           ^^^^^^^^^^^^^^^^^^^^^^^^^^^^^^^^^^^^^^^^^^^^^^^^^^^^^^^^^^^^
  File "/home/airflow/.local/lib/python3.12/site-packages/airflow/models/baseoperator.py", line 400, in wrapper
    return func(self, *args, **kwargs)
           ^^^^^^^^^^^^^^^^^^^^^^^^^^^
  File "/home/airflow/.local/lib/python3.12/site-packages/airflow/operators/bash.py", line 243, in execute
    raise AirflowException(
airflow.exceptions.AirflowException: Bash command failed. The command returned a non-zero exit code 1.
[2026-07-08T09:02:48.538+0000] {taskinstance.py:1206} INFO - Marking task as FAILED. dag_id=gold_dbt_dag, task_id=trigger_dbt_build, run_id=dataset_triggered__2026-07-08T09:00:14.478259+00:00, execution_date=20260708T090014, start_date=20260708T090230, end_date=20260708T090248
[2026-07-08T09:02:48.558+0000] {standard_task_runner.py:110} ERROR - Failed to execute job 1109 for task trigger_dbt_build (Bash command failed. The command returned a non-zero exit code 1.; 3716)
[2026-07-08T09:02:48.565+0000] {local_task_job_runner.py:240} INFO - Task exited with return code 1
[2026-07-08T09:02:48.594+0000] {taskinstance.py:3498} INFO - 0 downstream tasks scheduled from follow-on schedule check
[2026-07-08T09:02:48.594+0000] {local_task_job_runner.py:222} INFO - ::endgroup::
