[2026-07-02T01:58:53.240+0000] {local_task_job_runner.py:120} INFO - ::group::Pre task execution logs
[2026-07-02T01:58:53.269+0000] {taskinstance.py:2076} INFO - Dependencies all met for dep_context=non-requeueable deps ti=<TaskInstance: logistics_postgres_to_bq.push_to_bigquery dataset_triggered__2026-07-02T01:58:50.884876+00:00 [queued]>
[2026-07-02T01:58:53.282+0000] {taskinstance.py:2076} INFO - Dependencies all met for dep_context=requeueable deps ti=<TaskInstance: logistics_postgres_to_bq.push_to_bigquery dataset_triggered__2026-07-02T01:58:50.884876+00:00 [queued]>
[2026-07-02T01:58:53.284+0000] {taskinstance.py:2306} INFO - Starting attempt 1 of 1
[2026-07-02T01:58:53.313+0000] {taskinstance.py:2330} INFO - Executing <Task(PythonOperator): push_to_bigquery> on 2026-07-02 01:58:50.884876+00:00
[2026-07-02T01:58:53.343+0000] {standard_task_runner.py:90} INFO - Running: ['***', 'tasks', 'run', 'logistics_postgres_to_bq', 'push_to_bigquery', 'dataset_triggered__2026-07-02T01:58:50.884876+00:00', '--job-id', '141', '--raw', '--subdir', 'DAGS_FOLDER/dag_postgres_to_bq.py', '--cfg-path', '/tmp/tmpxfncdn12']
[2026-07-02T01:58:53.346+0000] {standard_task_runner.py:91} INFO - Job 141: Subtask push_to_bigquery
[2026-07-02T01:58:53.345+0000] {logging_mixin.py:188} WARNING - /home/***/.local/lib/python3.12/site-packages/***/task/task_runner/standard_task_runner.py:61 DeprecationWarning: This process (pid=42045) is multi-threaded, use of fork() may lead to deadlocks in the child.
[2026-07-02T01:58:53.346+0000] {standard_task_runner.py:63} INFO - Started process 42082 to run task
[2026-07-02T01:58:53.372+0000] {task_command.py:426} INFO - Running <TaskInstance: logistics_postgres_to_bq.push_to_bigquery dataset_triggered__2026-07-02T01:58:50.884876+00:00 [running]> on host bd23e89d97be
[2026-07-02T01:58:53.431+0000] {taskinstance.py:2648} INFO - Exporting env vars: AIRFLOW_CTX_DAG_OWNER='***' AIRFLOW_CTX_DAG_ID='logistics_postgres_to_bq' AIRFLOW_CTX_TASK_ID='push_to_bigquery' AIRFLOW_CTX_EXECUTION_DATE='2026-07-02T01:58:50.884876+00:00' AIRFLOW_CTX_TRY_NUMBER='1' AIRFLOW_CTX_DAG_RUN_ID='dataset_triggered__2026-07-02T01:58:50.884876+00:00'
[2026-07-02T01:58:53.432+0000] {taskinstance.py:430} INFO - ::endgroup::
[2026-07-02T01:58:54.232+0000] {logging_mixin.py:188} WARNING - /opt/***/dags/dag_postgres_to_bq.py:34 UserWarning: pandas only supports SQLAlchemy connectable (engine/connection) or database string URI or sqlite3 DBAPI2 connection. Other DBAPI2 objects are not tested. Please consider using SQLAlchemy.
[2026-07-02T02:58:30.919+0000] {local_task_job_runner.py:310} WARNING - State of this instance has been externally set to failed. Terminating instance.
[2026-07-02T02:58:37.292+0000] {local_task_job_runner.py:222} INFO - ::endgroup::
[2026-07-02T02:58:37.460+0000] {process_utils.py:132} INFO - Sending 15 to group 42082. PIDs of all processes in the group: [42082]
[2026-07-02T02:58:37.470+0000] {process_utils.py:87} INFO - Sending the signal 15 to group 42082
[2026-07-02T02:58:37.531+0000] {taskinstance.py:2611} ERROR - Received SIGTERM. Terminating subprocesses.
[2026-07-02T02:58:37.732+0000] {taskinstance.py:441} INFO - ::group::Post task execution logs
[2026-07-02T02:58:41.121+0000] {process_utils.py:80} INFO - Process psutil.Process(pid=42082, status='terminated', exitcode=0, started='01:58:52') (42082) terminated with exit code 0
