[2026-07-08T14:00:21.985+0000] {local_task_job_runner.py:120} INFO - ::group::Pre task execution logs
[2026-07-08T14:00:22.017+0000] {taskinstance.py:2076} INFO - Dependencies all met for dep_context=non-requeueable deps ti=<TaskInstance: gold_dbt_dag.trigger_dbt_build dataset_triggered__2026-07-08T14:00:21.251748+00:00 [queued]>
[2026-07-08T14:00:22.023+0000] {taskinstance.py:2076} INFO - Dependencies all met for dep_context=requeueable deps ti=<TaskInstance: gold_dbt_dag.trigger_dbt_build dataset_triggered__2026-07-08T14:00:21.251748+00:00 [queued]>
[2026-07-08T14:00:22.024+0000] {taskinstance.py:2306} INFO - Starting attempt 1 of 2
[2026-07-08T14:00:22.033+0000] {taskinstance.py:2330} INFO - Executing <Task(BashOperator): trigger_dbt_build> on 2026-07-08 14:00:21.251748+00:00
[2026-07-08T14:00:22.040+0000] {standard_task_runner.py:90} INFO - Running: ['***', 'tasks', 'run', 'gold_dbt_dag', 'trigger_dbt_build', 'dataset_triggered__2026-07-08T14:00:21.251748+00:00', '--job-id', '1143', '--raw', '--subdir', 'DAGS_FOLDER/dag_gold_dbt.py', '--cfg-path', '/tmp/tmplvmdut2c']
[2026-07-08T14:00:22.045+0000] {standard_task_runner.py:91} INFO - Job 1143: Subtask trigger_dbt_build
[2026-07-08T14:00:22.044+0000] {logging_mixin.py:188} WARNING - /home/***/.local/lib/python3.12/site-packages/***/task/task_runner/standard_task_runner.py:61 DeprecationWarning: This process (pid=23161) is multi-threaded, use of fork() may lead to deadlocks in the child.
[2026-07-08T14:00:22.046+0000] {standard_task_runner.py:63} INFO - Started process 23162 to run task
[2026-07-08T14:00:22.123+0000] {task_command.py:426} INFO - Running <TaskInstance: gold_dbt_dag.trigger_dbt_build dataset_triggered__2026-07-08T14:00:21.251748+00:00 [running]> on host bd23e89d97be
[2026-07-08T14:00:22.216+0000] {taskinstance.py:2648} INFO - Exporting env vars: AIRFLOW_CTX_DAG_OWNER='data_engineer' AIRFLOW_CTX_DAG_ID='gold_dbt_dag' AIRFLOW_CTX_TASK_ID='trigger_dbt_build' AIRFLOW_CTX_EXECUTION_DATE='2026-07-08T14:00:21.251748+00:00' AIRFLOW_CTX_TRY_NUMBER='1' AIRFLOW_CTX_DAG_RUN_ID='dataset_triggered__2026-07-08T14:00:21.251748+00:00'
[2026-07-08T14:00:22.217+0000] {taskinstance.py:430} INFO - ::endgroup::
[2026-07-08T14:00:22.233+0000] {subprocess.py:63} INFO - Tmp dir root location: /tmp
[2026-07-08T14:00:22.234+0000] {subprocess.py:75} INFO - Running command: ['/usr/bin/bash', '-c', 'cd /opt/***/dbt && dbt build --profiles-dir . --target dev']
[2026-07-08T14:00:22.242+0000] {subprocess.py:86} INFO - Output:
[2026-07-08T14:00:24.669+0000] {subprocess.py:93} INFO - [0m14:00:24  Running with dbt=1.11.11
[2026-07-08T14:00:25.575+0000] {subprocess.py:93} INFO - [0m14:00:25  Registered adapter: bigquery=1.11.3
[2026-07-08T14:00:25.893+0000] {subprocess.py:93} INFO - [0m14:00:25  Found 6 models, 4 sources, 553 macros
[2026-07-08T14:00:25.894+0000] {subprocess.py:93} INFO - [0m14:00:25
[2026-07-08T14:00:25.895+0000] {subprocess.py:93} INFO - [0m14:00:25  Concurrency: 4 threads (target='dev')
[2026-07-08T14:00:25.895+0000] {subprocess.py:93} INFO - [0m14:00:25
[2026-07-08T14:00:27.545+0000] {subprocess.py:93} INFO - [0m14:00:27  1 of 6 START sql table model logistics_mart.dim_drivers ........................ [RUN]
[2026-07-08T14:00:27.546+0000] {subprocess.py:93} INFO - [0m14:00:27  2 of 6 START sql table model logistics_mart.dim_hubs ........................... [RUN]
[2026-07-08T14:00:27.546+0000] {subprocess.py:93} INFO - [0m14:00:27  3 of 6 START sql view model logistics_mart.stg_shipments ....................... [RUN]
[2026-07-08T14:00:27.547+0000] {subprocess.py:93} INFO - [0m14:00:27  4 of 6 START sql view model logistics_mart.stg_weather ......................... [RUN]
[2026-07-08T14:00:29.695+0000] {subprocess.py:93} INFO - [0m14:00:29  4 of 6 OK created sql view model logistics_mart.stg_weather .................... [[32mCREATE VIEW (0 processed)[0m in 2.14s]
[2026-07-08T14:00:29.698+0000] {subprocess.py:93} INFO - [0m14:00:29  3 of 6 OK created sql view model logistics_mart.stg_shipments .................. [[32mCREATE VIEW (0 processed)[0m in 2.14s]
[2026-07-08T14:00:29.700+0000] {subprocess.py:93} INFO - [0m14:00:29  5 of 6 START sql view model logistics_mart.stg_weather_consensus ............... [RUN]
[2026-07-08T14:00:31.291+0000] {subprocess.py:93} INFO - [0m14:00:31  2 of 6 OK created sql table model logistics_mart.dim_hubs ...................... [[32mCREATE TABLE (3.0 rows, 149.0 Bytes processed)[0m in 3.74s]
[2026-07-08T14:00:31.298+0000] {subprocess.py:93} INFO - [0m14:00:31  6 of 6 START sql table model logistics_mart.fact_shipment_weather .............. [RUN]
[2026-07-08T14:00:31.491+0000] {subprocess.py:93} INFO - [0m14:00:31  1 of 6 OK created sql table model logistics_mart.dim_drivers ................... [[32mCREATE TABLE (3.0 rows, 108.0 Bytes processed)[0m in 3.94s]
[2026-07-08T14:00:31.585+0000] {subprocess.py:93} INFO - [0m14:00:31  BigQuery adapter: https://console.cloud.google.com/bigquery?project=logistics-500519&j=bq:US:6af1a822-61c1-4b1e-8612-d9421e4ea4e9&page=queryresults
[2026-07-08T14:00:31.601+0000] {subprocess.py:93} INFO - [0m14:00:31  5 of 6 ERROR creating sql view model logistics_mart.stg_weather_consensus ...... [[31mERROR[0m in 1.90s]
[2026-07-08T14:00:36.069+0000] {subprocess.py:93} INFO - [0m14:00:36  6 of 6 OK created sql table model logistics_mart.fact_shipment_weather ......... [[32mCREATE TABLE (1.4k rows, 85.8 KiB processed)[0m in 4.76s]
[2026-07-08T14:00:36.123+0000] {subprocess.py:93} INFO - [0m14:00:36
[2026-07-08T14:00:36.124+0000] {subprocess.py:93} INFO - [0m14:00:36  Finished running 3 table models, 3 view models in 0 hours 0 minutes and 10.23 seconds (10.23s).
[2026-07-08T14:00:36.277+0000] {subprocess.py:93} INFO - [0m14:00:36
[2026-07-08T14:00:36.278+0000] {subprocess.py:93} INFO - [0m14:00:36  [31mCompleted with 1 error, 0 partial successes, and 0 warnings:[0m
[2026-07-08T14:00:36.279+0000] {subprocess.py:93} INFO - [0m14:00:36
[2026-07-08T14:00:36.279+0000] {subprocess.py:93} INFO - [0m14:00:36  [31mFailure in model stg_weather_consensus (models/staging/stg_weather_consensus.sql)[0m
[2026-07-08T14:00:36.280+0000] {subprocess.py:93} INFO - [0m14:00:36    Database Error in model stg_weather_consensus (models/staging/stg_weather_consensus.sql)
[2026-07-08T14:00:36.281+0000] {subprocess.py:93} INFO -   Unrecognized name: fetched_at at [11:11]
[2026-07-08T14:00:36.281+0000] {subprocess.py:93} INFO -   compiled code at target/run/logistics_lakehouse/models/staging/stg_weather_consensus.sql
[2026-07-08T14:00:36.281+0000] {subprocess.py:93} INFO - [0m14:00:36
[2026-07-08T14:00:36.282+0000] {subprocess.py:93} INFO - [0m14:00:36    compiled code at target/compiled/logistics_lakehouse/models/staging/stg_weather_consensus.sql
[2026-07-08T14:00:36.282+0000] {subprocess.py:93} INFO - [0m14:00:36
[2026-07-08T14:00:36.282+0000] {subprocess.py:93} INFO - [0m14:00:36  Done. PASS=5 WARN=0 ERROR=1 SKIP=0 NO-OP=0 TOTAL=6
[2026-07-08T14:00:38.663+0000] {subprocess.py:97} INFO - Command exited with return code 1
[2026-07-08T14:00:38.667+0000] {taskinstance.py:441} INFO - ::group::Post task execution logs
[2026-07-08T14:00:38.701+0000] {taskinstance.py:2905} ERROR - Task failed with exception
Traceback (most recent call last):
  File "/home/airflow/.local/lib/python3.12/site-packages/airflow/models/taskinstance.py", line 465, in _execute_task
    result = _execute_callable(context=context, **execute_callable_kwargs)
             ^^^^^^^^^^^^^^^^^^^^^^^^^^^^^^^^^^^^^^^^^^^^^^^^^^^^^^^^^^^^^
  File "/home/airflow/.local/lib/python3.12/site-packages/airflow/models/taskinstance.py", line 432, in _execute_callable
    return execute_callable(context=context, **execute_callable_kwargs)
           ^^^^^^^^^^^^^^^^^^^^^^^^^^^^^^^^^^^^^^^^^^^^^^^^^^^^^^^^^^^^
  File "/home/airflow/.local/lib/python3.12/site-packages/airflow/models/baseoperator.py", line 400, in wrapper
    return func(self, *args, **kwargs)
           ^^^^^^^^^^^^^^^^^^^^^^^^^^^
  File "/home/airflow/.local/lib/python3.12/site-packages/airflow/operators/bash.py", line 243, in execute
    raise AirflowException(
airflow.exceptions.AirflowException: Bash command failed. The command returned a non-zero exit code 1.
[2026-07-08T14:00:38.711+0000] {taskinstance.py:1206} INFO - Marking task as UP_FOR_RETRY. dag_id=gold_dbt_dag, task_id=trigger_dbt_build, run_id=dataset_triggered__2026-07-08T14:00:21.251748+00:00, execution_date=20260708T140021, start_date=20260708T140022, end_date=20260708T140038
[2026-07-08T14:00:38.744+0000] {standard_task_runner.py:110} ERROR - Failed to execute job 1143 for task trigger_dbt_build (Bash command failed. The command returned a non-zero exit code 1.; 23162)
[2026-07-08T14:00:38.757+0000] {local_task_job_runner.py:240} INFO - Task exited with return code 1
[2026-07-08T14:00:38.780+0000] {taskinstance.py:3498} INFO - 0 downstream tasks scheduled from follow-on schedule check
[2026-07-08T14:00:38.781+0000] {local_task_job_runner.py:222} INFO - ::endgroup::
