[2026-07-02T00:48:23.566+0000] {processor.py:161} INFO - Started process (PID=41411) to work on /opt/airflow/dags/dag_silver_weather.py
[2026-07-02T00:48:23.566+0000] {processor.py:830} INFO - Processing file /opt/airflow/dags/dag_silver_weather.py for tasks to queue
[2026-07-02T00:48:23.567+0000] {logging_mixin.py:188} INFO - [2026-07-02T00:48:23.567+0000] {dagbag.py:545} INFO - Filling up the DagBag from /opt/airflow/dags/dag_silver_weather.py
[2026-07-02T00:48:23.574+0000] {processor.py:840} INFO - DAG(s) 'silver_weather_dag' retrieved from /opt/airflow/dags/dag_silver_weather.py
[2026-07-02T00:48:23.587+0000] {logging_mixin.py:188} INFO - [2026-07-02T00:48:23.587+0000] {dag.py:3096} INFO - Sync 1 DAGs
[2026-07-02T00:48:23.599+0000] {logging_mixin.py:188} INFO - [2026-07-02T00:48:23.599+0000] {dag.py:3954} INFO - Setting next_dagrun for silver_weather_dag to None, run_after=None
[2026-07-02T00:48:23.611+0000] {processor.py:183} INFO - Processing /opt/airflow/dags/dag_silver_weather.py took 0.048 seconds
[2026-07-02T01:58:51.146+0000] {processor.py:161} INFO - Started process (PID=42029) to work on /opt/airflow/dags/dag_silver_weather.py
[2026-07-02T01:58:51.147+0000] {processor.py:830} INFO - Processing file /opt/airflow/dags/dag_silver_weather.py for tasks to queue
[2026-07-02T01:58:51.148+0000] {logging_mixin.py:188} INFO - [2026-07-02T01:58:51.148+0000] {dagbag.py:545} INFO - Filling up the DagBag from /opt/airflow/dags/dag_silver_weather.py
[2026-07-02T01:58:51.160+0000] {processor.py:840} INFO - DAG(s) 'silver_weather_dag' retrieved from /opt/airflow/dags/dag_silver_weather.py
[2026-07-02T01:58:51.186+0000] {logging_mixin.py:188} INFO - [2026-07-02T01:58:51.185+0000] {dag.py:3096} INFO - Sync 1 DAGs
[2026-07-02T01:58:51.208+0000] {logging_mixin.py:188} INFO - [2026-07-02T01:58:51.208+0000] {dag.py:3954} INFO - Setting next_dagrun for silver_weather_dag to None, run_after=None
[2026-07-02T01:58:51.229+0000] {processor.py:183} INFO - Processing /opt/airflow/dags/dag_silver_weather.py took 0.089 seconds
[2026-07-02T02:32:09.351+0000] {processor.py:161} INFO - Started process (PID=42629) to work on /opt/airflow/dags/dag_silver_weather.py
[2026-07-02T02:32:09.352+0000] {processor.py:830} INFO - Processing file /opt/airflow/dags/dag_silver_weather.py for tasks to queue
[2026-07-02T02:32:09.354+0000] {logging_mixin.py:188} INFO - [2026-07-02T02:32:09.353+0000] {dagbag.py:545} INFO - Filling up the DagBag from /opt/airflow/dags/dag_silver_weather.py
[2026-07-02T02:32:09.368+0000] {processor.py:840} INFO - DAG(s) 'silver_weather_dag' retrieved from /opt/airflow/dags/dag_silver_weather.py
[2026-07-02T02:32:09.395+0000] {logging_mixin.py:188} INFO - [2026-07-02T02:32:09.395+0000] {dag.py:3096} INFO - Sync 1 DAGs
[2026-07-02T02:32:09.418+0000] {logging_mixin.py:188} INFO - [2026-07-02T02:32:09.418+0000] {dag.py:3954} INFO - Setting next_dagrun for silver_weather_dag to None, run_after=None
[2026-07-02T02:32:09.438+0000] {processor.py:183} INFO - Processing /opt/airflow/dags/dag_silver_weather.py took 0.092 seconds
[2026-07-02T02:42:06.215+0000] {processor.py:161} INFO - Started process (PID=43235) to work on /opt/airflow/dags/dag_silver_weather.py
[2026-07-02T02:42:06.217+0000] {processor.py:830} INFO - Processing file /opt/airflow/dags/dag_silver_weather.py for tasks to queue
[2026-07-02T02:42:06.222+0000] {logging_mixin.py:188} INFO - [2026-07-02T02:42:06.221+0000] {dagbag.py:545} INFO - Filling up the DagBag from /opt/airflow/dags/dag_silver_weather.py
[2026-07-02T02:42:06.240+0000] {processor.py:840} INFO - DAG(s) 'silver_weather_dag' retrieved from /opt/airflow/dags/dag_silver_weather.py
[2026-07-02T02:42:06.287+0000] {logging_mixin.py:188} INFO - [2026-07-02T02:42:06.287+0000] {dag.py:3096} INFO - Sync 1 DAGs
[2026-07-02T02:42:06.322+0000] {logging_mixin.py:188} INFO - [2026-07-02T02:42:06.322+0000] {dag.py:3954} INFO - Setting next_dagrun for silver_weather_dag to None, run_after=None
[2026-07-02T02:42:06.357+0000] {processor.py:183} INFO - Processing /opt/airflow/dags/dag_silver_weather.py took 0.155 seconds
[2026-07-02T02:47:29.687+0000] {processor.py:161} INFO - Started process (PID=43302) to work on /opt/airflow/dags/dag_silver_weather.py
[2026-07-02T02:47:29.689+0000] {processor.py:830} INFO - Processing file /opt/airflow/dags/dag_silver_weather.py for tasks to queue
[2026-07-02T02:47:29.694+0000] {logging_mixin.py:188} INFO - [2026-07-02T02:47:29.692+0000] {dagbag.py:545} INFO - Filling up the DagBag from /opt/airflow/dags/dag_silver_weather.py
[2026-07-02T02:47:29.724+0000] {processor.py:840} INFO - DAG(s) 'silver_weather_dag' retrieved from /opt/airflow/dags/dag_silver_weather.py
[2026-07-02T02:47:29.794+0000] {logging_mixin.py:188} INFO - [2026-07-02T02:47:29.793+0000] {dag.py:3096} INFO - Sync 1 DAGs
[2026-07-02T02:47:29.826+0000] {logging_mixin.py:188} INFO - [2026-07-02T02:47:29.826+0000] {dag.py:3954} INFO - Setting next_dagrun for silver_weather_dag to None, run_after=None
[2026-07-02T02:47:29.863+0000] {processor.py:183} INFO - Processing /opt/airflow/dags/dag_silver_weather.py took 0.191 seconds
[2026-07-02T02:58:14.906+0000] {processor.py:161} INFO - Started process (PID=43339) to work on /opt/airflow/dags/dag_silver_weather.py
[2026-07-02T02:58:14.907+0000] {processor.py:830} INFO - Processing file /opt/airflow/dags/dag_silver_weather.py for tasks to queue
[2026-07-02T02:58:14.909+0000] {logging_mixin.py:188} INFO - [2026-07-02T02:58:14.908+0000] {dagbag.py:545} INFO - Filling up the DagBag from /opt/airflow/dags/dag_silver_weather.py
[2026-07-02T02:58:14.920+0000] {processor.py:840} INFO - DAG(s) 'silver_weather_dag' retrieved from /opt/airflow/dags/dag_silver_weather.py
[2026-07-02T02:58:14.947+0000] {logging_mixin.py:188} INFO - [2026-07-02T02:58:14.947+0000] {dag.py:3096} INFO - Sync 1 DAGs
[2026-07-02T02:58:14.969+0000] {logging_mixin.py:188} INFO - [2026-07-02T02:58:14.969+0000] {dag.py:3954} INFO - Setting next_dagrun for silver_weather_dag to None, run_after=None
[2026-07-02T02:58:14.988+0000] {processor.py:183} INFO - Processing /opt/airflow/dags/dag_silver_weather.py took 0.087 seconds
[2026-07-02T02:59:47.828+0000] {processor.py:161} INFO - Started process (PID=43382) to work on /opt/airflow/dags/dag_silver_weather.py
[2026-07-02T02:59:47.829+0000] {processor.py:830} INFO - Processing file /opt/airflow/dags/dag_silver_weather.py for tasks to queue
[2026-07-02T02:59:47.830+0000] {logging_mixin.py:188} INFO - [2026-07-02T02:59:47.830+0000] {dagbag.py:545} INFO - Filling up the DagBag from /opt/airflow/dags/dag_silver_weather.py
[2026-07-02T02:59:47.857+0000] {processor.py:840} INFO - DAG(s) 'silver_weather_dag' retrieved from /opt/airflow/dags/dag_silver_weather.py
[2026-07-02T02:59:47.927+0000] {logging_mixin.py:188} INFO - [2026-07-02T02:59:47.926+0000] {dag.py:3096} INFO - Sync 1 DAGs
[2026-07-02T02:59:47.973+0000] {logging_mixin.py:188} INFO - [2026-07-02T02:59:47.973+0000] {dag.py:3954} INFO - Setting next_dagrun for silver_weather_dag to None, run_after=None
[2026-07-02T02:59:48.007+0000] {processor.py:183} INFO - Processing /opt/airflow/dags/dag_silver_weather.py took 0.181 seconds
[2026-07-02T03:00:18.580+0000] {processor.py:161} INFO - Started process (PID=43974) to work on /opt/airflow/dags/dag_silver_weather.py
[2026-07-02T03:00:18.581+0000] {processor.py:830} INFO - Processing file /opt/airflow/dags/dag_silver_weather.py for tasks to queue
[2026-07-02T03:00:18.583+0000] {logging_mixin.py:188} INFO - [2026-07-02T03:00:18.582+0000] {dagbag.py:545} INFO - Filling up the DagBag from /opt/airflow/dags/dag_silver_weather.py
[2026-07-02T03:00:18.590+0000] {processor.py:840} INFO - DAG(s) 'silver_weather_dag' retrieved from /opt/airflow/dags/dag_silver_weather.py
[2026-07-02T03:00:18.604+0000] {logging_mixin.py:188} INFO - [2026-07-02T03:00:18.604+0000] {dag.py:3096} INFO - Sync 1 DAGs
[2026-07-02T03:00:18.613+0000] {logging_mixin.py:188} INFO - [2026-07-02T03:00:18.613+0000] {dag.py:3954} INFO - Setting next_dagrun for silver_weather_dag to None, run_after=None
[2026-07-02T03:00:18.622+0000] {processor.py:183} INFO - Processing /opt/airflow/dags/dag_silver_weather.py took 0.046 seconds
[2026-07-02T03:00:48.901+0000] {processor.py:161} INFO - Started process (PID=44057) to work on /opt/airflow/dags/dag_silver_weather.py
[2026-07-02T03:00:48.902+0000] {processor.py:830} INFO - Processing file /opt/airflow/dags/dag_silver_weather.py for tasks to queue
[2026-07-02T03:00:48.904+0000] {logging_mixin.py:188} INFO - [2026-07-02T03:00:48.903+0000] {dagbag.py:545} INFO - Filling up the DagBag from /opt/airflow/dags/dag_silver_weather.py
[2026-07-02T03:00:48.913+0000] {processor.py:840} INFO - DAG(s) 'silver_weather_dag' retrieved from /opt/airflow/dags/dag_silver_weather.py
[2026-07-02T03:00:48.941+0000] {logging_mixin.py:188} INFO - [2026-07-02T03:00:48.940+0000] {dag.py:3096} INFO - Sync 1 DAGs
[2026-07-02T03:00:48.950+0000] {logging_mixin.py:188} INFO - [2026-07-02T03:00:48.950+0000] {dag.py:3954} INFO - Setting next_dagrun for silver_weather_dag to None, run_after=None
[2026-07-02T03:00:48.958+0000] {processor.py:183} INFO - Processing /opt/airflow/dags/dag_silver_weather.py took 0.066 seconds
[2026-07-02T03:01:19.202+0000] {processor.py:161} INFO - Started process (PID=44094) to work on /opt/airflow/dags/dag_silver_weather.py
[2026-07-02T03:01:19.203+0000] {processor.py:830} INFO - Processing file /opt/airflow/dags/dag_silver_weather.py for tasks to queue
[2026-07-02T03:01:19.203+0000] {logging_mixin.py:188} INFO - [2026-07-02T03:01:19.203+0000] {dagbag.py:545} INFO - Filling up the DagBag from /opt/airflow/dags/dag_silver_weather.py
[2026-07-02T03:01:19.209+0000] {processor.py:840} INFO - DAG(s) 'silver_weather_dag' retrieved from /opt/airflow/dags/dag_silver_weather.py
[2026-07-02T03:01:19.219+0000] {logging_mixin.py:188} INFO - [2026-07-02T03:01:19.219+0000] {dag.py:3096} INFO - Sync 1 DAGs
[2026-07-02T03:01:19.226+0000] {logging_mixin.py:188} INFO - [2026-07-02T03:01:19.226+0000] {dag.py:3954} INFO - Setting next_dagrun for silver_weather_dag to None, run_after=None
[2026-07-02T03:01:19.234+0000] {processor.py:183} INFO - Processing /opt/airflow/dags/dag_silver_weather.py took 0.035 seconds
[2026-07-02T03:01:50.247+0000] {processor.py:161} INFO - Started process (PID=44131) to work on /opt/airflow/dags/dag_silver_weather.py
[2026-07-02T03:01:50.248+0000] {processor.py:830} INFO - Processing file /opt/airflow/dags/dag_silver_weather.py for tasks to queue
[2026-07-02T03:01:50.248+0000] {logging_mixin.py:188} INFO - [2026-07-02T03:01:50.248+0000] {dagbag.py:545} INFO - Filling up the DagBag from /opt/airflow/dags/dag_silver_weather.py
[2026-07-02T03:01:50.254+0000] {processor.py:840} INFO - DAG(s) 'silver_weather_dag' retrieved from /opt/airflow/dags/dag_silver_weather.py
[2026-07-02T03:01:50.266+0000] {logging_mixin.py:188} INFO - [2026-07-02T03:01:50.266+0000] {dag.py:3096} INFO - Sync 1 DAGs
[2026-07-02T03:01:50.274+0000] {logging_mixin.py:188} INFO - [2026-07-02T03:01:50.274+0000] {dag.py:3954} INFO - Setting next_dagrun for silver_weather_dag to None, run_after=None
[2026-07-02T03:01:50.282+0000] {processor.py:183} INFO - Processing /opt/airflow/dags/dag_silver_weather.py took 0.038 seconds
[2026-07-02T03:02:20.469+0000] {processor.py:161} INFO - Started process (PID=44201) to work on /opt/airflow/dags/dag_silver_weather.py
[2026-07-02T03:02:20.470+0000] {processor.py:830} INFO - Processing file /opt/airflow/dags/dag_silver_weather.py for tasks to queue
[2026-07-02T03:02:20.470+0000] {logging_mixin.py:188} INFO - [2026-07-02T03:02:20.470+0000] {dagbag.py:545} INFO - Filling up the DagBag from /opt/airflow/dags/dag_silver_weather.py
[2026-07-02T03:02:20.476+0000] {processor.py:840} INFO - DAG(s) 'silver_weather_dag' retrieved from /opt/airflow/dags/dag_silver_weather.py
[2026-07-02T03:02:20.487+0000] {logging_mixin.py:188} INFO - [2026-07-02T03:02:20.486+0000] {dag.py:3096} INFO - Sync 1 DAGs
[2026-07-02T03:02:20.494+0000] {logging_mixin.py:188} INFO - [2026-07-02T03:02:20.494+0000] {dag.py:3954} INFO - Setting next_dagrun for silver_weather_dag to None, run_after=None
[2026-07-02T03:02:20.501+0000] {processor.py:183} INFO - Processing /opt/airflow/dags/dag_silver_weather.py took 0.034 seconds
[2026-07-02T03:02:51.594+0000] {processor.py:161} INFO - Started process (PID=44238) to work on /opt/airflow/dags/dag_silver_weather.py
[2026-07-02T03:02:51.595+0000] {processor.py:830} INFO - Processing file /opt/airflow/dags/dag_silver_weather.py for tasks to queue
[2026-07-02T03:02:51.596+0000] {logging_mixin.py:188} INFO - [2026-07-02T03:02:51.596+0000] {dagbag.py:545} INFO - Filling up the DagBag from /opt/airflow/dags/dag_silver_weather.py
[2026-07-02T03:02:51.602+0000] {processor.py:840} INFO - DAG(s) 'silver_weather_dag' retrieved from /opt/airflow/dags/dag_silver_weather.py
[2026-07-02T03:02:51.614+0000] {logging_mixin.py:188} INFO - [2026-07-02T03:02:51.614+0000] {dag.py:3096} INFO - Sync 1 DAGs
[2026-07-02T03:02:51.621+0000] {logging_mixin.py:188} INFO - [2026-07-02T03:02:51.621+0000] {dag.py:3954} INFO - Setting next_dagrun for silver_weather_dag to None, run_after=None
[2026-07-02T03:02:51.629+0000] {processor.py:183} INFO - Processing /opt/airflow/dags/dag_silver_weather.py took 0.037 seconds
[2026-07-02T03:03:21.850+0000] {processor.py:161} INFO - Started process (PID=44275) to work on /opt/airflow/dags/dag_silver_weather.py
[2026-07-02T03:03:21.851+0000] {processor.py:830} INFO - Processing file /opt/airflow/dags/dag_silver_weather.py for tasks to queue
[2026-07-02T03:03:21.852+0000] {logging_mixin.py:188} INFO - [2026-07-02T03:03:21.852+0000] {dagbag.py:545} INFO - Filling up the DagBag from /opt/airflow/dags/dag_silver_weather.py
[2026-07-02T03:03:21.858+0000] {processor.py:840} INFO - DAG(s) 'silver_weather_dag' retrieved from /opt/airflow/dags/dag_silver_weather.py
[2026-07-02T03:03:21.872+0000] {logging_mixin.py:188} INFO - [2026-07-02T03:03:21.871+0000] {dag.py:3096} INFO - Sync 1 DAGs
[2026-07-02T03:03:21.880+0000] {logging_mixin.py:188} INFO - [2026-07-02T03:03:21.880+0000] {dag.py:3954} INFO - Setting next_dagrun for silver_weather_dag to None, run_after=None
[2026-07-02T03:03:21.892+0000] {processor.py:183} INFO - Processing /opt/airflow/dags/dag_silver_weather.py took 0.045 seconds
[2026-07-02T03:03:52.087+0000] {processor.py:161} INFO - Started process (PID=44312) to work on /opt/airflow/dags/dag_silver_weather.py
[2026-07-02T03:03:52.088+0000] {processor.py:830} INFO - Processing file /opt/airflow/dags/dag_silver_weather.py for tasks to queue
[2026-07-02T03:03:52.089+0000] {logging_mixin.py:188} INFO - [2026-07-02T03:03:52.089+0000] {dagbag.py:545} INFO - Filling up the DagBag from /opt/airflow/dags/dag_silver_weather.py
[2026-07-02T03:03:52.094+0000] {processor.py:840} INFO - DAG(s) 'silver_weather_dag' retrieved from /opt/airflow/dags/dag_silver_weather.py
[2026-07-02T03:03:52.106+0000] {logging_mixin.py:188} INFO - [2026-07-02T03:03:52.106+0000] {dag.py:3096} INFO - Sync 1 DAGs
[2026-07-02T03:03:52.114+0000] {logging_mixin.py:188} INFO - [2026-07-02T03:03:52.114+0000] {dag.py:3954} INFO - Setting next_dagrun for silver_weather_dag to None, run_after=None
[2026-07-02T03:03:52.124+0000] {processor.py:183} INFO - Processing /opt/airflow/dags/dag_silver_weather.py took 0.041 seconds
[2026-07-02T03:04:23.549+0000] {processor.py:161} INFO - Started process (PID=44349) to work on /opt/airflow/dags/dag_silver_weather.py
[2026-07-02T03:04:23.550+0000] {processor.py:830} INFO - Processing file /opt/airflow/dags/dag_silver_weather.py for tasks to queue
[2026-07-02T03:04:23.551+0000] {logging_mixin.py:188} INFO - [2026-07-02T03:04:23.551+0000] {dagbag.py:545} INFO - Filling up the DagBag from /opt/airflow/dags/dag_silver_weather.py
[2026-07-02T03:04:23.558+0000] {processor.py:840} INFO - DAG(s) 'silver_weather_dag' retrieved from /opt/airflow/dags/dag_silver_weather.py
[2026-07-02T03:04:23.573+0000] {logging_mixin.py:188} INFO - [2026-07-02T03:04:23.573+0000] {dag.py:3096} INFO - Sync 1 DAGs
[2026-07-02T03:04:23.583+0000] {logging_mixin.py:188} INFO - [2026-07-02T03:04:23.583+0000] {dag.py:3954} INFO - Setting next_dagrun for silver_weather_dag to None, run_after=None
[2026-07-02T03:04:23.593+0000] {processor.py:183} INFO - Processing /opt/airflow/dags/dag_silver_weather.py took 0.051 seconds
[2026-07-02T03:04:53.849+0000] {processor.py:161} INFO - Started process (PID=44392) to work on /opt/airflow/dags/dag_silver_weather.py
[2026-07-02T03:04:53.850+0000] {processor.py:830} INFO - Processing file /opt/airflow/dags/dag_silver_weather.py for tasks to queue
[2026-07-02T03:04:53.851+0000] {logging_mixin.py:188} INFO - [2026-07-02T03:04:53.851+0000] {dagbag.py:545} INFO - Filling up the DagBag from /opt/airflow/dags/dag_silver_weather.py
[2026-07-02T03:04:53.857+0000] {processor.py:840} INFO - DAG(s) 'silver_weather_dag' retrieved from /opt/airflow/dags/dag_silver_weather.py
[2026-07-02T03:04:53.871+0000] {logging_mixin.py:188} INFO - [2026-07-02T03:04:53.871+0000] {dag.py:3096} INFO - Sync 1 DAGs
[2026-07-02T03:04:53.880+0000] {logging_mixin.py:188} INFO - [2026-07-02T03:04:53.880+0000] {dag.py:3954} INFO - Setting next_dagrun for silver_weather_dag to None, run_after=None
[2026-07-02T03:04:53.888+0000] {processor.py:183} INFO - Processing /opt/airflow/dags/dag_silver_weather.py took 0.055 seconds
[2026-07-02T03:05:24.017+0000] {processor.py:161} INFO - Started process (PID=44429) to work on /opt/airflow/dags/dag_silver_weather.py
[2026-07-02T03:05:24.017+0000] {processor.py:830} INFO - Processing file /opt/airflow/dags/dag_silver_weather.py for tasks to queue
[2026-07-02T03:05:24.018+0000] {logging_mixin.py:188} INFO - [2026-07-02T03:05:24.018+0000] {dagbag.py:545} INFO - Filling up the DagBag from /opt/airflow/dags/dag_silver_weather.py
[2026-07-02T03:05:24.023+0000] {processor.py:840} INFO - DAG(s) 'silver_weather_dag' retrieved from /opt/airflow/dags/dag_silver_weather.py
[2026-07-02T03:05:24.034+0000] {logging_mixin.py:188} INFO - [2026-07-02T03:05:24.034+0000] {dag.py:3096} INFO - Sync 1 DAGs
[2026-07-02T03:05:24.041+0000] {logging_mixin.py:188} INFO - [2026-07-02T03:05:24.041+0000] {dag.py:3954} INFO - Setting next_dagrun for silver_weather_dag to None, run_after=None
[2026-07-02T03:05:24.048+0000] {processor.py:183} INFO - Processing /opt/airflow/dags/dag_silver_weather.py took 0.035 seconds
[2026-07-02T03:05:54.379+0000] {processor.py:161} INFO - Started process (PID=44466) to work on /opt/airflow/dags/dag_silver_weather.py
[2026-07-02T03:05:54.381+0000] {processor.py:830} INFO - Processing file /opt/airflow/dags/dag_silver_weather.py for tasks to queue
[2026-07-02T03:05:54.383+0000] {logging_mixin.py:188} INFO - [2026-07-02T03:05:54.382+0000] {dagbag.py:545} INFO - Filling up the DagBag from /opt/airflow/dags/dag_silver_weather.py
[2026-07-02T03:05:54.391+0000] {processor.py:840} INFO - DAG(s) 'silver_weather_dag' retrieved from /opt/airflow/dags/dag_silver_weather.py
[2026-07-02T03:05:54.405+0000] {logging_mixin.py:188} INFO - [2026-07-02T03:05:54.404+0000] {dag.py:3096} INFO - Sync 1 DAGs
[2026-07-02T03:05:54.412+0000] {logging_mixin.py:188} INFO - [2026-07-02T03:05:54.412+0000] {dag.py:3954} INFO - Setting next_dagrun for silver_weather_dag to None, run_after=None
[2026-07-02T03:05:54.422+0000] {processor.py:183} INFO - Processing /opt/airflow/dags/dag_silver_weather.py took 0.053 seconds
[2026-07-02T03:06:24.719+0000] {processor.py:161} INFO - Started process (PID=44503) to work on /opt/airflow/dags/dag_silver_weather.py
[2026-07-02T03:06:24.720+0000] {processor.py:830} INFO - Processing file /opt/airflow/dags/dag_silver_weather.py for tasks to queue
[2026-07-02T03:06:24.720+0000] {logging_mixin.py:188} INFO - [2026-07-02T03:06:24.720+0000] {dagbag.py:545} INFO - Filling up the DagBag from /opt/airflow/dags/dag_silver_weather.py
[2026-07-02T03:06:24.726+0000] {processor.py:840} INFO - DAG(s) 'silver_weather_dag' retrieved from /opt/airflow/dags/dag_silver_weather.py
[2026-07-02T03:06:24.736+0000] {logging_mixin.py:188} INFO - [2026-07-02T03:06:24.736+0000] {dag.py:3096} INFO - Sync 1 DAGs
[2026-07-02T03:06:24.743+0000] {logging_mixin.py:188} INFO - [2026-07-02T03:06:24.743+0000] {dag.py:3954} INFO - Setting next_dagrun for silver_weather_dag to None, run_after=None
[2026-07-02T03:06:24.750+0000] {processor.py:183} INFO - Processing /opt/airflow/dags/dag_silver_weather.py took 0.034 seconds
[2026-07-02T03:06:55.833+0000] {processor.py:161} INFO - Started process (PID=44540) to work on /opt/airflow/dags/dag_silver_weather.py
[2026-07-02T03:06:55.834+0000] {processor.py:830} INFO - Processing file /opt/airflow/dags/dag_silver_weather.py for tasks to queue
[2026-07-02T03:06:55.835+0000] {logging_mixin.py:188} INFO - [2026-07-02T03:06:55.834+0000] {dagbag.py:545} INFO - Filling up the DagBag from /opt/airflow/dags/dag_silver_weather.py
[2026-07-02T03:06:55.840+0000] {processor.py:840} INFO - DAG(s) 'silver_weather_dag' retrieved from /opt/airflow/dags/dag_silver_weather.py
[2026-07-02T03:06:55.850+0000] {logging_mixin.py:188} INFO - [2026-07-02T03:06:55.850+0000] {dag.py:3096} INFO - Sync 1 DAGs
[2026-07-02T03:06:55.857+0000] {logging_mixin.py:188} INFO - [2026-07-02T03:06:55.857+0000] {dag.py:3954} INFO - Setting next_dagrun for silver_weather_dag to None, run_after=None
[2026-07-02T03:06:55.865+0000] {processor.py:183} INFO - Processing /opt/airflow/dags/dag_silver_weather.py took 0.036 seconds
[2026-07-02T03:07:26.348+0000] {processor.py:161} INFO - Started process (PID=44577) to work on /opt/airflow/dags/dag_silver_weather.py
[2026-07-02T03:07:26.349+0000] {processor.py:830} INFO - Processing file /opt/airflow/dags/dag_silver_weather.py for tasks to queue
[2026-07-02T03:07:26.350+0000] {logging_mixin.py:188} INFO - [2026-07-02T03:07:26.350+0000] {dagbag.py:545} INFO - Filling up the DagBag from /opt/airflow/dags/dag_silver_weather.py
[2026-07-02T03:07:26.354+0000] {processor.py:840} INFO - DAG(s) 'silver_weather_dag' retrieved from /opt/airflow/dags/dag_silver_weather.py
[2026-07-02T03:07:26.365+0000] {logging_mixin.py:188} INFO - [2026-07-02T03:07:26.365+0000] {dag.py:3096} INFO - Sync 1 DAGs
[2026-07-02T03:07:26.372+0000] {logging_mixin.py:188} INFO - [2026-07-02T03:07:26.372+0000] {dag.py:3954} INFO - Setting next_dagrun for silver_weather_dag to None, run_after=None
[2026-07-02T03:07:26.380+0000] {processor.py:183} INFO - Processing /opt/airflow/dags/dag_silver_weather.py took 0.037 seconds
[2026-07-02T03:07:56.576+0000] {processor.py:161} INFO - Started process (PID=44614) to work on /opt/airflow/dags/dag_silver_weather.py
[2026-07-02T03:07:56.576+0000] {processor.py:830} INFO - Processing file /opt/airflow/dags/dag_silver_weather.py for tasks to queue
[2026-07-02T03:07:56.577+0000] {logging_mixin.py:188} INFO - [2026-07-02T03:07:56.577+0000] {dagbag.py:545} INFO - Filling up the DagBag from /opt/airflow/dags/dag_silver_weather.py
[2026-07-02T03:07:56.583+0000] {processor.py:840} INFO - DAG(s) 'silver_weather_dag' retrieved from /opt/airflow/dags/dag_silver_weather.py
[2026-07-02T03:07:56.592+0000] {logging_mixin.py:188} INFO - [2026-07-02T03:07:56.592+0000] {dag.py:3096} INFO - Sync 1 DAGs
[2026-07-02T03:07:56.599+0000] {logging_mixin.py:188} INFO - [2026-07-02T03:07:56.599+0000] {dag.py:3954} INFO - Setting next_dagrun for silver_weather_dag to None, run_after=None
[2026-07-02T03:07:56.607+0000] {processor.py:183} INFO - Processing /opt/airflow/dags/dag_silver_weather.py took 0.034 seconds
[2026-07-02T03:08:27.491+0000] {processor.py:161} INFO - Started process (PID=44651) to work on /opt/airflow/dags/dag_silver_weather.py
[2026-07-02T03:08:27.492+0000] {processor.py:830} INFO - Processing file /opt/airflow/dags/dag_silver_weather.py for tasks to queue
[2026-07-02T03:08:27.493+0000] {logging_mixin.py:188} INFO - [2026-07-02T03:08:27.492+0000] {dagbag.py:545} INFO - Filling up the DagBag from /opt/airflow/dags/dag_silver_weather.py
[2026-07-02T03:08:27.498+0000] {processor.py:840} INFO - DAG(s) 'silver_weather_dag' retrieved from /opt/airflow/dags/dag_silver_weather.py
[2026-07-02T03:08:27.509+0000] {logging_mixin.py:188} INFO - [2026-07-02T03:08:27.509+0000] {dag.py:3096} INFO - Sync 1 DAGs
[2026-07-02T03:08:27.516+0000] {logging_mixin.py:188} INFO - [2026-07-02T03:08:27.516+0000] {dag.py:3954} INFO - Setting next_dagrun for silver_weather_dag to None, run_after=None
[2026-07-02T03:08:27.524+0000] {processor.py:183} INFO - Processing /opt/airflow/dags/dag_silver_weather.py took 0.035 seconds
[2026-07-02T03:08:57.853+0000] {processor.py:161} INFO - Started process (PID=44688) to work on /opt/airflow/dags/dag_silver_weather.py
[2026-07-02T03:08:57.854+0000] {processor.py:830} INFO - Processing file /opt/airflow/dags/dag_silver_weather.py for tasks to queue
[2026-07-02T03:08:57.856+0000] {logging_mixin.py:188} INFO - [2026-07-02T03:08:57.856+0000] {dagbag.py:545} INFO - Filling up the DagBag from /opt/airflow/dags/dag_silver_weather.py
[2026-07-02T03:08:57.864+0000] {processor.py:840} INFO - DAG(s) 'silver_weather_dag' retrieved from /opt/airflow/dags/dag_silver_weather.py
[2026-07-02T03:08:57.877+0000] {logging_mixin.py:188} INFO - [2026-07-02T03:08:57.877+0000] {dag.py:3096} INFO - Sync 1 DAGs
[2026-07-02T03:08:57.887+0000] {logging_mixin.py:188} INFO - [2026-07-02T03:08:57.887+0000] {dag.py:3954} INFO - Setting next_dagrun for silver_weather_dag to None, run_after=None
[2026-07-02T03:08:57.897+0000] {processor.py:183} INFO - Processing /opt/airflow/dags/dag_silver_weather.py took 0.048 seconds
[2026-07-02T03:09:28.305+0000] {processor.py:161} INFO - Started process (PID=44725) to work on /opt/airflow/dags/dag_silver_weather.py
[2026-07-02T03:09:28.307+0000] {processor.py:830} INFO - Processing file /opt/airflow/dags/dag_silver_weather.py for tasks to queue
[2026-07-02T03:09:28.308+0000] {logging_mixin.py:188} INFO - [2026-07-02T03:09:28.308+0000] {dagbag.py:545} INFO - Filling up the DagBag from /opt/airflow/dags/dag_silver_weather.py
[2026-07-02T03:09:28.321+0000] {processor.py:840} INFO - DAG(s) 'silver_weather_dag' retrieved from /opt/airflow/dags/dag_silver_weather.py
[2026-07-02T03:09:28.346+0000] {logging_mixin.py:188} INFO - [2026-07-02T03:09:28.346+0000] {dag.py:3096} INFO - Sync 1 DAGs
[2026-07-02T03:09:28.360+0000] {logging_mixin.py:188} INFO - [2026-07-02T03:09:28.360+0000] {dag.py:3954} INFO - Setting next_dagrun for silver_weather_dag to None, run_after=None
[2026-07-02T03:09:28.372+0000] {processor.py:183} INFO - Processing /opt/airflow/dags/dag_silver_weather.py took 0.078 seconds
[2026-07-02T03:09:32.353+0000] {processor.py:161} INFO - Started process (PID=44735) to work on /opt/airflow/dags/dag_silver_weather.py
[2026-07-02T03:09:32.355+0000] {processor.py:830} INFO - Processing file /opt/airflow/dags/dag_silver_weather.py for tasks to queue
[2026-07-02T03:09:32.358+0000] {logging_mixin.py:188} INFO - [2026-07-02T03:09:32.357+0000] {dagbag.py:545} INFO - Filling up the DagBag from /opt/airflow/dags/dag_silver_weather.py
[2026-07-02T03:09:32.374+0000] {processor.py:840} INFO - DAG(s) 'silver_weather_dag' retrieved from /opt/airflow/dags/dag_silver_weather.py
[2026-07-02T03:09:32.395+0000] {logging_mixin.py:188} INFO - [2026-07-02T03:09:32.395+0000] {dag.py:3096} INFO - Sync 1 DAGs
[2026-07-02T03:09:32.407+0000] {logging_mixin.py:188} INFO - [2026-07-02T03:09:32.406+0000] {dag.py:3954} INFO - Setting next_dagrun for silver_weather_dag to None, run_after=None
[2026-07-02T03:09:32.419+0000] {processor.py:183} INFO - Processing /opt/airflow/dags/dag_silver_weather.py took 0.074 seconds
[2026-07-02T03:09:50.925+0000] {processor.py:161} INFO - Started process (PID=44757) to work on /opt/airflow/dags/dag_silver_weather.py
[2026-07-02T03:09:50.926+0000] {processor.py:830} INFO - Processing file /opt/airflow/dags/dag_silver_weather.py for tasks to queue
[2026-07-02T03:09:50.927+0000] {logging_mixin.py:188} INFO - [2026-07-02T03:09:50.927+0000] {dagbag.py:545} INFO - Filling up the DagBag from /opt/airflow/dags/dag_silver_weather.py
[2026-07-02T03:09:50.940+0000] {processor.py:840} INFO - DAG(s) 'silver_weather_dag' retrieved from /opt/airflow/dags/dag_silver_weather.py
[2026-07-02T03:09:50.965+0000] {logging_mixin.py:188} INFO - [2026-07-02T03:09:50.965+0000] {dag.py:3096} INFO - Sync 1 DAGs
[2026-07-02T03:09:50.983+0000] {logging_mixin.py:188} INFO - [2026-07-02T03:09:50.983+0000] {dag.py:3954} INFO - Setting next_dagrun for silver_weather_dag to None, run_after=None
[2026-07-02T03:09:51.001+0000] {processor.py:183} INFO - Processing /opt/airflow/dags/dag_silver_weather.py took 0.083 seconds
[2026-07-02T03:09:56.038+0000] {processor.py:161} INFO - Started process (PID=44762) to work on /opt/airflow/dags/dag_silver_weather.py
[2026-07-02T03:09:56.040+0000] {processor.py:830} INFO - Processing file /opt/airflow/dags/dag_silver_weather.py for tasks to queue
[2026-07-02T03:09:56.042+0000] {logging_mixin.py:188} INFO - [2026-07-02T03:09:56.042+0000] {dagbag.py:545} INFO - Filling up the DagBag from /opt/airflow/dags/dag_silver_weather.py
[2026-07-02T03:09:56.075+0000] {processor.py:840} INFO - DAG(s) 'silver_weather_dag' retrieved from /opt/airflow/dags/dag_silver_weather.py
[2026-07-02T03:09:56.102+0000] {logging_mixin.py:188} INFO - [2026-07-02T03:09:56.101+0000] {dag.py:3096} INFO - Sync 1 DAGs
[2026-07-02T03:09:56.131+0000] {logging_mixin.py:188} INFO - [2026-07-02T03:09:56.130+0000] {dag.py:3954} INFO - Setting next_dagrun for silver_weather_dag to None, run_after=None
[2026-07-02T03:09:56.151+0000] {processor.py:183} INFO - Processing /opt/airflow/dags/dag_silver_weather.py took 0.127 seconds
[2026-07-02T03:09:59.114+0000] {processor.py:161} INFO - Started process (PID=44767) to work on /opt/airflow/dags/dag_silver_weather.py
[2026-07-02T03:09:59.115+0000] {processor.py:830} INFO - Processing file /opt/airflow/dags/dag_silver_weather.py for tasks to queue
[2026-07-02T03:09:59.116+0000] {logging_mixin.py:188} INFO - [2026-07-02T03:09:59.116+0000] {dagbag.py:545} INFO - Filling up the DagBag from /opt/airflow/dags/dag_silver_weather.py
[2026-07-02T03:09:59.128+0000] {processor.py:840} INFO - DAG(s) 'silver_weather_dag' retrieved from /opt/airflow/dags/dag_silver_weather.py
[2026-07-02T03:09:59.168+0000] {logging_mixin.py:188} INFO - [2026-07-02T03:09:59.168+0000] {dag.py:3096} INFO - Sync 1 DAGs
[2026-07-02T03:09:59.201+0000] {logging_mixin.py:188} INFO - [2026-07-02T03:09:59.201+0000] {dag.py:3954} INFO - Setting next_dagrun for silver_weather_dag to None, run_after=None
[2026-07-02T03:09:59.228+0000] {processor.py:183} INFO - Processing /opt/airflow/dags/dag_silver_weather.py took 0.122 seconds
[2026-07-02T03:10:10.529+0000] {processor.py:161} INFO - Started process (PID=44792) to work on /opt/airflow/dags/dag_silver_weather.py
[2026-07-02T03:10:10.530+0000] {processor.py:830} INFO - Processing file /opt/airflow/dags/dag_silver_weather.py for tasks to queue
[2026-07-02T03:10:10.532+0000] {logging_mixin.py:188} INFO - [2026-07-02T03:10:10.531+0000] {dagbag.py:545} INFO - Filling up the DagBag from /opt/airflow/dags/dag_silver_weather.py
[2026-07-02T03:10:10.557+0000] {processor.py:840} INFO - DAG(s) 'silver_weather_dag' retrieved from /opt/airflow/dags/dag_silver_weather.py
[2026-07-02T03:10:10.615+0000] {logging_mixin.py:188} INFO - [2026-07-02T03:10:10.614+0000] {dag.py:3096} INFO - Sync 1 DAGs
[2026-07-02T03:10:10.636+0000] {logging_mixin.py:188} INFO - [2026-07-02T03:10:10.635+0000] {dag.py:3954} INFO - Setting next_dagrun for silver_weather_dag to None, run_after=None
[2026-07-02T03:10:10.653+0000] {processor.py:183} INFO - Processing /opt/airflow/dags/dag_silver_weather.py took 0.133 seconds
[2026-07-02T03:10:16.759+0000] {processor.py:161} INFO - Started process (PID=44803) to work on /opt/airflow/dags/dag_silver_weather.py
[2026-07-02T03:10:16.761+0000] {processor.py:830} INFO - Processing file /opt/airflow/dags/dag_silver_weather.py for tasks to queue
[2026-07-02T03:10:16.764+0000] {logging_mixin.py:188} INFO - [2026-07-02T03:10:16.764+0000] {dagbag.py:545} INFO - Filling up the DagBag from /opt/airflow/dags/dag_silver_weather.py
[2026-07-02T03:10:16.784+0000] {processor.py:840} INFO - DAG(s) 'silver_weather_dag' retrieved from /opt/airflow/dags/dag_silver_weather.py
[2026-07-02T03:10:16.824+0000] {logging_mixin.py:188} INFO - [2026-07-02T03:10:16.824+0000] {dag.py:3096} INFO - Sync 1 DAGs
[2026-07-02T03:10:16.846+0000] {logging_mixin.py:188} INFO - [2026-07-02T03:10:16.846+0000] {dag.py:3954} INFO - Setting next_dagrun for silver_weather_dag to None, run_after=None
[2026-07-02T03:10:16.861+0000] {processor.py:183} INFO - Processing /opt/airflow/dags/dag_silver_weather.py took 0.112 seconds
[2026-07-02T03:10:18.798+0000] {processor.py:161} INFO - Started process (PID=44808) to work on /opt/airflow/dags/dag_silver_weather.py
[2026-07-02T03:10:18.800+0000] {processor.py:830} INFO - Processing file /opt/airflow/dags/dag_silver_weather.py for tasks to queue
[2026-07-02T03:10:18.802+0000] {logging_mixin.py:188} INFO - [2026-07-02T03:10:18.802+0000] {dagbag.py:545} INFO - Filling up the DagBag from /opt/airflow/dags/dag_silver_weather.py
[2026-07-02T03:10:18.818+0000] {processor.py:840} INFO - DAG(s) 'silver_weather_dag' retrieved from /opt/airflow/dags/dag_silver_weather.py
[2026-07-02T03:10:18.835+0000] {logging_mixin.py:188} INFO - [2026-07-02T03:10:18.835+0000] {dag.py:3096} INFO - Sync 1 DAGs
[2026-07-02T03:10:18.847+0000] {logging_mixin.py:188} INFO - [2026-07-02T03:10:18.847+0000] {dag.py:3954} INFO - Setting next_dagrun for silver_weather_dag to None, run_after=None
[2026-07-02T03:10:18.859+0000] {processor.py:183} INFO - Processing /opt/airflow/dags/dag_silver_weather.py took 0.070 seconds
[2026-07-02T03:10:26.987+0000] {processor.py:161} INFO - Started process (PID=44819) to work on /opt/airflow/dags/dag_silver_weather.py
[2026-07-02T03:10:26.990+0000] {processor.py:830} INFO - Processing file /opt/airflow/dags/dag_silver_weather.py for tasks to queue
[2026-07-02T03:10:26.993+0000] {logging_mixin.py:188} INFO - [2026-07-02T03:10:26.992+0000] {dagbag.py:545} INFO - Filling up the DagBag from /opt/airflow/dags/dag_silver_weather.py
[2026-07-02T03:10:27.017+0000] {processor.py:840} INFO - DAG(s) 'silver_weather_dag' retrieved from /opt/airflow/dags/dag_silver_weather.py
[2026-07-02T03:10:27.056+0000] {logging_mixin.py:188} INFO - [2026-07-02T03:10:27.056+0000] {dag.py:3096} INFO - Sync 1 DAGs
[2026-07-02T03:10:27.071+0000] {logging_mixin.py:188} INFO - [2026-07-02T03:10:27.071+0000] {dag.py:3954} INFO - Setting next_dagrun for silver_weather_dag to None, run_after=None
[2026-07-02T03:10:27.085+0000] {processor.py:183} INFO - Processing /opt/airflow/dags/dag_silver_weather.py took 0.117 seconds
[2026-07-02T03:10:57.340+0000] {processor.py:161} INFO - Started process (PID=44856) to work on /opt/airflow/dags/dag_silver_weather.py
[2026-07-02T03:10:57.342+0000] {processor.py:830} INFO - Processing file /opt/airflow/dags/dag_silver_weather.py for tasks to queue
[2026-07-02T03:10:57.345+0000] {logging_mixin.py:188} INFO - [2026-07-02T03:10:57.345+0000] {dagbag.py:545} INFO - Filling up the DagBag from /opt/airflow/dags/dag_silver_weather.py
[2026-07-02T03:10:57.363+0000] {processor.py:840} INFO - DAG(s) 'silver_weather_dag' retrieved from /opt/airflow/dags/dag_silver_weather.py
[2026-07-02T03:10:57.390+0000] {logging_mixin.py:188} INFO - [2026-07-02T03:10:57.390+0000] {dag.py:3096} INFO - Sync 1 DAGs
[2026-07-02T03:10:57.406+0000] {logging_mixin.py:188} INFO - [2026-07-02T03:10:57.406+0000] {dag.py:3954} INFO - Setting next_dagrun for silver_weather_dag to None, run_after=None
[2026-07-02T03:10:57.418+0000] {processor.py:183} INFO - Processing /opt/airflow/dags/dag_silver_weather.py took 0.088 seconds
[2026-07-02T03:11:27.549+0000] {processor.py:161} INFO - Started process (PID=44893) to work on /opt/airflow/dags/dag_silver_weather.py
[2026-07-02T03:11:27.550+0000] {processor.py:830} INFO - Processing file /opt/airflow/dags/dag_silver_weather.py for tasks to queue
[2026-07-02T03:11:27.552+0000] {logging_mixin.py:188} INFO - [2026-07-02T03:11:27.551+0000] {dagbag.py:545} INFO - Filling up the DagBag from /opt/airflow/dags/dag_silver_weather.py
[2026-07-02T03:11:27.561+0000] {processor.py:840} INFO - DAG(s) 'silver_weather_dag' retrieved from /opt/airflow/dags/dag_silver_weather.py
[2026-07-02T03:11:27.579+0000] {logging_mixin.py:188} INFO - [2026-07-02T03:11:27.579+0000] {dag.py:3096} INFO - Sync 1 DAGs
[2026-07-02T03:11:27.590+0000] {logging_mixin.py:188} INFO - [2026-07-02T03:11:27.590+0000] {dag.py:3954} INFO - Setting next_dagrun for silver_weather_dag to None, run_after=None
[2026-07-02T03:11:27.600+0000] {processor.py:183} INFO - Processing /opt/airflow/dags/dag_silver_weather.py took 0.078 seconds
