[2026-07-02T00:48:23.692+0000] {processor.py:161} INFO - Started process (PID=41422) to work on /opt/airflow/dags/dag_tomorrowio.py
[2026-07-02T00:48:23.692+0000] {processor.py:830} INFO - Processing file /opt/airflow/dags/dag_tomorrowio.py for tasks to queue
[2026-07-02T00:48:23.693+0000] {logging_mixin.py:188} INFO - [2026-07-02T00:48:23.693+0000] {dagbag.py:545} INFO - Filling up the DagBag from /opt/airflow/dags/dag_tomorrowio.py
[2026-07-02T00:48:24.086+0000] {processor.py:840} INFO - DAG(s) 'weather_tomorrowio_pipeline' retrieved from /opt/airflow/dags/dag_tomorrowio.py
[2026-07-02T00:48:24.097+0000] {logging_mixin.py:188} INFO - [2026-07-02T00:48:24.097+0000] {dag.py:3096} INFO - Sync 1 DAGs
[2026-07-02T00:48:24.110+0000] {logging_mixin.py:188} INFO - [2026-07-02T00:48:24.110+0000] {dag.py:3954} INFO - Setting next_dagrun for weather_tomorrowio_pipeline to 2026-07-02 00:00:00+00:00, run_after=2026-07-02 01:00:00+00:00
[2026-07-02T00:48:24.122+0000] {processor.py:183} INFO - Processing /opt/airflow/dags/dag_tomorrowio.py took 0.433 seconds
[2026-07-02T01:58:51.393+0000] {processor.py:161} INFO - Started process (PID=42039) to work on /opt/airflow/dags/dag_tomorrowio.py
[2026-07-02T01:58:51.395+0000] {processor.py:830} INFO - Processing file /opt/airflow/dags/dag_tomorrowio.py for tasks to queue
[2026-07-02T01:58:51.397+0000] {logging_mixin.py:188} INFO - [2026-07-02T01:58:51.396+0000] {dagbag.py:545} INFO - Filling up the DagBag from /opt/airflow/dags/dag_tomorrowio.py
[2026-07-02T01:58:52.063+0000] {processor.py:840} INFO - DAG(s) 'weather_tomorrowio_pipeline' retrieved from /opt/airflow/dags/dag_tomorrowio.py
[2026-07-02T01:58:52.130+0000] {logging_mixin.py:188} INFO - [2026-07-02T01:58:52.129+0000] {dag.py:3096} INFO - Sync 1 DAGs
[2026-07-02T01:58:52.157+0000] {logging_mixin.py:188} INFO - [2026-07-02T01:58:52.156+0000] {dag.py:3954} INFO - Setting next_dagrun for weather_tomorrowio_pipeline to 2026-07-02 01:00:00+00:00, run_after=2026-07-02 02:00:00+00:00
[2026-07-02T01:58:52.192+0000] {processor.py:183} INFO - Processing /opt/airflow/dags/dag_tomorrowio.py took 0.807 seconds
[2026-07-02T02:32:09.589+0000] {processor.py:161} INFO - Started process (PID=42640) to work on /opt/airflow/dags/dag_tomorrowio.py
[2026-07-02T02:32:09.590+0000] {processor.py:830} INFO - Processing file /opt/airflow/dags/dag_tomorrowio.py for tasks to queue
[2026-07-02T02:32:09.591+0000] {logging_mixin.py:188} INFO - [2026-07-02T02:32:09.591+0000] {dagbag.py:545} INFO - Filling up the DagBag from /opt/airflow/dags/dag_tomorrowio.py
[2026-07-02T02:32:09.940+0000] {processor.py:840} INFO - DAG(s) 'weather_tomorrowio_pipeline' retrieved from /opt/airflow/dags/dag_tomorrowio.py
[2026-07-02T02:32:09.951+0000] {logging_mixin.py:188} INFO - [2026-07-02T02:32:09.951+0000] {dag.py:3096} INFO - Sync 1 DAGs
[2026-07-02T02:32:09.959+0000] {logging_mixin.py:188} INFO - [2026-07-02T02:32:09.959+0000] {dag.py:3954} INFO - Setting next_dagrun for weather_tomorrowio_pipeline to 2026-07-02 02:00:00+00:00, run_after=2026-07-02 03:00:00+00:00
[2026-07-02T02:32:09.966+0000] {processor.py:183} INFO - Processing /opt/airflow/dags/dag_tomorrowio.py took 0.383 seconds
[2026-07-02T02:42:06.577+0000] {processor.py:161} INFO - Started process (PID=43245) to work on /opt/airflow/dags/dag_tomorrowio.py
[2026-07-02T02:42:06.581+0000] {processor.py:830} INFO - Processing file /opt/airflow/dags/dag_tomorrowio.py for tasks to queue
[2026-07-02T02:42:06.584+0000] {logging_mixin.py:188} INFO - [2026-07-02T02:42:06.583+0000] {dagbag.py:545} INFO - Filling up the DagBag from /opt/airflow/dags/dag_tomorrowio.py
[2026-07-02T02:42:07.076+0000] {processor.py:840} INFO - DAG(s) 'weather_tomorrowio_pipeline' retrieved from /opt/airflow/dags/dag_tomorrowio.py
[2026-07-02T02:42:07.085+0000] {logging_mixin.py:188} INFO - [2026-07-02T02:42:07.085+0000] {dag.py:3096} INFO - Sync 1 DAGs
[2026-07-02T02:42:07.092+0000] {logging_mixin.py:188} INFO - [2026-07-02T02:42:07.092+0000] {dag.py:3954} INFO - Setting next_dagrun for weather_tomorrowio_pipeline to 2026-07-02 02:00:00+00:00, run_after=2026-07-02 03:00:00+00:00
[2026-07-02T02:42:07.100+0000] {processor.py:183} INFO - Processing /opt/airflow/dags/dag_tomorrowio.py took 0.531 seconds
[2026-07-02T02:47:30.184+0000] {processor.py:161} INFO - Started process (PID=43312) to work on /opt/airflow/dags/dag_tomorrowio.py
[2026-07-02T02:47:30.187+0000] {processor.py:830} INFO - Processing file /opt/airflow/dags/dag_tomorrowio.py for tasks to queue
[2026-07-02T02:47:30.193+0000] {logging_mixin.py:188} INFO - [2026-07-02T02:47:30.192+0000] {dagbag.py:545} INFO - Filling up the DagBag from /opt/airflow/dags/dag_tomorrowio.py
[2026-07-02T02:47:32.134+0000] {processor.py:840} INFO - DAG(s) 'weather_tomorrowio_pipeline' retrieved from /opt/airflow/dags/dag_tomorrowio.py
[2026-07-02T02:47:32.201+0000] {logging_mixin.py:188} INFO - [2026-07-02T02:47:32.200+0000] {dag.py:3096} INFO - Sync 1 DAGs
[2026-07-02T02:47:32.260+0000] {logging_mixin.py:188} INFO - [2026-07-02T02:47:32.259+0000] {dag.py:3954} INFO - Setting next_dagrun for weather_tomorrowio_pipeline to 2026-07-02 02:00:00+00:00, run_after=2026-07-02 03:00:00+00:00
[2026-07-02T02:47:32.311+0000] {processor.py:183} INFO - Processing /opt/airflow/dags/dag_tomorrowio.py took 2.149 seconds
[2026-07-02T02:58:15.333+0000] {processor.py:161} INFO - Started process (PID=43349) to work on /opt/airflow/dags/dag_tomorrowio.py
[2026-07-02T02:58:15.337+0000] {processor.py:830} INFO - Processing file /opt/airflow/dags/dag_tomorrowio.py for tasks to queue
[2026-07-02T02:58:15.342+0000] {logging_mixin.py:188} INFO - [2026-07-02T02:58:15.342+0000] {dagbag.py:545} INFO - Filling up the DagBag from /opt/airflow/dags/dag_tomorrowio.py
[2026-07-02T02:58:16.875+0000] {processor.py:840} INFO - DAG(s) 'weather_tomorrowio_pipeline' retrieved from /opt/airflow/dags/dag_tomorrowio.py
[2026-07-02T02:58:16.920+0000] {logging_mixin.py:188} INFO - [2026-07-02T02:58:16.919+0000] {dag.py:3096} INFO - Sync 1 DAGs
[2026-07-02T02:58:16.950+0000] {logging_mixin.py:188} INFO - [2026-07-02T02:58:16.950+0000] {dag.py:3954} INFO - Setting next_dagrun for weather_tomorrowio_pipeline to 2026-07-02 02:00:00+00:00, run_after=2026-07-02 03:00:00+00:00
[2026-07-02T02:58:16.973+0000] {processor.py:183} INFO - Processing /opt/airflow/dags/dag_tomorrowio.py took 1.651 seconds
[2026-07-02T02:59:48.228+0000] {processor.py:161} INFO - Started process (PID=43392) to work on /opt/airflow/dags/dag_tomorrowio.py
[2026-07-02T02:59:48.229+0000] {processor.py:830} INFO - Processing file /opt/airflow/dags/dag_tomorrowio.py for tasks to queue
[2026-07-02T02:59:48.232+0000] {logging_mixin.py:188} INFO - [2026-07-02T02:59:48.231+0000] {dagbag.py:545} INFO - Filling up the DagBag from /opt/airflow/dags/dag_tomorrowio.py
[2026-07-02T02:59:49.078+0000] {processor.py:840} INFO - DAG(s) 'weather_tomorrowio_pipeline' retrieved from /opt/airflow/dags/dag_tomorrowio.py
[2026-07-02T02:59:49.088+0000] {logging_mixin.py:188} INFO - [2026-07-02T02:59:49.088+0000] {dag.py:3096} INFO - Sync 1 DAGs
[2026-07-02T02:59:49.097+0000] {logging_mixin.py:188} INFO - [2026-07-02T02:59:49.097+0000] {dag.py:3954} INFO - Setting next_dagrun for weather_tomorrowio_pipeline to 2026-07-02 02:00:00+00:00, run_after=2026-07-02 03:00:00+00:00
[2026-07-02T02:59:49.106+0000] {processor.py:183} INFO - Processing /opt/airflow/dags/dag_tomorrowio.py took 0.887 seconds
[2026-07-02T03:00:19.667+0000] {processor.py:161} INFO - Started process (PID=43991) to work on /opt/airflow/dags/dag_tomorrowio.py
[2026-07-02T03:00:19.668+0000] {processor.py:830} INFO - Processing file /opt/airflow/dags/dag_tomorrowio.py for tasks to queue
[2026-07-02T03:00:19.670+0000] {logging_mixin.py:188} INFO - [2026-07-02T03:00:19.669+0000] {dagbag.py:545} INFO - Filling up the DagBag from /opt/airflow/dags/dag_tomorrowio.py
[2026-07-02T03:00:20.153+0000] {processor.py:840} INFO - DAG(s) 'weather_tomorrowio_pipeline' retrieved from /opt/airflow/dags/dag_tomorrowio.py
[2026-07-02T03:00:20.197+0000] {logging_mixin.py:188} INFO - [2026-07-02T03:00:20.197+0000] {dag.py:3096} INFO - Sync 1 DAGs
[2026-07-02T03:00:20.222+0000] {logging_mixin.py:188} INFO - [2026-07-02T03:00:20.221+0000] {dag.py:3954} INFO - Setting next_dagrun for weather_tomorrowio_pipeline to 2026-07-02 03:00:00+00:00, run_after=2026-07-02 04:00:00+00:00
[2026-07-02T03:00:20.251+0000] {processor.py:183} INFO - Processing /opt/airflow/dags/dag_tomorrowio.py took 0.596 seconds
[2026-07-02T03:00:51.023+0000] {processor.py:161} INFO - Started process (PID=44070) to work on /opt/airflow/dags/dag_tomorrowio.py
[2026-07-02T03:00:51.025+0000] {processor.py:830} INFO - Processing file /opt/airflow/dags/dag_tomorrowio.py for tasks to queue
[2026-07-02T03:00:51.030+0000] {logging_mixin.py:188} INFO - [2026-07-02T03:00:51.029+0000] {dagbag.py:545} INFO - Filling up the DagBag from /opt/airflow/dags/dag_tomorrowio.py
[2026-07-02T03:00:51.603+0000] {processor.py:840} INFO - DAG(s) 'weather_tomorrowio_pipeline' retrieved from /opt/airflow/dags/dag_tomorrowio.py
[2026-07-02T03:00:51.624+0000] {logging_mixin.py:188} INFO - [2026-07-02T03:00:51.624+0000] {dag.py:3096} INFO - Sync 1 DAGs
[2026-07-02T03:00:51.646+0000] {logging_mixin.py:188} INFO - [2026-07-02T03:00:51.646+0000] {dag.py:3954} INFO - Setting next_dagrun for weather_tomorrowio_pipeline to 2026-07-02 03:00:00+00:00, run_after=2026-07-02 04:00:00+00:00
[2026-07-02T03:00:51.655+0000] {processor.py:183} INFO - Processing /opt/airflow/dags/dag_tomorrowio.py took 0.639 seconds
[2026-07-02T03:01:22.304+0000] {processor.py:161} INFO - Started process (PID=44107) to work on /opt/airflow/dags/dag_tomorrowio.py
[2026-07-02T03:01:22.306+0000] {processor.py:830} INFO - Processing file /opt/airflow/dags/dag_tomorrowio.py for tasks to queue
[2026-07-02T03:01:22.307+0000] {logging_mixin.py:188} INFO - [2026-07-02T03:01:22.307+0000] {dagbag.py:545} INFO - Filling up the DagBag from /opt/airflow/dags/dag_tomorrowio.py
[2026-07-02T03:01:22.679+0000] {processor.py:840} INFO - DAG(s) 'weather_tomorrowio_pipeline' retrieved from /opt/airflow/dags/dag_tomorrowio.py
[2026-07-02T03:01:22.690+0000] {logging_mixin.py:188} INFO - [2026-07-02T03:01:22.690+0000] {dag.py:3096} INFO - Sync 1 DAGs
[2026-07-02T03:01:22.699+0000] {logging_mixin.py:188} INFO - [2026-07-02T03:01:22.699+0000] {dag.py:3954} INFO - Setting next_dagrun for weather_tomorrowio_pipeline to 2026-07-02 03:00:00+00:00, run_after=2026-07-02 04:00:00+00:00
[2026-07-02T03:01:22.710+0000] {processor.py:183} INFO - Processing /opt/airflow/dags/dag_tomorrowio.py took 0.411 seconds
[2026-07-02T03:01:53.366+0000] {processor.py:161} INFO - Started process (PID=44144) to work on /opt/airflow/dags/dag_tomorrowio.py
[2026-07-02T03:01:53.368+0000] {processor.py:830} INFO - Processing file /opt/airflow/dags/dag_tomorrowio.py for tasks to queue
[2026-07-02T03:01:53.371+0000] {logging_mixin.py:188} INFO - [2026-07-02T03:01:53.371+0000] {dagbag.py:545} INFO - Filling up the DagBag from /opt/airflow/dags/dag_tomorrowio.py
[2026-07-02T03:01:53.928+0000] {processor.py:840} INFO - DAG(s) 'weather_tomorrowio_pipeline' retrieved from /opt/airflow/dags/dag_tomorrowio.py
[2026-07-02T03:01:53.945+0000] {logging_mixin.py:188} INFO - [2026-07-02T03:01:53.945+0000] {dag.py:3096} INFO - Sync 1 DAGs
[2026-07-02T03:01:53.958+0000] {logging_mixin.py:188} INFO - [2026-07-02T03:01:53.957+0000] {dag.py:3954} INFO - Setting next_dagrun for weather_tomorrowio_pipeline to 2026-07-02 03:00:00+00:00, run_after=2026-07-02 04:00:00+00:00
[2026-07-02T03:01:53.967+0000] {processor.py:183} INFO - Processing /opt/airflow/dags/dag_tomorrowio.py took 0.612 seconds
[2026-07-02T03:02:24.594+0000] {processor.py:161} INFO - Started process (PID=44214) to work on /opt/airflow/dags/dag_tomorrowio.py
[2026-07-02T03:02:24.595+0000] {processor.py:830} INFO - Processing file /opt/airflow/dags/dag_tomorrowio.py for tasks to queue
[2026-07-02T03:02:24.596+0000] {logging_mixin.py:188} INFO - [2026-07-02T03:02:24.596+0000] {dagbag.py:545} INFO - Filling up the DagBag from /opt/airflow/dags/dag_tomorrowio.py
[2026-07-02T03:02:25.070+0000] {processor.py:840} INFO - DAG(s) 'weather_tomorrowio_pipeline' retrieved from /opt/airflow/dags/dag_tomorrowio.py
[2026-07-02T03:02:25.082+0000] {logging_mixin.py:188} INFO - [2026-07-02T03:02:25.082+0000] {dag.py:3096} INFO - Sync 1 DAGs
[2026-07-02T03:02:25.090+0000] {logging_mixin.py:188} INFO - [2026-07-02T03:02:25.090+0000] {dag.py:3954} INFO - Setting next_dagrun for weather_tomorrowio_pipeline to 2026-07-02 03:00:00+00:00, run_after=2026-07-02 04:00:00+00:00
[2026-07-02T03:02:25.098+0000] {processor.py:183} INFO - Processing /opt/airflow/dags/dag_tomorrowio.py took 0.511 seconds
[2026-07-02T03:02:55.700+0000] {processor.py:161} INFO - Started process (PID=44251) to work on /opt/airflow/dags/dag_tomorrowio.py
[2026-07-02T03:02:55.703+0000] {processor.py:830} INFO - Processing file /opt/airflow/dags/dag_tomorrowio.py for tasks to queue
[2026-07-02T03:02:55.705+0000] {logging_mixin.py:188} INFO - [2026-07-02T03:02:55.705+0000] {dagbag.py:545} INFO - Filling up the DagBag from /opt/airflow/dags/dag_tomorrowio.py
[2026-07-02T03:02:56.180+0000] {processor.py:840} INFO - DAG(s) 'weather_tomorrowio_pipeline' retrieved from /opt/airflow/dags/dag_tomorrowio.py
[2026-07-02T03:02:56.222+0000] {logging_mixin.py:188} INFO - [2026-07-02T03:02:56.221+0000] {dag.py:3096} INFO - Sync 1 DAGs
[2026-07-02T03:02:56.238+0000] {logging_mixin.py:188} INFO - [2026-07-02T03:02:56.238+0000] {dag.py:3954} INFO - Setting next_dagrun for weather_tomorrowio_pipeline to 2026-07-02 03:00:00+00:00, run_after=2026-07-02 04:00:00+00:00
[2026-07-02T03:02:56.251+0000] {processor.py:183} INFO - Processing /opt/airflow/dags/dag_tomorrowio.py took 0.561 seconds
[2026-07-02T03:03:26.985+0000] {processor.py:161} INFO - Started process (PID=44288) to work on /opt/airflow/dags/dag_tomorrowio.py
[2026-07-02T03:03:26.987+0000] {processor.py:830} INFO - Processing file /opt/airflow/dags/dag_tomorrowio.py for tasks to queue
[2026-07-02T03:03:26.988+0000] {logging_mixin.py:188} INFO - [2026-07-02T03:03:26.988+0000] {dagbag.py:545} INFO - Filling up the DagBag from /opt/airflow/dags/dag_tomorrowio.py
[2026-07-02T03:03:27.506+0000] {processor.py:840} INFO - DAG(s) 'weather_tomorrowio_pipeline' retrieved from /opt/airflow/dags/dag_tomorrowio.py
[2026-07-02T03:03:27.524+0000] {logging_mixin.py:188} INFO - [2026-07-02T03:03:27.524+0000] {dag.py:3096} INFO - Sync 1 DAGs
[2026-07-02T03:03:27.541+0000] {logging_mixin.py:188} INFO - [2026-07-02T03:03:27.541+0000] {dag.py:3954} INFO - Setting next_dagrun for weather_tomorrowio_pipeline to 2026-07-02 03:00:00+00:00, run_after=2026-07-02 04:00:00+00:00
[2026-07-02T03:03:27.557+0000] {processor.py:183} INFO - Processing /opt/airflow/dags/dag_tomorrowio.py took 0.583 seconds
[2026-07-02T03:03:58.217+0000] {processor.py:161} INFO - Started process (PID=44325) to work on /opt/airflow/dags/dag_tomorrowio.py
[2026-07-02T03:03:58.220+0000] {processor.py:830} INFO - Processing file /opt/airflow/dags/dag_tomorrowio.py for tasks to queue
[2026-07-02T03:03:58.222+0000] {logging_mixin.py:188} INFO - [2026-07-02T03:03:58.222+0000] {dagbag.py:545} INFO - Filling up the DagBag from /opt/airflow/dags/dag_tomorrowio.py
[2026-07-02T03:03:58.734+0000] {processor.py:840} INFO - DAG(s) 'weather_tomorrowio_pipeline' retrieved from /opt/airflow/dags/dag_tomorrowio.py
[2026-07-02T03:03:58.747+0000] {logging_mixin.py:188} INFO - [2026-07-02T03:03:58.747+0000] {dag.py:3096} INFO - Sync 1 DAGs
[2026-07-02T03:03:58.758+0000] {logging_mixin.py:188} INFO - [2026-07-02T03:03:58.757+0000] {dag.py:3954} INFO - Setting next_dagrun for weather_tomorrowio_pipeline to 2026-07-02 03:00:00+00:00, run_after=2026-07-02 04:00:00+00:00
[2026-07-02T03:03:58.770+0000] {processor.py:183} INFO - Processing /opt/airflow/dags/dag_tomorrowio.py took 0.563 seconds
[2026-07-02T03:04:29.698+0000] {processor.py:161} INFO - Started process (PID=44361) to work on /opt/airflow/dags/dag_tomorrowio.py
[2026-07-02T03:04:29.704+0000] {processor.py:830} INFO - Processing file /opt/airflow/dags/dag_tomorrowio.py for tasks to queue
[2026-07-02T03:04:29.708+0000] {logging_mixin.py:188} INFO - [2026-07-02T03:04:29.708+0000] {dagbag.py:545} INFO - Filling up the DagBag from /opt/airflow/dags/dag_tomorrowio.py
[2026-07-02T03:04:30.245+0000] {processor.py:840} INFO - DAG(s) 'weather_tomorrowio_pipeline' retrieved from /opt/airflow/dags/dag_tomorrowio.py
[2026-07-02T03:04:30.266+0000] {logging_mixin.py:188} INFO - [2026-07-02T03:04:30.266+0000] {dag.py:3096} INFO - Sync 1 DAGs
[2026-07-02T03:04:30.284+0000] {logging_mixin.py:188} INFO - [2026-07-02T03:04:30.283+0000] {dag.py:3954} INFO - Setting next_dagrun for weather_tomorrowio_pipeline to 2026-07-02 03:00:00+00:00, run_after=2026-07-02 04:00:00+00:00
[2026-07-02T03:04:30.292+0000] {processor.py:183} INFO - Processing /opt/airflow/dags/dag_tomorrowio.py took 0.615 seconds
[2026-07-02T03:04:40.592+0000] {processor.py:161} INFO - Started process (PID=44376) to work on /opt/airflow/dags/dag_tomorrowio.py
[2026-07-02T03:04:40.594+0000] {processor.py:830} INFO - Processing file /opt/airflow/dags/dag_tomorrowio.py for tasks to queue
[2026-07-02T03:04:40.596+0000] {logging_mixin.py:188} INFO - [2026-07-02T03:04:40.596+0000] {dagbag.py:545} INFO - Filling up the DagBag from /opt/airflow/dags/dag_tomorrowio.py
[2026-07-02T03:04:41.221+0000] {processor.py:840} INFO - DAG(s) 'weather_tomorrowio_pipeline' retrieved from /opt/airflow/dags/dag_tomorrowio.py
[2026-07-02T03:04:41.248+0000] {logging_mixin.py:188} INFO - [2026-07-02T03:04:41.246+0000] {dag.py:3096} INFO - Sync 1 DAGs
[2026-07-02T03:04:41.344+0000] {logging_mixin.py:188} INFO - [2026-07-02T03:04:41.343+0000] {dag.py:3954} INFO - Setting next_dagrun for weather_tomorrowio_pipeline to 2026-07-02 03:00:00+00:00, run_after=2026-07-02 04:00:00+00:00
[2026-07-02T03:04:41.362+0000] {processor.py:183} INFO - Processing /opt/airflow/dags/dag_tomorrowio.py took 0.790 seconds
[2026-07-02T03:05:11.760+0000] {processor.py:161} INFO - Started process (PID=44413) to work on /opt/airflow/dags/dag_tomorrowio.py
[2026-07-02T03:05:11.761+0000] {processor.py:830} INFO - Processing file /opt/airflow/dags/dag_tomorrowio.py for tasks to queue
[2026-07-02T03:05:11.762+0000] {logging_mixin.py:188} INFO - [2026-07-02T03:05:11.762+0000] {dagbag.py:545} INFO - Filling up the DagBag from /opt/airflow/dags/dag_tomorrowio.py
[2026-07-02T03:05:12.013+0000] {processor.py:840} INFO - DAG(s) 'weather_tomorrowio_pipeline' retrieved from /opt/airflow/dags/dag_tomorrowio.py
[2026-07-02T03:05:12.022+0000] {logging_mixin.py:188} INFO - [2026-07-02T03:05:12.022+0000] {dag.py:3096} INFO - Sync 1 DAGs
[2026-07-02T03:05:12.030+0000] {logging_mixin.py:188} INFO - [2026-07-02T03:05:12.030+0000] {dag.py:3954} INFO - Setting next_dagrun for weather_tomorrowio_pipeline to 2026-07-02 03:00:00+00:00, run_after=2026-07-02 04:00:00+00:00
[2026-07-02T03:05:12.037+0000] {processor.py:183} INFO - Processing /opt/airflow/dags/dag_tomorrowio.py took 0.282 seconds
[2026-07-02T03:05:42.479+0000] {processor.py:161} INFO - Started process (PID=44450) to work on /opt/airflow/dags/dag_tomorrowio.py
[2026-07-02T03:05:42.481+0000] {processor.py:830} INFO - Processing file /opt/airflow/dags/dag_tomorrowio.py for tasks to queue
[2026-07-02T03:05:42.497+0000] {logging_mixin.py:188} INFO - [2026-07-02T03:05:42.490+0000] {dagbag.py:545} INFO - Filling up the DagBag from /opt/airflow/dags/dag_tomorrowio.py
[2026-07-02T03:05:43.011+0000] {processor.py:840} INFO - DAG(s) 'weather_tomorrowio_pipeline' retrieved from /opt/airflow/dags/dag_tomorrowio.py
[2026-07-02T03:05:43.037+0000] {logging_mixin.py:188} INFO - [2026-07-02T03:05:43.037+0000] {dag.py:3096} INFO - Sync 1 DAGs
[2026-07-02T03:05:43.047+0000] {logging_mixin.py:188} INFO - [2026-07-02T03:05:43.047+0000] {dag.py:3954} INFO - Setting next_dagrun for weather_tomorrowio_pipeline to 2026-07-02 03:00:00+00:00, run_after=2026-07-02 04:00:00+00:00
[2026-07-02T03:05:43.056+0000] {processor.py:183} INFO - Processing /opt/airflow/dags/dag_tomorrowio.py took 0.593 seconds
[2026-07-02T03:06:13.144+0000] {processor.py:161} INFO - Started process (PID=44487) to work on /opt/airflow/dags/dag_tomorrowio.py
[2026-07-02T03:06:13.146+0000] {processor.py:830} INFO - Processing file /opt/airflow/dags/dag_tomorrowio.py for tasks to queue
[2026-07-02T03:06:13.153+0000] {logging_mixin.py:188} INFO - [2026-07-02T03:06:13.152+0000] {dagbag.py:545} INFO - Filling up the DagBag from /opt/airflow/dags/dag_tomorrowio.py
[2026-07-02T03:06:13.468+0000] {processor.py:840} INFO - DAG(s) 'weather_tomorrowio_pipeline' retrieved from /opt/airflow/dags/dag_tomorrowio.py
[2026-07-02T03:06:13.479+0000] {logging_mixin.py:188} INFO - [2026-07-02T03:06:13.479+0000] {dag.py:3096} INFO - Sync 1 DAGs
[2026-07-02T03:06:13.488+0000] {logging_mixin.py:188} INFO - [2026-07-02T03:06:13.488+0000] {dag.py:3954} INFO - Setting next_dagrun for weather_tomorrowio_pipeline to 2026-07-02 03:00:00+00:00, run_after=2026-07-02 04:00:00+00:00
[2026-07-02T03:06:13.495+0000] {processor.py:183} INFO - Processing /opt/airflow/dags/dag_tomorrowio.py took 0.365 seconds
[2026-07-02T03:06:44.080+0000] {processor.py:161} INFO - Started process (PID=44524) to work on /opt/airflow/dags/dag_tomorrowio.py
[2026-07-02T03:06:44.082+0000] {processor.py:830} INFO - Processing file /opt/airflow/dags/dag_tomorrowio.py for tasks to queue
[2026-07-02T03:06:44.092+0000] {logging_mixin.py:188} INFO - [2026-07-02T03:06:44.091+0000] {dagbag.py:545} INFO - Filling up the DagBag from /opt/airflow/dags/dag_tomorrowio.py
[2026-07-02T03:06:44.543+0000] {processor.py:840} INFO - DAG(s) 'weather_tomorrowio_pipeline' retrieved from /opt/airflow/dags/dag_tomorrowio.py
[2026-07-02T03:06:44.559+0000] {logging_mixin.py:188} INFO - [2026-07-02T03:06:44.558+0000] {dag.py:3096} INFO - Sync 1 DAGs
[2026-07-02T03:06:44.568+0000] {logging_mixin.py:188} INFO - [2026-07-02T03:06:44.568+0000] {dag.py:3954} INFO - Setting next_dagrun for weather_tomorrowio_pipeline to 2026-07-02 03:00:00+00:00, run_after=2026-07-02 04:00:00+00:00
[2026-07-02T03:06:44.576+0000] {processor.py:183} INFO - Processing /opt/airflow/dags/dag_tomorrowio.py took 0.512 seconds
[2026-07-02T03:07:15.146+0000] {processor.py:161} INFO - Started process (PID=44561) to work on /opt/airflow/dags/dag_tomorrowio.py
[2026-07-02T03:07:15.148+0000] {processor.py:830} INFO - Processing file /opt/airflow/dags/dag_tomorrowio.py for tasks to queue
[2026-07-02T03:07:15.151+0000] {logging_mixin.py:188} INFO - [2026-07-02T03:07:15.151+0000] {dagbag.py:545} INFO - Filling up the DagBag from /opt/airflow/dags/dag_tomorrowio.py
[2026-07-02T03:07:15.451+0000] {processor.py:840} INFO - DAG(s) 'weather_tomorrowio_pipeline' retrieved from /opt/airflow/dags/dag_tomorrowio.py
[2026-07-02T03:07:15.460+0000] {logging_mixin.py:188} INFO - [2026-07-02T03:07:15.460+0000] {dag.py:3096} INFO - Sync 1 DAGs
[2026-07-02T03:07:15.467+0000] {logging_mixin.py:188} INFO - [2026-07-02T03:07:15.467+0000] {dag.py:3954} INFO - Setting next_dagrun for weather_tomorrowio_pipeline to 2026-07-02 03:00:00+00:00, run_after=2026-07-02 04:00:00+00:00
[2026-07-02T03:07:15.475+0000] {processor.py:183} INFO - Processing /opt/airflow/dags/dag_tomorrowio.py took 0.340 seconds
[2026-07-02T03:07:45.715+0000] {processor.py:161} INFO - Started process (PID=44598) to work on /opt/airflow/dags/dag_tomorrowio.py
[2026-07-02T03:07:45.717+0000] {processor.py:830} INFO - Processing file /opt/airflow/dags/dag_tomorrowio.py for tasks to queue
[2026-07-02T03:07:45.720+0000] {logging_mixin.py:188} INFO - [2026-07-02T03:07:45.719+0000] {dagbag.py:545} INFO - Filling up the DagBag from /opt/airflow/dags/dag_tomorrowio.py
[2026-07-02T03:07:46.269+0000] {processor.py:840} INFO - DAG(s) 'weather_tomorrowio_pipeline' retrieved from /opt/airflow/dags/dag_tomorrowio.py
[2026-07-02T03:07:46.287+0000] {logging_mixin.py:188} INFO - [2026-07-02T03:07:46.287+0000] {dag.py:3096} INFO - Sync 1 DAGs
[2026-07-02T03:07:46.300+0000] {logging_mixin.py:188} INFO - [2026-07-02T03:07:46.299+0000] {dag.py:3954} INFO - Setting next_dagrun for weather_tomorrowio_pipeline to 2026-07-02 03:00:00+00:00, run_after=2026-07-02 04:00:00+00:00
[2026-07-02T03:07:46.311+0000] {processor.py:183} INFO - Processing /opt/airflow/dags/dag_tomorrowio.py took 0.608 seconds
[2026-07-02T03:08:17.015+0000] {processor.py:161} INFO - Started process (PID=44635) to work on /opt/airflow/dags/dag_tomorrowio.py
[2026-07-02T03:08:17.016+0000] {processor.py:830} INFO - Processing file /opt/airflow/dags/dag_tomorrowio.py for tasks to queue
[2026-07-02T03:08:17.019+0000] {logging_mixin.py:188} INFO - [2026-07-02T03:08:17.019+0000] {dagbag.py:545} INFO - Filling up the DagBag from /opt/airflow/dags/dag_tomorrowio.py
[2026-07-02T03:08:17.425+0000] {processor.py:840} INFO - DAG(s) 'weather_tomorrowio_pipeline' retrieved from /opt/airflow/dags/dag_tomorrowio.py
[2026-07-02T03:08:17.443+0000] {logging_mixin.py:188} INFO - [2026-07-02T03:08:17.442+0000] {dag.py:3096} INFO - Sync 1 DAGs
[2026-07-02T03:08:17.451+0000] {logging_mixin.py:188} INFO - [2026-07-02T03:08:17.451+0000] {dag.py:3954} INFO - Setting next_dagrun for weather_tomorrowio_pipeline to 2026-07-02 03:00:00+00:00, run_after=2026-07-02 04:00:00+00:00
[2026-07-02T03:08:17.459+0000] {processor.py:183} INFO - Processing /opt/airflow/dags/dag_tomorrowio.py took 0.459 seconds
[2026-07-02T03:08:47.796+0000] {processor.py:161} INFO - Started process (PID=44672) to work on /opt/airflow/dags/dag_tomorrowio.py
[2026-07-02T03:08:47.800+0000] {processor.py:830} INFO - Processing file /opt/airflow/dags/dag_tomorrowio.py for tasks to queue
[2026-07-02T03:08:47.806+0000] {logging_mixin.py:188} INFO - [2026-07-02T03:08:47.803+0000] {dagbag.py:545} INFO - Filling up the DagBag from /opt/airflow/dags/dag_tomorrowio.py
[2026-07-02T03:08:48.385+0000] {processor.py:840} INFO - DAG(s) 'weather_tomorrowio_pipeline' retrieved from /opt/airflow/dags/dag_tomorrowio.py
[2026-07-02T03:08:48.418+0000] {logging_mixin.py:188} INFO - [2026-07-02T03:08:48.418+0000] {dag.py:3096} INFO - Sync 1 DAGs
[2026-07-02T03:08:48.432+0000] {logging_mixin.py:188} INFO - [2026-07-02T03:08:48.432+0000] {dag.py:3954} INFO - Setting next_dagrun for weather_tomorrowio_pipeline to 2026-07-02 03:00:00+00:00, run_after=2026-07-02 04:00:00+00:00
[2026-07-02T03:08:48.445+0000] {processor.py:183} INFO - Processing /opt/airflow/dags/dag_tomorrowio.py took 0.666 seconds
[2026-07-02T03:09:18.709+0000] {processor.py:161} INFO - Started process (PID=44709) to work on /opt/airflow/dags/dag_tomorrowio.py
[2026-07-02T03:09:18.711+0000] {processor.py:830} INFO - Processing file /opt/airflow/dags/dag_tomorrowio.py for tasks to queue
[2026-07-02T03:09:18.716+0000] {logging_mixin.py:188} INFO - [2026-07-02T03:09:18.715+0000] {dagbag.py:545} INFO - Filling up the DagBag from /opt/airflow/dags/dag_tomorrowio.py
[2026-07-02T03:09:18.914+0000] {processor.py:840} INFO - DAG(s) 'weather_tomorrowio_pipeline' retrieved from /opt/airflow/dags/dag_tomorrowio.py
[2026-07-02T03:09:18.923+0000] {logging_mixin.py:188} INFO - [2026-07-02T03:09:18.923+0000] {dag.py:3096} INFO - Sync 1 DAGs
[2026-07-02T03:09:18.931+0000] {logging_mixin.py:188} INFO - [2026-07-02T03:09:18.931+0000] {dag.py:3954} INFO - Setting next_dagrun for weather_tomorrowio_pipeline to 2026-07-02 03:00:00+00:00, run_after=2026-07-02 04:00:00+00:00
[2026-07-02T03:09:18.946+0000] {processor.py:183} INFO - Processing /opt/airflow/dags/dag_tomorrowio.py took 0.246 seconds
[2026-07-02T03:09:49.335+0000] {processor.py:161} INFO - Started process (PID=44751) to work on /opt/airflow/dags/dag_tomorrowio.py
[2026-07-02T03:09:49.336+0000] {processor.py:830} INFO - Processing file /opt/airflow/dags/dag_tomorrowio.py for tasks to queue
[2026-07-02T03:09:49.339+0000] {logging_mixin.py:188} INFO - [2026-07-02T03:09:49.338+0000] {dagbag.py:545} INFO - Filling up the DagBag from /opt/airflow/dags/dag_tomorrowio.py
[2026-07-02T03:09:49.834+0000] {processor.py:840} INFO - DAG(s) 'weather_tomorrowio_pipeline' retrieved from /opt/airflow/dags/dag_tomorrowio.py
[2026-07-02T03:09:49.852+0000] {logging_mixin.py:188} INFO - [2026-07-02T03:09:49.852+0000] {dag.py:3096} INFO - Sync 1 DAGs
[2026-07-02T03:09:49.865+0000] {logging_mixin.py:188} INFO - [2026-07-02T03:09:49.865+0000] {dag.py:3954} INFO - Setting next_dagrun for weather_tomorrowio_pipeline to 2026-07-02 03:00:00+00:00, run_after=2026-07-02 04:00:00+00:00
[2026-07-02T03:09:49.876+0000] {processor.py:183} INFO - Processing /opt/airflow/dags/dag_tomorrowio.py took 0.560 seconds
[2026-07-02T03:10:20.855+0000] {processor.py:161} INFO - Started process (PID=44813) to work on /opt/airflow/dags/dag_tomorrowio.py
[2026-07-02T03:10:20.857+0000] {processor.py:830} INFO - Processing file /opt/airflow/dags/dag_tomorrowio.py for tasks to queue
[2026-07-02T03:10:20.858+0000] {logging_mixin.py:188} INFO - [2026-07-02T03:10:20.858+0000] {dagbag.py:545} INFO - Filling up the DagBag from /opt/airflow/dags/dag_tomorrowio.py
[2026-07-02T03:10:21.224+0000] {processor.py:840} INFO - DAG(s) 'weather_tomorrowio_pipeline' retrieved from /opt/airflow/dags/dag_tomorrowio.py
[2026-07-02T03:10:21.235+0000] {logging_mixin.py:188} INFO - [2026-07-02T03:10:21.235+0000] {dag.py:3096} INFO - Sync 1 DAGs
[2026-07-02T03:10:21.246+0000] {logging_mixin.py:188} INFO - [2026-07-02T03:10:21.246+0000] {dag.py:3954} INFO - Setting next_dagrun for weather_tomorrowio_pipeline to 2026-07-02 03:00:00+00:00, run_after=2026-07-02 04:00:00+00:00
[2026-07-02T03:10:21.253+0000] {processor.py:183} INFO - Processing /opt/airflow/dags/dag_tomorrowio.py took 0.408 seconds
[2026-07-02T03:10:51.444+0000] {processor.py:161} INFO - Started process (PID=44850) to work on /opt/airflow/dags/dag_tomorrowio.py
[2026-07-02T03:10:51.445+0000] {processor.py:830} INFO - Processing file /opt/airflow/dags/dag_tomorrowio.py for tasks to queue
[2026-07-02T03:10:51.448+0000] {logging_mixin.py:188} INFO - [2026-07-02T03:10:51.447+0000] {dagbag.py:545} INFO - Filling up the DagBag from /opt/airflow/dags/dag_tomorrowio.py
[2026-07-02T03:10:52.191+0000] {processor.py:840} INFO - DAG(s) 'weather_tomorrowio_pipeline' retrieved from /opt/airflow/dags/dag_tomorrowio.py
[2026-07-02T03:10:52.210+0000] {logging_mixin.py:188} INFO - [2026-07-02T03:10:52.210+0000] {dag.py:3096} INFO - Sync 1 DAGs
[2026-07-02T03:10:52.222+0000] {logging_mixin.py:188} INFO - [2026-07-02T03:10:52.222+0000] {dag.py:3954} INFO - Setting next_dagrun for weather_tomorrowio_pipeline to 2026-07-02 03:00:00+00:00, run_after=2026-07-02 04:00:00+00:00
[2026-07-02T03:10:52.233+0000] {processor.py:183} INFO - Processing /opt/airflow/dags/dag_tomorrowio.py took 0.802 seconds
[2026-07-02T03:11:22.718+0000] {processor.py:161} INFO - Started process (PID=44887) to work on /opt/airflow/dags/dag_tomorrowio.py
[2026-07-02T03:11:22.718+0000] {processor.py:830} INFO - Processing file /opt/airflow/dags/dag_tomorrowio.py for tasks to queue
[2026-07-02T03:11:22.721+0000] {logging_mixin.py:188} INFO - [2026-07-02T03:11:22.720+0000] {dagbag.py:545} INFO - Filling up the DagBag from /opt/airflow/dags/dag_tomorrowio.py
[2026-07-02T03:11:23.421+0000] {processor.py:840} INFO - DAG(s) 'weather_tomorrowio_pipeline' retrieved from /opt/airflow/dags/dag_tomorrowio.py
[2026-07-02T03:11:23.435+0000] {logging_mixin.py:188} INFO - [2026-07-02T03:11:23.434+0000] {dag.py:3096} INFO - Sync 1 DAGs
[2026-07-02T03:11:23.443+0000] {logging_mixin.py:188} INFO - [2026-07-02T03:11:23.443+0000] {dag.py:3954} INFO - Setting next_dagrun for weather_tomorrowio_pipeline to 2026-07-02 03:00:00+00:00, run_after=2026-07-02 04:00:00+00:00
[2026-07-02T03:11:23.450+0000] {processor.py:183} INFO - Processing /opt/airflow/dags/dag_tomorrowio.py took 0.739 seconds
[2026-07-02T03:11:53.951+0000] {processor.py:161} INFO - Started process (PID=44924) to work on /opt/airflow/dags/dag_tomorrowio.py
[2026-07-02T03:11:53.952+0000] {processor.py:830} INFO - Processing file /opt/airflow/dags/dag_tomorrowio.py for tasks to queue
[2026-07-02T03:11:53.954+0000] {logging_mixin.py:188} INFO - [2026-07-02T03:11:53.954+0000] {dagbag.py:545} INFO - Filling up the DagBag from /opt/airflow/dags/dag_tomorrowio.py
[2026-07-02T03:11:54.377+0000] {processor.py:840} INFO - DAG(s) 'weather_tomorrowio_pipeline' retrieved from /opt/airflow/dags/dag_tomorrowio.py
[2026-07-02T03:11:54.398+0000] {logging_mixin.py:188} INFO - [2026-07-02T03:11:54.397+0000] {dag.py:3096} INFO - Sync 1 DAGs
[2026-07-02T03:11:54.408+0000] {logging_mixin.py:188} INFO - [2026-07-02T03:11:54.408+0000] {dag.py:3954} INFO - Setting next_dagrun for weather_tomorrowio_pipeline to 2026-07-02 03:00:00+00:00, run_after=2026-07-02 04:00:00+00:00
[2026-07-02T03:11:54.417+0000] {processor.py:183} INFO - Processing /opt/airflow/dags/dag_tomorrowio.py took 0.475 seconds
[2026-07-02T03:12:24.943+0000] {processor.py:161} INFO - Started process (PID=44961) to work on /opt/airflow/dags/dag_tomorrowio.py
[2026-07-02T03:12:24.944+0000] {processor.py:830} INFO - Processing file /opt/airflow/dags/dag_tomorrowio.py for tasks to queue
[2026-07-02T03:12:24.947+0000] {logging_mixin.py:188} INFO - [2026-07-02T03:12:24.946+0000] {dagbag.py:545} INFO - Filling up the DagBag from /opt/airflow/dags/dag_tomorrowio.py
[2026-07-02T03:12:25.149+0000] {processor.py:840} INFO - DAG(s) 'weather_tomorrowio_pipeline' retrieved from /opt/airflow/dags/dag_tomorrowio.py
[2026-07-02T03:12:25.159+0000] {logging_mixin.py:188} INFO - [2026-07-02T03:12:25.158+0000] {dag.py:3096} INFO - Sync 1 DAGs
[2026-07-02T03:12:25.166+0000] {logging_mixin.py:188} INFO - [2026-07-02T03:12:25.166+0000] {dag.py:3954} INFO - Setting next_dagrun for weather_tomorrowio_pipeline to 2026-07-02 03:00:00+00:00, run_after=2026-07-02 04:00:00+00:00
[2026-07-02T03:12:25.173+0000] {processor.py:183} INFO - Processing /opt/airflow/dags/dag_tomorrowio.py took 0.238 seconds
[2026-07-02T03:12:55.256+0000] {processor.py:161} INFO - Started process (PID=44998) to work on /opt/airflow/dags/dag_tomorrowio.py
[2026-07-02T03:12:55.258+0000] {processor.py:830} INFO - Processing file /opt/airflow/dags/dag_tomorrowio.py for tasks to queue
[2026-07-02T03:12:55.259+0000] {logging_mixin.py:188} INFO - [2026-07-02T03:12:55.259+0000] {dagbag.py:545} INFO - Filling up the DagBag from /opt/airflow/dags/dag_tomorrowio.py
[2026-07-02T03:12:55.465+0000] {processor.py:840} INFO - DAG(s) 'weather_tomorrowio_pipeline' retrieved from /opt/airflow/dags/dag_tomorrowio.py
[2026-07-02T03:12:55.473+0000] {logging_mixin.py:188} INFO - [2026-07-02T03:12:55.473+0000] {dag.py:3096} INFO - Sync 1 DAGs
[2026-07-02T03:12:55.480+0000] {logging_mixin.py:188} INFO - [2026-07-02T03:12:55.480+0000] {dag.py:3954} INFO - Setting next_dagrun for weather_tomorrowio_pipeline to 2026-07-02 03:00:00+00:00, run_after=2026-07-02 04:00:00+00:00
[2026-07-02T03:12:55.487+0000] {processor.py:183} INFO - Processing /opt/airflow/dags/dag_tomorrowio.py took 0.237 seconds
[2026-07-02T03:13:26.076+0000] {processor.py:161} INFO - Started process (PID=45035) to work on /opt/airflow/dags/dag_tomorrowio.py
[2026-07-02T03:13:26.077+0000] {processor.py:830} INFO - Processing file /opt/airflow/dags/dag_tomorrowio.py for tasks to queue
[2026-07-02T03:13:26.080+0000] {logging_mixin.py:188} INFO - [2026-07-02T03:13:26.080+0000] {dagbag.py:545} INFO - Filling up the DagBag from /opt/airflow/dags/dag_tomorrowio.py
[2026-07-02T03:13:26.756+0000] {processor.py:840} INFO - DAG(s) 'weather_tomorrowio_pipeline' retrieved from /opt/airflow/dags/dag_tomorrowio.py
[2026-07-02T03:13:26.776+0000] {logging_mixin.py:188} INFO - [2026-07-02T03:13:26.776+0000] {dag.py:3096} INFO - Sync 1 DAGs
[2026-07-02T03:13:26.787+0000] {logging_mixin.py:188} INFO - [2026-07-02T03:13:26.787+0000] {dag.py:3954} INFO - Setting next_dagrun for weather_tomorrowio_pipeline to 2026-07-02 03:00:00+00:00, run_after=2026-07-02 04:00:00+00:00
[2026-07-02T03:13:26.796+0000] {processor.py:183} INFO - Processing /opt/airflow/dags/dag_tomorrowio.py took 0.727 seconds
[2026-07-02T03:13:57.000+0000] {processor.py:161} INFO - Started process (PID=45072) to work on /opt/airflow/dags/dag_tomorrowio.py
[2026-07-02T03:13:57.001+0000] {processor.py:830} INFO - Processing file /opt/airflow/dags/dag_tomorrowio.py for tasks to queue
[2026-07-02T03:13:57.003+0000] {logging_mixin.py:188} INFO - [2026-07-02T03:13:57.003+0000] {dagbag.py:545} INFO - Filling up the DagBag from /opt/airflow/dags/dag_tomorrowio.py
[2026-07-02T03:13:57.265+0000] {processor.py:840} INFO - DAG(s) 'weather_tomorrowio_pipeline' retrieved from /opt/airflow/dags/dag_tomorrowio.py
[2026-07-02T03:13:57.276+0000] {logging_mixin.py:188} INFO - [2026-07-02T03:13:57.276+0000] {dag.py:3096} INFO - Sync 1 DAGs
[2026-07-02T03:13:57.285+0000] {logging_mixin.py:188} INFO - [2026-07-02T03:13:57.285+0000] {dag.py:3954} INFO - Setting next_dagrun for weather_tomorrowio_pipeline to 2026-07-02 03:00:00+00:00, run_after=2026-07-02 04:00:00+00:00
[2026-07-02T03:13:57.294+0000] {processor.py:183} INFO - Processing /opt/airflow/dags/dag_tomorrowio.py took 0.299 seconds
[2026-07-02T03:14:27.633+0000] {processor.py:161} INFO - Started process (PID=45109) to work on /opt/airflow/dags/dag_tomorrowio.py
[2026-07-02T03:14:27.635+0000] {processor.py:830} INFO - Processing file /opt/airflow/dags/dag_tomorrowio.py for tasks to queue
[2026-07-02T03:14:27.641+0000] {logging_mixin.py:188} INFO - [2026-07-02T03:14:27.640+0000] {dagbag.py:545} INFO - Filling up the DagBag from /opt/airflow/dags/dag_tomorrowio.py
[2026-07-02T03:14:27.871+0000] {processor.py:840} INFO - DAG(s) 'weather_tomorrowio_pipeline' retrieved from /opt/airflow/dags/dag_tomorrowio.py
[2026-07-02T03:14:27.882+0000] {logging_mixin.py:188} INFO - [2026-07-02T03:14:27.881+0000] {dag.py:3096} INFO - Sync 1 DAGs
[2026-07-02T03:14:27.889+0000] {logging_mixin.py:188} INFO - [2026-07-02T03:14:27.888+0000] {dag.py:3954} INFO - Setting next_dagrun for weather_tomorrowio_pipeline to 2026-07-02 03:00:00+00:00, run_after=2026-07-02 04:00:00+00:00
[2026-07-02T03:14:27.896+0000] {processor.py:183} INFO - Processing /opt/airflow/dags/dag_tomorrowio.py took 0.271 seconds
[2026-07-02T03:14:58.252+0000] {processor.py:161} INFO - Started process (PID=45146) to work on /opt/airflow/dags/dag_tomorrowio.py
[2026-07-02T03:14:58.253+0000] {processor.py:830} INFO - Processing file /opt/airflow/dags/dag_tomorrowio.py for tasks to queue
[2026-07-02T03:14:58.258+0000] {logging_mixin.py:188} INFO - [2026-07-02T03:14:58.257+0000] {dagbag.py:545} INFO - Filling up the DagBag from /opt/airflow/dags/dag_tomorrowio.py
[2026-07-02T03:14:58.503+0000] {processor.py:840} INFO - DAG(s) 'weather_tomorrowio_pipeline' retrieved from /opt/airflow/dags/dag_tomorrowio.py
[2026-07-02T03:14:58.514+0000] {logging_mixin.py:188} INFO - [2026-07-02T03:14:58.513+0000] {dag.py:3096} INFO - Sync 1 DAGs
[2026-07-02T03:14:58.520+0000] {logging_mixin.py:188} INFO - [2026-07-02T03:14:58.520+0000] {dag.py:3954} INFO - Setting next_dagrun for weather_tomorrowio_pipeline to 2026-07-02 03:00:00+00:00, run_after=2026-07-02 04:00:00+00:00
[2026-07-02T03:14:58.527+0000] {processor.py:183} INFO - Processing /opt/airflow/dags/dag_tomorrowio.py took 0.281 seconds
[2026-07-02T03:15:28.985+0000] {processor.py:161} INFO - Started process (PID=45183) to work on /opt/airflow/dags/dag_tomorrowio.py
[2026-07-02T03:15:28.987+0000] {processor.py:830} INFO - Processing file /opt/airflow/dags/dag_tomorrowio.py for tasks to queue
[2026-07-02T03:15:28.990+0000] {logging_mixin.py:188} INFO - [2026-07-02T03:15:28.989+0000] {dagbag.py:545} INFO - Filling up the DagBag from /opt/airflow/dags/dag_tomorrowio.py
[2026-07-02T03:15:29.289+0000] {processor.py:840} INFO - DAG(s) 'weather_tomorrowio_pipeline' retrieved from /opt/airflow/dags/dag_tomorrowio.py
[2026-07-02T03:15:29.300+0000] {logging_mixin.py:188} INFO - [2026-07-02T03:15:29.300+0000] {dag.py:3096} INFO - Sync 1 DAGs
[2026-07-02T03:15:29.308+0000] {logging_mixin.py:188} INFO - [2026-07-02T03:15:29.308+0000] {dag.py:3954} INFO - Setting next_dagrun for weather_tomorrowio_pipeline to 2026-07-02 03:00:00+00:00, run_after=2026-07-02 04:00:00+00:00
[2026-07-02T03:15:29.317+0000] {processor.py:183} INFO - Processing /opt/airflow/dags/dag_tomorrowio.py took 0.348 seconds
[2026-07-02T03:15:59.620+0000] {processor.py:161} INFO - Started process (PID=45220) to work on /opt/airflow/dags/dag_tomorrowio.py
[2026-07-02T03:15:59.621+0000] {processor.py:830} INFO - Processing file /opt/airflow/dags/dag_tomorrowio.py for tasks to queue
[2026-07-02T03:15:59.623+0000] {logging_mixin.py:188} INFO - [2026-07-02T03:15:59.623+0000] {dagbag.py:545} INFO - Filling up the DagBag from /opt/airflow/dags/dag_tomorrowio.py
[2026-07-02T03:15:59.842+0000] {processor.py:840} INFO - DAG(s) 'weather_tomorrowio_pipeline' retrieved from /opt/airflow/dags/dag_tomorrowio.py
[2026-07-02T03:15:59.852+0000] {logging_mixin.py:188} INFO - [2026-07-02T03:15:59.852+0000] {dag.py:3096} INFO - Sync 1 DAGs
[2026-07-02T03:15:59.859+0000] {logging_mixin.py:188} INFO - [2026-07-02T03:15:59.859+0000] {dag.py:3954} INFO - Setting next_dagrun for weather_tomorrowio_pipeline to 2026-07-02 03:00:00+00:00, run_after=2026-07-02 04:00:00+00:00
[2026-07-02T03:15:59.867+0000] {processor.py:183} INFO - Processing /opt/airflow/dags/dag_tomorrowio.py took 0.252 seconds
[2026-07-02T03:16:29.974+0000] {processor.py:161} INFO - Started process (PID=45257) to work on /opt/airflow/dags/dag_tomorrowio.py
[2026-07-02T03:16:29.975+0000] {processor.py:830} INFO - Processing file /opt/airflow/dags/dag_tomorrowio.py for tasks to queue
[2026-07-02T03:16:29.976+0000] {logging_mixin.py:188} INFO - [2026-07-02T03:16:29.976+0000] {dagbag.py:545} INFO - Filling up the DagBag from /opt/airflow/dags/dag_tomorrowio.py
[2026-07-02T03:16:30.198+0000] {processor.py:840} INFO - DAG(s) 'weather_tomorrowio_pipeline' retrieved from /opt/airflow/dags/dag_tomorrowio.py
[2026-07-02T03:16:30.206+0000] {logging_mixin.py:188} INFO - [2026-07-02T03:16:30.205+0000] {dag.py:3096} INFO - Sync 1 DAGs
[2026-07-02T03:16:30.212+0000] {logging_mixin.py:188} INFO - [2026-07-02T03:16:30.212+0000] {dag.py:3954} INFO - Setting next_dagrun for weather_tomorrowio_pipeline to 2026-07-02 03:00:00+00:00, run_after=2026-07-02 04:00:00+00:00
[2026-07-02T03:16:30.219+0000] {processor.py:183} INFO - Processing /opt/airflow/dags/dag_tomorrowio.py took 0.249 seconds
[2026-07-02T03:17:00.622+0000] {processor.py:161} INFO - Started process (PID=45294) to work on /opt/airflow/dags/dag_tomorrowio.py
[2026-07-02T03:17:00.624+0000] {processor.py:830} INFO - Processing file /opt/airflow/dags/dag_tomorrowio.py for tasks to queue
[2026-07-02T03:17:00.626+0000] {logging_mixin.py:188} INFO - [2026-07-02T03:17:00.625+0000] {dagbag.py:545} INFO - Filling up the DagBag from /opt/airflow/dags/dag_tomorrowio.py
[2026-07-02T03:17:00.881+0000] {processor.py:840} INFO - DAG(s) 'weather_tomorrowio_pipeline' retrieved from /opt/airflow/dags/dag_tomorrowio.py
[2026-07-02T03:17:00.897+0000] {logging_mixin.py:188} INFO - [2026-07-02T03:17:00.897+0000] {dag.py:3096} INFO - Sync 1 DAGs
[2026-07-02T03:17:00.906+0000] {logging_mixin.py:188} INFO - [2026-07-02T03:17:00.906+0000] {dag.py:3954} INFO - Setting next_dagrun for weather_tomorrowio_pipeline to 2026-07-02 03:00:00+00:00, run_after=2026-07-02 04:00:00+00:00
[2026-07-02T03:17:00.915+0000] {processor.py:183} INFO - Processing /opt/airflow/dags/dag_tomorrowio.py took 0.298 seconds
[2026-07-02T03:17:31.172+0000] {processor.py:161} INFO - Started process (PID=45331) to work on /opt/airflow/dags/dag_tomorrowio.py
[2026-07-02T03:17:31.174+0000] {processor.py:830} INFO - Processing file /opt/airflow/dags/dag_tomorrowio.py for tasks to queue
[2026-07-02T03:17:31.177+0000] {logging_mixin.py:188} INFO - [2026-07-02T03:17:31.176+0000] {dagbag.py:545} INFO - Filling up the DagBag from /opt/airflow/dags/dag_tomorrowio.py
[2026-07-02T03:17:31.643+0000] {processor.py:840} INFO - DAG(s) 'weather_tomorrowio_pipeline' retrieved from /opt/airflow/dags/dag_tomorrowio.py
[2026-07-02T03:17:31.667+0000] {logging_mixin.py:188} INFO - [2026-07-02T03:17:31.667+0000] {dag.py:3096} INFO - Sync 1 DAGs
[2026-07-02T03:17:31.679+0000] {logging_mixin.py:188} INFO - [2026-07-02T03:17:31.679+0000] {dag.py:3954} INFO - Setting next_dagrun for weather_tomorrowio_pipeline to 2026-07-02 03:00:00+00:00, run_after=2026-07-02 04:00:00+00:00
[2026-07-02T03:17:31.691+0000] {processor.py:183} INFO - Processing /opt/airflow/dags/dag_tomorrowio.py took 0.529 seconds
[2026-07-02T03:18:02.003+0000] {processor.py:161} INFO - Started process (PID=45368) to work on /opt/airflow/dags/dag_tomorrowio.py
[2026-07-02T03:18:02.005+0000] {processor.py:830} INFO - Processing file /opt/airflow/dags/dag_tomorrowio.py for tasks to queue
[2026-07-02T03:18:02.009+0000] {logging_mixin.py:188} INFO - [2026-07-02T03:18:02.008+0000] {dagbag.py:545} INFO - Filling up the DagBag from /opt/airflow/dags/dag_tomorrowio.py
[2026-07-02T03:18:02.330+0000] {processor.py:840} INFO - DAG(s) 'weather_tomorrowio_pipeline' retrieved from /opt/airflow/dags/dag_tomorrowio.py
[2026-07-02T03:18:02.342+0000] {logging_mixin.py:188} INFO - [2026-07-02T03:18:02.342+0000] {dag.py:3096} INFO - Sync 1 DAGs
[2026-07-02T03:18:02.350+0000] {logging_mixin.py:188} INFO - [2026-07-02T03:18:02.350+0000] {dag.py:3954} INFO - Setting next_dagrun for weather_tomorrowio_pipeline to 2026-07-02 03:00:00+00:00, run_after=2026-07-02 04:00:00+00:00
[2026-07-02T03:18:02.357+0000] {processor.py:183} INFO - Processing /opt/airflow/dags/dag_tomorrowio.py took 0.369 seconds
[2026-07-02T03:20:35.347+0000] {processor.py:161} INFO - Started process (PID=45548) to work on /opt/airflow/dags/dag_tomorrowio.py
[2026-07-02T03:20:35.349+0000] {processor.py:830} INFO - Processing file /opt/airflow/dags/dag_tomorrowio.py for tasks to queue
[2026-07-02T03:20:35.356+0000] {logging_mixin.py:188} INFO - [2026-07-02T03:20:35.354+0000] {dagbag.py:545} INFO - Filling up the DagBag from /opt/airflow/dags/dag_tomorrowio.py
[2026-07-02T03:20:35.909+0000] {processor.py:840} INFO - DAG(s) 'weather_tomorrowio_pipeline' retrieved from /opt/airflow/dags/dag_tomorrowio.py
[2026-07-02T03:20:35.943+0000] {logging_mixin.py:188} INFO - [2026-07-02T03:20:35.943+0000] {dag.py:3096} INFO - Sync 1 DAGs
[2026-07-02T03:20:35.976+0000] {logging_mixin.py:188} INFO - [2026-07-02T03:20:35.976+0000] {dag.py:3954} INFO - Setting next_dagrun for weather_tomorrowio_pipeline to 2026-07-02 03:00:00+00:00, run_after=2026-07-02 04:00:00+00:00
[2026-07-02T03:20:35.995+0000] {processor.py:183} INFO - Processing /opt/airflow/dags/dag_tomorrowio.py took 0.658 seconds
[2026-07-02T03:21:06.768+0000] {processor.py:161} INFO - Started process (PID=45589) to work on /opt/airflow/dags/dag_tomorrowio.py
[2026-07-02T03:21:06.769+0000] {processor.py:830} INFO - Processing file /opt/airflow/dags/dag_tomorrowio.py for tasks to queue
[2026-07-02T03:21:06.770+0000] {logging_mixin.py:188} INFO - [2026-07-02T03:21:06.770+0000] {dagbag.py:545} INFO - Filling up the DagBag from /opt/airflow/dags/dag_tomorrowio.py
[2026-07-02T03:21:07.221+0000] {processor.py:840} INFO - DAG(s) 'weather_tomorrowio_pipeline' retrieved from /opt/airflow/dags/dag_tomorrowio.py
[2026-07-02T03:21:07.239+0000] {logging_mixin.py:188} INFO - [2026-07-02T03:21:07.239+0000] {dag.py:3096} INFO - Sync 1 DAGs
[2026-07-02T03:21:07.256+0000] {logging_mixin.py:188} INFO - [2026-07-02T03:21:07.255+0000] {dag.py:3954} INFO - Setting next_dagrun for weather_tomorrowio_pipeline to 2026-07-02 03:00:00+00:00, run_after=2026-07-02 04:00:00+00:00
[2026-07-02T03:21:07.268+0000] {processor.py:183} INFO - Processing /opt/airflow/dags/dag_tomorrowio.py took 0.506 seconds
[2026-07-02T03:21:38.196+0000] {processor.py:161} INFO - Started process (PID=45626) to work on /opt/airflow/dags/dag_tomorrowio.py
[2026-07-02T03:21:38.200+0000] {processor.py:830} INFO - Processing file /opt/airflow/dags/dag_tomorrowio.py for tasks to queue
[2026-07-02T03:21:38.212+0000] {logging_mixin.py:188} INFO - [2026-07-02T03:21:38.209+0000] {dagbag.py:545} INFO - Filling up the DagBag from /opt/airflow/dags/dag_tomorrowio.py
[2026-07-02T03:21:38.712+0000] {processor.py:840} INFO - DAG(s) 'weather_tomorrowio_pipeline' retrieved from /opt/airflow/dags/dag_tomorrowio.py
[2026-07-02T03:21:38.737+0000] {logging_mixin.py:188} INFO - [2026-07-02T03:21:38.737+0000] {dag.py:3096} INFO - Sync 1 DAGs
[2026-07-02T03:21:38.756+0000] {logging_mixin.py:188} INFO - [2026-07-02T03:21:38.756+0000] {dag.py:3954} INFO - Setting next_dagrun for weather_tomorrowio_pipeline to 2026-07-02 03:00:00+00:00, run_after=2026-07-02 04:00:00+00:00
[2026-07-02T03:21:38.766+0000] {processor.py:183} INFO - Processing /opt/airflow/dags/dag_tomorrowio.py took 0.588 seconds
