[2026-06-30T09:27:54.948+0000] {local_task_job_runner.py:120} INFO - ::group::Pre task execution logs
[2026-06-30T09:27:54.961+0000] {taskinstance.py:2076} INFO - Dependencies all met for dep_context=non-requeueable deps ti=<TaskInstance: logistics_postgres_to_bq.push_to_bigquery manual__2026-06-30T09:27:54.331902+00:00 [queued]>
[2026-06-30T09:27:54.963+0000] {taskinstance.py:2076} INFO - Dependencies all met for dep_context=requeueable deps ti=<TaskInstance: logistics_postgres_to_bq.push_to_bigquery manual__2026-06-30T09:27:54.331902+00:00 [queued]>
[2026-06-30T09:27:54.964+0000] {taskinstance.py:2306} INFO - Starting attempt 1 of 1
[2026-06-30T09:27:54.969+0000] {taskinstance.py:2330} INFO - Executing <Task(PythonOperator): push_to_bigquery> on 2026-06-30 09:27:54.331902+00:00
[2026-06-30T09:27:54.974+0000] {standard_task_runner.py:90} INFO - Running: ['***', 'tasks', 'run', 'logistics_postgres_to_bq', 'push_to_bigquery', 'manual__2026-06-30T09:27:54.331902+00:00', '--job-id', '9', '--raw', '--subdir', 'DAGS_FOLDER/dag_postgres_to_bq.py', '--cfg-path', '/tmp/tmptjzdhx6b']
[2026-06-30T09:27:54.976+0000] {logging_mixin.py:188} WARNING - /home/***/.local/lib/python3.12/site-packages/***/task/task_runner/standard_task_runner.py:61 DeprecationWarning: This process (pid=426) is multi-threaded, use of fork() may lead to deadlocks in the child.
[2026-06-30T09:27:54.976+0000] {standard_task_runner.py:63} INFO - Started process 428 to run task
[2026-06-30T09:27:54.976+0000] {standard_task_runner.py:91} INFO - Job 9: Subtask push_to_bigquery
[2026-06-30T09:27:54.998+0000] {task_command.py:426} INFO - Running <TaskInstance: logistics_postgres_to_bq.push_to_bigquery manual__2026-06-30T09:27:54.331902+00:00 [running]> on host c0dde85f51a2
[2026-06-30T09:27:55.029+0000] {taskinstance.py:2648} INFO - Exporting env vars: AIRFLOW_CTX_DAG_OWNER='***' AIRFLOW_CTX_DAG_ID='logistics_postgres_to_bq' AIRFLOW_CTX_TASK_ID='push_to_bigquery' AIRFLOW_CTX_EXECUTION_DATE='2026-06-30T09:27:54.331902+00:00' AIRFLOW_CTX_TRY_NUMBER='1' AIRFLOW_CTX_DAG_RUN_ID='manual__2026-06-30T09:27:54.331902+00:00'
[2026-06-30T09:27:55.030+0000] {taskinstance.py:430} INFO - ::endgroup::
[2026-06-30T09:27:57.192+0000] {logging_mixin.py:188} WARNING - /opt/***/dags/dag_postgres_to_bq.py:34 UserWarning: pandas only supports SQLAlchemy connectable (engine/connection) or database string URI or sqlite3 DBAPI2 connection. Other DBAPI2 objects are not tested. Please consider using SQLAlchemy.
[2026-06-30T09:27:57.194+0000] {taskinstance.py:441} INFO - ::group::Post task execution logs
[2026-06-30T09:27:57.194+0000] {taskinstance.py:2905} ERROR - Task failed with exception
Traceback (most recent call last):
  File "/home/airflow/.local/lib/python3.12/site-packages/pandas/io/sql.py", line 2262, in execute
    cur.execute(sql, *args)
psycopg2.errors.UndefinedTable: relation "shipments" does not exist
LINE 1: SELECT * FROM shipments
                      ^


The above exception was the direct cause of the following exception:

Traceback (most recent call last):
  File "/home/airflow/.local/lib/python3.12/site-packages/airflow/models/taskinstance.py", line 465, in _execute_task
    result = _execute_callable(context=context, **execute_callable_kwargs)
             ^^^^^^^^^^^^^^^^^^^^^^^^^^^^^^^^^^^^^^^^^^^^^^^^^^^^^^^^^^^^^
  File "/home/airflow/.local/lib/python3.12/site-packages/airflow/models/taskinstance.py", line 432, in _execute_callable
    return execute_callable(context=context, **execute_callable_kwargs)
           ^^^^^^^^^^^^^^^^^^^^^^^^^^^^^^^^^^^^^^^^^^^^^^^^^^^^^^^^^^^^
  File "/home/airflow/.local/lib/python3.12/site-packages/airflow/models/baseoperator.py", line 400, in wrapper
    return func(self, *args, **kwargs)
           ^^^^^^^^^^^^^^^^^^^^^^^^^^^
  File "/home/airflow/.local/lib/python3.12/site-packages/airflow/operators/python.py", line 235, in execute
    return_value = self.execute_callable()
                   ^^^^^^^^^^^^^^^^^^^^^^^
  File "/home/airflow/.local/lib/python3.12/site-packages/airflow/operators/python.py", line 252, in execute_callable
    return self.python_callable(*self.op_args, **self.op_kwargs)
           ^^^^^^^^^^^^^^^^^^^^^^^^^^^^^^^^^^^^^^^^^^^^^^^^^^^^^
  File "/opt/airflow/dags/dag_postgres_to_bq.py", line 34, in extract_load_postgres_to_bq
    df = pd.read_sql_query(f"SELECT * FROM {table}", pg_conn)
         ^^^^^^^^^^^^^^^^^^^^^^^^^^^^^^^^^^^^^^^^^^^^^^^^^^^^
  File "/home/airflow/.local/lib/python3.12/site-packages/pandas/io/sql.py", line 486, in read_sql_query
    return pandas_sql.read_query(
           ^^^^^^^^^^^^^^^^^^^^^^
  File "/home/airflow/.local/lib/python3.12/site-packages/pandas/io/sql.py", line 2326, in read_query
    cursor = self.execute(sql, params)
             ^^^^^^^^^^^^^^^^^^^^^^^^^
  File "/home/airflow/.local/lib/python3.12/site-packages/pandas/io/sql.py", line 2274, in execute
    raise ex from exc
pandas.errors.DatabaseError: Execution failed on sql 'SELECT * FROM shipments': relation "shipments" does not exist
LINE 1: SELECT * FROM shipments
                      ^

[2026-06-30T09:27:57.208+0000] {taskinstance.py:1206} INFO - Marking task as FAILED. dag_id=logistics_postgres_to_bq, task_id=push_to_bigquery, run_id=manual__2026-06-30T09:27:54.331902+00:00, execution_date=20260630T092754, start_date=20260630T092754, end_date=20260630T092757
[2026-06-30T09:27:57.223+0000] {standard_task_runner.py:110} ERROR - Failed to execute job 9 for task push_to_bigquery (Execution failed on sql 'SELECT * FROM shipments': relation "shipments" does not exist
LINE 1: SELECT * FROM shipments
                      ^
; 428)
[2026-06-30T09:27:57.278+0000] {local_task_job_runner.py:240} INFO - Task exited with return code 1
[2026-06-30T09:27:57.297+0000] {taskinstance.py:3498} INFO - 0 downstream tasks scheduled from follow-on schedule check
[2026-06-30T09:27:57.298+0000] {local_task_job_runner.py:222} INFO - ::endgroup::
