[2026-06-29T00:19:42.148+0000] {local_task_job_runner.py:120} INFO - ::group::Pre task execution logs
[2026-06-29T00:19:42.168+0000] {taskinstance.py:2076} INFO - Dependencies all met for dep_context=non-requeueable deps ti=<TaskInstance: dbt_gold_transformation.trigger_dbt_build scheduled__2026-06-28T00:00:00+00:00 [queued]>
[2026-06-29T00:19:42.173+0000] {taskinstance.py:2076} INFO - Dependencies all met for dep_context=requeueable deps ti=<TaskInstance: dbt_gold_transformation.trigger_dbt_build scheduled__2026-06-28T00:00:00+00:00 [queued]>
[2026-06-29T00:19:42.173+0000] {taskinstance.py:2306} INFO - Starting attempt 1 of 2
[2026-06-29T00:19:42.180+0000] {taskinstance.py:2330} INFO - Executing <Task(BashOperator): trigger_dbt_build> on 2026-06-28 00:00:00+00:00
[2026-06-29T00:19:42.184+0000] {standard_task_runner.py:90} INFO - Running: ['***', 'tasks', 'run', 'dbt_gold_transformation', 'trigger_dbt_build', 'scheduled__2026-06-28T00:00:00+00:00', '--job-id', '282', '--raw', '--subdir', 'DAGS_FOLDER/dag_gold_dbt.py', '--cfg-path', '/tmp/tmptmed7dob']
[2026-06-29T00:19:42.187+0000] {standard_task_runner.py:91} INFO - Job 282: Subtask trigger_dbt_build
[2026-06-29T00:19:42.197+0000] {logging_mixin.py:188} WARNING - /home/***/.local/lib/python3.12/site-packages/***/task/task_runner/standard_task_runner.py:61 DeprecationWarning: This process (pid=9728) is multi-threaded, use of fork() may lead to deadlocks in the child.
[2026-06-29T00:19:42.198+0000] {standard_task_runner.py:63} INFO - Started process 9730 to run task
[2026-06-29T00:19:42.251+0000] {task_command.py:426} INFO - Running <TaskInstance: dbt_gold_transformation.trigger_dbt_build scheduled__2026-06-28T00:00:00+00:00 [running]> on host 6a613ecd21c6
[2026-06-29T00:19:42.307+0000] {taskinstance.py:2648} INFO - Exporting env vars: AIRFLOW_CTX_DAG_OWNER='data_engineer' AIRFLOW_CTX_DAG_ID='dbt_gold_transformation' AIRFLOW_CTX_TASK_ID='trigger_dbt_build' AIRFLOW_CTX_EXECUTION_DATE='2026-06-28T00:00:00+00:00' AIRFLOW_CTX_TRY_NUMBER='1' AIRFLOW_CTX_DAG_RUN_ID='scheduled__2026-06-28T00:00:00+00:00'
[2026-06-29T00:19:42.308+0000] {taskinstance.py:430} INFO - ::endgroup::
[2026-06-29T00:19:42.318+0000] {subprocess.py:63} INFO - Tmp dir root location: /tmp
[2026-06-29T00:19:42.321+0000] {subprocess.py:75} INFO - Running command: ['/usr/bin/bash', '-c', 'cd /opt/***/dbt && dbt build --profiles-dir . --target dev']
[2026-06-29T00:19:42.327+0000] {subprocess.py:86} INFO - Output:
[2026-06-29T00:19:43.713+0000] {subprocess.py:93} INFO - [0m00:19:43  Running with dbt=1.11.11
[2026-06-29T00:19:44.224+0000] {subprocess.py:93} INFO - [0m00:19:44  Registered adapter: bigquery=1.11.3
[2026-06-29T00:19:44.457+0000] {subprocess.py:93} INFO - [0m00:19:44  Found 5 models, 4 seeds, 4 sources, 553 macros
[2026-06-29T00:19:44.458+0000] {subprocess.py:93} INFO - [0m00:19:44
[2026-06-29T00:19:44.458+0000] {subprocess.py:93} INFO - [0m00:19:44  Concurrency: 4 threads (target='dev')
[2026-06-29T00:19:44.459+0000] {subprocess.py:93} INFO - [0m00:19:44
[2026-06-29T00:19:46.837+0000] {subprocess.py:93} INFO - [0m00:19:46  1 of 9 START seed file logistics_mart.drivers .................................. [RUN]
[2026-06-29T00:19:46.838+0000] {subprocess.py:93} INFO - [0m00:19:46  2 of 9 START seed file logistics_mart.hubs ..................................... [RUN]
[2026-06-29T00:19:46.838+0000] {subprocess.py:93} INFO - [0m00:19:46  3 of 9 START seed file logistics_mart.shipments ................................ [RUN]
[2026-06-29T00:19:46.839+0000] {subprocess.py:93} INFO - [0m00:19:46  4 of 9 START seed file logistics_mart.weather_api_raw .......................... [RUN]
[2026-06-29T00:19:54.285+0000] {subprocess.py:93} INFO - WARNING:urllib3.connectionpool:Retrying (Retry(total=2, connect=None, read=None, redirect=None, status=None)) after connection broken by 'RemoteDisconnected('Remote end closed connection without response')': /v1/projects/-/serviceAccounts/dbt-logistics-runner@project-592ab4fe-f210-4e44-9b9.iam.gserviceaccount.com/allowedLocations
[2026-06-29T02:34:01.751+0000] {subprocess.py:93} INFO - WARNING:urllib3.connectionpool:Retrying (Retry(total=2, connect=None, read=None, redirect=None, status=None)) after connection broken by 'RemoteDisconnected('Remote end closed connection without response')': /v1/projects/-/serviceAccounts/dbt-logistics-runner@project-592ab4fe-f210-4e44-9b9.iam.gserviceaccount.com/allowedLocations
[2026-06-29T02:34:01.766+0000] {subprocess.py:93} INFO - WARNING:urllib3.connectionpool:Retrying (Retry(total=2, connect=None, read=None, redirect=None, status=None)) after connection broken by 'RemoteDisconnected('Remote end closed connection without response')': /v1/projects/-/serviceAccounts/dbt-logistics-runner@project-592ab4fe-f210-4e44-9b9.iam.gserviceaccount.com/allowedLocations
[2026-06-29T02:34:01.768+0000] {subprocess.py:93} INFO - WARNING:urllib3.connectionpool:Retrying (Retry(total=2, connect=None, read=None, redirect=None, status=None)) after connection broken by 'RemoteDisconnected('Remote end closed connection without response')': /v1/projects/-/serviceAccounts/dbt-logistics-runner@project-592ab4fe-f210-4e44-9b9.iam.gserviceaccount.com/allowedLocations
[2026-06-29T02:34:02.021+0000] {subprocess.py:93} INFO - Regional Access Boundary HTTP request failed after retries: response_data={'error': {'code': 401, 'message': 'Request had invalid authentication credentials. Expected OAuth 2 access token, login cookie or other valid authentication credential. See https://developers.google.com/identity/sign-in/web/devconsole-project.', 'status': 'UNAUTHENTICATED', 'details': [{'@type': 'type.googleapis.com/google.rpc.ErrorInfo', 'reason': 'ACCESS_TOKEN_EXPIRED', 'domain': 'googleapis.com', 'metadata': {'service': 'iamcredentials.googleapis.com', 'method': 'google.iam.credentials.v1.TrustBoundaryService.GetServiceAccountAllowedLocations'}}]}}, retryable_error=False
[2026-06-29T02:34:02.023+0000] {subprocess.py:93} INFO - Regional Access Boundary HTTP request failed after retries: response_data={'error': {'code': 401, 'message': 'Request had invalid authentication credentials. Expected OAuth 2 access token, login cookie or other valid authentication credential. See https://developers.google.com/identity/sign-in/web/devconsole-project.', 'status': 'UNAUTHENTICATED', 'details': [{'@type': 'type.googleapis.com/google.rpc.ErrorInfo', 'reason': 'ACCESS_TOKEN_EXPIRED', 'domain': 'googleapis.com', 'metadata': {'method': 'google.iam.credentials.v1.TrustBoundaryService.GetServiceAccountAllowedLocations', 'service': 'iamcredentials.googleapis.com'}}]}}, retryable_error=False
[2026-06-29T02:34:02.032+0000] {subprocess.py:93} INFO - Regional Access Boundary HTTP request failed after retries: response_data={'error': {'code': 401, 'message': 'Request had invalid authentication credentials. Expected OAuth 2 access token, login cookie or other valid authentication credential. See https://developers.google.com/identity/sign-in/web/devconsole-project.', 'status': 'UNAUTHENTICATED', 'details': [{'@type': 'type.googleapis.com/google.rpc.ErrorInfo', 'reason': 'ACCESS_TOKEN_EXPIRED', 'domain': 'googleapis.com', 'metadata': {'method': 'google.iam.credentials.v1.TrustBoundaryService.GetServiceAccountAllowedLocations', 'service': 'iamcredentials.googleapis.com'}}]}}, retryable_error=False
[2026-06-29T02:34:08.966+0000] {subprocess.py:93} INFO - [0m02:34:08  1 of 9 OK loaded seed file logistics_mart.drivers .............................. [[32mINSERT 3[0m in 8062.11s]
[2026-06-29T02:34:08.966+0000] {subprocess.py:93} INFO - [0m02:34:08  3 of 9 OK loaded seed file logistics_mart.shipments ............................ [[32mINSERT 3[0m in 8062.10s]
[2026-06-29T02:34:08.978+0000] {subprocess.py:93} INFO - [0m02:34:08  5 of 9 START sql table model logistics_mart.dim_drivers ........................ [RUN]
[2026-06-29T02:34:08.979+0000] {subprocess.py:93} INFO - [0m02:34:08  6 of 9 START sql view model logistics_mart.stg_shipments ....................... [RUN]
[2026-06-29T02:34:09.182+0000] {subprocess.py:93} INFO - [0m02:34:09  2 of 9 OK loaded seed file logistics_mart.hubs ................................. [[32mINSERT 3[0m in 8062.34s]
[2026-06-29T02:34:09.184+0000] {subprocess.py:93} INFO - [0m02:34:09  7 of 9 START sql table model logistics_mart.dim_hubs ........................... [RUN]
[2026-06-29T02:34:10.638+0000] {subprocess.py:93} INFO - [0m02:34:10  6 of 9 OK created sql view model logistics_mart.stg_shipments .................. [[32mCREATE VIEW (0 processed)[0m in 1.65s]
[2026-06-29T02:34:11.854+0000] {subprocess.py:93} INFO - [0m02:34:11  [31mUnhandled error while executing [0m
[2026-06-29T02:34:11.855+0000] {subprocess.py:93} INFO - ('Connection aborted.', RemoteDisconnected('Remote end closed connection without response'))
[2026-06-29T02:34:11.893+0000] {subprocess.py:93} INFO - [0m02:34:11  4 of 9 ERROR loading seed file logistics_mart.weather_api_raw .................. [[31mERROR[0m in 8065.05s]
[2026-06-29T02:34:11.901+0000] {subprocess.py:93} INFO - [0m02:34:11  8 of 9 SKIP relation logistics_mart.stg_weather ................................ [[33mSKIP[0m]
[2026-06-29T02:34:12.653+0000] {subprocess.py:93} INFO - [0m02:34:12  5 of 9 OK created sql table model logistics_mart.dim_drivers ................... [[32mCREATE TABLE (3.0 rows, 108.0 Bytes processed)[0m in 3.67s]
[2026-06-29T02:34:12.953+0000] {subprocess.py:93} INFO - [0m02:34:12  7 of 9 OK created sql table model logistics_mart.dim_hubs ...................... [[32mCREATE TABLE (3.0 rows, 149.0 Bytes processed)[0m in 3.77s]
[2026-06-29T02:34:12.959+0000] {subprocess.py:93} INFO - [0m02:34:12  9 of 9 SKIP relation logistics_mart.fact_shipment_weather ...................... [[33mSKIP[0m]
[2026-06-29T02:34:13.002+0000] {subprocess.py:93} INFO - [0m02:34:13
[2026-06-29T02:34:13.003+0000] {subprocess.py:93} INFO - [0m02:34:13  Finished running 4 seeds, 3 table models, 2 view models in 2 hours 14 minutes and 28.54 seconds (8068.54s).
[2026-06-29T02:34:13.079+0000] {subprocess.py:93} INFO - [0m02:34:13
[2026-06-29T02:34:13.081+0000] {subprocess.py:93} INFO - [0m02:34:13  [31mCompleted with 1 error, 0 partial successes, and 0 warnings:[0m
[2026-06-29T02:34:13.081+0000] {subprocess.py:93} INFO - [0m02:34:13
[2026-06-29T02:34:13.081+0000] {subprocess.py:93} INFO - [0m02:34:13  [31mFailure in seed weather_api_raw (seeds/weather_api_raw.csv)[0m
[2026-06-29T02:34:13.082+0000] {subprocess.py:93} INFO - [0m02:34:13    ('Connection aborted.', RemoteDisconnected('Remote end closed connection without response'))
[2026-06-29T02:34:13.082+0000] {subprocess.py:93} INFO - [0m02:34:13
[2026-06-29T02:34:13.082+0000] {subprocess.py:93} INFO - [0m02:34:13  Done. PASS=6 WARN=0 ERROR=1 SKIP=2 NO-OP=0 TOTAL=9
[2026-06-29T02:34:15.231+0000] {subprocess.py:97} INFO - Command exited with return code 1
[2026-06-29T02:34:15.234+0000] {taskinstance.py:441} INFO - ::group::Post task execution logs
[2026-06-29T02:34:15.264+0000] {taskinstance.py:2905} ERROR - Task failed with exception
Traceback (most recent call last):
  File "/home/airflow/.local/lib/python3.12/site-packages/airflow/models/taskinstance.py", line 465, in _execute_task
    result = _execute_callable(context=context, **execute_callable_kwargs)
             ^^^^^^^^^^^^^^^^^^^^^^^^^^^^^^^^^^^^^^^^^^^^^^^^^^^^^^^^^^^^^
  File "/home/airflow/.local/lib/python3.12/site-packages/airflow/models/taskinstance.py", line 432, in _execute_callable
    return execute_callable(context=context, **execute_callable_kwargs)
           ^^^^^^^^^^^^^^^^^^^^^^^^^^^^^^^^^^^^^^^^^^^^^^^^^^^^^^^^^^^^
  File "/home/airflow/.local/lib/python3.12/site-packages/airflow/models/baseoperator.py", line 400, in wrapper
    return func(self, *args, **kwargs)
           ^^^^^^^^^^^^^^^^^^^^^^^^^^^
  File "/home/airflow/.local/lib/python3.12/site-packages/airflow/operators/bash.py", line 243, in execute
    raise AirflowException(
airflow.exceptions.AirflowException: Bash command failed. The command returned a non-zero exit code 1.
[2026-06-29T02:34:15.273+0000] {taskinstance.py:1206} INFO - Marking task as UP_FOR_RETRY. dag_id=dbt_gold_transformation, task_id=trigger_dbt_build, run_id=scheduled__2026-06-28T00:00:00+00:00, execution_date=20260628T000000, start_date=20260629T001942, end_date=20260629T023415
[2026-06-29T02:34:15.287+0000] {standard_task_runner.py:110} ERROR - Failed to execute job 282 for task trigger_dbt_build (Bash command failed. The command returned a non-zero exit code 1.; 9730)
[2026-06-29T02:34:15.328+0000] {local_task_job_runner.py:240} INFO - Task exited with return code 1
[2026-06-29T02:34:15.352+0000] {taskinstance.py:3498} INFO - 0 downstream tasks scheduled from follow-on schedule check
[2026-06-29T02:34:15.353+0000] {local_task_job_runner.py:222} INFO - ::endgroup::
[2026-06-29T03:38:18.645+0000] {local_task_job_runner.py:120} INFO - ::group::Pre task execution logs
[2026-06-29T03:38:18.717+0000] {taskinstance.py:2076} INFO - Dependencies all met for dep_context=non-requeueable deps ti=<TaskInstance: dbt_gold_transformation.trigger_dbt_build scheduled__2026-06-28T00:00:00+00:00 [queued]>
[2026-06-29T03:38:18.727+0000] {taskinstance.py:2076} INFO - Dependencies all met for dep_context=requeueable deps ti=<TaskInstance: dbt_gold_transformation.trigger_dbt_build scheduled__2026-06-28T00:00:00+00:00 [queued]>
[2026-06-29T03:38:18.727+0000] {taskinstance.py:2306} INFO - Starting attempt 1 of 2
[2026-06-29T03:38:18.738+0000] {taskinstance.py:2330} INFO - Executing <Task(BashOperator): trigger_dbt_build> on 2026-06-28 00:00:00+00:00
[2026-06-29T03:38:18.745+0000] {standard_task_runner.py:90} INFO - Running: ['***', 'tasks', 'run', 'dbt_gold_transformation', 'trigger_dbt_build', 'scheduled__2026-06-28T00:00:00+00:00', '--job-id', '3', '--raw', '--subdir', 'DAGS_FOLDER/dag_gold_dbt.py', '--cfg-path', '/tmp/tmp7k0wgfmm']
[2026-06-29T03:38:18.748+0000] {standard_task_runner.py:91} INFO - Job 3: Subtask trigger_dbt_build
[2026-06-29T03:38:18.748+0000] {logging_mixin.py:188} WARNING - /home/***/.local/lib/python3.12/site-packages/***/task/task_runner/standard_task_runner.py:61 DeprecationWarning: This process (pid=213) is multi-threaded, use of fork() may lead to deadlocks in the child.
[2026-06-29T03:38:18.749+0000] {standard_task_runner.py:63} INFO - Started process 214 to run task
[2026-06-29T03:38:18.774+0000] {task_command.py:426} INFO - Running <TaskInstance: dbt_gold_transformation.trigger_dbt_build scheduled__2026-06-28T00:00:00+00:00 [running]> on host 3fb47717e929
[2026-06-29T03:38:18.818+0000] {taskinstance.py:2648} INFO - Exporting env vars: AIRFLOW_CTX_DAG_OWNER='data_engineer' AIRFLOW_CTX_DAG_ID='dbt_gold_transformation' AIRFLOW_CTX_TASK_ID='trigger_dbt_build' AIRFLOW_CTX_EXECUTION_DATE='2026-06-28T00:00:00+00:00' AIRFLOW_CTX_TRY_NUMBER='1' AIRFLOW_CTX_DAG_RUN_ID='scheduled__2026-06-28T00:00:00+00:00'
[2026-06-29T03:38:18.819+0000] {taskinstance.py:430} INFO - ::endgroup::
[2026-06-29T03:38:18.825+0000] {subprocess.py:63} INFO - Tmp dir root location: /tmp
[2026-06-29T03:38:18.826+0000] {subprocess.py:75} INFO - Running command: ['/usr/bin/bash', '-c', 'cd /opt/***/dbt && dbt build --profiles-dir . --target dev']
[2026-06-29T03:38:18.831+0000] {subprocess.py:86} INFO - Output:
[2026-06-29T03:38:20.088+0000] {subprocess.py:93} INFO - [0m03:38:20  Running with dbt=1.11.11
[2026-06-29T03:38:20.680+0000] {subprocess.py:93} INFO - [0m03:38:20  Registered adapter: bigquery=1.11.3
[2026-06-29T03:38:20.921+0000] {subprocess.py:93} INFO - [0m03:38:20  Found 5 models, 4 seeds, 4 sources, 553 macros
[2026-06-29T03:38:20.922+0000] {subprocess.py:93} INFO - [0m03:38:20
[2026-06-29T03:38:20.922+0000] {subprocess.py:93} INFO - [0m03:38:20  Concurrency: 4 threads (target='dev')
[2026-06-29T03:38:20.923+0000] {subprocess.py:93} INFO - [0m03:38:20
[2026-06-29T03:38:22.907+0000] {subprocess.py:93} INFO - [0m03:38:22  1 of 9 START seed file logistics_mart.drivers .................................. [RUN]
[2026-06-29T03:38:22.908+0000] {subprocess.py:93} INFO - [0m03:38:22  2 of 9 START seed file logistics_mart.hubs ..................................... [RUN]
[2026-06-29T03:38:22.908+0000] {subprocess.py:93} INFO - [0m03:38:22  3 of 9 START seed file logistics_mart.shipments ................................ [RUN]
[2026-06-29T03:38:22.909+0000] {subprocess.py:93} INFO - [0m03:38:22  4 of 9 START seed file logistics_mart.weather_api_raw .......................... [RUN]
[2026-06-29T03:38:29.577+0000] {subprocess.py:93} INFO - [0m03:38:29  1 of 9 OK loaded seed file logistics_mart.drivers .............................. [[32mINSERT 3[0m in 6.66s]
[2026-06-29T03:38:29.583+0000] {subprocess.py:93} INFO - [0m03:38:29  2 of 9 OK loaded seed file logistics_mart.hubs ................................. [[32mINSERT 3[0m in 6.66s]
[2026-06-29T03:38:29.589+0000] {subprocess.py:93} INFO - [0m03:38:29  5 of 9 START sql table model logistics_mart.dim_drivers ........................ [RUN]
[2026-06-29T03:38:29.590+0000] {subprocess.py:93} INFO - [0m03:38:29  6 of 9 START sql table model logistics_mart.dim_hubs ........................... [RUN]
[2026-06-29T03:38:30.377+0000] {subprocess.py:93} INFO - [0m03:38:30  4 of 9 OK loaded seed file logistics_mart.weather_api_raw ...................... [[32mINSERT 3[0m in 7.46s]
[2026-06-29T03:38:30.381+0000] {subprocess.py:93} INFO - [0m03:38:30  7 of 9 START sql view model logistics_mart.stg_weather ......................... [RUN]
[2026-06-29T03:38:30.458+0000] {subprocess.py:93} INFO - [0m03:38:30  3 of 9 OK loaded seed file logistics_mart.shipments ............................ [[32mINSERT 3[0m in 7.54s]
[2026-06-29T03:38:30.460+0000] {subprocess.py:93} INFO - [0m03:38:30  8 of 9 START sql view model logistics_mart.stg_shipments ....................... [RUN]
[2026-06-29T03:38:32.341+0000] {subprocess.py:93} INFO - [0m03:38:32  7 of 9 OK created sql view model logistics_mart.stg_weather .................... [[32mCREATE VIEW (0 processed)[0m in 1.96s]
[2026-06-29T03:38:32.371+0000] {subprocess.py:93} INFO - [0m03:38:32  8 of 9 OK created sql view model logistics_mart.stg_shipments .................. [[32mCREATE VIEW (0 processed)[0m in 1.91s]
[2026-06-29T03:38:33.380+0000] {subprocess.py:93} INFO - [0m03:38:33  5 of 9 OK created sql table model logistics_mart.dim_drivers ................... [[32mCREATE TABLE (3.0 rows, 108.0 Bytes processed)[0m in 3.79s]
[2026-06-29T03:38:34.375+0000] {subprocess.py:93} INFO - [0m03:38:34  6 of 9 OK created sql table model logistics_mart.dim_hubs ...................... [[32mCREATE TABLE (3.0 rows, 149.0 Bytes processed)[0m in 4.78s]
[2026-06-29T03:38:34.380+0000] {subprocess.py:93} INFO - [0m03:38:34  9 of 9 START sql table model logistics_mart.fact_shipment_weather .............. [RUN]
[2026-06-29T03:38:39.283+0000] {subprocess.py:93} INFO - [0m03:38:39  9 of 9 OK created sql table model logistics_mart.fact_shipment_weather ......... [[32mCREATE TABLE (3.0 rows, 423.0 Bytes processed)[0m in 4.90s]
[2026-06-29T03:38:39.336+0000] {subprocess.py:93} INFO - [0m03:38:39
[2026-06-29T03:38:39.336+0000] {subprocess.py:93} INFO - [0m03:38:39  Finished running 4 seeds, 3 table models, 2 view models in 0 hours 0 minutes and 18.41 seconds (18.41s).
[2026-06-29T03:38:39.373+0000] {subprocess.py:93} INFO - [0m03:38:39
[2026-06-29T03:38:39.374+0000] {subprocess.py:93} INFO - [0m03:38:39  [32mCompleted successfully[0m
[2026-06-29T03:38:39.374+0000] {subprocess.py:93} INFO - [0m03:38:39
[2026-06-29T03:38:39.375+0000] {subprocess.py:93} INFO - [0m03:38:39  Done. PASS=9 WARN=0 ERROR=0 SKIP=0 NO-OP=0 TOTAL=9
[2026-06-29T03:38:41.556+0000] {subprocess.py:97} INFO - Command exited with return code 0
[2026-06-29T03:38:41.558+0000] {taskinstance.py:441} INFO - ::group::Post task execution logs
[2026-06-29T03:38:41.577+0000] {taskinstance.py:1206} INFO - Marking task as SUCCESS. dag_id=dbt_gold_transformation, task_id=trigger_dbt_build, run_id=scheduled__2026-06-28T00:00:00+00:00, execution_date=20260628T000000, start_date=20260629T033818, end_date=20260629T033841
[2026-06-29T03:38:41.616+0000] {local_task_job_runner.py:240} INFO - Task exited with return code 0
[2026-06-29T03:38:41.625+0000] {taskinstance.py:3498} INFO - 0 downstream tasks scheduled from follow-on schedule check
[2026-06-29T03:38:41.626+0000] {local_task_job_runner.py:222} INFO - ::endgroup::
[2026-06-29T04:07:21.043+0000] {local_task_job_runner.py:120} INFO - ::group::Pre task execution logs
[2026-06-29T04:07:21.057+0000] {taskinstance.py:2076} INFO - Dependencies all met for dep_context=non-requeueable deps ti=<TaskInstance: dbt_gold_transformation.trigger_dbt_build scheduled__2026-06-28T00:00:00+00:00 [queued]>
[2026-06-29T04:07:21.060+0000] {taskinstance.py:2076} INFO - Dependencies all met for dep_context=requeueable deps ti=<TaskInstance: dbt_gold_transformation.trigger_dbt_build scheduled__2026-06-28T00:00:00+00:00 [queued]>
[2026-06-29T04:07:21.060+0000] {taskinstance.py:2306} INFO - Starting attempt 1 of 2
[2026-06-29T04:07:21.064+0000] {taskinstance.py:2330} INFO - Executing <Task(BashOperator): trigger_dbt_build> on 2026-06-28 00:00:00+00:00
[2026-06-29T04:07:21.068+0000] {logging_mixin.py:188} WARNING - /home/***/.local/lib/python3.12/site-packages/***/task/task_runner/standard_task_runner.py:61 DeprecationWarning: This process (pid=213) is multi-threaded, use of fork() may lead to deadlocks in the child.
[2026-06-29T04:07:21.069+0000] {standard_task_runner.py:63} INFO - Started process 214 to run task
[2026-06-29T04:07:21.068+0000] {standard_task_runner.py:90} INFO - Running: ['***', 'tasks', 'run', 'dbt_gold_transformation', 'trigger_dbt_build', 'scheduled__2026-06-28T00:00:00+00:00', '--job-id', '3', '--raw', '--subdir', 'DAGS_FOLDER/dag_gold_dbt.py', '--cfg-path', '/tmp/tmp2koaqwnl']
[2026-06-29T04:07:21.069+0000] {standard_task_runner.py:91} INFO - Job 3: Subtask trigger_dbt_build
[2026-06-29T04:07:21.086+0000] {task_command.py:426} INFO - Running <TaskInstance: dbt_gold_transformation.trigger_dbt_build scheduled__2026-06-28T00:00:00+00:00 [running]> on host ae627d26e698
[2026-06-29T04:07:21.113+0000] {taskinstance.py:2648} INFO - Exporting env vars: AIRFLOW_CTX_DAG_OWNER='data_engineer' AIRFLOW_CTX_DAG_ID='dbt_gold_transformation' AIRFLOW_CTX_TASK_ID='trigger_dbt_build' AIRFLOW_CTX_EXECUTION_DATE='2026-06-28T00:00:00+00:00' AIRFLOW_CTX_TRY_NUMBER='1' AIRFLOW_CTX_DAG_RUN_ID='scheduled__2026-06-28T00:00:00+00:00'
[2026-06-29T04:07:21.114+0000] {taskinstance.py:430} INFO - ::endgroup::
[2026-06-29T04:07:21.119+0000] {subprocess.py:63} INFO - Tmp dir root location: /tmp
[2026-06-29T04:07:21.119+0000] {subprocess.py:75} INFO - Running command: ['/usr/bin/bash', '-c', 'cd /opt/***/dbt && dbt build --profiles-dir . --target dev']
[2026-06-29T04:07:21.123+0000] {subprocess.py:86} INFO - Output:
[2026-06-29T04:07:22.477+0000] {subprocess.py:93} INFO - [0m04:07:22  Running with dbt=1.11.11
[2026-06-29T04:07:23.092+0000] {subprocess.py:93} INFO - [0m04:07:23  Registered adapter: bigquery=1.11.3
[2026-06-29T04:07:23.354+0000] {subprocess.py:93} INFO - [0m04:07:23  Encountered an error:
[2026-06-29T04:07:23.354+0000] {subprocess.py:93} INFO - Compilation Error
[2026-06-29T04:07:23.355+0000] {subprocess.py:93} INFO -   Model 'model.logistics_lakehouse.stg_weather' (models/staging/stg_weather.sql) depends on a node named 'weather_api_raw' which was not found
[2026-06-29T04:07:24.847+0000] {subprocess.py:97} INFO - Command exited with return code 2
[2026-06-29T04:07:24.848+0000] {taskinstance.py:441} INFO - ::group::Post task execution logs
[2026-06-29T04:07:24.854+0000] {taskinstance.py:2905} ERROR - Task failed with exception
Traceback (most recent call last):
  File "/home/airflow/.local/lib/python3.12/site-packages/airflow/models/taskinstance.py", line 465, in _execute_task
    result = _execute_callable(context=context, **execute_callable_kwargs)
             ^^^^^^^^^^^^^^^^^^^^^^^^^^^^^^^^^^^^^^^^^^^^^^^^^^^^^^^^^^^^^
  File "/home/airflow/.local/lib/python3.12/site-packages/airflow/models/taskinstance.py", line 432, in _execute_callable
    return execute_callable(context=context, **execute_callable_kwargs)
           ^^^^^^^^^^^^^^^^^^^^^^^^^^^^^^^^^^^^^^^^^^^^^^^^^^^^^^^^^^^^
  File "/home/airflow/.local/lib/python3.12/site-packages/airflow/models/baseoperator.py", line 400, in wrapper
    return func(self, *args, **kwargs)
           ^^^^^^^^^^^^^^^^^^^^^^^^^^^
  File "/home/airflow/.local/lib/python3.12/site-packages/airflow/operators/bash.py", line 243, in execute
    raise AirflowException(
airflow.exceptions.AirflowException: Bash command failed. The command returned a non-zero exit code 2.
[2026-06-29T04:07:24.856+0000] {taskinstance.py:1206} INFO - Marking task as UP_FOR_RETRY. dag_id=dbt_gold_transformation, task_id=trigger_dbt_build, run_id=scheduled__2026-06-28T00:00:00+00:00, execution_date=20260628T000000, start_date=20260629T040721, end_date=20260629T040724
[2026-06-29T04:07:24.861+0000] {standard_task_runner.py:110} ERROR - Failed to execute job 3 for task trigger_dbt_build (Bash command failed. The command returned a non-zero exit code 2.; 214)
[2026-06-29T04:07:24.895+0000] {local_task_job_runner.py:240} INFO - Task exited with return code 1
[2026-06-29T04:07:24.902+0000] {taskinstance.py:3498} INFO - 0 downstream tasks scheduled from follow-on schedule check
[2026-06-29T04:07:24.902+0000] {local_task_job_runner.py:222} INFO - ::endgroup::
