[2026-07-01T05:04:48.473+0000] {local_task_job_runner.py:120} INFO - ::group::Pre task execution logs
[2026-07-01T05:04:48.494+0000] {taskinstance.py:2076} INFO - Dependencies all met for dep_context=non-requeueable deps ti=<TaskInstance: gold_dbt_dag.trigger_dbt_build dataset_triggered__2026-07-01T05:04:47.222793+00:00 [queued]>
[2026-07-01T05:04:48.498+0000] {taskinstance.py:2076} INFO - Dependencies all met for dep_context=requeueable deps ti=<TaskInstance: gold_dbt_dag.trigger_dbt_build dataset_triggered__2026-07-01T05:04:47.222793+00:00 [queued]>
[2026-07-01T05:04:48.498+0000] {taskinstance.py:2306} INFO - Starting attempt 1 of 2
[2026-07-01T05:04:48.503+0000] {taskinstance.py:2330} INFO - Executing <Task(BashOperator): trigger_dbt_build> on 2026-07-01 05:04:47.222793+00:00
[2026-07-01T05:04:48.507+0000] {standard_task_runner.py:90} INFO - Running: ['***', 'tasks', 'run', 'gold_dbt_dag', 'trigger_dbt_build', 'dataset_triggered__2026-07-01T05:04:47.222793+00:00', '--job-id', '29', '--raw', '--subdir', 'DAGS_FOLDER/dag_gold_dbt.py', '--cfg-path', '/tmp/tmpxba4cr45']
[2026-07-01T05:04:48.512+0000] {standard_task_runner.py:91} INFO - Job 29: Subtask trigger_dbt_build
[2026-07-01T05:04:48.511+0000] {logging_mixin.py:188} WARNING - /home/***/.local/lib/python3.12/site-packages/***/task/task_runner/standard_task_runner.py:61 DeprecationWarning: This process (pid=7981) is multi-threaded, use of fork() may lead to deadlocks in the child.
[2026-07-01T05:04:48.513+0000] {standard_task_runner.py:63} INFO - Started process 7982 to run task
[2026-07-01T05:04:48.535+0000] {task_command.py:426} INFO - Running <TaskInstance: gold_dbt_dag.trigger_dbt_build dataset_triggered__2026-07-01T05:04:47.222793+00:00 [running]> on host bd23e89d97be
[2026-07-01T05:04:48.574+0000] {taskinstance.py:2648} INFO - Exporting env vars: AIRFLOW_CTX_DAG_OWNER='data_engineer' AIRFLOW_CTX_DAG_ID='gold_dbt_dag' AIRFLOW_CTX_TASK_ID='trigger_dbt_build' AIRFLOW_CTX_EXECUTION_DATE='2026-07-01T05:04:47.222793+00:00' AIRFLOW_CTX_TRY_NUMBER='1' AIRFLOW_CTX_DAG_RUN_ID='dataset_triggered__2026-07-01T05:04:47.222793+00:00'
[2026-07-01T05:04:48.575+0000] {taskinstance.py:430} INFO - ::endgroup::
[2026-07-01T05:04:48.582+0000] {subprocess.py:63} INFO - Tmp dir root location: /tmp
[2026-07-01T05:04:48.583+0000] {subprocess.py:75} INFO - Running command: ['/usr/bin/bash', '-c', 'cd /opt/***/dbt && dbt build --profiles-dir . --target dev']
[2026-07-01T05:04:48.589+0000] {subprocess.py:86} INFO - Output:
[2026-07-01T05:04:50.137+0000] {subprocess.py:93} INFO - [0m05:04:50  Running with dbt=1.11.11
[2026-07-01T05:04:51.049+0000] {subprocess.py:93} INFO - [0m05:04:51  Registered adapter: bigquery=1.11.3
[2026-07-01T05:04:51.356+0000] {subprocess.py:93} INFO - [0m05:04:51  Found 5 models, 4 sources, 553 macros
[2026-07-01T05:04:51.357+0000] {subprocess.py:93} INFO - [0m05:04:51
[2026-07-01T05:04:51.357+0000] {subprocess.py:93} INFO - [0m05:04:51  Concurrency: 4 threads (target='dev')
[2026-07-01T05:04:51.358+0000] {subprocess.py:93} INFO - [0m05:04:51
[2026-07-01T05:04:53.088+0000] {subprocess.py:93} INFO - [0m05:04:53  1 of 5 START sql table model logistics_mart.dim_drivers ........................ [RUN]
[2026-07-01T05:04:53.089+0000] {subprocess.py:93} INFO - [0m05:04:53  2 of 5 START sql table model logistics_mart.dim_hubs ........................... [RUN]
[2026-07-01T05:04:53.090+0000] {subprocess.py:93} INFO - [0m05:04:53  3 of 5 START sql view model logistics_mart.stg_shipments ....................... [RUN]
[2026-07-01T05:04:53.090+0000] {subprocess.py:93} INFO - [0m05:04:53  4 of 5 START sql view model logistics_mart.stg_weather ......................... [RUN]
[2026-07-01T05:29:33.339+0000] {subprocess.py:93} INFO - WARNING:urllib3.connectionpool:Retrying (Retry(total=2, connect=None, read=None, redirect=None, status=None)) after connection broken by 'SSLError(SSLEOFError(8, '[SSL: UNEXPECTED_EOF_WHILE_READING] EOF occurred in violation of protocol (_ssl.c:1000)'))': /v1/projects/-/serviceAccounts/dbt-logistics-runner@project-592ab4fe-f210-4e44-9b9.iam.gserviceaccount.com/allowedLocations
[2026-07-01T05:29:34.419+0000] {subprocess.py:93} INFO - WARNING:urllib3.connectionpool:Retrying (Retry(total=2, connect=None, read=None, redirect=None, status=None)) after connection broken by 'SSLError(SSLEOFError(8, '[SSL: UNEXPECTED_EOF_WHILE_READING] EOF occurred in violation of protocol (_ssl.c:1000)'))': /v1/projects/-/serviceAccounts/dbt-logistics-runner@project-592ab4fe-f210-4e44-9b9.iam.gserviceaccount.com/allowedLocations
[2026-07-01T05:29:39.042+0000] {subprocess.py:93} INFO - [0m05:29:39  4 of 5 OK created sql view model logistics_mart.stg_weather .................... [[32mCREATE VIEW (0 processed)[0m in 1485.95s]
[2026-07-01T05:29:39.109+0000] {subprocess.py:93} INFO - WARNING:urllib3.connectionpool:Retrying (Retry(total=2, connect=None, read=None, redirect=None, status=None)) after connection broken by 'SSLError(SSLEOFError(8, '[SSL: UNEXPECTED_EOF_WHILE_READING] EOF occurred in violation of protocol (_ssl.c:1000)'))': /v1/projects/-/serviceAccounts/dbt-logistics-runner@project-592ab4fe-f210-4e44-9b9.iam.gserviceaccount.com/allowedLocations
[2026-07-01T05:29:40.646+0000] {subprocess.py:93} INFO - WARNING:urllib3.connectionpool:Retrying (Retry(total=2, connect=None, read=None, redirect=None, status=None)) after connection broken by 'SSLError(SSLEOFError(8, '[SSL: UNEXPECTED_EOF_WHILE_READING] EOF occurred in violation of protocol (_ssl.c:1000)'))': /v1/projects/-/serviceAccounts/dbt-logistics-runner@project-592ab4fe-f210-4e44-9b9.iam.gserviceaccount.com/allowedLocations
[2026-07-01T05:29:42.980+0000] {subprocess.py:93} INFO - [0m05:29:42  3 of 5 OK created sql view model logistics_mart.stg_shipments .................. [[32mCREATE VIEW (0 processed)[0m in 1489.89s]
[2026-07-01T05:29:43.073+0000] {subprocess.py:93} INFO - [0m05:29:43  2 of 5 OK created sql table model logistics_mart.dim_hubs ...................... [[32mCREATE TABLE (3.0 rows, 149.0 Bytes processed)[0m in 1489.98s]
[2026-07-01T05:29:43.075+0000] {subprocess.py:93} INFO - [0m05:29:43  5 of 5 START sql table model logistics_mart.fact_shipment_weather .............. [RUN]
[2026-07-01T05:29:46.564+0000] {subprocess.py:93} INFO - [0m05:29:46  5 of 5 ERROR creating sql table model logistics_mart.fact_shipment_weather ..... [[31mERROR[0m in 3.49s]
[2026-07-01T05:29:48.443+0000] {subprocess.py:93} INFO - [0m05:29:48  1 of 5 OK created sql table model logistics_mart.dim_drivers ................... [[32mCREATE TABLE (3.0 rows, 108.0 Bytes processed)[0m in 1495.35s]
[2026-07-01T05:29:48.496+0000] {subprocess.py:93} INFO - [0m05:29:48
[2026-07-01T05:29:48.497+0000] {subprocess.py:93} INFO - [0m05:29:48  Finished running 3 table models, 2 view models in 0 hours 24 minutes and 57.14 seconds (1497.14s).
[2026-07-01T05:29:48.533+0000] {subprocess.py:93} INFO - [0m05:29:48
[2026-07-01T05:29:48.534+0000] {subprocess.py:93} INFO - [0m05:29:48  [31mCompleted with 1 error, 0 partial successes, and 0 warnings:[0m
[2026-07-01T05:29:48.534+0000] {subprocess.py:93} INFO - [0m05:29:48
[2026-07-01T05:29:48.535+0000] {subprocess.py:93} INFO - [0m05:29:48  [31mFailure in model fact_shipment_weather (models/mart/fact_shipment_weather.sql)[0m
[2026-07-01T05:29:48.535+0000] {subprocess.py:93} INFO - [0m05:29:48    Database Error in model fact_shipment_weather (models/mart/fact_shipment_weather.sql)
[2026-07-01T05:29:48.535+0000] {subprocess.py:93} INFO -   409 POST https://bigquery.googleapis.com/bigquery/v2/projects/logistics-500519/jobs?prettyPrint=false: Already Exists: Job logistics-500519:US.9349f7c8-47eb-430e-8e48-f10df7c88140
[2026-07-01T05:29:48.535+0000] {subprocess.py:93} INFO - 
[2026-07-01T05:29:48.535+0000] {subprocess.py:93} INFO -   Location: None
[2026-07-01T05:29:48.536+0000] {subprocess.py:93} INFO -   Job ID: 9349f7c8-47eb-430e-8e48-f10df7c88140
[2026-07-01T05:29:48.536+0000] {subprocess.py:93} INFO - 
[2026-07-01T05:29:48.536+0000] {subprocess.py:93} INFO -   compiled code at target/run/logistics_lakehouse/models/mart/fact_shipment_weather.sql
[2026-07-01T05:29:48.536+0000] {subprocess.py:93} INFO - [0m05:29:48
[2026-07-01T05:29:48.536+0000] {subprocess.py:93} INFO - [0m05:29:48    compiled code at target/compiled/logistics_lakehouse/models/mart/fact_shipment_weather.sql
[2026-07-01T05:29:48.536+0000] {subprocess.py:93} INFO - [0m05:29:48
[2026-07-01T05:29:48.536+0000] {subprocess.py:93} INFO - [0m05:29:48  Done. PASS=4 WARN=0 ERROR=1 SKIP=0 NO-OP=0 TOTAL=5
[2026-07-01T05:29:50.467+0000] {subprocess.py:97} INFO - Command exited with return code 1
[2026-07-01T05:29:50.468+0000] {taskinstance.py:441} INFO - ::group::Post task execution logs
[2026-07-01T05:29:50.481+0000] {taskinstance.py:2905} ERROR - Task failed with exception
Traceback (most recent call last):
  File "/home/airflow/.local/lib/python3.12/site-packages/airflow/models/taskinstance.py", line 465, in _execute_task
    result = _execute_callable(context=context, **execute_callable_kwargs)
             ^^^^^^^^^^^^^^^^^^^^^^^^^^^^^^^^^^^^^^^^^^^^^^^^^^^^^^^^^^^^^
  File "/home/airflow/.local/lib/python3.12/site-packages/airflow/models/taskinstance.py", line 432, in _execute_callable
    return execute_callable(context=context, **execute_callable_kwargs)
           ^^^^^^^^^^^^^^^^^^^^^^^^^^^^^^^^^^^^^^^^^^^^^^^^^^^^^^^^^^^^
  File "/home/airflow/.local/lib/python3.12/site-packages/airflow/models/baseoperator.py", line 400, in wrapper
    return func(self, *args, **kwargs)
           ^^^^^^^^^^^^^^^^^^^^^^^^^^^
  File "/home/airflow/.local/lib/python3.12/site-packages/airflow/operators/bash.py", line 243, in execute
    raise AirflowException(
airflow.exceptions.AirflowException: Bash command failed. The command returned a non-zero exit code 1.
[2026-07-01T05:29:50.486+0000] {taskinstance.py:1206} INFO - Marking task as UP_FOR_RETRY. dag_id=gold_dbt_dag, task_id=trigger_dbt_build, run_id=dataset_triggered__2026-07-01T05:04:47.222793+00:00, execution_date=20260701T050447, start_date=20260701T050448, end_date=20260701T052950
[2026-07-01T05:29:50.495+0000] {standard_task_runner.py:110} ERROR - Failed to execute job 29 for task trigger_dbt_build (Bash command failed. The command returned a non-zero exit code 1.; 7982)
[2026-07-01T05:29:50.518+0000] {local_task_job_runner.py:240} INFO - Task exited with return code 1
[2026-07-01T05:29:50.530+0000] {taskinstance.py:3498} INFO - 0 downstream tasks scheduled from follow-on schedule check
[2026-07-01T05:29:50.530+0000] {local_task_job_runner.py:222} INFO - ::endgroup::
