[2026-07-06T13:06:20.540+0000] {local_task_job_runner.py:120} INFO - ::group::Pre task execution logs
[2026-07-06T13:06:20.562+0000] {taskinstance.py:2076} INFO - Dependencies all met for dep_context=non-requeueable deps ti=<TaskInstance: gold_dbt_dag.trigger_dbt_build dataset_triggered__2026-07-06T13:06:20.089885+00:00 [queued]>
[2026-07-06T13:06:20.565+0000] {taskinstance.py:2076} INFO - Dependencies all met for dep_context=requeueable deps ti=<TaskInstance: gold_dbt_dag.trigger_dbt_build dataset_triggered__2026-07-06T13:06:20.089885+00:00 [queued]>
[2026-07-06T13:06:20.566+0000] {taskinstance.py:2306} INFO - Starting attempt 1 of 2
[2026-07-06T13:06:20.571+0000] {taskinstance.py:2330} INFO - Executing <Task(BashOperator): trigger_dbt_build> on 2026-07-06 13:06:20.089885+00:00
[2026-07-06T13:06:20.575+0000] {standard_task_runner.py:90} INFO - Running: ['***', 'tasks', 'run', 'gold_dbt_dag', 'trigger_dbt_build', 'dataset_triggered__2026-07-06T13:06:20.089885+00:00', '--job-id', '815', '--raw', '--subdir', 'DAGS_FOLDER/dag_gold_dbt.py', '--cfg-path', '/tmp/tmp4p0q3jh2']
[2026-07-06T13:06:20.577+0000] {standard_task_runner.py:91} INFO - Job 815: Subtask trigger_dbt_build
[2026-07-06T13:06:20.577+0000] {logging_mixin.py:188} WARNING - /home/***/.local/lib/python3.12/site-packages/***/task/task_runner/standard_task_runner.py:61 DeprecationWarning: This process (pid=76002) is multi-threaded, use of fork() may lead to deadlocks in the child.
[2026-07-06T13:06:20.577+0000] {standard_task_runner.py:63} INFO - Started process 76003 to run task
[2026-07-06T13:06:20.602+0000] {task_command.py:426} INFO - Running <TaskInstance: gold_dbt_dag.trigger_dbt_build dataset_triggered__2026-07-06T13:06:20.089885+00:00 [running]> on host bd23e89d97be
[2026-07-06T13:06:20.639+0000] {taskinstance.py:2648} INFO - Exporting env vars: AIRFLOW_CTX_DAG_OWNER='data_engineer' AIRFLOW_CTX_DAG_ID='gold_dbt_dag' AIRFLOW_CTX_TASK_ID='trigger_dbt_build' AIRFLOW_CTX_EXECUTION_DATE='2026-07-06T13:06:20.089885+00:00' AIRFLOW_CTX_TRY_NUMBER='1' AIRFLOW_CTX_DAG_RUN_ID='dataset_triggered__2026-07-06T13:06:20.089885+00:00'
[2026-07-06T13:06:20.639+0000] {taskinstance.py:430} INFO - ::endgroup::
[2026-07-06T13:06:20.648+0000] {subprocess.py:63} INFO - Tmp dir root location: /tmp
[2026-07-06T13:06:20.649+0000] {subprocess.py:75} INFO - Running command: ['/usr/bin/bash', '-c', 'cd /opt/***/dbt && dbt build --profiles-dir . --target dev']
[2026-07-06T13:06:20.652+0000] {subprocess.py:86} INFO - Output:
[2026-07-06T13:06:21.689+0000] {subprocess.py:93} INFO - [0m13:06:21  Running with dbt=1.11.11
[2026-07-06T13:06:22.143+0000] {subprocess.py:93} INFO - [0m13:06:22  Registered adapter: bigquery=1.11.3
[2026-07-06T13:06:22.371+0000] {subprocess.py:93} INFO - [0m13:06:22  Found 5 models, 4 sources, 553 macros
[2026-07-06T13:06:22.372+0000] {subprocess.py:93} INFO - [0m13:06:22
[2026-07-06T13:06:22.373+0000] {subprocess.py:93} INFO - [0m13:06:22  Concurrency: 4 threads (target='dev')
[2026-07-06T13:06:22.373+0000] {subprocess.py:93} INFO - [0m13:06:22
[2026-07-06T13:06:24.073+0000] {subprocess.py:93} INFO - [0m13:06:24  1 of 5 START sql table model logistics_mart.dim_drivers ........................ [RUN]
[2026-07-06T13:06:24.074+0000] {subprocess.py:93} INFO - [0m13:06:24  2 of 5 START sql table model logistics_mart.dim_hubs ........................... [RUN]
[2026-07-06T13:06:24.074+0000] {subprocess.py:93} INFO - [0m13:06:24  3 of 5 START sql view model logistics_mart.stg_shipments ....................... [RUN]
[2026-07-06T13:06:24.075+0000] {subprocess.py:93} INFO - [0m13:06:24  4 of 5 START sql view model logistics_mart.stg_weather ......................... [RUN]
[2026-07-06T13:06:26.222+0000] {subprocess.py:93} INFO - [0m13:06:26  3 of 5 OK created sql view model logistics_mart.stg_shipments .................. [[32mCREATE VIEW (0 processed)[0m in 2.14s]
[2026-07-06T13:06:26.234+0000] {subprocess.py:93} INFO - [0m13:06:26  4 of 5 OK created sql view model logistics_mart.stg_weather .................... [[32mCREATE VIEW (0 processed)[0m in 2.16s]
[2026-07-06T13:06:28.026+0000] {subprocess.py:93} INFO - [0m13:06:28  1 of 5 OK created sql table model logistics_mart.dim_drivers ................... [[32mCREATE TABLE (3.0 rows, 108.0 Bytes processed)[0m in 3.95s]
[2026-07-06T13:06:28.030+0000] {subprocess.py:93} INFO - [0m13:06:28  2 of 5 OK created sql table model logistics_mart.dim_hubs ...................... [[32mCREATE TABLE (3.0 rows, 149.0 Bytes processed)[0m in 3.95s]
[2026-07-06T13:06:28.033+0000] {subprocess.py:93} INFO - [0m13:06:28  5 of 5 START sql table model logistics_mart.fact_shipment_weather .............. [RUN]
[2026-07-06T13:06:32.261+0000] {subprocess.py:93} INFO - [0m13:06:32  5 of 5 OK created sql table model logistics_mart.fact_shipment_weather ......... [[32mCREATE TABLE (965.0 rows, 61.2 KiB processed)[0m in 4.22s]
[2026-07-06T13:06:32.295+0000] {subprocess.py:93} INFO - [0m13:06:32
[2026-07-06T13:06:32.295+0000] {subprocess.py:93} INFO - [0m13:06:32  Finished running 3 table models, 2 view models in 0 hours 0 minutes and 9.92 seconds (9.92s).
[2026-07-06T13:06:32.325+0000] {subprocess.py:93} INFO - [0m13:06:32
[2026-07-06T13:06:32.326+0000] {subprocess.py:93} INFO - [0m13:06:32  [32mCompleted successfully[0m
[2026-07-06T13:06:32.326+0000] {subprocess.py:93} INFO - [0m13:06:32
[2026-07-06T13:06:32.326+0000] {subprocess.py:93} INFO - [0m13:06:32  Done. PASS=5 WARN=0 ERROR=0 SKIP=0 NO-OP=0 TOTAL=5
[2026-07-06T13:06:34.104+0000] {subprocess.py:97} INFO - Command exited with return code 0
[2026-07-06T13:06:34.104+0000] {taskinstance.py:441} INFO - ::group::Post task execution logs
[2026-07-06T13:06:34.119+0000] {taskinstance.py:1206} INFO - Marking task as SUCCESS. dag_id=gold_dbt_dag, task_id=trigger_dbt_build, run_id=dataset_triggered__2026-07-06T13:06:20.089885+00:00, execution_date=20260706T130620, start_date=20260706T130620, end_date=20260706T130634
[2026-07-06T13:06:34.133+0000] {local_task_job_runner.py:240} INFO - Task exited with return code 0
[2026-07-06T13:06:34.140+0000] {taskinstance.py:3498} INFO - 0 downstream tasks scheduled from follow-on schedule check
[2026-07-06T13:06:34.140+0000] {local_task_job_runner.py:222} INFO - ::endgroup::
