[2026-07-11T17:20:30.627+0000] {local_task_job_runner.py:120} INFO - ::group::Pre task execution logs
[2026-07-11T17:20:30.821+0000] {taskinstance.py:2076} INFO - Dependencies all met for dep_context=non-requeueable deps ti=<TaskInstance: gold_dbt_dag.trigger_dbt_build manual__2026-07-11T17:20:29.284037+00:00 [queued]>
[2026-07-11T17:20:30.848+0000] {taskinstance.py:2076} INFO - Dependencies all met for dep_context=requeueable deps ti=<TaskInstance: gold_dbt_dag.trigger_dbt_build manual__2026-07-11T17:20:29.284037+00:00 [queued]>
[2026-07-11T17:20:30.849+0000] {taskinstance.py:2306} INFO - Starting attempt 1 of 2
[2026-07-11T17:20:30.870+0000] {taskinstance.py:2330} INFO - Executing <Task(BashOperator): trigger_dbt_build> on 2026-07-11 17:20:29.284037+00:00
[2026-07-11T17:20:30.884+0000] {standard_task_runner.py:90} INFO - Running: ['***', 'tasks', 'run', 'gold_dbt_dag', 'trigger_dbt_build', 'manual__2026-07-11T17:20:29.284037+00:00', '--job-id', '24', '--raw', '--subdir', 'DAGS_FOLDER/dag_gold_dbt.py', '--cfg-path', '/tmp/tmpk4bt7e8z']
[2026-07-11T17:20:30.889+0000] {standard_task_runner.py:91} INFO - Job 24: Subtask trigger_dbt_build
[2026-07-11T17:20:30.889+0000] {logging_mixin.py:188} WARNING - /home/***/.local/lib/python3.12/site-packages/***/task/task_runner/standard_task_runner.py:61 DeprecationWarning: This process (pid=5864) is multi-threaded, use of fork() may lead to deadlocks in the child.
[2026-07-11T17:20:30.890+0000] {standard_task_runner.py:63} INFO - Started process 5865 to run task
[2026-07-11T17:20:30.949+0000] {task_command.py:426} INFO - Running <TaskInstance: gold_dbt_dag.trigger_dbt_build manual__2026-07-11T17:20:29.284037+00:00 [running]> on host ad4e12f53b08
[2026-07-11T17:20:31.043+0000] {taskinstance.py:2648} INFO - Exporting env vars: AIRFLOW_CTX_DAG_OWNER='data_engineer' AIRFLOW_CTX_DAG_ID='gold_dbt_dag' AIRFLOW_CTX_TASK_ID='trigger_dbt_build' AIRFLOW_CTX_EXECUTION_DATE='2026-07-11T17:20:29.284037+00:00' AIRFLOW_CTX_TRY_NUMBER='1' AIRFLOW_CTX_DAG_RUN_ID='manual__2026-07-11T17:20:29.284037+00:00'
[2026-07-11T17:20:31.045+0000] {taskinstance.py:430} INFO - ::endgroup::
[2026-07-11T17:20:31.076+0000] {subprocess.py:63} INFO - Tmp dir root location: /tmp
[2026-07-11T17:20:31.079+0000] {subprocess.py:75} INFO - Running command: ['/usr/bin/bash', '-c', 'cd /opt/***/dbt && dbt build --profiles-dir . --target dev']
[2026-07-11T17:20:31.087+0000] {subprocess.py:86} INFO - Output:
[2026-07-11T17:20:32.921+0000] {subprocess.py:93} INFO - [0m17:20:32  Running with dbt=1.11.11
[2026-07-11T17:20:33.723+0000] {subprocess.py:93} INFO - [0m17:20:33  Registered adapter: bigquery=1.11.3
[2026-07-11T17:20:34.014+0000] {subprocess.py:93} INFO - [0m17:20:34  Found 6 models, 4 sources, 553 macros
[2026-07-11T17:20:34.015+0000] {subprocess.py:93} INFO - [0m17:20:34
[2026-07-11T17:20:34.015+0000] {subprocess.py:93} INFO - [0m17:20:34  Concurrency: 4 threads (target='dev')
[2026-07-11T17:20:34.015+0000] {subprocess.py:93} INFO - [0m17:20:34
[2026-07-11T17:20:35.756+0000] {subprocess.py:93} INFO - [0m17:20:35  1 of 6 START sql table model logistics_mart.dim_drivers ........................ [RUN]
[2026-07-11T17:20:35.757+0000] {subprocess.py:93} INFO - [0m17:20:35  2 of 6 START sql table model logistics_mart.dim_hubs ........................... [RUN]
[2026-07-11T17:20:35.758+0000] {subprocess.py:93} INFO - [0m17:20:35  3 of 6 START sql view model logistics_mart.stg_shipments ....................... [RUN]
[2026-07-11T17:20:35.758+0000] {subprocess.py:93} INFO - [0m17:20:35  4 of 6 START sql view model logistics_mart.stg_weather ......................... [RUN]
[2026-07-11T17:20:37.797+0000] {subprocess.py:93} INFO - [0m17:20:37  4 of 6 OK created sql view model logistics_mart.stg_weather .................... [[32mCREATE VIEW (0 processed)[0m in 2.04s]
[2026-07-11T17:20:37.800+0000] {subprocess.py:93} INFO - [0m17:20:37  5 of 6 START sql view model logistics_mart.stg_weather_consensus ............... [RUN]
[2026-07-11T17:20:37.824+0000] {subprocess.py:93} INFO - [0m17:20:37  3 of 6 OK created sql view model logistics_mart.stg_shipments .................. [[32mCREATE VIEW (0 processed)[0m in 2.06s]
[2026-07-11T17:20:37.883+0000] {subprocess.py:93} INFO - [0m17:20:37  BigQuery adapter: https://console.cloud.google.com/bigquery?project=logistics-500519&j=bq:US:8d79b9dc-7849-433e-831d-e492efc72bec&page=queryresults
[2026-07-11T17:20:37.892+0000] {subprocess.py:93} INFO - [0m17:20:37  2 of 6 ERROR creating sql table model logistics_mart.dim_hubs .................. [[31mERROR[0m in 2.13s]
[2026-07-11T17:20:37.899+0000] {subprocess.py:93} INFO - [0m17:20:37  BigQuery adapter: https://console.cloud.google.com/bigquery?project=logistics-500519&j=bq:US:de4f2a6d-5fd0-49d2-a8ae-6a8c888727bf&page=queryresults
[2026-07-11T17:20:37.902+0000] {subprocess.py:93} INFO - [0m17:20:37  1 of 6 ERROR creating sql table model logistics_mart.dim_drivers ............... [[31mERROR[0m in 2.14s]
[2026-07-11T17:20:39.592+0000] {subprocess.py:93} INFO - [0m17:20:39  5 of 6 OK created sql view model logistics_mart.stg_weather_consensus .......... [[32mCREATE VIEW (0 processed)[0m in 1.79s]
[2026-07-11T17:20:39.597+0000] {subprocess.py:93} INFO - [0m17:20:39  6 of 6 SKIP relation logistics_mart.fact_shipment_weather ...................... [[33mSKIP[0m]
[2026-07-11T17:20:39.643+0000] {subprocess.py:93} INFO - [0m17:20:39
[2026-07-11T17:20:39.643+0000] {subprocess.py:93} INFO - [0m17:20:39  Finished running 3 table models, 3 view models in 0 hours 0 minutes and 5.63 seconds (5.63s).
[2026-07-11T17:20:39.676+0000] {subprocess.py:93} INFO - [0m17:20:39
[2026-07-11T17:20:39.677+0000] {subprocess.py:93} INFO - [0m17:20:39  [31mCompleted with 2 errors, 0 partial successes, and 0 warnings:[0m
[2026-07-11T17:20:39.677+0000] {subprocess.py:93} INFO - [0m17:20:39
[2026-07-11T17:20:39.677+0000] {subprocess.py:93} INFO - [0m17:20:39  [31mFailure in model dim_hubs (models/mart/dim_hubs.sql)[0m
[2026-07-11T17:20:39.678+0000] {subprocess.py:93} INFO - [0m17:20:39    Database Error in model dim_hubs (models/mart/dim_hubs.sql)
[2026-07-11T17:20:39.678+0000] {subprocess.py:93} INFO -   Unrecognized name: is_current at [24:7]
[2026-07-11T17:20:39.678+0000] {subprocess.py:93} INFO -   compiled code at target/run/logistics_lakehouse/models/mart/dim_hubs.sql
[2026-07-11T17:20:39.678+0000] {subprocess.py:93} INFO - [0m17:20:39
[2026-07-11T17:20:39.678+0000] {subprocess.py:93} INFO - [0m17:20:39    compiled code at target/compiled/logistics_lakehouse/models/mart/dim_hubs.sql
[2026-07-11T17:20:39.678+0000] {subprocess.py:93} INFO - [0m17:20:39
[2026-07-11T17:20:39.679+0000] {subprocess.py:93} INFO - [0m17:20:39  [31mFailure in model dim_drivers (models/mart/dim_drivers.sql)[0m
[2026-07-11T17:20:39.679+0000] {subprocess.py:93} INFO - [0m17:20:39    Database Error in model dim_drivers (models/mart/dim_drivers.sql)
[2026-07-11T17:20:39.679+0000] {subprocess.py:93} INFO -   Unrecognized name: is_current at [24:7]
[2026-07-11T17:20:39.679+0000] {subprocess.py:93} INFO -   compiled code at target/run/logistics_lakehouse/models/mart/dim_drivers.sql
[2026-07-11T17:20:39.679+0000] {subprocess.py:93} INFO - [0m17:20:39
[2026-07-11T17:20:39.679+0000] {subprocess.py:93} INFO - [0m17:20:39    compiled code at target/compiled/logistics_lakehouse/models/mart/dim_drivers.sql
[2026-07-11T17:20:39.680+0000] {subprocess.py:93} INFO - [0m17:20:39
[2026-07-11T17:20:39.680+0000] {subprocess.py:93} INFO - [0m17:20:39  Done. PASS=3 WARN=0 ERROR=2 SKIP=1 NO-OP=0 TOTAL=6
[2026-07-11T17:20:41.588+0000] {subprocess.py:97} INFO - Command exited with return code 1
[2026-07-11T17:20:41.601+0000] {taskinstance.py:441} INFO - ::group::Post task execution logs
[2026-07-11T17:20:41.620+0000] {taskinstance.py:2905} ERROR - Task failed with exception
Traceback (most recent call last):
  File "/home/airflow/.local/lib/python3.12/site-packages/airflow/models/taskinstance.py", line 465, in _execute_task
    result = _execute_callable(context=context, **execute_callable_kwargs)
             ^^^^^^^^^^^^^^^^^^^^^^^^^^^^^^^^^^^^^^^^^^^^^^^^^^^^^^^^^^^^^
  File "/home/airflow/.local/lib/python3.12/site-packages/airflow/models/taskinstance.py", line 432, in _execute_callable
    return execute_callable(context=context, **execute_callable_kwargs)
           ^^^^^^^^^^^^^^^^^^^^^^^^^^^^^^^^^^^^^^^^^^^^^^^^^^^^^^^^^^^^
  File "/home/airflow/.local/lib/python3.12/site-packages/airflow/models/baseoperator.py", line 400, in wrapper
    return func(self, *args, **kwargs)
           ^^^^^^^^^^^^^^^^^^^^^^^^^^^
  File "/home/airflow/.local/lib/python3.12/site-packages/airflow/operators/bash.py", line 243, in execute
    raise AirflowException(
airflow.exceptions.AirflowException: Bash command failed. The command returned a non-zero exit code 1.
[2026-07-11T17:20:41.627+0000] {taskinstance.py:1206} INFO - Marking task as UP_FOR_RETRY. dag_id=gold_dbt_dag, task_id=trigger_dbt_build, run_id=manual__2026-07-11T17:20:29.284037+00:00, execution_date=20260711T172029, start_date=20260711T172030, end_date=20260711T172041
[2026-07-11T17:20:41.640+0000] {standard_task_runner.py:110} ERROR - Failed to execute job 24 for task trigger_dbt_build (Bash command failed. The command returned a non-zero exit code 1.; 5865)
[2026-07-11T17:20:41.687+0000] {local_task_job_runner.py:240} INFO - Task exited with return code 1
[2026-07-11T17:20:41.710+0000] {taskinstance.py:3498} INFO - 0 downstream tasks scheduled from follow-on schedule check
[2026-07-11T17:20:41.711+0000] {local_task_job_runner.py:222} INFO - ::endgroup::
