[2026-07-11T18:25:00.623+0000] {local_task_job_runner.py:120} INFO - ::group::Pre task execution logs
[2026-07-11T18:25:00.647+0000] {taskinstance.py:2076} INFO - Dependencies all met for dep_context=non-requeueable deps ti=<TaskInstance: gold_dbt_dag.trigger_dbt_build manual__2026-07-11T17:20:29.284037+00:00 [queued]>
[2026-07-11T18:25:00.653+0000] {taskinstance.py:2076} INFO - Dependencies all met for dep_context=requeueable deps ti=<TaskInstance: gold_dbt_dag.trigger_dbt_build manual__2026-07-11T17:20:29.284037+00:00 [queued]>
[2026-07-11T18:25:00.653+0000] {taskinstance.py:2306} INFO - Starting attempt 2 of 2
[2026-07-11T18:25:00.660+0000] {taskinstance.py:2330} INFO - Executing <Task(BashOperator): trigger_dbt_build> on 2026-07-11 17:20:29.284037+00:00
[2026-07-11T18:25:00.665+0000] {logging_mixin.py:188} WARNING - /home/***/.local/lib/python3.12/site-packages/***/task/task_runner/standard_task_runner.py:61 DeprecationWarning: This process (pid=5948) is multi-threaded, use of fork() may lead to deadlocks in the child.
[2026-07-11T18:25:00.667+0000] {standard_task_runner.py:63} INFO - Started process 5963 to run task
[2026-07-11T18:25:00.672+0000] {standard_task_runner.py:90} INFO - Running: ['***', 'tasks', 'run', 'gold_dbt_dag', 'trigger_dbt_build', 'manual__2026-07-11T17:20:29.284037+00:00', '--job-id', '25', '--raw', '--subdir', 'DAGS_FOLDER/dag_gold_dbt.py', '--cfg-path', '/tmp/tmpjtei_zuo']
[2026-07-11T18:25:00.677+0000] {standard_task_runner.py:91} INFO - Job 25: Subtask trigger_dbt_build
[2026-07-11T18:25:00.712+0000] {task_command.py:426} INFO - Running <TaskInstance: gold_dbt_dag.trigger_dbt_build manual__2026-07-11T17:20:29.284037+00:00 [running]> on host ad4e12f53b08
[2026-07-11T18:25:00.764+0000] {taskinstance.py:2648} INFO - Exporting env vars: AIRFLOW_CTX_DAG_OWNER='data_engineer' AIRFLOW_CTX_DAG_ID='gold_dbt_dag' AIRFLOW_CTX_TASK_ID='trigger_dbt_build' AIRFLOW_CTX_EXECUTION_DATE='2026-07-11T17:20:29.284037+00:00' AIRFLOW_CTX_TRY_NUMBER='2' AIRFLOW_CTX_DAG_RUN_ID='manual__2026-07-11T17:20:29.284037+00:00'
[2026-07-11T18:25:00.764+0000] {taskinstance.py:430} INFO - ::endgroup::
[2026-07-11T18:25:00.772+0000] {subprocess.py:63} INFO - Tmp dir root location: /tmp
[2026-07-11T18:25:00.773+0000] {subprocess.py:75} INFO - Running command: ['/usr/bin/bash', '-c', 'cd /opt/***/dbt && dbt build --profiles-dir . --target dev']
[2026-07-11T18:25:00.777+0000] {subprocess.py:86} INFO - Output:
[2026-07-11T18:25:02.944+0000] {subprocess.py:93} INFO - [0m18:25:02  Running with dbt=1.11.11
[2026-07-11T18:25:04.222+0000] {subprocess.py:93} INFO - [0m18:25:04  Registered adapter: bigquery=1.11.3
[2026-07-11T18:25:04.737+0000] {subprocess.py:93} INFO - [0m18:25:04  Found 6 models, 4 sources, 553 macros
[2026-07-11T18:25:04.743+0000] {subprocess.py:93} INFO - [0m18:25:04
[2026-07-11T18:25:04.747+0000] {subprocess.py:93} INFO - [0m18:25:04  Concurrency: 4 threads (target='dev')
[2026-07-11T18:25:04.750+0000] {subprocess.py:93} INFO - [0m18:25:04
[2026-07-11T18:25:06.205+0000] {subprocess.py:93} INFO - [0m18:25:06  1 of 6 START sql table model logistics_mart.dim_drivers ........................ [RUN]
[2026-07-11T18:25:06.208+0000] {subprocess.py:93} INFO - [0m18:25:06  2 of 6 START sql table model logistics_mart.dim_hubs ........................... [RUN]
[2026-07-11T18:25:06.209+0000] {subprocess.py:93} INFO - [0m18:25:06  3 of 6 START sql view model logistics_mart.stg_shipments ....................... [RUN]
[2026-07-11T18:25:06.209+0000] {subprocess.py:93} INFO - [0m18:25:06  4 of 6 START sql view model logistics_mart.stg_weather ......................... [RUN]
[2026-07-11T18:25:08.183+0000] {subprocess.py:93} INFO - [0m18:25:08  3 of 6 OK created sql view model logistics_mart.stg_shipments .................. [[32mCREATE VIEW (0 processed)[0m in 1.97s]
[2026-07-11T18:25:08.186+0000] {subprocess.py:93} INFO - [0m18:25:08  5 of 6 START sql view model logistics_mart.stg_weather_consensus ............... [RUN]
[2026-07-11T18:25:08.207+0000] {subprocess.py:93} INFO - [0m18:25:08  4 of 6 OK created sql view model logistics_mart.stg_weather .................... [[32mCREATE VIEW (0 processed)[0m in 2.00s]
[2026-07-11T18:25:08.230+0000] {subprocess.py:93} INFO - [0m18:25:08  BigQuery adapter: https://console.cloud.google.com/bigquery?project=logistics-500519&j=bq:US:9beb3f07-5f17-40dd-b745-f2c6401bd747&page=queryresults
[2026-07-11T18:25:08.250+0000] {subprocess.py:93} INFO - [0m18:25:08  1 of 6 ERROR creating sql table model logistics_mart.dim_drivers ............... [[31mERROR[0m in 2.04s]
[2026-07-11T18:25:08.361+0000] {subprocess.py:93} INFO - [0m18:25:08  BigQuery adapter: https://console.cloud.google.com/bigquery?project=logistics-500519&j=bq:US:9970c943-4fd1-4f29-a295-08692f5da5c4&page=queryresults
[2026-07-11T18:25:08.367+0000] {subprocess.py:93} INFO - [0m18:25:08  2 of 6 ERROR creating sql table model logistics_mart.dim_hubs .................. [[31mERROR[0m in 2.16s]
[2026-07-11T18:25:17.419+0000] {subprocess.py:93} INFO - [0m18:25:17  5 of 6 ERROR creating sql view model logistics_mart.stg_weather_consensus ...... [[31mERROR[0m in 9.22s]
[2026-07-11T18:25:17.432+0000] {subprocess.py:93} INFO - [0m18:25:17  6 of 6 SKIP relation logistics_mart.fact_shipment_weather ...................... [[33mSKIP[0m]
[2026-07-11T18:25:17.496+0000] {subprocess.py:93} INFO - [0m18:25:17
[2026-07-11T18:25:17.497+0000] {subprocess.py:93} INFO - [0m18:25:17  Finished running 3 table models, 3 view models in 0 hours 0 minutes and 12.74 seconds (12.74s).
[2026-07-11T18:25:17.563+0000] {subprocess.py:93} INFO - [0m18:25:17
[2026-07-11T18:25:17.564+0000] {subprocess.py:93} INFO - [0m18:25:17  [31mCompleted with 3 errors, 0 partial successes, and 0 warnings:[0m
[2026-07-11T18:25:17.567+0000] {subprocess.py:93} INFO - [0m18:25:17
[2026-07-11T18:25:17.567+0000] {subprocess.py:93} INFO - [0m18:25:17  [31mFailure in model dim_drivers (models/mart/dim_drivers.sql)[0m
[2026-07-11T18:25:17.568+0000] {subprocess.py:93} INFO - [0m18:25:17    Database Error in model dim_drivers (models/mart/dim_drivers.sql)
[2026-07-11T18:25:17.569+0000] {subprocess.py:93} INFO -   Unrecognized name: is_current at [24:7]
[2026-07-11T18:25:17.569+0000] {subprocess.py:93} INFO -   compiled code at target/run/logistics_lakehouse/models/mart/dim_drivers.sql
[2026-07-11T18:25:17.569+0000] {subprocess.py:93} INFO - [0m18:25:17
[2026-07-11T18:25:17.569+0000] {subprocess.py:93} INFO - [0m18:25:17    compiled code at target/compiled/logistics_lakehouse/models/mart/dim_drivers.sql
[2026-07-11T18:25:17.570+0000] {subprocess.py:93} INFO - [0m18:25:17
[2026-07-11T18:25:17.570+0000] {subprocess.py:93} INFO - [0m18:25:17  [31mFailure in model dim_hubs (models/mart/dim_hubs.sql)[0m
[2026-07-11T18:25:17.570+0000] {subprocess.py:93} INFO - [0m18:25:17    Database Error in model dim_hubs (models/mart/dim_hubs.sql)
[2026-07-11T18:25:17.571+0000] {subprocess.py:93} INFO -   Unrecognized name: is_current at [24:7]
[2026-07-11T18:25:17.571+0000] {subprocess.py:93} INFO -   compiled code at target/run/logistics_lakehouse/models/mart/dim_hubs.sql
[2026-07-11T18:25:17.573+0000] {subprocess.py:93} INFO - [0m18:25:17
[2026-07-11T18:25:17.573+0000] {subprocess.py:93} INFO - [0m18:25:17    compiled code at target/compiled/logistics_lakehouse/models/mart/dim_hubs.sql
[2026-07-11T18:25:17.573+0000] {subprocess.py:93} INFO - [0m18:25:17
[2026-07-11T18:25:17.573+0000] {subprocess.py:93} INFO - [0m18:25:17  [31mFailure in model stg_weather_consensus (models/staging/stg_weather_consensus.sql)[0m
[2026-07-11T18:25:17.573+0000] {subprocess.py:93} INFO - [0m18:25:17    Database Error in model stg_weather_consensus (models/staging/stg_weather_consensus.sql)
[2026-07-11T18:25:17.574+0000] {subprocess.py:93} INFO -   409 POST https://bigquery.googleapis.com/bigquery/v2/projects/logistics-500519/jobs?prettyPrint=false: Already Exists: Job logistics-500519:US.b905c250-e11b-4fda-9371-33791f5c60b8
[2026-07-11T18:25:17.574+0000] {subprocess.py:93} INFO - 
[2026-07-11T18:25:17.574+0000] {subprocess.py:93} INFO -   Location: None
[2026-07-11T18:25:17.574+0000] {subprocess.py:93} INFO -   Job ID: b905c250-e11b-4fda-9371-33791f5c60b8
[2026-07-11T18:25:17.575+0000] {subprocess.py:93} INFO - 
[2026-07-11T18:25:17.575+0000] {subprocess.py:93} INFO -   compiled code at target/run/logistics_lakehouse/models/staging/stg_weather_consensus.sql
[2026-07-11T18:25:17.575+0000] {subprocess.py:93} INFO - [0m18:25:17
[2026-07-11T18:25:17.575+0000] {subprocess.py:93} INFO - [0m18:25:17    compiled code at target/compiled/logistics_lakehouse/models/staging/stg_weather_consensus.sql
[2026-07-11T18:25:17.575+0000] {subprocess.py:93} INFO - [0m18:25:17
[2026-07-11T18:25:17.575+0000] {subprocess.py:93} INFO - [0m18:25:17  Done. PASS=2 WARN=0 ERROR=3 SKIP=1 NO-OP=0 TOTAL=6
[2026-07-11T18:25:19.182+0000] {subprocess.py:97} INFO - Command exited with return code 1
[2026-07-11T18:25:19.187+0000] {taskinstance.py:441} INFO - ::group::Post task execution logs
[2026-07-11T18:25:19.232+0000] {taskinstance.py:2905} ERROR - Task failed with exception
Traceback (most recent call last):
  File "/home/airflow/.local/lib/python3.12/site-packages/airflow/models/taskinstance.py", line 465, in _execute_task
    result = _execute_callable(context=context, **execute_callable_kwargs)
             ^^^^^^^^^^^^^^^^^^^^^^^^^^^^^^^^^^^^^^^^^^^^^^^^^^^^^^^^^^^^^
  File "/home/airflow/.local/lib/python3.12/site-packages/airflow/models/taskinstance.py", line 432, in _execute_callable
    return execute_callable(context=context, **execute_callable_kwargs)
           ^^^^^^^^^^^^^^^^^^^^^^^^^^^^^^^^^^^^^^^^^^^^^^^^^^^^^^^^^^^^
  File "/home/airflow/.local/lib/python3.12/site-packages/airflow/models/baseoperator.py", line 400, in wrapper
    return func(self, *args, **kwargs)
           ^^^^^^^^^^^^^^^^^^^^^^^^^^^
  File "/home/airflow/.local/lib/python3.12/site-packages/airflow/operators/bash.py", line 243, in execute
    raise AirflowException(
airflow.exceptions.AirflowException: Bash command failed. The command returned a non-zero exit code 1.
[2026-07-11T18:25:19.243+0000] {taskinstance.py:1206} INFO - Marking task as FAILED. dag_id=gold_dbt_dag, task_id=trigger_dbt_build, run_id=manual__2026-07-11T17:20:29.284037+00:00, execution_date=20260711T172029, start_date=20260711T182500, end_date=20260711T182519
[2026-07-11T18:25:19.268+0000] {standard_task_runner.py:110} ERROR - Failed to execute job 25 for task trigger_dbt_build (Bash command failed. The command returned a non-zero exit code 1.; 5963)
[2026-07-11T18:25:19.298+0000] {local_task_job_runner.py:240} INFO - Task exited with return code 1
[2026-07-11T18:25:19.328+0000] {taskinstance.py:3498} INFO - 0 downstream tasks scheduled from follow-on schedule check
[2026-07-11T18:25:19.329+0000] {local_task_job_runner.py:222} INFO - ::endgroup::
