[2026-07-04T05:08:51.449+0000] {local_task_job_runner.py:120} INFO - ::group::Pre task execution logs
[2026-07-04T05:08:51.493+0000] {taskinstance.py:2076} INFO - Dependencies all met for dep_context=non-requeueable deps ti=<TaskInstance: gold_dbt_dag.trigger_dbt_build dataset_triggered__2026-07-04T05:08:50.767115+00:00 [queued]>
[2026-07-04T05:08:51.500+0000] {taskinstance.py:2076} INFO - Dependencies all met for dep_context=requeueable deps ti=<TaskInstance: gold_dbt_dag.trigger_dbt_build dataset_triggered__2026-07-04T05:08:50.767115+00:00 [queued]>
[2026-07-04T05:08:51.500+0000] {taskinstance.py:2306} INFO - Starting attempt 1 of 2
[2026-07-04T05:08:51.506+0000] {taskinstance.py:2330} INFO - Executing <Task(BashOperator): trigger_dbt_build> on 2026-07-04 05:08:50.767115+00:00
[2026-07-04T05:08:51.511+0000] {standard_task_runner.py:90} INFO - Running: ['***', 'tasks', 'run', 'gold_dbt_dag', 'trigger_dbt_build', 'dataset_triggered__2026-07-04T05:08:50.767115+00:00', '--job-id', '483', '--raw', '--subdir', 'DAGS_FOLDER/dag_gold_dbt.py', '--cfg-path', '/tmp/tmpz_bjkszc']
[2026-07-04T05:08:51.515+0000] {standard_task_runner.py:91} INFO - Job 483: Subtask trigger_dbt_build
[2026-07-04T05:08:51.515+0000] {logging_mixin.py:188} WARNING - /home/***/.local/lib/python3.12/site-packages/***/task/task_runner/standard_task_runner.py:61 DeprecationWarning: This process (pid=31451) is multi-threaded, use of fork() may lead to deadlocks in the child.
[2026-07-04T05:08:51.516+0000] {standard_task_runner.py:63} INFO - Started process 31452 to run task
[2026-07-04T05:08:51.550+0000] {task_command.py:426} INFO - Running <TaskInstance: gold_dbt_dag.trigger_dbt_build dataset_triggered__2026-07-04T05:08:50.767115+00:00 [running]> on host bd23e89d97be
[2026-07-04T05:08:51.590+0000] {taskinstance.py:2648} INFO - Exporting env vars: AIRFLOW_CTX_DAG_OWNER='data_engineer' AIRFLOW_CTX_DAG_ID='gold_dbt_dag' AIRFLOW_CTX_TASK_ID='trigger_dbt_build' AIRFLOW_CTX_EXECUTION_DATE='2026-07-04T05:08:50.767115+00:00' AIRFLOW_CTX_TRY_NUMBER='1' AIRFLOW_CTX_DAG_RUN_ID='dataset_triggered__2026-07-04T05:08:50.767115+00:00'
[2026-07-04T05:08:51.591+0000] {taskinstance.py:430} INFO - ::endgroup::
[2026-07-04T05:08:51.601+0000] {subprocess.py:63} INFO - Tmp dir root location: /tmp
[2026-07-04T05:08:51.602+0000] {subprocess.py:75} INFO - Running command: ['/usr/bin/bash', '-c', 'cd /opt/***/dbt && dbt build --profiles-dir . --target dev']
[2026-07-04T05:08:51.606+0000] {subprocess.py:86} INFO - Output:
[2026-07-04T05:08:53.747+0000] {subprocess.py:93} INFO - [0m05:08:53  Running with dbt=1.11.11
[2026-07-04T05:08:55.032+0000] {subprocess.py:93} INFO - [0m05:08:55  Registered adapter: bigquery=1.11.3
[2026-07-04T05:08:55.312+0000] {subprocess.py:93} INFO - [0m05:08:55  Found 5 models, 4 sources, 553 macros
[2026-07-04T05:08:55.313+0000] {subprocess.py:93} INFO - [0m05:08:55
[2026-07-04T05:08:55.314+0000] {subprocess.py:93} INFO - [0m05:08:55  Concurrency: 4 threads (target='dev')
[2026-07-04T05:08:55.314+0000] {subprocess.py:93} INFO - [0m05:08:55
[2026-07-04T07:13:51.703+0000] {subprocess.py:93} INFO - [0m07:13:51  1 of 5 START sql table model logistics_mart.dim_drivers ........................ [RUN]
[2026-07-04T07:13:51.709+0000] {subprocess.py:93} INFO - [0m07:13:51  2 of 5 START sql table model logistics_mart.dim_hubs ........................... [RUN]
[2026-07-04T07:13:51.709+0000] {subprocess.py:93} INFO - [0m07:13:51  3 of 5 START sql view model logistics_mart.stg_shipments ....................... [RUN]
[2026-07-04T07:13:51.709+0000] {subprocess.py:93} INFO - [0m07:13:51  4 of 5 START sql view model logistics_mart.stg_weather ......................... [RUN]
[2026-07-04T07:13:53.748+0000] {subprocess.py:93} INFO - [0m07:13:53  4 of 5 OK created sql view model logistics_mart.stg_weather .................... [[32mCREATE VIEW (0 processed)[0m in 2.04s]
[2026-07-04T07:13:53.748+0000] {subprocess.py:93} INFO - [0m07:13:53  3 of 5 OK created sql view model logistics_mart.stg_shipments .................. [[32mCREATE VIEW (0 processed)[0m in 2.04s]
[2026-07-04T07:13:55.078+0000] {subprocess.py:93} INFO - [0m07:13:55  1 of 5 OK created sql table model logistics_mart.dim_drivers ................... [[32mCREATE TABLE (3.0 rows, 108.0 Bytes processed)[0m in 3.37s]
[2026-07-04T07:13:55.418+0000] {subprocess.py:93} INFO - [0m07:13:55  2 of 5 OK created sql table model logistics_mart.dim_hubs ...................... [[32mCREATE TABLE (3.0 rows, 149.0 Bytes processed)[0m in 3.71s]
[2026-07-04T07:13:55.421+0000] {subprocess.py:93} INFO - [0m07:13:55  5 of 5 START sql table model logistics_mart.fact_shipment_weather .............. [RUN]
[2026-07-04T07:14:00.186+0000] {subprocess.py:93} INFO - [0m07:14:00  5 of 5 OK created sql table model logistics_mart.fact_shipment_weather ......... [[32mCREATE TABLE (568.0 rows, 36.3 KiB processed)[0m in 4.76s]
[2026-07-04T07:14:00.233+0000] {subprocess.py:93} INFO - [0m07:14:00
[2026-07-04T07:14:00.233+0000] {subprocess.py:93} INFO - [0m07:14:00  Finished running 3 table models, 2 view models in 2 hours 5 minutes and 4.92 seconds (7504.92s).
[2026-07-04T07:14:00.264+0000] {subprocess.py:93} INFO - [0m07:14:00
[2026-07-04T07:14:00.265+0000] {subprocess.py:93} INFO - [0m07:14:00  [32mCompleted successfully[0m
[2026-07-04T07:14:00.265+0000] {subprocess.py:93} INFO - [0m07:14:00
[2026-07-04T07:14:00.265+0000] {subprocess.py:93} INFO - [0m07:14:00  Done. PASS=5 WARN=0 ERROR=0 SKIP=0 NO-OP=0 TOTAL=5
[2026-07-04T07:17:37.994+0000] {subprocess.py:97} INFO - Command exited with return code 0
[2026-07-04T07:17:37.996+0000] {taskinstance.py:441} INFO - ::group::Post task execution logs
[2026-07-04T07:17:38.029+0000] {taskinstance.py:1206} INFO - Marking task as SUCCESS. dag_id=gold_dbt_dag, task_id=trigger_dbt_build, run_id=dataset_triggered__2026-07-04T05:08:50.767115+00:00, execution_date=20260704T050850, start_date=20260704T050851, end_date=20260704T071738
[2026-07-04T07:17:38.086+0000] {local_task_job_runner.py:240} INFO - Task exited with return code 0
[2026-07-04T07:17:38.103+0000] {taskinstance.py:3498} INFO - 0 downstream tasks scheduled from follow-on schedule check
[2026-07-04T07:17:38.104+0000] {local_task_job_runner.py:222} INFO - ::endgroup::
