[2026-07-05T10:13:59.333+0000] {local_task_job_runner.py:120} INFO - ::group::Pre task execution logs
[2026-07-05T10:13:59.348+0000] {taskinstance.py:2076} INFO - Dependencies all met for dep_context=non-requeueable deps ti=<TaskInstance: gold_dbt_dag.trigger_dbt_build dataset_triggered__2026-07-05T08:05:01.850536+00:00 [queued]>
[2026-07-05T10:13:59.350+0000] {taskinstance.py:2076} INFO - Dependencies all met for dep_context=requeueable deps ti=<TaskInstance: gold_dbt_dag.trigger_dbt_build dataset_triggered__2026-07-05T08:05:01.850536+00:00 [queued]>
[2026-07-05T10:13:59.351+0000] {taskinstance.py:2306} INFO - Starting attempt 2 of 2
[2026-07-05T10:13:59.355+0000] {taskinstance.py:2330} INFO - Executing <Task(BashOperator): trigger_dbt_build> on 2026-07-05 08:05:01.850536+00:00
[2026-07-05T10:13:59.358+0000] {logging_mixin.py:188} WARNING - /home/***/.local/lib/python3.12/site-packages/***/task/task_runner/standard_task_runner.py:61 DeprecationWarning: This process (pid=49313) is multi-threaded, use of fork() may lead to deadlocks in the child.
[2026-07-05T10:13:59.358+0000] {standard_task_runner.py:63} INFO - Started process 49314 to run task
[2026-07-05T10:13:59.358+0000] {standard_task_runner.py:90} INFO - Running: ['***', 'tasks', 'run', 'gold_dbt_dag', 'trigger_dbt_build', 'dataset_triggered__2026-07-05T08:05:01.850536+00:00', '--job-id', '665', '--raw', '--subdir', 'DAGS_FOLDER/dag_gold_dbt.py', '--cfg-path', '/tmp/tmp3h1ikv7t']
[2026-07-05T10:13:59.360+0000] {standard_task_runner.py:91} INFO - Job 665: Subtask trigger_dbt_build
[2026-07-05T10:13:59.377+0000] {task_command.py:426} INFO - Running <TaskInstance: gold_dbt_dag.trigger_dbt_build dataset_triggered__2026-07-05T08:05:01.850536+00:00 [running]> on host bd23e89d97be
[2026-07-05T10:13:59.407+0000] {taskinstance.py:2648} INFO - Exporting env vars: AIRFLOW_CTX_DAG_OWNER='data_engineer' AIRFLOW_CTX_DAG_ID='gold_dbt_dag' AIRFLOW_CTX_TASK_ID='trigger_dbt_build' AIRFLOW_CTX_EXECUTION_DATE='2026-07-05T08:05:01.850536+00:00' AIRFLOW_CTX_TRY_NUMBER='2' AIRFLOW_CTX_DAG_RUN_ID='dataset_triggered__2026-07-05T08:05:01.850536+00:00'
[2026-07-05T10:13:59.407+0000] {taskinstance.py:430} INFO - ::endgroup::
[2026-07-05T10:13:59.414+0000] {subprocess.py:63} INFO - Tmp dir root location: /tmp
[2026-07-05T10:13:59.415+0000] {subprocess.py:75} INFO - Running command: ['/usr/bin/bash', '-c', 'cd /opt/***/dbt && dbt build --profiles-dir . --target dev']
[2026-07-05T10:13:59.418+0000] {subprocess.py:86} INFO - Output:
[2026-07-05T10:14:01.253+0000] {subprocess.py:93} INFO - [0m10:14:01  Running with dbt=1.11.11
[2026-07-05T10:14:01.885+0000] {subprocess.py:93} INFO - [0m10:14:01  Registered adapter: bigquery=1.11.3
[2026-07-05T10:14:02.111+0000] {subprocess.py:93} INFO - [0m10:14:02  Found 5 models, 4 sources, 553 macros
[2026-07-05T10:14:02.112+0000] {subprocess.py:93} INFO - [0m10:14:02
[2026-07-05T10:14:02.112+0000] {subprocess.py:93} INFO - [0m10:14:02  Concurrency: 4 threads (target='dev')
[2026-07-05T10:14:02.112+0000] {subprocess.py:93} INFO - [0m10:14:02
[2026-07-05T10:14:03.842+0000] {subprocess.py:93} INFO - [0m10:14:03  1 of 5 START sql table model logistics_mart.dim_drivers ........................ [RUN]
[2026-07-05T10:14:03.843+0000] {subprocess.py:93} INFO - [0m10:14:03  2 of 5 START sql table model logistics_mart.dim_hubs ........................... [RUN]
[2026-07-05T10:14:03.843+0000] {subprocess.py:93} INFO - [0m10:14:03  3 of 5 START sql view model logistics_mart.stg_shipments ....................... [RUN]
[2026-07-05T10:14:03.844+0000] {subprocess.py:93} INFO - [0m10:14:03  4 of 5 START sql view model logistics_mart.stg_weather ......................... [RUN]
[2026-07-05T10:14:05.945+0000] {subprocess.py:93} INFO - [0m10:14:05  4 of 5 OK created sql view model logistics_mart.stg_weather .................... [[32mCREATE VIEW (0 processed)[0m in 2.10s]
[2026-07-05T10:14:05.946+0000] {subprocess.py:93} INFO - [0m10:14:05  3 of 5 OK created sql view model logistics_mart.stg_shipments .................. [[32mCREATE VIEW (0 processed)[0m in 2.10s]
[2026-07-05T10:14:07.424+0000] {subprocess.py:93} INFO - [0m10:14:07  1 of 5 OK created sql table model logistics_mart.dim_drivers ................... [[32mCREATE TABLE (3.0 rows, 108.0 Bytes processed)[0m in 3.58s]
[2026-07-05T10:14:07.573+0000] {subprocess.py:93} INFO - [0m10:14:07  2 of 5 OK created sql table model logistics_mart.dim_hubs ...................... [[32mCREATE TABLE (3.0 rows, 149.0 Bytes processed)[0m in 3.73s]
[2026-07-05T10:14:07.577+0000] {subprocess.py:93} INFO - [0m10:14:07  5 of 5 START sql table model logistics_mart.fact_shipment_weather .............. [RUN]
[2026-07-05T10:14:14.051+0000] {subprocess.py:93} INFO - [0m10:14:14  5 of 5 OK created sql table model logistics_mart.fact_shipment_weather ......... [[32mCREATE TABLE (771.0 rows, 49.0 KiB processed)[0m in 6.46s]
[2026-07-05T10:14:14.090+0000] {subprocess.py:93} INFO - [0m10:14:14
[2026-07-05T10:14:14.091+0000] {subprocess.py:93} INFO - [0m10:14:14  Finished running 3 table models, 2 view models in 0 hours 0 minutes and 11.98 seconds (11.98s).
[2026-07-05T10:14:14.159+0000] {subprocess.py:93} INFO - [0m10:14:14
[2026-07-05T10:14:14.159+0000] {subprocess.py:93} INFO - [0m10:14:14  [32mCompleted successfully[0m
[2026-07-05T10:14:14.160+0000] {subprocess.py:93} INFO - [0m10:14:14
[2026-07-05T10:14:14.160+0000] {subprocess.py:93} INFO - [0m10:14:14  Done. PASS=5 WARN=0 ERROR=0 SKIP=0 NO-OP=0 TOTAL=5
[2026-07-05T10:14:16.586+0000] {subprocess.py:97} INFO - Command exited with return code 0
[2026-07-05T10:14:16.588+0000] {taskinstance.py:441} INFO - ::group::Post task execution logs
[2026-07-05T10:14:16.611+0000] {taskinstance.py:1206} INFO - Marking task as SUCCESS. dag_id=gold_dbt_dag, task_id=trigger_dbt_build, run_id=dataset_triggered__2026-07-05T08:05:01.850536+00:00, execution_date=20260705T080501, start_date=20260705T101359, end_date=20260705T101416
[2026-07-05T10:14:16.670+0000] {local_task_job_runner.py:240} INFO - Task exited with return code 0
[2026-07-05T10:14:16.681+0000] {taskinstance.py:3498} INFO - 0 downstream tasks scheduled from follow-on schedule check
[2026-07-05T10:14:16.682+0000] {local_task_job_runner.py:222} INFO - ::endgroup::
