[2026-07-07T06:18:11.041+0000] {local_task_job_runner.py:120} INFO - ::group::Pre task execution logs
[2026-07-07T06:18:11.060+0000] {taskinstance.py:2076} INFO - Dependencies all met for dep_context=non-requeueable deps ti=<TaskInstance: gold_dbt_dag.trigger_dbt_build dataset_triggered__2026-07-07T06:18:10.523184+00:00 [queued]>
[2026-07-07T06:18:11.063+0000] {taskinstance.py:2076} INFO - Dependencies all met for dep_context=requeueable deps ti=<TaskInstance: gold_dbt_dag.trigger_dbt_build dataset_triggered__2026-07-07T06:18:10.523184+00:00 [queued]>
[2026-07-07T06:18:11.064+0000] {taskinstance.py:2306} INFO - Starting attempt 1 of 2
[2026-07-07T06:18:11.069+0000] {taskinstance.py:2330} INFO - Executing <Task(BashOperator): trigger_dbt_build> on 2026-07-07 06:18:10.523184+00:00
[2026-07-07T06:18:11.075+0000] {logging_mixin.py:188} WARNING - /home/***/.local/lib/python3.12/site-packages/***/task/task_runner/standard_task_runner.py:61 DeprecationWarning: This process (pid=32321) is multi-threaded, use of fork() may lead to deadlocks in the child.
[2026-07-07T06:18:11.073+0000] {standard_task_runner.py:90} INFO - Running: ['***', 'tasks', 'run', 'gold_dbt_dag', 'trigger_dbt_build', 'dataset_triggered__2026-07-07T06:18:10.523184+00:00', '--job-id', '921', '--raw', '--subdir', 'DAGS_FOLDER/dag_gold_dbt.py', '--cfg-path', '/tmp/tmp_7vo0l3s']
[2026-07-07T06:18:11.075+0000] {standard_task_runner.py:91} INFO - Job 921: Subtask trigger_dbt_build
[2026-07-07T06:18:11.075+0000] {standard_task_runner.py:63} INFO - Started process 32322 to run task
[2026-07-07T06:18:11.109+0000] {task_command.py:426} INFO - Running <TaskInstance: gold_dbt_dag.trigger_dbt_build dataset_triggered__2026-07-07T06:18:10.523184+00:00 [running]> on host bd23e89d97be
[2026-07-07T06:18:11.174+0000] {taskinstance.py:2648} INFO - Exporting env vars: AIRFLOW_CTX_DAG_OWNER='data_engineer' AIRFLOW_CTX_DAG_ID='gold_dbt_dag' AIRFLOW_CTX_TASK_ID='trigger_dbt_build' AIRFLOW_CTX_EXECUTION_DATE='2026-07-07T06:18:10.523184+00:00' AIRFLOW_CTX_TRY_NUMBER='1' AIRFLOW_CTX_DAG_RUN_ID='dataset_triggered__2026-07-07T06:18:10.523184+00:00'
[2026-07-07T06:18:11.175+0000] {taskinstance.py:430} INFO - ::endgroup::
[2026-07-07T06:18:11.187+0000] {subprocess.py:63} INFO - Tmp dir root location: /tmp
[2026-07-07T06:18:11.188+0000] {subprocess.py:75} INFO - Running command: ['/usr/bin/bash', '-c', 'cd /opt/***/dbt && dbt build --profiles-dir . --target dev']
[2026-07-07T06:18:11.192+0000] {subprocess.py:86} INFO - Output:
[2026-07-07T06:18:13.788+0000] {subprocess.py:93} INFO - [0m06:18:13  Running with dbt=1.11.11
[2026-07-07T06:18:14.304+0000] {subprocess.py:93} INFO - [0m06:18:14  Registered adapter: bigquery=1.11.3
[2026-07-07T06:18:14.520+0000] {subprocess.py:93} INFO - [0m06:18:14  Found 6 models, 4 sources, 553 macros
[2026-07-07T06:18:14.521+0000] {subprocess.py:93} INFO - [0m06:18:14
[2026-07-07T06:18:14.522+0000] {subprocess.py:93} INFO - [0m06:18:14  Concurrency: 4 threads (target='dev')
[2026-07-07T06:18:14.522+0000] {subprocess.py:93} INFO - [0m06:18:14
[2026-07-07T07:30:20.002+0000] {local_task_job_runner.py:310} WARNING - State of this instance has been externally set to up_for_retry. Terminating instance.
[2026-07-07T07:30:20.014+0000] {local_task_job_runner.py:222} INFO - ::endgroup::
[2026-07-07T07:30:20.036+0000] {process_utils.py:132} INFO - Sending 15 to group 32322. PIDs of all processes in the group: [32323, 32337, 32322]
[2026-07-07T07:30:20.038+0000] {process_utils.py:87} INFO - Sending the signal 15 to group 32322
[2026-07-07T07:30:20.047+0000] {taskinstance.py:2611} ERROR - Received SIGTERM. Terminating subprocesses.
[2026-07-07T07:30:20.087+0000] {subprocess.py:104} INFO - Sending SIGTERM signal to process group
[2026-07-07T07:30:20.116+0000] {taskinstance.py:441} INFO - ::group::Post task execution logs
[2026-07-07T07:30:20.288+0000] {taskinstance.py:2905} ERROR - Task failed with exception
Traceback (most recent call last):
  File "/home/airflow/.local/lib/python3.12/site-packages/airflow/models/taskinstance.py", line 465, in _execute_task
    result = _execute_callable(context=context, **execute_callable_kwargs)
             ^^^^^^^^^^^^^^^^^^^^^^^^^^^^^^^^^^^^^^^^^^^^^^^^^^^^^^^^^^^^^
  File "/home/airflow/.local/lib/python3.12/site-packages/airflow/models/taskinstance.py", line 432, in _execute_callable
    return execute_callable(context=context, **execute_callable_kwargs)
           ^^^^^^^^^^^^^^^^^^^^^^^^^^^^^^^^^^^^^^^^^^^^^^^^^^^^^^^^^^^^
  File "/home/airflow/.local/lib/python3.12/site-packages/airflow/models/baseoperator.py", line 400, in wrapper
    return func(self, *args, **kwargs)
           ^^^^^^^^^^^^^^^^^^^^^^^^^^^
  File "/home/airflow/.local/lib/python3.12/site-packages/airflow/operators/bash.py", line 234, in execute
    result = self.subprocess_hook.run_command(
             ^^^^^^^^^^^^^^^^^^^^^^^^^^^^^^^^^
  File "/home/airflow/.local/lib/python3.12/site-packages/airflow/hooks/subprocess.py", line 91, in run_command
    for raw_line in iter(self.sub_process.stdout.readline, b""):
  File "/home/airflow/.local/lib/python3.12/site-packages/airflow/models/taskinstance.py", line 2613, in signal_handler
    raise AirflowTaskTerminated("Task received SIGTERM signal")
airflow.exceptions.AirflowTaskTerminated: Task received SIGTERM signal
[2026-07-07T07:30:20.347+0000] {taskinstance.py:1206} INFO - Marking task as FAILED. dag_id=gold_dbt_dag, task_id=trigger_dbt_build, run_id=dataset_triggered__2026-07-07T06:18:10.523184+00:00, execution_date=20260707T061810, start_date=20260707T061811, end_date=20260707T073020
[2026-07-07T07:30:20.357+0000] {process_utils.py:80} INFO - Process psutil.Process(pid=32337, status='terminated', started='06:18:13') (32337) terminated with exit code None
[2026-07-07T07:30:20.521+0000] {process_utils.py:80} INFO - Process psutil.Process(pid=32323, status='terminated', started='06:18:10') (32323) terminated with exit code None
[2026-07-07T07:30:20.522+0000] {process_utils.py:80} INFO - Process psutil.Process(pid=32322, status='terminated', exitcode=2, started='06:18:10') (32322) terminated with exit code 2
