[2026-07-06T01:11:38.730+0000] {local_task_job_runner.py:120} INFO - ::group::Pre task execution logs
[2026-07-06T01:11:38.770+0000] {taskinstance.py:2076} INFO - Dependencies all met for dep_context=non-requeueable deps ti=<TaskInstance: gold_dbt_dag.trigger_dbt_build dataset_triggered__2026-07-06T01:11:37.459250+00:00 [queued]>
[2026-07-06T01:11:38.785+0000] {taskinstance.py:2076} INFO - Dependencies all met for dep_context=requeueable deps ti=<TaskInstance: gold_dbt_dag.trigger_dbt_build dataset_triggered__2026-07-06T01:11:37.459250+00:00 [queued]>
[2026-07-06T01:11:38.785+0000] {taskinstance.py:2306} INFO - Starting attempt 1 of 2
[2026-07-06T01:11:38.795+0000] {taskinstance.py:2330} INFO - Executing <Task(BashOperator): trigger_dbt_build> on 2026-07-06 01:11:37.459250+00:00
[2026-07-06T01:11:38.802+0000] {logging_mixin.py:188} WARNING - /home/***/.local/lib/python3.12/site-packages/***/task/task_runner/standard_task_runner.py:61 DeprecationWarning: This process (pid=56804) is multi-threaded, use of fork() may lead to deadlocks in the child.
[2026-07-06T01:11:38.803+0000] {standard_task_runner.py:63} INFO - Started process 56805 to run task
[2026-07-06T01:11:38.802+0000] {standard_task_runner.py:90} INFO - Running: ['***', 'tasks', 'run', 'gold_dbt_dag', 'trigger_dbt_build', 'dataset_triggered__2026-07-06T01:11:37.459250+00:00', '--job-id', '743', '--raw', '--subdir', 'DAGS_FOLDER/dag_gold_dbt.py', '--cfg-path', '/tmp/tmp7oawasr7']
[2026-07-06T01:11:38.804+0000] {standard_task_runner.py:91} INFO - Job 743: Subtask trigger_dbt_build
[2026-07-06T01:11:38.833+0000] {task_command.py:426} INFO - Running <TaskInstance: gold_dbt_dag.trigger_dbt_build dataset_triggered__2026-07-06T01:11:37.459250+00:00 [running]> on host bd23e89d97be
[2026-07-06T01:11:38.877+0000] {taskinstance.py:2648} INFO - Exporting env vars: AIRFLOW_CTX_DAG_OWNER='data_engineer' AIRFLOW_CTX_DAG_ID='gold_dbt_dag' AIRFLOW_CTX_TASK_ID='trigger_dbt_build' AIRFLOW_CTX_EXECUTION_DATE='2026-07-06T01:11:37.459250+00:00' AIRFLOW_CTX_TRY_NUMBER='1' AIRFLOW_CTX_DAG_RUN_ID='dataset_triggered__2026-07-06T01:11:37.459250+00:00'
[2026-07-06T01:11:38.878+0000] {taskinstance.py:430} INFO - ::endgroup::
[2026-07-06T01:11:38.890+0000] {subprocess.py:63} INFO - Tmp dir root location: /tmp
[2026-07-06T01:11:38.891+0000] {subprocess.py:75} INFO - Running command: ['/usr/bin/bash', '-c', 'cd /opt/***/dbt && dbt build --profiles-dir . --target dev']
[2026-07-06T01:11:38.895+0000] {subprocess.py:86} INFO - Output:
[2026-07-06T01:11:39.971+0000] {subprocess.py:93} INFO - [0m01:11:39  Running with dbt=1.11.11
[2026-07-06T01:11:40.521+0000] {subprocess.py:93} INFO - [0m01:11:40  Registered adapter: bigquery=1.11.3
[2026-07-06T01:11:40.800+0000] {subprocess.py:93} INFO - [0m01:11:40  Found 5 models, 4 sources, 553 macros
[2026-07-06T01:11:40.802+0000] {subprocess.py:93} INFO - [0m01:11:40
[2026-07-06T01:11:40.802+0000] {subprocess.py:93} INFO - [0m01:11:40  Concurrency: 4 threads (target='dev')
[2026-07-06T01:11:40.803+0000] {subprocess.py:93} INFO - [0m01:11:40
[2026-07-06T01:11:42.791+0000] {subprocess.py:93} INFO - [0m01:11:42  1 of 5 START sql table model logistics_mart.dim_drivers ........................ [RUN]
[2026-07-06T01:11:42.791+0000] {subprocess.py:93} INFO - [0m01:11:42  2 of 5 START sql table model logistics_mart.dim_hubs ........................... [RUN]
[2026-07-06T01:11:42.791+0000] {subprocess.py:93} INFO - [0m01:11:42  3 of 5 START sql view model logistics_mart.stg_shipments ....................... [RUN]
[2026-07-06T01:11:42.792+0000] {subprocess.py:93} INFO - [0m01:11:42  4 of 5 START sql view model logistics_mart.stg_weather ......................... [RUN]
[2026-07-06T02:37:49.171+0000] {subprocess.py:93} INFO - [0m02:37:49  2 of 5 ERROR creating sql table model logistics_mart.dim_hubs .................. [[31mERROR[0m in 5166.37s]
[2026-07-06T03:12:23.063+0000] {local_task_job_runner.py:310} WARNING - State of this instance has been externally set to up_for_retry. Terminating instance.
[2026-07-06T03:12:23.065+0000] {local_task_job_runner.py:222} INFO - ::endgroup::
[2026-07-06T03:12:23.067+0000] {process_utils.py:132} INFO - Sending 15 to group 56805. PIDs of all processes in the group: [56806, 56820, 56805]
[2026-07-06T03:12:23.067+0000] {process_utils.py:87} INFO - Sending the signal 15 to group 56805
[2026-07-06T03:12:23.068+0000] {taskinstance.py:2611} ERROR - Received SIGTERM. Terminating subprocesses.
[2026-07-06T03:12:23.070+0000] {subprocess.py:104} INFO - Sending SIGTERM signal to process group
[2026-07-06T03:12:23.072+0000] {taskinstance.py:441} INFO - ::group::Post task execution logs
[2026-07-06T03:12:23.095+0000] {taskinstance.py:2905} ERROR - Task failed with exception
Traceback (most recent call last):
  File "/home/airflow/.local/lib/python3.12/site-packages/airflow/models/taskinstance.py", line 465, in _execute_task
    result = _execute_callable(context=context, **execute_callable_kwargs)
             ^^^^^^^^^^^^^^^^^^^^^^^^^^^^^^^^^^^^^^^^^^^^^^^^^^^^^^^^^^^^^
  File "/home/airflow/.local/lib/python3.12/site-packages/airflow/models/taskinstance.py", line 432, in _execute_callable
    return execute_callable(context=context, **execute_callable_kwargs)
           ^^^^^^^^^^^^^^^^^^^^^^^^^^^^^^^^^^^^^^^^^^^^^^^^^^^^^^^^^^^^
  File "/home/airflow/.local/lib/python3.12/site-packages/airflow/models/baseoperator.py", line 400, in wrapper
    return func(self, *args, **kwargs)
           ^^^^^^^^^^^^^^^^^^^^^^^^^^^
  File "/home/airflow/.local/lib/python3.12/site-packages/airflow/operators/bash.py", line 234, in execute
    result = self.subprocess_hook.run_command(
             ^^^^^^^^^^^^^^^^^^^^^^^^^^^^^^^^^
  File "/home/airflow/.local/lib/python3.12/site-packages/airflow/hooks/subprocess.py", line 91, in run_command
    for raw_line in iter(self.sub_process.stdout.readline, b""):
  File "/home/airflow/.local/lib/python3.12/site-packages/airflow/models/taskinstance.py", line 2613, in signal_handler
    raise AirflowTaskTerminated("Task received SIGTERM signal")
airflow.exceptions.AirflowTaskTerminated: Task received SIGTERM signal
[2026-07-06T03:12:23.107+0000] {taskinstance.py:1206} INFO - Marking task as FAILED. dag_id=gold_dbt_dag, task_id=trigger_dbt_build, run_id=dataset_triggered__2026-07-06T01:11:37.459250+00:00, execution_date=20260706T011137, start_date=20260706T011138, end_date=20260706T031223
[2026-07-06T03:12:23.167+0000] {process_utils.py:80} INFO - Process psutil.Process(pid=56806, status='terminated', started='01:11:38') (56806) terminated with exit code None
[2026-07-06T03:12:23.167+0000] {process_utils.py:80} INFO - Process psutil.Process(pid=56820, status='terminated', started='01:11:40') (56820) terminated with exit code None
[2026-07-06T03:12:23.168+0000] {process_utils.py:80} INFO - Process psutil.Process(pid=56805, status='terminated', exitcode=2, started='01:11:38') (56805) terminated with exit code 2
