[2026-07-12T04:35:10.928+0000] {local_task_job_runner.py:120} INFO - ::group::Pre task execution logs
[2026-07-12T04:35:10.955+0000] {taskinstance.py:2076} INFO - Dependencies all met for dep_context=non-requeueable deps ti=<TaskInstance: gold_dbt_dag.trigger_dbt_build dataset_triggered__2026-07-12T04:35:09.249355+00:00 [queued]>
[2026-07-12T04:35:10.960+0000] {taskinstance.py:2076} INFO - Dependencies all met for dep_context=requeueable deps ti=<TaskInstance: gold_dbt_dag.trigger_dbt_build dataset_triggered__2026-07-12T04:35:09.249355+00:00 [queued]>
[2026-07-12T04:35:10.961+0000] {taskinstance.py:2306} INFO - Starting attempt 1 of 2
[2026-07-12T04:35:10.967+0000] {taskinstance.py:2330} INFO - Executing <Task(BashOperator): trigger_dbt_build> on 2026-07-12 04:35:09.249355+00:00
[2026-07-12T04:35:10.972+0000] {standard_task_runner.py:90} INFO - Running: ['***', 'tasks', 'run', 'gold_dbt_dag', 'trigger_dbt_build', 'dataset_triggered__2026-07-12T04:35:09.249355+00:00', '--job-id', '95', '--raw', '--subdir', 'DAGS_FOLDER/dag_gold_dbt.py', '--cfg-path', '/tmp/tmpmtb59uhm']
[2026-07-12T04:35:10.977+0000] {standard_task_runner.py:91} INFO - Job 95: Subtask trigger_dbt_build
[2026-07-12T04:35:10.981+0000] {logging_mixin.py:188} WARNING - /home/***/.local/lib/python3.12/site-packages/***/task/task_runner/standard_task_runner.py:61 DeprecationWarning: This process (pid=12200) is multi-threaded, use of fork() may lead to deadlocks in the child.
[2026-07-12T04:35:10.982+0000] {standard_task_runner.py:63} INFO - Started process 12201 to run task
[2026-07-12T04:35:11.037+0000] {task_command.py:426} INFO - Running <TaskInstance: gold_dbt_dag.trigger_dbt_build dataset_triggered__2026-07-12T04:35:09.249355+00:00 [running]> on host ad4e12f53b08
[2026-07-12T04:35:11.086+0000] {taskinstance.py:2648} INFO - Exporting env vars: AIRFLOW_CTX_DAG_OWNER='data_engineer' AIRFLOW_CTX_DAG_ID='gold_dbt_dag' AIRFLOW_CTX_TASK_ID='trigger_dbt_build' AIRFLOW_CTX_EXECUTION_DATE='2026-07-12T04:35:09.249355+00:00' AIRFLOW_CTX_TRY_NUMBER='1' AIRFLOW_CTX_DAG_RUN_ID='dataset_triggered__2026-07-12T04:35:09.249355+00:00'
[2026-07-12T04:35:11.088+0000] {taskinstance.py:430} INFO - ::endgroup::
[2026-07-12T04:35:11.099+0000] {subprocess.py:63} INFO - Tmp dir root location: /tmp
[2026-07-12T04:35:11.101+0000] {subprocess.py:75} INFO - Running command: ['/usr/bin/bash', '-c', 'cd /opt/***/dbt && dbt build --profiles-dir . --target dev']
[2026-07-12T04:35:11.108+0000] {subprocess.py:86} INFO - Output:
[2026-07-12T04:35:12.280+0000] {subprocess.py:93} INFO - [0m04:35:12  Running with dbt=1.11.11
[2026-07-12T04:35:12.830+0000] {subprocess.py:93} INFO - [0m04:35:12  Registered adapter: bigquery=1.11.3
[2026-07-12T04:35:13.050+0000] {subprocess.py:93} INFO - [0m04:35:13  Found 6 models, 4 sources, 553 macros
[2026-07-12T04:35:13.051+0000] {subprocess.py:93} INFO - [0m04:35:13
[2026-07-12T04:35:13.051+0000] {subprocess.py:93} INFO - [0m04:35:13  Concurrency: 4 threads (target='dev')
[2026-07-12T04:35:13.052+0000] {subprocess.py:93} INFO - [0m04:35:13
[2026-07-12T04:35:14.504+0000] {subprocess.py:93} INFO - [0m04:35:14  1 of 6 START sql table model logistics_mart.dim_drivers ........................ [RUN]
[2026-07-12T04:35:14.505+0000] {subprocess.py:93} INFO - [0m04:35:14  2 of 6 START sql table model logistics_mart.dim_hubs ........................... [RUN]
[2026-07-12T04:35:14.506+0000] {subprocess.py:93} INFO - [0m04:35:14  3 of 6 START sql view model logistics_mart.stg_shipments ....................... [RUN]
[2026-07-12T04:35:14.506+0000] {subprocess.py:93} INFO - [0m04:35:14  4 of 6 START sql view model logistics_mart.stg_weather ......................... [RUN]
[2026-07-12T04:35:16.586+0000] {subprocess.py:93} INFO - [0m04:35:16  BigQuery adapter: https://console.cloud.google.com/bigquery?project=logistics-500519&j=bq:US:bd2c2a09-7352-492f-bea5-3722ed04fdbf&page=queryresults
[2026-07-12T04:35:16.601+0000] {subprocess.py:93} INFO - [0m04:35:16  2 of 6 ERROR creating sql table model logistics_mart.dim_hubs .................. [[31mERROR[0m in 2.09s]
[2026-07-12T04:35:16.604+0000] {subprocess.py:93} INFO - [0m04:35:16  5 of 6 START sql view model logistics_mart.stg_weather_consensus ............... [RUN]
[2026-07-12T04:35:16.606+0000] {subprocess.py:93} INFO - [0m04:35:16  BigQuery adapter: https://console.cloud.google.com/bigquery?project=logistics-500519&j=bq:US:51f835d4-e9d2-4d56-90f7-8d7e04191ab1&page=queryresults
[2026-07-12T04:35:16.614+0000] {subprocess.py:93} INFO - [0m04:35:16  1 of 6 ERROR creating sql table model logistics_mart.dim_drivers ............... [[31mERROR[0m in 2.11s]
[2026-07-12T04:35:16.671+0000] {subprocess.py:93} INFO - [0m04:35:16  3 of 6 OK created sql view model logistics_mart.stg_shipments .................. [[32mCREATE VIEW (0 processed)[0m in 2.16s]
[2026-07-12T04:35:16.674+0000] {subprocess.py:93} INFO - [0m04:35:16  4 of 6 OK created sql view model logistics_mart.stg_weather .................... [[32mCREATE VIEW (0 processed)[0m in 2.17s]
[2026-07-12T05:32:32.380+0000] {subprocess.py:93} INFO - [0m05:32:32  5 of 6 ERROR creating sql view model logistics_mart.stg_weather_consensus ...... [[31mERROR[0m in 3435.77s]
[2026-07-12T05:32:32.408+0000] {subprocess.py:93} INFO - [0m05:32:32  6 of 6 SKIP relation logistics_mart.fact_shipment_weather ...................... [[33mSKIP[0m]
[2026-07-12T05:32:32.453+0000] {subprocess.py:93} INFO - [0m05:32:32
[2026-07-12T05:32:32.454+0000] {subprocess.py:93} INFO - [0m05:32:32  Finished running 3 table models, 3 view models in 0 hours 57 minutes and 19.40 seconds (3439.40s).
[2026-07-12T05:32:32.511+0000] {subprocess.py:93} INFO - [0m05:32:32
[2026-07-12T05:32:32.512+0000] {subprocess.py:93} INFO - [0m05:32:32  [31mCompleted with 3 errors, 0 partial successes, and 0 warnings:[0m
[2026-07-12T05:32:32.512+0000] {subprocess.py:93} INFO - [0m05:32:32
[2026-07-12T05:32:32.513+0000] {subprocess.py:93} INFO - [0m05:32:32  [31mFailure in model dim_hubs (models/mart/dim_hubs.sql)[0m
[2026-07-12T05:32:32.513+0000] {subprocess.py:93} INFO - [0m05:32:32    Database Error in model dim_hubs (models/mart/dim_hubs.sql)
[2026-07-12T05:32:32.513+0000] {subprocess.py:93} INFO -   Unrecognized name: is_current at [24:7]
[2026-07-12T05:32:32.513+0000] {subprocess.py:93} INFO -   compiled code at target/run/logistics_lakehouse/models/mart/dim_hubs.sql
[2026-07-12T05:32:32.514+0000] {subprocess.py:93} INFO - [0m05:32:32
[2026-07-12T05:32:32.514+0000] {subprocess.py:93} INFO - [0m05:32:32    compiled code at target/compiled/logistics_lakehouse/models/mart/dim_hubs.sql
[2026-07-12T05:32:32.514+0000] {subprocess.py:93} INFO - [0m05:32:32
[2026-07-12T05:32:32.514+0000] {subprocess.py:93} INFO - [0m05:32:32  [31mFailure in model dim_drivers (models/mart/dim_drivers.sql)[0m
[2026-07-12T05:32:32.515+0000] {subprocess.py:93} INFO - [0m05:32:32    Database Error in model dim_drivers (models/mart/dim_drivers.sql)
[2026-07-12T05:32:32.515+0000] {subprocess.py:93} INFO -   Unrecognized name: is_current at [24:7]
[2026-07-12T05:32:32.515+0000] {subprocess.py:93} INFO -   compiled code at target/run/logistics_lakehouse/models/mart/dim_drivers.sql
[2026-07-12T05:32:32.515+0000] {subprocess.py:93} INFO - [0m05:32:32
[2026-07-12T05:32:32.515+0000] {subprocess.py:93} INFO - [0m05:32:32    compiled code at target/compiled/logistics_lakehouse/models/mart/dim_drivers.sql
[2026-07-12T05:32:32.515+0000] {subprocess.py:93} INFO - [0m05:32:32
[2026-07-12T05:32:32.516+0000] {subprocess.py:93} INFO - [0m05:32:32  [31mFailure in model stg_weather_consensus (models/staging/stg_weather_consensus.sql)[0m
[2026-07-12T05:32:32.516+0000] {subprocess.py:93} INFO - [0m05:32:32    Database Error in model stg_weather_consensus (models/staging/stg_weather_consensus.sql)
[2026-07-12T05:32:32.516+0000] {subprocess.py:93} INFO -   ('Connection aborted.', RemoteDisconnected('Remote end closed connection without response'))
[2026-07-12T05:32:32.516+0000] {subprocess.py:93} INFO -   compiled code at target/run/logistics_lakehouse/models/staging/stg_weather_consensus.sql
[2026-07-12T05:32:32.516+0000] {subprocess.py:93} INFO - [0m05:32:32
[2026-07-12T05:32:32.516+0000] {subprocess.py:93} INFO - [0m05:32:32    compiled code at target/compiled/logistics_lakehouse/models/staging/stg_weather_consensus.sql
[2026-07-12T05:32:32.517+0000] {subprocess.py:93} INFO - [0m05:32:32
[2026-07-12T05:32:32.517+0000] {subprocess.py:93} INFO - [0m05:32:32  Done. PASS=2 WARN=0 ERROR=3 SKIP=1 NO-OP=0 TOTAL=6
[2026-07-12T05:32:34.514+0000] {subprocess.py:97} INFO - Command exited with return code 1
[2026-07-12T05:32:34.517+0000] {taskinstance.py:441} INFO - ::group::Post task execution logs
[2026-07-12T05:32:34.536+0000] {taskinstance.py:2905} ERROR - Task failed with exception
Traceback (most recent call last):
  File "/home/airflow/.local/lib/python3.12/site-packages/airflow/models/taskinstance.py", line 465, in _execute_task
    result = _execute_callable(context=context, **execute_callable_kwargs)
             ^^^^^^^^^^^^^^^^^^^^^^^^^^^^^^^^^^^^^^^^^^^^^^^^^^^^^^^^^^^^^
  File "/home/airflow/.local/lib/python3.12/site-packages/airflow/models/taskinstance.py", line 432, in _execute_callable
    return execute_callable(context=context, **execute_callable_kwargs)
           ^^^^^^^^^^^^^^^^^^^^^^^^^^^^^^^^^^^^^^^^^^^^^^^^^^^^^^^^^^^^
  File "/home/airflow/.local/lib/python3.12/site-packages/airflow/models/baseoperator.py", line 400, in wrapper
    return func(self, *args, **kwargs)
           ^^^^^^^^^^^^^^^^^^^^^^^^^^^
  File "/home/airflow/.local/lib/python3.12/site-packages/airflow/operators/bash.py", line 243, in execute
    raise AirflowException(
airflow.exceptions.AirflowException: Bash command failed. The command returned a non-zero exit code 1.
[2026-07-12T05:32:34.541+0000] {taskinstance.py:1206} INFO - Marking task as UP_FOR_RETRY. dag_id=gold_dbt_dag, task_id=trigger_dbt_build, run_id=dataset_triggered__2026-07-12T04:35:09.249355+00:00, execution_date=20260712T043509, start_date=20260712T043510, end_date=20260712T053234
[2026-07-12T05:32:34.561+0000] {standard_task_runner.py:110} ERROR - Failed to execute job 95 for task trigger_dbt_build (Bash command failed. The command returned a non-zero exit code 1.; 12201)
[2026-07-12T05:32:34.605+0000] {local_task_job_runner.py:240} INFO - Task exited with return code 1
[2026-07-12T05:32:34.634+0000] {taskinstance.py:3498} INFO - 0 downstream tasks scheduled from follow-on schedule check
[2026-07-12T05:32:34.635+0000] {local_task_job_runner.py:222} INFO - ::endgroup::
