[2026-07-05T04:02:01.624+0000] {local_task_job_runner.py:120} INFO - ::group::Pre task execution logs
[2026-07-05T04:02:01.657+0000] {taskinstance.py:2076} INFO - Dependencies all met for dep_context=non-requeueable deps ti=<TaskInstance: gold_dbt_dag.trigger_dbt_build dataset_triggered__2026-07-05T04:02:01.028004+00:00 [queued]>
[2026-07-05T04:02:01.663+0000] {taskinstance.py:2076} INFO - Dependencies all met for dep_context=requeueable deps ti=<TaskInstance: gold_dbt_dag.trigger_dbt_build dataset_triggered__2026-07-05T04:02:01.028004+00:00 [queued]>
[2026-07-05T04:02:01.664+0000] {taskinstance.py:2306} INFO - Starting attempt 1 of 2
[2026-07-05T04:02:01.672+0000] {taskinstance.py:2330} INFO - Executing <Task(BashOperator): trigger_dbt_build> on 2026-07-05 04:02:01.028004+00:00
[2026-07-05T04:02:01.678+0000] {standard_task_runner.py:90} INFO - Running: ['***', 'tasks', 'run', 'gold_dbt_dag', 'trigger_dbt_build', 'dataset_triggered__2026-07-05T04:02:01.028004+00:00', '--job-id', '621', '--raw', '--subdir', 'DAGS_FOLDER/dag_gold_dbt.py', '--cfg-path', '/tmp/tmpwktp2idy']
[2026-07-05T04:02:01.680+0000] {logging_mixin.py:188} WARNING - /home/***/.local/lib/python3.12/site-packages/***/task/task_runner/standard_task_runner.py:61 DeprecationWarning: This process (pid=45127) is multi-threaded, use of fork() may lead to deadlocks in the child.
[2026-07-05T04:02:01.681+0000] {standard_task_runner.py:91} INFO - Job 621: Subtask trigger_dbt_build
[2026-07-05T04:02:01.681+0000] {standard_task_runner.py:63} INFO - Started process 45128 to run task
[2026-07-05T04:02:01.726+0000] {task_command.py:426} INFO - Running <TaskInstance: gold_dbt_dag.trigger_dbt_build dataset_triggered__2026-07-05T04:02:01.028004+00:00 [running]> on host bd23e89d97be
[2026-07-05T04:02:01.790+0000] {taskinstance.py:2648} INFO - Exporting env vars: AIRFLOW_CTX_DAG_OWNER='data_engineer' AIRFLOW_CTX_DAG_ID='gold_dbt_dag' AIRFLOW_CTX_TASK_ID='trigger_dbt_build' AIRFLOW_CTX_EXECUTION_DATE='2026-07-05T04:02:01.028004+00:00' AIRFLOW_CTX_TRY_NUMBER='1' AIRFLOW_CTX_DAG_RUN_ID='dataset_triggered__2026-07-05T04:02:01.028004+00:00'
[2026-07-05T04:02:01.791+0000] {taskinstance.py:430} INFO - ::endgroup::
[2026-07-05T04:02:01.806+0000] {subprocess.py:63} INFO - Tmp dir root location: /tmp
[2026-07-05T04:02:01.809+0000] {subprocess.py:75} INFO - Running command: ['/usr/bin/bash', '-c', 'cd /opt/***/dbt && dbt build --profiles-dir . --target dev']
[2026-07-05T04:02:01.815+0000] {subprocess.py:86} INFO - Output:
[2026-07-05T04:02:02.876+0000] {subprocess.py:93} INFO - [0m04:02:02  Running with dbt=1.11.11
[2026-07-05T04:02:03.440+0000] {subprocess.py:93} INFO - [0m04:02:03  Registered adapter: bigquery=1.11.3
[2026-07-05T04:02:03.644+0000] {subprocess.py:93} INFO - [0m04:02:03  Found 5 models, 4 sources, 553 macros
[2026-07-05T04:02:03.645+0000] {subprocess.py:93} INFO - [0m04:02:03
[2026-07-05T04:02:03.645+0000] {subprocess.py:93} INFO - [0m04:02:03  Concurrency: 4 threads (target='dev')
[2026-07-05T04:02:03.645+0000] {subprocess.py:93} INFO - [0m04:02:03
[2026-07-05T04:02:05.957+0000] {subprocess.py:93} INFO - [0m04:02:05  1 of 5 START sql table model logistics_mart.dim_drivers ........................ [RUN]
[2026-07-05T04:02:05.957+0000] {subprocess.py:93} INFO - [0m04:02:05  2 of 5 START sql table model logistics_mart.dim_hubs ........................... [RUN]
[2026-07-05T04:02:05.958+0000] {subprocess.py:93} INFO - [0m04:02:05  3 of 5 START sql view model logistics_mart.stg_shipments ....................... [RUN]
[2026-07-05T04:02:05.958+0000] {subprocess.py:93} INFO - [0m04:02:05  4 of 5 START sql view model logistics_mart.stg_weather ......................... [RUN]
[2026-07-05T04:02:07.954+0000] {subprocess.py:93} INFO - [0m04:02:07  3 of 5 OK created sql view model logistics_mart.stg_shipments .................. [[32mCREATE VIEW (0 processed)[0m in 1.99s]
[2026-07-05T04:02:07.969+0000] {subprocess.py:93} INFO - [0m04:02:07  4 of 5 OK created sql view model logistics_mart.stg_weather .................... [[32mCREATE VIEW (0 processed)[0m in 2.01s]
[2026-07-05T04:02:09.624+0000] {subprocess.py:93} INFO - [0m04:02:09  2 of 5 OK created sql table model logistics_mart.dim_hubs ...................... [[32mCREATE TABLE (3.0 rows, 149.0 Bytes processed)[0m in 3.66s]
[2026-07-05T04:02:09.629+0000] {subprocess.py:93} INFO - [0m04:02:09  5 of 5 START sql table model logistics_mart.fact_shipment_weather .............. [RUN]
[2026-07-05T04:02:09.672+0000] {subprocess.py:93} INFO - [0m04:02:09  1 of 5 OK created sql table model logistics_mart.dim_drivers ................... [[32mCREATE TABLE (3.0 rows, 108.0 Bytes processed)[0m in 3.71s]
[2026-07-05T04:36:26.713+0000] {subprocess.py:93} INFO - [0m04:36:26  5 of 5 OK created sql table model logistics_mart.fact_shipment_weather ......... [[32mCREATE TABLE (726.0 rows, 46.2 KiB processed)[0m in 2057.07s]
[2026-07-05T04:36:26.761+0000] {subprocess.py:93} INFO - [0m04:36:26
[2026-07-05T04:36:26.761+0000] {subprocess.py:93} INFO - [0m04:36:26  Finished running 3 table models, 2 view models in 0 hours 34 minutes and 23.11 seconds (2063.11s).
[2026-07-05T04:36:26.852+0000] {subprocess.py:93} INFO - [0m04:36:26
[2026-07-05T04:36:26.854+0000] {subprocess.py:93} INFO - [0m04:36:26  [32mCompleted successfully[0m
[2026-07-05T04:36:26.855+0000] {subprocess.py:93} INFO - [0m04:36:26
[2026-07-05T04:36:26.858+0000] {subprocess.py:93} INFO - [0m04:36:26  Done. PASS=5 WARN=0 ERROR=0 SKIP=0 NO-OP=0 TOTAL=5
[2026-07-05T04:36:28.953+0000] {subprocess.py:97} INFO - Command exited with return code 0
[2026-07-05T04:36:28.955+0000] {taskinstance.py:441} INFO - ::group::Post task execution logs
[2026-07-05T04:36:29.009+0000] {taskinstance.py:1206} INFO - Marking task as SUCCESS. dag_id=gold_dbt_dag, task_id=trigger_dbt_build, run_id=dataset_triggered__2026-07-05T04:02:01.028004+00:00, execution_date=20260705T040201, start_date=20260705T040201, end_date=20260705T043629
[2026-07-05T04:36:29.030+0000] {local_task_job_runner.py:240} INFO - Task exited with return code 0
[2026-07-05T04:36:29.045+0000] {taskinstance.py:3498} INFO - 0 downstream tasks scheduled from follow-on schedule check
[2026-07-05T04:36:29.046+0000] {local_task_job_runner.py:222} INFO - ::endgroup::
