[2026-07-11T16:07:05.720+0000] {local_task_job_runner.py:120} INFO - ::group::Pre task execution logs
[2026-07-11T16:07:05.786+0000] {taskinstance.py:2076} INFO - Dependencies all met for dep_context=non-requeueable deps ti=<TaskInstance: gold_dbt_dag.trigger_dbt_build manual__2026-07-11T16:07:04.797310+00:00 [queued]>
[2026-07-11T16:07:05.790+0000] {taskinstance.py:2076} INFO - Dependencies all met for dep_context=requeueable deps ti=<TaskInstance: gold_dbt_dag.trigger_dbt_build manual__2026-07-11T16:07:04.797310+00:00 [queued]>
[2026-07-11T16:07:05.791+0000] {taskinstance.py:2306} INFO - Starting attempt 1 of 2
[2026-07-11T16:07:05.797+0000] {taskinstance.py:2330} INFO - Executing <Task(BashOperator): trigger_dbt_build> on 2026-07-11 16:07:04.797310+00:00
[2026-07-11T16:07:05.808+0000] {logging_mixin.py:188} WARNING - /home/***/.local/lib/python3.12/site-packages/***/task/task_runner/standard_task_runner.py:61 DeprecationWarning: This process (pid=937) is multi-threaded, use of fork() may lead to deadlocks in the child.
[2026-07-11T16:07:05.807+0000] {standard_task_runner.py:90} INFO - Running: ['***', 'tasks', 'run', 'gold_dbt_dag', 'trigger_dbt_build', 'manual__2026-07-11T16:07:04.797310+00:00', '--job-id', '9', '--raw', '--subdir', 'DAGS_FOLDER/dag_gold_dbt.py', '--cfg-path', '/tmp/tmp2vv7v0l8']
[2026-07-11T16:07:05.810+0000] {standard_task_runner.py:91} INFO - Job 9: Subtask trigger_dbt_build
[2026-07-11T16:07:05.810+0000] {standard_task_runner.py:63} INFO - Started process 938 to run task
[2026-07-11T16:07:05.853+0000] {task_command.py:426} INFO - Running <TaskInstance: gold_dbt_dag.trigger_dbt_build manual__2026-07-11T16:07:04.797310+00:00 [running]> on host ad4e12f53b08
[2026-07-11T16:07:05.903+0000] {taskinstance.py:2648} INFO - Exporting env vars: AIRFLOW_CTX_DAG_OWNER='data_engineer' AIRFLOW_CTX_DAG_ID='gold_dbt_dag' AIRFLOW_CTX_TASK_ID='trigger_dbt_build' AIRFLOW_CTX_EXECUTION_DATE='2026-07-11T16:07:04.797310+00:00' AIRFLOW_CTX_TRY_NUMBER='1' AIRFLOW_CTX_DAG_RUN_ID='manual__2026-07-11T16:07:04.797310+00:00'
[2026-07-11T16:07:05.903+0000] {taskinstance.py:430} INFO - ::endgroup::
[2026-07-11T16:07:05.914+0000] {subprocess.py:63} INFO - Tmp dir root location: /tmp
[2026-07-11T16:07:05.915+0000] {subprocess.py:75} INFO - Running command: ['/usr/bin/bash', '-c', 'cd /opt/***/dbt && dbt build --profiles-dir . --target dev']
[2026-07-11T16:07:05.919+0000] {subprocess.py:86} INFO - Output:
[2026-07-11T16:07:07.040+0000] {subprocess.py:93} INFO - [0m16:07:07  Running with dbt=1.11.11
[2026-07-11T16:07:07.542+0000] {subprocess.py:93} INFO - [0m16:07:07  Registered adapter: bigquery=1.11.3
[2026-07-11T16:07:07.792+0000] {subprocess.py:93} INFO - [0m16:07:07  Found 6 models, 4 sources, 553 macros
[2026-07-11T16:07:07.793+0000] {subprocess.py:93} INFO - [0m16:07:07
[2026-07-11T16:07:07.794+0000] {subprocess.py:93} INFO - [0m16:07:07  Concurrency: 4 threads (target='dev')
[2026-07-11T16:07:07.794+0000] {subprocess.py:93} INFO - [0m16:07:07
[2026-07-11T16:07:09.554+0000] {subprocess.py:93} INFO - [0m16:07:09  1 of 6 START sql table model logistics_mart.dim_drivers ........................ [RUN]
[2026-07-11T16:07:09.554+0000] {subprocess.py:93} INFO - [0m16:07:09  2 of 6 START sql table model logistics_mart.dim_hubs ........................... [RUN]
[2026-07-11T16:07:09.555+0000] {subprocess.py:93} INFO - [0m16:07:09  3 of 6 START sql view model logistics_mart.stg_shipments ....................... [RUN]
[2026-07-11T16:07:09.555+0000] {subprocess.py:93} INFO - [0m16:07:09  4 of 6 START sql view model logistics_mart.stg_weather ......................... [RUN]
[2026-07-11T16:07:11.599+0000] {subprocess.py:93} INFO - [0m16:07:11  3 of 6 OK created sql view model logistics_mart.stg_shipments .................. [[32mCREATE VIEW (0 processed)[0m in 2.04s]
[2026-07-11T16:07:11.601+0000] {subprocess.py:93} INFO - [0m16:07:11  5 of 6 START sql view model logistics_mart.stg_weather_consensus ............... [RUN]
[2026-07-11T16:07:11.631+0000] {subprocess.py:93} INFO - [0m16:07:11  BigQuery adapter: https://console.cloud.google.com/bigquery?project=logistics-500519&j=bq:US:34efe52d-01b5-4ad6-a293-8b385f6a947b&page=queryresults
[2026-07-11T16:07:11.636+0000] {subprocess.py:93} INFO - [0m16:07:11  2 of 6 ERROR creating sql table model logistics_mart.dim_hubs .................. [[31mERROR[0m in 2.08s]
[2026-07-11T16:07:11.831+0000] {subprocess.py:93} INFO - [0m16:07:11  BigQuery adapter: https://console.cloud.google.com/bigquery?project=logistics-500519&j=bq:US:6a820bfe-d522-47eb-b9b9-d54f36d86048&page=queryresults
[2026-07-11T16:07:11.838+0000] {subprocess.py:93} INFO - [0m16:07:11  1 of 6 ERROR creating sql table model logistics_mart.dim_drivers ............... [[31mERROR[0m in 2.28s]
[2026-07-11T16:07:12.009+0000] {subprocess.py:93} INFO - [0m16:07:12  4 of 6 OK created sql view model logistics_mart.stg_weather .................... [[32mCREATE VIEW (0 processed)[0m in 2.45s]
[2026-07-11T16:07:13.492+0000] {subprocess.py:93} INFO - [0m16:07:13  5 of 6 OK created sql view model logistics_mart.stg_weather_consensus .......... [[32mCREATE VIEW (0 processed)[0m in 1.89s]
[2026-07-11T16:07:13.496+0000] {subprocess.py:93} INFO - [0m16:07:13  6 of 6 SKIP relation logistics_mart.fact_shipment_weather ...................... [[33mSKIP[0m]
[2026-07-11T16:07:13.540+0000] {subprocess.py:93} INFO - [0m16:07:13
[2026-07-11T16:07:13.541+0000] {subprocess.py:93} INFO - [0m16:07:13  Finished running 3 table models, 3 view models in 0 hours 0 minutes and 5.75 seconds (5.75s).
[2026-07-11T16:07:13.568+0000] {subprocess.py:93} INFO - [0m16:07:13
[2026-07-11T16:07:13.569+0000] {subprocess.py:93} INFO - [0m16:07:13  [31mCompleted with 2 errors, 0 partial successes, and 0 warnings:[0m
[2026-07-11T16:07:13.569+0000] {subprocess.py:93} INFO - [0m16:07:13
[2026-07-11T16:07:13.570+0000] {subprocess.py:93} INFO - [0m16:07:13  [31mFailure in model dim_hubs (models/mart/dim_hubs.sql)[0m
[2026-07-11T16:07:13.570+0000] {subprocess.py:93} INFO - [0m16:07:13    Database Error in model dim_hubs (models/mart/dim_hubs.sql)
[2026-07-11T16:07:13.570+0000] {subprocess.py:93} INFO -   Unrecognized name: is_current at [24:7]
[2026-07-11T16:07:13.570+0000] {subprocess.py:93} INFO -   compiled code at target/run/logistics_lakehouse/models/mart/dim_hubs.sql
[2026-07-11T16:07:13.570+0000] {subprocess.py:93} INFO - [0m16:07:13
[2026-07-11T16:07:13.570+0000] {subprocess.py:93} INFO - [0m16:07:13    compiled code at target/compiled/logistics_lakehouse/models/mart/dim_hubs.sql
[2026-07-11T16:07:13.570+0000] {subprocess.py:93} INFO - [0m16:07:13
[2026-07-11T16:07:13.571+0000] {subprocess.py:93} INFO - [0m16:07:13  [31mFailure in model dim_drivers (models/mart/dim_drivers.sql)[0m
[2026-07-11T16:07:13.571+0000] {subprocess.py:93} INFO - [0m16:07:13    Database Error in model dim_drivers (models/mart/dim_drivers.sql)
[2026-07-11T16:07:13.571+0000] {subprocess.py:93} INFO -   Unrecognized name: is_current at [24:7]
[2026-07-11T16:07:13.571+0000] {subprocess.py:93} INFO -   compiled code at target/run/logistics_lakehouse/models/mart/dim_drivers.sql
[2026-07-11T16:07:13.571+0000] {subprocess.py:93} INFO - [0m16:07:13
[2026-07-11T16:07:13.571+0000] {subprocess.py:93} INFO - [0m16:07:13    compiled code at target/compiled/logistics_lakehouse/models/mart/dim_drivers.sql
[2026-07-11T16:07:13.571+0000] {subprocess.py:93} INFO - [0m16:07:13
[2026-07-11T16:07:13.572+0000] {subprocess.py:93} INFO - [0m16:07:13  Done. PASS=3 WARN=0 ERROR=2 SKIP=1 NO-OP=0 TOTAL=6
[2026-07-11T16:07:14.990+0000] {subprocess.py:97} INFO - Command exited with return code 1
[2026-07-11T16:07:14.991+0000] {taskinstance.py:441} INFO - ::group::Post task execution logs
[2026-07-11T16:07:14.995+0000] {taskinstance.py:2905} ERROR - Task failed with exception
Traceback (most recent call last):
  File "/home/airflow/.local/lib/python3.12/site-packages/airflow/models/taskinstance.py", line 465, in _execute_task
    result = _execute_callable(context=context, **execute_callable_kwargs)
             ^^^^^^^^^^^^^^^^^^^^^^^^^^^^^^^^^^^^^^^^^^^^^^^^^^^^^^^^^^^^^
  File "/home/airflow/.local/lib/python3.12/site-packages/airflow/models/taskinstance.py", line 432, in _execute_callable
    return execute_callable(context=context, **execute_callable_kwargs)
           ^^^^^^^^^^^^^^^^^^^^^^^^^^^^^^^^^^^^^^^^^^^^^^^^^^^^^^^^^^^^
  File "/home/airflow/.local/lib/python3.12/site-packages/airflow/models/baseoperator.py", line 400, in wrapper
    return func(self, *args, **kwargs)
           ^^^^^^^^^^^^^^^^^^^^^^^^^^^
  File "/home/airflow/.local/lib/python3.12/site-packages/airflow/operators/bash.py", line 243, in execute
    raise AirflowException(
airflow.exceptions.AirflowException: Bash command failed. The command returned a non-zero exit code 1.
[2026-07-11T16:07:14.997+0000] {taskinstance.py:1206} INFO - Marking task as UP_FOR_RETRY. dag_id=gold_dbt_dag, task_id=trigger_dbt_build, run_id=manual__2026-07-11T16:07:04.797310+00:00, execution_date=20260711T160704, start_date=20260711T160705, end_date=20260711T160714
[2026-07-11T16:07:15.001+0000] {standard_task_runner.py:110} ERROR - Failed to execute job 9 for task trigger_dbt_build (Bash command failed. The command returned a non-zero exit code 1.; 938)
[2026-07-11T16:07:15.005+0000] {local_task_job_runner.py:240} INFO - Task exited with return code 1
[2026-07-11T16:07:15.012+0000] {taskinstance.py:3498} INFO - 0 downstream tasks scheduled from follow-on schedule check
[2026-07-11T16:07:15.013+0000] {local_task_job_runner.py:222} INFO - ::endgroup::
