[2026-07-11T16:09:16.322+0000] {local_task_job_runner.py:120} INFO - ::group::Pre task execution logs
[2026-07-11T16:09:16.355+0000] {taskinstance.py:2076} INFO - Dependencies all met for dep_context=non-requeueable deps ti=<TaskInstance: gold_dbt_dag.trigger_dbt_build manual__2026-07-11T16:07:04.797310+00:00 [queued]>
[2026-07-11T16:09:16.359+0000] {taskinstance.py:2076} INFO - Dependencies all met for dep_context=requeueable deps ti=<TaskInstance: gold_dbt_dag.trigger_dbt_build manual__2026-07-11T16:07:04.797310+00:00 [queued]>
[2026-07-11T16:09:16.359+0000] {taskinstance.py:2306} INFO - Starting attempt 2 of 2
[2026-07-11T16:09:16.365+0000] {taskinstance.py:2330} INFO - Executing <Task(BashOperator): trigger_dbt_build> on 2026-07-11 16:07:04.797310+00:00
[2026-07-11T16:09:16.379+0000] {standard_task_runner.py:90} INFO - Running: ['***', 'tasks', 'run', 'gold_dbt_dag', 'trigger_dbt_build', 'manual__2026-07-11T16:07:04.797310+00:00', '--job-id', '12', '--raw', '--subdir', 'DAGS_FOLDER/dag_gold_dbt.py', '--cfg-path', '/tmp/tmpxu2184qv']
[2026-07-11T16:09:16.382+0000] {standard_task_runner.py:91} INFO - Job 12: Subtask trigger_dbt_build
[2026-07-11T16:09:16.382+0000] {logging_mixin.py:188} WARNING - /home/***/.local/lib/python3.12/site-packages/***/task/task_runner/standard_task_runner.py:61 DeprecationWarning: This process (pid=1184) is multi-threaded, use of fork() may lead to deadlocks in the child.
[2026-07-11T16:09:16.384+0000] {standard_task_runner.py:63} INFO - Started process 1185 to run task
[2026-07-11T16:09:16.430+0000] {task_command.py:426} INFO - Running <TaskInstance: gold_dbt_dag.trigger_dbt_build manual__2026-07-11T16:07:04.797310+00:00 [running]> on host ad4e12f53b08
[2026-07-11T16:09:16.517+0000] {taskinstance.py:2648} INFO - Exporting env vars: AIRFLOW_CTX_DAG_OWNER='data_engineer' AIRFLOW_CTX_DAG_ID='gold_dbt_dag' AIRFLOW_CTX_TASK_ID='trigger_dbt_build' AIRFLOW_CTX_EXECUTION_DATE='2026-07-11T16:07:04.797310+00:00' AIRFLOW_CTX_TRY_NUMBER='2' AIRFLOW_CTX_DAG_RUN_ID='manual__2026-07-11T16:07:04.797310+00:00'
[2026-07-11T16:09:16.518+0000] {taskinstance.py:430} INFO - ::endgroup::
[2026-07-11T16:09:16.529+0000] {subprocess.py:63} INFO - Tmp dir root location: /tmp
[2026-07-11T16:09:16.531+0000] {subprocess.py:75} INFO - Running command: ['/usr/bin/bash', '-c', 'cd /opt/***/dbt && dbt build --profiles-dir . --target dev']
[2026-07-11T16:09:16.542+0000] {subprocess.py:86} INFO - Output:
[2026-07-11T16:09:17.860+0000] {subprocess.py:93} INFO - [0m16:09:17  Running with dbt=1.11.11
[2026-07-11T16:09:18.413+0000] {subprocess.py:93} INFO - [0m16:09:18  Registered adapter: bigquery=1.11.3
[2026-07-11T16:09:18.647+0000] {subprocess.py:93} INFO - [0m16:09:18  Found 6 models, 4 sources, 553 macros
[2026-07-11T16:09:18.648+0000] {subprocess.py:93} INFO - [0m16:09:18
[2026-07-11T16:09:18.649+0000] {subprocess.py:93} INFO - [0m16:09:18  Concurrency: 4 threads (target='dev')
[2026-07-11T16:09:18.649+0000] {subprocess.py:93} INFO - [0m16:09:18
[2026-07-11T16:09:20.348+0000] {subprocess.py:93} INFO - [0m16:09:20  1 of 6 START sql table model logistics_mart.dim_drivers ........................ [RUN]
[2026-07-11T16:09:20.354+0000] {subprocess.py:93} INFO - [0m16:09:20  2 of 6 START sql table model logistics_mart.dim_hubs ........................... [RUN]
[2026-07-11T16:09:20.354+0000] {subprocess.py:93} INFO - [0m16:09:20  3 of 6 START sql view model logistics_mart.stg_shipments ....................... [RUN]
[2026-07-11T16:09:20.354+0000] {subprocess.py:93} INFO - [0m16:09:20  4 of 6 START sql view model logistics_mart.stg_weather ......................... [RUN]
[2026-07-11T16:09:22.241+0000] {subprocess.py:93} INFO - [0m16:09:22  BigQuery adapter: https://console.cloud.google.com/bigquery?project=logistics-500519&j=bq:US:878030f1-efd9-49fc-8d50-e127701848b1&page=queryresults
[2026-07-11T16:09:22.261+0000] {subprocess.py:93} INFO - [0m16:09:22  1 of 6 ERROR creating sql table model logistics_mart.dim_drivers ............... [[31mERROR[0m in 1.91s]
[2026-07-11T16:09:22.264+0000] {subprocess.py:93} INFO - [0m16:09:22  5 of 6 START sql view model logistics_mart.stg_weather_consensus ............... [RUN]
[2026-07-11T16:09:22.374+0000] {subprocess.py:93} INFO - [0m16:09:22  3 of 6 OK created sql view model logistics_mart.stg_shipments .................. [[32mCREATE VIEW (0 processed)[0m in 2.02s]
[2026-07-11T16:09:22.446+0000] {subprocess.py:93} INFO - [0m16:09:22  BigQuery adapter: https://console.cloud.google.com/bigquery?project=logistics-500519&j=bq:US:925eca4f-b6c6-4693-a333-79c4de2fa763&page=queryresults
[2026-07-11T16:09:22.451+0000] {subprocess.py:93} INFO - [0m16:09:22  2 of 6 ERROR creating sql table model logistics_mart.dim_hubs .................. [[31mERROR[0m in 2.10s]
[2026-07-11T16:09:22.634+0000] {subprocess.py:93} INFO - [0m16:09:22  4 of 6 OK created sql view model logistics_mart.stg_weather .................... [[32mCREATE VIEW (0 processed)[0m in 2.28s]
[2026-07-11T16:09:24.304+0000] {subprocess.py:93} INFO - [0m16:09:24  5 of 6 OK created sql view model logistics_mart.stg_weather_consensus .......... [[32mCREATE VIEW (0 processed)[0m in 2.03s]
[2026-07-11T16:09:24.311+0000] {subprocess.py:93} INFO - [0m16:09:24  6 of 6 SKIP relation logistics_mart.fact_shipment_weather ...................... [[33mSKIP[0m]
[2026-07-11T16:09:24.357+0000] {subprocess.py:93} INFO - [0m16:09:24
[2026-07-11T16:09:24.358+0000] {subprocess.py:93} INFO - [0m16:09:24  Finished running 3 table models, 3 view models in 0 hours 0 minutes and 5.71 seconds (5.71s).
[2026-07-11T16:09:24.408+0000] {subprocess.py:93} INFO - [0m16:09:24
[2026-07-11T16:09:24.409+0000] {subprocess.py:93} INFO - [0m16:09:24  [31mCompleted with 2 errors, 0 partial successes, and 0 warnings:[0m
[2026-07-11T16:09:24.409+0000] {subprocess.py:93} INFO - [0m16:09:24
[2026-07-11T16:09:24.410+0000] {subprocess.py:93} INFO - [0m16:09:24  [31mFailure in model dim_drivers (models/mart/dim_drivers.sql)[0m
[2026-07-11T16:09:24.410+0000] {subprocess.py:93} INFO - [0m16:09:24    Database Error in model dim_drivers (models/mart/dim_drivers.sql)
[2026-07-11T16:09:24.410+0000] {subprocess.py:93} INFO -   Unrecognized name: is_current at [24:7]
[2026-07-11T16:09:24.411+0000] {subprocess.py:93} INFO -   compiled code at target/run/logistics_lakehouse/models/mart/dim_drivers.sql
[2026-07-11T16:09:24.411+0000] {subprocess.py:93} INFO - [0m16:09:24
[2026-07-11T16:09:24.411+0000] {subprocess.py:93} INFO - [0m16:09:24    compiled code at target/compiled/logistics_lakehouse/models/mart/dim_drivers.sql
[2026-07-11T16:09:24.411+0000] {subprocess.py:93} INFO - [0m16:09:24
[2026-07-11T16:09:24.411+0000] {subprocess.py:93} INFO - [0m16:09:24  [31mFailure in model dim_hubs (models/mart/dim_hubs.sql)[0m
[2026-07-11T16:09:24.412+0000] {subprocess.py:93} INFO - [0m16:09:24    Database Error in model dim_hubs (models/mart/dim_hubs.sql)
[2026-07-11T16:09:24.412+0000] {subprocess.py:93} INFO -   Unrecognized name: is_current at [24:7]
[2026-07-11T16:09:24.412+0000] {subprocess.py:93} INFO -   compiled code at target/run/logistics_lakehouse/models/mart/dim_hubs.sql
[2026-07-11T16:09:24.412+0000] {subprocess.py:93} INFO - [0m16:09:24
[2026-07-11T16:09:24.412+0000] {subprocess.py:93} INFO - [0m16:09:24    compiled code at target/compiled/logistics_lakehouse/models/mart/dim_hubs.sql
[2026-07-11T16:09:24.412+0000] {subprocess.py:93} INFO - [0m16:09:24
[2026-07-11T16:09:24.413+0000] {subprocess.py:93} INFO - [0m16:09:24  Done. PASS=3 WARN=0 ERROR=2 SKIP=1 NO-OP=0 TOTAL=6
[2026-07-11T16:09:26.237+0000] {subprocess.py:97} INFO - Command exited with return code 1
[2026-07-11T16:09:26.239+0000] {taskinstance.py:441} INFO - ::group::Post task execution logs
[2026-07-11T16:09:26.259+0000] {taskinstance.py:2905} ERROR - Task failed with exception
Traceback (most recent call last):
  File "/home/airflow/.local/lib/python3.12/site-packages/airflow/models/taskinstance.py", line 465, in _execute_task
    result = _execute_callable(context=context, **execute_callable_kwargs)
             ^^^^^^^^^^^^^^^^^^^^^^^^^^^^^^^^^^^^^^^^^^^^^^^^^^^^^^^^^^^^^
  File "/home/airflow/.local/lib/python3.12/site-packages/airflow/models/taskinstance.py", line 432, in _execute_callable
    return execute_callable(context=context, **execute_callable_kwargs)
           ^^^^^^^^^^^^^^^^^^^^^^^^^^^^^^^^^^^^^^^^^^^^^^^^^^^^^^^^^^^^
  File "/home/airflow/.local/lib/python3.12/site-packages/airflow/models/baseoperator.py", line 400, in wrapper
    return func(self, *args, **kwargs)
           ^^^^^^^^^^^^^^^^^^^^^^^^^^^
  File "/home/airflow/.local/lib/python3.12/site-packages/airflow/operators/bash.py", line 243, in execute
    raise AirflowException(
airflow.exceptions.AirflowException: Bash command failed. The command returned a non-zero exit code 1.
[2026-07-11T16:09:26.269+0000] {taskinstance.py:1206} INFO - Marking task as FAILED. dag_id=gold_dbt_dag, task_id=trigger_dbt_build, run_id=manual__2026-07-11T16:07:04.797310+00:00, execution_date=20260711T160704, start_date=20260711T160916, end_date=20260711T160926
[2026-07-11T16:09:26.286+0000] {standard_task_runner.py:110} ERROR - Failed to execute job 12 for task trigger_dbt_build (Bash command failed. The command returned a non-zero exit code 1.; 1185)
[2026-07-11T16:09:26.303+0000] {local_task_job_runner.py:240} INFO - Task exited with return code 1
[2026-07-11T16:09:26.322+0000] {taskinstance.py:3498} INFO - 0 downstream tasks scheduled from follow-on schedule check
[2026-07-11T16:09:26.323+0000] {local_task_job_runner.py:222} INFO - ::endgroup::
