[2026-07-08T03:07:56.679+0000] {local_task_job_runner.py:120} INFO - ::group::Pre task execution logs
[2026-07-08T03:07:56.699+0000] {taskinstance.py:2076} INFO - Dependencies all met for dep_context=non-requeueable deps ti=<TaskInstance: gold_dbt_dag.trigger_dbt_build dataset_triggered__2026-07-08T03:07:56.398447+00:00 [queued]>
[2026-07-08T03:07:56.702+0000] {taskinstance.py:2076} INFO - Dependencies all met for dep_context=requeueable deps ti=<TaskInstance: gold_dbt_dag.trigger_dbt_build dataset_triggered__2026-07-08T03:07:56.398447+00:00 [queued]>
[2026-07-08T03:07:56.702+0000] {taskinstance.py:2306} INFO - Starting attempt 1 of 2
[2026-07-08T03:07:56.707+0000] {taskinstance.py:2330} INFO - Executing <Task(BashOperator): trigger_dbt_build> on 2026-07-08 03:07:56.398447+00:00
[2026-07-08T03:07:56.711+0000] {standard_task_runner.py:90} INFO - Running: ['***', 'tasks', 'run', 'gold_dbt_dag', 'trigger_dbt_build', 'dataset_triggered__2026-07-08T03:07:56.398447+00:00', '--job-id', '1066', '--raw', '--subdir', 'DAGS_FOLDER/dag_gold_dbt.py', '--cfg-path', '/tmp/tmp782_khnu']
[2026-07-08T03:07:56.713+0000] {standard_task_runner.py:91} INFO - Job 1066: Subtask trigger_dbt_build
[2026-07-08T03:07:56.713+0000] {logging_mixin.py:188} WARNING - /home/***/.local/lib/python3.12/site-packages/***/task/task_runner/standard_task_runner.py:61 DeprecationWarning: This process (pid=81852) is multi-threaded, use of fork() may lead to deadlocks in the child.
[2026-07-08T03:07:56.714+0000] {standard_task_runner.py:63} INFO - Started process 81853 to run task
[2026-07-08T03:07:56.733+0000] {task_command.py:426} INFO - Running <TaskInstance: gold_dbt_dag.trigger_dbt_build dataset_triggered__2026-07-08T03:07:56.398447+00:00 [running]> on host bd23e89d97be
[2026-07-08T03:07:56.774+0000] {taskinstance.py:2648} INFO - Exporting env vars: AIRFLOW_CTX_DAG_OWNER='data_engineer' AIRFLOW_CTX_DAG_ID='gold_dbt_dag' AIRFLOW_CTX_TASK_ID='trigger_dbt_build' AIRFLOW_CTX_EXECUTION_DATE='2026-07-08T03:07:56.398447+00:00' AIRFLOW_CTX_TRY_NUMBER='1' AIRFLOW_CTX_DAG_RUN_ID='dataset_triggered__2026-07-08T03:07:56.398447+00:00'
[2026-07-08T03:07:56.775+0000] {taskinstance.py:430} INFO - ::endgroup::
[2026-07-08T03:07:56.782+0000] {subprocess.py:63} INFO - Tmp dir root location: /tmp
[2026-07-08T03:07:56.783+0000] {subprocess.py:75} INFO - Running command: ['/usr/bin/bash', '-c', 'cd /opt/***/dbt && dbt build --profiles-dir . --target dev']
[2026-07-08T03:07:56.786+0000] {subprocess.py:86} INFO - Output:
[2026-07-08T03:07:57.801+0000] {subprocess.py:93} INFO - [0m03:07:57  Running with dbt=1.11.11
[2026-07-08T03:07:58.568+0000] {subprocess.py:93} INFO - [0m03:07:58  Registered adapter: bigquery=1.11.3
[2026-07-08T03:07:59.244+0000] {subprocess.py:93} INFO - [0m03:07:59  Found 6 models, 4 sources, 553 macros
[2026-07-08T03:07:59.250+0000] {subprocess.py:93} INFO - [0m03:07:59
[2026-07-08T03:07:59.251+0000] {subprocess.py:93} INFO - [0m03:07:59  Concurrency: 4 threads (target='dev')
[2026-07-08T03:07:59.251+0000] {subprocess.py:93} INFO - [0m03:07:59
[2026-07-08T03:08:01.335+0000] {subprocess.py:93} INFO - [0m03:08:01  1 of 6 START sql table model logistics_mart.dim_drivers ........................ [RUN]
[2026-07-08T03:08:01.339+0000] {subprocess.py:93} INFO - [0m03:08:01  2 of 6 START sql table model logistics_mart.dim_hubs ........................... [RUN]
[2026-07-08T03:08:01.341+0000] {subprocess.py:93} INFO - [0m03:08:01  3 of 6 START sql view model logistics_mart.stg_shipments ....................... [RUN]
[2026-07-08T03:08:01.342+0000] {subprocess.py:93} INFO - [0m03:08:01  4 of 6 START sql view model logistics_mart.stg_weather ......................... [RUN]
[2026-07-08T03:08:03.404+0000] {subprocess.py:93} INFO - [0m03:08:03  3 of 6 OK created sql view model logistics_mart.stg_shipments .................. [[32mCREATE VIEW (0 processed)[0m in 2.06s]
[2026-07-08T03:08:03.407+0000] {subprocess.py:93} INFO - [0m03:08:03  5 of 6 START sql view model logistics_mart.stg_weather_consensus ............... [RUN]
[2026-07-08T03:08:03.592+0000] {subprocess.py:93} INFO - [0m03:08:03  4 of 6 OK created sql view model logistics_mart.stg_weather .................... [[32mCREATE VIEW (0 processed)[0m in 2.25s]
[2026-07-08T03:08:05.114+0000] {subprocess.py:93} INFO - [0m03:08:05  BigQuery adapter: https://console.cloud.google.com/bigquery?project=logistics-500519&j=bq:US:db2ad698-4699-4a1d-9e64-763a86b0bd8a&page=queryresults
[2026-07-08T03:08:05.137+0000] {subprocess.py:93} INFO - [0m03:08:05  5 of 6 ERROR creating sql view model logistics_mart.stg_weather_consensus ...... [[31mERROR[0m in 1.73s]
[2026-07-08T03:08:05.337+0000] {subprocess.py:93} INFO - [0m03:08:05  2 of 6 OK created sql table model logistics_mart.dim_hubs ...................... [[32mCREATE TABLE (3.0 rows, 149.0 Bytes processed)[0m in 3.99s]
[2026-07-08T03:08:05.342+0000] {subprocess.py:93} INFO - [0m03:08:05  6 of 6 START sql table model logistics_mart.fact_shipment_weather .............. [RUN]
[2026-07-08T03:08:05.682+0000] {subprocess.py:93} INFO - [0m03:08:05  1 of 6 OK created sql table model logistics_mart.dim_drivers ................... [[32mCREATE TABLE (3.0 rows, 108.0 Bytes processed)[0m in 4.34s]
[2026-07-08T03:08:09.424+0000] {subprocess.py:93} INFO - [0m03:08:09  6 of 6 OK created sql table model logistics_mart.fact_shipment_weather ......... [[32mCREATE TABLE (1.3k rows, 80.6 KiB processed)[0m in 4.08s]
[2026-07-08T03:08:09.477+0000] {subprocess.py:93} INFO - [0m03:08:09
[2026-07-08T03:08:09.477+0000] {subprocess.py:93} INFO - [0m03:08:09  Finished running 3 table models, 3 view models in 0 hours 0 minutes and 10.23 seconds (10.23s).
[2026-07-08T03:08:09.516+0000] {subprocess.py:93} INFO - [0m03:08:09
[2026-07-08T03:08:09.516+0000] {subprocess.py:93} INFO - [0m03:08:09  [31mCompleted with 1 error, 0 partial successes, and 0 warnings:[0m
[2026-07-08T03:08:09.517+0000] {subprocess.py:93} INFO - [0m03:08:09
[2026-07-08T03:08:09.517+0000] {subprocess.py:93} INFO - [0m03:08:09  [31mFailure in model stg_weather_consensus (models/staging/stg_weather_consensus.sql)[0m
[2026-07-08T03:08:09.517+0000] {subprocess.py:93} INFO - [0m03:08:09    Database Error in model stg_weather_consensus (models/staging/stg_weather_consensus.sql)
[2026-07-08T03:08:09.518+0000] {subprocess.py:93} INFO -   Unrecognized name: fetched_at at [11:11]
[2026-07-08T03:08:09.518+0000] {subprocess.py:93} INFO -   compiled code at target/run/logistics_lakehouse/models/staging/stg_weather_consensus.sql
[2026-07-08T03:08:09.518+0000] {subprocess.py:93} INFO - [0m03:08:09
[2026-07-08T03:08:09.518+0000] {subprocess.py:93} INFO - [0m03:08:09    compiled code at target/compiled/logistics_lakehouse/models/staging/stg_weather_consensus.sql
[2026-07-08T03:08:09.518+0000] {subprocess.py:93} INFO - [0m03:08:09
[2026-07-08T03:08:09.518+0000] {subprocess.py:93} INFO - [0m03:08:09  Done. PASS=5 WARN=0 ERROR=1 SKIP=0 NO-OP=0 TOTAL=6
[2026-07-08T03:08:11.690+0000] {subprocess.py:97} INFO - Command exited with return code 1
[2026-07-08T03:08:11.691+0000] {taskinstance.py:441} INFO - ::group::Post task execution logs
[2026-07-08T03:08:11.706+0000] {taskinstance.py:2905} ERROR - Task failed with exception
Traceback (most recent call last):
  File "/home/airflow/.local/lib/python3.12/site-packages/airflow/models/taskinstance.py", line 465, in _execute_task
    result = _execute_callable(context=context, **execute_callable_kwargs)
             ^^^^^^^^^^^^^^^^^^^^^^^^^^^^^^^^^^^^^^^^^^^^^^^^^^^^^^^^^^^^^
  File "/home/airflow/.local/lib/python3.12/site-packages/airflow/models/taskinstance.py", line 432, in _execute_callable
    return execute_callable(context=context, **execute_callable_kwargs)
           ^^^^^^^^^^^^^^^^^^^^^^^^^^^^^^^^^^^^^^^^^^^^^^^^^^^^^^^^^^^^
  File "/home/airflow/.local/lib/python3.12/site-packages/airflow/models/baseoperator.py", line 400, in wrapper
    return func(self, *args, **kwargs)
           ^^^^^^^^^^^^^^^^^^^^^^^^^^^
  File "/home/airflow/.local/lib/python3.12/site-packages/airflow/operators/bash.py", line 243, in execute
    raise AirflowException(
airflow.exceptions.AirflowException: Bash command failed. The command returned a non-zero exit code 1.
[2026-07-08T03:08:11.712+0000] {taskinstance.py:1206} INFO - Marking task as UP_FOR_RETRY. dag_id=gold_dbt_dag, task_id=trigger_dbt_build, run_id=dataset_triggered__2026-07-08T03:07:56.398447+00:00, execution_date=20260708T030756, start_date=20260708T030756, end_date=20260708T030811
[2026-07-08T03:08:11.724+0000] {standard_task_runner.py:110} ERROR - Failed to execute job 1066 for task trigger_dbt_build (Bash command failed. The command returned a non-zero exit code 1.; 81853)
[2026-07-08T03:08:11.757+0000] {local_task_job_runner.py:240} INFO - Task exited with return code 1
[2026-07-08T03:08:11.771+0000] {taskinstance.py:3498} INFO - 0 downstream tasks scheduled from follow-on schedule check
[2026-07-08T03:08:11.771+0000] {local_task_job_runner.py:222} INFO - ::endgroup::
