[2026-07-11T16:00:00.699+0000] {local_task_job_runner.py:120} INFO - ::group::Pre task execution logs
[2026-07-11T16:00:00.736+0000] {taskinstance.py:2076} INFO - Dependencies all met for dep_context=non-requeueable deps ti=<TaskInstance: dag_shipment_sim.generate_data scheduled__2026-07-11T15:00:00+00:00 [queued]>
[2026-07-11T16:00:00.741+0000] {taskinstance.py:2076} INFO - Dependencies all met for dep_context=requeueable deps ti=<TaskInstance: dag_shipment_sim.generate_data scheduled__2026-07-11T15:00:00+00:00 [queued]>
[2026-07-11T16:00:00.741+0000] {taskinstance.py:2306} INFO - Starting attempt 1 of 1
[2026-07-11T16:00:00.748+0000] {taskinstance.py:2330} INFO - Executing <Task(PythonOperator): generate_data> on 2026-07-11 15:00:00+00:00
[2026-07-11T16:00:00.760+0000] {standard_task_runner.py:90} INFO - Running: ['***', 'tasks', 'run', 'dag_shipment_sim', 'generate_data', 'scheduled__2026-07-11T15:00:00+00:00', '--job-id', '11', '--raw', '--subdir', 'DAGS_FOLDER/dag_shipment_sim.py', '--cfg-path', '/tmp/tmpk5wlhv_j']
[2026-07-11T16:00:00.768+0000] {standard_task_runner.py:91} INFO - Job 11: Subtask generate_data
[2026-07-11T16:00:00.768+0000] {logging_mixin.py:188} WARNING - /home/***/.local/lib/python3.12/site-packages/***/task/task_runner/standard_task_runner.py:61 DeprecationWarning: This process (pid=2761) is multi-threaded, use of fork() may lead to deadlocks in the child.
[2026-07-11T16:00:00.775+0000] {standard_task_runner.py:63} INFO - Started process 2770 to run task
[2026-07-11T16:00:00.825+0000] {task_command.py:426} INFO - Running <TaskInstance: dag_shipment_sim.generate_data scheduled__2026-07-11T15:00:00+00:00 [running]> on host 2208249760b3
[2026-07-11T16:00:00.878+0000] {taskinstance.py:2648} INFO - Exporting env vars: AIRFLOW_CTX_DAG_OWNER='***' AIRFLOW_CTX_DAG_ID='dag_shipment_sim' AIRFLOW_CTX_TASK_ID='generate_data' AIRFLOW_CTX_EXECUTION_DATE='2026-07-11T15:00:00+00:00' AIRFLOW_CTX_TRY_NUMBER='1' AIRFLOW_CTX_DAG_RUN_ID='scheduled__2026-07-11T15:00:00+00:00'
[2026-07-11T16:00:00.879+0000] {taskinstance.py:430} INFO - ::endgroup::
[2026-07-11T16:00:00.903+0000] {logging_mixin.py:188} INFO - Successfully generated and inserted 8 shipments using modular architecture.
[2026-07-11T16:00:00.903+0000] {python.py:237} INFO - Done. Returned value was: None
[2026-07-11T16:00:00.903+0000] {taskinstance.py:441} INFO - ::group::Post task execution logs
[2026-07-11T16:00:00.906+0000] {logging_mixin.py:188} WARNING - /home/***/.local/lib/python3.12/site-packages/***/models/baseoperator.py:1564 RemovedInAirflow3Warning: Passing 'execution_date' to 'TaskInstance.xcom_push()' is deprecated.
[2026-07-11T16:00:00.920+0000] {taskinstance.py:1206} INFO - Marking task as SUCCESS. dag_id=dag_shipment_sim, task_id=generate_data, run_id=scheduled__2026-07-11T15:00:00+00:00, execution_date=20260711T150000, start_date=20260711T160000, end_date=20260711T160000
[2026-07-11T16:00:00.961+0000] {local_task_job_runner.py:240} INFO - Task exited with return code 0
[2026-07-11T16:00:00.970+0000] {taskinstance.py:3498} INFO - 0 downstream tasks scheduled from follow-on schedule check
[2026-07-11T16:00:00.971+0000] {local_task_job_runner.py:222} INFO - ::endgroup::
[2026-07-11T16:05:53.962+0000] {local_task_job_runner.py:120} INFO - ::group::Pre task execution logs
[2026-07-11T16:05:53.981+0000] {taskinstance.py:2076} INFO - Dependencies all met for dep_context=non-requeueable deps ti=<TaskInstance: dag_shipment_sim.generate_data scheduled__2026-07-11T15:00:00+00:00 [queued]>
[2026-07-11T16:05:53.984+0000] {taskinstance.py:2076} INFO - Dependencies all met for dep_context=requeueable deps ti=<TaskInstance: dag_shipment_sim.generate_data scheduled__2026-07-11T15:00:00+00:00 [queued]>
[2026-07-11T16:05:53.984+0000] {taskinstance.py:2306} INFO - Starting attempt 1 of 1
[2026-07-11T16:05:53.989+0000] {taskinstance.py:2330} INFO - Executing <Task(PythonOperator): generate_data> on 2026-07-11 15:00:00+00:00
[2026-07-11T16:05:53.993+0000] {standard_task_runner.py:90} INFO - Running: ['***', 'tasks', 'run', 'dag_shipment_sim', 'generate_data', 'scheduled__2026-07-11T15:00:00+00:00', '--job-id', '2', '--raw', '--subdir', 'DAGS_FOLDER/dag_shipment_sim.py', '--cfg-path', '/tmp/tmp1vgtyner']
[2026-07-11T16:05:53.994+0000] {logging_mixin.py:188} WARNING - /home/***/.local/lib/python3.12/site-packages/***/task/task_runner/standard_task_runner.py:61 DeprecationWarning: This process (pid=282) is multi-threaded, use of fork() may lead to deadlocks in the child.
[2026-07-11T16:05:53.994+0000] {standard_task_runner.py:63} INFO - Started process 283 to run task
[2026-07-11T16:05:53.994+0000] {standard_task_runner.py:91} INFO - Job 2: Subtask generate_data
[2026-07-11T16:05:54.015+0000] {task_command.py:426} INFO - Running <TaskInstance: dag_shipment_sim.generate_data scheduled__2026-07-11T15:00:00+00:00 [running]> on host ad4e12f53b08
[2026-07-11T16:05:54.051+0000] {taskinstance.py:2648} INFO - Exporting env vars: AIRFLOW_CTX_DAG_OWNER='***' AIRFLOW_CTX_DAG_ID='dag_shipment_sim' AIRFLOW_CTX_TASK_ID='generate_data' AIRFLOW_CTX_EXECUTION_DATE='2026-07-11T15:00:00+00:00' AIRFLOW_CTX_TRY_NUMBER='1' AIRFLOW_CTX_DAG_RUN_ID='scheduled__2026-07-11T15:00:00+00:00'
[2026-07-11T16:05:54.051+0000] {taskinstance.py:430} INFO - ::endgroup::
[2026-07-11T16:05:54.079+0000] {logging_mixin.py:188} INFO - Successfully generated and inserted 7 shipments using modular architecture.
[2026-07-11T16:05:54.079+0000] {python.py:237} INFO - Done. Returned value was: None
[2026-07-11T16:05:54.080+0000] {taskinstance.py:441} INFO - ::group::Post task execution logs
[2026-07-11T16:05:54.081+0000] {logging_mixin.py:188} WARNING - /home/***/.local/lib/python3.12/site-packages/***/models/baseoperator.py:1564 RemovedInAirflow3Warning: Passing 'execution_date' to 'TaskInstance.xcom_push()' is deprecated.
[2026-07-11T16:05:54.089+0000] {taskinstance.py:1206} INFO - Marking task as SUCCESS. dag_id=dag_shipment_sim, task_id=generate_data, run_id=scheduled__2026-07-11T15:00:00+00:00, execution_date=20260711T150000, start_date=20260711T160553, end_date=20260711T160554
[2026-07-11T16:05:54.135+0000] {local_task_job_runner.py:240} INFO - Task exited with return code 0
[2026-07-11T16:05:54.144+0000] {taskinstance.py:3498} INFO - 0 downstream tasks scheduled from follow-on schedule check
[2026-07-11T16:05:54.145+0000] {local_task_job_runner.py:222} INFO - ::endgroup::
