[2026-07-03T01:10:06.155+0000] {local_task_job_runner.py:120} INFO - ::group::Pre task execution logs
[2026-07-03T01:10:06.180+0000] {taskinstance.py:2076} INFO - Dependencies all met for dep_context=non-requeueable deps ti=<TaskInstance: gold_dbt_dag.trigger_dbt_build dataset_triggered__2026-07-03T01:10:05.530973+00:00 [queued]>
[2026-07-03T01:10:06.184+0000] {taskinstance.py:2076} INFO - Dependencies all met for dep_context=requeueable deps ti=<TaskInstance: gold_dbt_dag.trigger_dbt_build dataset_triggered__2026-07-03T01:10:05.530973+00:00 [queued]>
[2026-07-03T01:10:06.184+0000] {taskinstance.py:2306} INFO - Starting attempt 1 of 2
[2026-07-03T01:10:06.189+0000] {taskinstance.py:2330} INFO - Executing <Task(BashOperator): trigger_dbt_build> on 2026-07-03 01:10:05.530973+00:00
[2026-07-03T01:10:06.193+0000] {standard_task_runner.py:90} INFO - Running: ['***', 'tasks', 'run', 'gold_dbt_dag', 'trigger_dbt_build', 'dataset_triggered__2026-07-03T01:10:05.530973+00:00', '--job-id', '318', '--raw', '--subdir', 'DAGS_FOLDER/dag_gold_dbt.py', '--cfg-path', '/tmp/tmpo4parx8c']
[2026-07-03T01:10:06.195+0000] {standard_task_runner.py:91} INFO - Job 318: Subtask trigger_dbt_build
[2026-07-03T01:10:06.195+0000] {logging_mixin.py:188} WARNING - /home/***/.local/lib/python3.12/site-packages/***/task/task_runner/standard_task_runner.py:61 DeprecationWarning: This process (pid=99174) is multi-threaded, use of fork() may lead to deadlocks in the child.
[2026-07-03T01:10:06.196+0000] {standard_task_runner.py:63} INFO - Started process 99175 to run task
[2026-07-03T01:10:06.216+0000] {task_command.py:426} INFO - Running <TaskInstance: gold_dbt_dag.trigger_dbt_build dataset_triggered__2026-07-03T01:10:05.530973+00:00 [running]> on host bd23e89d97be
[2026-07-03T01:10:06.263+0000] {taskinstance.py:2648} INFO - Exporting env vars: AIRFLOW_CTX_DAG_OWNER='data_engineer' AIRFLOW_CTX_DAG_ID='gold_dbt_dag' AIRFLOW_CTX_TASK_ID='trigger_dbt_build' AIRFLOW_CTX_EXECUTION_DATE='2026-07-03T01:10:05.530973+00:00' AIRFLOW_CTX_TRY_NUMBER='1' AIRFLOW_CTX_DAG_RUN_ID='dataset_triggered__2026-07-03T01:10:05.530973+00:00'
[2026-07-03T01:10:06.263+0000] {taskinstance.py:430} INFO - ::endgroup::
[2026-07-03T01:10:06.277+0000] {subprocess.py:63} INFO - Tmp dir root location: /tmp
[2026-07-03T01:10:06.278+0000] {subprocess.py:75} INFO - Running command: ['/usr/bin/bash', '-c', 'cd /opt/***/dbt && dbt build --profiles-dir . --target dev']
[2026-07-03T01:10:06.282+0000] {subprocess.py:86} INFO - Output:
[2026-07-03T01:10:07.382+0000] {subprocess.py:93} INFO - [0m01:10:07  Running with dbt=1.11.11
[2026-07-03T01:10:07.953+0000] {subprocess.py:93} INFO - [0m01:10:07  Registered adapter: bigquery=1.11.3
[2026-07-03T01:10:08.177+0000] {subprocess.py:93} INFO - [0m01:10:08  Found 5 models, 4 sources, 553 macros
[2026-07-03T01:10:08.178+0000] {subprocess.py:93} INFO - [0m01:10:08
[2026-07-03T01:10:08.179+0000] {subprocess.py:93} INFO - [0m01:10:08  Concurrency: 4 threads (target='dev')
[2026-07-03T01:10:08.179+0000] {subprocess.py:93} INFO - [0m01:10:08
[2026-07-03T01:10:09.876+0000] {subprocess.py:93} INFO - [0m01:10:09  1 of 5 START sql table model logistics_mart.dim_drivers ........................ [RUN]
[2026-07-03T01:10:09.878+0000] {subprocess.py:93} INFO - [0m01:10:09  2 of 5 START sql table model logistics_mart.dim_hubs ........................... [RUN]
[2026-07-03T01:10:09.878+0000] {subprocess.py:93} INFO - [0m01:10:09  3 of 5 START sql view model logistics_mart.stg_shipments ....................... [RUN]
[2026-07-03T01:10:09.878+0000] {subprocess.py:93} INFO - [0m01:10:09  4 of 5 START sql view model logistics_mart.stg_weather ......................... [RUN]
[2026-07-03T01:10:11.810+0000] {subprocess.py:93} INFO - [0m01:10:11  3 of 5 OK created sql view model logistics_mart.stg_shipments .................. [[32mCREATE VIEW (0 processed)[0m in 1.93s]
[2026-07-03T01:10:11.810+0000] {subprocess.py:93} INFO - [0m01:10:11  4 of 5 OK created sql view model logistics_mart.stg_weather .................... [[32mCREATE VIEW (0 processed)[0m in 1.93s]
[2026-07-03T01:10:13.673+0000] {subprocess.py:93} INFO - [0m01:10:13  2 of 5 OK created sql table model logistics_mart.dim_hubs ...................... [[32mCREATE TABLE (3.0 rows, 149.0 Bytes processed)[0m in 3.79s]
[2026-07-03T01:10:13.678+0000] {subprocess.py:93} INFO - [0m01:10:13  5 of 5 START sql table model logistics_mart.fact_shipment_weather .............. [RUN]
[2026-07-03T01:10:14.643+0000] {subprocess.py:93} INFO - [0m01:10:14  1 of 5 OK created sql table model logistics_mart.dim_drivers ................... [[32mCREATE TABLE (3.0 rows, 108.0 Bytes processed)[0m in 4.76s]
[2026-07-03T01:10:17.601+0000] {subprocess.py:93} INFO - [0m01:10:17  5 of 5 OK created sql table model logistics_mart.fact_shipment_weather ......... [[32mCREATE TABLE (343.0 rows, 22.0 KiB processed)[0m in 3.92s]
[2026-07-03T01:10:17.651+0000] {subprocess.py:93} INFO - [0m01:10:17
[2026-07-03T01:10:17.651+0000] {subprocess.py:93} INFO - [0m01:10:17  Finished running 3 table models, 2 view models in 0 hours 0 minutes and 9.47 seconds (9.47s).
[2026-07-03T01:10:17.685+0000] {subprocess.py:93} INFO - [0m01:10:17
[2026-07-03T01:10:17.685+0000] {subprocess.py:93} INFO - [0m01:10:17  [32mCompleted successfully[0m
[2026-07-03T01:10:17.685+0000] {subprocess.py:93} INFO - [0m01:10:17
[2026-07-03T01:10:17.686+0000] {subprocess.py:93} INFO - [0m01:10:17  Done. PASS=5 WARN=0 ERROR=0 SKIP=0 NO-OP=0 TOTAL=5
[2026-07-03T01:10:19.421+0000] {subprocess.py:97} INFO - Command exited with return code 0
[2026-07-03T01:10:19.422+0000] {taskinstance.py:441} INFO - ::group::Post task execution logs
[2026-07-03T01:10:19.444+0000] {taskinstance.py:1206} INFO - Marking task as SUCCESS. dag_id=gold_dbt_dag, task_id=trigger_dbt_build, run_id=dataset_triggered__2026-07-03T01:10:05.530973+00:00, execution_date=20260703T011005, start_date=20260703T011006, end_date=20260703T011019
[2026-07-03T01:10:19.475+0000] {local_task_job_runner.py:240} INFO - Task exited with return code 0
[2026-07-03T01:10:19.486+0000] {taskinstance.py:3498} INFO - 0 downstream tasks scheduled from follow-on schedule check
[2026-07-03T01:10:19.486+0000] {local_task_job_runner.py:222} INFO - ::endgroup::
