[2026-07-02T14:00:18.113+0000] {local_task_job_runner.py:120} INFO - ::group::Pre task execution logs
[2026-07-02T14:00:18.140+0000] {taskinstance.py:2076} INFO - Dependencies all met for dep_context=non-requeueable deps ti=<TaskInstance: gold_dbt_dag.trigger_dbt_build dataset_triggered__2026-07-02T14:00:17.102596+00:00 [queued]>
[2026-07-02T14:00:18.147+0000] {taskinstance.py:2076} INFO - Dependencies all met for dep_context=requeueable deps ti=<TaskInstance: gold_dbt_dag.trigger_dbt_build dataset_triggered__2026-07-02T14:00:17.102596+00:00 [queued]>
[2026-07-02T14:00:18.148+0000] {taskinstance.py:2306} INFO - Starting attempt 1 of 2
[2026-07-02T14:00:18.158+0000] {taskinstance.py:2330} INFO - Executing <Task(BashOperator): trigger_dbt_build> on 2026-07-02 14:00:17.102596+00:00
[2026-07-02T14:00:18.166+0000] {standard_task_runner.py:90} INFO - Running: ['***', 'tasks', 'run', 'gold_dbt_dag', 'trigger_dbt_build', 'dataset_triggered__2026-07-02T14:00:17.102596+00:00', '--job-id', '252', '--raw', '--subdir', 'DAGS_FOLDER/dag_gold_dbt.py', '--cfg-path', '/tmp/tmpou99_ws0']
[2026-07-02T14:00:18.169+0000] {standard_task_runner.py:91} INFO - Job 252: Subtask trigger_dbt_build
[2026-07-02T14:00:18.170+0000] {logging_mixin.py:188} WARNING - /home/***/.local/lib/python3.12/site-packages/***/task/task_runner/standard_task_runner.py:61 DeprecationWarning: This process (pid=73520) is multi-threaded, use of fork() may lead to deadlocks in the child.
[2026-07-02T14:00:18.170+0000] {standard_task_runner.py:63} INFO - Started process 73533 to run task
[2026-07-02T14:00:18.226+0000] {task_command.py:426} INFO - Running <TaskInstance: gold_dbt_dag.trigger_dbt_build dataset_triggered__2026-07-02T14:00:17.102596+00:00 [running]> on host bd23e89d97be
[2026-07-02T14:00:18.303+0000] {taskinstance.py:2648} INFO - Exporting env vars: AIRFLOW_CTX_DAG_OWNER='data_engineer' AIRFLOW_CTX_DAG_ID='gold_dbt_dag' AIRFLOW_CTX_TASK_ID='trigger_dbt_build' AIRFLOW_CTX_EXECUTION_DATE='2026-07-02T14:00:17.102596+00:00' AIRFLOW_CTX_TRY_NUMBER='1' AIRFLOW_CTX_DAG_RUN_ID='dataset_triggered__2026-07-02T14:00:17.102596+00:00'
[2026-07-02T14:00:18.303+0000] {taskinstance.py:430} INFO - ::endgroup::
[2026-07-02T14:00:18.313+0000] {subprocess.py:63} INFO - Tmp dir root location: /tmp
[2026-07-02T14:00:18.315+0000] {subprocess.py:75} INFO - Running command: ['/usr/bin/bash', '-c', 'cd /opt/***/dbt && dbt build --profiles-dir . --target dev']
[2026-07-02T14:00:18.320+0000] {subprocess.py:86} INFO - Output:
[2026-07-02T14:00:19.727+0000] {subprocess.py:93} INFO - [0m14:00:19  Running with dbt=1.11.11
[2026-07-02T14:00:20.458+0000] {subprocess.py:93} INFO - [0m14:00:20  Registered adapter: bigquery=1.11.3
[2026-07-02T14:00:20.713+0000] {subprocess.py:93} INFO - [0m14:00:20  Found 5 models, 4 sources, 553 macros
[2026-07-02T14:00:20.714+0000] {subprocess.py:93} INFO - [0m14:00:20
[2026-07-02T14:00:20.715+0000] {subprocess.py:93} INFO - [0m14:00:20  Concurrency: 4 threads (target='dev')
[2026-07-02T14:00:20.715+0000] {subprocess.py:93} INFO - [0m14:00:20
[2026-07-02T14:00:22.589+0000] {subprocess.py:93} INFO - [0m14:00:22  1 of 5 START sql table model logistics_mart.dim_drivers ........................ [RUN]
[2026-07-02T14:00:22.589+0000] {subprocess.py:93} INFO - [0m14:00:22  2 of 5 START sql table model logistics_mart.dim_hubs ........................... [RUN]
[2026-07-02T14:00:22.589+0000] {subprocess.py:93} INFO - [0m14:00:22  3 of 5 START sql view model logistics_mart.stg_shipments ....................... [RUN]
[2026-07-02T14:00:22.590+0000] {subprocess.py:93} INFO - [0m14:00:22  4 of 5 START sql view model logistics_mart.stg_weather ......................... [RUN]
[2026-07-02T14:00:24.790+0000] {subprocess.py:93} INFO - [0m14:00:24  3 of 5 OK created sql view model logistics_mart.stg_shipments .................. [[32mCREATE VIEW (0 processed)[0m in 2.20s]
[2026-07-02T14:00:24.819+0000] {subprocess.py:93} INFO - [0m14:00:24  4 of 5 OK created sql view model logistics_mart.stg_weather .................... [[32mCREATE VIEW (0 processed)[0m in 2.23s]
[2026-07-02T14:00:26.620+0000] {subprocess.py:93} INFO - [0m14:00:26  1 of 5 OK created sql table model logistics_mart.dim_drivers ................... [[32mCREATE TABLE (3.0 rows, 108.0 Bytes processed)[0m in 4.02s]
[2026-07-02T14:00:27.281+0000] {subprocess.py:93} INFO - [0m14:00:27  2 of 5 OK created sql table model logistics_mart.dim_hubs ...................... [[32mCREATE TABLE (3.0 rows, 149.0 Bytes processed)[0m in 4.69s]
[2026-07-02T14:00:27.287+0000] {subprocess.py:93} INFO - [0m14:00:27  5 of 5 START sql table model logistics_mart.fact_shipment_weather .............. [RUN]
[2026-07-02T14:00:31.633+0000] {subprocess.py:93} INFO - [0m14:00:31  5 of 5 OK created sql table model logistics_mart.fact_shipment_weather ......... [[32mCREATE TABLE (257.0 rows, 16.6 KiB processed)[0m in 4.34s]
[2026-07-02T14:00:31.678+0000] {subprocess.py:93} INFO - [0m14:00:31
[2026-07-02T14:00:31.678+0000] {subprocess.py:93} INFO - [0m14:00:31  Finished running 3 table models, 2 view models in 0 hours 0 minutes and 10.96 seconds (10.96s).
[2026-07-02T14:00:31.724+0000] {subprocess.py:93} INFO - [0m14:00:31
[2026-07-02T14:00:31.725+0000] {subprocess.py:93} INFO - [0m14:00:31  [32mCompleted successfully[0m
[2026-07-02T14:00:31.725+0000] {subprocess.py:93} INFO - [0m14:00:31
[2026-07-02T14:00:31.725+0000] {subprocess.py:93} INFO - [0m14:00:31  Done. PASS=5 WARN=0 ERROR=0 SKIP=0 NO-OP=0 TOTAL=5
[2026-07-02T14:00:33.979+0000] {subprocess.py:97} INFO - Command exited with return code 0
[2026-07-02T14:00:33.981+0000] {taskinstance.py:441} INFO - ::group::Post task execution logs
[2026-07-02T14:00:34.005+0000] {taskinstance.py:1206} INFO - Marking task as SUCCESS. dag_id=gold_dbt_dag, task_id=trigger_dbt_build, run_id=dataset_triggered__2026-07-02T14:00:17.102596+00:00, execution_date=20260702T140017, start_date=20260702T140018, end_date=20260702T140034
[2026-07-02T14:00:34.047+0000] {local_task_job_runner.py:240} INFO - Task exited with return code 0
[2026-07-02T14:00:34.058+0000] {taskinstance.py:3498} INFO - 0 downstream tasks scheduled from follow-on schedule check
[2026-07-02T14:00:34.059+0000] {local_task_job_runner.py:222} INFO - ::endgroup::
