[2026-07-05T05:17:44.217+0000] {local_task_job_runner.py:120} INFO - ::group::Pre task execution logs
[2026-07-05T05:17:44.228+0000] {taskinstance.py:2076} INFO - Dependencies all met for dep_context=non-requeueable deps ti=<TaskInstance: weather_tomorrowio_pipeline.fetch_weather_api scheduled__2026-07-05T04:00:00+00:00 [queued]>
[2026-07-05T05:17:44.231+0000] {taskinstance.py:2076} INFO - Dependencies all met for dep_context=requeueable deps ti=<TaskInstance: weather_tomorrowio_pipeline.fetch_weather_api scheduled__2026-07-05T04:00:00+00:00 [queued]>
[2026-07-05T05:17:44.231+0000] {taskinstance.py:2306} INFO - Starting attempt 1 of 2
[2026-07-05T05:17:44.235+0000] {taskinstance.py:2330} INFO - Executing <Task(PythonOperator): fetch_weather_api> on 2026-07-05 04:00:00+00:00
[2026-07-05T05:17:44.240+0000] {logging_mixin.py:188} WARNING - /home/***/.local/lib/python3.12/site-packages/***/task/task_runner/standard_task_runner.py:61 DeprecationWarning: This process (pid=45305) is multi-threaded, use of fork() may lead to deadlocks in the child.
[2026-07-05T05:17:44.241+0000] {standard_task_runner.py:63} INFO - Started process 45320 to run task
[2026-07-05T05:17:44.240+0000] {standard_task_runner.py:90} INFO - Running: ['***', 'tasks', 'run', 'weather_tomorrowio_pipeline', 'fetch_weather_api', 'scheduled__2026-07-05T04:00:00+00:00', '--job-id', '624', '--raw', '--subdir', 'DAGS_FOLDER/dag_tomorrowio.py', '--cfg-path', '/tmp/tmpk1rc5j05']
[2026-07-05T05:17:44.241+0000] {standard_task_runner.py:91} INFO - Job 624: Subtask fetch_weather_api
[2026-07-05T05:17:44.258+0000] {task_command.py:426} INFO - Running <TaskInstance: weather_tomorrowio_pipeline.fetch_weather_api scheduled__2026-07-05T04:00:00+00:00 [running]> on host bd23e89d97be
[2026-07-05T05:17:44.285+0000] {taskinstance.py:2648} INFO - Exporting env vars: AIRFLOW_CTX_DAG_OWNER='data_engineer' AIRFLOW_CTX_DAG_ID='weather_tomorrowio_pipeline' AIRFLOW_CTX_TASK_ID='fetch_weather_api' AIRFLOW_CTX_EXECUTION_DATE='2026-07-05T04:00:00+00:00' AIRFLOW_CTX_TRY_NUMBER='1' AIRFLOW_CTX_DAG_RUN_ID='scheduled__2026-07-05T04:00:00+00:00'
[2026-07-05T05:17:44.286+0000] {taskinstance.py:430} INFO - ::endgroup::
[2026-07-05T05:17:44.290+0000] {logging_mixin.py:188} INFO - Mock saving to: gs://your-lakehouse-bucket/bronze/weather/weather_forecast_latest.parquet
[2026-07-05T05:17:44.290+0000] {python.py:237} INFO - Done. Returned value was: None
[2026-07-05T05:17:44.290+0000] {taskinstance.py:441} INFO - ::group::Post task execution logs
[2026-07-05T05:17:44.291+0000] {logging_mixin.py:188} WARNING - /home/***/.local/lib/python3.12/site-packages/***/models/baseoperator.py:1564 RemovedInAirflow3Warning: Passing 'execution_date' to 'TaskInstance.xcom_push()' is deprecated.
[2026-07-05T05:17:44.299+0000] {taskinstance.py:1206} INFO - Marking task as SUCCESS. dag_id=weather_tomorrowio_pipeline, task_id=fetch_weather_api, run_id=scheduled__2026-07-05T04:00:00+00:00, execution_date=20260705T040000, start_date=20260705T051744, end_date=20260705T051744
[2026-07-05T05:17:44.429+0000] {local_task_job_runner.py:240} INFO - Task exited with return code 0
[2026-07-05T05:17:44.436+0000] {taskinstance.py:3498} INFO - 0 downstream tasks scheduled from follow-on schedule check
[2026-07-05T05:17:44.437+0000] {local_task_job_runner.py:222} INFO - ::endgroup::
