[2026-07-08T00:19:43.351+0000] {local_task_job_runner.py:120} INFO - ::group::Pre task execution logs
[2026-07-08T00:19:43.373+0000] {taskinstance.py:2076} INFO - Dependencies all met for dep_context=non-requeueable deps ti=<TaskInstance: gold_dbt_dag.trigger_dbt_build dataset_triggered__2026-07-08T00:02:54.222504+00:00 [queued]>
[2026-07-08T00:19:43.381+0000] {taskinstance.py:2076} INFO - Dependencies all met for dep_context=requeueable deps ti=<TaskInstance: gold_dbt_dag.trigger_dbt_build dataset_triggered__2026-07-08T00:02:54.222504+00:00 [queued]>
[2026-07-08T00:19:43.382+0000] {taskinstance.py:2306} INFO - Starting attempt 2 of 2
[2026-07-08T00:19:43.392+0000] {taskinstance.py:2330} INFO - Executing <Task(BashOperator): trigger_dbt_build> on 2026-07-08 00:02:54.222504+00:00
[2026-07-08T00:19:43.396+0000] {standard_task_runner.py:90} INFO - Running: ['***', 'tasks', 'run', 'gold_dbt_dag', 'trigger_dbt_build', 'dataset_triggered__2026-07-08T00:02:54.222504+00:00', '--job-id', '1047', '--raw', '--subdir', 'DAGS_FOLDER/dag_gold_dbt.py', '--cfg-path', '/tmp/tmpdoszfvl7']
[2026-07-08T00:19:43.398+0000] {standard_task_runner.py:91} INFO - Job 1047: Subtask trigger_dbt_build
[2026-07-08T00:19:43.399+0000] {logging_mixin.py:188} WARNING - /home/***/.local/lib/python3.12/site-packages/***/task/task_runner/standard_task_runner.py:61 DeprecationWarning: This process (pid=79291) is multi-threaded, use of fork() may lead to deadlocks in the child.
[2026-07-08T00:19:43.400+0000] {standard_task_runner.py:63} INFO - Started process 79303 to run task
[2026-07-08T00:19:43.421+0000] {task_command.py:426} INFO - Running <TaskInstance: gold_dbt_dag.trigger_dbt_build dataset_triggered__2026-07-08T00:02:54.222504+00:00 [running]> on host bd23e89d97be
[2026-07-08T00:19:43.474+0000] {taskinstance.py:2648} INFO - Exporting env vars: AIRFLOW_CTX_DAG_OWNER='data_engineer' AIRFLOW_CTX_DAG_ID='gold_dbt_dag' AIRFLOW_CTX_TASK_ID='trigger_dbt_build' AIRFLOW_CTX_EXECUTION_DATE='2026-07-08T00:02:54.222504+00:00' AIRFLOW_CTX_TRY_NUMBER='2' AIRFLOW_CTX_DAG_RUN_ID='dataset_triggered__2026-07-08T00:02:54.222504+00:00'
[2026-07-08T00:19:43.475+0000] {taskinstance.py:430} INFO - ::endgroup::
[2026-07-08T00:19:43.485+0000] {subprocess.py:63} INFO - Tmp dir root location: /tmp
[2026-07-08T00:19:43.486+0000] {subprocess.py:75} INFO - Running command: ['/usr/bin/bash', '-c', 'cd /opt/***/dbt && dbt build --profiles-dir . --target dev']
[2026-07-08T00:19:43.494+0000] {subprocess.py:86} INFO - Output:
[2026-07-08T00:19:44.457+0000] {subprocess.py:93} INFO - [0m00:19:44  Running with dbt=1.11.11
[2026-07-08T00:19:44.883+0000] {subprocess.py:93} INFO - [0m00:19:44  Registered adapter: bigquery=1.11.3
[2026-07-08T00:19:45.090+0000] {subprocess.py:93} INFO - [0m00:19:45  Found 6 models, 4 sources, 553 macros
[2026-07-08T00:19:45.091+0000] {subprocess.py:93} INFO - [0m00:19:45
[2026-07-08T00:19:45.091+0000] {subprocess.py:93} INFO - [0m00:19:45  Concurrency: 4 threads (target='dev')
[2026-07-08T00:19:45.092+0000] {subprocess.py:93} INFO - [0m00:19:45
[2026-07-08T00:19:46.731+0000] {subprocess.py:93} INFO - [0m00:19:46  1 of 6 START sql table model logistics_mart.dim_drivers ........................ [RUN]
[2026-07-08T00:19:46.732+0000] {subprocess.py:93} INFO - [0m00:19:46  2 of 6 START sql table model logistics_mart.dim_hubs ........................... [RUN]
[2026-07-08T00:19:46.732+0000] {subprocess.py:93} INFO - [0m00:19:46  3 of 6 START sql view model logistics_mart.stg_shipments ....................... [RUN]
[2026-07-08T00:19:46.733+0000] {subprocess.py:93} INFO - [0m00:19:46  4 of 6 START sql view model logistics_mart.stg_weather ......................... [RUN]
[2026-07-08T00:19:48.751+0000] {subprocess.py:93} INFO - [0m00:19:48  4 of 6 OK created sql view model logistics_mart.stg_weather .................... [[32mCREATE VIEW (0 processed)[0m in 2.01s]
[2026-07-08T00:19:48.751+0000] {subprocess.py:93} INFO - [0m00:19:48  3 of 6 OK created sql view model logistics_mart.stg_shipments .................. [[32mCREATE VIEW (0 processed)[0m in 2.02s]
[2026-07-08T00:19:48.753+0000] {subprocess.py:93} INFO - [0m00:19:48  5 of 6 START sql view model logistics_mart.stg_weather_consensus ............... [RUN]
[2026-07-08T00:19:50.059+0000] {subprocess.py:93} INFO - [0m00:19:50  BigQuery adapter: https://console.cloud.google.com/bigquery?project=logistics-500519&j=bq:US:c493bdab-7945-4cff-812f-17f344b6f5eb&page=queryresults
[2026-07-08T00:19:50.076+0000] {subprocess.py:93} INFO - [0m00:19:50  5 of 6 ERROR creating sql view model logistics_mart.stg_weather_consensus ...... [[31mERROR[0m in 1.32s]
[2026-07-08T00:19:50.255+0000] {subprocess.py:93} INFO - [0m00:19:50  2 of 6 OK created sql table model logistics_mart.dim_hubs ...................... [[32mCREATE TABLE (3.0 rows, 149.0 Bytes processed)[0m in 3.52s]
[2026-07-08T00:19:50.258+0000] {subprocess.py:93} INFO - [0m00:19:50  6 of 6 START sql table model logistics_mart.fact_shipment_weather .............. [RUN]
[2026-07-08T00:19:50.292+0000] {subprocess.py:93} INFO - [0m00:19:50  1 of 6 OK created sql table model logistics_mart.dim_drivers ................... [[32mCREATE TABLE (3.0 rows, 108.0 Bytes processed)[0m in 3.56s]
[2026-07-08T00:19:54.545+0000] {subprocess.py:93} INFO - [0m00:19:54  6 of 6 OK created sql table model logistics_mart.fact_shipment_weather ......... [[32mCREATE TABLE (1.2k rows, 79.0 KiB processed)[0m in 4.28s]
[2026-07-08T00:19:54.590+0000] {subprocess.py:93} INFO - [0m00:19:54
[2026-07-08T00:19:54.591+0000] {subprocess.py:93} INFO - [0m00:19:54  Finished running 3 table models, 3 view models in 0 hours 0 minutes and 9.50 seconds (9.50s).
[2026-07-08T00:19:54.620+0000] {subprocess.py:93} INFO - [0m00:19:54
[2026-07-08T00:19:54.620+0000] {subprocess.py:93} INFO - [0m00:19:54  [31mCompleted with 1 error, 0 partial successes, and 0 warnings:[0m
[2026-07-08T00:19:54.620+0000] {subprocess.py:93} INFO - [0m00:19:54
[2026-07-08T00:19:54.620+0000] {subprocess.py:93} INFO - [0m00:19:54  [31mFailure in model stg_weather_consensus (models/staging/stg_weather_consensus.sql)[0m
[2026-07-08T00:19:54.621+0000] {subprocess.py:93} INFO - [0m00:19:54    Database Error in model stg_weather_consensus (models/staging/stg_weather_consensus.sql)
[2026-07-08T00:19:54.621+0000] {subprocess.py:93} INFO -   Unrecognized name: fetched_at at [11:11]
[2026-07-08T00:19:54.621+0000] {subprocess.py:93} INFO -   compiled code at target/run/logistics_lakehouse/models/staging/stg_weather_consensus.sql
[2026-07-08T00:19:54.621+0000] {subprocess.py:93} INFO - [0m00:19:54
[2026-07-08T00:19:54.621+0000] {subprocess.py:93} INFO - [0m00:19:54    compiled code at target/compiled/logistics_lakehouse/models/staging/stg_weather_consensus.sql
[2026-07-08T00:19:54.621+0000] {subprocess.py:93} INFO - [0m00:19:54
[2026-07-08T00:19:54.622+0000] {subprocess.py:93} INFO - [0m00:19:54  Done. PASS=5 WARN=0 ERROR=1 SKIP=0 NO-OP=0 TOTAL=6
[2026-07-08T00:19:57.283+0000] {subprocess.py:97} INFO - Command exited with return code 1
[2026-07-08T00:19:57.287+0000] {taskinstance.py:441} INFO - ::group::Post task execution logs
[2026-07-08T00:19:57.319+0000] {taskinstance.py:2905} ERROR - Task failed with exception
Traceback (most recent call last):
  File "/home/airflow/.local/lib/python3.12/site-packages/airflow/models/taskinstance.py", line 465, in _execute_task
    result = _execute_callable(context=context, **execute_callable_kwargs)
             ^^^^^^^^^^^^^^^^^^^^^^^^^^^^^^^^^^^^^^^^^^^^^^^^^^^^^^^^^^^^^
  File "/home/airflow/.local/lib/python3.12/site-packages/airflow/models/taskinstance.py", line 432, in _execute_callable
    return execute_callable(context=context, **execute_callable_kwargs)
           ^^^^^^^^^^^^^^^^^^^^^^^^^^^^^^^^^^^^^^^^^^^^^^^^^^^^^^^^^^^^
  File "/home/airflow/.local/lib/python3.12/site-packages/airflow/models/baseoperator.py", line 400, in wrapper
    return func(self, *args, **kwargs)
           ^^^^^^^^^^^^^^^^^^^^^^^^^^^
  File "/home/airflow/.local/lib/python3.12/site-packages/airflow/operators/bash.py", line 243, in execute
    raise AirflowException(
airflow.exceptions.AirflowException: Bash command failed. The command returned a non-zero exit code 1.
[2026-07-08T00:19:57.328+0000] {taskinstance.py:1206} INFO - Marking task as FAILED. dag_id=gold_dbt_dag, task_id=trigger_dbt_build, run_id=dataset_triggered__2026-07-08T00:02:54.222504+00:00, execution_date=20260708T000254, start_date=20260708T001943, end_date=20260708T001957
[2026-07-08T00:19:57.343+0000] {standard_task_runner.py:110} ERROR - Failed to execute job 1047 for task trigger_dbt_build (Bash command failed. The command returned a non-zero exit code 1.; 79303)
[2026-07-08T00:19:57.385+0000] {local_task_job_runner.py:240} INFO - Task exited with return code 1
[2026-07-08T00:19:57.415+0000] {taskinstance.py:3498} INFO - 0 downstream tasks scheduled from follow-on schedule check
[2026-07-08T00:19:57.416+0000] {local_task_job_runner.py:222} INFO - ::endgroup::
