[2026-06-29T04:24:24.670+0000] {local_task_job_runner.py:120} INFO - ::group::Pre task execution logs
[2026-06-29T04:24:24.686+0000] {taskinstance.py:2076} INFO - Dependencies all met for dep_context=non-requeueable deps ti=<TaskInstance: dbt_gold_transformation.trigger_dbt_build manual__2026-06-29T04:22:12.554240+00:00 [queued]>
[2026-06-29T04:24:24.690+0000] {taskinstance.py:2076} INFO - Dependencies all met for dep_context=requeueable deps ti=<TaskInstance: dbt_gold_transformation.trigger_dbt_build manual__2026-06-29T04:22:12.554240+00:00 [queued]>
[2026-06-29T04:24:24.690+0000] {taskinstance.py:2306} INFO - Starting attempt 2 of 2
[2026-06-29T04:24:24.695+0000] {taskinstance.py:2330} INFO - Executing <Task(BashOperator): trigger_dbt_build> on 2026-06-29 04:22:12.554240+00:00
[2026-06-29T04:24:24.699+0000] {logging_mixin.py:188} WARNING - /home/***/.local/lib/python3.12/site-packages/***/task/task_runner/standard_task_runner.py:61 DeprecationWarning: This process (pid=1434) is multi-threaded, use of fork() may lead to deadlocks in the child.
[2026-06-29T04:24:24.699+0000] {standard_task_runner.py:90} INFO - Running: ['***', 'tasks', 'run', 'dbt_gold_transformation', 'trigger_dbt_build', 'manual__2026-06-29T04:22:12.554240+00:00', '--job-id', '21', '--raw', '--subdir', 'DAGS_FOLDER/dag_gold_dbt.py', '--cfg-path', '/tmp/tmpqjxeuzjp']
[2026-06-29T04:24:24.700+0000] {standard_task_runner.py:91} INFO - Job 21: Subtask trigger_dbt_build
[2026-06-29T04:24:24.700+0000] {standard_task_runner.py:63} INFO - Started process 1435 to run task
[2026-06-29T04:24:24.718+0000] {task_command.py:426} INFO - Running <TaskInstance: dbt_gold_transformation.trigger_dbt_build manual__2026-06-29T04:22:12.554240+00:00 [running]> on host ae627d26e698
[2026-06-29T04:24:24.750+0000] {taskinstance.py:2648} INFO - Exporting env vars: AIRFLOW_CTX_DAG_OWNER='data_engineer' AIRFLOW_CTX_DAG_ID='dbt_gold_transformation' AIRFLOW_CTX_TASK_ID='trigger_dbt_build' AIRFLOW_CTX_EXECUTION_DATE='2026-06-29T04:22:12.554240+00:00' AIRFLOW_CTX_TRY_NUMBER='2' AIRFLOW_CTX_DAG_RUN_ID='manual__2026-06-29T04:22:12.554240+00:00'
[2026-06-29T04:24:24.750+0000] {taskinstance.py:430} INFO - ::endgroup::
[2026-06-29T04:24:24.757+0000] {subprocess.py:63} INFO - Tmp dir root location: /tmp
[2026-06-29T04:24:24.758+0000] {subprocess.py:75} INFO - Running command: ['/usr/bin/bash', '-c', 'cd /opt/***/dbt && dbt build --profiles-dir . --target dev']
[2026-06-29T04:24:24.762+0000] {subprocess.py:86} INFO - Output:
[2026-06-29T04:24:26.069+0000] {subprocess.py:93} INFO - [0m04:24:26  Running with dbt=1.11.11
[2026-06-29T04:24:26.744+0000] {subprocess.py:93} INFO - [0m04:24:26  Registered adapter: bigquery=1.11.3
[2026-06-29T04:24:27.161+0000] {subprocess.py:93} INFO - [0m04:24:27  Found 5 models, 4 sources, 553 macros
[2026-06-29T04:24:27.163+0000] {subprocess.py:93} INFO - [0m04:24:27
[2026-06-29T04:24:27.164+0000] {subprocess.py:93} INFO - [0m04:24:27  Concurrency: 4 threads (target='dev')
[2026-06-29T04:24:27.164+0000] {subprocess.py:93} INFO - [0m04:24:27
[2026-06-29T04:24:29.102+0000] {subprocess.py:93} INFO - [0m04:24:29  1 of 5 START sql table model logistics_mart.dim_drivers ........................ [RUN]
[2026-06-29T04:24:29.103+0000] {subprocess.py:93} INFO - [0m04:24:29  2 of 5 START sql table model logistics_mart.dim_hubs ........................... [RUN]
[2026-06-29T04:24:29.104+0000] {subprocess.py:93} INFO - [0m04:24:29  3 of 5 START sql view model logistics_mart.stg_shipments ....................... [RUN]
[2026-06-29T04:24:29.105+0000] {subprocess.py:93} INFO - [0m04:24:29  4 of 5 START sql view model logistics_mart.stg_weather ......................... [RUN]
[2026-06-29T04:24:30.195+0000] {subprocess.py:93} INFO - [0m04:24:30  BigQuery adapter: https://console.cloud.google.com/bigquery?project=logistics-500519&j=bq:US:ce2fee44-2182-437f-a98e-e40b471b9ce2&page=queryresults
[2026-06-29T04:24:30.214+0000] {subprocess.py:93} INFO - [0m04:24:30  4 of 5 ERROR creating sql view model logistics_mart.stg_weather ................ [[31mERROR[0m in 1.10s]
[2026-06-29T04:24:31.013+0000] {subprocess.py:93} INFO - [0m04:24:31  3 of 5 OK created sql view model logistics_mart.stg_shipments .................. [[32mCREATE VIEW (0 processed)[0m in 1.91s]
[2026-06-29T04:24:32.946+0000] {subprocess.py:93} INFO - [0m04:24:32  2 of 5 OK created sql table model logistics_mart.dim_hubs ...................... [[32mCREATE TABLE (3.0 rows, 149.0 Bytes processed)[0m in 3.84s]
[2026-06-29T04:24:32.950+0000] {subprocess.py:93} INFO - [0m04:24:32  5 of 5 SKIP relation logistics_mart.fact_shipment_weather ...................... [[33mSKIP[0m]
[2026-06-29T04:24:33.357+0000] {subprocess.py:93} INFO - [0m04:24:33  1 of 5 OK created sql table model logistics_mart.dim_drivers ................... [[32mCREATE TABLE (3.0 rows, 108.0 Bytes processed)[0m in 4.25s]
[2026-06-29T04:24:33.411+0000] {subprocess.py:93} INFO - [0m04:24:33
[2026-06-29T04:24:33.411+0000] {subprocess.py:93} INFO - [0m04:24:33  Finished running 3 table models, 2 view models in 0 hours 0 minutes and 6.25 seconds (6.25s).
[2026-06-29T04:24:33.451+0000] {subprocess.py:93} INFO - [0m04:24:33
[2026-06-29T04:24:33.452+0000] {subprocess.py:93} INFO - [0m04:24:33  [31mCompleted with 1 error, 0 partial successes, and 0 warnings:[0m
[2026-06-29T04:24:33.453+0000] {subprocess.py:93} INFO - [0m04:24:33
[2026-06-29T04:24:33.453+0000] {subprocess.py:93} INFO - [0m04:24:33  [31mFailure in model stg_weather (models/staging/stg_weather.sql)[0m
[2026-06-29T04:24:33.454+0000] {subprocess.py:93} INFO - [0m04:24:33    Database Error in model stg_weather (models/staging/stg_weather.sql)
[2026-06-29T04:24:33.454+0000] {subprocess.py:93} INFO -   Not found: Table logistics-500519:logistics_raw.weather_api_raw was not found in location US
[2026-06-29T04:24:33.454+0000] {subprocess.py:93} INFO -   compiled code at target/run/logistics_lakehouse/models/staging/stg_weather.sql
[2026-06-29T04:24:33.455+0000] {subprocess.py:93} INFO - [0m04:24:33
[2026-06-29T04:24:33.455+0000] {subprocess.py:93} INFO - [0m04:24:33    compiled code at target/compiled/logistics_lakehouse/models/staging/stg_weather.sql
[2026-06-29T04:24:33.455+0000] {subprocess.py:93} INFO - [0m04:24:33
[2026-06-29T04:24:33.455+0000] {subprocess.py:93} INFO - [0m04:24:33  Done. PASS=3 WARN=0 ERROR=1 SKIP=1 NO-OP=0 TOTAL=5
[2026-06-29T04:24:35.155+0000] {subprocess.py:97} INFO - Command exited with return code 1
[2026-06-29T04:24:35.156+0000] {taskinstance.py:441} INFO - ::group::Post task execution logs
[2026-06-29T04:24:35.172+0000] {taskinstance.py:2905} ERROR - Task failed with exception
Traceback (most recent call last):
  File "/home/airflow/.local/lib/python3.12/site-packages/airflow/models/taskinstance.py", line 465, in _execute_task
    result = _execute_callable(context=context, **execute_callable_kwargs)
             ^^^^^^^^^^^^^^^^^^^^^^^^^^^^^^^^^^^^^^^^^^^^^^^^^^^^^^^^^^^^^
  File "/home/airflow/.local/lib/python3.12/site-packages/airflow/models/taskinstance.py", line 432, in _execute_callable
    return execute_callable(context=context, **execute_callable_kwargs)
           ^^^^^^^^^^^^^^^^^^^^^^^^^^^^^^^^^^^^^^^^^^^^^^^^^^^^^^^^^^^^
  File "/home/airflow/.local/lib/python3.12/site-packages/airflow/models/baseoperator.py", line 400, in wrapper
    return func(self, *args, **kwargs)
           ^^^^^^^^^^^^^^^^^^^^^^^^^^^
  File "/home/airflow/.local/lib/python3.12/site-packages/airflow/operators/bash.py", line 243, in execute
    raise AirflowException(
airflow.exceptions.AirflowException: Bash command failed. The command returned a non-zero exit code 1.
[2026-06-29T04:24:35.177+0000] {taskinstance.py:1206} INFO - Marking task as FAILED. dag_id=dbt_gold_transformation, task_id=trigger_dbt_build, run_id=manual__2026-06-29T04:22:12.554240+00:00, execution_date=20260629T042212, start_date=20260629T042424, end_date=20260629T042435
[2026-06-29T04:24:35.204+0000] {standard_task_runner.py:110} ERROR - Failed to execute job 21 for task trigger_dbt_build (Bash command failed. The command returned a non-zero exit code 1.; 1435)
[2026-06-29T04:24:35.224+0000] {local_task_job_runner.py:240} INFO - Task exited with return code 1
[2026-06-29T04:24:35.238+0000] {taskinstance.py:3498} INFO - 0 downstream tasks scheduled from follow-on schedule check
[2026-06-29T04:24:35.239+0000] {local_task_job_runner.py:222} INFO - ::endgroup::
