[2026-07-12T20:39:36.689+0000] {local_task_job_runner.py:120} INFO - ::group::Pre task execution logs
[2026-07-12T20:39:36.712+0000] {taskinstance.py:2076} INFO - Dependencies all met for dep_context=non-requeueable deps ti=<TaskInstance: gold_dbt_dag.trigger_dbt_build manual__2026-07-12T20:39:35.275685+00:00 [queued]>
[2026-07-12T20:39:36.716+0000] {taskinstance.py:2076} INFO - Dependencies all met for dep_context=requeueable deps ti=<TaskInstance: gold_dbt_dag.trigger_dbt_build manual__2026-07-12T20:39:35.275685+00:00 [queued]>
[2026-07-12T20:39:36.716+0000] {taskinstance.py:2306} INFO - Starting attempt 1 of 2
[2026-07-12T20:39:36.722+0000] {taskinstance.py:2330} INFO - Executing <Task(BashOperator): trigger_dbt_build> on 2026-07-12 20:39:35.275685+00:00
[2026-07-12T20:39:36.727+0000] {standard_task_runner.py:90} INFO - Running: ['***', 'tasks', 'run', 'gold_dbt_dag', 'trigger_dbt_build', 'manual__2026-07-12T20:39:35.275685+00:00', '--job-id', '252', '--raw', '--subdir', 'DAGS_FOLDER/dag_gold_dbt.py', '--cfg-path', '/tmp/tmpkpvzlnnn']
[2026-07-12T20:39:36.730+0000] {standard_task_runner.py:91} INFO - Job 252: Subtask trigger_dbt_build
[2026-07-12T20:39:36.747+0000] {logging_mixin.py:188} WARNING - /home/***/.local/lib/python3.12/site-packages/***/task/task_runner/standard_task_runner.py:61 DeprecationWarning: This process (pid=45545) is multi-threaded, use of fork() may lead to deadlocks in the child.
[2026-07-12T20:39:36.747+0000] {standard_task_runner.py:63} INFO - Started process 45546 to run task
[2026-07-12T20:39:36.767+0000] {task_command.py:426} INFO - Running <TaskInstance: gold_dbt_dag.trigger_dbt_build manual__2026-07-12T20:39:35.275685+00:00 [running]> on host ad4e12f53b08
[2026-07-12T20:39:36.819+0000] {taskinstance.py:2648} INFO - Exporting env vars: AIRFLOW_CTX_DAG_OWNER='data_engineer' AIRFLOW_CTX_DAG_ID='gold_dbt_dag' AIRFLOW_CTX_TASK_ID='trigger_dbt_build' AIRFLOW_CTX_EXECUTION_DATE='2026-07-12T20:39:35.275685+00:00' AIRFLOW_CTX_TRY_NUMBER='1' AIRFLOW_CTX_DAG_RUN_ID='manual__2026-07-12T20:39:35.275685+00:00'
[2026-07-12T20:39:36.820+0000] {taskinstance.py:430} INFO - ::endgroup::
[2026-07-12T20:39:36.830+0000] {subprocess.py:63} INFO - Tmp dir root location: /tmp
[2026-07-12T20:39:36.832+0000] {subprocess.py:75} INFO - Running command: ['/usr/bin/bash', '-c', 'cd /opt/***/dbt && dbt build --profiles-dir . --target dev']
[2026-07-12T20:39:36.837+0000] {subprocess.py:86} INFO - Output:
[2026-07-12T20:39:38.009+0000] {subprocess.py:93} INFO - [0m20:39:38  Running with dbt=1.11.11
[2026-07-12T20:39:38.569+0000] {subprocess.py:93} INFO - [0m20:39:38  Registered adapter: bigquery=1.11.3
[2026-07-12T20:39:38.893+0000] {subprocess.py:93} INFO - [0m20:39:38  Found 6 models, 4 sources, 553 macros
[2026-07-12T20:39:38.895+0000] {subprocess.py:93} INFO - [0m20:39:38
[2026-07-12T20:39:38.895+0000] {subprocess.py:93} INFO - [0m20:39:38  Concurrency: 4 threads (target='dev')
[2026-07-12T20:39:38.895+0000] {subprocess.py:93} INFO - [0m20:39:38
[2026-07-12T20:39:40.403+0000] {subprocess.py:93} INFO - [0m20:39:40  1 of 6 START sql table model logistics_mart.dim_drivers ........................ [RUN]
[2026-07-12T20:39:40.404+0000] {subprocess.py:93} INFO - [0m20:39:40  2 of 6 START sql table model logistics_mart.dim_hubs ........................... [RUN]
[2026-07-12T20:39:40.405+0000] {subprocess.py:93} INFO - [0m20:39:40  3 of 6 START sql view model logistics_mart.stg_shipments ....................... [RUN]
[2026-07-12T20:39:40.405+0000] {subprocess.py:93} INFO - [0m20:39:40  4 of 6 START sql view model logistics_mart.stg_weather ......................... [RUN]
[2026-07-12T20:39:42.512+0000] {subprocess.py:93} INFO - [0m20:39:42  4 of 6 OK created sql view model logistics_mart.stg_weather .................... [[32mCREATE VIEW (0 processed)[0m in 2.10s]
[2026-07-12T20:39:42.514+0000] {subprocess.py:93} INFO - [0m20:39:42  3 of 6 OK created sql view model logistics_mart.stg_shipments .................. [[32mCREATE VIEW (0 processed)[0m in 2.10s]
[2026-07-12T20:39:42.516+0000] {subprocess.py:93} INFO - [0m20:39:42  5 of 6 START sql view model logistics_mart.stg_weather_consensus ............... [RUN]
[2026-07-12T20:39:44.176+0000] {subprocess.py:93} INFO - [0m20:39:44  2 of 6 OK created sql table model logistics_mart.dim_hubs ...................... [[32mCREATE TABLE (3.0 rows, 176.0 Bytes processed)[0m in 3.77s]
[2026-07-12T20:39:44.183+0000] {subprocess.py:93} INFO - [0m20:39:44  5 of 6 OK created sql view model logistics_mart.stg_weather_consensus .......... [[32mCREATE VIEW (0 processed)[0m in 1.66s]
[2026-07-12T20:39:44.186+0000] {subprocess.py:93} INFO - [0m20:39:44  6 of 6 START sql table model logistics_mart.fact_shipment_weather .............. [RUN]
[2026-07-12T20:39:44.237+0000] {subprocess.py:93} INFO - [0m20:39:44  1 of 6 OK created sql table model logistics_mart.dim_drivers ................... [[32mCREATE TABLE (3.0 rows, 117.0 Bytes processed)[0m in 3.83s]
[2026-07-12T20:39:47.990+0000] {subprocess.py:93} INFO - [0m20:39:47  6 of 6 OK created sql table model logistics_mart.fact_shipment_weather ......... [[32mCREATE TABLE (6.0 rows, 923.0 Bytes processed)[0m in 3.79s]
[2026-07-12T20:39:48.061+0000] {subprocess.py:93} INFO - [0m20:39:48
[2026-07-12T20:39:48.062+0000] {subprocess.py:93} INFO - [0m20:39:48  Finished running 3 table models, 3 view models in 0 hours 0 minutes and 9.16 seconds (9.16s).
[2026-07-12T20:39:48.129+0000] {subprocess.py:93} INFO - [0m20:39:48
[2026-07-12T20:39:48.129+0000] {subprocess.py:93} INFO - [0m20:39:48  [32mCompleted successfully[0m
[2026-07-12T20:39:48.130+0000] {subprocess.py:93} INFO - [0m20:39:48
[2026-07-12T20:39:48.130+0000] {subprocess.py:93} INFO - [0m20:39:48  Done. PASS=6 WARN=0 ERROR=0 SKIP=0 NO-OP=0 TOTAL=6
[2026-07-12T20:39:50.370+0000] {subprocess.py:97} INFO - Command exited with return code 0
[2026-07-12T20:39:50.373+0000] {taskinstance.py:441} INFO - ::group::Post task execution logs
[2026-07-12T20:39:50.414+0000] {taskinstance.py:1206} INFO - Marking task as SUCCESS. dag_id=gold_dbt_dag, task_id=trigger_dbt_build, run_id=manual__2026-07-12T20:39:35.275685+00:00, execution_date=20260712T203935, start_date=20260712T203936, end_date=20260712T203950
[2026-07-12T20:39:50.470+0000] {local_task_job_runner.py:240} INFO - Task exited with return code 0
[2026-07-12T20:39:50.492+0000] {taskinstance.py:3498} INFO - 0 downstream tasks scheduled from follow-on schedule check
[2026-07-12T20:39:50.493+0000] {local_task_job_runner.py:222} INFO - ::endgroup::
