[2026-07-05T01:45:06.083+0000] {local_task_job_runner.py:120} INFO - ::group::Pre task execution logs
[2026-07-05T01:45:06.117+0000] {taskinstance.py:2076} INFO - Dependencies all met for dep_context=non-requeueable deps ti=<TaskInstance: gold_dbt_dag.trigger_dbt_build dataset_triggered__2026-07-05T01:45:04.667571+00:00 [queued]>
[2026-07-05T01:45:06.136+0000] {taskinstance.py:2076} INFO - Dependencies all met for dep_context=requeueable deps ti=<TaskInstance: gold_dbt_dag.trigger_dbt_build dataset_triggered__2026-07-05T01:45:04.667571+00:00 [queued]>
[2026-07-05T01:45:06.137+0000] {taskinstance.py:2306} INFO - Starting attempt 1 of 2
[2026-07-05T01:45:06.168+0000] {taskinstance.py:2330} INFO - Executing <Task(BashOperator): trigger_dbt_build> on 2026-07-05 01:45:04.667571+00:00
[2026-07-05T01:45:06.188+0000] {logging_mixin.py:188} WARNING - /home/***/.local/lib/python3.12/site-packages/***/task/task_runner/standard_task_runner.py:61 DeprecationWarning: This process (pid=43867) is multi-threaded, use of fork() may lead to deadlocks in the child.
[2026-07-05T01:45:06.191+0000] {standard_task_runner.py:63} INFO - Started process 43868 to run task
[2026-07-05T01:45:06.190+0000] {standard_task_runner.py:90} INFO - Running: ['***', 'tasks', 'run', 'gold_dbt_dag', 'trigger_dbt_build', 'dataset_triggered__2026-07-05T01:45:04.667571+00:00', '--job-id', '607', '--raw', '--subdir', 'DAGS_FOLDER/dag_gold_dbt.py', '--cfg-path', '/tmp/tmpqsfcrmz6']
[2026-07-05T01:45:06.194+0000] {standard_task_runner.py:91} INFO - Job 607: Subtask trigger_dbt_build
[2026-07-05T01:45:06.272+0000] {task_command.py:426} INFO - Running <TaskInstance: gold_dbt_dag.trigger_dbt_build dataset_triggered__2026-07-05T01:45:04.667571+00:00 [running]> on host bd23e89d97be
[2026-07-05T01:45:06.375+0000] {taskinstance.py:2648} INFO - Exporting env vars: AIRFLOW_CTX_DAG_OWNER='data_engineer' AIRFLOW_CTX_DAG_ID='gold_dbt_dag' AIRFLOW_CTX_TASK_ID='trigger_dbt_build' AIRFLOW_CTX_EXECUTION_DATE='2026-07-05T01:45:04.667571+00:00' AIRFLOW_CTX_TRY_NUMBER='1' AIRFLOW_CTX_DAG_RUN_ID='dataset_triggered__2026-07-05T01:45:04.667571+00:00'
[2026-07-05T01:45:06.376+0000] {taskinstance.py:430} INFO - ::endgroup::
[2026-07-05T01:45:06.388+0000] {subprocess.py:63} INFO - Tmp dir root location: /tmp
[2026-07-05T01:45:06.388+0000] {subprocess.py:75} INFO - Running command: ['/usr/bin/bash', '-c', 'cd /opt/***/dbt && dbt build --profiles-dir . --target dev']
[2026-07-05T01:45:06.395+0000] {subprocess.py:86} INFO - Output:
[2026-07-05T01:45:07.616+0000] {subprocess.py:93} INFO - [0m01:45:07  Running with dbt=1.11.11
[2026-07-05T01:45:08.159+0000] {subprocess.py:93} INFO - [0m01:45:08  Registered adapter: bigquery=1.11.3
[2026-07-05T01:45:08.410+0000] {subprocess.py:93} INFO - [0m01:45:08  Found 5 models, 4 sources, 553 macros
[2026-07-05T01:45:08.412+0000] {subprocess.py:93} INFO - [0m01:45:08
[2026-07-05T01:45:08.412+0000] {subprocess.py:93} INFO - [0m01:45:08  Concurrency: 4 threads (target='dev')
[2026-07-05T01:45:08.413+0000] {subprocess.py:93} INFO - [0m01:45:08
[2026-07-05T01:45:09.964+0000] {subprocess.py:93} INFO - [0m01:45:09  1 of 5 START sql table model logistics_mart.dim_drivers ........................ [RUN]
[2026-07-05T01:45:09.965+0000] {subprocess.py:93} INFO - [0m01:45:09  2 of 5 START sql table model logistics_mart.dim_hubs ........................... [RUN]
[2026-07-05T01:45:09.965+0000] {subprocess.py:93} INFO - [0m01:45:09  3 of 5 START sql view model logistics_mart.stg_shipments ....................... [RUN]
[2026-07-05T01:45:09.965+0000] {subprocess.py:93} INFO - [0m01:45:09  4 of 5 START sql view model logistics_mart.stg_weather ......................... [RUN]
[2026-07-05T04:46:51.888+0000] {subprocess.py:93} INFO - [0m04:46:51  3 of 5 ERROR creating sql view model logistics_mart.stg_shipments .............. [[31mERROR[0m in 10901.91s]
[2026-07-05T04:46:55.055+0000] {subprocess.py:93} INFO - [0m04:46:55  4 of 5 ERROR creating sql view model logistics_mart.stg_weather ................ [[31mERROR[0m in 10905.09s]
[2026-07-05T05:36:30.362+0000] {subprocess.py:93} INFO - [0m05:36:30  1 of 5 OK created sql table model logistics_mart.dim_drivers ................... [[32mCREATE TABLE (3.0 rows, 108.0 Bytes processed)[0m in 13880.39s]
[2026-07-05T05:36:35.004+0000] {subprocess.py:93} INFO - WARNING:urllib3.connectionpool:Retrying (Retry(total=2, connect=None, read=None, redirect=None, status=None)) after connection broken by 'SSLError(SSLEOFError(8, '[SSL: UNEXPECTED_EOF_WHILE_READING] EOF occurred in violation of protocol (_ssl.c:1000)'))': /token
[2026-07-05T05:36:38.536+0000] {subprocess.py:93} INFO - [0m05:36:38  2 of 5 OK created sql table model logistics_mart.dim_hubs ...................... [[32mCREATE TABLE (3.0 rows, 149.0 Bytes processed)[0m in 13888.56s]
[2026-07-05T05:36:38.545+0000] {subprocess.py:93} INFO - [0m05:36:38  5 of 5 SKIP relation logistics_mart.fact_shipment_weather ...................... [[33mSKIP[0m]
[2026-07-05T05:36:38.605+0000] {subprocess.py:93} INFO - [0m05:36:38
[2026-07-05T05:36:38.606+0000] {subprocess.py:93} INFO - [0m05:36:38  Finished running 3 table models, 2 view models in 3 hours 51 minutes and 30.19 seconds (13890.19s).
[2026-07-05T05:36:38.671+0000] {subprocess.py:93} INFO - [0m05:36:38
[2026-07-05T05:36:38.672+0000] {subprocess.py:93} INFO - [0m05:36:38  [31mCompleted with 2 errors, 0 partial successes, and 0 warnings:[0m
[2026-07-05T05:36:38.672+0000] {subprocess.py:93} INFO - [0m05:36:38
[2026-07-05T05:36:38.672+0000] {subprocess.py:93} INFO - [0m05:36:38  [31mFailure in model stg_shipments (models/staging/stg_shipments.sql)[0m
[2026-07-05T05:36:38.673+0000] {subprocess.py:93} INFO - [0m05:36:38    Database Error in model stg_shipments (models/staging/stg_shipments.sql)
[2026-07-05T05:36:38.673+0000] {subprocess.py:93} INFO -   409 POST https://bigquery.googleapis.com/bigquery/v2/projects/logistics-500519/jobs?prettyPrint=false: Already Exists: Job logistics-500519:US.300c7cf7-79bf-4c5c-9cae-43cfce9bdf41
[2026-07-05T05:36:38.673+0000] {subprocess.py:93} INFO - 
[2026-07-05T05:36:38.673+0000] {subprocess.py:93} INFO -   Location: None
[2026-07-05T05:36:38.673+0000] {subprocess.py:93} INFO -   Job ID: 300c7cf7-79bf-4c5c-9cae-43cfce9bdf41
[2026-07-05T05:36:38.673+0000] {subprocess.py:93} INFO - 
[2026-07-05T05:36:38.673+0000] {subprocess.py:93} INFO -   compiled code at target/run/logistics_lakehouse/models/staging/stg_shipments.sql
[2026-07-05T05:36:38.673+0000] {subprocess.py:93} INFO - [0m05:36:38
[2026-07-05T05:36:38.673+0000] {subprocess.py:93} INFO - [0m05:36:38    compiled code at target/compiled/logistics_lakehouse/models/staging/stg_shipments.sql
[2026-07-05T05:36:38.674+0000] {subprocess.py:93} INFO - [0m05:36:38
[2026-07-05T05:36:38.674+0000] {subprocess.py:93} INFO - [0m05:36:38  [31mFailure in model stg_weather (models/staging/stg_weather.sql)[0m
[2026-07-05T05:36:38.674+0000] {subprocess.py:93} INFO - [0m05:36:38    Database Error in model stg_weather (models/staging/stg_weather.sql)
[2026-07-05T05:36:38.674+0000] {subprocess.py:93} INFO -   409 POST https://bigquery.googleapis.com/bigquery/v2/projects/logistics-500519/jobs?prettyPrint=false: Already Exists: Job logistics-500519:US.81bde032-d363-42c6-a86d-e39acfa2e1b8
[2026-07-05T05:36:38.674+0000] {subprocess.py:93} INFO - 
[2026-07-05T05:36:38.675+0000] {subprocess.py:93} INFO -   Location: None
[2026-07-05T05:36:38.675+0000] {subprocess.py:93} INFO -   Job ID: 81bde032-d363-42c6-a86d-e39acfa2e1b8
[2026-07-05T05:36:38.675+0000] {subprocess.py:93} INFO - 
[2026-07-05T05:36:38.675+0000] {subprocess.py:93} INFO -   compiled code at target/run/logistics_lakehouse/models/staging/stg_weather.sql
[2026-07-05T05:36:38.675+0000] {subprocess.py:93} INFO - [0m05:36:38
[2026-07-05T05:36:38.675+0000] {subprocess.py:93} INFO - [0m05:36:38    compiled code at target/compiled/logistics_lakehouse/models/staging/stg_weather.sql
[2026-07-05T05:36:38.675+0000] {subprocess.py:93} INFO - [0m05:36:38
[2026-07-05T05:36:38.675+0000] {subprocess.py:93} INFO - [0m05:36:38  Done. PASS=2 WARN=0 ERROR=2 SKIP=1 NO-OP=0 TOTAL=5
[2026-07-05T05:36:41.439+0000] {subprocess.py:97} INFO - Command exited with return code 1
[2026-07-05T05:36:41.442+0000] {taskinstance.py:441} INFO - ::group::Post task execution logs
[2026-07-05T05:36:41.463+0000] {taskinstance.py:2905} ERROR - Task failed with exception
Traceback (most recent call last):
  File "/home/airflow/.local/lib/python3.12/site-packages/airflow/models/taskinstance.py", line 465, in _execute_task
    result = _execute_callable(context=context, **execute_callable_kwargs)
             ^^^^^^^^^^^^^^^^^^^^^^^^^^^^^^^^^^^^^^^^^^^^^^^^^^^^^^^^^^^^^
  File "/home/airflow/.local/lib/python3.12/site-packages/airflow/models/taskinstance.py", line 432, in _execute_callable
    return execute_callable(context=context, **execute_callable_kwargs)
           ^^^^^^^^^^^^^^^^^^^^^^^^^^^^^^^^^^^^^^^^^^^^^^^^^^^^^^^^^^^^
  File "/home/airflow/.local/lib/python3.12/site-packages/airflow/models/baseoperator.py", line 400, in wrapper
    return func(self, *args, **kwargs)
           ^^^^^^^^^^^^^^^^^^^^^^^^^^^
  File "/home/airflow/.local/lib/python3.12/site-packages/airflow/operators/bash.py", line 243, in execute
    raise AirflowException(
airflow.exceptions.AirflowException: Bash command failed. The command returned a non-zero exit code 1.
[2026-07-05T05:36:41.468+0000] {taskinstance.py:1206} INFO - Marking task as UP_FOR_RETRY. dag_id=gold_dbt_dag, task_id=trigger_dbt_build, run_id=dataset_triggered__2026-07-05T01:45:04.667571+00:00, execution_date=20260705T014504, start_date=20260705T014506, end_date=20260705T053641
[2026-07-05T05:36:41.479+0000] {standard_task_runner.py:110} ERROR - Failed to execute job 607 for task trigger_dbt_build (Bash command failed. The command returned a non-zero exit code 1.; 43868)
[2026-07-05T05:36:41.497+0000] {local_task_job_runner.py:240} INFO - Task exited with return code 1
[2026-07-05T05:36:41.513+0000] {taskinstance.py:3498} INFO - 0 downstream tasks scheduled from follow-on schedule check
[2026-07-05T05:36:41.513+0000] {local_task_job_runner.py:222} INFO - ::endgroup::
