[2026-07-05T06:48:51.341+0000] {local_task_job_runner.py:120} INFO - ::group::Pre task execution logs
[2026-07-05T06:48:51.358+0000] {taskinstance.py:2076} INFO - Dependencies all met for dep_context=non-requeueable deps ti=<TaskInstance: gold_dbt_dag.trigger_dbt_build dataset_triggered__2026-07-05T01:45:04.667571+00:00 [queued]>
[2026-07-05T06:48:51.361+0000] {taskinstance.py:2076} INFO - Dependencies all met for dep_context=requeueable deps ti=<TaskInstance: gold_dbt_dag.trigger_dbt_build dataset_triggered__2026-07-05T01:45:04.667571+00:00 [queued]>
[2026-07-05T06:48:51.361+0000] {taskinstance.py:2306} INFO - Starting attempt 2 of 2
[2026-07-05T06:48:51.367+0000] {taskinstance.py:2330} INFO - Executing <Task(BashOperator): trigger_dbt_build> on 2026-07-05 01:45:04.667571+00:00
[2026-07-05T06:48:51.375+0000] {logging_mixin.py:188} WARNING - /home/***/.local/lib/python3.12/site-packages/***/task/task_runner/standard_task_runner.py:61 DeprecationWarning: This process (pid=45963) is multi-threaded, use of fork() may lead to deadlocks in the child.
[2026-07-05T06:48:51.375+0000] {standard_task_runner.py:63} INFO - Started process 45979 to run task
[2026-07-05T06:48:51.375+0000] {standard_task_runner.py:90} INFO - Running: ['***', 'tasks', 'run', 'gold_dbt_dag', 'trigger_dbt_build', 'dataset_triggered__2026-07-05T01:45:04.667571+00:00', '--job-id', '630', '--raw', '--subdir', 'DAGS_FOLDER/dag_gold_dbt.py', '--cfg-path', '/tmp/tmp2qjbxr2x']
[2026-07-05T06:48:51.376+0000] {standard_task_runner.py:91} INFO - Job 630: Subtask trigger_dbt_build
[2026-07-05T06:48:51.403+0000] {task_command.py:426} INFO - Running <TaskInstance: gold_dbt_dag.trigger_dbt_build dataset_triggered__2026-07-05T01:45:04.667571+00:00 [running]> on host bd23e89d97be
[2026-07-05T06:48:51.458+0000] {taskinstance.py:2648} INFO - Exporting env vars: AIRFLOW_CTX_DAG_OWNER='data_engineer' AIRFLOW_CTX_DAG_ID='gold_dbt_dag' AIRFLOW_CTX_TASK_ID='trigger_dbt_build' AIRFLOW_CTX_EXECUTION_DATE='2026-07-05T01:45:04.667571+00:00' AIRFLOW_CTX_TRY_NUMBER='2' AIRFLOW_CTX_DAG_RUN_ID='dataset_triggered__2026-07-05T01:45:04.667571+00:00'
[2026-07-05T06:48:51.460+0000] {taskinstance.py:430} INFO - ::endgroup::
[2026-07-05T06:48:51.479+0000] {subprocess.py:63} INFO - Tmp dir root location: /tmp
[2026-07-05T06:48:51.480+0000] {subprocess.py:75} INFO - Running command: ['/usr/bin/bash', '-c', 'cd /opt/***/dbt && dbt build --profiles-dir . --target dev']
[2026-07-05T06:48:51.485+0000] {subprocess.py:86} INFO - Output:
[2026-07-05T06:48:53.085+0000] {subprocess.py:93} INFO - [0m06:48:53  Running with dbt=1.11.11
[2026-07-05T06:48:54.058+0000] {subprocess.py:93} INFO - [0m06:48:54  Registered adapter: bigquery=1.11.3
[2026-07-05T06:48:54.477+0000] {subprocess.py:93} INFO - [0m06:48:54  Found 5 models, 4 sources, 553 macros
[2026-07-05T06:48:54.481+0000] {subprocess.py:93} INFO - [0m06:48:54
[2026-07-05T06:48:54.481+0000] {subprocess.py:93} INFO - [0m06:48:54  Concurrency: 4 threads (target='dev')
[2026-07-05T06:48:54.482+0000] {subprocess.py:93} INFO - [0m06:48:54
[2026-07-05T06:48:55.997+0000] {subprocess.py:93} INFO - [0m06:48:55  1 of 5 START sql table model logistics_mart.dim_drivers ........................ [RUN]
[2026-07-05T06:48:55.998+0000] {subprocess.py:93} INFO - [0m06:48:55  2 of 5 START sql table model logistics_mart.dim_hubs ........................... [RUN]
[2026-07-05T06:48:55.999+0000] {subprocess.py:93} INFO - [0m06:48:55  3 of 5 START sql view model logistics_mart.stg_shipments ....................... [RUN]
[2026-07-05T06:48:56.000+0000] {subprocess.py:93} INFO - [0m06:48:56  4 of 5 START sql view model logistics_mart.stg_weather ......................... [RUN]
[2026-07-05T09:46:36.237+0000] {subprocess.py:93} INFO - [0m09:46:36  4 of 5 ERROR creating sql view model logistics_mart.stg_weather ................ [[31mERROR[0m in 10660.22s]
[2026-07-05T09:46:36.249+0000] {subprocess.py:93} INFO - [0m09:46:36  3 of 5 ERROR creating sql view model logistics_mart.stg_shipments .............. [[31mERROR[0m in 10660.23s]
[2026-07-05T09:46:54.102+0000] {subprocess.py:93} INFO - [0m09:46:54  1 of 5 ERROR creating sql table model logistics_mart.dim_drivers ............... [[31mERROR[0m in 10678.10s]
[2026-07-05T09:46:54.644+0000] {subprocess.py:93} INFO - [0m09:46:54  2 of 5 ERROR creating sql table model logistics_mart.dim_hubs .................. [[31mERROR[0m in 10678.64s]
[2026-07-05T09:46:54.649+0000] {subprocess.py:93} INFO - [0m09:46:54  5 of 5 SKIP relation logistics_mart.fact_shipment_weather ...................... [[33mSKIP[0m]
[2026-07-05T09:46:54.686+0000] {subprocess.py:93} INFO - [0m09:46:54
[2026-07-05T09:46:54.686+0000] {subprocess.py:93} INFO - [0m09:46:54  Finished running 3 table models, 2 view models in 2 hours 58 minutes and 0.20 seconds (10680.20s).
[2026-07-05T09:46:54.742+0000] {subprocess.py:93} INFO - [0m09:46:54
[2026-07-05T09:46:54.743+0000] {subprocess.py:93} INFO - [0m09:46:54  [31mCompleted with 4 errors, 0 partial successes, and 0 warnings:[0m
[2026-07-05T09:46:54.743+0000] {subprocess.py:93} INFO - [0m09:46:54
[2026-07-05T09:46:54.743+0000] {subprocess.py:93} INFO - [0m09:46:54  [31mFailure in model stg_weather (models/staging/stg_weather.sql)[0m
[2026-07-05T09:46:54.744+0000] {subprocess.py:93} INFO - [0m09:46:54    Database Error in model stg_weather (models/staging/stg_weather.sql)
[2026-07-05T09:46:54.744+0000] {subprocess.py:93} INFO -   Operation did not complete within the designated timeout of 300 seconds.
[2026-07-05T09:46:54.744+0000] {subprocess.py:93} INFO -   compiled code at target/run/logistics_lakehouse/models/staging/stg_weather.sql
[2026-07-05T09:46:54.744+0000] {subprocess.py:93} INFO - [0m09:46:54
[2026-07-05T09:46:54.744+0000] {subprocess.py:93} INFO - [0m09:46:54    compiled code at target/compiled/logistics_lakehouse/models/staging/stg_weather.sql
[2026-07-05T09:46:54.744+0000] {subprocess.py:93} INFO - [0m09:46:54
[2026-07-05T09:46:54.744+0000] {subprocess.py:93} INFO - [0m09:46:54  [31mFailure in model stg_shipments (models/staging/stg_shipments.sql)[0m
[2026-07-05T09:46:54.745+0000] {subprocess.py:93} INFO - [0m09:46:54    Database Error in model stg_shipments (models/staging/stg_shipments.sql)
[2026-07-05T09:46:54.745+0000] {subprocess.py:93} INFO -   Operation did not complete within the designated timeout of 300 seconds.
[2026-07-05T09:46:54.745+0000] {subprocess.py:93} INFO -   compiled code at target/run/logistics_lakehouse/models/staging/stg_shipments.sql
[2026-07-05T09:46:54.745+0000] {subprocess.py:93} INFO - [0m09:46:54
[2026-07-05T09:46:54.745+0000] {subprocess.py:93} INFO - [0m09:46:54    compiled code at target/compiled/logistics_lakehouse/models/staging/stg_shipments.sql
[2026-07-05T09:46:54.745+0000] {subprocess.py:93} INFO - [0m09:46:54
[2026-07-05T09:46:54.745+0000] {subprocess.py:93} INFO - [0m09:46:54  [31mFailure in model dim_drivers (models/mart/dim_drivers.sql)[0m
[2026-07-05T09:46:54.746+0000] {subprocess.py:93} INFO - [0m09:46:54    Database Error in model dim_drivers (models/mart/dim_drivers.sql)
[2026-07-05T09:46:54.746+0000] {subprocess.py:93} INFO -   ('Connection aborted.', RemoteDisconnected('Remote end closed connection without response'))
[2026-07-05T09:46:54.746+0000] {subprocess.py:93} INFO -   compiled code at target/run/logistics_lakehouse/models/mart/dim_drivers.sql
[2026-07-05T09:46:54.746+0000] {subprocess.py:93} INFO - [0m09:46:54
[2026-07-05T09:46:54.746+0000] {subprocess.py:93} INFO - [0m09:46:54    compiled code at target/compiled/logistics_lakehouse/models/mart/dim_drivers.sql
[2026-07-05T09:46:54.746+0000] {subprocess.py:93} INFO - [0m09:46:54
[2026-07-05T09:46:54.746+0000] {subprocess.py:93} INFO - [0m09:46:54  [31mFailure in model dim_hubs (models/mart/dim_hubs.sql)[0m
[2026-07-05T09:46:54.747+0000] {subprocess.py:93} INFO - [0m09:46:54    Database Error in model dim_hubs (models/mart/dim_hubs.sql)
[2026-07-05T09:46:54.747+0000] {subprocess.py:93} INFO -   ('Connection aborted.', RemoteDisconnected('Remote end closed connection without response'))
[2026-07-05T09:46:54.747+0000] {subprocess.py:93} INFO -   compiled code at target/run/logistics_lakehouse/models/mart/dim_hubs.sql
[2026-07-05T09:46:54.747+0000] {subprocess.py:93} INFO - [0m09:46:54
[2026-07-05T09:46:54.747+0000] {subprocess.py:93} INFO - [0m09:46:54    compiled code at target/compiled/logistics_lakehouse/models/mart/dim_hubs.sql
[2026-07-05T09:46:54.747+0000] {subprocess.py:93} INFO - [0m09:46:54
[2026-07-05T09:46:54.747+0000] {subprocess.py:93} INFO - [0m09:46:54  Done. PASS=0 WARN=0 ERROR=4 SKIP=1 NO-OP=0 TOTAL=5
[2026-07-05T09:46:56.688+0000] {subprocess.py:97} INFO - Command exited with return code 1
[2026-07-05T09:46:56.690+0000] {taskinstance.py:441} INFO - ::group::Post task execution logs
[2026-07-05T09:46:56.706+0000] {taskinstance.py:2905} ERROR - Task failed with exception
Traceback (most recent call last):
  File "/home/airflow/.local/lib/python3.12/site-packages/airflow/models/taskinstance.py", line 465, in _execute_task
    result = _execute_callable(context=context, **execute_callable_kwargs)
             ^^^^^^^^^^^^^^^^^^^^^^^^^^^^^^^^^^^^^^^^^^^^^^^^^^^^^^^^^^^^^
  File "/home/airflow/.local/lib/python3.12/site-packages/airflow/models/taskinstance.py", line 432, in _execute_callable
    return execute_callable(context=context, **execute_callable_kwargs)
           ^^^^^^^^^^^^^^^^^^^^^^^^^^^^^^^^^^^^^^^^^^^^^^^^^^^^^^^^^^^^
  File "/home/airflow/.local/lib/python3.12/site-packages/airflow/models/baseoperator.py", line 400, in wrapper
    return func(self, *args, **kwargs)
           ^^^^^^^^^^^^^^^^^^^^^^^^^^^
  File "/home/airflow/.local/lib/python3.12/site-packages/airflow/operators/bash.py", line 243, in execute
    raise AirflowException(
airflow.exceptions.AirflowException: Bash command failed. The command returned a non-zero exit code 1.
[2026-07-05T09:46:56.711+0000] {taskinstance.py:1206} INFO - Marking task as FAILED. dag_id=gold_dbt_dag, task_id=trigger_dbt_build, run_id=dataset_triggered__2026-07-05T01:45:04.667571+00:00, execution_date=20260705T014504, start_date=20260705T064851, end_date=20260705T094656
[2026-07-05T09:46:56.725+0000] {standard_task_runner.py:110} ERROR - Failed to execute job 630 for task trigger_dbt_build (Bash command failed. The command returned a non-zero exit code 1.; 45979)
[2026-07-05T09:46:56.765+0000] {local_task_job_runner.py:240} INFO - Task exited with return code 1
[2026-07-05T09:46:56.789+0000] {taskinstance.py:3498} INFO - 0 downstream tasks scheduled from follow-on schedule check
[2026-07-05T09:46:56.790+0000] {local_task_job_runner.py:222} INFO - ::endgroup::
