[2026-06-27T00:34:51.845+0000] {processor.py:161} INFO - Started process (PID=8471) to work on /opt/airflow/dags/dag_shipment_sim.py
[2026-06-27T00:34:51.845+0000] {processor.py:830} INFO - Processing file /opt/airflow/dags/dag_shipment_sim.py for tasks to queue
[2026-06-27T00:34:51.846+0000] {logging_mixin.py:188} INFO - [2026-06-27T00:34:51.846+0000] {dagbag.py:545} INFO - Filling up the DagBag from /opt/airflow/dags/dag_shipment_sim.py
[2026-06-27T00:34:51.853+0000] {processor.py:840} INFO - DAG(s) 'logistics_shipment_simulator' retrieved from /opt/airflow/dags/dag_shipment_sim.py
[2026-06-27T00:34:51.888+0000] {logging_mixin.py:188} INFO - [2026-06-27T00:34:51.888+0000] {dag.py:3096} INFO - Sync 1 DAGs
[2026-06-27T00:34:51.938+0000] {logging_mixin.py:188} INFO - [2026-06-27T00:34:51.938+0000] {dag.py:3954} INFO - Setting next_dagrun for logistics_shipment_simulator to 2026-06-27 00:34:00+00:00, run_after=2026-06-27 00:36:00+00:00
[2026-06-27T00:34:51.967+0000] {processor.py:183} INFO - Processing /opt/airflow/dags/dag_shipment_sim.py took 0.126 seconds
[2026-06-27T01:53:40.900+0000] {processor.py:161} INFO - Started process (PID=8519) to work on /opt/airflow/dags/dag_shipment_sim.py
[2026-06-27T01:53:40.901+0000] {processor.py:830} INFO - Processing file /opt/airflow/dags/dag_shipment_sim.py for tasks to queue
[2026-06-27T01:53:40.903+0000] {logging_mixin.py:188} INFO - [2026-06-27T01:53:40.903+0000] {dagbag.py:545} INFO - Filling up the DagBag from /opt/airflow/dags/dag_shipment_sim.py
[2026-06-27T01:53:40.915+0000] {processor.py:840} INFO - DAG(s) 'logistics_shipment_simulator' retrieved from /opt/airflow/dags/dag_shipment_sim.py
[2026-06-27T01:53:40.942+0000] {logging_mixin.py:188} INFO - [2026-06-27T01:53:40.942+0000] {dag.py:3096} INFO - Sync 1 DAGs
[2026-06-27T01:53:40.967+0000] {logging_mixin.py:188} INFO - [2026-06-27T01:53:40.967+0000] {dag.py:3954} INFO - Setting next_dagrun for logistics_shipment_simulator to 2026-06-27 01:52:00+00:00, run_after=2026-06-27 01:54:00+00:00
[2026-06-27T01:53:41.000+0000] {processor.py:183} INFO - Processing /opt/airflow/dags/dag_shipment_sim.py took 0.106 seconds
[2026-06-27T03:04:35.310+0000] {processor.py:161} INFO - Started process (PID=8575) to work on /opt/airflow/dags/dag_shipment_sim.py
[2026-06-27T03:04:35.311+0000] {processor.py:830} INFO - Processing file /opt/airflow/dags/dag_shipment_sim.py for tasks to queue
[2026-06-27T03:04:35.312+0000] {logging_mixin.py:188} INFO - [2026-06-27T03:04:35.312+0000] {dagbag.py:545} INFO - Filling up the DagBag from /opt/airflow/dags/dag_shipment_sim.py
[2026-06-27T03:04:35.322+0000] {processor.py:840} INFO - DAG(s) 'logistics_shipment_simulator' retrieved from /opt/airflow/dags/dag_shipment_sim.py
[2026-06-27T03:04:35.344+0000] {logging_mixin.py:188} INFO - [2026-06-27T03:04:35.344+0000] {dag.py:3096} INFO - Sync 1 DAGs
[2026-06-27T03:04:35.359+0000] {logging_mixin.py:188} INFO - [2026-06-27T03:04:35.359+0000] {dag.py:3954} INFO - Setting next_dagrun for logistics_shipment_simulator to 2026-06-27 03:04:00+00:00, run_after=2026-06-27 03:06:00+00:00
[2026-06-27T03:04:35.373+0000] {processor.py:183} INFO - Processing /opt/airflow/dags/dag_shipment_sim.py took 0.068 seconds
[2026-06-27T04:20:47.954+0000] {processor.py:161} INFO - Started process (PID=8592) to work on /opt/airflow/dags/dag_shipment_sim.py
[2026-06-27T04:20:47.979+0000] {processor.py:830} INFO - Processing file /opt/airflow/dags/dag_shipment_sim.py for tasks to queue
[2026-06-27T04:20:48.041+0000] {logging_mixin.py:188} INFO - [2026-06-27T04:20:48.028+0000] {dagbag.py:545} INFO - Filling up the DagBag from /opt/airflow/dags/dag_shipment_sim.py
[2026-06-27T04:20:48.331+0000] {processor.py:840} INFO - DAG(s) 'logistics_shipment_simulator' retrieved from /opt/airflow/dags/dag_shipment_sim.py
[2026-06-27T04:20:48.617+0000] {logging_mixin.py:188} INFO - [2026-06-27T04:20:48.615+0000] {dag.py:3096} INFO - Sync 1 DAGs
[2026-06-27T04:20:48.746+0000] {logging_mixin.py:188} INFO - [2026-06-27T04:20:48.746+0000] {dag.py:3954} INFO - Setting next_dagrun for logistics_shipment_simulator to 2026-06-27 04:20:00+00:00, run_after=2026-06-27 04:22:00+00:00
[2026-06-27T04:20:48.758+0000] {processor.py:183} INFO - Processing /opt/airflow/dags/dag_shipment_sim.py took 0.942 seconds
[2026-06-27T05:00:31.687+0000] {processor.py:161} INFO - Started process (PID=8613) to work on /opt/airflow/dags/dag_shipment_sim.py
[2026-06-27T05:00:31.687+0000] {processor.py:830} INFO - Processing file /opt/airflow/dags/dag_shipment_sim.py for tasks to queue
[2026-06-27T05:00:31.688+0000] {logging_mixin.py:188} INFO - [2026-06-27T05:00:31.688+0000] {dagbag.py:545} INFO - Filling up the DagBag from /opt/airflow/dags/dag_shipment_sim.py
[2026-06-27T05:00:31.693+0000] {processor.py:840} INFO - DAG(s) 'logistics_shipment_simulator' retrieved from /opt/airflow/dags/dag_shipment_sim.py
[2026-06-27T05:00:31.704+0000] {logging_mixin.py:188} INFO - [2026-06-27T05:00:31.704+0000] {dag.py:3096} INFO - Sync 1 DAGs
[2026-06-27T05:00:31.711+0000] {logging_mixin.py:188} INFO - [2026-06-27T05:00:31.711+0000] {dag.py:3954} INFO - Setting next_dagrun for logistics_shipment_simulator to 2026-06-27 05:00:00+00:00, run_after=2026-06-27 05:02:00+00:00
[2026-06-27T05:00:31.717+0000] {processor.py:183} INFO - Processing /opt/airflow/dags/dag_shipment_sim.py took 0.033 seconds
[2026-06-27T05:02:40.930+0000] {processor.py:161} INFO - Started process (PID=8629) to work on /opt/airflow/dags/dag_shipment_sim.py
[2026-06-27T05:02:40.931+0000] {processor.py:830} INFO - Processing file /opt/airflow/dags/dag_shipment_sim.py for tasks to queue
[2026-06-27T05:02:40.932+0000] {logging_mixin.py:188} INFO - [2026-06-27T05:02:40.931+0000] {dagbag.py:545} INFO - Filling up the DagBag from /opt/airflow/dags/dag_shipment_sim.py
[2026-06-27T05:02:40.937+0000] {processor.py:840} INFO - DAG(s) 'logistics_shipment_simulator' retrieved from /opt/airflow/dags/dag_shipment_sim.py
[2026-06-27T05:02:40.948+0000] {logging_mixin.py:188} INFO - [2026-06-27T05:02:40.948+0000] {dag.py:3096} INFO - Sync 1 DAGs
[2026-06-27T05:02:40.957+0000] {logging_mixin.py:188} INFO - [2026-06-27T05:02:40.957+0000] {dag.py:3954} INFO - Setting next_dagrun for logistics_shipment_simulator to 2026-06-27 05:02:00+00:00, run_after=2026-06-27 05:04:00+00:00
[2026-06-27T05:02:40.966+0000] {processor.py:183} INFO - Processing /opt/airflow/dags/dag_shipment_sim.py took 0.039 seconds
[2026-06-27T05:19:51.717+0000] {processor.py:161} INFO - Started process (PID=8645) to work on /opt/airflow/dags/dag_shipment_sim.py
[2026-06-27T05:19:51.717+0000] {processor.py:830} INFO - Processing file /opt/airflow/dags/dag_shipment_sim.py for tasks to queue
[2026-06-27T05:19:51.718+0000] {logging_mixin.py:188} INFO - [2026-06-27T05:19:51.718+0000] {dagbag.py:545} INFO - Filling up the DagBag from /opt/airflow/dags/dag_shipment_sim.py
[2026-06-27T05:19:51.722+0000] {processor.py:840} INFO - DAG(s) 'logistics_shipment_simulator' retrieved from /opt/airflow/dags/dag_shipment_sim.py
[2026-06-27T05:19:51.732+0000] {logging_mixin.py:188} INFO - [2026-06-27T05:19:51.732+0000] {dag.py:3096} INFO - Sync 1 DAGs
[2026-06-27T05:19:51.740+0000] {logging_mixin.py:188} INFO - [2026-06-27T05:19:51.740+0000] {dag.py:3954} INFO - Setting next_dagrun for logistics_shipment_simulator to 2026-06-27 05:16:00+00:00, run_after=2026-06-27 05:18:00+00:00
[2026-06-27T05:19:51.747+0000] {processor.py:183} INFO - Processing /opt/airflow/dags/dag_shipment_sim.py took 0.033 seconds
[2026-06-27T05:22:01.674+0000] {processor.py:161} INFO - Started process (PID=8668) to work on /opt/airflow/dags/dag_shipment_sim.py
[2026-06-27T05:22:01.675+0000] {processor.py:830} INFO - Processing file /opt/airflow/dags/dag_shipment_sim.py for tasks to queue
[2026-06-27T05:22:01.676+0000] {logging_mixin.py:188} INFO - [2026-06-27T05:22:01.676+0000] {dagbag.py:545} INFO - Filling up the DagBag from /opt/airflow/dags/dag_shipment_sim.py
[2026-06-27T05:22:01.680+0000] {processor.py:840} INFO - DAG(s) 'logistics_shipment_simulator' retrieved from /opt/airflow/dags/dag_shipment_sim.py
[2026-06-27T05:22:01.693+0000] {logging_mixin.py:188} INFO - [2026-06-27T05:22:01.693+0000] {dag.py:3096} INFO - Sync 1 DAGs
[2026-06-27T05:22:01.702+0000] {logging_mixin.py:188} INFO - [2026-06-27T05:22:01.702+0000] {dag.py:3954} INFO - Setting next_dagrun for logistics_shipment_simulator to 2026-06-27 05:20:00+00:00, run_after=2026-06-27 05:22:00+00:00
[2026-06-27T05:22:01.709+0000] {processor.py:183} INFO - Processing /opt/airflow/dags/dag_shipment_sim.py took 0.040 seconds
[2026-06-27T05:42:56.095+0000] {processor.py:161} INFO - Started process (PID=8685) to work on /opt/airflow/dags/dag_shipment_sim.py
[2026-06-27T05:42:56.095+0000] {processor.py:830} INFO - Processing file /opt/airflow/dags/dag_shipment_sim.py for tasks to queue
[2026-06-27T05:42:56.096+0000] {logging_mixin.py:188} INFO - [2026-06-27T05:42:56.096+0000] {dagbag.py:545} INFO - Filling up the DagBag from /opt/airflow/dags/dag_shipment_sim.py
[2026-06-27T05:42:56.101+0000] {processor.py:840} INFO - DAG(s) 'logistics_shipment_simulator' retrieved from /opt/airflow/dags/dag_shipment_sim.py
[2026-06-27T05:42:56.114+0000] {logging_mixin.py:188} INFO - [2026-06-27T05:42:56.114+0000] {dag.py:3096} INFO - Sync 1 DAGs
[2026-06-27T05:42:56.125+0000] {logging_mixin.py:188} INFO - [2026-06-27T05:42:56.124+0000] {dag.py:3954} INFO - Setting next_dagrun for logistics_shipment_simulator to 2026-06-27 05:40:00+00:00, run_after=2026-06-27 05:42:00+00:00
[2026-06-27T05:42:56.131+0000] {processor.py:183} INFO - Processing /opt/airflow/dags/dag_shipment_sim.py took 0.039 seconds
[2026-06-27T06:07:35.281+0000] {processor.py:161} INFO - Started process (PID=8702) to work on /opt/airflow/dags/dag_shipment_sim.py
[2026-06-27T06:07:35.282+0000] {processor.py:830} INFO - Processing file /opt/airflow/dags/dag_shipment_sim.py for tasks to queue
[2026-06-27T06:07:35.282+0000] {logging_mixin.py:188} INFO - [2026-06-27T06:07:35.282+0000] {dagbag.py:545} INFO - Filling up the DagBag from /opt/airflow/dags/dag_shipment_sim.py
[2026-06-27T06:07:35.286+0000] {processor.py:840} INFO - DAG(s) 'logistics_shipment_simulator' retrieved from /opt/airflow/dags/dag_shipment_sim.py
[2026-06-27T06:07:35.298+0000] {logging_mixin.py:188} INFO - [2026-06-27T06:07:35.298+0000] {dag.py:3096} INFO - Sync 1 DAGs
[2026-06-27T06:07:35.309+0000] {logging_mixin.py:188} INFO - [2026-06-27T06:07:35.309+0000] {dag.py:3954} INFO - Setting next_dagrun for logistics_shipment_simulator to 2026-06-27 06:04:00+00:00, run_after=2026-06-27 06:06:00+00:00
[2026-06-27T06:07:35.321+0000] {processor.py:183} INFO - Processing /opt/airflow/dags/dag_shipment_sim.py took 0.043 seconds
[2026-06-27T06:21:15.153+0000] {processor.py:161} INFO - Started process (PID=8724) to work on /opt/airflow/dags/dag_shipment_sim.py
[2026-06-27T06:21:15.155+0000] {processor.py:830} INFO - Processing file /opt/airflow/dags/dag_shipment_sim.py for tasks to queue
[2026-06-27T06:21:15.156+0000] {logging_mixin.py:188} INFO - [2026-06-27T06:21:15.156+0000] {dagbag.py:545} INFO - Filling up the DagBag from /opt/airflow/dags/dag_shipment_sim.py
[2026-06-27T06:21:15.178+0000] {processor.py:840} INFO - DAG(s) 'logistics_shipment_simulator' retrieved from /opt/airflow/dags/dag_shipment_sim.py
[2026-06-27T06:21:15.281+0000] {logging_mixin.py:188} INFO - [2026-06-27T06:21:15.280+0000] {dag.py:3096} INFO - Sync 1 DAGs
[2026-06-27T06:21:15.295+0000] {logging_mixin.py:188} INFO - [2026-06-27T06:21:15.295+0000] {dag.py:3954} INFO - Setting next_dagrun for logistics_shipment_simulator to 2026-06-27 06:20:00+00:00, run_after=2026-06-27 06:22:00+00:00
[2026-06-27T06:21:15.305+0000] {processor.py:183} INFO - Processing /opt/airflow/dags/dag_shipment_sim.py took 0.191 seconds
[2026-06-27T06:24:52.366+0000] {processor.py:161} INFO - Started process (PID=8738) to work on /opt/airflow/dags/dag_shipment_sim.py
[2026-06-27T06:24:52.367+0000] {processor.py:830} INFO - Processing file /opt/airflow/dags/dag_shipment_sim.py for tasks to queue
[2026-06-27T06:24:52.369+0000] {logging_mixin.py:188} INFO - [2026-06-27T06:24:52.368+0000] {dagbag.py:545} INFO - Filling up the DagBag from /opt/airflow/dags/dag_shipment_sim.py
[2026-06-27T06:24:52.412+0000] {processor.py:840} INFO - DAG(s) 'logistics_shipment_simulator' retrieved from /opt/airflow/dags/dag_shipment_sim.py
[2026-06-27T06:24:52.500+0000] {logging_mixin.py:188} INFO - [2026-06-27T06:24:52.500+0000] {dag.py:3096} INFO - Sync 1 DAGs
[2026-06-27T06:24:52.540+0000] {logging_mixin.py:188} INFO - [2026-06-27T06:24:52.540+0000] {dag.py:3954} INFO - Setting next_dagrun for logistics_shipment_simulator to 2026-06-27 06:24:00+00:00, run_after=2026-06-27 06:26:00+00:00
[2026-06-27T06:24:52.554+0000] {processor.py:183} INFO - Processing /opt/airflow/dags/dag_shipment_sim.py took 0.265 seconds
[2026-06-27T07:43:37.939+0000] {processor.py:161} INFO - Started process (PID=8763) to work on /opt/airflow/dags/dag_shipment_sim.py
[2026-06-27T07:43:37.940+0000] {processor.py:830} INFO - Processing file /opt/airflow/dags/dag_shipment_sim.py for tasks to queue
[2026-06-27T07:43:37.940+0000] {logging_mixin.py:188} INFO - [2026-06-27T07:43:37.940+0000] {dagbag.py:545} INFO - Filling up the DagBag from /opt/airflow/dags/dag_shipment_sim.py
[2026-06-27T07:43:37.944+0000] {processor.py:840} INFO - DAG(s) 'logistics_shipment_simulator' retrieved from /opt/airflow/dags/dag_shipment_sim.py
[2026-06-27T07:43:37.954+0000] {logging_mixin.py:188} INFO - [2026-06-27T07:43:37.954+0000] {dag.py:3096} INFO - Sync 1 DAGs
[2026-06-27T07:43:37.962+0000] {logging_mixin.py:188} INFO - [2026-06-27T07:43:37.962+0000] {dag.py:3954} INFO - Setting next_dagrun for logistics_shipment_simulator to 2026-06-27 07:42:00+00:00, run_after=2026-06-27 07:44:00+00:00
[2026-06-27T07:43:37.968+0000] {processor.py:183} INFO - Processing /opt/airflow/dags/dag_shipment_sim.py took 0.031 seconds
[2026-06-27T09:00:07.529+0000] {processor.py:161} INFO - Started process (PID=8782) to work on /opt/airflow/dags/dag_shipment_sim.py
[2026-06-27T09:00:07.530+0000] {processor.py:830} INFO - Processing file /opt/airflow/dags/dag_shipment_sim.py for tasks to queue
[2026-06-27T09:00:07.531+0000] {logging_mixin.py:188} INFO - [2026-06-27T09:00:07.530+0000] {dagbag.py:545} INFO - Filling up the DagBag from /opt/airflow/dags/dag_shipment_sim.py
[2026-06-27T09:00:07.536+0000] {processor.py:840} INFO - DAG(s) 'logistics_shipment_simulator' retrieved from /opt/airflow/dags/dag_shipment_sim.py
[2026-06-27T09:00:07.557+0000] {logging_mixin.py:188} INFO - [2026-06-27T09:00:07.557+0000] {dag.py:3096} INFO - Sync 1 DAGs
[2026-06-27T09:00:07.569+0000] {logging_mixin.py:188} INFO - [2026-06-27T09:00:07.569+0000] {dag.py:3954} INFO - Setting next_dagrun for logistics_shipment_simulator to 2026-06-27 09:00:00+00:00, run_after=2026-06-27 09:02:00+00:00
[2026-06-27T09:00:07.581+0000] {processor.py:183} INFO - Processing /opt/airflow/dags/dag_shipment_sim.py took 0.058 seconds
[2026-06-27T09:41:26.677+0000] {processor.py:161} INFO - Started process (PID=8799) to work on /opt/airflow/dags/dag_shipment_sim.py
[2026-06-27T09:41:26.677+0000] {processor.py:830} INFO - Processing file /opt/airflow/dags/dag_shipment_sim.py for tasks to queue
[2026-06-27T09:41:26.679+0000] {logging_mixin.py:188} INFO - [2026-06-27T09:41:26.679+0000] {dagbag.py:545} INFO - Filling up the DagBag from /opt/airflow/dags/dag_shipment_sim.py
[2026-06-27T09:41:26.684+0000] {processor.py:840} INFO - DAG(s) 'logistics_shipment_simulator' retrieved from /opt/airflow/dags/dag_shipment_sim.py
[2026-06-27T09:41:26.696+0000] {logging_mixin.py:188} INFO - [2026-06-27T09:41:26.696+0000] {dag.py:3096} INFO - Sync 1 DAGs
[2026-06-27T09:41:26.705+0000] {logging_mixin.py:188} INFO - [2026-06-27T09:41:26.705+0000] {dag.py:3954} INFO - Setting next_dagrun for logistics_shipment_simulator to 2026-06-27 09:38:00+00:00, run_after=2026-06-27 09:40:00+00:00
[2026-06-27T09:41:26.712+0000] {processor.py:183} INFO - Processing /opt/airflow/dags/dag_shipment_sim.py took 0.038 seconds
[2026-06-27T10:31:07.600+0000] {processor.py:161} INFO - Started process (PID=8818) to work on /opt/airflow/dags/dag_shipment_sim.py
[2026-06-27T10:31:07.601+0000] {processor.py:830} INFO - Processing file /opt/airflow/dags/dag_shipment_sim.py for tasks to queue
[2026-06-27T10:31:07.602+0000] {logging_mixin.py:188} INFO - [2026-06-27T10:31:07.601+0000] {dagbag.py:545} INFO - Filling up the DagBag from /opt/airflow/dags/dag_shipment_sim.py
[2026-06-27T10:31:07.606+0000] {processor.py:840} INFO - DAG(s) 'logistics_shipment_simulator' retrieved from /opt/airflow/dags/dag_shipment_sim.py
[2026-06-27T10:31:07.617+0000] {logging_mixin.py:188} INFO - [2026-06-27T10:31:07.617+0000] {dag.py:3096} INFO - Sync 1 DAGs
[2026-06-27T10:31:07.627+0000] {logging_mixin.py:188} INFO - [2026-06-27T10:31:07.627+0000] {dag.py:3954} INFO - Setting next_dagrun for logistics_shipment_simulator to 2026-06-27 10:30:00+00:00, run_after=2026-06-27 10:32:00+00:00
[2026-06-27T10:31:07.640+0000] {processor.py:183} INFO - Processing /opt/airflow/dags/dag_shipment_sim.py took 0.044 seconds
[2026-06-27T11:10:32.130+0000] {processor.py:161} INFO - Started process (PID=8835) to work on /opt/airflow/dags/dag_shipment_sim.py
[2026-06-27T11:10:32.131+0000] {processor.py:830} INFO - Processing file /opt/airflow/dags/dag_shipment_sim.py for tasks to queue
[2026-06-27T11:10:32.132+0000] {logging_mixin.py:188} INFO - [2026-06-27T11:10:32.131+0000] {dagbag.py:545} INFO - Filling up the DagBag from /opt/airflow/dags/dag_shipment_sim.py
[2026-06-27T11:10:32.137+0000] {processor.py:840} INFO - DAG(s) 'logistics_shipment_simulator' retrieved from /opt/airflow/dags/dag_shipment_sim.py
[2026-06-27T11:10:32.148+0000] {logging_mixin.py:188} INFO - [2026-06-27T11:10:32.148+0000] {dag.py:3096} INFO - Sync 1 DAGs
[2026-06-27T11:10:32.155+0000] {logging_mixin.py:188} INFO - [2026-06-27T11:10:32.155+0000] {dag.py:3954} INFO - Setting next_dagrun for logistics_shipment_simulator to 2026-06-27 11:08:00+00:00, run_after=2026-06-27 11:10:00+00:00
[2026-06-27T11:10:32.161+0000] {processor.py:183} INFO - Processing /opt/airflow/dags/dag_shipment_sim.py took 0.034 seconds
[2026-06-27T11:47:00.414+0000] {processor.py:161} INFO - Started process (PID=8856) to work on /opt/airflow/dags/dag_shipment_sim.py
[2026-06-27T11:47:00.415+0000] {processor.py:830} INFO - Processing file /opt/airflow/dags/dag_shipment_sim.py for tasks to queue
[2026-06-27T11:47:00.415+0000] {logging_mixin.py:188} INFO - [2026-06-27T11:47:00.415+0000] {dagbag.py:545} INFO - Filling up the DagBag from /opt/airflow/dags/dag_shipment_sim.py
[2026-06-27T11:47:00.419+0000] {processor.py:840} INFO - DAG(s) 'logistics_shipment_simulator' retrieved from /opt/airflow/dags/dag_shipment_sim.py
[2026-06-27T11:47:00.429+0000] {logging_mixin.py:188} INFO - [2026-06-27T11:47:00.429+0000] {dag.py:3096} INFO - Sync 1 DAGs
[2026-06-27T11:47:00.438+0000] {logging_mixin.py:188} INFO - [2026-06-27T11:47:00.438+0000] {dag.py:3954} INFO - Setting next_dagrun for logistics_shipment_simulator to 2026-06-27 11:46:00+00:00, run_after=2026-06-27 11:48:00+00:00
[2026-06-27T11:47:00.444+0000] {processor.py:183} INFO - Processing /opt/airflow/dags/dag_shipment_sim.py took 0.033 seconds
[2026-06-27T12:13:36.027+0000] {processor.py:161} INFO - Started process (PID=8875) to work on /opt/airflow/dags/dag_shipment_sim.py
[2026-06-27T12:13:36.028+0000] {processor.py:830} INFO - Processing file /opt/airflow/dags/dag_shipment_sim.py for tasks to queue
[2026-06-27T12:13:36.030+0000] {logging_mixin.py:188} INFO - [2026-06-27T12:13:36.029+0000] {dagbag.py:545} INFO - Filling up the DagBag from /opt/airflow/dags/dag_shipment_sim.py
[2026-06-27T12:13:36.037+0000] {processor.py:840} INFO - DAG(s) 'logistics_shipment_simulator' retrieved from /opt/airflow/dags/dag_shipment_sim.py
[2026-06-27T12:13:36.053+0000] {logging_mixin.py:188} INFO - [2026-06-27T12:13:36.053+0000] {dag.py:3096} INFO - Sync 1 DAGs
[2026-06-27T12:13:36.067+0000] {logging_mixin.py:188} INFO - [2026-06-27T12:13:36.067+0000] {dag.py:3954} INFO - Setting next_dagrun for logistics_shipment_simulator to 2026-06-27 12:12:00+00:00, run_after=2026-06-27 12:14:00+00:00
[2026-06-27T12:13:36.078+0000] {processor.py:183} INFO - Processing /opt/airflow/dags/dag_shipment_sim.py took 0.057 seconds
[2026-06-27T12:31:20.599+0000] {processor.py:161} INFO - Started process (PID=8896) to work on /opt/airflow/dags/dag_shipment_sim.py
[2026-06-27T12:31:20.600+0000] {processor.py:830} INFO - Processing file /opt/airflow/dags/dag_shipment_sim.py for tasks to queue
[2026-06-27T12:31:20.601+0000] {logging_mixin.py:188} INFO - [2026-06-27T12:31:20.600+0000] {dagbag.py:545} INFO - Filling up the DagBag from /opt/airflow/dags/dag_shipment_sim.py
[2026-06-27T12:31:20.605+0000] {processor.py:840} INFO - DAG(s) 'logistics_shipment_simulator' retrieved from /opt/airflow/dags/dag_shipment_sim.py
[2026-06-27T12:31:20.617+0000] {logging_mixin.py:188} INFO - [2026-06-27T12:31:20.617+0000] {dag.py:3096} INFO - Sync 1 DAGs
[2026-06-27T12:31:20.627+0000] {logging_mixin.py:188} INFO - [2026-06-27T12:31:20.626+0000] {dag.py:3954} INFO - Setting next_dagrun for logistics_shipment_simulator to 2026-06-27 12:30:00+00:00, run_after=2026-06-27 12:32:00+00:00
[2026-06-27T12:31:20.633+0000] {processor.py:183} INFO - Processing /opt/airflow/dags/dag_shipment_sim.py took 0.040 seconds
[2026-06-27T12:39:33.874+0000] {processor.py:161} INFO - Started process (PID=8915) to work on /opt/airflow/dags/dag_shipment_sim.py
[2026-06-27T12:39:33.875+0000] {processor.py:830} INFO - Processing file /opt/airflow/dags/dag_shipment_sim.py for tasks to queue
[2026-06-27T12:39:33.876+0000] {logging_mixin.py:188} INFO - [2026-06-27T12:39:33.875+0000] {dagbag.py:545} INFO - Filling up the DagBag from /opt/airflow/dags/dag_shipment_sim.py
[2026-06-27T12:39:33.881+0000] {processor.py:840} INFO - DAG(s) 'logistics_shipment_simulator' retrieved from /opt/airflow/dags/dag_shipment_sim.py
[2026-06-27T12:39:33.892+0000] {logging_mixin.py:188} INFO - [2026-06-27T12:39:33.892+0000] {dag.py:3096} INFO - Sync 1 DAGs
[2026-06-27T12:39:33.899+0000] {logging_mixin.py:188} INFO - [2026-06-27T12:39:33.899+0000] {dag.py:3954} INFO - Setting next_dagrun for logistics_shipment_simulator to 2026-06-27 12:38:00+00:00, run_after=2026-06-27 12:40:00+00:00
[2026-06-27T12:39:33.905+0000] {processor.py:183} INFO - Processing /opt/airflow/dags/dag_shipment_sim.py took 0.035 seconds
[2026-06-27T12:48:46.763+0000] {processor.py:161} INFO - Started process (PID=8936) to work on /opt/airflow/dags/dag_shipment_sim.py
[2026-06-27T12:48:46.764+0000] {processor.py:830} INFO - Processing file /opt/airflow/dags/dag_shipment_sim.py for tasks to queue
[2026-06-27T12:48:46.765+0000] {logging_mixin.py:188} INFO - [2026-06-27T12:48:46.765+0000] {dagbag.py:545} INFO - Filling up the DagBag from /opt/airflow/dags/dag_shipment_sim.py
[2026-06-27T12:48:46.769+0000] {processor.py:840} INFO - DAG(s) 'logistics_shipment_simulator' retrieved from /opt/airflow/dags/dag_shipment_sim.py
[2026-06-27T12:48:46.778+0000] {logging_mixin.py:188} INFO - [2026-06-27T12:48:46.778+0000] {dag.py:3096} INFO - Sync 1 DAGs
[2026-06-27T12:48:46.785+0000] {logging_mixin.py:188} INFO - [2026-06-27T12:48:46.785+0000] {dag.py:3954} INFO - Setting next_dagrun for logistics_shipment_simulator to 2026-06-27 12:48:00+00:00, run_after=2026-06-27 12:50:00+00:00
[2026-06-27T12:48:46.790+0000] {processor.py:183} INFO - Processing /opt/airflow/dags/dag_shipment_sim.py took 0.030 seconds
[2026-06-27T13:05:59.641+0000] {processor.py:161} INFO - Started process (PID=8951) to work on /opt/airflow/dags/dag_shipment_sim.py
[2026-06-27T13:05:59.642+0000] {processor.py:830} INFO - Processing file /opt/airflow/dags/dag_shipment_sim.py for tasks to queue
[2026-06-27T13:05:59.643+0000] {logging_mixin.py:188} INFO - [2026-06-27T13:05:59.642+0000] {dagbag.py:545} INFO - Filling up the DagBag from /opt/airflow/dags/dag_shipment_sim.py
[2026-06-27T13:05:59.649+0000] {processor.py:840} INFO - DAG(s) 'logistics_shipment_simulator' retrieved from /opt/airflow/dags/dag_shipment_sim.py
[2026-06-27T13:05:59.660+0000] {logging_mixin.py:188} INFO - [2026-06-27T13:05:59.660+0000] {dag.py:3096} INFO - Sync 1 DAGs
[2026-06-27T13:05:59.667+0000] {logging_mixin.py:188} INFO - [2026-06-27T13:05:59.667+0000] {dag.py:3954} INFO - Setting next_dagrun for logistics_shipment_simulator to 2026-06-27 13:02:00+00:00, run_after=2026-06-27 13:04:00+00:00
[2026-06-27T13:05:59.673+0000] {processor.py:183} INFO - Processing /opt/airflow/dags/dag_shipment_sim.py took 0.035 seconds
[2026-06-27T13:14:33.599+0000] {processor.py:161} INFO - Started process (PID=8972) to work on /opt/airflow/dags/dag_shipment_sim.py
[2026-06-27T13:14:33.600+0000] {processor.py:830} INFO - Processing file /opt/airflow/dags/dag_shipment_sim.py for tasks to queue
[2026-06-27T13:14:33.601+0000] {logging_mixin.py:188} INFO - [2026-06-27T13:14:33.601+0000] {dagbag.py:545} INFO - Filling up the DagBag from /opt/airflow/dags/dag_shipment_sim.py
[2026-06-27T13:14:33.606+0000] {processor.py:840} INFO - DAG(s) 'logistics_shipment_simulator' retrieved from /opt/airflow/dags/dag_shipment_sim.py
[2026-06-27T13:14:33.621+0000] {logging_mixin.py:188} INFO - [2026-06-27T13:14:33.621+0000] {dag.py:3096} INFO - Sync 1 DAGs
[2026-06-27T13:14:33.631+0000] {logging_mixin.py:188} INFO - [2026-06-27T13:14:33.631+0000] {dag.py:3954} INFO - Setting next_dagrun for logistics_shipment_simulator to 2026-06-27 13:14:00+00:00, run_after=2026-06-27 13:16:00+00:00
[2026-06-27T13:14:33.639+0000] {processor.py:183} INFO - Processing /opt/airflow/dags/dag_shipment_sim.py took 0.048 seconds
[2026-06-27T14:05:35.527+0000] {processor.py:161} INFO - Started process (PID=8993) to work on /opt/airflow/dags/dag_shipment_sim.py
[2026-06-27T14:05:35.528+0000] {processor.py:830} INFO - Processing file /opt/airflow/dags/dag_shipment_sim.py for tasks to queue
[2026-06-27T14:05:35.528+0000] {logging_mixin.py:188} INFO - [2026-06-27T14:05:35.528+0000] {dagbag.py:545} INFO - Filling up the DagBag from /opt/airflow/dags/dag_shipment_sim.py
[2026-06-27T14:05:35.532+0000] {processor.py:840} INFO - DAG(s) 'logistics_shipment_simulator' retrieved from /opt/airflow/dags/dag_shipment_sim.py
[2026-06-27T14:05:35.542+0000] {logging_mixin.py:188} INFO - [2026-06-27T14:05:35.542+0000] {dag.py:3096} INFO - Sync 1 DAGs
[2026-06-27T14:05:35.550+0000] {logging_mixin.py:188} INFO - [2026-06-27T14:05:35.550+0000] {dag.py:3954} INFO - Setting next_dagrun for logistics_shipment_simulator to 2026-06-27 14:04:00+00:00, run_after=2026-06-27 14:06:00+00:00
[2026-06-27T14:05:35.556+0000] {processor.py:183} INFO - Processing /opt/airflow/dags/dag_shipment_sim.py took 0.033 seconds
[2026-06-27T14:15:36.850+0000] {processor.py:161} INFO - Started process (PID=9012) to work on /opt/airflow/dags/dag_shipment_sim.py
[2026-06-27T14:15:36.851+0000] {processor.py:830} INFO - Processing file /opt/airflow/dags/dag_shipment_sim.py for tasks to queue
[2026-06-27T14:15:36.852+0000] {logging_mixin.py:188} INFO - [2026-06-27T14:15:36.851+0000] {dagbag.py:545} INFO - Filling up the DagBag from /opt/airflow/dags/dag_shipment_sim.py
[2026-06-27T14:15:36.859+0000] {processor.py:840} INFO - DAG(s) 'logistics_shipment_simulator' retrieved from /opt/airflow/dags/dag_shipment_sim.py
[2026-06-27T14:15:36.879+0000] {logging_mixin.py:188} INFO - [2026-06-27T14:15:36.879+0000] {dag.py:3096} INFO - Sync 1 DAGs
[2026-06-27T14:15:36.894+0000] {logging_mixin.py:188} INFO - [2026-06-27T14:15:36.894+0000] {dag.py:3954} INFO - Setting next_dagrun for logistics_shipment_simulator to 2026-06-27 14:14:00+00:00, run_after=2026-06-27 14:16:00+00:00
[2026-06-27T14:15:36.904+0000] {processor.py:183} INFO - Processing /opt/airflow/dags/dag_shipment_sim.py took 0.057 seconds
[2026-06-27T15:16:32.890+0000] {processor.py:161} INFO - Started process (PID=9031) to work on /opt/airflow/dags/dag_shipment_sim.py
[2026-06-27T15:16:32.890+0000] {processor.py:830} INFO - Processing file /opt/airflow/dags/dag_shipment_sim.py for tasks to queue
[2026-06-27T15:16:32.891+0000] {logging_mixin.py:188} INFO - [2026-06-27T15:16:32.891+0000] {dagbag.py:545} INFO - Filling up the DagBag from /opt/airflow/dags/dag_shipment_sim.py
[2026-06-27T15:16:32.895+0000] {processor.py:840} INFO - DAG(s) 'logistics_shipment_simulator' retrieved from /opt/airflow/dags/dag_shipment_sim.py
[2026-06-27T15:16:32.905+0000] {logging_mixin.py:188} INFO - [2026-06-27T15:16:32.905+0000] {dag.py:3096} INFO - Sync 1 DAGs
[2026-06-27T15:16:32.912+0000] {logging_mixin.py:188} INFO - [2026-06-27T15:16:32.912+0000] {dag.py:3954} INFO - Setting next_dagrun for logistics_shipment_simulator to 2026-06-27 15:14:00+00:00, run_after=2026-06-27 15:16:00+00:00
[2026-06-27T15:16:32.918+0000] {processor.py:183} INFO - Processing /opt/airflow/dags/dag_shipment_sim.py took 0.030 seconds
[2026-06-27T16:00:07.662+0000] {processor.py:161} INFO - Started process (PID=9052) to work on /opt/airflow/dags/dag_shipment_sim.py
[2026-06-27T16:00:07.663+0000] {processor.py:830} INFO - Processing file /opt/airflow/dags/dag_shipment_sim.py for tasks to queue
[2026-06-27T16:00:07.663+0000] {logging_mixin.py:188} INFO - [2026-06-27T16:00:07.663+0000] {dagbag.py:545} INFO - Filling up the DagBag from /opt/airflow/dags/dag_shipment_sim.py
[2026-06-27T16:00:07.668+0000] {processor.py:840} INFO - DAG(s) 'logistics_shipment_simulator' retrieved from /opt/airflow/dags/dag_shipment_sim.py
[2026-06-27T16:00:07.677+0000] {logging_mixin.py:188} INFO - [2026-06-27T16:00:07.677+0000] {dag.py:3096} INFO - Sync 1 DAGs
[2026-06-27T16:00:07.685+0000] {logging_mixin.py:188} INFO - [2026-06-27T16:00:07.685+0000] {dag.py:3954} INFO - Setting next_dagrun for logistics_shipment_simulator to 2026-06-27 16:00:00+00:00, run_after=2026-06-27 16:02:00+00:00
[2026-06-27T16:00:07.692+0000] {processor.py:183} INFO - Processing /opt/airflow/dags/dag_shipment_sim.py took 0.032 seconds
[2026-06-27T17:09:28.061+0000] {processor.py:161} INFO - Started process (PID=9069) to work on /opt/airflow/dags/dag_shipment_sim.py
[2026-06-27T17:09:28.062+0000] {processor.py:830} INFO - Processing file /opt/airflow/dags/dag_shipment_sim.py for tasks to queue
[2026-06-27T17:09:28.063+0000] {logging_mixin.py:188} INFO - [2026-06-27T17:09:28.063+0000] {dagbag.py:545} INFO - Filling up the DagBag from /opt/airflow/dags/dag_shipment_sim.py
[2026-06-27T17:09:28.070+0000] {processor.py:840} INFO - DAG(s) 'logistics_shipment_simulator' retrieved from /opt/airflow/dags/dag_shipment_sim.py
[2026-06-27T17:09:28.086+0000] {logging_mixin.py:188} INFO - [2026-06-27T17:09:28.086+0000] {dag.py:3096} INFO - Sync 1 DAGs
[2026-06-27T17:09:28.097+0000] {logging_mixin.py:188} INFO - [2026-06-27T17:09:28.097+0000] {dag.py:3954} INFO - Setting next_dagrun for logistics_shipment_simulator to 2026-06-27 17:08:00+00:00, run_after=2026-06-27 17:10:00+00:00
[2026-06-27T17:09:28.123+0000] {processor.py:183} INFO - Processing /opt/airflow/dags/dag_shipment_sim.py took 0.066 seconds
[2026-06-27T17:48:37.691+0000] {processor.py:161} INFO - Started process (PID=9086) to work on /opt/airflow/dags/dag_shipment_sim.py
[2026-06-27T17:48:37.692+0000] {processor.py:830} INFO - Processing file /opt/airflow/dags/dag_shipment_sim.py for tasks to queue
[2026-06-27T17:48:37.693+0000] {logging_mixin.py:188} INFO - [2026-06-27T17:48:37.693+0000] {dagbag.py:545} INFO - Filling up the DagBag from /opt/airflow/dags/dag_shipment_sim.py
[2026-06-27T17:48:37.697+0000] {processor.py:840} INFO - DAG(s) 'logistics_shipment_simulator' retrieved from /opt/airflow/dags/dag_shipment_sim.py
[2026-06-27T17:48:37.708+0000] {logging_mixin.py:188} INFO - [2026-06-27T17:48:37.708+0000] {dag.py:3096} INFO - Sync 1 DAGs
[2026-06-27T17:48:37.715+0000] {logging_mixin.py:188} INFO - [2026-06-27T17:48:37.715+0000] {dag.py:3954} INFO - Setting next_dagrun for logistics_shipment_simulator to 2026-06-27 17:46:00+00:00, run_after=2026-06-27 17:48:00+00:00
[2026-06-27T17:48:37.721+0000] {processor.py:183} INFO - Processing /opt/airflow/dags/dag_shipment_sim.py took 0.044 seconds
[2026-06-27T18:32:49.275+0000] {processor.py:161} INFO - Started process (PID=9103) to work on /opt/airflow/dags/dag_shipment_sim.py
[2026-06-27T18:32:49.276+0000] {processor.py:830} INFO - Processing file /opt/airflow/dags/dag_shipment_sim.py for tasks to queue
[2026-06-27T18:32:49.277+0000] {logging_mixin.py:188} INFO - [2026-06-27T18:32:49.277+0000] {dagbag.py:545} INFO - Filling up the DagBag from /opt/airflow/dags/dag_shipment_sim.py
[2026-06-27T18:32:49.282+0000] {processor.py:840} INFO - DAG(s) 'logistics_shipment_simulator' retrieved from /opt/airflow/dags/dag_shipment_sim.py
[2026-06-27T18:32:49.296+0000] {logging_mixin.py:188} INFO - [2026-06-27T18:32:49.296+0000] {dag.py:3096} INFO - Sync 1 DAGs
[2026-06-27T18:32:49.306+0000] {logging_mixin.py:188} INFO - [2026-06-27T18:32:49.306+0000] {dag.py:3954} INFO - Setting next_dagrun for logistics_shipment_simulator to 2026-06-27 18:30:00+00:00, run_after=2026-06-27 18:32:00+00:00
[2026-06-27T18:32:49.312+0000] {processor.py:183} INFO - Processing /opt/airflow/dags/dag_shipment_sim.py took 0.042 seconds
[2026-06-27T18:42:32.778+0000] {processor.py:161} INFO - Started process (PID=9122) to work on /opt/airflow/dags/dag_shipment_sim.py
[2026-06-27T18:42:32.778+0000] {processor.py:830} INFO - Processing file /opt/airflow/dags/dag_shipment_sim.py for tasks to queue
[2026-06-27T18:42:32.779+0000] {logging_mixin.py:188} INFO - [2026-06-27T18:42:32.779+0000] {dagbag.py:545} INFO - Filling up the DagBag from /opt/airflow/dags/dag_shipment_sim.py
[2026-06-27T18:42:32.785+0000] {processor.py:840} INFO - DAG(s) 'logistics_shipment_simulator' retrieved from /opt/airflow/dags/dag_shipment_sim.py
[2026-06-27T18:42:32.797+0000] {logging_mixin.py:188} INFO - [2026-06-27T18:42:32.797+0000] {dag.py:3096} INFO - Sync 1 DAGs
[2026-06-27T18:42:32.809+0000] {logging_mixin.py:188} INFO - [2026-06-27T18:42:32.809+0000] {dag.py:3954} INFO - Setting next_dagrun for logistics_shipment_simulator to 2026-06-27 18:42:00+00:00, run_after=2026-06-27 18:44:00+00:00
[2026-06-27T18:42:32.820+0000] {processor.py:183} INFO - Processing /opt/airflow/dags/dag_shipment_sim.py took 0.045 seconds
[2026-06-27T19:37:12.580+0000] {processor.py:161} INFO - Started process (PID=9139) to work on /opt/airflow/dags/dag_shipment_sim.py
[2026-06-27T19:37:12.581+0000] {processor.py:830} INFO - Processing file /opt/airflow/dags/dag_shipment_sim.py for tasks to queue
[2026-06-27T19:37:12.583+0000] {logging_mixin.py:188} INFO - [2026-06-27T19:37:12.582+0000] {dagbag.py:545} INFO - Filling up the DagBag from /opt/airflow/dags/dag_shipment_sim.py
[2026-06-27T19:37:12.589+0000] {processor.py:840} INFO - DAG(s) 'logistics_shipment_simulator' retrieved from /opt/airflow/dags/dag_shipment_sim.py
[2026-06-27T19:37:12.603+0000] {logging_mixin.py:188} INFO - [2026-06-27T19:37:12.603+0000] {dag.py:3096} INFO - Sync 1 DAGs
[2026-06-27T19:37:12.619+0000] {logging_mixin.py:188} INFO - [2026-06-27T19:37:12.619+0000] {dag.py:3954} INFO - Setting next_dagrun for logistics_shipment_simulator to 2026-06-27 19:34:00+00:00, run_after=2026-06-27 19:36:00+00:00
[2026-06-27T19:37:12.626+0000] {processor.py:183} INFO - Processing /opt/airflow/dags/dag_shipment_sim.py took 0.052 seconds
[2026-06-27T20:21:36.830+0000] {processor.py:161} INFO - Started process (PID=9158) to work on /opt/airflow/dags/dag_shipment_sim.py
[2026-06-27T20:21:36.831+0000] {processor.py:830} INFO - Processing file /opt/airflow/dags/dag_shipment_sim.py for tasks to queue
[2026-06-27T20:21:36.832+0000] {logging_mixin.py:188} INFO - [2026-06-27T20:21:36.832+0000] {dagbag.py:545} INFO - Filling up the DagBag from /opt/airflow/dags/dag_shipment_sim.py
[2026-06-27T20:21:36.837+0000] {processor.py:840} INFO - DAG(s) 'logistics_shipment_simulator' retrieved from /opt/airflow/dags/dag_shipment_sim.py
[2026-06-27T20:21:36.848+0000] {logging_mixin.py:188} INFO - [2026-06-27T20:21:36.848+0000] {dag.py:3096} INFO - Sync 1 DAGs
[2026-06-27T20:21:36.862+0000] {logging_mixin.py:188} INFO - [2026-06-27T20:21:36.862+0000] {dag.py:3954} INFO - Setting next_dagrun for logistics_shipment_simulator to 2026-06-27 20:20:00+00:00, run_after=2026-06-27 20:22:00+00:00
[2026-06-27T20:21:36.872+0000] {processor.py:183} INFO - Processing /opt/airflow/dags/dag_shipment_sim.py took 0.044 seconds
[2026-06-27T21:25:36.192+0000] {processor.py:161} INFO - Started process (PID=9177) to work on /opt/airflow/dags/dag_shipment_sim.py
[2026-06-27T21:25:36.193+0000] {processor.py:830} INFO - Processing file /opt/airflow/dags/dag_shipment_sim.py for tasks to queue
[2026-06-27T21:25:36.193+0000] {logging_mixin.py:188} INFO - [2026-06-27T21:25:36.193+0000] {dagbag.py:545} INFO - Filling up the DagBag from /opt/airflow/dags/dag_shipment_sim.py
[2026-06-27T21:25:36.197+0000] {processor.py:840} INFO - DAG(s) 'logistics_shipment_simulator' retrieved from /opt/airflow/dags/dag_shipment_sim.py
[2026-06-27T21:25:36.207+0000] {logging_mixin.py:188} INFO - [2026-06-27T21:25:36.207+0000] {dag.py:3096} INFO - Sync 1 DAGs
[2026-06-27T21:25:36.214+0000] {logging_mixin.py:188} INFO - [2026-06-27T21:25:36.214+0000] {dag.py:3954} INFO - Setting next_dagrun for logistics_shipment_simulator to 2026-06-27 21:22:00+00:00, run_after=2026-06-27 21:24:00+00:00
[2026-06-27T21:25:36.221+0000] {processor.py:183} INFO - Processing /opt/airflow/dags/dag_shipment_sim.py took 0.032 seconds
[2026-06-27T22:37:23.813+0000] {processor.py:161} INFO - Started process (PID=9196) to work on /opt/airflow/dags/dag_shipment_sim.py
[2026-06-27T22:37:23.813+0000] {processor.py:830} INFO - Processing file /opt/airflow/dags/dag_shipment_sim.py for tasks to queue
[2026-06-27T22:37:23.814+0000] {logging_mixin.py:188} INFO - [2026-06-27T22:37:23.814+0000] {dagbag.py:545} INFO - Filling up the DagBag from /opt/airflow/dags/dag_shipment_sim.py
[2026-06-27T22:37:23.819+0000] {processor.py:840} INFO - DAG(s) 'logistics_shipment_simulator' retrieved from /opt/airflow/dags/dag_shipment_sim.py
[2026-06-27T22:37:23.829+0000] {logging_mixin.py:188} INFO - [2026-06-27T22:37:23.829+0000] {dag.py:3096} INFO - Sync 1 DAGs
[2026-06-27T22:37:23.837+0000] {logging_mixin.py:188} INFO - [2026-06-27T22:37:23.837+0000] {dag.py:3954} INFO - Setting next_dagrun for logistics_shipment_simulator to 2026-06-27 22:34:00+00:00, run_after=2026-06-27 22:36:00+00:00
[2026-06-27T22:37:23.843+0000] {processor.py:183} INFO - Processing /opt/airflow/dags/dag_shipment_sim.py took 0.033 seconds
[2026-06-27T23:56:43.917+0000] {processor.py:161} INFO - Started process (PID=9213) to work on /opt/airflow/dags/dag_shipment_sim.py
[2026-06-27T23:56:43.918+0000] {processor.py:830} INFO - Processing file /opt/airflow/dags/dag_shipment_sim.py for tasks to queue
[2026-06-27T23:56:43.918+0000] {logging_mixin.py:188} INFO - [2026-06-27T23:56:43.918+0000] {dagbag.py:545} INFO - Filling up the DagBag from /opt/airflow/dags/dag_shipment_sim.py
[2026-06-27T23:56:43.924+0000] {processor.py:840} INFO - DAG(s) 'logistics_shipment_simulator' retrieved from /opt/airflow/dags/dag_shipment_sim.py
[2026-06-27T23:56:43.936+0000] {logging_mixin.py:188} INFO - [2026-06-27T23:56:43.936+0000] {dag.py:3096} INFO - Sync 1 DAGs
[2026-06-27T23:56:43.949+0000] {logging_mixin.py:188} INFO - [2026-06-27T23:56:43.949+0000] {dag.py:3954} INFO - Setting next_dagrun for logistics_shipment_simulator to 2026-06-27 23:56:00+00:00, run_after=2026-06-27 23:58:00+00:00
[2026-06-27T23:56:43.962+0000] {processor.py:183} INFO - Processing /opt/airflow/dags/dag_shipment_sim.py took 0.050 seconds
