[2026-06-27T00:34:51.731+0000] {processor.py:161} INFO - Started process (PID=8461) to work on /opt/airflow/dags/dag_gold_dbt.py
[2026-06-27T00:34:51.731+0000] {processor.py:830} INFO - Processing file /opt/airflow/dags/dag_gold_dbt.py for tasks to queue
[2026-06-27T00:34:51.736+0000] {logging_mixin.py:188} INFO - [2026-06-27T00:34:51.736+0000] {dagbag.py:545} INFO - Filling up the DagBag from /opt/airflow/dags/dag_gold_dbt.py
[2026-06-27T00:34:51.750+0000] {processor.py:840} INFO - DAG(s) 'dbt_gold_transformation' retrieved from /opt/airflow/dags/dag_gold_dbt.py
[2026-06-27T00:34:51.792+0000] {logging_mixin.py:188} INFO - [2026-06-27T00:34:51.791+0000] {dag.py:3096} INFO - Sync 1 DAGs
[2026-06-27T00:34:51.808+0000] {logging_mixin.py:188} INFO - [2026-06-27T00:34:51.808+0000] {dag.py:3954} INFO - Setting next_dagrun for dbt_gold_transformation to 2026-06-27 00:00:00+00:00, run_after=2026-06-28 00:00:00+00:00
[2026-06-27T00:34:51.828+0000] {processor.py:183} INFO - Processing /opt/airflow/dags/dag_gold_dbt.py took 0.101 seconds
[2026-06-27T01:53:40.494+0000] {processor.py:161} INFO - Started process (PID=8509) to work on /opt/airflow/dags/dag_gold_dbt.py
[2026-06-27T01:53:40.497+0000] {processor.py:830} INFO - Processing file /opt/airflow/dags/dag_gold_dbt.py for tasks to queue
[2026-06-27T01:53:40.500+0000] {logging_mixin.py:188} INFO - [2026-06-27T01:53:40.499+0000] {dagbag.py:545} INFO - Filling up the DagBag from /opt/airflow/dags/dag_gold_dbt.py
[2026-06-27T01:53:40.515+0000] {processor.py:840} INFO - DAG(s) 'dbt_gold_transformation' retrieved from /opt/airflow/dags/dag_gold_dbt.py
[2026-06-27T01:53:40.767+0000] {logging_mixin.py:188} INFO - [2026-06-27T01:53:40.766+0000] {dag.py:3096} INFO - Sync 1 DAGs
[2026-06-27T01:53:40.849+0000] {logging_mixin.py:188} INFO - [2026-06-27T01:53:40.849+0000] {dag.py:3954} INFO - Setting next_dagrun for dbt_gold_transformation to 2026-06-27 00:00:00+00:00, run_after=2026-06-28 00:00:00+00:00
[2026-06-27T01:53:40.876+0000] {processor.py:183} INFO - Processing /opt/airflow/dags/dag_gold_dbt.py took 0.387 seconds
[2026-06-27T03:04:35.197+0000] {processor.py:161} INFO - Started process (PID=8568) to work on /opt/airflow/dags/dag_gold_dbt.py
[2026-06-27T03:04:35.198+0000] {processor.py:830} INFO - Processing file /opt/airflow/dags/dag_gold_dbt.py for tasks to queue
[2026-06-27T03:04:35.201+0000] {logging_mixin.py:188} INFO - [2026-06-27T03:04:35.201+0000] {dagbag.py:545} INFO - Filling up the DagBag from /opt/airflow/dags/dag_gold_dbt.py
[2026-06-27T03:04:35.217+0000] {processor.py:840} INFO - DAG(s) 'dbt_gold_transformation' retrieved from /opt/airflow/dags/dag_gold_dbt.py
[2026-06-27T03:04:35.248+0000] {logging_mixin.py:188} INFO - [2026-06-27T03:04:35.248+0000] {dag.py:3096} INFO - Sync 1 DAGs
[2026-06-27T03:04:35.267+0000] {logging_mixin.py:188} INFO - [2026-06-27T03:04:35.267+0000] {dag.py:3954} INFO - Setting next_dagrun for dbt_gold_transformation to 2026-06-27 00:00:00+00:00, run_after=2026-06-28 00:00:00+00:00
[2026-06-27T03:04:35.283+0000] {processor.py:183} INFO - Processing /opt/airflow/dags/dag_gold_dbt.py took 0.091 seconds
[2026-06-27T04:20:47.581+0000] {processor.py:161} INFO - Started process (PID=8581) to work on /opt/airflow/dags/dag_gold_dbt.py
[2026-06-27T04:20:47.583+0000] {processor.py:830} INFO - Processing file /opt/airflow/dags/dag_gold_dbt.py for tasks to queue
[2026-06-27T04:20:47.586+0000] {logging_mixin.py:188} INFO - [2026-06-27T04:20:47.585+0000] {dagbag.py:545} INFO - Filling up the DagBag from /opt/airflow/dags/dag_gold_dbt.py
[2026-06-27T04:20:47.610+0000] {processor.py:840} INFO - DAG(s) 'dbt_gold_transformation' retrieved from /opt/airflow/dags/dag_gold_dbt.py
[2026-06-27T04:20:47.636+0000] {logging_mixin.py:188} INFO - [2026-06-27T04:20:47.636+0000] {dag.py:3096} INFO - Sync 1 DAGs
[2026-06-27T04:20:47.653+0000] {logging_mixin.py:188} INFO - [2026-06-27T04:20:47.653+0000] {dag.py:3954} INFO - Setting next_dagrun for dbt_gold_transformation to 2026-06-27 00:00:00+00:00, run_after=2026-06-28 00:00:00+00:00
[2026-06-27T04:20:47.661+0000] {processor.py:183} INFO - Processing /opt/airflow/dags/dag_gold_dbt.py took 0.090 seconds
[2026-06-27T05:00:31.620+0000] {processor.py:161} INFO - Started process (PID=8605) to work on /opt/airflow/dags/dag_gold_dbt.py
[2026-06-27T05:00:31.621+0000] {processor.py:830} INFO - Processing file /opt/airflow/dags/dag_gold_dbt.py for tasks to queue
[2026-06-27T05:00:31.622+0000] {logging_mixin.py:188} INFO - [2026-06-27T05:00:31.622+0000] {dagbag.py:545} INFO - Filling up the DagBag from /opt/airflow/dags/dag_gold_dbt.py
[2026-06-27T05:00:31.630+0000] {processor.py:840} INFO - DAG(s) 'dbt_gold_transformation' retrieved from /opt/airflow/dags/dag_gold_dbt.py
[2026-06-27T05:00:31.647+0000] {logging_mixin.py:188} INFO - [2026-06-27T05:00:31.647+0000] {dag.py:3096} INFO - Sync 1 DAGs
[2026-06-27T05:00:31.662+0000] {logging_mixin.py:188} INFO - [2026-06-27T05:00:31.662+0000] {dag.py:3954} INFO - Setting next_dagrun for dbt_gold_transformation to 2026-06-27 00:00:00+00:00, run_after=2026-06-28 00:00:00+00:00
[2026-06-27T05:00:31.672+0000] {processor.py:183} INFO - Processing /opt/airflow/dags/dag_gold_dbt.py took 0.056 seconds
[2026-06-27T05:02:40.757+0000] {processor.py:161} INFO - Started process (PID=8619) to work on /opt/airflow/dags/dag_gold_dbt.py
[2026-06-27T05:02:40.800+0000] {processor.py:830} INFO - Processing file /opt/airflow/dags/dag_gold_dbt.py for tasks to queue
[2026-06-27T05:02:40.811+0000] {logging_mixin.py:188} INFO - [2026-06-27T05:02:40.810+0000] {dagbag.py:545} INFO - Filling up the DagBag from /opt/airflow/dags/dag_gold_dbt.py
[2026-06-27T05:02:40.848+0000] {processor.py:840} INFO - DAG(s) 'dbt_gold_transformation' retrieved from /opt/airflow/dags/dag_gold_dbt.py
[2026-06-27T05:02:40.886+0000] {logging_mixin.py:188} INFO - [2026-06-27T05:02:40.886+0000] {dag.py:3096} INFO - Sync 1 DAGs
[2026-06-27T05:02:40.903+0000] {logging_mixin.py:188} INFO - [2026-06-27T05:02:40.903+0000] {dag.py:3954} INFO - Setting next_dagrun for dbt_gold_transformation to 2026-06-27 00:00:00+00:00, run_after=2026-06-28 00:00:00+00:00
[2026-06-27T05:02:40.915+0000] {processor.py:183} INFO - Processing /opt/airflow/dags/dag_gold_dbt.py took 0.175 seconds
[2026-06-27T05:19:51.652+0000] {processor.py:161} INFO - Started process (PID=8637) to work on /opt/airflow/dags/dag_gold_dbt.py
[2026-06-27T05:19:51.653+0000] {processor.py:830} INFO - Processing file /opt/airflow/dags/dag_gold_dbt.py for tasks to queue
[2026-06-27T05:19:51.655+0000] {logging_mixin.py:188} INFO - [2026-06-27T05:19:51.655+0000] {dagbag.py:545} INFO - Filling up the DagBag from /opt/airflow/dags/dag_gold_dbt.py
[2026-06-27T05:19:51.666+0000] {processor.py:840} INFO - DAG(s) 'dbt_gold_transformation' retrieved from /opt/airflow/dags/dag_gold_dbt.py
[2026-06-27T05:19:51.682+0000] {logging_mixin.py:188} INFO - [2026-06-27T05:19:51.682+0000] {dag.py:3096} INFO - Sync 1 DAGs
[2026-06-27T05:19:51.697+0000] {logging_mixin.py:188} INFO - [2026-06-27T05:19:51.697+0000] {dag.py:3954} INFO - Setting next_dagrun for dbt_gold_transformation to 2026-06-27 00:00:00+00:00, run_after=2026-06-28 00:00:00+00:00
[2026-06-27T05:19:51.705+0000] {processor.py:183} INFO - Processing /opt/airflow/dags/dag_gold_dbt.py took 0.060 seconds
[2026-06-27T05:22:01.563+0000] {processor.py:161} INFO - Started process (PID=8661) to work on /opt/airflow/dags/dag_gold_dbt.py
[2026-06-27T05:22:01.566+0000] {processor.py:830} INFO - Processing file /opt/airflow/dags/dag_gold_dbt.py for tasks to queue
[2026-06-27T05:22:01.569+0000] {logging_mixin.py:188} INFO - [2026-06-27T05:22:01.568+0000] {dagbag.py:545} INFO - Filling up the DagBag from /opt/airflow/dags/dag_gold_dbt.py
[2026-06-27T05:22:01.597+0000] {processor.py:840} INFO - DAG(s) 'dbt_gold_transformation' retrieved from /opt/airflow/dags/dag_gold_dbt.py
[2026-06-27T05:22:01.620+0000] {logging_mixin.py:188} INFO - [2026-06-27T05:22:01.620+0000] {dag.py:3096} INFO - Sync 1 DAGs
[2026-06-27T05:22:01.645+0000] {logging_mixin.py:188} INFO - [2026-06-27T05:22:01.644+0000] {dag.py:3954} INFO - Setting next_dagrun for dbt_gold_transformation to 2026-06-27 00:00:00+00:00, run_after=2026-06-28 00:00:00+00:00
[2026-06-27T05:22:01.653+0000] {processor.py:183} INFO - Processing /opt/airflow/dags/dag_gold_dbt.py took 0.102 seconds
[2026-06-27T05:42:55.995+0000] {processor.py:161} INFO - Started process (PID=8677) to work on /opt/airflow/dags/dag_gold_dbt.py
[2026-06-27T05:42:55.997+0000] {processor.py:830} INFO - Processing file /opt/airflow/dags/dag_gold_dbt.py for tasks to queue
[2026-06-27T05:42:55.999+0000] {logging_mixin.py:188} INFO - [2026-06-27T05:42:55.998+0000] {dagbag.py:545} INFO - Filling up the DagBag from /opt/airflow/dags/dag_gold_dbt.py
[2026-06-27T05:42:56.013+0000] {processor.py:840} INFO - DAG(s) 'dbt_gold_transformation' retrieved from /opt/airflow/dags/dag_gold_dbt.py
[2026-06-27T05:42:56.043+0000] {logging_mixin.py:188} INFO - [2026-06-27T05:42:56.043+0000] {dag.py:3096} INFO - Sync 1 DAGs
[2026-06-27T05:42:56.062+0000] {logging_mixin.py:188} INFO - [2026-06-27T05:42:56.062+0000] {dag.py:3954} INFO - Setting next_dagrun for dbt_gold_transformation to 2026-06-27 00:00:00+00:00, run_after=2026-06-28 00:00:00+00:00
[2026-06-27T05:42:56.081+0000] {processor.py:183} INFO - Processing /opt/airflow/dags/dag_gold_dbt.py took 0.097 seconds
[2026-06-27T06:07:35.201+0000] {processor.py:161} INFO - Started process (PID=8694) to work on /opt/airflow/dags/dag_gold_dbt.py
[2026-06-27T06:07:35.202+0000] {processor.py:830} INFO - Processing file /opt/airflow/dags/dag_gold_dbt.py for tasks to queue
[2026-06-27T06:07:35.204+0000] {logging_mixin.py:188} INFO - [2026-06-27T06:07:35.204+0000] {dagbag.py:545} INFO - Filling up the DagBag from /opt/airflow/dags/dag_gold_dbt.py
[2026-06-27T06:07:35.217+0000] {processor.py:840} INFO - DAG(s) 'dbt_gold_transformation' retrieved from /opt/airflow/dags/dag_gold_dbt.py
[2026-06-27T06:07:35.245+0000] {logging_mixin.py:188} INFO - [2026-06-27T06:07:35.244+0000] {dag.py:3096} INFO - Sync 1 DAGs
[2026-06-27T06:07:35.260+0000] {logging_mixin.py:188} INFO - [2026-06-27T06:07:35.260+0000] {dag.py:3954} INFO - Setting next_dagrun for dbt_gold_transformation to 2026-06-27 00:00:00+00:00, run_after=2026-06-28 00:00:00+00:00
[2026-06-27T06:07:35.269+0000] {processor.py:183} INFO - Processing /opt/airflow/dags/dag_gold_dbt.py took 0.073 seconds
[2026-06-27T06:21:14.875+0000] {processor.py:161} INFO - Started process (PID=8718) to work on /opt/airflow/dags/dag_gold_dbt.py
[2026-06-27T06:21:14.876+0000] {processor.py:830} INFO - Processing file /opt/airflow/dags/dag_gold_dbt.py for tasks to queue
[2026-06-27T06:21:14.878+0000] {logging_mixin.py:188} INFO - [2026-06-27T06:21:14.877+0000] {dagbag.py:545} INFO - Filling up the DagBag from /opt/airflow/dags/dag_gold_dbt.py
[2026-06-27T06:21:14.888+0000] {processor.py:840} INFO - DAG(s) 'dbt_gold_transformation' retrieved from /opt/airflow/dags/dag_gold_dbt.py
[2026-06-27T06:21:14.931+0000] {logging_mixin.py:188} INFO - [2026-06-27T06:21:14.931+0000] {dag.py:3096} INFO - Sync 1 DAGs
[2026-06-27T06:21:15.050+0000] {logging_mixin.py:188} INFO - [2026-06-27T06:21:15.049+0000] {dag.py:3954} INFO - Setting next_dagrun for dbt_gold_transformation to 2026-06-27 00:00:00+00:00, run_after=2026-06-28 00:00:00+00:00
[2026-06-27T06:21:15.092+0000] {processor.py:183} INFO - Processing /opt/airflow/dags/dag_gold_dbt.py took 0.221 seconds
[2026-06-27T06:24:52.143+0000] {processor.py:161} INFO - Started process (PID=8732) to work on /opt/airflow/dags/dag_gold_dbt.py
[2026-06-27T06:24:52.145+0000] {processor.py:830} INFO - Processing file /opt/airflow/dags/dag_gold_dbt.py for tasks to queue
[2026-06-27T06:24:52.147+0000] {logging_mixin.py:188} INFO - [2026-06-27T06:24:52.147+0000] {dagbag.py:545} INFO - Filling up the DagBag from /opt/airflow/dags/dag_gold_dbt.py
[2026-06-27T06:24:52.169+0000] {processor.py:840} INFO - DAG(s) 'dbt_gold_transformation' retrieved from /opt/airflow/dags/dag_gold_dbt.py
[2026-06-27T06:24:52.340+0000] {logging_mixin.py:188} INFO - [2026-06-27T06:24:52.339+0000] {dag.py:3096} INFO - Sync 1 DAGs
[2026-06-27T06:24:52.422+0000] {logging_mixin.py:188} INFO - [2026-06-27T06:24:52.422+0000] {dag.py:3954} INFO - Setting next_dagrun for dbt_gold_transformation to 2026-06-27 00:00:00+00:00, run_after=2026-06-28 00:00:00+00:00
[2026-06-27T06:24:52.483+0000] {processor.py:183} INFO - Processing /opt/airflow/dags/dag_gold_dbt.py took 0.345 seconds
[2026-06-27T07:43:37.884+0000] {processor.py:161} INFO - Started process (PID=8755) to work on /opt/airflow/dags/dag_gold_dbt.py
[2026-06-27T07:43:37.886+0000] {processor.py:830} INFO - Processing file /opt/airflow/dags/dag_gold_dbt.py for tasks to queue
[2026-06-27T07:43:37.887+0000] {logging_mixin.py:188} INFO - [2026-06-27T07:43:37.887+0000] {dagbag.py:545} INFO - Filling up the DagBag from /opt/airflow/dags/dag_gold_dbt.py
[2026-06-27T07:43:37.898+0000] {processor.py:840} INFO - DAG(s) 'dbt_gold_transformation' retrieved from /opt/airflow/dags/dag_gold_dbt.py
[2026-06-27T07:43:37.913+0000] {logging_mixin.py:188} INFO - [2026-06-27T07:43:37.913+0000] {dag.py:3096} INFO - Sync 1 DAGs
[2026-06-27T07:43:37.921+0000] {logging_mixin.py:188} INFO - [2026-06-27T07:43:37.921+0000] {dag.py:3954} INFO - Setting next_dagrun for dbt_gold_transformation to 2026-06-27 00:00:00+00:00, run_after=2026-06-28 00:00:00+00:00
[2026-06-27T07:43:37.928+0000] {processor.py:183} INFO - Processing /opt/airflow/dags/dag_gold_dbt.py took 0.047 seconds
[2026-06-27T09:00:07.431+0000] {processor.py:161} INFO - Started process (PID=8772) to work on /opt/airflow/dags/dag_gold_dbt.py
[2026-06-27T09:00:07.432+0000] {processor.py:830} INFO - Processing file /opt/airflow/dags/dag_gold_dbt.py for tasks to queue
[2026-06-27T09:00:07.434+0000] {logging_mixin.py:188} INFO - [2026-06-27T09:00:07.433+0000] {dagbag.py:545} INFO - Filling up the DagBag from /opt/airflow/dags/dag_gold_dbt.py
[2026-06-27T09:00:07.448+0000] {processor.py:840} INFO - DAG(s) 'dbt_gold_transformation' retrieved from /opt/airflow/dags/dag_gold_dbt.py
[2026-06-27T09:00:07.472+0000] {logging_mixin.py:188} INFO - [2026-06-27T09:00:07.472+0000] {dag.py:3096} INFO - Sync 1 DAGs
[2026-06-27T09:00:07.491+0000] {logging_mixin.py:188} INFO - [2026-06-27T09:00:07.491+0000] {dag.py:3954} INFO - Setting next_dagrun for dbt_gold_transformation to 2026-06-27 00:00:00+00:00, run_after=2026-06-28 00:00:00+00:00
[2026-06-27T09:00:07.508+0000] {processor.py:183} INFO - Processing /opt/airflow/dags/dag_gold_dbt.py took 0.082 seconds
[2026-06-27T09:41:26.504+0000] {processor.py:161} INFO - Started process (PID=8791) to work on /opt/airflow/dags/dag_gold_dbt.py
[2026-06-27T09:41:26.505+0000] {processor.py:830} INFO - Processing file /opt/airflow/dags/dag_gold_dbt.py for tasks to queue
[2026-06-27T09:41:26.510+0000] {logging_mixin.py:188} INFO - [2026-06-27T09:41:26.509+0000] {dagbag.py:545} INFO - Filling up the DagBag from /opt/airflow/dags/dag_gold_dbt.py
[2026-06-27T09:41:26.568+0000] {processor.py:840} INFO - DAG(s) 'dbt_gold_transformation' retrieved from /opt/airflow/dags/dag_gold_dbt.py
[2026-06-27T09:41:26.614+0000] {logging_mixin.py:188} INFO - [2026-06-27T09:41:26.614+0000] {dag.py:3096} INFO - Sync 1 DAGs
[2026-06-27T09:41:26.643+0000] {logging_mixin.py:188} INFO - [2026-06-27T09:41:26.643+0000] {dag.py:3954} INFO - Setting next_dagrun for dbt_gold_transformation to 2026-06-27 00:00:00+00:00, run_after=2026-06-28 00:00:00+00:00
[2026-06-27T09:41:26.661+0000] {processor.py:183} INFO - Processing /opt/airflow/dags/dag_gold_dbt.py took 0.164 seconds
[2026-06-27T10:31:07.510+0000] {processor.py:161} INFO - Started process (PID=8813) to work on /opt/airflow/dags/dag_gold_dbt.py
[2026-06-27T10:31:07.512+0000] {processor.py:830} INFO - Processing file /opt/airflow/dags/dag_gold_dbt.py for tasks to queue
[2026-06-27T10:31:07.514+0000] {logging_mixin.py:188} INFO - [2026-06-27T10:31:07.514+0000] {dagbag.py:545} INFO - Filling up the DagBag from /opt/airflow/dags/dag_gold_dbt.py
[2026-06-27T10:31:07.537+0000] {processor.py:840} INFO - DAG(s) 'dbt_gold_transformation' retrieved from /opt/airflow/dags/dag_gold_dbt.py
[2026-06-27T10:31:07.562+0000] {logging_mixin.py:188} INFO - [2026-06-27T10:31:07.562+0000] {dag.py:3096} INFO - Sync 1 DAGs
[2026-06-27T10:31:07.582+0000] {logging_mixin.py:188} INFO - [2026-06-27T10:31:07.582+0000] {dag.py:3954} INFO - Setting next_dagrun for dbt_gold_transformation to 2026-06-27 00:00:00+00:00, run_after=2026-06-28 00:00:00+00:00
[2026-06-27T10:31:07.592+0000] {processor.py:183} INFO - Processing /opt/airflow/dags/dag_gold_dbt.py took 0.089 seconds
[2026-06-27T11:10:32.036+0000] {processor.py:161} INFO - Started process (PID=8827) to work on /opt/airflow/dags/dag_gold_dbt.py
[2026-06-27T11:10:32.037+0000] {processor.py:830} INFO - Processing file /opt/airflow/dags/dag_gold_dbt.py for tasks to queue
[2026-06-27T11:10:32.039+0000] {logging_mixin.py:188} INFO - [2026-06-27T11:10:32.039+0000] {dagbag.py:545} INFO - Filling up the DagBag from /opt/airflow/dags/dag_gold_dbt.py
[2026-06-27T11:10:32.056+0000] {processor.py:840} INFO - DAG(s) 'dbt_gold_transformation' retrieved from /opt/airflow/dags/dag_gold_dbt.py
[2026-06-27T11:10:32.083+0000] {logging_mixin.py:188} INFO - [2026-06-27T11:10:32.083+0000] {dag.py:3096} INFO - Sync 1 DAGs
[2026-06-27T11:10:32.101+0000] {logging_mixin.py:188} INFO - [2026-06-27T11:10:32.101+0000] {dag.py:3954} INFO - Setting next_dagrun for dbt_gold_transformation to 2026-06-27 00:00:00+00:00, run_after=2026-06-28 00:00:00+00:00
[2026-06-27T11:10:32.116+0000] {processor.py:183} INFO - Processing /opt/airflow/dags/dag_gold_dbt.py took 0.085 seconds
[2026-06-27T11:47:00.350+0000] {processor.py:161} INFO - Started process (PID=8847) to work on /opt/airflow/dags/dag_gold_dbt.py
[2026-06-27T11:47:00.351+0000] {processor.py:830} INFO - Processing file /opt/airflow/dags/dag_gold_dbt.py for tasks to queue
[2026-06-27T11:47:00.352+0000] {logging_mixin.py:188} INFO - [2026-06-27T11:47:00.352+0000] {dagbag.py:545} INFO - Filling up the DagBag from /opt/airflow/dags/dag_gold_dbt.py
[2026-06-27T11:47:00.363+0000] {processor.py:840} INFO - DAG(s) 'dbt_gold_transformation' retrieved from /opt/airflow/dags/dag_gold_dbt.py
[2026-06-27T11:47:00.380+0000] {logging_mixin.py:188} INFO - [2026-06-27T11:47:00.379+0000] {dag.py:3096} INFO - Sync 1 DAGs
[2026-06-27T11:47:00.390+0000] {logging_mixin.py:188} INFO - [2026-06-27T11:47:00.390+0000] {dag.py:3954} INFO - Setting next_dagrun for dbt_gold_transformation to 2026-06-27 00:00:00+00:00, run_after=2026-06-28 00:00:00+00:00
[2026-06-27T11:47:00.401+0000] {processor.py:183} INFO - Processing /opt/airflow/dags/dag_gold_dbt.py took 0.055 seconds
[2026-06-27T12:13:35.922+0000] {processor.py:161} INFO - Started process (PID=8866) to work on /opt/airflow/dags/dag_gold_dbt.py
[2026-06-27T12:13:35.923+0000] {processor.py:830} INFO - Processing file /opt/airflow/dags/dag_gold_dbt.py for tasks to queue
[2026-06-27T12:13:35.930+0000] {logging_mixin.py:188} INFO - [2026-06-27T12:13:35.929+0000] {dagbag.py:545} INFO - Filling up the DagBag from /opt/airflow/dags/dag_gold_dbt.py
[2026-06-27T12:13:35.956+0000] {processor.py:840} INFO - DAG(s) 'dbt_gold_transformation' retrieved from /opt/airflow/dags/dag_gold_dbt.py
[2026-06-27T12:13:35.983+0000] {logging_mixin.py:188} INFO - [2026-06-27T12:13:35.983+0000] {dag.py:3096} INFO - Sync 1 DAGs
[2026-06-27T12:13:36.002+0000] {logging_mixin.py:188} INFO - [2026-06-27T12:13:36.001+0000] {dag.py:3954} INFO - Setting next_dagrun for dbt_gold_transformation to 2026-06-27 00:00:00+00:00, run_after=2026-06-28 00:00:00+00:00
[2026-06-27T12:13:36.014+0000] {processor.py:183} INFO - Processing /opt/airflow/dags/dag_gold_dbt.py took 0.096 seconds
[2026-06-27T12:31:20.524+0000] {processor.py:161} INFO - Started process (PID=8888) to work on /opt/airflow/dags/dag_gold_dbt.py
[2026-06-27T12:31:20.525+0000] {processor.py:830} INFO - Processing file /opt/airflow/dags/dag_gold_dbt.py for tasks to queue
[2026-06-27T12:31:20.528+0000] {logging_mixin.py:188} INFO - [2026-06-27T12:31:20.527+0000] {dagbag.py:545} INFO - Filling up the DagBag from /opt/airflow/dags/dag_gold_dbt.py
[2026-06-27T12:31:20.536+0000] {processor.py:840} INFO - DAG(s) 'dbt_gold_transformation' retrieved from /opt/airflow/dags/dag_gold_dbt.py
[2026-06-27T12:31:20.558+0000] {logging_mixin.py:188} INFO - [2026-06-27T12:31:20.558+0000] {dag.py:3096} INFO - Sync 1 DAGs
[2026-06-27T12:31:20.571+0000] {logging_mixin.py:188} INFO - [2026-06-27T12:31:20.571+0000] {dag.py:3954} INFO - Setting next_dagrun for dbt_gold_transformation to 2026-06-27 00:00:00+00:00, run_after=2026-06-28 00:00:00+00:00
[2026-06-27T12:31:20.581+0000] {processor.py:183} INFO - Processing /opt/airflow/dags/dag_gold_dbt.py took 0.061 seconds
[2026-06-27T12:39:33.805+0000] {processor.py:161} INFO - Started process (PID=8907) to work on /opt/airflow/dags/dag_gold_dbt.py
[2026-06-27T12:39:33.806+0000] {processor.py:830} INFO - Processing file /opt/airflow/dags/dag_gold_dbt.py for tasks to queue
[2026-06-27T12:39:33.808+0000] {logging_mixin.py:188} INFO - [2026-06-27T12:39:33.807+0000] {dagbag.py:545} INFO - Filling up the DagBag from /opt/airflow/dags/dag_gold_dbt.py
[2026-06-27T12:39:33.819+0000] {processor.py:840} INFO - DAG(s) 'dbt_gold_transformation' retrieved from /opt/airflow/dags/dag_gold_dbt.py
[2026-06-27T12:39:33.836+0000] {logging_mixin.py:188} INFO - [2026-06-27T12:39:33.836+0000] {dag.py:3096} INFO - Sync 1 DAGs
[2026-06-27T12:39:33.849+0000] {logging_mixin.py:188} INFO - [2026-06-27T12:39:33.849+0000] {dag.py:3954} INFO - Setting next_dagrun for dbt_gold_transformation to 2026-06-27 00:00:00+00:00, run_after=2026-06-28 00:00:00+00:00
[2026-06-27T12:39:33.859+0000] {processor.py:183} INFO - Processing /opt/airflow/dags/dag_gold_dbt.py took 0.060 seconds
[2026-06-27T12:48:46.705+0000] {processor.py:161} INFO - Started process (PID=8928) to work on /opt/airflow/dags/dag_gold_dbt.py
[2026-06-27T12:48:46.706+0000] {processor.py:830} INFO - Processing file /opt/airflow/dags/dag_gold_dbt.py for tasks to queue
[2026-06-27T12:48:46.708+0000] {logging_mixin.py:188} INFO - [2026-06-27T12:48:46.708+0000] {dagbag.py:545} INFO - Filling up the DagBag from /opt/airflow/dags/dag_gold_dbt.py
[2026-06-27T12:48:46.719+0000] {processor.py:840} INFO - DAG(s) 'dbt_gold_transformation' retrieved from /opt/airflow/dags/dag_gold_dbt.py
[2026-06-27T12:48:46.732+0000] {logging_mixin.py:188} INFO - [2026-06-27T12:48:46.732+0000] {dag.py:3096} INFO - Sync 1 DAGs
[2026-06-27T12:48:46.742+0000] {logging_mixin.py:188} INFO - [2026-06-27T12:48:46.742+0000] {dag.py:3954} INFO - Setting next_dagrun for dbt_gold_transformation to 2026-06-27 00:00:00+00:00, run_after=2026-06-28 00:00:00+00:00
[2026-06-27T12:48:46.752+0000] {processor.py:183} INFO - Processing /opt/airflow/dags/dag_gold_dbt.py took 0.051 seconds
[2026-06-27T13:05:59.556+0000] {processor.py:161} INFO - Started process (PID=8943) to work on /opt/airflow/dags/dag_gold_dbt.py
[2026-06-27T13:05:59.557+0000] {processor.py:830} INFO - Processing file /opt/airflow/dags/dag_gold_dbt.py for tasks to queue
[2026-06-27T13:05:59.559+0000] {logging_mixin.py:188} INFO - [2026-06-27T13:05:59.559+0000] {dagbag.py:545} INFO - Filling up the DagBag from /opt/airflow/dags/dag_gold_dbt.py
[2026-06-27T13:05:59.576+0000] {processor.py:840} INFO - DAG(s) 'dbt_gold_transformation' retrieved from /opt/airflow/dags/dag_gold_dbt.py
[2026-06-27T13:05:59.596+0000] {logging_mixin.py:188} INFO - [2026-06-27T13:05:59.596+0000] {dag.py:3096} INFO - Sync 1 DAGs
[2026-06-27T13:05:59.610+0000] {logging_mixin.py:188} INFO - [2026-06-27T13:05:59.610+0000] {dag.py:3954} INFO - Setting next_dagrun for dbt_gold_transformation to 2026-06-27 00:00:00+00:00, run_after=2026-06-28 00:00:00+00:00
[2026-06-27T13:05:59.627+0000] {processor.py:183} INFO - Processing /opt/airflow/dags/dag_gold_dbt.py took 0.077 seconds
[2026-06-27T13:14:33.469+0000] {processor.py:161} INFO - Started process (PID=8963) to work on /opt/airflow/dags/dag_gold_dbt.py
[2026-06-27T13:14:33.471+0000] {processor.py:830} INFO - Processing file /opt/airflow/dags/dag_gold_dbt.py for tasks to queue
[2026-06-27T13:14:33.473+0000] {logging_mixin.py:188} INFO - [2026-06-27T13:14:33.472+0000] {dagbag.py:545} INFO - Filling up the DagBag from /opt/airflow/dags/dag_gold_dbt.py
[2026-06-27T13:14:33.487+0000] {processor.py:840} INFO - DAG(s) 'dbt_gold_transformation' retrieved from /opt/airflow/dags/dag_gold_dbt.py
[2026-06-27T13:14:33.527+0000] {logging_mixin.py:188} INFO - [2026-06-27T13:14:33.527+0000] {dag.py:3096} INFO - Sync 1 DAGs
[2026-06-27T13:14:33.557+0000] {logging_mixin.py:188} INFO - [2026-06-27T13:14:33.557+0000] {dag.py:3954} INFO - Setting next_dagrun for dbt_gold_transformation to 2026-06-27 00:00:00+00:00, run_after=2026-06-28 00:00:00+00:00
[2026-06-27T13:14:33.571+0000] {processor.py:183} INFO - Processing /opt/airflow/dags/dag_gold_dbt.py took 0.106 seconds
[2026-06-27T14:05:35.460+0000] {processor.py:161} INFO - Started process (PID=8985) to work on /opt/airflow/dags/dag_gold_dbt.py
[2026-06-27T14:05:35.461+0000] {processor.py:830} INFO - Processing file /opt/airflow/dags/dag_gold_dbt.py for tasks to queue
[2026-06-27T14:05:35.463+0000] {logging_mixin.py:188} INFO - [2026-06-27T14:05:35.463+0000] {dagbag.py:545} INFO - Filling up the DagBag from /opt/airflow/dags/dag_gold_dbt.py
[2026-06-27T14:05:35.473+0000] {processor.py:840} INFO - DAG(s) 'dbt_gold_transformation' retrieved from /opt/airflow/dags/dag_gold_dbt.py
[2026-06-27T14:05:35.491+0000] {logging_mixin.py:188} INFO - [2026-06-27T14:05:35.491+0000] {dag.py:3096} INFO - Sync 1 DAGs
[2026-06-27T14:05:35.504+0000] {logging_mixin.py:188} INFO - [2026-06-27T14:05:35.504+0000] {dag.py:3954} INFO - Setting next_dagrun for dbt_gold_transformation to 2026-06-27 00:00:00+00:00, run_after=2026-06-28 00:00:00+00:00
[2026-06-27T14:05:35.512+0000] {processor.py:183} INFO - Processing /opt/airflow/dags/dag_gold_dbt.py took 0.058 seconds
[2026-06-27T14:15:36.743+0000] {processor.py:161} INFO - Started process (PID=9003) to work on /opt/airflow/dags/dag_gold_dbt.py
[2026-06-27T14:15:36.744+0000] {processor.py:830} INFO - Processing file /opt/airflow/dags/dag_gold_dbt.py for tasks to queue
[2026-06-27T14:15:36.748+0000] {logging_mixin.py:188} INFO - [2026-06-27T14:15:36.748+0000] {dagbag.py:545} INFO - Filling up the DagBag from /opt/airflow/dags/dag_gold_dbt.py
[2026-06-27T14:15:36.761+0000] {processor.py:840} INFO - DAG(s) 'dbt_gold_transformation' retrieved from /opt/airflow/dags/dag_gold_dbt.py
[2026-06-27T14:15:36.785+0000] {logging_mixin.py:188} INFO - [2026-06-27T14:15:36.785+0000] {dag.py:3096} INFO - Sync 1 DAGs
[2026-06-27T14:15:36.816+0000] {logging_mixin.py:188} INFO - [2026-06-27T14:15:36.815+0000] {dag.py:3954} INFO - Setting next_dagrun for dbt_gold_transformation to 2026-06-27 00:00:00+00:00, run_after=2026-06-28 00:00:00+00:00
[2026-06-27T14:15:36.832+0000] {processor.py:183} INFO - Processing /opt/airflow/dags/dag_gold_dbt.py took 0.108 seconds
[2026-06-27T15:16:32.830+0000] {processor.py:161} INFO - Started process (PID=9023) to work on /opt/airflow/dags/dag_gold_dbt.py
[2026-06-27T15:16:32.830+0000] {processor.py:830} INFO - Processing file /opt/airflow/dags/dag_gold_dbt.py for tasks to queue
[2026-06-27T15:16:32.831+0000] {logging_mixin.py:188} INFO - [2026-06-27T15:16:32.831+0000] {dagbag.py:545} INFO - Filling up the DagBag from /opt/airflow/dags/dag_gold_dbt.py
[2026-06-27T15:16:32.842+0000] {processor.py:840} INFO - DAG(s) 'dbt_gold_transformation' retrieved from /opt/airflow/dags/dag_gold_dbt.py
[2026-06-27T15:16:32.856+0000] {logging_mixin.py:188} INFO - [2026-06-27T15:16:32.856+0000] {dag.py:3096} INFO - Sync 1 DAGs
[2026-06-27T15:16:32.867+0000] {logging_mixin.py:188} INFO - [2026-06-27T15:16:32.867+0000] {dag.py:3954} INFO - Setting next_dagrun for dbt_gold_transformation to 2026-06-27 00:00:00+00:00, run_after=2026-06-28 00:00:00+00:00
[2026-06-27T15:16:32.877+0000] {processor.py:183} INFO - Processing /opt/airflow/dags/dag_gold_dbt.py took 0.052 seconds
[2026-06-27T16:00:07.600+0000] {processor.py:161} INFO - Started process (PID=9044) to work on /opt/airflow/dags/dag_gold_dbt.py
[2026-06-27T16:00:07.601+0000] {processor.py:830} INFO - Processing file /opt/airflow/dags/dag_gold_dbt.py for tasks to queue
[2026-06-27T16:00:07.603+0000] {logging_mixin.py:188} INFO - [2026-06-27T16:00:07.602+0000] {dagbag.py:545} INFO - Filling up the DagBag from /opt/airflow/dags/dag_gold_dbt.py
[2026-06-27T16:00:07.612+0000] {processor.py:840} INFO - DAG(s) 'dbt_gold_transformation' retrieved from /opt/airflow/dags/dag_gold_dbt.py
[2026-06-27T16:00:07.627+0000] {logging_mixin.py:188} INFO - [2026-06-27T16:00:07.627+0000] {dag.py:3096} INFO - Sync 1 DAGs
[2026-06-27T16:00:07.636+0000] {logging_mixin.py:188} INFO - [2026-06-27T16:00:07.636+0000] {dag.py:3954} INFO - Setting next_dagrun for dbt_gold_transformation to 2026-06-27 00:00:00+00:00, run_after=2026-06-28 00:00:00+00:00
[2026-06-27T16:00:07.649+0000] {processor.py:183} INFO - Processing /opt/airflow/dags/dag_gold_dbt.py took 0.052 seconds
[2026-06-27T17:09:27.914+0000] {processor.py:161} INFO - Started process (PID=9060) to work on /opt/airflow/dags/dag_gold_dbt.py
[2026-06-27T17:09:27.917+0000] {processor.py:830} INFO - Processing file /opt/airflow/dags/dag_gold_dbt.py for tasks to queue
[2026-06-27T17:09:27.921+0000] {logging_mixin.py:188} INFO - [2026-06-27T17:09:27.921+0000] {dagbag.py:545} INFO - Filling up the DagBag from /opt/airflow/dags/dag_gold_dbt.py
[2026-06-27T17:09:27.945+0000] {processor.py:840} INFO - DAG(s) 'dbt_gold_transformation' retrieved from /opt/airflow/dags/dag_gold_dbt.py
[2026-06-27T17:09:27.985+0000] {logging_mixin.py:188} INFO - [2026-06-27T17:09:27.984+0000] {dag.py:3096} INFO - Sync 1 DAGs
[2026-06-27T17:09:28.014+0000] {logging_mixin.py:188} INFO - [2026-06-27T17:09:28.013+0000] {dag.py:3954} INFO - Setting next_dagrun for dbt_gold_transformation to 2026-06-27 00:00:00+00:00, run_after=2026-06-28 00:00:00+00:00
[2026-06-27T17:09:28.033+0000] {processor.py:183} INFO - Processing /opt/airflow/dags/dag_gold_dbt.py took 0.129 seconds
[2026-06-27T17:48:37.574+0000] {processor.py:161} INFO - Started process (PID=9077) to work on /opt/airflow/dags/dag_gold_dbt.py
[2026-06-27T17:48:37.576+0000] {processor.py:830} INFO - Processing file /opt/airflow/dags/dag_gold_dbt.py for tasks to queue
[2026-06-27T17:48:37.577+0000] {logging_mixin.py:188} INFO - [2026-06-27T17:48:37.577+0000] {dagbag.py:545} INFO - Filling up the DagBag from /opt/airflow/dags/dag_gold_dbt.py
[2026-06-27T17:48:37.605+0000] {processor.py:840} INFO - DAG(s) 'dbt_gold_transformation' retrieved from /opt/airflow/dags/dag_gold_dbt.py
[2026-06-27T17:48:37.633+0000] {logging_mixin.py:188} INFO - [2026-06-27T17:48:37.633+0000] {dag.py:3096} INFO - Sync 1 DAGs
[2026-06-27T17:48:37.655+0000] {logging_mixin.py:188} INFO - [2026-06-27T17:48:37.655+0000] {dag.py:3954} INFO - Setting next_dagrun for dbt_gold_transformation to 2026-06-27 00:00:00+00:00, run_after=2026-06-28 00:00:00+00:00
[2026-06-27T17:48:37.667+0000] {processor.py:183} INFO - Processing /opt/airflow/dags/dag_gold_dbt.py took 0.099 seconds
[2026-06-27T18:32:49.102+0000] {processor.py:161} INFO - Started process (PID=9096) to work on /opt/airflow/dags/dag_gold_dbt.py
[2026-06-27T18:32:49.105+0000] {processor.py:830} INFO - Processing file /opt/airflow/dags/dag_gold_dbt.py for tasks to queue
[2026-06-27T18:32:49.111+0000] {logging_mixin.py:188} INFO - [2026-06-27T18:32:49.110+0000] {dagbag.py:545} INFO - Filling up the DagBag from /opt/airflow/dags/dag_gold_dbt.py
[2026-06-27T18:32:49.149+0000] {processor.py:840} INFO - DAG(s) 'dbt_gold_transformation' retrieved from /opt/airflow/dags/dag_gold_dbt.py
[2026-06-27T18:32:49.204+0000] {logging_mixin.py:188} INFO - [2026-06-27T18:32:49.204+0000] {dag.py:3096} INFO - Sync 1 DAGs
[2026-06-27T18:32:49.228+0000] {logging_mixin.py:188} INFO - [2026-06-27T18:32:49.228+0000] {dag.py:3954} INFO - Setting next_dagrun for dbt_gold_transformation to 2026-06-27 00:00:00+00:00, run_after=2026-06-28 00:00:00+00:00
[2026-06-27T18:32:49.245+0000] {processor.py:183} INFO - Processing /opt/airflow/dags/dag_gold_dbt.py took 0.164 seconds
[2026-06-27T18:42:32.621+0000] {processor.py:161} INFO - Started process (PID=9111) to work on /opt/airflow/dags/dag_gold_dbt.py
[2026-06-27T18:42:32.624+0000] {processor.py:830} INFO - Processing file /opt/airflow/dags/dag_gold_dbt.py for tasks to queue
[2026-06-27T18:42:32.630+0000] {logging_mixin.py:188} INFO - [2026-06-27T18:42:32.630+0000] {dagbag.py:545} INFO - Filling up the DagBag from /opt/airflow/dags/dag_gold_dbt.py
[2026-06-27T18:42:32.660+0000] {processor.py:840} INFO - DAG(s) 'dbt_gold_transformation' retrieved from /opt/airflow/dags/dag_gold_dbt.py
[2026-06-27T18:42:32.709+0000] {logging_mixin.py:188} INFO - [2026-06-27T18:42:32.709+0000] {dag.py:3096} INFO - Sync 1 DAGs
[2026-06-27T18:42:32.739+0000] {logging_mixin.py:188} INFO - [2026-06-27T18:42:32.739+0000] {dag.py:3954} INFO - Setting next_dagrun for dbt_gold_transformation to 2026-06-27 00:00:00+00:00, run_after=2026-06-28 00:00:00+00:00
[2026-06-27T18:42:32.761+0000] {processor.py:183} INFO - Processing /opt/airflow/dags/dag_gold_dbt.py took 0.159 seconds
[2026-06-27T19:37:12.418+0000] {processor.py:161} INFO - Started process (PID=9132) to work on /opt/airflow/dags/dag_gold_dbt.py
[2026-06-27T19:37:12.422+0000] {processor.py:830} INFO - Processing file /opt/airflow/dags/dag_gold_dbt.py for tasks to queue
[2026-06-27T19:37:12.430+0000] {logging_mixin.py:188} INFO - [2026-06-27T19:37:12.429+0000] {dagbag.py:545} INFO - Filling up the DagBag from /opt/airflow/dags/dag_gold_dbt.py
[2026-06-27T19:37:12.468+0000] {processor.py:840} INFO - DAG(s) 'dbt_gold_transformation' retrieved from /opt/airflow/dags/dag_gold_dbt.py
[2026-06-27T19:37:12.507+0000] {logging_mixin.py:188} INFO - [2026-06-27T19:37:12.507+0000] {dag.py:3096} INFO - Sync 1 DAGs
[2026-06-27T19:37:12.537+0000] {logging_mixin.py:188} INFO - [2026-06-27T19:37:12.536+0000] {dag.py:3954} INFO - Setting next_dagrun for dbt_gold_transformation to 2026-06-27 00:00:00+00:00, run_after=2026-06-28 00:00:00+00:00
[2026-06-27T19:37:12.556+0000] {processor.py:183} INFO - Processing /opt/airflow/dags/dag_gold_dbt.py took 0.154 seconds
[2026-06-27T20:21:36.700+0000] {processor.py:161} INFO - Started process (PID=9149) to work on /opt/airflow/dags/dag_gold_dbt.py
[2026-06-27T20:21:36.704+0000] {processor.py:830} INFO - Processing file /opt/airflow/dags/dag_gold_dbt.py for tasks to queue
[2026-06-27T20:21:36.705+0000] {logging_mixin.py:188} INFO - [2026-06-27T20:21:36.705+0000] {dagbag.py:545} INFO - Filling up the DagBag from /opt/airflow/dags/dag_gold_dbt.py
[2026-06-27T20:21:36.735+0000] {processor.py:840} INFO - DAG(s) 'dbt_gold_transformation' retrieved from /opt/airflow/dags/dag_gold_dbt.py
[2026-06-27T20:21:36.779+0000] {logging_mixin.py:188} INFO - [2026-06-27T20:21:36.779+0000] {dag.py:3096} INFO - Sync 1 DAGs
[2026-06-27T20:21:36.800+0000] {logging_mixin.py:188} INFO - [2026-06-27T20:21:36.800+0000] {dag.py:3954} INFO - Setting next_dagrun for dbt_gold_transformation to 2026-06-27 00:00:00+00:00, run_after=2026-06-28 00:00:00+00:00
[2026-06-27T20:21:36.814+0000] {processor.py:183} INFO - Processing /opt/airflow/dags/dag_gold_dbt.py took 0.124 seconds
[2026-06-27T21:25:36.133+0000] {processor.py:161} INFO - Started process (PID=9169) to work on /opt/airflow/dags/dag_gold_dbt.py
[2026-06-27T21:25:36.134+0000] {processor.py:830} INFO - Processing file /opt/airflow/dags/dag_gold_dbt.py for tasks to queue
[2026-06-27T21:25:36.136+0000] {logging_mixin.py:188} INFO - [2026-06-27T21:25:36.136+0000] {dagbag.py:545} INFO - Filling up the DagBag from /opt/airflow/dags/dag_gold_dbt.py
[2026-06-27T21:25:36.144+0000] {processor.py:840} INFO - DAG(s) 'dbt_gold_transformation' retrieved from /opt/airflow/dags/dag_gold_dbt.py
[2026-06-27T21:25:36.160+0000] {logging_mixin.py:188} INFO - [2026-06-27T21:25:36.160+0000] {dag.py:3096} INFO - Sync 1 DAGs
[2026-06-27T21:25:36.170+0000] {logging_mixin.py:188} INFO - [2026-06-27T21:25:36.170+0000] {dag.py:3954} INFO - Setting next_dagrun for dbt_gold_transformation to 2026-06-27 00:00:00+00:00, run_after=2026-06-28 00:00:00+00:00
[2026-06-27T21:25:36.179+0000] {processor.py:183} INFO - Processing /opt/airflow/dags/dag_gold_dbt.py took 0.050 seconds
[2026-06-27T22:37:23.729+0000] {processor.py:161} INFO - Started process (PID=9189) to work on /opt/airflow/dags/dag_gold_dbt.py
[2026-06-27T22:37:23.730+0000] {processor.py:830} INFO - Processing file /opt/airflow/dags/dag_gold_dbt.py for tasks to queue
[2026-06-27T22:37:23.732+0000] {logging_mixin.py:188} INFO - [2026-06-27T22:37:23.732+0000] {dagbag.py:545} INFO - Filling up the DagBag from /opt/airflow/dags/dag_gold_dbt.py
[2026-06-27T22:37:23.746+0000] {processor.py:840} INFO - DAG(s) 'dbt_gold_transformation' retrieved from /opt/airflow/dags/dag_gold_dbt.py
[2026-06-27T22:37:23.774+0000] {logging_mixin.py:188} INFO - [2026-06-27T22:37:23.774+0000] {dag.py:3096} INFO - Sync 1 DAGs
[2026-06-27T22:37:23.788+0000] {logging_mixin.py:188} INFO - [2026-06-27T22:37:23.788+0000] {dag.py:3954} INFO - Setting next_dagrun for dbt_gold_transformation to 2026-06-27 00:00:00+00:00, run_after=2026-06-28 00:00:00+00:00
[2026-06-27T22:37:23.799+0000] {processor.py:183} INFO - Processing /opt/airflow/dags/dag_gold_dbt.py took 0.087 seconds
[2026-06-27T23:56:43.810+0000] {processor.py:161} INFO - Started process (PID=9205) to work on /opt/airflow/dags/dag_gold_dbt.py
[2026-06-27T23:56:43.811+0000] {processor.py:830} INFO - Processing file /opt/airflow/dags/dag_gold_dbt.py for tasks to queue
[2026-06-27T23:56:43.814+0000] {logging_mixin.py:188} INFO - [2026-06-27T23:56:43.814+0000] {dagbag.py:545} INFO - Filling up the DagBag from /opt/airflow/dags/dag_gold_dbt.py
[2026-06-27T23:56:43.829+0000] {processor.py:840} INFO - DAG(s) 'dbt_gold_transformation' retrieved from /opt/airflow/dags/dag_gold_dbt.py
[2026-06-27T23:56:43.859+0000] {logging_mixin.py:188} INFO - [2026-06-27T23:56:43.858+0000] {dag.py:3096} INFO - Sync 1 DAGs
[2026-06-27T23:56:43.880+0000] {logging_mixin.py:188} INFO - [2026-06-27T23:56:43.880+0000] {dag.py:3954} INFO - Setting next_dagrun for dbt_gold_transformation to 2026-06-27 00:00:00+00:00, run_after=2026-06-28 00:00:00+00:00
[2026-06-27T23:56:43.896+0000] {processor.py:183} INFO - Processing /opt/airflow/dags/dag_gold_dbt.py took 0.094 seconds
