[2026-06-27T00:34:51.731+0000] {processor.py:161} INFO - Started process (PID=8458) to work on /opt/airflow/dags/dag_weather_api.py
[2026-06-27T00:34:51.733+0000] {processor.py:830} INFO - Processing file /opt/airflow/dags/dag_weather_api.py for tasks to queue
[2026-06-27T00:34:51.734+0000] {logging_mixin.py:188} INFO - [2026-06-27T00:34:51.734+0000] {dagbag.py:545} INFO - Filling up the DagBag from /opt/airflow/dags/dag_weather_api.py
[2026-06-27T00:34:51.752+0000] {processor.py:840} INFO - DAG(s) 'weather_api_ingestion' retrieved from /opt/airflow/dags/dag_weather_api.py
[2026-06-27T00:34:51.776+0000] {logging_mixin.py:188} INFO - [2026-06-27T00:34:51.776+0000] {dag.py:3096} INFO - Sync 1 DAGs
[2026-06-27T00:34:51.798+0000] {logging_mixin.py:188} INFO - [2026-06-27T00:34:51.798+0000] {dag.py:3954} INFO - Setting next_dagrun for weather_api_ingestion to 2026-06-27 00:00:00+00:00, run_after=2026-06-28 00:00:00+00:00
[2026-06-27T00:34:51.820+0000] {processor.py:183} INFO - Processing /opt/airflow/dags/dag_weather_api.py took 0.095 seconds
[2026-06-27T01:53:40.494+0000] {processor.py:161} INFO - Started process (PID=8507) to work on /opt/airflow/dags/dag_weather_api.py
[2026-06-27T01:53:40.497+0000] {processor.py:830} INFO - Processing file /opt/airflow/dags/dag_weather_api.py for tasks to queue
[2026-06-27T01:53:40.500+0000] {logging_mixin.py:188} INFO - [2026-06-27T01:53:40.500+0000] {dagbag.py:545} INFO - Filling up the DagBag from /opt/airflow/dags/dag_weather_api.py
[2026-06-27T01:53:40.514+0000] {processor.py:840} INFO - DAG(s) 'weather_api_ingestion' retrieved from /opt/airflow/dags/dag_weather_api.py
[2026-06-27T01:53:40.767+0000] {logging_mixin.py:188} INFO - [2026-06-27T01:53:40.766+0000] {dag.py:3096} INFO - Sync 1 DAGs
[2026-06-27T01:53:40.839+0000] {logging_mixin.py:188} INFO - [2026-06-27T01:53:40.839+0000] {dag.py:3954} INFO - Setting next_dagrun for weather_api_ingestion to 2026-06-27 00:00:00+00:00, run_after=2026-06-28 00:00:00+00:00
[2026-06-27T01:53:40.866+0000] {processor.py:183} INFO - Processing /opt/airflow/dags/dag_weather_api.py took 0.379 seconds
[2026-06-27T03:04:35.197+0000] {processor.py:161} INFO - Started process (PID=8565) to work on /opt/airflow/dags/dag_weather_api.py
[2026-06-27T03:04:35.198+0000] {processor.py:830} INFO - Processing file /opt/airflow/dags/dag_weather_api.py for tasks to queue
[2026-06-27T03:04:35.201+0000] {logging_mixin.py:188} INFO - [2026-06-27T03:04:35.201+0000] {dagbag.py:545} INFO - Filling up the DagBag from /opt/airflow/dags/dag_weather_api.py
[2026-06-27T03:04:35.217+0000] {processor.py:840} INFO - DAG(s) 'weather_api_ingestion' retrieved from /opt/airflow/dags/dag_weather_api.py
[2026-06-27T03:04:35.248+0000] {logging_mixin.py:188} INFO - [2026-06-27T03:04:35.248+0000] {dag.py:3096} INFO - Sync 1 DAGs
[2026-06-27T03:04:35.267+0000] {logging_mixin.py:188} INFO - [2026-06-27T03:04:35.267+0000] {dag.py:3954} INFO - Setting next_dagrun for weather_api_ingestion to 2026-06-27 00:00:00+00:00, run_after=2026-06-28 00:00:00+00:00
[2026-06-27T03:04:35.284+0000] {processor.py:183} INFO - Processing /opt/airflow/dags/dag_weather_api.py took 0.096 seconds
[2026-06-27T04:20:47.580+0000] {processor.py:161} INFO - Started process (PID=8580) to work on /opt/airflow/dags/dag_weather_api.py
[2026-06-27T04:20:47.582+0000] {processor.py:830} INFO - Processing file /opt/airflow/dags/dag_weather_api.py for tasks to queue
[2026-06-27T04:20:47.586+0000] {logging_mixin.py:188} INFO - [2026-06-27T04:20:47.585+0000] {dagbag.py:545} INFO - Filling up the DagBag from /opt/airflow/dags/dag_weather_api.py
[2026-06-27T04:20:47.610+0000] {processor.py:840} INFO - DAG(s) 'weather_api_ingestion' retrieved from /opt/airflow/dags/dag_weather_api.py
[2026-06-27T04:20:47.636+0000] {logging_mixin.py:188} INFO - [2026-06-27T04:20:47.636+0000] {dag.py:3096} INFO - Sync 1 DAGs
[2026-06-27T04:20:47.653+0000] {logging_mixin.py:188} INFO - [2026-06-27T04:20:47.653+0000] {dag.py:3954} INFO - Setting next_dagrun for weather_api_ingestion to 2026-06-27 00:00:00+00:00, run_after=2026-06-28 00:00:00+00:00
[2026-06-27T04:20:47.661+0000] {processor.py:183} INFO - Processing /opt/airflow/dags/dag_weather_api.py took 0.090 seconds
[2026-06-27T05:00:31.620+0000] {processor.py:161} INFO - Started process (PID=8603) to work on /opt/airflow/dags/dag_weather_api.py
[2026-06-27T05:00:31.621+0000] {processor.py:830} INFO - Processing file /opt/airflow/dags/dag_weather_api.py for tasks to queue
[2026-06-27T05:00:31.622+0000] {logging_mixin.py:188} INFO - [2026-06-27T05:00:31.622+0000] {dagbag.py:545} INFO - Filling up the DagBag from /opt/airflow/dags/dag_weather_api.py
[2026-06-27T05:00:31.630+0000] {processor.py:840} INFO - DAG(s) 'weather_api_ingestion' retrieved from /opt/airflow/dags/dag_weather_api.py
[2026-06-27T05:00:31.647+0000] {logging_mixin.py:188} INFO - [2026-06-27T05:00:31.647+0000] {dag.py:3096} INFO - Sync 1 DAGs
[2026-06-27T05:00:31.666+0000] {logging_mixin.py:188} INFO - [2026-06-27T05:00:31.666+0000] {dag.py:3954} INFO - Setting next_dagrun for weather_api_ingestion to 2026-06-27 00:00:00+00:00, run_after=2026-06-28 00:00:00+00:00
[2026-06-27T05:00:31.674+0000] {processor.py:183} INFO - Processing /opt/airflow/dags/dag_weather_api.py took 0.058 seconds
[2026-06-27T05:02:40.757+0000] {processor.py:161} INFO - Started process (PID=8618) to work on /opt/airflow/dags/dag_weather_api.py
[2026-06-27T05:02:40.801+0000] {processor.py:830} INFO - Processing file /opt/airflow/dags/dag_weather_api.py for tasks to queue
[2026-06-27T05:02:40.811+0000] {logging_mixin.py:188} INFO - [2026-06-27T05:02:40.810+0000] {dagbag.py:545} INFO - Filling up the DagBag from /opt/airflow/dags/dag_weather_api.py
[2026-06-27T05:02:40.848+0000] {processor.py:840} INFO - DAG(s) 'weather_api_ingestion' retrieved from /opt/airflow/dags/dag_weather_api.py
[2026-06-27T05:02:40.886+0000] {logging_mixin.py:188} INFO - [2026-06-27T05:02:40.886+0000] {dag.py:3096} INFO - Sync 1 DAGs
[2026-06-27T05:02:40.903+0000] {logging_mixin.py:188} INFO - [2026-06-27T05:02:40.903+0000] {dag.py:3954} INFO - Setting next_dagrun for weather_api_ingestion to 2026-06-27 00:00:00+00:00, run_after=2026-06-28 00:00:00+00:00
[2026-06-27T05:02:40.915+0000] {processor.py:183} INFO - Processing /opt/airflow/dags/dag_weather_api.py took 0.175 seconds
[2026-06-27T05:19:51.652+0000] {processor.py:161} INFO - Started process (PID=8635) to work on /opt/airflow/dags/dag_weather_api.py
[2026-06-27T05:19:51.653+0000] {processor.py:830} INFO - Processing file /opt/airflow/dags/dag_weather_api.py for tasks to queue
[2026-06-27T05:19:51.655+0000] {logging_mixin.py:188} INFO - [2026-06-27T05:19:51.655+0000] {dagbag.py:545} INFO - Filling up the DagBag from /opt/airflow/dags/dag_weather_api.py
[2026-06-27T05:19:51.666+0000] {processor.py:840} INFO - DAG(s) 'weather_api_ingestion' retrieved from /opt/airflow/dags/dag_weather_api.py
[2026-06-27T05:19:51.683+0000] {logging_mixin.py:188} INFO - [2026-06-27T05:19:51.683+0000] {dag.py:3096} INFO - Sync 1 DAGs
[2026-06-27T05:19:51.698+0000] {logging_mixin.py:188} INFO - [2026-06-27T05:19:51.698+0000] {dag.py:3954} INFO - Setting next_dagrun for weather_api_ingestion to 2026-06-27 00:00:00+00:00, run_after=2026-06-28 00:00:00+00:00
[2026-06-27T05:19:51.706+0000] {processor.py:183} INFO - Processing /opt/airflow/dags/dag_weather_api.py took 0.061 seconds
[2026-06-27T05:22:01.563+0000] {processor.py:161} INFO - Started process (PID=8658) to work on /opt/airflow/dags/dag_weather_api.py
[2026-06-27T05:22:01.566+0000] {processor.py:830} INFO - Processing file /opt/airflow/dags/dag_weather_api.py for tasks to queue
[2026-06-27T05:22:01.569+0000] {logging_mixin.py:188} INFO - [2026-06-27T05:22:01.568+0000] {dagbag.py:545} INFO - Filling up the DagBag from /opt/airflow/dags/dag_weather_api.py
[2026-06-27T05:22:01.597+0000] {processor.py:840} INFO - DAG(s) 'weather_api_ingestion' retrieved from /opt/airflow/dags/dag_weather_api.py
[2026-06-27T05:22:01.620+0000] {logging_mixin.py:188} INFO - [2026-06-27T05:22:01.620+0000] {dag.py:3096} INFO - Sync 1 DAGs
[2026-06-27T05:22:01.645+0000] {logging_mixin.py:188} INFO - [2026-06-27T05:22:01.645+0000] {dag.py:3954} INFO - Setting next_dagrun for weather_api_ingestion to 2026-06-27 00:00:00+00:00, run_after=2026-06-28 00:00:00+00:00
[2026-06-27T05:22:01.653+0000] {processor.py:183} INFO - Processing /opt/airflow/dags/dag_weather_api.py took 0.104 seconds
[2026-06-27T05:42:55.995+0000] {processor.py:161} INFO - Started process (PID=8675) to work on /opt/airflow/dags/dag_weather_api.py
[2026-06-27T05:42:55.997+0000] {processor.py:830} INFO - Processing file /opt/airflow/dags/dag_weather_api.py for tasks to queue
[2026-06-27T05:42:55.999+0000] {logging_mixin.py:188} INFO - [2026-06-27T05:42:55.998+0000] {dagbag.py:545} INFO - Filling up the DagBag from /opt/airflow/dags/dag_weather_api.py
[2026-06-27T05:42:56.013+0000] {processor.py:840} INFO - DAG(s) 'weather_api_ingestion' retrieved from /opt/airflow/dags/dag_weather_api.py
[2026-06-27T05:42:56.045+0000] {logging_mixin.py:188} INFO - [2026-06-27T05:42:56.044+0000] {dag.py:3096} INFO - Sync 1 DAGs
[2026-06-27T05:42:56.062+0000] {logging_mixin.py:188} INFO - [2026-06-27T05:42:56.062+0000] {dag.py:3954} INFO - Setting next_dagrun for weather_api_ingestion to 2026-06-27 00:00:00+00:00, run_after=2026-06-28 00:00:00+00:00
[2026-06-27T05:42:56.081+0000] {processor.py:183} INFO - Processing /opt/airflow/dags/dag_weather_api.py took 0.097 seconds
[2026-06-27T06:07:35.201+0000] {processor.py:161} INFO - Started process (PID=8692) to work on /opt/airflow/dags/dag_weather_api.py
[2026-06-27T06:07:35.202+0000] {processor.py:830} INFO - Processing file /opt/airflow/dags/dag_weather_api.py for tasks to queue
[2026-06-27T06:07:35.204+0000] {logging_mixin.py:188} INFO - [2026-06-27T06:07:35.204+0000] {dagbag.py:545} INFO - Filling up the DagBag from /opt/airflow/dags/dag_weather_api.py
[2026-06-27T06:07:35.217+0000] {processor.py:840} INFO - DAG(s) 'weather_api_ingestion' retrieved from /opt/airflow/dags/dag_weather_api.py
[2026-06-27T06:07:35.245+0000] {logging_mixin.py:188} INFO - [2026-06-27T06:07:35.244+0000] {dag.py:3096} INFO - Sync 1 DAGs
[2026-06-27T06:07:35.260+0000] {logging_mixin.py:188} INFO - [2026-06-27T06:07:35.260+0000] {dag.py:3954} INFO - Setting next_dagrun for weather_api_ingestion to 2026-06-27 00:00:00+00:00, run_after=2026-06-28 00:00:00+00:00
[2026-06-27T06:07:35.269+0000] {processor.py:183} INFO - Processing /opt/airflow/dags/dag_weather_api.py took 0.073 seconds
[2026-06-27T06:21:14.872+0000] {processor.py:161} INFO - Started process (PID=8715) to work on /opt/airflow/dags/dag_weather_api.py
[2026-06-27T06:21:14.872+0000] {processor.py:830} INFO - Processing file /opt/airflow/dags/dag_weather_api.py for tasks to queue
[2026-06-27T06:21:14.874+0000] {logging_mixin.py:188} INFO - [2026-06-27T06:21:14.873+0000] {dagbag.py:545} INFO - Filling up the DagBag from /opt/airflow/dags/dag_weather_api.py
[2026-06-27T06:21:14.885+0000] {processor.py:840} INFO - DAG(s) 'weather_api_ingestion' retrieved from /opt/airflow/dags/dag_weather_api.py
[2026-06-27T06:21:14.959+0000] {logging_mixin.py:188} INFO - [2026-06-27T06:21:14.959+0000] {dag.py:3096} INFO - Sync 1 DAGs
[2026-06-27T06:21:15.094+0000] {logging_mixin.py:188} INFO - [2026-06-27T06:21:15.094+0000] {dag.py:3954} INFO - Setting next_dagrun for weather_api_ingestion to 2026-06-27 00:00:00+00:00, run_after=2026-06-28 00:00:00+00:00
[2026-06-27T06:21:15.107+0000] {processor.py:183} INFO - Processing /opt/airflow/dags/dag_weather_api.py took 0.241 seconds
[2026-06-27T06:24:52.143+0000] {processor.py:161} INFO - Started process (PID=8730) to work on /opt/airflow/dags/dag_weather_api.py
[2026-06-27T06:24:52.145+0000] {processor.py:830} INFO - Processing file /opt/airflow/dags/dag_weather_api.py for tasks to queue
[2026-06-27T06:24:52.147+0000] {logging_mixin.py:188} INFO - [2026-06-27T06:24:52.147+0000] {dagbag.py:545} INFO - Filling up the DagBag from /opt/airflow/dags/dag_weather_api.py
[2026-06-27T06:24:52.169+0000] {processor.py:840} INFO - DAG(s) 'weather_api_ingestion' retrieved from /opt/airflow/dags/dag_weather_api.py
[2026-06-27T06:24:52.194+0000] {logging_mixin.py:188} INFO - [2026-06-27T06:24:52.193+0000] {dag.py:3096} INFO - Sync 1 DAGs
[2026-06-27T06:24:52.217+0000] {logging_mixin.py:188} INFO - [2026-06-27T06:24:52.217+0000] {dag.py:3954} INFO - Setting next_dagrun for weather_api_ingestion to 2026-06-27 00:00:00+00:00, run_after=2026-06-28 00:00:00+00:00
[2026-06-27T06:24:52.273+0000] {processor.py:183} INFO - Processing /opt/airflow/dags/dag_weather_api.py took 0.135 seconds
[2026-06-27T07:43:37.884+0000] {processor.py:161} INFO - Started process (PID=8753) to work on /opt/airflow/dags/dag_weather_api.py
[2026-06-27T07:43:37.886+0000] {processor.py:830} INFO - Processing file /opt/airflow/dags/dag_weather_api.py for tasks to queue
[2026-06-27T07:43:37.887+0000] {logging_mixin.py:188} INFO - [2026-06-27T07:43:37.887+0000] {dagbag.py:545} INFO - Filling up the DagBag from /opt/airflow/dags/dag_weather_api.py
[2026-06-27T07:43:37.898+0000] {processor.py:840} INFO - DAG(s) 'weather_api_ingestion' retrieved from /opt/airflow/dags/dag_weather_api.py
[2026-06-27T07:43:37.913+0000] {logging_mixin.py:188} INFO - [2026-06-27T07:43:37.913+0000] {dag.py:3096} INFO - Sync 1 DAGs
[2026-06-27T07:43:37.921+0000] {logging_mixin.py:188} INFO - [2026-06-27T07:43:37.921+0000] {dag.py:3954} INFO - Setting next_dagrun for weather_api_ingestion to 2026-06-27 00:00:00+00:00, run_after=2026-06-28 00:00:00+00:00
[2026-06-27T07:43:37.928+0000] {processor.py:183} INFO - Processing /opt/airflow/dags/dag_weather_api.py took 0.047 seconds
[2026-06-27T09:00:07.431+0000] {processor.py:161} INFO - Started process (PID=8770) to work on /opt/airflow/dags/dag_weather_api.py
[2026-06-27T09:00:07.432+0000] {processor.py:830} INFO - Processing file /opt/airflow/dags/dag_weather_api.py for tasks to queue
[2026-06-27T09:00:07.434+0000] {logging_mixin.py:188} INFO - [2026-06-27T09:00:07.433+0000] {dagbag.py:545} INFO - Filling up the DagBag from /opt/airflow/dags/dag_weather_api.py
[2026-06-27T09:00:07.448+0000] {processor.py:840} INFO - DAG(s) 'weather_api_ingestion' retrieved from /opt/airflow/dags/dag_weather_api.py
[2026-06-27T09:00:07.470+0000] {logging_mixin.py:188} INFO - [2026-06-27T09:00:07.470+0000] {dag.py:3096} INFO - Sync 1 DAGs
[2026-06-27T09:00:07.489+0000] {logging_mixin.py:188} INFO - [2026-06-27T09:00:07.489+0000] {dag.py:3954} INFO - Setting next_dagrun for weather_api_ingestion to 2026-06-27 00:00:00+00:00, run_after=2026-06-28 00:00:00+00:00
[2026-06-27T09:00:07.508+0000] {processor.py:183} INFO - Processing /opt/airflow/dags/dag_weather_api.py took 0.083 seconds
[2026-06-27T09:41:26.504+0000] {processor.py:161} INFO - Started process (PID=8789) to work on /opt/airflow/dags/dag_weather_api.py
[2026-06-27T09:41:26.506+0000] {processor.py:830} INFO - Processing file /opt/airflow/dags/dag_weather_api.py for tasks to queue
[2026-06-27T09:41:26.510+0000] {logging_mixin.py:188} INFO - [2026-06-27T09:41:26.509+0000] {dagbag.py:545} INFO - Filling up the DagBag from /opt/airflow/dags/dag_weather_api.py
[2026-06-27T09:41:26.563+0000] {processor.py:840} INFO - DAG(s) 'weather_api_ingestion' retrieved from /opt/airflow/dags/dag_weather_api.py
[2026-06-27T09:41:26.615+0000] {logging_mixin.py:188} INFO - [2026-06-27T09:41:26.615+0000] {dag.py:3096} INFO - Sync 1 DAGs
[2026-06-27T09:41:26.645+0000] {logging_mixin.py:188} INFO - [2026-06-27T09:41:26.645+0000] {dag.py:3954} INFO - Setting next_dagrun for weather_api_ingestion to 2026-06-27 00:00:00+00:00, run_after=2026-06-28 00:00:00+00:00
[2026-06-27T09:41:26.662+0000] {processor.py:183} INFO - Processing /opt/airflow/dags/dag_weather_api.py took 0.168 seconds
[2026-06-27T10:31:07.506+0000] {processor.py:161} INFO - Started process (PID=8810) to work on /opt/airflow/dags/dag_weather_api.py
[2026-06-27T10:31:07.507+0000] {processor.py:830} INFO - Processing file /opt/airflow/dags/dag_weather_api.py for tasks to queue
[2026-06-27T10:31:07.509+0000] {logging_mixin.py:188} INFO - [2026-06-27T10:31:07.509+0000] {dagbag.py:545} INFO - Filling up the DagBag from /opt/airflow/dags/dag_weather_api.py
[2026-06-27T10:31:07.526+0000] {processor.py:840} INFO - DAG(s) 'weather_api_ingestion' retrieved from /opt/airflow/dags/dag_weather_api.py
[2026-06-27T10:31:07.551+0000] {logging_mixin.py:188} INFO - [2026-06-27T10:31:07.551+0000] {dag.py:3096} INFO - Sync 1 DAGs
[2026-06-27T10:31:07.572+0000] {logging_mixin.py:188} INFO - [2026-06-27T10:31:07.572+0000] {dag.py:3954} INFO - Setting next_dagrun for weather_api_ingestion to 2026-06-27 00:00:00+00:00, run_after=2026-06-28 00:00:00+00:00
[2026-06-27T10:31:07.582+0000] {processor.py:183} INFO - Processing /opt/airflow/dags/dag_weather_api.py took 0.088 seconds
[2026-06-27T11:10:32.036+0000] {processor.py:161} INFO - Started process (PID=8825) to work on /opt/airflow/dags/dag_weather_api.py
[2026-06-27T11:10:32.037+0000] {processor.py:830} INFO - Processing file /opt/airflow/dags/dag_weather_api.py for tasks to queue
[2026-06-27T11:10:32.039+0000] {logging_mixin.py:188} INFO - [2026-06-27T11:10:32.039+0000] {dagbag.py:545} INFO - Filling up the DagBag from /opt/airflow/dags/dag_weather_api.py
[2026-06-27T11:10:32.057+0000] {processor.py:840} INFO - DAG(s) 'weather_api_ingestion' retrieved from /opt/airflow/dags/dag_weather_api.py
[2026-06-27T11:10:32.082+0000] {logging_mixin.py:188} INFO - [2026-06-27T11:10:32.082+0000] {dag.py:3096} INFO - Sync 1 DAGs
[2026-06-27T11:10:32.100+0000] {logging_mixin.py:188} INFO - [2026-06-27T11:10:32.100+0000] {dag.py:3954} INFO - Setting next_dagrun for weather_api_ingestion to 2026-06-27 00:00:00+00:00, run_after=2026-06-28 00:00:00+00:00
[2026-06-27T11:10:32.115+0000] {processor.py:183} INFO - Processing /opt/airflow/dags/dag_weather_api.py took 0.085 seconds
[2026-06-27T11:47:00.350+0000] {processor.py:161} INFO - Started process (PID=8846) to work on /opt/airflow/dags/dag_weather_api.py
[2026-06-27T11:47:00.351+0000] {processor.py:830} INFO - Processing file /opt/airflow/dags/dag_weather_api.py for tasks to queue
[2026-06-27T11:47:00.352+0000] {logging_mixin.py:188} INFO - [2026-06-27T11:47:00.352+0000] {dagbag.py:545} INFO - Filling up the DagBag from /opt/airflow/dags/dag_weather_api.py
[2026-06-27T11:47:00.363+0000] {processor.py:840} INFO - DAG(s) 'weather_api_ingestion' retrieved from /opt/airflow/dags/dag_weather_api.py
[2026-06-27T11:47:00.380+0000] {logging_mixin.py:188} INFO - [2026-06-27T11:47:00.380+0000] {dag.py:3096} INFO - Sync 1 DAGs
[2026-06-27T11:47:00.391+0000] {logging_mixin.py:188} INFO - [2026-06-27T11:47:00.391+0000] {dag.py:3954} INFO - Setting next_dagrun for weather_api_ingestion to 2026-06-27 00:00:00+00:00, run_after=2026-06-28 00:00:00+00:00
[2026-06-27T11:47:00.401+0000] {processor.py:183} INFO - Processing /opt/airflow/dags/dag_weather_api.py took 0.055 seconds
[2026-06-27T12:13:35.916+0000] {processor.py:161} INFO - Started process (PID=8863) to work on /opt/airflow/dags/dag_weather_api.py
[2026-06-27T12:13:35.918+0000] {processor.py:830} INFO - Processing file /opt/airflow/dags/dag_weather_api.py for tasks to queue
[2026-06-27T12:13:35.920+0000] {logging_mixin.py:188} INFO - [2026-06-27T12:13:35.920+0000] {dagbag.py:545} INFO - Filling up the DagBag from /opt/airflow/dags/dag_weather_api.py
[2026-06-27T12:13:35.937+0000] {processor.py:840} INFO - DAG(s) 'weather_api_ingestion' retrieved from /opt/airflow/dags/dag_weather_api.py
[2026-06-27T12:13:35.971+0000] {logging_mixin.py:188} INFO - [2026-06-27T12:13:35.971+0000] {dag.py:3096} INFO - Sync 1 DAGs
[2026-06-27T12:13:35.995+0000] {logging_mixin.py:188} INFO - [2026-06-27T12:13:35.995+0000] {dag.py:3954} INFO - Setting next_dagrun for weather_api_ingestion to 2026-06-27 00:00:00+00:00, run_after=2026-06-28 00:00:00+00:00
[2026-06-27T12:13:36.008+0000] {processor.py:183} INFO - Processing /opt/airflow/dags/dag_weather_api.py took 0.097 seconds
[2026-06-27T12:31:20.524+0000] {processor.py:161} INFO - Started process (PID=8886) to work on /opt/airflow/dags/dag_weather_api.py
[2026-06-27T12:31:20.526+0000] {processor.py:830} INFO - Processing file /opt/airflow/dags/dag_weather_api.py for tasks to queue
[2026-06-27T12:31:20.527+0000] {logging_mixin.py:188} INFO - [2026-06-27T12:31:20.527+0000] {dagbag.py:545} INFO - Filling up the DagBag from /opt/airflow/dags/dag_weather_api.py
[2026-06-27T12:31:20.536+0000] {processor.py:840} INFO - DAG(s) 'weather_api_ingestion' retrieved from /opt/airflow/dags/dag_weather_api.py
[2026-06-27T12:31:20.560+0000] {logging_mixin.py:188} INFO - [2026-06-27T12:31:20.560+0000] {dag.py:3096} INFO - Sync 1 DAGs
[2026-06-27T12:31:20.573+0000] {logging_mixin.py:188} INFO - [2026-06-27T12:31:20.573+0000] {dag.py:3954} INFO - Setting next_dagrun for weather_api_ingestion to 2026-06-27 00:00:00+00:00, run_after=2026-06-28 00:00:00+00:00
[2026-06-27T12:31:20.583+0000] {processor.py:183} INFO - Processing /opt/airflow/dags/dag_weather_api.py took 0.063 seconds
[2026-06-27T12:39:33.805+0000] {processor.py:161} INFO - Started process (PID=8905) to work on /opt/airflow/dags/dag_weather_api.py
[2026-06-27T12:39:33.806+0000] {processor.py:830} INFO - Processing file /opt/airflow/dags/dag_weather_api.py for tasks to queue
[2026-06-27T12:39:33.808+0000] {logging_mixin.py:188} INFO - [2026-06-27T12:39:33.807+0000] {dagbag.py:545} INFO - Filling up the DagBag from /opt/airflow/dags/dag_weather_api.py
[2026-06-27T12:39:33.819+0000] {processor.py:840} INFO - DAG(s) 'weather_api_ingestion' retrieved from /opt/airflow/dags/dag_weather_api.py
[2026-06-27T12:39:33.836+0000] {logging_mixin.py:188} INFO - [2026-06-27T12:39:33.836+0000] {dag.py:3096} INFO - Sync 1 DAGs
[2026-06-27T12:39:33.849+0000] {logging_mixin.py:188} INFO - [2026-06-27T12:39:33.849+0000] {dag.py:3954} INFO - Setting next_dagrun for weather_api_ingestion to 2026-06-27 00:00:00+00:00, run_after=2026-06-28 00:00:00+00:00
[2026-06-27T12:39:33.860+0000] {processor.py:183} INFO - Processing /opt/airflow/dags/dag_weather_api.py took 0.062 seconds
[2026-06-27T12:48:46.706+0000] {processor.py:161} INFO - Started process (PID=8926) to work on /opt/airflow/dags/dag_weather_api.py
[2026-06-27T12:48:46.707+0000] {processor.py:830} INFO - Processing file /opt/airflow/dags/dag_weather_api.py for tasks to queue
[2026-06-27T12:48:46.708+0000] {logging_mixin.py:188} INFO - [2026-06-27T12:48:46.708+0000] {dagbag.py:545} INFO - Filling up the DagBag from /opt/airflow/dags/dag_weather_api.py
[2026-06-27T12:48:46.721+0000] {processor.py:840} INFO - DAG(s) 'weather_api_ingestion' retrieved from /opt/airflow/dags/dag_weather_api.py
[2026-06-27T12:48:46.734+0000] {logging_mixin.py:188} INFO - [2026-06-27T12:48:46.733+0000] {dag.py:3096} INFO - Sync 1 DAGs
[2026-06-27T12:48:46.743+0000] {logging_mixin.py:188} INFO - [2026-06-27T12:48:46.743+0000] {dag.py:3954} INFO - Setting next_dagrun for weather_api_ingestion to 2026-06-27 00:00:00+00:00, run_after=2026-06-28 00:00:00+00:00
[2026-06-27T12:48:46.752+0000] {processor.py:183} INFO - Processing /opt/airflow/dags/dag_weather_api.py took 0.051 seconds
[2026-06-27T13:05:59.556+0000] {processor.py:161} INFO - Started process (PID=8941) to work on /opt/airflow/dags/dag_weather_api.py
[2026-06-27T13:05:59.559+0000] {processor.py:830} INFO - Processing file /opt/airflow/dags/dag_weather_api.py for tasks to queue
[2026-06-27T13:05:59.561+0000] {logging_mixin.py:188} INFO - [2026-06-27T13:05:59.561+0000] {dagbag.py:545} INFO - Filling up the DagBag from /opt/airflow/dags/dag_weather_api.py
[2026-06-27T13:05:59.576+0000] {processor.py:840} INFO - DAG(s) 'weather_api_ingestion' retrieved from /opt/airflow/dags/dag_weather_api.py
[2026-06-27T13:05:59.596+0000] {logging_mixin.py:188} INFO - [2026-06-27T13:05:59.596+0000] {dag.py:3096} INFO - Sync 1 DAGs
[2026-06-27T13:05:59.609+0000] {logging_mixin.py:188} INFO - [2026-06-27T13:05:59.609+0000] {dag.py:3954} INFO - Setting next_dagrun for weather_api_ingestion to 2026-06-27 00:00:00+00:00, run_after=2026-06-28 00:00:00+00:00
[2026-06-27T13:05:59.628+0000] {processor.py:183} INFO - Processing /opt/airflow/dags/dag_weather_api.py took 0.077 seconds
[2026-06-27T13:14:33.469+0000] {processor.py:161} INFO - Started process (PID=8960) to work on /opt/airflow/dags/dag_weather_api.py
[2026-06-27T13:14:33.471+0000] {processor.py:830} INFO - Processing file /opt/airflow/dags/dag_weather_api.py for tasks to queue
[2026-06-27T13:14:33.473+0000] {logging_mixin.py:188} INFO - [2026-06-27T13:14:33.472+0000] {dagbag.py:545} INFO - Filling up the DagBag from /opt/airflow/dags/dag_weather_api.py
[2026-06-27T13:14:33.487+0000] {processor.py:840} INFO - DAG(s) 'weather_api_ingestion' retrieved from /opt/airflow/dags/dag_weather_api.py
[2026-06-27T13:14:33.527+0000] {logging_mixin.py:188} INFO - [2026-06-27T13:14:33.526+0000] {dag.py:3096} INFO - Sync 1 DAGs
[2026-06-27T13:14:33.558+0000] {logging_mixin.py:188} INFO - [2026-06-27T13:14:33.558+0000] {dag.py:3954} INFO - Setting next_dagrun for weather_api_ingestion to 2026-06-27 00:00:00+00:00, run_after=2026-06-28 00:00:00+00:00
[2026-06-27T13:14:33.571+0000] {processor.py:183} INFO - Processing /opt/airflow/dags/dag_weather_api.py took 0.108 seconds
[2026-06-27T14:05:35.460+0000] {processor.py:161} INFO - Started process (PID=8983) to work on /opt/airflow/dags/dag_weather_api.py
[2026-06-27T14:05:35.461+0000] {processor.py:830} INFO - Processing file /opt/airflow/dags/dag_weather_api.py for tasks to queue
[2026-06-27T14:05:35.463+0000] {logging_mixin.py:188} INFO - [2026-06-27T14:05:35.463+0000] {dagbag.py:545} INFO - Filling up the DagBag from /opt/airflow/dags/dag_weather_api.py
[2026-06-27T14:05:35.476+0000] {processor.py:840} INFO - DAG(s) 'weather_api_ingestion' retrieved from /opt/airflow/dags/dag_weather_api.py
[2026-06-27T14:05:35.493+0000] {logging_mixin.py:188} INFO - [2026-06-27T14:05:35.493+0000] {dag.py:3096} INFO - Sync 1 DAGs
[2026-06-27T14:05:35.505+0000] {logging_mixin.py:188} INFO - [2026-06-27T14:05:35.505+0000] {dag.py:3954} INFO - Setting next_dagrun for weather_api_ingestion to 2026-06-27 00:00:00+00:00, run_after=2026-06-28 00:00:00+00:00
[2026-06-27T14:05:35.512+0000] {processor.py:183} INFO - Processing /opt/airflow/dags/dag_weather_api.py took 0.059 seconds
[2026-06-27T14:15:36.748+0000] {processor.py:161} INFO - Started process (PID=9000) to work on /opt/airflow/dags/dag_weather_api.py
[2026-06-27T14:15:36.749+0000] {processor.py:830} INFO - Processing file /opt/airflow/dags/dag_weather_api.py for tasks to queue
[2026-06-27T14:15:36.751+0000] {logging_mixin.py:188} INFO - [2026-06-27T14:15:36.751+0000] {dagbag.py:545} INFO - Filling up the DagBag from /opt/airflow/dags/dag_weather_api.py
[2026-06-27T14:15:36.761+0000] {processor.py:840} INFO - DAG(s) 'weather_api_ingestion' retrieved from /opt/airflow/dags/dag_weather_api.py
[2026-06-27T14:15:36.784+0000] {logging_mixin.py:188} INFO - [2026-06-27T14:15:36.784+0000] {dag.py:3096} INFO - Sync 1 DAGs
[2026-06-27T14:15:36.816+0000] {logging_mixin.py:188} INFO - [2026-06-27T14:15:36.816+0000] {dag.py:3954} INFO - Setting next_dagrun for weather_api_ingestion to 2026-06-27 00:00:00+00:00, run_after=2026-06-28 00:00:00+00:00
[2026-06-27T14:15:36.832+0000] {processor.py:183} INFO - Processing /opt/airflow/dags/dag_weather_api.py took 0.110 seconds
[2026-06-27T15:16:32.829+0000] {processor.py:161} INFO - Started process (PID=9021) to work on /opt/airflow/dags/dag_weather_api.py
[2026-06-27T15:16:32.830+0000] {processor.py:830} INFO - Processing file /opt/airflow/dags/dag_weather_api.py for tasks to queue
[2026-06-27T15:16:32.831+0000] {logging_mixin.py:188} INFO - [2026-06-27T15:16:32.831+0000] {dagbag.py:545} INFO - Filling up the DagBag from /opt/airflow/dags/dag_weather_api.py
[2026-06-27T15:16:32.840+0000] {processor.py:840} INFO - DAG(s) 'weather_api_ingestion' retrieved from /opt/airflow/dags/dag_weather_api.py
[2026-06-27T15:16:32.856+0000] {logging_mixin.py:188} INFO - [2026-06-27T15:16:32.856+0000] {dag.py:3096} INFO - Sync 1 DAGs
[2026-06-27T15:16:32.868+0000] {logging_mixin.py:188} INFO - [2026-06-27T15:16:32.868+0000] {dag.py:3954} INFO - Setting next_dagrun for weather_api_ingestion to 2026-06-27 00:00:00+00:00, run_after=2026-06-28 00:00:00+00:00
[2026-06-27T15:16:32.877+0000] {processor.py:183} INFO - Processing /opt/airflow/dags/dag_weather_api.py took 0.053 seconds
[2026-06-27T16:00:07.600+0000] {processor.py:161} INFO - Started process (PID=9042) to work on /opt/airflow/dags/dag_weather_api.py
[2026-06-27T16:00:07.601+0000] {processor.py:830} INFO - Processing file /opt/airflow/dags/dag_weather_api.py for tasks to queue
[2026-06-27T16:00:07.603+0000] {logging_mixin.py:188} INFO - [2026-06-27T16:00:07.603+0000] {dagbag.py:545} INFO - Filling up the DagBag from /opt/airflow/dags/dag_weather_api.py
[2026-06-27T16:00:07.612+0000] {processor.py:840} INFO - DAG(s) 'weather_api_ingestion' retrieved from /opt/airflow/dags/dag_weather_api.py
[2026-06-27T16:00:07.627+0000] {logging_mixin.py:188} INFO - [2026-06-27T16:00:07.627+0000] {dag.py:3096} INFO - Sync 1 DAGs
[2026-06-27T16:00:07.643+0000] {logging_mixin.py:188} INFO - [2026-06-27T16:00:07.643+0000] {dag.py:3954} INFO - Setting next_dagrun for weather_api_ingestion to 2026-06-27 00:00:00+00:00, run_after=2026-06-28 00:00:00+00:00
[2026-06-27T16:00:07.653+0000] {processor.py:183} INFO - Processing /opt/airflow/dags/dag_weather_api.py took 0.056 seconds
[2026-06-27T17:09:27.909+0000] {processor.py:161} INFO - Started process (PID=9057) to work on /opt/airflow/dags/dag_weather_api.py
[2026-06-27T17:09:27.911+0000] {processor.py:830} INFO - Processing file /opt/airflow/dags/dag_weather_api.py for tasks to queue
[2026-06-27T17:09:27.914+0000] {logging_mixin.py:188} INFO - [2026-06-27T17:09:27.914+0000] {dagbag.py:545} INFO - Filling up the DagBag from /opt/airflow/dags/dag_weather_api.py
[2026-06-27T17:09:27.940+0000] {processor.py:840} INFO - DAG(s) 'weather_api_ingestion' retrieved from /opt/airflow/dags/dag_weather_api.py
[2026-06-27T17:09:27.989+0000] {logging_mixin.py:188} INFO - [2026-06-27T17:09:27.989+0000] {dag.py:3096} INFO - Sync 1 DAGs
[2026-06-27T17:09:28.009+0000] {logging_mixin.py:188} INFO - [2026-06-27T17:09:28.009+0000] {dag.py:3954} INFO - Setting next_dagrun for weather_api_ingestion to 2026-06-27 00:00:00+00:00, run_after=2026-06-28 00:00:00+00:00
[2026-06-27T17:09:28.037+0000] {processor.py:183} INFO - Processing /opt/airflow/dags/dag_weather_api.py took 0.135 seconds
[2026-06-27T17:48:37.574+0000] {processor.py:161} INFO - Started process (PID=9076) to work on /opt/airflow/dags/dag_weather_api.py
[2026-06-27T17:48:37.576+0000] {processor.py:830} INFO - Processing file /opt/airflow/dags/dag_weather_api.py for tasks to queue
[2026-06-27T17:48:37.577+0000] {logging_mixin.py:188} INFO - [2026-06-27T17:48:37.577+0000] {dagbag.py:545} INFO - Filling up the DagBag from /opt/airflow/dags/dag_weather_api.py
[2026-06-27T17:48:37.607+0000] {processor.py:840} INFO - DAG(s) 'weather_api_ingestion' retrieved from /opt/airflow/dags/dag_weather_api.py
[2026-06-27T17:48:37.633+0000] {logging_mixin.py:188} INFO - [2026-06-27T17:48:37.633+0000] {dag.py:3096} INFO - Sync 1 DAGs
[2026-06-27T17:48:37.655+0000] {logging_mixin.py:188} INFO - [2026-06-27T17:48:37.655+0000] {dag.py:3954} INFO - Setting next_dagrun for weather_api_ingestion to 2026-06-27 00:00:00+00:00, run_after=2026-06-28 00:00:00+00:00
[2026-06-27T17:48:37.667+0000] {processor.py:183} INFO - Processing /opt/airflow/dags/dag_weather_api.py took 0.098 seconds
[2026-06-27T18:32:49.102+0000] {processor.py:161} INFO - Started process (PID=9093) to work on /opt/airflow/dags/dag_weather_api.py
[2026-06-27T18:32:49.105+0000] {processor.py:830} INFO - Processing file /opt/airflow/dags/dag_weather_api.py for tasks to queue
[2026-06-27T18:32:49.112+0000] {logging_mixin.py:188} INFO - [2026-06-27T18:32:49.112+0000] {dagbag.py:545} INFO - Filling up the DagBag from /opt/airflow/dags/dag_weather_api.py
[2026-06-27T18:32:49.149+0000] {processor.py:840} INFO - DAG(s) 'weather_api_ingestion' retrieved from /opt/airflow/dags/dag_weather_api.py
[2026-06-27T18:32:49.203+0000] {logging_mixin.py:188} INFO - [2026-06-27T18:32:49.203+0000] {dag.py:3096} INFO - Sync 1 DAGs
[2026-06-27T18:32:49.228+0000] {logging_mixin.py:188} INFO - [2026-06-27T18:32:49.228+0000] {dag.py:3954} INFO - Setting next_dagrun for weather_api_ingestion to 2026-06-27 00:00:00+00:00, run_after=2026-06-28 00:00:00+00:00
[2026-06-27T18:32:49.245+0000] {processor.py:183} INFO - Processing /opt/airflow/dags/dag_weather_api.py took 0.165 seconds
[2026-06-27T18:42:32.621+0000] {processor.py:161} INFO - Started process (PID=9110) to work on /opt/airflow/dags/dag_weather_api.py
[2026-06-27T18:42:32.624+0000] {processor.py:830} INFO - Processing file /opt/airflow/dags/dag_weather_api.py for tasks to queue
[2026-06-27T18:42:32.629+0000] {logging_mixin.py:188} INFO - [2026-06-27T18:42:32.629+0000] {dagbag.py:545} INFO - Filling up the DagBag from /opt/airflow/dags/dag_weather_api.py
[2026-06-27T18:42:32.660+0000] {processor.py:840} INFO - DAG(s) 'weather_api_ingestion' retrieved from /opt/airflow/dags/dag_weather_api.py
[2026-06-27T18:42:32.709+0000] {logging_mixin.py:188} INFO - [2026-06-27T18:42:32.709+0000] {dag.py:3096} INFO - Sync 1 DAGs
[2026-06-27T18:42:32.740+0000] {logging_mixin.py:188} INFO - [2026-06-27T18:42:32.740+0000] {dag.py:3954} INFO - Setting next_dagrun for weather_api_ingestion to 2026-06-27 00:00:00+00:00, run_after=2026-06-28 00:00:00+00:00
[2026-06-27T18:42:32.760+0000] {processor.py:183} INFO - Processing /opt/airflow/dags/dag_weather_api.py took 0.159 seconds
[2026-06-27T19:37:12.418+0000] {processor.py:161} INFO - Started process (PID=9129) to work on /opt/airflow/dags/dag_weather_api.py
[2026-06-27T19:37:12.420+0000] {processor.py:830} INFO - Processing file /opt/airflow/dags/dag_weather_api.py for tasks to queue
[2026-06-27T19:37:12.429+0000] {logging_mixin.py:188} INFO - [2026-06-27T19:37:12.428+0000] {dagbag.py:545} INFO - Filling up the DagBag from /opt/airflow/dags/dag_weather_api.py
[2026-06-27T19:37:12.468+0000] {processor.py:840} INFO - DAG(s) 'weather_api_ingestion' retrieved from /opt/airflow/dags/dag_weather_api.py
[2026-06-27T19:37:12.508+0000] {logging_mixin.py:188} INFO - [2026-06-27T19:37:12.508+0000] {dag.py:3096} INFO - Sync 1 DAGs
[2026-06-27T19:37:12.535+0000] {logging_mixin.py:188} INFO - [2026-06-27T19:37:12.535+0000] {dag.py:3954} INFO - Setting next_dagrun for weather_api_ingestion to 2026-06-27 00:00:00+00:00, run_after=2026-06-28 00:00:00+00:00
[2026-06-27T19:37:12.556+0000] {processor.py:183} INFO - Processing /opt/airflow/dags/dag_weather_api.py took 0.163 seconds
[2026-06-27T20:21:36.698+0000] {processor.py:161} INFO - Started process (PID=9146) to work on /opt/airflow/dags/dag_weather_api.py
[2026-06-27T20:21:36.700+0000] {processor.py:830} INFO - Processing file /opt/airflow/dags/dag_weather_api.py for tasks to queue
[2026-06-27T20:21:36.705+0000] {logging_mixin.py:188} INFO - [2026-06-27T20:21:36.705+0000] {dagbag.py:545} INFO - Filling up the DagBag from /opt/airflow/dags/dag_weather_api.py
[2026-06-27T20:21:36.735+0000] {processor.py:840} INFO - DAG(s) 'weather_api_ingestion' retrieved from /opt/airflow/dags/dag_weather_api.py
[2026-06-27T20:21:36.781+0000] {logging_mixin.py:188} INFO - [2026-06-27T20:21:36.781+0000] {dag.py:3096} INFO - Sync 1 DAGs
[2026-06-27T20:21:36.801+0000] {logging_mixin.py:188} INFO - [2026-06-27T20:21:36.801+0000] {dag.py:3954} INFO - Setting next_dagrun for weather_api_ingestion to 2026-06-27 00:00:00+00:00, run_after=2026-06-28 00:00:00+00:00
[2026-06-27T20:21:36.815+0000] {processor.py:183} INFO - Processing /opt/airflow/dags/dag_weather_api.py took 0.128 seconds
[2026-06-27T21:25:36.133+0000] {processor.py:161} INFO - Started process (PID=9167) to work on /opt/airflow/dags/dag_weather_api.py
[2026-06-27T21:25:36.135+0000] {processor.py:830} INFO - Processing file /opt/airflow/dags/dag_weather_api.py for tasks to queue
[2026-06-27T21:25:36.135+0000] {logging_mixin.py:188} INFO - [2026-06-27T21:25:36.135+0000] {dagbag.py:545} INFO - Filling up the DagBag from /opt/airflow/dags/dag_weather_api.py
[2026-06-27T21:25:36.144+0000] {processor.py:840} INFO - DAG(s) 'weather_api_ingestion' retrieved from /opt/airflow/dags/dag_weather_api.py
[2026-06-27T21:25:36.160+0000] {logging_mixin.py:188} INFO - [2026-06-27T21:25:36.160+0000] {dag.py:3096} INFO - Sync 1 DAGs
[2026-06-27T21:25:36.170+0000] {logging_mixin.py:188} INFO - [2026-06-27T21:25:36.169+0000] {dag.py:3954} INFO - Setting next_dagrun for weather_api_ingestion to 2026-06-27 00:00:00+00:00, run_after=2026-06-28 00:00:00+00:00
[2026-06-27T21:25:36.177+0000] {processor.py:183} INFO - Processing /opt/airflow/dags/dag_weather_api.py took 0.049 seconds
[2026-06-27T22:37:23.726+0000] {processor.py:161} INFO - Started process (PID=9186) to work on /opt/airflow/dags/dag_weather_api.py
[2026-06-27T22:37:23.728+0000] {processor.py:830} INFO - Processing file /opt/airflow/dags/dag_weather_api.py for tasks to queue
[2026-06-27T22:37:23.730+0000] {logging_mixin.py:188} INFO - [2026-06-27T22:37:23.729+0000] {dagbag.py:545} INFO - Filling up the DagBag from /opt/airflow/dags/dag_weather_api.py
[2026-06-27T22:37:23.746+0000] {processor.py:840} INFO - DAG(s) 'weather_api_ingestion' retrieved from /opt/airflow/dags/dag_weather_api.py
[2026-06-27T22:37:23.774+0000] {logging_mixin.py:188} INFO - [2026-06-27T22:37:23.774+0000] {dag.py:3096} INFO - Sync 1 DAGs
[2026-06-27T22:37:23.789+0000] {logging_mixin.py:188} INFO - [2026-06-27T22:37:23.789+0000] {dag.py:3954} INFO - Setting next_dagrun for weather_api_ingestion to 2026-06-27 00:00:00+00:00, run_after=2026-06-28 00:00:00+00:00
[2026-06-27T22:37:23.800+0000] {processor.py:183} INFO - Processing /opt/airflow/dags/dag_weather_api.py took 0.091 seconds
[2026-06-27T23:56:43.810+0000] {processor.py:161} INFO - Started process (PID=9203) to work on /opt/airflow/dags/dag_weather_api.py
[2026-06-27T23:56:43.811+0000] {processor.py:830} INFO - Processing file /opt/airflow/dags/dag_weather_api.py for tasks to queue
[2026-06-27T23:56:43.814+0000] {logging_mixin.py:188} INFO - [2026-06-27T23:56:43.813+0000] {dagbag.py:545} INFO - Filling up the DagBag from /opt/airflow/dags/dag_weather_api.py
[2026-06-27T23:56:43.829+0000] {processor.py:840} INFO - DAG(s) 'weather_api_ingestion' retrieved from /opt/airflow/dags/dag_weather_api.py
[2026-06-27T23:56:43.861+0000] {logging_mixin.py:188} INFO - [2026-06-27T23:56:43.861+0000] {dag.py:3096} INFO - Sync 1 DAGs
[2026-06-27T23:56:43.880+0000] {logging_mixin.py:188} INFO - [2026-06-27T23:56:43.880+0000] {dag.py:3954} INFO - Setting next_dagrun for weather_api_ingestion to 2026-06-27 00:00:00+00:00, run_after=2026-06-28 00:00:00+00:00
[2026-06-27T23:56:43.896+0000] {processor.py:183} INFO - Processing /opt/airflow/dags/dag_weather_api.py took 0.096 seconds
