[2026-06-26T00:01:07.763+0000] {local_task_job_runner.py:120} INFO - ::group::Pre task execution logs
[2026-06-26T00:01:07.782+0000] {taskinstance.py:2076} INFO - Dependencies all met for dep_context=non-requeueable deps ti=<TaskInstance: weather_api_ingestion.fetch_open_meteo scheduled__2026-06-25T00:00:00+00:00 [queued]>
[2026-06-26T00:01:07.785+0000] {taskinstance.py:2076} INFO - Dependencies all met for dep_context=requeueable deps ti=<TaskInstance: weather_api_ingestion.fetch_open_meteo scheduled__2026-06-25T00:00:00+00:00 [queued]>
[2026-06-26T00:01:07.786+0000] {taskinstance.py:2306} INFO - Starting attempt 1 of 3
[2026-06-26T00:01:07.792+0000] {taskinstance.py:2330} INFO - Executing <Task(PythonOperator): fetch_open_meteo> on 2026-06-25 00:00:00+00:00
[2026-06-26T00:01:07.805+0000] {logging_mixin.py:188} WARNING - /home/***/.local/lib/python3.12/site-packages/***/task/task_runner/standard_task_runner.py:61 DeprecationWarning: This process (pid=3594) is multi-threaded, use of fork() may lead to deadlocks in the child.
[2026-06-26T00:01:07.804+0000] {standard_task_runner.py:90} INFO - Running: ['***', 'tasks', 'run', 'weather_api_ingestion', 'fetch_open_meteo', 'scheduled__2026-06-25T00:00:00+00:00', '--job-id', '22', '--raw', '--subdir', 'DAGS_FOLDER/dag_weather_api.py', '--cfg-path', '/tmp/tmp627cvxly']
[2026-06-26T00:01:07.806+0000] {standard_task_runner.py:63} INFO - Started process 3611 to run task
[2026-06-26T00:01:07.806+0000] {standard_task_runner.py:91} INFO - Job 22: Subtask fetch_open_meteo
[2026-06-26T00:01:07.837+0000] {task_command.py:426} INFO - Running <TaskInstance: weather_api_ingestion.fetch_open_meteo scheduled__2026-06-25T00:00:00+00:00 [running]> on host 6a613ecd21c6
[2026-06-26T00:01:07.882+0000] {taskinstance.py:2648} INFO - Exporting env vars: AIRFLOW_CTX_DAG_OWNER='data_engineer' AIRFLOW_CTX_DAG_ID='weather_api_ingestion' AIRFLOW_CTX_TASK_ID='fetch_open_meteo' AIRFLOW_CTX_EXECUTION_DATE='2026-06-25T00:00:00+00:00' AIRFLOW_CTX_TRY_NUMBER='1' AIRFLOW_CTX_DAG_RUN_ID='scheduled__2026-06-25T00:00:00+00:00'
[2026-06-26T00:01:07.882+0000] {taskinstance.py:430} INFO - ::endgroup::
[2026-06-26T00:01:08.921+0000] {logging_mixin.py:188} INFO - Successfully fetched weather for Hanoi
[2026-06-26T00:01:09.843+0000] {logging_mixin.py:188} INFO - Successfully fetched weather for Da_Nang
[2026-06-26T00:01:10.599+0000] {logging_mixin.py:188} INFO - Successfully fetched weather for HCM
[2026-06-26T00:01:10.599+0000] {logging_mixin.py:188} INFO - Saved raw weather data to /opt/***/dags/data/weather/raw/weather_2026-06-25.json
[2026-06-26T00:01:10.600+0000] {python.py:237} INFO - Done. Returned value was: None
[2026-06-26T00:01:10.601+0000] {taskinstance.py:441} INFO - ::group::Post task execution logs
[2026-06-26T00:01:10.607+0000] {taskinstance.py:1206} INFO - Marking task as SUCCESS. dag_id=weather_api_ingestion, task_id=fetch_open_meteo, run_id=scheduled__2026-06-25T00:00:00+00:00, execution_date=20260625T000000, start_date=20260626T000107, end_date=20260626T000110
[2026-06-26T00:01:10.662+0000] {local_task_job_runner.py:240} INFO - Task exited with return code 0
[2026-06-26T00:01:10.669+0000] {taskinstance.py:3498} INFO - 0 downstream tasks scheduled from follow-on schedule check
[2026-06-26T00:01:10.670+0000] {local_task_job_runner.py:222} INFO - ::endgroup::
