[2026-06-28T01:01:43.071+0000] {processor.py:161} INFO - Started process (PID=9222) to work on /opt/airflow/dags/dag_weather_api.py
[2026-06-28T01:01:43.072+0000] {processor.py:830} INFO - Processing file /opt/airflow/dags/dag_weather_api.py for tasks to queue
[2026-06-28T01:01:43.076+0000] {logging_mixin.py:188} INFO - [2026-06-28T01:01:43.076+0000] {dagbag.py:545} INFO - Filling up the DagBag from /opt/airflow/dags/dag_weather_api.py
[2026-06-28T01:01:43.094+0000] {processor.py:840} INFO - DAG(s) 'weather_api_ingestion' retrieved from /opt/airflow/dags/dag_weather_api.py
[2026-06-28T01:01:43.132+0000] {logging_mixin.py:188} INFO - [2026-06-28T01:01:43.132+0000] {dag.py:3096} INFO - Sync 1 DAGs
[2026-06-28T01:01:43.146+0000] {logging_mixin.py:188} INFO - [2026-06-28T01:01:43.146+0000] {dag.py:3954} INFO - Setting next_dagrun for weather_api_ingestion to 2026-06-27 00:00:00+00:00, run_after=2026-06-28 00:00:00+00:00
[2026-06-28T01:01:43.160+0000] {processor.py:183} INFO - Processing /opt/airflow/dags/dag_weather_api.py took 0.094 seconds
[2026-06-28T02:11:49.829+0000] {processor.py:161} INFO - Started process (PID=9276) to work on /opt/airflow/dags/dag_weather_api.py
[2026-06-28T02:11:49.831+0000] {processor.py:830} INFO - Processing file /opt/airflow/dags/dag_weather_api.py for tasks to queue
[2026-06-28T02:11:49.832+0000] {logging_mixin.py:188} INFO - [2026-06-28T02:11:49.832+0000] {dagbag.py:545} INFO - Filling up the DagBag from /opt/airflow/dags/dag_weather_api.py
[2026-06-28T02:11:49.844+0000] {processor.py:840} INFO - DAG(s) 'weather_api_ingestion' retrieved from /opt/airflow/dags/dag_weather_api.py
[2026-06-28T02:11:49.870+0000] {logging_mixin.py:188} INFO - [2026-06-28T02:11:49.870+0000] {dag.py:3096} INFO - Sync 1 DAGs
[2026-06-28T02:11:49.887+0000] {logging_mixin.py:188} INFO - [2026-06-28T02:11:49.887+0000] {dag.py:3954} INFO - Setting next_dagrun for weather_api_ingestion to 2026-06-28 00:00:00+00:00, run_after=2026-06-29 00:00:00+00:00
[2026-06-28T02:11:49.902+0000] {processor.py:183} INFO - Processing /opt/airflow/dags/dag_weather_api.py took 0.079 seconds
[2026-06-28T03:02:27.736+0000] {processor.py:161} INFO - Started process (PID=9300) to work on /opt/airflow/dags/dag_weather_api.py
[2026-06-28T03:02:27.737+0000] {processor.py:830} INFO - Processing file /opt/airflow/dags/dag_weather_api.py for tasks to queue
[2026-06-28T03:02:27.738+0000] {logging_mixin.py:188} INFO - [2026-06-28T03:02:27.738+0000] {dagbag.py:545} INFO - Filling up the DagBag from /opt/airflow/dags/dag_weather_api.py
[2026-06-28T03:02:27.744+0000] {processor.py:840} INFO - DAG(s) 'weather_api_ingestion' retrieved from /opt/airflow/dags/dag_weather_api.py
[2026-06-28T03:02:27.757+0000] {logging_mixin.py:188} INFO - [2026-06-28T03:02:27.757+0000] {dag.py:3096} INFO - Sync 1 DAGs
[2026-06-28T03:02:27.768+0000] {logging_mixin.py:188} INFO - [2026-06-28T03:02:27.767+0000] {dag.py:3954} INFO - Setting next_dagrun for weather_api_ingestion to 2026-06-28 00:00:00+00:00, run_after=2026-06-29 00:00:00+00:00
[2026-06-28T03:02:27.776+0000] {processor.py:183} INFO - Processing /opt/airflow/dags/dag_weather_api.py took 0.049 seconds
[2026-06-28T04:13:50.196+0000] {processor.py:161} INFO - Started process (PID=9315) to work on /opt/airflow/dags/dag_weather_api.py
[2026-06-28T04:13:50.197+0000] {processor.py:830} INFO - Processing file /opt/airflow/dags/dag_weather_api.py for tasks to queue
[2026-06-28T04:13:50.199+0000] {logging_mixin.py:188} INFO - [2026-06-28T04:13:50.199+0000] {dagbag.py:545} INFO - Filling up the DagBag from /opt/airflow/dags/dag_weather_api.py
[2026-06-28T04:13:50.215+0000] {processor.py:840} INFO - DAG(s) 'weather_api_ingestion' retrieved from /opt/airflow/dags/dag_weather_api.py
[2026-06-28T04:13:50.234+0000] {logging_mixin.py:188} INFO - [2026-06-28T04:13:50.233+0000] {dag.py:3096} INFO - Sync 1 DAGs
[2026-06-28T04:13:50.249+0000] {logging_mixin.py:188} INFO - [2026-06-28T04:13:50.249+0000] {dag.py:3954} INFO - Setting next_dagrun for weather_api_ingestion to 2026-06-28 00:00:00+00:00, run_after=2026-06-29 00:00:00+00:00
[2026-06-28T04:13:50.259+0000] {processor.py:183} INFO - Processing /opt/airflow/dags/dag_weather_api.py took 0.071 seconds
[2026-06-28T05:30:22.253+0000] {processor.py:161} INFO - Started process (PID=9340) to work on /opt/airflow/dags/dag_weather_api.py
[2026-06-28T05:30:22.254+0000] {processor.py:830} INFO - Processing file /opt/airflow/dags/dag_weather_api.py for tasks to queue
[2026-06-28T05:30:22.255+0000] {logging_mixin.py:188} INFO - [2026-06-28T05:30:22.255+0000] {dagbag.py:545} INFO - Filling up the DagBag from /opt/airflow/dags/dag_weather_api.py
[2026-06-28T05:30:22.262+0000] {processor.py:840} INFO - DAG(s) 'weather_api_ingestion' retrieved from /opt/airflow/dags/dag_weather_api.py
[2026-06-28T05:30:22.276+0000] {logging_mixin.py:188} INFO - [2026-06-28T05:30:22.276+0000] {dag.py:3096} INFO - Sync 1 DAGs
[2026-06-28T05:30:22.287+0000] {logging_mixin.py:188} INFO - [2026-06-28T05:30:22.287+0000] {dag.py:3954} INFO - Setting next_dagrun for weather_api_ingestion to 2026-06-28 00:00:00+00:00, run_after=2026-06-29 00:00:00+00:00
[2026-06-28T05:30:22.294+0000] {processor.py:183} INFO - Processing /opt/airflow/dags/dag_weather_api.py took 0.045 seconds
[2026-06-28T05:32:31.385+0000] {processor.py:161} INFO - Started process (PID=9355) to work on /opt/airflow/dags/dag_weather_api.py
[2026-06-28T05:32:31.387+0000] {processor.py:830} INFO - Processing file /opt/airflow/dags/dag_weather_api.py for tasks to queue
[2026-06-28T05:32:31.389+0000] {logging_mixin.py:188} INFO - [2026-06-28T05:32:31.389+0000] {dagbag.py:545} INFO - Filling up the DagBag from /opt/airflow/dags/dag_weather_api.py
[2026-06-28T05:32:31.404+0000] {processor.py:840} INFO - DAG(s) 'weather_api_ingestion' retrieved from /opt/airflow/dags/dag_weather_api.py
[2026-06-28T05:32:31.427+0000] {logging_mixin.py:188} INFO - [2026-06-28T05:32:31.427+0000] {dag.py:3096} INFO - Sync 1 DAGs
[2026-06-28T05:32:31.443+0000] {logging_mixin.py:188} INFO - [2026-06-28T05:32:31.443+0000] {dag.py:3954} INFO - Setting next_dagrun for weather_api_ingestion to 2026-06-28 00:00:00+00:00, run_after=2026-06-29 00:00:00+00:00
[2026-06-28T05:32:31.454+0000] {processor.py:183} INFO - Processing /opt/airflow/dags/dag_weather_api.py took 0.076 seconds
[2026-06-28T05:50:33.611+0000] {processor.py:161} INFO - Started process (PID=9375) to work on /opt/airflow/dags/dag_weather_api.py
[2026-06-28T05:50:33.614+0000] {processor.py:830} INFO - Processing file /opt/airflow/dags/dag_weather_api.py for tasks to queue
[2026-06-28T05:50:33.617+0000] {logging_mixin.py:188} INFO - [2026-06-28T05:50:33.617+0000] {dagbag.py:545} INFO - Filling up the DagBag from /opt/airflow/dags/dag_weather_api.py
[2026-06-28T05:50:33.646+0000] {processor.py:840} INFO - DAG(s) 'weather_api_ingestion' retrieved from /opt/airflow/dags/dag_weather_api.py
[2026-06-28T05:50:33.679+0000] {logging_mixin.py:188} INFO - [2026-06-28T05:50:33.679+0000] {dag.py:3096} INFO - Sync 1 DAGs
[2026-06-28T05:50:33.719+0000] {logging_mixin.py:188} INFO - [2026-06-28T05:50:33.719+0000] {dag.py:3954} INFO - Setting next_dagrun for weather_api_ingestion to 2026-06-28 00:00:00+00:00, run_after=2026-06-29 00:00:00+00:00
[2026-06-28T05:50:33.736+0000] {processor.py:183} INFO - Processing /opt/airflow/dags/dag_weather_api.py took 0.143 seconds
[2026-06-28T06:15:50.320+0000] {processor.py:161} INFO - Started process (PID=9430) to work on /opt/airflow/dags/dag_weather_api.py
[2026-06-28T06:15:50.321+0000] {processor.py:830} INFO - Processing file /opt/airflow/dags/dag_weather_api.py for tasks to queue
[2026-06-28T06:15:50.322+0000] {logging_mixin.py:188} INFO - [2026-06-28T06:15:50.322+0000] {dagbag.py:545} INFO - Filling up the DagBag from /opt/airflow/dags/dag_weather_api.py
[2026-06-28T06:15:50.332+0000] {processor.py:840} INFO - DAG(s) 'weather_api_ingestion' retrieved from /opt/airflow/dags/dag_weather_api.py
[2026-06-28T06:15:50.349+0000] {logging_mixin.py:188} INFO - [2026-06-28T06:15:50.349+0000] {dag.py:3096} INFO - Sync 1 DAGs
[2026-06-28T06:15:50.362+0000] {logging_mixin.py:188} INFO - [2026-06-28T06:15:50.362+0000] {dag.py:3954} INFO - Setting next_dagrun for weather_api_ingestion to 2026-06-28 00:00:00+00:00, run_after=2026-06-29 00:00:00+00:00
[2026-06-28T06:15:50.371+0000] {processor.py:183} INFO - Processing /opt/airflow/dags/dag_weather_api.py took 0.056 seconds
[2026-06-28T06:58:40.439+0000] {processor.py:161} INFO - Started process (PID=9447) to work on /opt/airflow/dags/dag_weather_api.py
[2026-06-28T06:58:40.440+0000] {processor.py:830} INFO - Processing file /opt/airflow/dags/dag_weather_api.py for tasks to queue
[2026-06-28T06:58:40.444+0000] {logging_mixin.py:188} INFO - [2026-06-28T06:58:40.444+0000] {dagbag.py:545} INFO - Filling up the DagBag from /opt/airflow/dags/dag_weather_api.py
[2026-06-28T06:58:40.462+0000] {processor.py:840} INFO - DAG(s) 'weather_api_ingestion' retrieved from /opt/airflow/dags/dag_weather_api.py
[2026-06-28T06:58:40.487+0000] {logging_mixin.py:188} INFO - [2026-06-28T06:58:40.487+0000] {dag.py:3096} INFO - Sync 1 DAGs
[2026-06-28T06:58:40.500+0000] {logging_mixin.py:188} INFO - [2026-06-28T06:58:40.500+0000] {dag.py:3954} INFO - Setting next_dagrun for weather_api_ingestion to 2026-06-28 00:00:00+00:00, run_after=2026-06-29 00:00:00+00:00
[2026-06-28T06:58:40.509+0000] {processor.py:183} INFO - Processing /opt/airflow/dags/dag_weather_api.py took 0.086 seconds
[2026-06-28T08:17:07.430+0000] {processor.py:161} INFO - Started process (PID=9464) to work on /opt/airflow/dags/dag_weather_api.py
[2026-06-28T08:17:07.432+0000] {processor.py:830} INFO - Processing file /opt/airflow/dags/dag_weather_api.py for tasks to queue
[2026-06-28T08:17:07.437+0000] {logging_mixin.py:188} INFO - [2026-06-28T08:17:07.437+0000] {dagbag.py:545} INFO - Filling up the DagBag from /opt/airflow/dags/dag_weather_api.py
[2026-06-28T08:17:07.458+0000] {processor.py:840} INFO - DAG(s) 'weather_api_ingestion' retrieved from /opt/airflow/dags/dag_weather_api.py
[2026-06-28T08:17:07.485+0000] {logging_mixin.py:188} INFO - [2026-06-28T08:17:07.485+0000] {dag.py:3096} INFO - Sync 1 DAGs
[2026-06-28T08:17:07.520+0000] {logging_mixin.py:188} INFO - [2026-06-28T08:17:07.520+0000] {dag.py:3954} INFO - Setting next_dagrun for weather_api_ingestion to 2026-06-28 00:00:00+00:00, run_after=2026-06-29 00:00:00+00:00
[2026-06-28T08:17:07.533+0000] {processor.py:183} INFO - Processing /opt/airflow/dags/dag_weather_api.py took 0.115 seconds
[2026-06-28T09:06:30.830+0000] {processor.py:161} INFO - Started process (PID=9483) to work on /opt/airflow/dags/dag_weather_api.py
[2026-06-28T09:06:30.831+0000] {processor.py:830} INFO - Processing file /opt/airflow/dags/dag_weather_api.py for tasks to queue
[2026-06-28T09:06:30.832+0000] {logging_mixin.py:188} INFO - [2026-06-28T09:06:30.832+0000] {dagbag.py:545} INFO - Filling up the DagBag from /opt/airflow/dags/dag_weather_api.py
[2026-06-28T09:06:30.847+0000] {processor.py:840} INFO - DAG(s) 'weather_api_ingestion' retrieved from /opt/airflow/dags/dag_weather_api.py
[2026-06-28T09:06:30.876+0000] {logging_mixin.py:188} INFO - [2026-06-28T09:06:30.876+0000] {dag.py:3096} INFO - Sync 1 DAGs
[2026-06-28T09:06:30.896+0000] {logging_mixin.py:188} INFO - [2026-06-28T09:06:30.895+0000] {dag.py:3954} INFO - Setting next_dagrun for weather_api_ingestion to 2026-06-28 00:00:00+00:00, run_after=2026-06-29 00:00:00+00:00
[2026-06-28T09:06:30.906+0000] {processor.py:183} INFO - Processing /opt/airflow/dags/dag_weather_api.py took 0.085 seconds
[2026-06-28T10:19:10.322+0000] {processor.py:161} INFO - Started process (PID=9504) to work on /opt/airflow/dags/dag_weather_api.py
[2026-06-28T10:19:10.324+0000] {processor.py:830} INFO - Processing file /opt/airflow/dags/dag_weather_api.py for tasks to queue
[2026-06-28T10:19:10.325+0000] {logging_mixin.py:188} INFO - [2026-06-28T10:19:10.324+0000] {dagbag.py:545} INFO - Filling up the DagBag from /opt/airflow/dags/dag_weather_api.py
[2026-06-28T10:19:10.332+0000] {processor.py:840} INFO - DAG(s) 'weather_api_ingestion' retrieved from /opt/airflow/dags/dag_weather_api.py
[2026-06-28T10:19:10.345+0000] {logging_mixin.py:188} INFO - [2026-06-28T10:19:10.345+0000] {dag.py:3096} INFO - Sync 1 DAGs
[2026-06-28T10:19:10.354+0000] {logging_mixin.py:188} INFO - [2026-06-28T10:19:10.354+0000] {dag.py:3954} INFO - Setting next_dagrun for weather_api_ingestion to 2026-06-28 00:00:00+00:00, run_after=2026-06-29 00:00:00+00:00
[2026-06-28T10:19:10.361+0000] {processor.py:183} INFO - Processing /opt/airflow/dags/dag_weather_api.py took 0.043 seconds
[2026-06-28T11:36:05.737+0000] {processor.py:161} INFO - Started process (PID=9521) to work on /opt/airflow/dags/dag_weather_api.py
[2026-06-28T11:36:05.739+0000] {processor.py:830} INFO - Processing file /opt/airflow/dags/dag_weather_api.py for tasks to queue
[2026-06-28T11:36:05.742+0000] {logging_mixin.py:188} INFO - [2026-06-28T11:36:05.741+0000] {dagbag.py:545} INFO - Filling up the DagBag from /opt/airflow/dags/dag_weather_api.py
[2026-06-28T11:36:05.765+0000] {processor.py:840} INFO - DAG(s) 'weather_api_ingestion' retrieved from /opt/airflow/dags/dag_weather_api.py
[2026-06-28T11:36:05.798+0000] {logging_mixin.py:188} INFO - [2026-06-28T11:36:05.798+0000] {dag.py:3096} INFO - Sync 1 DAGs
[2026-06-28T11:36:05.819+0000] {logging_mixin.py:188} INFO - [2026-06-28T11:36:05.819+0000] {dag.py:3954} INFO - Setting next_dagrun for weather_api_ingestion to 2026-06-28 00:00:00+00:00, run_after=2026-06-29 00:00:00+00:00
[2026-06-28T11:36:05.834+0000] {processor.py:183} INFO - Processing /opt/airflow/dags/dag_weather_api.py took 0.114 seconds
[2026-06-28T12:39:08.074+0000] {processor.py:161} INFO - Started process (PID=9542) to work on /opt/airflow/dags/dag_weather_api.py
[2026-06-28T12:39:08.075+0000] {processor.py:830} INFO - Processing file /opt/airflow/dags/dag_weather_api.py for tasks to queue
[2026-06-28T12:39:08.076+0000] {logging_mixin.py:188} INFO - [2026-06-28T12:39:08.076+0000] {dagbag.py:545} INFO - Filling up the DagBag from /opt/airflow/dags/dag_weather_api.py
[2026-06-28T12:39:08.086+0000] {processor.py:840} INFO - DAG(s) 'weather_api_ingestion' retrieved from /opt/airflow/dags/dag_weather_api.py
[2026-06-28T12:39:08.104+0000] {logging_mixin.py:188} INFO - [2026-06-28T12:39:08.104+0000] {dag.py:3096} INFO - Sync 1 DAGs
[2026-06-28T12:39:08.117+0000] {logging_mixin.py:188} INFO - [2026-06-28T12:39:08.117+0000] {dag.py:3954} INFO - Setting next_dagrun for weather_api_ingestion to 2026-06-28 00:00:00+00:00, run_after=2026-06-29 00:00:00+00:00
[2026-06-28T12:39:08.128+0000] {processor.py:183} INFO - Processing /opt/airflow/dags/dag_weather_api.py took 0.058 seconds
[2026-06-28T13:56:03.749+0000] {processor.py:161} INFO - Started process (PID=9557) to work on /opt/airflow/dags/dag_weather_api.py
[2026-06-28T13:56:03.750+0000] {processor.py:830} INFO - Processing file /opt/airflow/dags/dag_weather_api.py for tasks to queue
[2026-06-28T13:56:03.753+0000] {logging_mixin.py:188} INFO - [2026-06-28T13:56:03.753+0000] {dagbag.py:545} INFO - Filling up the DagBag from /opt/airflow/dags/dag_weather_api.py
[2026-06-28T13:56:03.783+0000] {processor.py:840} INFO - DAG(s) 'weather_api_ingestion' retrieved from /opt/airflow/dags/dag_weather_api.py
[2026-06-28T13:56:03.811+0000] {logging_mixin.py:188} INFO - [2026-06-28T13:56:03.811+0000] {dag.py:3096} INFO - Sync 1 DAGs
[2026-06-28T13:56:03.836+0000] {logging_mixin.py:188} INFO - [2026-06-28T13:56:03.836+0000] {dag.py:3954} INFO - Setting next_dagrun for weather_api_ingestion to 2026-06-28 00:00:00+00:00, run_after=2026-06-29 00:00:00+00:00
[2026-06-28T13:56:03.852+0000] {processor.py:183} INFO - Processing /opt/airflow/dags/dag_weather_api.py took 0.114 seconds
[2026-06-28T15:13:19.578+0000] {processor.py:161} INFO - Started process (PID=9580) to work on /opt/airflow/dags/dag_weather_api.py
[2026-06-28T15:13:19.578+0000] {processor.py:830} INFO - Processing file /opt/airflow/dags/dag_weather_api.py for tasks to queue
[2026-06-28T15:13:19.579+0000] {logging_mixin.py:188} INFO - [2026-06-28T15:13:19.579+0000] {dagbag.py:545} INFO - Filling up the DagBag from /opt/airflow/dags/dag_weather_api.py
[2026-06-28T15:13:19.590+0000] {processor.py:840} INFO - DAG(s) 'weather_api_ingestion' retrieved from /opt/airflow/dags/dag_weather_api.py
[2026-06-28T15:13:19.604+0000] {logging_mixin.py:188} INFO - [2026-06-28T15:13:19.604+0000] {dag.py:3096} INFO - Sync 1 DAGs
[2026-06-28T15:13:19.614+0000] {logging_mixin.py:188} INFO - [2026-06-28T15:13:19.614+0000] {dag.py:3954} INFO - Setting next_dagrun for weather_api_ingestion to 2026-06-28 00:00:00+00:00, run_after=2026-06-29 00:00:00+00:00
[2026-06-28T15:13:19.623+0000] {processor.py:183} INFO - Processing /opt/airflow/dags/dag_weather_api.py took 0.050 seconds
[2026-06-28T16:03:48.375+0000] {processor.py:161} INFO - Started process (PID=9595) to work on /opt/airflow/dags/dag_weather_api.py
[2026-06-28T16:03:48.378+0000] {processor.py:830} INFO - Processing file /opt/airflow/dags/dag_weather_api.py for tasks to queue
[2026-06-28T16:03:48.381+0000] {logging_mixin.py:188} INFO - [2026-06-28T16:03:48.380+0000] {dagbag.py:545} INFO - Filling up the DagBag from /opt/airflow/dags/dag_weather_api.py
[2026-06-28T16:03:48.399+0000] {processor.py:840} INFO - DAG(s) 'weather_api_ingestion' retrieved from /opt/airflow/dags/dag_weather_api.py
[2026-06-28T16:03:48.430+0000] {logging_mixin.py:188} INFO - [2026-06-28T16:03:48.430+0000] {dag.py:3096} INFO - Sync 1 DAGs
[2026-06-28T16:03:48.450+0000] {logging_mixin.py:188} INFO - [2026-06-28T16:03:48.450+0000] {dag.py:3954} INFO - Setting next_dagrun for weather_api_ingestion to 2026-06-28 00:00:00+00:00, run_after=2026-06-29 00:00:00+00:00
[2026-06-28T16:03:48.711+0000] {processor.py:183} INFO - Processing /opt/airflow/dags/dag_weather_api.py took 0.341 seconds
[2026-06-28T17:25:47.983+0000] {processor.py:161} INFO - Started process (PID=9616) to work on /opt/airflow/dags/dag_weather_api.py
[2026-06-28T17:25:47.984+0000] {processor.py:830} INFO - Processing file /opt/airflow/dags/dag_weather_api.py for tasks to queue
[2026-06-28T17:25:47.986+0000] {logging_mixin.py:188} INFO - [2026-06-28T17:25:47.986+0000] {dagbag.py:545} INFO - Filling up the DagBag from /opt/airflow/dags/dag_weather_api.py
[2026-06-28T17:25:48.007+0000] {processor.py:840} INFO - DAG(s) 'weather_api_ingestion' retrieved from /opt/airflow/dags/dag_weather_api.py
[2026-06-28T17:25:48.031+0000] {logging_mixin.py:188} INFO - [2026-06-28T17:25:48.031+0000] {dag.py:3096} INFO - Sync 1 DAGs
[2026-06-28T17:25:48.050+0000] {logging_mixin.py:188} INFO - [2026-06-28T17:25:48.050+0000] {dag.py:3954} INFO - Setting next_dagrun for weather_api_ingestion to 2026-06-28 00:00:00+00:00, run_after=2026-06-29 00:00:00+00:00
[2026-06-28T17:25:48.068+0000] {processor.py:183} INFO - Processing /opt/airflow/dags/dag_weather_api.py took 0.091 seconds
[2026-06-28T18:26:55.164+0000] {processor.py:161} INFO - Started process (PID=9635) to work on /opt/airflow/dags/dag_weather_api.py
[2026-06-28T18:26:55.220+0000] {processor.py:830} INFO - Processing file /opt/airflow/dags/dag_weather_api.py for tasks to queue
[2026-06-28T18:26:55.237+0000] {logging_mixin.py:188} INFO - [2026-06-28T18:26:55.234+0000] {dagbag.py:545} INFO - Filling up the DagBag from /opt/airflow/dags/dag_weather_api.py
[2026-06-28T18:26:55.264+0000] {processor.py:840} INFO - DAG(s) 'weather_api_ingestion' retrieved from /opt/airflow/dags/dag_weather_api.py
[2026-06-28T18:26:55.302+0000] {logging_mixin.py:188} INFO - [2026-06-28T18:26:55.301+0000] {dag.py:3096} INFO - Sync 1 DAGs
[2026-06-28T18:26:55.342+0000] {logging_mixin.py:188} INFO - [2026-06-28T18:26:55.341+0000] {dag.py:3954} INFO - Setting next_dagrun for weather_api_ingestion to 2026-06-28 00:00:00+00:00, run_after=2026-06-29 00:00:00+00:00
[2026-06-28T18:26:55.375+0000] {processor.py:183} INFO - Processing /opt/airflow/dags/dag_weather_api.py took 0.226 seconds
[2026-06-28T19:37:56.365+0000] {processor.py:161} INFO - Started process (PID=9654) to work on /opt/airflow/dags/dag_weather_api.py
[2026-06-28T19:37:56.366+0000] {processor.py:830} INFO - Processing file /opt/airflow/dags/dag_weather_api.py for tasks to queue
[2026-06-28T19:37:56.369+0000] {logging_mixin.py:188} INFO - [2026-06-28T19:37:56.369+0000] {dagbag.py:545} INFO - Filling up the DagBag from /opt/airflow/dags/dag_weather_api.py
[2026-06-28T19:37:56.385+0000] {processor.py:840} INFO - DAG(s) 'weather_api_ingestion' retrieved from /opt/airflow/dags/dag_weather_api.py
[2026-06-28T19:37:56.409+0000] {logging_mixin.py:188} INFO - [2026-06-28T19:37:56.409+0000] {dag.py:3096} INFO - Sync 1 DAGs
[2026-06-28T19:37:56.427+0000] {logging_mixin.py:188} INFO - [2026-06-28T19:37:56.427+0000] {dag.py:3954} INFO - Setting next_dagrun for weather_api_ingestion to 2026-06-28 00:00:00+00:00, run_after=2026-06-29 00:00:00+00:00
[2026-06-28T19:37:56.442+0000] {processor.py:183} INFO - Processing /opt/airflow/dags/dag_weather_api.py took 0.084 seconds
[2026-06-28T21:14:36.568+0000] {processor.py:161} INFO - Started process (PID=9675) to work on /opt/airflow/dags/dag_weather_api.py
[2026-06-28T21:14:36.569+0000] {processor.py:830} INFO - Processing file /opt/airflow/dags/dag_weather_api.py for tasks to queue
[2026-06-28T21:14:36.575+0000] {logging_mixin.py:188} INFO - [2026-06-28T21:14:36.574+0000] {dagbag.py:545} INFO - Filling up the DagBag from /opt/airflow/dags/dag_weather_api.py
[2026-06-28T21:14:36.596+0000] {processor.py:840} INFO - DAG(s) 'weather_api_ingestion' retrieved from /opt/airflow/dags/dag_weather_api.py
[2026-06-28T21:14:36.630+0000] {logging_mixin.py:188} INFO - [2026-06-28T21:14:36.630+0000] {dag.py:3096} INFO - Sync 1 DAGs
[2026-06-28T21:14:36.648+0000] {logging_mixin.py:188} INFO - [2026-06-28T21:14:36.648+0000] {dag.py:3954} INFO - Setting next_dagrun for weather_api_ingestion to 2026-06-28 00:00:00+00:00, run_after=2026-06-29 00:00:00+00:00
[2026-06-28T21:14:36.667+0000] {processor.py:183} INFO - Processing /opt/airflow/dags/dag_weather_api.py took 0.105 seconds
[2026-06-28T22:24:17.532+0000] {processor.py:161} INFO - Started process (PID=9692) to work on /opt/airflow/dags/dag_weather_api.py
[2026-06-28T22:24:17.534+0000] {processor.py:830} INFO - Processing file /opt/airflow/dags/dag_weather_api.py for tasks to queue
[2026-06-28T22:24:17.535+0000] {logging_mixin.py:188} INFO - [2026-06-28T22:24:17.534+0000] {dagbag.py:545} INFO - Filling up the DagBag from /opt/airflow/dags/dag_weather_api.py
[2026-06-28T22:24:17.550+0000] {processor.py:840} INFO - DAG(s) 'weather_api_ingestion' retrieved from /opt/airflow/dags/dag_weather_api.py
[2026-06-28T22:24:17.575+0000] {logging_mixin.py:188} INFO - [2026-06-28T22:24:17.575+0000] {dag.py:3096} INFO - Sync 1 DAGs
[2026-06-28T22:24:17.590+0000] {logging_mixin.py:188} INFO - [2026-06-28T22:24:17.590+0000] {dag.py:3954} INFO - Setting next_dagrun for weather_api_ingestion to 2026-06-28 00:00:00+00:00, run_after=2026-06-29 00:00:00+00:00
[2026-06-28T22:24:17.602+0000] {processor.py:183} INFO - Processing /opt/airflow/dags/dag_weather_api.py took 0.076 seconds
[2026-06-28T23:20:18.730+0000] {processor.py:161} INFO - Started process (PID=9709) to work on /opt/airflow/dags/dag_weather_api.py
[2026-06-28T23:20:18.732+0000] {processor.py:830} INFO - Processing file /opt/airflow/dags/dag_weather_api.py for tasks to queue
[2026-06-28T23:20:18.736+0000] {logging_mixin.py:188} INFO - [2026-06-28T23:20:18.735+0000] {dagbag.py:545} INFO - Filling up the DagBag from /opt/airflow/dags/dag_weather_api.py
[2026-06-28T23:20:18.766+0000] {processor.py:840} INFO - DAG(s) 'weather_api_ingestion' retrieved from /opt/airflow/dags/dag_weather_api.py
[2026-06-28T23:20:18.798+0000] {logging_mixin.py:188} INFO - [2026-06-28T23:20:18.798+0000] {dag.py:3096} INFO - Sync 1 DAGs
[2026-06-28T23:20:18.824+0000] {logging_mixin.py:188} INFO - [2026-06-28T23:20:18.824+0000] {dag.py:3954} INFO - Setting next_dagrun for weather_api_ingestion to 2026-06-28 00:00:00+00:00, run_after=2026-06-29 00:00:00+00:00
[2026-06-28T23:20:18.838+0000] {processor.py:183} INFO - Processing /opt/airflow/dags/dag_weather_api.py took 0.129 seconds
