[2026-06-28T01:01:43.173+0000] {processor.py:161} INFO - Started process (PID=9232) to work on /opt/airflow/dags/dag_shipment_sim.py
[2026-06-28T01:01:43.174+0000] {processor.py:830} INFO - Processing file /opt/airflow/dags/dag_shipment_sim.py for tasks to queue
[2026-06-28T01:01:43.174+0000] {logging_mixin.py:188} INFO - [2026-06-28T01:01:43.174+0000] {dagbag.py:545} INFO - Filling up the DagBag from /opt/airflow/dags/dag_shipment_sim.py
[2026-06-28T01:01:43.178+0000] {processor.py:840} INFO - DAG(s) 'logistics_shipment_simulator' retrieved from /opt/airflow/dags/dag_shipment_sim.py
[2026-06-28T01:01:43.188+0000] {logging_mixin.py:188} INFO - [2026-06-28T01:01:43.188+0000] {dag.py:3096} INFO - Sync 1 DAGs
[2026-06-28T01:01:43.196+0000] {logging_mixin.py:188} INFO - [2026-06-28T01:01:43.196+0000] {dag.py:3954} INFO - Setting next_dagrun for logistics_shipment_simulator to 2026-06-28 00:58:00+00:00, run_after=2026-06-28 01:00:00+00:00
[2026-06-28T01:01:43.202+0000] {processor.py:183} INFO - Processing /opt/airflow/dags/dag_shipment_sim.py took 0.031 seconds
[2026-06-28T02:11:49.922+0000] {processor.py:161} INFO - Started process (PID=9287) to work on /opt/airflow/dags/dag_shipment_sim.py
[2026-06-28T02:11:49.922+0000] {processor.py:830} INFO - Processing file /opt/airflow/dags/dag_shipment_sim.py for tasks to queue
[2026-06-28T02:11:49.923+0000] {logging_mixin.py:188} INFO - [2026-06-28T02:11:49.923+0000] {dagbag.py:545} INFO - Filling up the DagBag from /opt/airflow/dags/dag_shipment_sim.py
[2026-06-28T02:11:49.929+0000] {processor.py:840} INFO - DAG(s) 'logistics_shipment_simulator' retrieved from /opt/airflow/dags/dag_shipment_sim.py
[2026-06-28T02:11:49.945+0000] {logging_mixin.py:188} INFO - [2026-06-28T02:11:49.944+0000] {dag.py:3096} INFO - Sync 1 DAGs
[2026-06-28T02:11:49.955+0000] {logging_mixin.py:188} INFO - [2026-06-28T02:11:49.955+0000] {dag.py:3954} INFO - Setting next_dagrun for logistics_shipment_simulator to 2026-06-28 02:10:00+00:00, run_after=2026-06-28 02:12:00+00:00
[2026-06-28T02:11:49.964+0000] {processor.py:183} INFO - Processing /opt/airflow/dags/dag_shipment_sim.py took 0.047 seconds
[2026-06-28T03:02:27.787+0000] {processor.py:161} INFO - Started process (PID=9310) to work on /opt/airflow/dags/dag_shipment_sim.py
[2026-06-28T03:02:27.788+0000] {processor.py:830} INFO - Processing file /opt/airflow/dags/dag_shipment_sim.py for tasks to queue
[2026-06-28T03:02:27.788+0000] {logging_mixin.py:188} INFO - [2026-06-28T03:02:27.788+0000] {dagbag.py:545} INFO - Filling up the DagBag from /opt/airflow/dags/dag_shipment_sim.py
[2026-06-28T03:02:27.792+0000] {processor.py:840} INFO - DAG(s) 'logistics_shipment_simulator' retrieved from /opt/airflow/dags/dag_shipment_sim.py
[2026-06-28T03:02:27.802+0000] {logging_mixin.py:188} INFO - [2026-06-28T03:02:27.802+0000] {dag.py:3096} INFO - Sync 1 DAGs
[2026-06-28T03:02:27.809+0000] {logging_mixin.py:188} INFO - [2026-06-28T03:02:27.809+0000] {dag.py:3954} INFO - Setting next_dagrun for logistics_shipment_simulator to 2026-06-28 03:02:00+00:00, run_after=2026-06-28 03:04:00+00:00
[2026-06-28T03:02:27.815+0000] {processor.py:183} INFO - Processing /opt/airflow/dags/dag_shipment_sim.py took 0.030 seconds
[2026-06-28T04:13:50.280+0000] {processor.py:161} INFO - Started process (PID=9326) to work on /opt/airflow/dags/dag_shipment_sim.py
[2026-06-28T04:13:50.280+0000] {processor.py:830} INFO - Processing file /opt/airflow/dags/dag_shipment_sim.py for tasks to queue
[2026-06-28T04:13:50.282+0000] {logging_mixin.py:188} INFO - [2026-06-28T04:13:50.282+0000] {dagbag.py:545} INFO - Filling up the DagBag from /opt/airflow/dags/dag_shipment_sim.py
[2026-06-28T04:13:50.288+0000] {processor.py:840} INFO - DAG(s) 'logistics_shipment_simulator' retrieved from /opt/airflow/dags/dag_shipment_sim.py
[2026-06-28T04:13:50.308+0000] {logging_mixin.py:188} INFO - [2026-06-28T04:13:50.308+0000] {dag.py:3096} INFO - Sync 1 DAGs
[2026-06-28T04:13:50.318+0000] {logging_mixin.py:188} INFO - [2026-06-28T04:13:50.318+0000] {dag.py:3954} INFO - Setting next_dagrun for logistics_shipment_simulator to 2026-06-28 04:12:00+00:00, run_after=2026-06-28 04:14:00+00:00
[2026-06-28T04:13:50.326+0000] {processor.py:183} INFO - Processing /opt/airflow/dags/dag_shipment_sim.py took 0.050 seconds
[2026-06-28T05:30:22.306+0000] {processor.py:161} INFO - Started process (PID=9350) to work on /opt/airflow/dags/dag_shipment_sim.py
[2026-06-28T05:30:22.307+0000] {processor.py:830} INFO - Processing file /opt/airflow/dags/dag_shipment_sim.py for tasks to queue
[2026-06-28T05:30:22.307+0000] {logging_mixin.py:188} INFO - [2026-06-28T05:30:22.307+0000] {dagbag.py:545} INFO - Filling up the DagBag from /opt/airflow/dags/dag_shipment_sim.py
[2026-06-28T05:30:22.312+0000] {processor.py:840} INFO - DAG(s) 'logistics_shipment_simulator' retrieved from /opt/airflow/dags/dag_shipment_sim.py
[2026-06-28T05:30:22.323+0000] {logging_mixin.py:188} INFO - [2026-06-28T05:30:22.323+0000] {dag.py:3096} INFO - Sync 1 DAGs
[2026-06-28T05:30:22.332+0000] {logging_mixin.py:188} INFO - [2026-06-28T05:30:22.332+0000] {dag.py:3954} INFO - Setting next_dagrun for logistics_shipment_simulator to 2026-06-28 05:30:00+00:00, run_after=2026-06-28 05:32:00+00:00
[2026-06-28T05:30:22.338+0000] {processor.py:183} INFO - Processing /opt/airflow/dags/dag_shipment_sim.py took 0.035 seconds
[2026-06-28T05:32:31.486+0000] {processor.py:161} INFO - Started process (PID=9365) to work on /opt/airflow/dags/dag_shipment_sim.py
[2026-06-28T05:32:31.487+0000] {processor.py:830} INFO - Processing file /opt/airflow/dags/dag_shipment_sim.py for tasks to queue
[2026-06-28T05:32:31.488+0000] {logging_mixin.py:188} INFO - [2026-06-28T05:32:31.487+0000] {dagbag.py:545} INFO - Filling up the DagBag from /opt/airflow/dags/dag_shipment_sim.py
[2026-06-28T05:32:31.493+0000] {processor.py:840} INFO - DAG(s) 'logistics_shipment_simulator' retrieved from /opt/airflow/dags/dag_shipment_sim.py
[2026-06-28T05:32:31.505+0000] {logging_mixin.py:188} INFO - [2026-06-28T05:32:31.505+0000] {dag.py:3096} INFO - Sync 1 DAGs
[2026-06-28T05:32:31.517+0000] {logging_mixin.py:188} INFO - [2026-06-28T05:32:31.517+0000] {dag.py:3954} INFO - Setting next_dagrun for logistics_shipment_simulator to 2026-06-28 05:30:00+00:00, run_after=2026-06-28 05:32:00+00:00
[2026-06-28T05:32:31.523+0000] {processor.py:183} INFO - Processing /opt/airflow/dags/dag_shipment_sim.py took 0.057 seconds
[2026-06-28T05:50:33.756+0000] {processor.py:161} INFO - Started process (PID=9386) to work on /opt/airflow/dags/dag_shipment_sim.py
[2026-06-28T05:50:33.758+0000] {processor.py:830} INFO - Processing file /opt/airflow/dags/dag_shipment_sim.py for tasks to queue
[2026-06-28T05:50:33.760+0000] {logging_mixin.py:188} INFO - [2026-06-28T05:50:33.759+0000] {dagbag.py:545} INFO - Filling up the DagBag from /opt/airflow/dags/dag_shipment_sim.py
[2026-06-28T05:50:33.768+0000] {processor.py:840} INFO - DAG(s) 'logistics_shipment_simulator' retrieved from /opt/airflow/dags/dag_shipment_sim.py
[2026-06-28T05:50:33.782+0000] {logging_mixin.py:188} INFO - [2026-06-28T05:50:33.782+0000] {dag.py:3096} INFO - Sync 1 DAGs
[2026-06-28T05:50:33.794+0000] {logging_mixin.py:188} INFO - [2026-06-28T05:50:33.794+0000] {dag.py:3954} INFO - Setting next_dagrun for logistics_shipment_simulator to 2026-06-28 05:50:00+00:00, run_after=2026-06-28 05:52:00+00:00
[2026-06-28T05:50:33.803+0000] {processor.py:183} INFO - Processing /opt/airflow/dags/dag_shipment_sim.py took 0.050 seconds
[2026-06-28T06:15:50.386+0000] {processor.py:161} INFO - Started process (PID=9440) to work on /opt/airflow/dags/dag_shipment_sim.py
[2026-06-28T06:15:50.387+0000] {processor.py:830} INFO - Processing file /opt/airflow/dags/dag_shipment_sim.py for tasks to queue
[2026-06-28T06:15:50.388+0000] {logging_mixin.py:188} INFO - [2026-06-28T06:15:50.388+0000] {dagbag.py:545} INFO - Filling up the DagBag from /opt/airflow/dags/dag_shipment_sim.py
[2026-06-28T06:15:50.394+0000] {processor.py:840} INFO - DAG(s) 'logistics_shipment_simulator' retrieved from /opt/airflow/dags/dag_shipment_sim.py
[2026-06-28T06:15:50.408+0000] {logging_mixin.py:188} INFO - [2026-06-28T06:15:50.408+0000] {dag.py:3096} INFO - Sync 1 DAGs
[2026-06-28T06:15:50.419+0000] {logging_mixin.py:188} INFO - [2026-06-28T06:15:50.419+0000] {dag.py:3954} INFO - Setting next_dagrun for logistics_shipment_simulator to 2026-06-28 06:14:00+00:00, run_after=2026-06-28 06:16:00+00:00
[2026-06-28T06:15:50.428+0000] {processor.py:183} INFO - Processing /opt/airflow/dags/dag_shipment_sim.py took 0.045 seconds
[2026-06-28T06:58:40.527+0000] {processor.py:161} INFO - Started process (PID=9457) to work on /opt/airflow/dags/dag_shipment_sim.py
[2026-06-28T06:58:40.528+0000] {processor.py:830} INFO - Processing file /opt/airflow/dags/dag_shipment_sim.py for tasks to queue
[2026-06-28T06:58:40.529+0000] {logging_mixin.py:188} INFO - [2026-06-28T06:58:40.529+0000] {dagbag.py:545} INFO - Filling up the DagBag from /opt/airflow/dags/dag_shipment_sim.py
[2026-06-28T06:58:40.533+0000] {processor.py:840} INFO - DAG(s) 'logistics_shipment_simulator' retrieved from /opt/airflow/dags/dag_shipment_sim.py
[2026-06-28T06:58:40.544+0000] {logging_mixin.py:188} INFO - [2026-06-28T06:58:40.544+0000] {dag.py:3096} INFO - Sync 1 DAGs
[2026-06-28T06:58:40.551+0000] {logging_mixin.py:188} INFO - [2026-06-28T06:58:40.551+0000] {dag.py:3954} INFO - Setting next_dagrun for logistics_shipment_simulator to 2026-06-28 06:56:00+00:00, run_after=2026-06-28 06:58:00+00:00
[2026-06-28T06:58:40.558+0000] {processor.py:183} INFO - Processing /opt/airflow/dags/dag_shipment_sim.py took 0.034 seconds
[2026-06-28T08:17:07.550+0000] {processor.py:161} INFO - Started process (PID=9476) to work on /opt/airflow/dags/dag_shipment_sim.py
[2026-06-28T08:17:07.551+0000] {processor.py:830} INFO - Processing file /opt/airflow/dags/dag_shipment_sim.py for tasks to queue
[2026-06-28T08:17:07.552+0000] {logging_mixin.py:188} INFO - [2026-06-28T08:17:07.551+0000] {dagbag.py:545} INFO - Filling up the DagBag from /opt/airflow/dags/dag_shipment_sim.py
[2026-06-28T08:17:07.557+0000] {processor.py:840} INFO - DAG(s) 'logistics_shipment_simulator' retrieved from /opt/airflow/dags/dag_shipment_sim.py
[2026-06-28T08:17:07.569+0000] {logging_mixin.py:188} INFO - [2026-06-28T08:17:07.569+0000] {dag.py:3096} INFO - Sync 1 DAGs
[2026-06-28T08:17:07.580+0000] {logging_mixin.py:188} INFO - [2026-06-28T08:17:07.579+0000] {dag.py:3954} INFO - Setting next_dagrun for logistics_shipment_simulator to 2026-06-28 08:16:00+00:00, run_after=2026-06-28 08:18:00+00:00
[2026-06-28T08:17:07.586+0000] {processor.py:183} INFO - Processing /opt/airflow/dags/dag_shipment_sim.py took 0.039 seconds
[2026-06-28T09:06:30.918+0000] {processor.py:161} INFO - Started process (PID=9493) to work on /opt/airflow/dags/dag_shipment_sim.py
[2026-06-28T09:06:30.919+0000] {processor.py:830} INFO - Processing file /opt/airflow/dags/dag_shipment_sim.py for tasks to queue
[2026-06-28T09:06:30.919+0000] {logging_mixin.py:188} INFO - [2026-06-28T09:06:30.919+0000] {dagbag.py:545} INFO - Filling up the DagBag from /opt/airflow/dags/dag_shipment_sim.py
[2026-06-28T09:06:30.923+0000] {processor.py:840} INFO - DAG(s) 'logistics_shipment_simulator' retrieved from /opt/airflow/dags/dag_shipment_sim.py
[2026-06-28T09:06:30.942+0000] {logging_mixin.py:188} INFO - [2026-06-28T09:06:30.941+0000] {dag.py:3096} INFO - Sync 1 DAGs
[2026-06-28T09:06:30.951+0000] {logging_mixin.py:188} INFO - [2026-06-28T09:06:30.951+0000] {dag.py:3954} INFO - Setting next_dagrun for logistics_shipment_simulator to 2026-06-28 09:04:00+00:00, run_after=2026-06-28 09:06:00+00:00
[2026-06-28T09:06:30.957+0000] {processor.py:183} INFO - Processing /opt/airflow/dags/dag_shipment_sim.py took 0.042 seconds
[2026-06-28T10:19:10.372+0000] {processor.py:161} INFO - Started process (PID=9514) to work on /opt/airflow/dags/dag_shipment_sim.py
[2026-06-28T10:19:10.373+0000] {processor.py:830} INFO - Processing file /opt/airflow/dags/dag_shipment_sim.py for tasks to queue
[2026-06-28T10:19:10.373+0000] {logging_mixin.py:188} INFO - [2026-06-28T10:19:10.373+0000] {dagbag.py:545} INFO - Filling up the DagBag from /opt/airflow/dags/dag_shipment_sim.py
[2026-06-28T10:19:10.378+0000] {processor.py:840} INFO - DAG(s) 'logistics_shipment_simulator' retrieved from /opt/airflow/dags/dag_shipment_sim.py
[2026-06-28T10:19:10.389+0000] {logging_mixin.py:188} INFO - [2026-06-28T10:19:10.389+0000] {dag.py:3096} INFO - Sync 1 DAGs
[2026-06-28T10:19:10.397+0000] {logging_mixin.py:188} INFO - [2026-06-28T10:19:10.397+0000] {dag.py:3954} INFO - Setting next_dagrun for logistics_shipment_simulator to 2026-06-28 10:18:00+00:00, run_after=2026-06-28 10:20:00+00:00
[2026-06-28T10:19:10.404+0000] {processor.py:183} INFO - Processing /opt/airflow/dags/dag_shipment_sim.py took 0.034 seconds
[2026-06-28T11:36:05.855+0000] {processor.py:161} INFO - Started process (PID=9533) to work on /opt/airflow/dags/dag_shipment_sim.py
[2026-06-28T11:36:05.855+0000] {processor.py:830} INFO - Processing file /opt/airflow/dags/dag_shipment_sim.py for tasks to queue
[2026-06-28T11:36:05.861+0000] {logging_mixin.py:188} INFO - [2026-06-28T11:36:05.860+0000] {dagbag.py:545} INFO - Filling up the DagBag from /opt/airflow/dags/dag_shipment_sim.py
[2026-06-28T11:36:05.869+0000] {processor.py:840} INFO - DAG(s) 'logistics_shipment_simulator' retrieved from /opt/airflow/dags/dag_shipment_sim.py
[2026-06-28T11:36:05.882+0000] {logging_mixin.py:188} INFO - [2026-06-28T11:36:05.882+0000] {dag.py:3096} INFO - Sync 1 DAGs
[2026-06-28T11:36:05.892+0000] {logging_mixin.py:188} INFO - [2026-06-28T11:36:05.891+0000] {dag.py:3954} INFO - Setting next_dagrun for logistics_shipment_simulator to 2026-06-28 11:36:00+00:00, run_after=2026-06-28 11:38:00+00:00
[2026-06-28T11:36:05.899+0000] {processor.py:183} INFO - Processing /opt/airflow/dags/dag_shipment_sim.py took 0.048 seconds
[2026-06-28T12:39:08.144+0000] {processor.py:161} INFO - Started process (PID=9552) to work on /opt/airflow/dags/dag_shipment_sim.py
[2026-06-28T12:39:08.145+0000] {processor.py:830} INFO - Processing file /opt/airflow/dags/dag_shipment_sim.py for tasks to queue
[2026-06-28T12:39:08.145+0000] {logging_mixin.py:188} INFO - [2026-06-28T12:39:08.145+0000] {dagbag.py:545} INFO - Filling up the DagBag from /opt/airflow/dags/dag_shipment_sim.py
[2026-06-28T12:39:08.150+0000] {processor.py:840} INFO - DAG(s) 'logistics_shipment_simulator' retrieved from /opt/airflow/dags/dag_shipment_sim.py
[2026-06-28T12:39:08.160+0000] {logging_mixin.py:188} INFO - [2026-06-28T12:39:08.159+0000] {dag.py:3096} INFO - Sync 1 DAGs
[2026-06-28T12:39:08.167+0000] {logging_mixin.py:188} INFO - [2026-06-28T12:39:08.167+0000] {dag.py:3954} INFO - Setting next_dagrun for logistics_shipment_simulator to 2026-06-28 12:38:00+00:00, run_after=2026-06-28 12:40:00+00:00
[2026-06-28T12:39:08.175+0000] {processor.py:183} INFO - Processing /opt/airflow/dags/dag_shipment_sim.py took 0.034 seconds
[2026-06-28T13:56:03.876+0000] {processor.py:161} INFO - Started process (PID=9569) to work on /opt/airflow/dags/dag_shipment_sim.py
[2026-06-28T13:56:03.877+0000] {processor.py:830} INFO - Processing file /opt/airflow/dags/dag_shipment_sim.py for tasks to queue
[2026-06-28T13:56:03.878+0000] {logging_mixin.py:188} INFO - [2026-06-28T13:56:03.878+0000] {dagbag.py:545} INFO - Filling up the DagBag from /opt/airflow/dags/dag_shipment_sim.py
[2026-06-28T13:56:03.884+0000] {processor.py:840} INFO - DAG(s) 'logistics_shipment_simulator' retrieved from /opt/airflow/dags/dag_shipment_sim.py
[2026-06-28T13:56:03.898+0000] {logging_mixin.py:188} INFO - [2026-06-28T13:56:03.898+0000] {dag.py:3096} INFO - Sync 1 DAGs
[2026-06-28T13:56:03.910+0000] {logging_mixin.py:188} INFO - [2026-06-28T13:56:03.910+0000] {dag.py:3954} INFO - Setting next_dagrun for logistics_shipment_simulator to 2026-06-28 13:56:00+00:00, run_after=2026-06-28 13:58:00+00:00
[2026-06-28T13:56:03.922+0000] {processor.py:183} INFO - Processing /opt/airflow/dags/dag_shipment_sim.py took 0.055 seconds
[2026-06-28T15:13:19.635+0000] {processor.py:161} INFO - Started process (PID=9590) to work on /opt/airflow/dags/dag_shipment_sim.py
[2026-06-28T15:13:19.636+0000] {processor.py:830} INFO - Processing file /opt/airflow/dags/dag_shipment_sim.py for tasks to queue
[2026-06-28T15:13:19.637+0000] {logging_mixin.py:188} INFO - [2026-06-28T15:13:19.636+0000] {dagbag.py:545} INFO - Filling up the DagBag from /opt/airflow/dags/dag_shipment_sim.py
[2026-06-28T15:13:19.641+0000] {processor.py:840} INFO - DAG(s) 'logistics_shipment_simulator' retrieved from /opt/airflow/dags/dag_shipment_sim.py
[2026-06-28T15:13:19.651+0000] {logging_mixin.py:188} INFO - [2026-06-28T15:13:19.651+0000] {dag.py:3096} INFO - Sync 1 DAGs
[2026-06-28T15:13:19.658+0000] {logging_mixin.py:188} INFO - [2026-06-28T15:13:19.658+0000] {dag.py:3954} INFO - Setting next_dagrun for logistics_shipment_simulator to 2026-06-28 15:12:00+00:00, run_after=2026-06-28 15:14:00+00:00
[2026-06-28T15:13:19.663+0000] {processor.py:183} INFO - Processing /opt/airflow/dags/dag_shipment_sim.py took 0.031 seconds
[2026-06-28T16:03:48.743+0000] {processor.py:161} INFO - Started process (PID=9607) to work on /opt/airflow/dags/dag_shipment_sim.py
[2026-06-28T16:03:48.744+0000] {processor.py:830} INFO - Processing file /opt/airflow/dags/dag_shipment_sim.py for tasks to queue
[2026-06-28T16:03:48.744+0000] {logging_mixin.py:188} INFO - [2026-06-28T16:03:48.744+0000] {dagbag.py:545} INFO - Filling up the DagBag from /opt/airflow/dags/dag_shipment_sim.py
[2026-06-28T16:03:48.755+0000] {processor.py:840} INFO - DAG(s) 'logistics_shipment_simulator' retrieved from /opt/airflow/dags/dag_shipment_sim.py
[2026-06-28T16:03:48.779+0000] {logging_mixin.py:188} INFO - [2026-06-28T16:03:48.779+0000] {dag.py:3096} INFO - Sync 1 DAGs
[2026-06-28T16:03:48.794+0000] {logging_mixin.py:188} INFO - [2026-06-28T16:03:48.794+0000] {dag.py:3954} INFO - Setting next_dagrun for logistics_shipment_simulator to 2026-06-28 16:02:00+00:00, run_after=2026-06-28 16:04:00+00:00
[2026-06-28T16:03:48.813+0000] {processor.py:183} INFO - Processing /opt/airflow/dags/dag_shipment_sim.py took 0.074 seconds
[2026-06-28T17:25:48.082+0000] {processor.py:161} INFO - Started process (PID=9626) to work on /opt/airflow/dags/dag_shipment_sim.py
[2026-06-28T17:25:48.083+0000] {processor.py:830} INFO - Processing file /opt/airflow/dags/dag_shipment_sim.py for tasks to queue
[2026-06-28T17:25:48.083+0000] {logging_mixin.py:188} INFO - [2026-06-28T17:25:48.083+0000] {dagbag.py:545} INFO - Filling up the DagBag from /opt/airflow/dags/dag_shipment_sim.py
[2026-06-28T17:25:48.088+0000] {processor.py:840} INFO - DAG(s) 'logistics_shipment_simulator' retrieved from /opt/airflow/dags/dag_shipment_sim.py
[2026-06-28T17:25:48.101+0000] {logging_mixin.py:188} INFO - [2026-06-28T17:25:48.100+0000] {dag.py:3096} INFO - Sync 1 DAGs
[2026-06-28T17:25:48.109+0000] {logging_mixin.py:188} INFO - [2026-06-28T17:25:48.109+0000] {dag.py:3954} INFO - Setting next_dagrun for logistics_shipment_simulator to 2026-06-28 17:22:00+00:00, run_after=2026-06-28 17:24:00+00:00
[2026-06-28T17:25:48.116+0000] {processor.py:183} INFO - Processing /opt/airflow/dags/dag_shipment_sim.py took 0.037 seconds
[2026-06-28T18:26:55.394+0000] {processor.py:161} INFO - Started process (PID=9647) to work on /opt/airflow/dags/dag_shipment_sim.py
[2026-06-28T18:26:55.395+0000] {processor.py:830} INFO - Processing file /opt/airflow/dags/dag_shipment_sim.py for tasks to queue
[2026-06-28T18:26:55.397+0000] {logging_mixin.py:188} INFO - [2026-06-28T18:26:55.396+0000] {dagbag.py:545} INFO - Filling up the DagBag from /opt/airflow/dags/dag_shipment_sim.py
[2026-06-28T18:26:55.407+0000] {processor.py:840} INFO - DAG(s) 'logistics_shipment_simulator' retrieved from /opt/airflow/dags/dag_shipment_sim.py
[2026-06-28T18:26:55.426+0000] {logging_mixin.py:188} INFO - [2026-06-28T18:26:55.425+0000] {dag.py:3096} INFO - Sync 1 DAGs
[2026-06-28T18:26:55.441+0000] {logging_mixin.py:188} INFO - [2026-06-28T18:26:55.441+0000] {dag.py:3954} INFO - Setting next_dagrun for logistics_shipment_simulator to 2026-06-28 18:26:00+00:00, run_after=2026-06-28 18:28:00+00:00
[2026-06-28T18:26:55.454+0000] {processor.py:183} INFO - Processing /opt/airflow/dags/dag_shipment_sim.py took 0.064 seconds
[2026-06-28T19:37:56.460+0000] {processor.py:161} INFO - Started process (PID=9664) to work on /opt/airflow/dags/dag_shipment_sim.py
[2026-06-28T19:37:56.460+0000] {processor.py:830} INFO - Processing file /opt/airflow/dags/dag_shipment_sim.py for tasks to queue
[2026-06-28T19:37:56.461+0000] {logging_mixin.py:188} INFO - [2026-06-28T19:37:56.461+0000] {dagbag.py:545} INFO - Filling up the DagBag from /opt/airflow/dags/dag_shipment_sim.py
[2026-06-28T19:37:56.467+0000] {processor.py:840} INFO - DAG(s) 'logistics_shipment_simulator' retrieved from /opt/airflow/dags/dag_shipment_sim.py
[2026-06-28T19:37:56.482+0000] {logging_mixin.py:188} INFO - [2026-06-28T19:37:56.482+0000] {dag.py:3096} INFO - Sync 1 DAGs
[2026-06-28T19:37:56.492+0000] {logging_mixin.py:188} INFO - [2026-06-28T19:37:56.492+0000] {dag.py:3954} INFO - Setting next_dagrun for logistics_shipment_simulator to 2026-06-28 19:36:00+00:00, run_after=2026-06-28 19:38:00+00:00
[2026-06-28T19:37:56.507+0000] {processor.py:183} INFO - Processing /opt/airflow/dags/dag_shipment_sim.py took 0.052 seconds
[2026-06-28T21:14:36.682+0000] {processor.py:161} INFO - Started process (PID=9685) to work on /opt/airflow/dags/dag_shipment_sim.py
[2026-06-28T21:14:36.682+0000] {processor.py:830} INFO - Processing file /opt/airflow/dags/dag_shipment_sim.py for tasks to queue
[2026-06-28T21:14:36.683+0000] {logging_mixin.py:188} INFO - [2026-06-28T21:14:36.683+0000] {dagbag.py:545} INFO - Filling up the DagBag from /opt/airflow/dags/dag_shipment_sim.py
[2026-06-28T21:14:36.688+0000] {processor.py:840} INFO - DAG(s) 'logistics_shipment_simulator' retrieved from /opt/airflow/dags/dag_shipment_sim.py
[2026-06-28T21:14:36.701+0000] {logging_mixin.py:188} INFO - [2026-06-28T21:14:36.701+0000] {dag.py:3096} INFO - Sync 1 DAGs
[2026-06-28T21:14:36.710+0000] {logging_mixin.py:188} INFO - [2026-06-28T21:14:36.710+0000] {dag.py:3954} INFO - Setting next_dagrun for logistics_shipment_simulator to 2026-06-28 21:12:00+00:00, run_after=2026-06-28 21:14:00+00:00
[2026-06-28T21:14:36.717+0000] {processor.py:183} INFO - Processing /opt/airflow/dags/dag_shipment_sim.py took 0.038 seconds
[2026-06-28T22:24:17.615+0000] {processor.py:161} INFO - Started process (PID=9702) to work on /opt/airflow/dags/dag_shipment_sim.py
[2026-06-28T22:24:17.616+0000] {processor.py:830} INFO - Processing file /opt/airflow/dags/dag_shipment_sim.py for tasks to queue
[2026-06-28T22:24:17.617+0000] {logging_mixin.py:188} INFO - [2026-06-28T22:24:17.616+0000] {dagbag.py:545} INFO - Filling up the DagBag from /opt/airflow/dags/dag_shipment_sim.py
[2026-06-28T22:24:17.621+0000] {processor.py:840} INFO - DAG(s) 'logistics_shipment_simulator' retrieved from /opt/airflow/dags/dag_shipment_sim.py
[2026-06-28T22:24:17.631+0000] {logging_mixin.py:188} INFO - [2026-06-28T22:24:17.631+0000] {dag.py:3096} INFO - Sync 1 DAGs
[2026-06-28T22:24:17.639+0000] {logging_mixin.py:188} INFO - [2026-06-28T22:24:17.639+0000] {dag.py:3954} INFO - Setting next_dagrun for logistics_shipment_simulator to 2026-06-28 22:22:00+00:00, run_after=2026-06-28 22:24:00+00:00
[2026-06-28T22:24:17.644+0000] {processor.py:183} INFO - Processing /opt/airflow/dags/dag_shipment_sim.py took 0.032 seconds
[2026-06-28T23:20:18.858+0000] {processor.py:161} INFO - Started process (PID=9719) to work on /opt/airflow/dags/dag_shipment_sim.py
[2026-06-28T23:20:18.859+0000] {processor.py:830} INFO - Processing file /opt/airflow/dags/dag_shipment_sim.py for tasks to queue
[2026-06-28T23:20:18.860+0000] {logging_mixin.py:188} INFO - [2026-06-28T23:20:18.860+0000] {dagbag.py:545} INFO - Filling up the DagBag from /opt/airflow/dags/dag_shipment_sim.py
[2026-06-28T23:20:18.865+0000] {processor.py:840} INFO - DAG(s) 'logistics_shipment_simulator' retrieved from /opt/airflow/dags/dag_shipment_sim.py
[2026-06-28T23:20:18.877+0000] {logging_mixin.py:188} INFO - [2026-06-28T23:20:18.877+0000] {dag.py:3096} INFO - Sync 1 DAGs
[2026-06-28T23:20:18.885+0000] {logging_mixin.py:188} INFO - [2026-06-28T23:20:18.885+0000] {dag.py:3954} INFO - Setting next_dagrun for logistics_shipment_simulator to 2026-06-28 23:18:00+00:00, run_after=2026-06-28 23:20:00+00:00
[2026-06-28T23:20:18.892+0000] {processor.py:183} INFO - Processing /opt/airflow/dags/dag_shipment_sim.py took 0.041 seconds
