[2026-07-07T05:10:02.512+0000] {local_task_job_runner.py:120} INFO - ::group::Pre task execution logs
[2026-07-07T05:10:02.543+0000] {taskinstance.py:2076} INFO - Dependencies all met for dep_context=non-requeueable deps ti=<TaskInstance: gold_dbt_dag.trigger_dbt_build dataset_triggered__2026-07-07T05:10:01.885819+00:00 [queued]>
[2026-07-07T05:10:02.548+0000] {taskinstance.py:2076} INFO - Dependencies all met for dep_context=requeueable deps ti=<TaskInstance: gold_dbt_dag.trigger_dbt_build dataset_triggered__2026-07-07T05:10:01.885819+00:00 [queued]>
[2026-07-07T05:10:02.548+0000] {taskinstance.py:2306} INFO - Starting attempt 1 of 2
[2026-07-07T05:10:02.557+0000] {taskinstance.py:2330} INFO - Executing <Task(BashOperator): trigger_dbt_build> on 2026-07-07 05:10:01.885819+00:00
[2026-07-07T05:10:02.562+0000] {standard_task_runner.py:90} INFO - Running: ['***', 'tasks', 'run', 'gold_dbt_dag', 'trigger_dbt_build', 'dataset_triggered__2026-07-07T05:10:01.885819+00:00', '--job-id', '915', '--raw', '--subdir', 'DAGS_FOLDER/dag_gold_dbt.py', '--cfg-path', '/tmp/tmpjjfvfc_v']
[2026-07-07T05:10:02.564+0000] {standard_task_runner.py:91} INFO - Job 915: Subtask trigger_dbt_build
[2026-07-07T05:10:02.565+0000] {logging_mixin.py:188} WARNING - /home/***/.local/lib/python3.12/site-packages/***/task/task_runner/standard_task_runner.py:61 DeprecationWarning: This process (pid=31700) is multi-threaded, use of fork() may lead to deadlocks in the child.
[2026-07-07T05:10:02.566+0000] {standard_task_runner.py:63} INFO - Started process 31701 to run task
[2026-07-07T05:10:02.593+0000] {task_command.py:426} INFO - Running <TaskInstance: gold_dbt_dag.trigger_dbt_build dataset_triggered__2026-07-07T05:10:01.885819+00:00 [running]> on host bd23e89d97be
[2026-07-07T05:10:02.647+0000] {taskinstance.py:2648} INFO - Exporting env vars: AIRFLOW_CTX_DAG_OWNER='data_engineer' AIRFLOW_CTX_DAG_ID='gold_dbt_dag' AIRFLOW_CTX_TASK_ID='trigger_dbt_build' AIRFLOW_CTX_EXECUTION_DATE='2026-07-07T05:10:01.885819+00:00' AIRFLOW_CTX_TRY_NUMBER='1' AIRFLOW_CTX_DAG_RUN_ID='dataset_triggered__2026-07-07T05:10:01.885819+00:00'
[2026-07-07T05:10:02.648+0000] {taskinstance.py:430} INFO - ::endgroup::
[2026-07-07T05:10:02.660+0000] {subprocess.py:63} INFO - Tmp dir root location: /tmp
[2026-07-07T05:10:02.661+0000] {subprocess.py:75} INFO - Running command: ['/usr/bin/bash', '-c', 'cd /opt/***/dbt && dbt build --profiles-dir . --target dev']
[2026-07-07T05:10:02.665+0000] {subprocess.py:86} INFO - Output:
[2026-07-07T05:10:03.951+0000] {subprocess.py:93} INFO - [0m05:10:03  Running with dbt=1.11.11
[2026-07-07T05:10:04.644+0000] {subprocess.py:93} INFO - [0m05:10:04  Registered adapter: bigquery=1.11.3
[2026-07-07T05:10:04.880+0000] {subprocess.py:93} INFO - [0m05:10:04  Found 6 models, 4 sources, 553 macros
[2026-07-07T05:10:04.881+0000] {subprocess.py:93} INFO - [0m05:10:04
[2026-07-07T05:10:04.881+0000] {subprocess.py:93} INFO - [0m05:10:04  Concurrency: 4 threads (target='dev')
[2026-07-07T05:10:04.881+0000] {subprocess.py:93} INFO - [0m05:10:04
[2026-07-07T05:10:08.017+0000] {subprocess.py:93} INFO - [0m05:10:08  1 of 6 START sql table model logistics_mart.dim_drivers ........................ [RUN]
[2026-07-07T05:10:08.019+0000] {subprocess.py:93} INFO - [0m05:10:08  2 of 6 START sql table model logistics_mart.dim_hubs ........................... [RUN]
[2026-07-07T05:10:08.020+0000] {subprocess.py:93} INFO - [0m05:10:08  3 of 6 START sql view model logistics_mart.stg_shipments ....................... [RUN]
[2026-07-07T05:10:08.020+0000] {subprocess.py:93} INFO - [0m05:10:08  4 of 6 START sql view model logistics_mart.stg_weather ......................... [RUN]
[2026-07-07T05:10:10.081+0000] {subprocess.py:93} INFO - [0m05:10:10  3 of 6 OK created sql view model logistics_mart.stg_shipments .................. [[32mCREATE VIEW (0 processed)[0m in 2.06s]
[2026-07-07T05:10:10.081+0000] {subprocess.py:93} INFO - [0m05:10:10  4 of 6 OK created sql view model logistics_mart.stg_weather .................... [[32mCREATE VIEW (0 processed)[0m in 2.06s]
[2026-07-07T05:10:10.083+0000] {subprocess.py:93} INFO - [0m05:10:10  5 of 6 START sql view model logistics_mart.stg_weather_consensus ............... [RUN]
[2026-07-07T05:10:11.427+0000] {subprocess.py:93} INFO - [0m05:10:11  BigQuery adapter: https://console.cloud.google.com/bigquery?project=logistics-500519&j=bq:US:87511601-08bf-4e1a-a55f-c2027a157f8a&page=queryresults
[2026-07-07T05:10:11.450+0000] {subprocess.py:93} INFO - [0m05:10:11  5 of 6 ERROR creating sql view model logistics_mart.stg_weather_consensus ...... [[31mERROR[0m in 1.36s]
[2026-07-07T06:18:08.128+0000] {local_task_job_runner.py:310} WARNING - State of this instance has been externally set to up_for_retry. Terminating instance.
[2026-07-07T06:18:08.137+0000] {local_task_job_runner.py:222} INFO - ::endgroup::
[2026-07-07T06:18:08.147+0000] {process_utils.py:132} INFO - Sending 15 to group 31701. PIDs of all processes in the group: [31702, 31716, 31701]
[2026-07-07T06:18:08.147+0000] {process_utils.py:87} INFO - Sending the signal 15 to group 31701
[2026-07-07T06:18:08.148+0000] {taskinstance.py:2611} ERROR - Received SIGTERM. Terminating subprocesses.
[2026-07-07T06:18:08.150+0000] {subprocess.py:104} INFO - Sending SIGTERM signal to process group
[2026-07-07T06:18:08.152+0000] {taskinstance.py:441} INFO - ::group::Post task execution logs
[2026-07-07T06:18:08.197+0000] {taskinstance.py:2905} ERROR - Task failed with exception
Traceback (most recent call last):
  File "/home/airflow/.local/lib/python3.12/site-packages/airflow/models/taskinstance.py", line 465, in _execute_task
    result = _execute_callable(context=context, **execute_callable_kwargs)
             ^^^^^^^^^^^^^^^^^^^^^^^^^^^^^^^^^^^^^^^^^^^^^^^^^^^^^^^^^^^^^
  File "/home/airflow/.local/lib/python3.12/site-packages/airflow/models/taskinstance.py", line 432, in _execute_callable
    return execute_callable(context=context, **execute_callable_kwargs)
           ^^^^^^^^^^^^^^^^^^^^^^^^^^^^^^^^^^^^^^^^^^^^^^^^^^^^^^^^^^^^
  File "/home/airflow/.local/lib/python3.12/site-packages/airflow/models/baseoperator.py", line 400, in wrapper
    return func(self, *args, **kwargs)
           ^^^^^^^^^^^^^^^^^^^^^^^^^^^
  File "/home/airflow/.local/lib/python3.12/site-packages/airflow/operators/bash.py", line 234, in execute
    result = self.subprocess_hook.run_command(
             ^^^^^^^^^^^^^^^^^^^^^^^^^^^^^^^^^
  File "/home/airflow/.local/lib/python3.12/site-packages/airflow/hooks/subprocess.py", line 91, in run_command
    for raw_line in iter(self.sub_process.stdout.readline, b""):
  File "/home/airflow/.local/lib/python3.12/site-packages/airflow/models/taskinstance.py", line 2613, in signal_handler
    raise AirflowTaskTerminated("Task received SIGTERM signal")
airflow.exceptions.AirflowTaskTerminated: Task received SIGTERM signal
[2026-07-07T06:18:08.212+0000] {taskinstance.py:1206} INFO - Marking task as FAILED. dag_id=gold_dbt_dag, task_id=trigger_dbt_build, run_id=dataset_triggered__2026-07-07T05:10:01.885819+00:00, execution_date=20260707T051001, start_date=20260707T051002, end_date=20260707T061808
[2026-07-07T06:18:08.245+0000] {process_utils.py:80} INFO - Process psutil.Process(pid=31716, status='terminated', started='05:10:04') (31716) terminated with exit code None
[2026-07-07T06:18:08.255+0000] {process_utils.py:80} INFO - Process psutil.Process(pid=31701, status='terminated', exitcode=2, started='05:10:02') (31701) terminated with exit code 2
[2026-07-07T06:18:08.256+0000] {process_utils.py:80} INFO - Process psutil.Process(pid=31702, status='terminated', started='05:10:02') (31702) terminated with exit code None
