[2026-07-11T16:49:07.810+0000] {local_task_job_runner.py:120} INFO - ::group::Pre task execution logs
[2026-07-11T16:49:07.835+0000] {taskinstance.py:2076} INFO - Dependencies all met for dep_context=non-requeueable deps ti=<TaskInstance: gold_dbt_dag.trigger_dbt_build manual__2026-07-11T16:46:53.765740+00:00 [queued]>
[2026-07-11T16:49:07.839+0000] {taskinstance.py:2076} INFO - Dependencies all met for dep_context=requeueable deps ti=<TaskInstance: gold_dbt_dag.trigger_dbt_build manual__2026-07-11T16:46:53.765740+00:00 [queued]>
[2026-07-11T16:49:07.839+0000] {taskinstance.py:2306} INFO - Starting attempt 2 of 2
[2026-07-11T16:49:07.847+0000] {taskinstance.py:2330} INFO - Executing <Task(BashOperator): trigger_dbt_build> on 2026-07-11 16:46:53.765740+00:00
[2026-07-11T16:49:07.855+0000] {logging_mixin.py:188} WARNING - /home/***/.local/lib/python3.12/site-packages/***/task/task_runner/standard_task_runner.py:61 DeprecationWarning: This process (pid=2819) is multi-threaded, use of fork() may lead to deadlocks in the child.
[2026-07-11T16:49:07.853+0000] {standard_task_runner.py:90} INFO - Running: ['***', 'tasks', 'run', 'gold_dbt_dag', 'trigger_dbt_build', 'manual__2026-07-11T16:46:53.765740+00:00', '--job-id', '14', '--raw', '--subdir', 'DAGS_FOLDER/dag_gold_dbt.py', '--cfg-path', '/tmp/tmpru7oxovc']
[2026-07-11T16:49:07.856+0000] {standard_task_runner.py:91} INFO - Job 14: Subtask trigger_dbt_build
[2026-07-11T16:49:07.855+0000] {standard_task_runner.py:63} INFO - Started process 2820 to run task
[2026-07-11T16:49:07.888+0000] {task_command.py:426} INFO - Running <TaskInstance: gold_dbt_dag.trigger_dbt_build manual__2026-07-11T16:46:53.765740+00:00 [running]> on host ad4e12f53b08
[2026-07-11T16:49:07.938+0000] {taskinstance.py:2648} INFO - Exporting env vars: AIRFLOW_CTX_DAG_OWNER='data_engineer' AIRFLOW_CTX_DAG_ID='gold_dbt_dag' AIRFLOW_CTX_TASK_ID='trigger_dbt_build' AIRFLOW_CTX_EXECUTION_DATE='2026-07-11T16:46:53.765740+00:00' AIRFLOW_CTX_TRY_NUMBER='2' AIRFLOW_CTX_DAG_RUN_ID='manual__2026-07-11T16:46:53.765740+00:00'
[2026-07-11T16:49:07.939+0000] {taskinstance.py:430} INFO - ::endgroup::
[2026-07-11T16:49:07.950+0000] {subprocess.py:63} INFO - Tmp dir root location: /tmp
[2026-07-11T16:49:07.953+0000] {subprocess.py:75} INFO - Running command: ['/usr/bin/bash', '-c', 'cd /opt/***/dbt && dbt build --profiles-dir . --target dev']
[2026-07-11T16:49:07.959+0000] {subprocess.py:86} INFO - Output:
[2026-07-11T16:49:09.775+0000] {subprocess.py:93} INFO - [0m16:49:09  Running with dbt=1.11.11
[2026-07-11T16:49:10.512+0000] {subprocess.py:93} INFO - [0m16:49:10  Registered adapter: bigquery=1.11.3
[2026-07-11T16:49:10.800+0000] {subprocess.py:93} INFO - [0m16:49:10  Found 6 models, 4 sources, 553 macros
[2026-07-11T16:49:10.803+0000] {subprocess.py:93} INFO - [0m16:49:10
[2026-07-11T16:49:10.803+0000] {subprocess.py:93} INFO - [0m16:49:10  Concurrency: 4 threads (target='dev')
[2026-07-11T16:49:10.804+0000] {subprocess.py:93} INFO - [0m16:49:10
[2026-07-11T16:49:12.502+0000] {subprocess.py:93} INFO - [0m16:49:12  1 of 6 START sql table model logistics_mart.dim_drivers ........................ [RUN]
[2026-07-11T16:49:12.503+0000] {subprocess.py:93} INFO - [0m16:49:12  2 of 6 START sql table model logistics_mart.dim_hubs ........................... [RUN]
[2026-07-11T16:49:12.503+0000] {subprocess.py:93} INFO - [0m16:49:12  3 of 6 START sql view model logistics_mart.stg_shipments ....................... [RUN]
[2026-07-11T16:49:12.504+0000] {subprocess.py:93} INFO - [0m16:49:12  4 of 6 START sql view model logistics_mart.stg_weather ......................... [RUN]
[2026-07-11T16:49:14.528+0000] {subprocess.py:93} INFO - [0m16:49:14  BigQuery adapter: https://console.cloud.google.com/bigquery?project=logistics-500519&j=bq:US:fa47ab8b-5819-4c53-a3c0-aae3382ae195&page=queryresults
[2026-07-11T16:49:14.569+0000] {subprocess.py:93} INFO - [0m16:49:14  BigQuery adapter: https://console.cloud.google.com/bigquery?project=logistics-500519&j=bq:US:91cb0e90-8c98-4701-87c1-73a959ec9d7d&page=queryresults
[2026-07-11T16:49:14.578+0000] {subprocess.py:93} INFO - [0m16:49:14  3 of 6 OK created sql view model logistics_mart.stg_shipments .................. [[32mCREATE VIEW (0 processed)[0m in 2.07s]
[2026-07-11T16:49:14.581+0000] {subprocess.py:93} INFO - [0m16:49:14  5 of 6 START sql view model logistics_mart.stg_weather_consensus ............... [RUN]
[2026-07-11T16:49:14.600+0000] {subprocess.py:93} INFO - [0m16:49:14  2 of 6 ERROR creating sql table model logistics_mart.dim_hubs .................. [[31mERROR[0m in 2.09s]
[2026-07-11T16:49:14.602+0000] {subprocess.py:93} INFO - [0m16:49:14  1 of 6 ERROR creating sql table model logistics_mart.dim_drivers ............... [[31mERROR[0m in 2.09s]
[2026-07-11T16:49:14.639+0000] {subprocess.py:93} INFO - [0m16:49:14  4 of 6 OK created sql view model logistics_mart.stg_weather .................... [[32mCREATE VIEW (0 processed)[0m in 2.13s]
[2026-07-11T16:49:16.237+0000] {subprocess.py:93} INFO - [0m16:49:16  5 of 6 OK created sql view model logistics_mart.stg_weather_consensus .......... [[32mCREATE VIEW (0 processed)[0m in 1.65s]
[2026-07-11T16:49:16.245+0000] {subprocess.py:93} INFO - [0m16:49:16  6 of 6 SKIP relation logistics_mart.fact_shipment_weather ...................... [[33mSKIP[0m]
[2026-07-11T16:49:16.296+0000] {subprocess.py:93} INFO - [0m16:49:16
[2026-07-11T16:49:16.297+0000] {subprocess.py:93} INFO - [0m16:49:16  Finished running 3 table models, 3 view models in 0 hours 0 minutes and 5.49 seconds (5.49s).
[2026-07-11T16:49:16.385+0000] {subprocess.py:93} INFO - [0m16:49:16
[2026-07-11T16:49:16.387+0000] {subprocess.py:93} INFO - [0m16:49:16  [31mCompleted with 2 errors, 0 partial successes, and 0 warnings:[0m
[2026-07-11T16:49:16.390+0000] {subprocess.py:93} INFO - [0m16:49:16
[2026-07-11T16:49:16.391+0000] {subprocess.py:93} INFO - [0m16:49:16  [31mFailure in model dim_hubs (models/mart/dim_hubs.sql)[0m
[2026-07-11T16:49:16.392+0000] {subprocess.py:93} INFO - [0m16:49:16    Database Error in model dim_hubs (models/mart/dim_hubs.sql)
[2026-07-11T16:49:16.392+0000] {subprocess.py:93} INFO -   Unrecognized name: is_current at [24:7]
[2026-07-11T16:49:16.393+0000] {subprocess.py:93} INFO -   compiled code at target/run/logistics_lakehouse/models/mart/dim_hubs.sql
[2026-07-11T16:49:16.393+0000] {subprocess.py:93} INFO - [0m16:49:16
[2026-07-11T16:49:16.394+0000] {subprocess.py:93} INFO - [0m16:49:16    compiled code at target/compiled/logistics_lakehouse/models/mart/dim_hubs.sql
[2026-07-11T16:49:16.395+0000] {subprocess.py:93} INFO - [0m16:49:16
[2026-07-11T16:49:16.396+0000] {subprocess.py:93} INFO - [0m16:49:16  [31mFailure in model dim_drivers (models/mart/dim_drivers.sql)[0m
[2026-07-11T16:49:16.396+0000] {subprocess.py:93} INFO - [0m16:49:16    Database Error in model dim_drivers (models/mart/dim_drivers.sql)
[2026-07-11T16:49:16.397+0000] {subprocess.py:93} INFO -   Unrecognized name: is_current at [24:7]
[2026-07-11T16:49:16.397+0000] {subprocess.py:93} INFO -   compiled code at target/run/logistics_lakehouse/models/mart/dim_drivers.sql
[2026-07-11T16:49:16.397+0000] {subprocess.py:93} INFO - [0m16:49:16
[2026-07-11T16:49:16.398+0000] {subprocess.py:93} INFO - [0m16:49:16    compiled code at target/compiled/logistics_lakehouse/models/mart/dim_drivers.sql
[2026-07-11T16:49:16.398+0000] {subprocess.py:93} INFO - [0m16:49:16
[2026-07-11T16:49:16.399+0000] {subprocess.py:93} INFO - [0m16:49:16  Done. PASS=3 WARN=0 ERROR=2 SKIP=1 NO-OP=0 TOTAL=6
[2026-07-11T16:49:17.894+0000] {subprocess.py:97} INFO - Command exited with return code 1
[2026-07-11T16:49:17.896+0000] {taskinstance.py:441} INFO - ::group::Post task execution logs
[2026-07-11T16:49:17.918+0000] {taskinstance.py:2905} ERROR - Task failed with exception
Traceback (most recent call last):
  File "/home/airflow/.local/lib/python3.12/site-packages/airflow/models/taskinstance.py", line 465, in _execute_task
    result = _execute_callable(context=context, **execute_callable_kwargs)
             ^^^^^^^^^^^^^^^^^^^^^^^^^^^^^^^^^^^^^^^^^^^^^^^^^^^^^^^^^^^^^
  File "/home/airflow/.local/lib/python3.12/site-packages/airflow/models/taskinstance.py", line 432, in _execute_callable
    return execute_callable(context=context, **execute_callable_kwargs)
           ^^^^^^^^^^^^^^^^^^^^^^^^^^^^^^^^^^^^^^^^^^^^^^^^^^^^^^^^^^^^
  File "/home/airflow/.local/lib/python3.12/site-packages/airflow/models/baseoperator.py", line 400, in wrapper
    return func(self, *args, **kwargs)
           ^^^^^^^^^^^^^^^^^^^^^^^^^^^
  File "/home/airflow/.local/lib/python3.12/site-packages/airflow/operators/bash.py", line 243, in execute
    raise AirflowException(
airflow.exceptions.AirflowException: Bash command failed. The command returned a non-zero exit code 1.
[2026-07-11T16:49:17.922+0000] {taskinstance.py:1206} INFO - Marking task as FAILED. dag_id=gold_dbt_dag, task_id=trigger_dbt_build, run_id=manual__2026-07-11T16:46:53.765740+00:00, execution_date=20260711T164653, start_date=20260711T164907, end_date=20260711T164917
[2026-07-11T16:49:17.932+0000] {standard_task_runner.py:110} ERROR - Failed to execute job 14 for task trigger_dbt_build (Bash command failed. The command returned a non-zero exit code 1.; 2820)
[2026-07-11T16:49:17.971+0000] {local_task_job_runner.py:240} INFO - Task exited with return code 1
[2026-07-11T16:49:17.992+0000] {taskinstance.py:3498} INFO - 0 downstream tasks scheduled from follow-on schedule check
[2026-07-11T16:49:17.993+0000] {local_task_job_runner.py:222} INFO - ::endgroup::
