[2026-07-09T16:02:38.720+0000] {local_task_job_runner.py:120} INFO - ::group::Pre task execution logs
[2026-07-09T16:02:38.758+0000] {taskinstance.py:2076} INFO - Dependencies all met for dep_context=non-requeueable deps ti=<TaskInstance: gold_dbt_dag.trigger_dbt_build dataset_triggered__2026-07-09T16:00:17.731567+00:00 [queued]>
[2026-07-09T16:02:38.765+0000] {taskinstance.py:2076} INFO - Dependencies all met for dep_context=requeueable deps ti=<TaskInstance: gold_dbt_dag.trigger_dbt_build dataset_triggered__2026-07-09T16:00:17.731567+00:00 [queued]>
[2026-07-09T16:02:38.765+0000] {taskinstance.py:2306} INFO - Starting attempt 2 of 2
[2026-07-09T16:02:38.773+0000] {taskinstance.py:2330} INFO - Executing <Task(BashOperator): trigger_dbt_build> on 2026-07-09 16:00:17.731567+00:00
[2026-07-09T16:02:38.780+0000] {standard_task_runner.py:90} INFO - Running: ['***', 'tasks', 'run', 'gold_dbt_dag', 'trigger_dbt_build', 'dataset_triggered__2026-07-09T16:00:17.731567+00:00', '--job-id', '1325', '--raw', '--subdir', 'DAGS_FOLDER/dag_gold_dbt.py', '--cfg-path', '/tmp/tmppvo33hwn']
[2026-07-09T16:02:38.785+0000] {standard_task_runner.py:91} INFO - Job 1325: Subtask trigger_dbt_build
[2026-07-09T16:02:38.789+0000] {logging_mixin.py:188} WARNING - /home/***/.local/lib/python3.12/site-packages/***/task/task_runner/standard_task_runner.py:61 DeprecationWarning: This process (pid=78161) is multi-threaded, use of fork() may lead to deadlocks in the child.
[2026-07-09T16:02:38.790+0000] {standard_task_runner.py:63} INFO - Started process 78162 to run task
[2026-07-09T16:02:38.838+0000] {task_command.py:426} INFO - Running <TaskInstance: gold_dbt_dag.trigger_dbt_build dataset_triggered__2026-07-09T16:00:17.731567+00:00 [running]> on host bd23e89d97be
[2026-07-09T16:02:38.911+0000] {taskinstance.py:2648} INFO - Exporting env vars: AIRFLOW_CTX_DAG_OWNER='data_engineer' AIRFLOW_CTX_DAG_ID='gold_dbt_dag' AIRFLOW_CTX_TASK_ID='trigger_dbt_build' AIRFLOW_CTX_EXECUTION_DATE='2026-07-09T16:00:17.731567+00:00' AIRFLOW_CTX_TRY_NUMBER='2' AIRFLOW_CTX_DAG_RUN_ID='dataset_triggered__2026-07-09T16:00:17.731567+00:00'
[2026-07-09T16:02:38.912+0000] {taskinstance.py:430} INFO - ::endgroup::
[2026-07-09T16:02:38.927+0000] {subprocess.py:63} INFO - Tmp dir root location: /tmp
[2026-07-09T16:02:38.928+0000] {subprocess.py:75} INFO - Running command: ['/usr/bin/bash', '-c', 'cd /opt/***/dbt && dbt build --profiles-dir . --target dev']
[2026-07-09T16:02:38.935+0000] {subprocess.py:86} INFO - Output:
[2026-07-09T16:02:40.532+0000] {subprocess.py:93} INFO - [0m16:02:40  Running with dbt=1.11.11
[2026-07-09T16:02:41.331+0000] {subprocess.py:93} INFO - [0m16:02:41  Registered adapter: bigquery=1.11.3
[2026-07-09T16:02:41.666+0000] {subprocess.py:93} INFO - [0m16:02:41  Found 6 models, 4 sources, 553 macros
[2026-07-09T16:02:41.667+0000] {subprocess.py:93} INFO - [0m16:02:41
[2026-07-09T16:02:41.668+0000] {subprocess.py:93} INFO - [0m16:02:41  Concurrency: 4 threads (target='dev')
[2026-07-09T16:02:41.668+0000] {subprocess.py:93} INFO - [0m16:02:41
[2026-07-09T16:02:43.265+0000] {subprocess.py:93} INFO - [0m16:02:43  1 of 6 START sql table model logistics_mart.dim_drivers ........................ [RUN]
[2026-07-09T16:02:43.266+0000] {subprocess.py:93} INFO - [0m16:02:43  2 of 6 START sql table model logistics_mart.dim_hubs ........................... [RUN]
[2026-07-09T16:02:43.266+0000] {subprocess.py:93} INFO - [0m16:02:43  3 of 6 START sql view model logistics_mart.stg_shipments ....................... [RUN]
[2026-07-09T16:02:43.268+0000] {subprocess.py:93} INFO - [0m16:02:43  4 of 6 START sql view model logistics_mart.stg_weather ......................... [RUN]
[2026-07-09T16:02:45.439+0000] {subprocess.py:93} INFO - [0m16:02:45  4 of 6 OK created sql view model logistics_mart.stg_weather .................... [[32mCREATE VIEW (0 processed)[0m in 2.17s]
[2026-07-09T16:02:45.444+0000] {subprocess.py:93} INFO - [0m16:02:45  5 of 6 START sql view model logistics_mart.stg_weather_consensus ............... [RUN]
[2026-07-09T16:02:45.458+0000] {subprocess.py:93} INFO - [0m16:02:45  3 of 6 OK created sql view model logistics_mart.stg_shipments .................. [[32mCREATE VIEW (0 processed)[0m in 2.19s]
[2026-07-09T16:02:46.880+0000] {subprocess.py:93} INFO - [0m16:02:46  BigQuery adapter: https://console.cloud.google.com/bigquery?project=logistics-500519&j=bq:US:acb91a5c-8a16-4abc-adda-1abebe004536&page=queryresults
[2026-07-09T16:02:46.890+0000] {subprocess.py:93} INFO - [0m16:02:46  5 of 6 ERROR creating sql view model logistics_mart.stg_weather_consensus ...... [[31mERROR[0m in 1.44s]
[2026-07-09T16:02:47.203+0000] {subprocess.py:93} INFO - [0m16:02:47  2 of 6 OK created sql table model logistics_mart.dim_hubs ...................... [[32mCREATE TABLE (3.0 rows, 149.0 Bytes processed)[0m in 3.93s]
[2026-07-09T16:02:47.207+0000] {subprocess.py:93} INFO - [0m16:02:47  6 of 6 START sql table model logistics_mart.fact_shipment_weather .............. [RUN]
[2026-07-09T16:02:47.776+0000] {subprocess.py:93} INFO - [0m16:02:47  1 of 6 OK created sql table model logistics_mart.dim_drivers ................... [[32mCREATE TABLE (3.0 rows, 108.0 Bytes processed)[0m in 4.50s]
[2026-07-09T16:02:52.036+0000] {subprocess.py:93} INFO - [0m16:02:52  6 of 6 OK created sql table model logistics_mart.fact_shipment_weather ......... [[32mCREATE TABLE (1.5k rows, 97.6 KiB processed)[0m in 4.82s]
[2026-07-09T16:02:52.092+0000] {subprocess.py:93} INFO - [0m16:02:52
[2026-07-09T16:02:52.093+0000] {subprocess.py:93} INFO - [0m16:02:52  Finished running 3 table models, 3 view models in 0 hours 0 minutes and 10.42 seconds (10.42s).
[2026-07-09T16:02:52.157+0000] {subprocess.py:93} INFO - [0m16:02:52
[2026-07-09T16:02:52.158+0000] {subprocess.py:93} INFO - [0m16:02:52  [31mCompleted with 1 error, 0 partial successes, and 0 warnings:[0m
[2026-07-09T16:02:52.158+0000] {subprocess.py:93} INFO - [0m16:02:52
[2026-07-09T16:02:52.159+0000] {subprocess.py:93} INFO - [0m16:02:52  [31mFailure in model stg_weather_consensus (models/staging/stg_weather_consensus.sql)[0m
[2026-07-09T16:02:52.159+0000] {subprocess.py:93} INFO - [0m16:02:52    Database Error in model stg_weather_consensus (models/staging/stg_weather_consensus.sql)
[2026-07-09T16:02:52.160+0000] {subprocess.py:93} INFO -   Unrecognized name: fetched_at at [11:11]
[2026-07-09T16:02:52.160+0000] {subprocess.py:93} INFO -   compiled code at target/run/logistics_lakehouse/models/staging/stg_weather_consensus.sql
[2026-07-09T16:02:52.160+0000] {subprocess.py:93} INFO - [0m16:02:52
[2026-07-09T16:02:52.160+0000] {subprocess.py:93} INFO - [0m16:02:52    compiled code at target/compiled/logistics_lakehouse/models/staging/stg_weather_consensus.sql
[2026-07-09T16:02:52.160+0000] {subprocess.py:93} INFO - [0m16:02:52
[2026-07-09T16:02:52.161+0000] {subprocess.py:93} INFO - [0m16:02:52  Done. PASS=5 WARN=0 ERROR=1 SKIP=0 NO-OP=0 TOTAL=6
[2026-07-09T16:02:54.508+0000] {subprocess.py:97} INFO - Command exited with return code 1
[2026-07-09T16:02:54.513+0000] {taskinstance.py:441} INFO - ::group::Post task execution logs
[2026-07-09T16:02:54.535+0000] {taskinstance.py:2905} ERROR - Task failed with exception
Traceback (most recent call last):
  File "/home/airflow/.local/lib/python3.12/site-packages/airflow/models/taskinstance.py", line 465, in _execute_task
    result = _execute_callable(context=context, **execute_callable_kwargs)
             ^^^^^^^^^^^^^^^^^^^^^^^^^^^^^^^^^^^^^^^^^^^^^^^^^^^^^^^^^^^^^
  File "/home/airflow/.local/lib/python3.12/site-packages/airflow/models/taskinstance.py", line 432, in _execute_callable
    return execute_callable(context=context, **execute_callable_kwargs)
           ^^^^^^^^^^^^^^^^^^^^^^^^^^^^^^^^^^^^^^^^^^^^^^^^^^^^^^^^^^^^
  File "/home/airflow/.local/lib/python3.12/site-packages/airflow/models/baseoperator.py", line 400, in wrapper
    return func(self, *args, **kwargs)
           ^^^^^^^^^^^^^^^^^^^^^^^^^^^
  File "/home/airflow/.local/lib/python3.12/site-packages/airflow/operators/bash.py", line 243, in execute
    raise AirflowException(
airflow.exceptions.AirflowException: Bash command failed. The command returned a non-zero exit code 1.
[2026-07-09T16:02:54.541+0000] {taskinstance.py:1206} INFO - Marking task as FAILED. dag_id=gold_dbt_dag, task_id=trigger_dbt_build, run_id=dataset_triggered__2026-07-09T16:00:17.731567+00:00, execution_date=20260709T160017, start_date=20260709T160238, end_date=20260709T160254
[2026-07-09T16:02:54.568+0000] {standard_task_runner.py:110} ERROR - Failed to execute job 1325 for task trigger_dbt_build (Bash command failed. The command returned a non-zero exit code 1.; 78162)
[2026-07-09T16:02:54.611+0000] {local_task_job_runner.py:240} INFO - Task exited with return code 1
[2026-07-09T16:02:54.628+0000] {taskinstance.py:3498} INFO - 0 downstream tasks scheduled from follow-on schedule check
[2026-07-09T16:02:54.629+0000] {local_task_job_runner.py:222} INFO - ::endgroup::
