[2026-07-03T18:25:04.557+0000] {local_task_job_runner.py:120} INFO - ::group::Pre task execution logs
[2026-07-03T18:25:04.580+0000] {taskinstance.py:2076} INFO - Dependencies all met for dep_context=non-requeueable deps ti=<TaskInstance: gold_dbt_dag.trigger_dbt_build dataset_triggered__2026-07-03T18:25:03.438028+00:00 [queued]>
[2026-07-03T18:25:04.585+0000] {taskinstance.py:2076} INFO - Dependencies all met for dep_context=requeueable deps ti=<TaskInstance: gold_dbt_dag.trigger_dbt_build dataset_triggered__2026-07-03T18:25:03.438028+00:00 [queued]>
[2026-07-03T18:25:04.585+0000] {taskinstance.py:2306} INFO - Starting attempt 1 of 2
[2026-07-03T18:25:04.591+0000] {taskinstance.py:2330} INFO - Executing <Task(BashOperator): trigger_dbt_build> on 2026-07-03 18:25:03.438028+00:00
[2026-07-03T18:25:04.596+0000] {standard_task_runner.py:90} INFO - Running: ['***', 'tasks', 'run', 'gold_dbt_dag', 'trigger_dbt_build', 'dataset_triggered__2026-07-03T18:25:03.438028+00:00', '--job-id', '420', '--raw', '--subdir', 'DAGS_FOLDER/dag_gold_dbt.py', '--cfg-path', '/tmp/tmpav_ge8cz']
[2026-07-03T18:25:04.597+0000] {standard_task_runner.py:91} INFO - Job 420: Subtask trigger_dbt_build
[2026-07-03T18:25:04.602+0000] {logging_mixin.py:188} WARNING - /home/***/.local/lib/python3.12/site-packages/***/task/task_runner/standard_task_runner.py:61 DeprecationWarning: This process (pid=25875) is multi-threaded, use of fork() may lead to deadlocks in the child.
[2026-07-03T18:25:04.603+0000] {standard_task_runner.py:63} INFO - Started process 25876 to run task
[2026-07-03T18:25:04.638+0000] {task_command.py:426} INFO - Running <TaskInstance: gold_dbt_dag.trigger_dbt_build dataset_triggered__2026-07-03T18:25:03.438028+00:00 [running]> on host bd23e89d97be
[2026-07-03T18:25:04.712+0000] {taskinstance.py:2648} INFO - Exporting env vars: AIRFLOW_CTX_DAG_OWNER='data_engineer' AIRFLOW_CTX_DAG_ID='gold_dbt_dag' AIRFLOW_CTX_TASK_ID='trigger_dbt_build' AIRFLOW_CTX_EXECUTION_DATE='2026-07-03T18:25:03.438028+00:00' AIRFLOW_CTX_TRY_NUMBER='1' AIRFLOW_CTX_DAG_RUN_ID='dataset_triggered__2026-07-03T18:25:03.438028+00:00'
[2026-07-03T18:25:04.713+0000] {taskinstance.py:430} INFO - ::endgroup::
[2026-07-03T18:25:04.726+0000] {subprocess.py:63} INFO - Tmp dir root location: /tmp
[2026-07-03T18:25:04.727+0000] {subprocess.py:75} INFO - Running command: ['/usr/bin/bash', '-c', 'cd /opt/***/dbt && dbt build --profiles-dir . --target dev']
[2026-07-03T18:25:04.736+0000] {subprocess.py:86} INFO - Output:
[2026-07-03T18:25:06.337+0000] {subprocess.py:93} INFO - [0m18:25:06  Running with dbt=1.11.11
[2026-07-03T18:25:06.913+0000] {subprocess.py:93} INFO - [0m18:25:06  Registered adapter: bigquery=1.11.3
[2026-07-03T18:25:07.117+0000] {subprocess.py:93} INFO - [0m18:25:07  Found 5 models, 4 sources, 553 macros
[2026-07-03T18:25:07.118+0000] {subprocess.py:93} INFO - [0m18:25:07
[2026-07-03T18:25:07.119+0000] {subprocess.py:93} INFO - [0m18:25:07  Concurrency: 4 threads (target='dev')
[2026-07-03T18:25:07.119+0000] {subprocess.py:93} INFO - [0m18:25:07
[2026-07-03T18:25:13.786+0000] {subprocess.py:93} INFO - WARNING:urllib3.connectionpool:Retrying (Retry(total=2, connect=None, read=None, redirect=None, status=None)) after connection broken by 'SSLError(SSLEOFError(8, '[SSL: UNEXPECTED_EOF_WHILE_READING] EOF occurred in violation of protocol (_ssl.c:1000)'))': /token
[2026-07-03T18:25:14.784+0000] {subprocess.py:93} INFO - [0m18:25:14  1 of 5 START sql table model logistics_mart.dim_drivers ........................ [RUN]
[2026-07-03T18:25:14.785+0000] {subprocess.py:93} INFO - [0m18:25:14  2 of 5 START sql table model logistics_mart.dim_hubs ........................... [RUN]
[2026-07-03T18:25:14.785+0000] {subprocess.py:93} INFO - [0m18:25:14  3 of 5 START sql view model logistics_mart.stg_shipments ....................... [RUN]
[2026-07-03T18:25:14.785+0000] {subprocess.py:93} INFO - [0m18:25:14  4 of 5 START sql view model logistics_mart.stg_weather ......................... [RUN]
[2026-07-03T18:25:16.637+0000] {subprocess.py:93} INFO - [0m18:25:16  4 of 5 OK created sql view model logistics_mart.stg_weather .................... [[32mCREATE VIEW (0 processed)[0m in 1.85s]
[2026-07-03T18:25:16.664+0000] {subprocess.py:93} INFO - [0m18:25:16  3 of 5 OK created sql view model logistics_mart.stg_shipments .................. [[32mCREATE VIEW (0 processed)[0m in 1.88s]
[2026-07-03T18:25:18.279+0000] {subprocess.py:93} INFO - [0m18:25:18  2 of 5 OK created sql table model logistics_mart.dim_hubs ...................... [[32mCREATE TABLE (3.0 rows, 149.0 Bytes processed)[0m in 3.49s]
[2026-07-03T18:25:18.282+0000] {subprocess.py:93} INFO - [0m18:25:18  5 of 5 START sql table model logistics_mart.fact_shipment_weather .............. [RUN]
[2026-07-03T18:25:18.395+0000] {subprocess.py:93} INFO - [0m18:25:18  1 of 5 OK created sql table model logistics_mart.dim_drivers ................... [[32mCREATE TABLE (3.0 rows, 108.0 Bytes processed)[0m in 3.61s]
[2026-07-04T01:26:00.732+0000] {subprocess.py:93} INFO - [0m01:26:00  5 of 5 ERROR creating sql table model logistics_mart.fact_shipment_weather ..... [[31mERROR[0m in 25242.44s]
[2026-07-04T01:26:00.786+0000] {subprocess.py:93} INFO - [0m01:26:00
[2026-07-04T01:26:00.787+0000] {subprocess.py:93} INFO - [0m01:26:00  Finished running 3 table models, 2 view models in 7 hours 0 minutes and 53.67 seconds (25253.67s).
[2026-07-04T01:26:00.876+0000] {subprocess.py:93} INFO - [0m01:26:00
[2026-07-04T01:26:00.876+0000] {subprocess.py:93} INFO - [0m01:26:00  [31mCompleted with 1 error, 0 partial successes, and 0 warnings:[0m
[2026-07-04T01:26:00.877+0000] {subprocess.py:93} INFO - [0m01:26:00
[2026-07-04T01:26:00.878+0000] {subprocess.py:93} INFO - [0m01:26:00  [31mFailure in model fact_shipment_weather (models/mart/fact_shipment_weather.sql)[0m
[2026-07-04T01:26:00.879+0000] {subprocess.py:93} INFO - [0m01:26:00    Database Error in model fact_shipment_weather (models/mart/fact_shipment_weather.sql)
[2026-07-04T01:26:00.879+0000] {subprocess.py:93} INFO -   ('Connection aborted.', RemoteDisconnected('Remote end closed connection without response'))
[2026-07-04T01:26:00.879+0000] {subprocess.py:93} INFO -   compiled code at target/run/logistics_lakehouse/models/mart/fact_shipment_weather.sql
[2026-07-04T01:26:00.879+0000] {subprocess.py:93} INFO - [0m01:26:00
[2026-07-04T01:26:00.880+0000] {subprocess.py:93} INFO - [0m01:26:00    compiled code at target/compiled/logistics_lakehouse/models/mart/fact_shipment_weather.sql
[2026-07-04T01:26:00.880+0000] {subprocess.py:93} INFO - [0m01:26:00
[2026-07-04T01:26:00.881+0000] {subprocess.py:93} INFO - [0m01:26:00  Done. PASS=4 WARN=0 ERROR=1 SKIP=0 NO-OP=0 TOTAL=5
[2026-07-04T01:26:03.798+0000] {subprocess.py:97} INFO - Command exited with return code 1
[2026-07-04T01:26:03.800+0000] {taskinstance.py:441} INFO - ::group::Post task execution logs
[2026-07-04T01:26:03.830+0000] {taskinstance.py:2905} ERROR - Task failed with exception
Traceback (most recent call last):
  File "/home/airflow/.local/lib/python3.12/site-packages/airflow/models/taskinstance.py", line 465, in _execute_task
    result = _execute_callable(context=context, **execute_callable_kwargs)
             ^^^^^^^^^^^^^^^^^^^^^^^^^^^^^^^^^^^^^^^^^^^^^^^^^^^^^^^^^^^^^
  File "/home/airflow/.local/lib/python3.12/site-packages/airflow/models/taskinstance.py", line 432, in _execute_callable
    return execute_callable(context=context, **execute_callable_kwargs)
           ^^^^^^^^^^^^^^^^^^^^^^^^^^^^^^^^^^^^^^^^^^^^^^^^^^^^^^^^^^^^
  File "/home/airflow/.local/lib/python3.12/site-packages/airflow/models/baseoperator.py", line 400, in wrapper
    return func(self, *args, **kwargs)
           ^^^^^^^^^^^^^^^^^^^^^^^^^^^
  File "/home/airflow/.local/lib/python3.12/site-packages/airflow/operators/bash.py", line 243, in execute
    raise AirflowException(
airflow.exceptions.AirflowException: Bash command failed. The command returned a non-zero exit code 1.
[2026-07-04T01:26:03.836+0000] {taskinstance.py:1206} INFO - Marking task as UP_FOR_RETRY. dag_id=gold_dbt_dag, task_id=trigger_dbt_build, run_id=dataset_triggered__2026-07-03T18:25:03.438028+00:00, execution_date=20260703T182503, start_date=20260703T182504, end_date=20260704T012603
[2026-07-04T01:26:03.858+0000] {standard_task_runner.py:110} ERROR - Failed to execute job 420 for task trigger_dbt_build (Bash command failed. The command returned a non-zero exit code 1.; 25876)
[2026-07-04T01:26:03.901+0000] {local_task_job_runner.py:240} INFO - Task exited with return code 1
[2026-07-04T01:26:03.923+0000] {taskinstance.py:3498} INFO - 0 downstream tasks scheduled from follow-on schedule check
[2026-07-04T01:26:03.924+0000] {local_task_job_runner.py:222} INFO - ::endgroup::
