[2026-07-04T02:49:14.650+0000] {local_task_job_runner.py:120} INFO - ::group::Pre task execution logs
[2026-07-04T02:49:14.683+0000] {taskinstance.py:2076} INFO - Dependencies all met for dep_context=non-requeueable deps ti=<TaskInstance: gold_dbt_dag.trigger_dbt_build dataset_triggered__2026-07-03T18:25:03.438028+00:00 [queued]>
[2026-07-04T02:49:14.689+0000] {taskinstance.py:2076} INFO - Dependencies all met for dep_context=requeueable deps ti=<TaskInstance: gold_dbt_dag.trigger_dbt_build dataset_triggered__2026-07-03T18:25:03.438028+00:00 [queued]>
[2026-07-04T02:49:14.690+0000] {taskinstance.py:2306} INFO - Starting attempt 2 of 2
[2026-07-04T02:49:14.700+0000] {taskinstance.py:2330} INFO - Executing <Task(BashOperator): trigger_dbt_build> on 2026-07-03 18:25:03.438028+00:00
[2026-07-04T02:49:14.707+0000] {standard_task_runner.py:90} INFO - Running: ['***', 'tasks', 'run', 'gold_dbt_dag', 'trigger_dbt_build', 'dataset_triggered__2026-07-03T18:25:03.438028+00:00', '--job-id', '460', '--raw', '--subdir', 'DAGS_FOLDER/dag_gold_dbt.py', '--cfg-path', '/tmp/tmpyfl9wzw5']
[2026-07-04T02:49:14.709+0000] {standard_task_runner.py:91} INFO - Job 460: Subtask trigger_dbt_build
[2026-07-04T02:49:14.710+0000] {logging_mixin.py:188} WARNING - /home/***/.local/lib/python3.12/site-packages/***/task/task_runner/standard_task_runner.py:61 DeprecationWarning: This process (pid=29570) is multi-threaded, use of fork() may lead to deadlocks in the child.
[2026-07-04T02:49:14.711+0000] {standard_task_runner.py:63} INFO - Started process 29579 to run task
[2026-07-04T02:49:14.760+0000] {task_command.py:426} INFO - Running <TaskInstance: gold_dbt_dag.trigger_dbt_build dataset_triggered__2026-07-03T18:25:03.438028+00:00 [running]> on host bd23e89d97be
[2026-07-04T02:49:14.819+0000] {taskinstance.py:2648} INFO - Exporting env vars: AIRFLOW_CTX_DAG_OWNER='data_engineer' AIRFLOW_CTX_DAG_ID='gold_dbt_dag' AIRFLOW_CTX_TASK_ID='trigger_dbt_build' AIRFLOW_CTX_EXECUTION_DATE='2026-07-03T18:25:03.438028+00:00' AIRFLOW_CTX_TRY_NUMBER='2' AIRFLOW_CTX_DAG_RUN_ID='dataset_triggered__2026-07-03T18:25:03.438028+00:00'
[2026-07-04T02:49:14.819+0000] {taskinstance.py:430} INFO - ::endgroup::
[2026-07-04T02:49:14.827+0000] {subprocess.py:63} INFO - Tmp dir root location: /tmp
[2026-07-04T02:49:14.831+0000] {subprocess.py:75} INFO - Running command: ['/usr/bin/bash', '-c', 'cd /opt/***/dbt && dbt build --profiles-dir . --target dev']
[2026-07-04T02:49:14.841+0000] {subprocess.py:86} INFO - Output:
[2026-07-04T02:49:16.095+0000] {subprocess.py:93} INFO - [0m02:49:16  Running with dbt=1.11.11
[2026-07-04T02:49:18.206+0000] {subprocess.py:93} INFO - [0m02:49:18  Registered adapter: bigquery=1.11.3
[2026-07-04T02:49:19.209+0000] {subprocess.py:93} INFO - [0m02:49:19  Found 5 models, 4 sources, 553 macros
[2026-07-04T02:49:19.211+0000] {subprocess.py:93} INFO - [0m02:49:19
[2026-07-04T02:49:19.212+0000] {subprocess.py:93} INFO - [0m02:49:19  Concurrency: 4 threads (target='dev')
[2026-07-04T02:49:19.212+0000] {subprocess.py:93} INFO - [0m02:49:19
[2026-07-04T06:58:28.067+0000] {subprocess.py:93} INFO - WARNING:urllib3.connectionpool:Retrying (Retry(total=2, connect=None, read=None, redirect=None, status=None)) after connection broken by 'RemoteDisconnected('Remote end closed connection without response')': /v1/projects/-/serviceAccounts/dbt-logistics-runner@project-592ab4fe-f210-4e44-9b9.iam.gserviceaccount.com/allowedLocations
[2026-07-04T06:58:36.603+0000] {subprocess.py:93} INFO - [0m06:58:36  1 of 5 START sql table model logistics_mart.dim_drivers ........................ [RUN]
[2026-07-04T06:58:36.604+0000] {subprocess.py:93} INFO - [0m06:58:36  2 of 5 START sql table model logistics_mart.dim_hubs ........................... [RUN]
[2026-07-04T06:58:36.605+0000] {subprocess.py:93} INFO - [0m06:58:36  3 of 5 START sql view model logistics_mart.stg_shipments ....................... [RUN]
[2026-07-04T06:58:36.605+0000] {subprocess.py:93} INFO - [0m06:58:36  4 of 5 START sql view model logistics_mart.stg_weather ......................... [RUN]
[2026-07-04T06:58:40.090+0000] {subprocess.py:93} INFO - [0m06:58:40  4 of 5 OK created sql view model logistics_mart.stg_weather .................... [[32mCREATE VIEW (0 processed)[0m in 3.48s]
[2026-07-04T06:58:40.150+0000] {subprocess.py:93} INFO - [0m06:58:40  3 of 5 OK created sql view model logistics_mart.stg_shipments .................. [[32mCREATE VIEW (0 processed)[0m in 3.54s]
[2026-07-04T06:58:40.470+0000] {subprocess.py:93} INFO - [0m06:58:40  2 of 5 OK created sql table model logistics_mart.dim_hubs ...................... [[32mCREATE TABLE (3.0 rows, 149.0 Bytes processed)[0m in 3.86s]
[2026-07-04T06:58:40.474+0000] {subprocess.py:93} INFO - [0m06:58:40  5 of 5 START sql table model logistics_mart.fact_shipment_weather .............. [RUN]
[2026-07-04T06:58:40.884+0000] {subprocess.py:93} INFO - [0m06:58:40  1 of 5 OK created sql table model logistics_mart.dim_drivers ................... [[32mCREATE TABLE (3.0 rows, 108.0 Bytes processed)[0m in 4.28s]
[2026-07-04T06:58:44.155+0000] {subprocess.py:93} INFO - [0m06:58:44  5 of 5 OK created sql table model logistics_mart.fact_shipment_weather ......... [[32mCREATE TABLE (561.0 rows, 35.8 KiB processed)[0m in 3.68s]
[2026-07-04T06:58:44.195+0000] {subprocess.py:93} INFO - [0m06:58:44
[2026-07-04T06:58:44.196+0000] {subprocess.py:93} INFO - [0m06:58:44  Finished running 3 table models, 2 view models in 4 hours 9 minutes and 24.98 seconds (14964.98s).
[2026-07-04T06:58:44.237+0000] {subprocess.py:93} INFO - [0m06:58:44
[2026-07-04T06:58:44.237+0000] {subprocess.py:93} INFO - [0m06:58:44  [32mCompleted successfully[0m
[2026-07-04T06:58:44.238+0000] {subprocess.py:93} INFO - [0m06:58:44
[2026-07-04T06:58:44.238+0000] {subprocess.py:93} INFO - [0m06:58:44  Done. PASS=5 WARN=0 ERROR=0 SKIP=0 NO-OP=0 TOTAL=5
[2026-07-04T06:58:51.075+0000] {subprocess.py:97} INFO - Command exited with return code 0
[2026-07-04T06:58:51.077+0000] {taskinstance.py:441} INFO - ::group::Post task execution logs
[2026-07-04T07:05:22.465+0000] {taskinstance.py:1206} INFO - Marking task as SUCCESS. dag_id=gold_dbt_dag, task_id=trigger_dbt_build, run_id=dataset_triggered__2026-07-03T18:25:03.438028+00:00, execution_date=20260703T182503, start_date=20260704T024914, end_date=20260704T070522
[2026-07-04T07:05:22.496+0000] {local_task_job_runner.py:240} INFO - Task exited with return code 0
[2026-07-04T07:05:22.527+0000] {taskinstance.py:3498} INFO - 0 downstream tasks scheduled from follow-on schedule check
[2026-07-04T07:05:22.529+0000] {local_task_job_runner.py:222} INFO - ::endgroup::
