[2026-07-08T22:00:34.340+0000] {local_task_job_runner.py:120} INFO - ::group::Pre task execution logs
[2026-07-08T22:00:34.356+0000] {taskinstance.py:2076} INFO - Dependencies all met for dep_context=non-requeueable deps ti=<TaskInstance: gold_dbt_dag.trigger_dbt_build dataset_triggered__2026-07-08T22:00:33.357674+00:00 [queued]>
[2026-07-08T22:00:34.360+0000] {taskinstance.py:2076} INFO - Dependencies all met for dep_context=requeueable deps ti=<TaskInstance: gold_dbt_dag.trigger_dbt_build dataset_triggered__2026-07-08T22:00:33.357674+00:00 [queued]>
[2026-07-08T22:00:34.360+0000] {taskinstance.py:2306} INFO - Starting attempt 1 of 2
[2026-07-08T22:00:34.364+0000] {taskinstance.py:2330} INFO - Executing <Task(BashOperator): trigger_dbt_build> on 2026-07-08 22:00:33.357674+00:00
[2026-07-08T22:00:34.377+0000] {logging_mixin.py:188} WARNING - /home/***/.local/lib/python3.12/site-packages/***/task/task_runner/standard_task_runner.py:61 DeprecationWarning: This process (pid=39074) is multi-threaded, use of fork() may lead to deadlocks in the child.
[2026-07-08T22:00:34.378+0000] {standard_task_runner.py:63} INFO - Started process 39075 to run task
[2026-07-08T22:00:34.375+0000] {standard_task_runner.py:90} INFO - Running: ['***', 'tasks', 'run', 'gold_dbt_dag', 'trigger_dbt_build', 'dataset_triggered__2026-07-08T22:00:33.357674+00:00', '--job-id', '1199', '--raw', '--subdir', 'DAGS_FOLDER/dag_gold_dbt.py', '--cfg-path', '/tmp/tmp5f2bured']
[2026-07-08T22:00:34.379+0000] {standard_task_runner.py:91} INFO - Job 1199: Subtask trigger_dbt_build
[2026-07-08T22:00:34.406+0000] {task_command.py:426} INFO - Running <TaskInstance: gold_dbt_dag.trigger_dbt_build dataset_triggered__2026-07-08T22:00:33.357674+00:00 [running]> on host bd23e89d97be
[2026-07-08T22:00:34.452+0000] {taskinstance.py:2648} INFO - Exporting env vars: AIRFLOW_CTX_DAG_OWNER='data_engineer' AIRFLOW_CTX_DAG_ID='gold_dbt_dag' AIRFLOW_CTX_TASK_ID='trigger_dbt_build' AIRFLOW_CTX_EXECUTION_DATE='2026-07-08T22:00:33.357674+00:00' AIRFLOW_CTX_TRY_NUMBER='1' AIRFLOW_CTX_DAG_RUN_ID='dataset_triggered__2026-07-08T22:00:33.357674+00:00'
[2026-07-08T22:00:34.453+0000] {taskinstance.py:430} INFO - ::endgroup::
[2026-07-08T22:00:34.465+0000] {subprocess.py:63} INFO - Tmp dir root location: /tmp
[2026-07-08T22:00:34.467+0000] {subprocess.py:75} INFO - Running command: ['/usr/bin/bash', '-c', 'cd /opt/***/dbt && dbt build --profiles-dir . --target dev']
[2026-07-08T22:00:34.471+0000] {subprocess.py:86} INFO - Output:
[2026-07-08T22:00:35.564+0000] {subprocess.py:93} INFO - [0m22:00:35  Running with dbt=1.11.11
[2026-07-08T22:00:36.047+0000] {subprocess.py:93} INFO - [0m22:00:36  Registered adapter: bigquery=1.11.3
[2026-07-08T22:00:36.262+0000] {subprocess.py:93} INFO - [0m22:00:36  Found 6 models, 4 sources, 553 macros
[2026-07-08T22:00:36.263+0000] {subprocess.py:93} INFO - [0m22:00:36
[2026-07-08T22:00:36.263+0000] {subprocess.py:93} INFO - [0m22:00:36  Concurrency: 4 threads (target='dev')
[2026-07-08T22:00:36.264+0000] {subprocess.py:93} INFO - [0m22:00:36
[2026-07-08T22:00:37.701+0000] {subprocess.py:93} INFO - [0m22:00:37  1 of 6 START sql table model logistics_mart.dim_drivers ........................ [RUN]
[2026-07-08T22:00:37.702+0000] {subprocess.py:93} INFO - [0m22:00:37  2 of 6 START sql table model logistics_mart.dim_hubs ........................... [RUN]
[2026-07-08T22:00:37.702+0000] {subprocess.py:93} INFO - [0m22:00:37  3 of 6 START sql view model logistics_mart.stg_shipments ....................... [RUN]
[2026-07-08T22:00:37.703+0000] {subprocess.py:93} INFO - [0m22:00:37  4 of 6 START sql view model logistics_mart.stg_weather ......................... [RUN]
[2026-07-08T22:00:39.584+0000] {subprocess.py:93} INFO - [0m22:00:39  4 of 6 OK created sql view model logistics_mart.stg_weather .................... [[32mCREATE VIEW (0 processed)[0m in 1.88s]
[2026-07-08T22:00:39.586+0000] {subprocess.py:93} INFO - [0m22:00:39  5 of 6 START sql view model logistics_mart.stg_weather_consensus ............... [RUN]
[2026-07-08T22:00:39.648+0000] {subprocess.py:93} INFO - [0m22:00:39  3 of 6 OK created sql view model logistics_mart.stg_shipments .................. [[32mCREATE VIEW (0 processed)[0m in 1.94s]
[2026-07-08T22:00:40.971+0000] {subprocess.py:93} INFO - [0m22:00:40  BigQuery adapter: https://console.cloud.google.com/bigquery?project=logistics-500519&j=bq:US:dbbfb2a4-d533-432a-9dde-48168c42b8d7&page=queryresults
[2026-07-08T22:00:40.990+0000] {subprocess.py:93} INFO - [0m22:00:40  5 of 6 ERROR creating sql view model logistics_mart.stg_weather_consensus ...... [[31mERROR[0m in 1.40s]
[2026-07-08T22:00:41.396+0000] {subprocess.py:93} INFO - [0m22:00:41  1 of 6 OK created sql table model logistics_mart.dim_drivers ................... [[32mCREATE TABLE (3.0 rows, 108.0 Bytes processed)[0m in 3.69s]
[2026-07-08T22:00:41.432+0000] {subprocess.py:93} INFO - [0m22:00:41  2 of 6 OK created sql table model logistics_mart.dim_hubs ...................... [[32mCREATE TABLE (3.0 rows, 149.0 Bytes processed)[0m in 3.73s]
[2026-07-08T22:00:41.436+0000] {subprocess.py:93} INFO - [0m22:00:41  6 of 6 START sql table model logistics_mart.fact_shipment_weather .............. [RUN]
[2026-07-08T22:00:45.527+0000] {subprocess.py:93} INFO - [0m22:00:45  6 of 6 OK created sql table model logistics_mart.fact_shipment_weather ......... [[32mCREATE TABLE (1.4k rows, 89.5 KiB processed)[0m in 4.09s]
[2026-07-08T22:00:45.578+0000] {subprocess.py:93} INFO - [0m22:00:45
[2026-07-08T22:00:45.578+0000] {subprocess.py:93} INFO - [0m22:00:45  Finished running 3 table models, 3 view models in 0 hours 0 minutes and 9.31 seconds (9.31s).
[2026-07-08T22:00:45.608+0000] {subprocess.py:93} INFO - [0m22:00:45
[2026-07-08T22:00:45.608+0000] {subprocess.py:93} INFO - [0m22:00:45  [31mCompleted with 1 error, 0 partial successes, and 0 warnings:[0m
[2026-07-08T22:00:45.609+0000] {subprocess.py:93} INFO - [0m22:00:45
[2026-07-08T22:00:45.609+0000] {subprocess.py:93} INFO - [0m22:00:45  [31mFailure in model stg_weather_consensus (models/staging/stg_weather_consensus.sql)[0m
[2026-07-08T22:00:45.610+0000] {subprocess.py:93} INFO - [0m22:00:45    Database Error in model stg_weather_consensus (models/staging/stg_weather_consensus.sql)
[2026-07-08T22:00:45.610+0000] {subprocess.py:93} INFO -   Unrecognized name: fetched_at at [11:11]
[2026-07-08T22:00:45.610+0000] {subprocess.py:93} INFO -   compiled code at target/run/logistics_lakehouse/models/staging/stg_weather_consensus.sql
[2026-07-08T22:00:45.610+0000] {subprocess.py:93} INFO - [0m22:00:45
[2026-07-08T22:00:45.610+0000] {subprocess.py:93} INFO - [0m22:00:45    compiled code at target/compiled/logistics_lakehouse/models/staging/stg_weather_consensus.sql
[2026-07-08T22:00:45.611+0000] {subprocess.py:93} INFO - [0m22:00:45
[2026-07-08T22:00:45.611+0000] {subprocess.py:93} INFO - [0m22:00:45  Done. PASS=5 WARN=0 ERROR=1 SKIP=0 NO-OP=0 TOTAL=6
[2026-07-08T22:00:47.604+0000] {subprocess.py:97} INFO - Command exited with return code 1
[2026-07-08T22:00:47.607+0000] {taskinstance.py:441} INFO - ::group::Post task execution logs
[2026-07-08T22:00:47.617+0000] {taskinstance.py:2905} ERROR - Task failed with exception
Traceback (most recent call last):
  File "/home/airflow/.local/lib/python3.12/site-packages/airflow/models/taskinstance.py", line 465, in _execute_task
    result = _execute_callable(context=context, **execute_callable_kwargs)
             ^^^^^^^^^^^^^^^^^^^^^^^^^^^^^^^^^^^^^^^^^^^^^^^^^^^^^^^^^^^^^
  File "/home/airflow/.local/lib/python3.12/site-packages/airflow/models/taskinstance.py", line 432, in _execute_callable
    return execute_callable(context=context, **execute_callable_kwargs)
           ^^^^^^^^^^^^^^^^^^^^^^^^^^^^^^^^^^^^^^^^^^^^^^^^^^^^^^^^^^^^
  File "/home/airflow/.local/lib/python3.12/site-packages/airflow/models/baseoperator.py", line 400, in wrapper
    return func(self, *args, **kwargs)
           ^^^^^^^^^^^^^^^^^^^^^^^^^^^
  File "/home/airflow/.local/lib/python3.12/site-packages/airflow/operators/bash.py", line 243, in execute
    raise AirflowException(
airflow.exceptions.AirflowException: Bash command failed. The command returned a non-zero exit code 1.
[2026-07-08T22:00:47.620+0000] {taskinstance.py:1206} INFO - Marking task as UP_FOR_RETRY. dag_id=gold_dbt_dag, task_id=trigger_dbt_build, run_id=dataset_triggered__2026-07-08T22:00:33.357674+00:00, execution_date=20260708T220033, start_date=20260708T220034, end_date=20260708T220047
[2026-07-08T22:00:47.629+0000] {standard_task_runner.py:110} ERROR - Failed to execute job 1199 for task trigger_dbt_build (Bash command failed. The command returned a non-zero exit code 1.; 39075)
[2026-07-08T22:00:47.672+0000] {local_task_job_runner.py:240} INFO - Task exited with return code 1
[2026-07-08T22:00:47.683+0000] {taskinstance.py:3498} INFO - 0 downstream tasks scheduled from follow-on schedule check
[2026-07-08T22:00:47.684+0000] {local_task_job_runner.py:222} INFO - ::endgroup::
