[2026-07-08T05:00:03.705+0000] {local_task_job_runner.py:120} INFO - ::group::Pre task execution logs
[2026-07-08T05:00:03.730+0000] {taskinstance.py:2076} INFO - Dependencies all met for dep_context=non-requeueable deps ti=<TaskInstance: silver_cdc_dag.spark_cdc_to_iceberg dataset_triggered__2026-07-08T05:00:03.020629+00:00 [queued]>
[2026-07-08T05:00:03.737+0000] {taskinstance.py:2076} INFO - Dependencies all met for dep_context=requeueable deps ti=<TaskInstance: silver_cdc_dag.spark_cdc_to_iceberg dataset_triggered__2026-07-08T05:00:03.020629+00:00 [queued]>
[2026-07-08T05:00:03.739+0000] {taskinstance.py:2306} INFO - Starting attempt 1 of 1
[2026-07-08T05:00:03.748+0000] {taskinstance.py:2330} INFO - Executing <Task(BashOperator): spark_cdc_to_iceberg> on 2026-07-08 05:00:03.020629+00:00
[2026-07-08T05:00:03.756+0000] {standard_task_runner.py:90} INFO - Running: ['***', 'tasks', 'run', 'silver_cdc_dag', 'spark_cdc_to_iceberg', 'dataset_triggered__2026-07-08T05:00:03.020629+00:00', '--job-id', '1077', '--raw', '--subdir', 'DAGS_FOLDER/dag_silver_cdc.py', '--cfg-path', '/tmp/tmpw4sndrb3']
[2026-07-08T05:00:03.759+0000] {standard_task_runner.py:91} INFO - Job 1077: Subtask spark_cdc_to_iceberg
[2026-07-08T05:00:03.769+0000] {logging_mixin.py:188} WARNING - /home/***/.local/lib/python3.12/site-packages/***/task/task_runner/standard_task_runner.py:61 DeprecationWarning: This process (pid=88884) is multi-threaded, use of fork() may lead to deadlocks in the child.
[2026-07-08T05:00:03.770+0000] {standard_task_runner.py:63} INFO - Started process 88886 to run task
[2026-07-08T05:00:03.806+0000] {task_command.py:426} INFO - Running <TaskInstance: silver_cdc_dag.spark_cdc_to_iceberg dataset_triggered__2026-07-08T05:00:03.020629+00:00 [running]> on host bd23e89d97be
[2026-07-08T05:00:03.878+0000] {taskinstance.py:2648} INFO - Exporting env vars: AIRFLOW_CTX_DAG_OWNER='data_engineer' AIRFLOW_CTX_DAG_ID='silver_cdc_dag' AIRFLOW_CTX_TASK_ID='spark_cdc_to_iceberg' AIRFLOW_CTX_EXECUTION_DATE='2026-07-08T05:00:03.020629+00:00' AIRFLOW_CTX_TRY_NUMBER='1' AIRFLOW_CTX_DAG_RUN_ID='dataset_triggered__2026-07-08T05:00:03.020629+00:00'
[2026-07-08T05:00:03.883+0000] {taskinstance.py:430} INFO - ::endgroup::
[2026-07-08T05:00:03.909+0000] {subprocess.py:63} INFO - Tmp dir root location: /tmp
[2026-07-08T05:00:03.916+0000] {subprocess.py:75} INFO - Running command: ['/usr/bin/bash', '-c', 'export JAVA_HOME=/usr/lib/jvm/default-java && python /opt/***/dags/spark/silver_cdc.py "gs://your-lakehouse-bucket/bronze/cdc/shipments/" "shipments_iceberg"']
[2026-07-08T05:00:03.923+0000] {subprocess.py:86} INFO - Output:
[2026-07-08T05:00:06.354+0000] {subprocess.py:93} INFO - WARNING: Using incubator modules: jdk.incubator.vector
[2026-07-08T05:00:08.009+0000] {subprocess.py:93} INFO - Using Spark's default log4j profile: org/apache/spark/log4j2-defaults.properties
[2026-07-08T05:00:08.009+0000] {subprocess.py:93} INFO - Setting default log level to "WARN".
[2026-07-08T05:00:08.009+0000] {subprocess.py:93} INFO - To adjust logging level use sc.setLogLevel(newLevel). For SparkR, use setLogLevel(newLevel).
[2026-07-08T05:00:08.974+0000] {subprocess.py:93} INFO - 26/07/08 05:00:08 WARN NativeCodeLoader: Unable to load native-hadoop library for your platform... using builtin-java classes where applicable
[2026-07-08T05:00:10.074+0000] {subprocess.py:93} INFO - 26/07/08 05:00:10 WARN Utils: Service 'SparkUI' could not bind on port 4040. Attempting port 4041.
[2026-07-08T05:00:24.229+0000] {subprocess.py:93} INFO - [Stage 0:>                                                        (0 + 12) / 12][Stage 0:==============>                                           (3 + 9) / 12][Stage 0:=================================>                        (7 + 5) / 12][Stage 0:====================================================>    (11 + 1) / 12]                                                                                SUCCESS: Data written to /opt/***/lakehouse/silver/shipments_iceberg
[2026-07-08T05:00:24.772+0000] {subprocess.py:97} INFO - Command exited with return code 0
[2026-07-08T05:00:24.776+0000] {taskinstance.py:441} INFO - ::group::Post task execution logs
[2026-07-08T05:00:24.808+0000] {logging_mixin.py:188} WARNING - /home/***/.local/lib/python3.12/site-packages/***/models/baseoperator.py:1564 RemovedInAirflow3Warning: Passing 'execution_date' to 'TaskInstance.xcom_push()' is deprecated.
[2026-07-08T05:00:24.819+0000] {taskinstance.py:1206} INFO - Marking task as SUCCESS. dag_id=silver_cdc_dag, task_id=spark_cdc_to_iceberg, run_id=dataset_triggered__2026-07-08T05:00:03.020629+00:00, execution_date=20260708T050003, start_date=20260708T050003, end_date=20260708T050024
[2026-07-08T05:00:24.876+0000] {local_task_job_runner.py:240} INFO - Task exited with return code 0
[2026-07-08T05:00:24.893+0000] {taskinstance.py:3498} INFO - 0 downstream tasks scheduled from follow-on schedule check
[2026-07-08T05:00:24.894+0000] {local_task_job_runner.py:222} INFO - ::endgroup::
