[2026-07-06T22:00:14.535+0000] {local_task_job_runner.py:120} INFO - ::group::Pre task execution logs
[2026-07-06T22:00:14.549+0000] {taskinstance.py:2076} INFO - Dependencies all met for dep_context=non-requeueable deps ti=<TaskInstance: gold_dbt_dag.trigger_dbt_build dataset_triggered__2026-07-06T22:00:13.864116+00:00 [queued]>
[2026-07-06T22:00:14.551+0000] {taskinstance.py:2076} INFO - Dependencies all met for dep_context=requeueable deps ti=<TaskInstance: gold_dbt_dag.trigger_dbt_build dataset_triggered__2026-07-06T22:00:13.864116+00:00 [queued]>
[2026-07-06T22:00:14.551+0000] {taskinstance.py:2306} INFO - Starting attempt 1 of 2
[2026-07-06T22:00:14.556+0000] {taskinstance.py:2330} INFO - Executing <Task(BashOperator): trigger_dbt_build> on 2026-07-06 22:00:13.864116+00:00
[2026-07-06T22:00:14.559+0000] {standard_task_runner.py:90} INFO - Running: ['***', 'tasks', 'run', 'gold_dbt_dag', 'trigger_dbt_build', 'dataset_triggered__2026-07-06T22:00:13.864116+00:00', '--job-id', '869', '--raw', '--subdir', 'DAGS_FOLDER/dag_gold_dbt.py', '--cfg-path', '/tmp/tmp6cx30fj8']
[2026-07-06T22:00:14.561+0000] {standard_task_runner.py:91} INFO - Job 869: Subtask trigger_dbt_build
[2026-07-06T22:00:14.561+0000] {logging_mixin.py:188} WARNING - /home/***/.local/lib/python3.12/site-packages/***/task/task_runner/standard_task_runner.py:61 DeprecationWarning: This process (pid=14467) is multi-threaded, use of fork() may lead to deadlocks in the child.
[2026-07-06T22:00:14.561+0000] {standard_task_runner.py:63} INFO - Started process 14468 to run task
[2026-07-06T22:00:14.577+0000] {task_command.py:426} INFO - Running <TaskInstance: gold_dbt_dag.trigger_dbt_build dataset_triggered__2026-07-06T22:00:13.864116+00:00 [running]> on host bd23e89d97be
[2026-07-06T22:00:14.616+0000] {taskinstance.py:2648} INFO - Exporting env vars: AIRFLOW_CTX_DAG_OWNER='data_engineer' AIRFLOW_CTX_DAG_ID='gold_dbt_dag' AIRFLOW_CTX_TASK_ID='trigger_dbt_build' AIRFLOW_CTX_EXECUTION_DATE='2026-07-06T22:00:13.864116+00:00' AIRFLOW_CTX_TRY_NUMBER='1' AIRFLOW_CTX_DAG_RUN_ID='dataset_triggered__2026-07-06T22:00:13.864116+00:00'
[2026-07-06T22:00:14.616+0000] {taskinstance.py:430} INFO - ::endgroup::
[2026-07-06T22:00:14.623+0000] {subprocess.py:63} INFO - Tmp dir root location: /tmp
[2026-07-06T22:00:14.624+0000] {subprocess.py:75} INFO - Running command: ['/usr/bin/bash', '-c', 'cd /opt/***/dbt && dbt build --profiles-dir . --target dev']
[2026-07-06T22:00:14.627+0000] {subprocess.py:86} INFO - Output:
[2026-07-06T22:00:15.853+0000] {subprocess.py:93} INFO - [0m22:00:15  Running with dbt=1.11.11
[2026-07-06T22:00:16.479+0000] {subprocess.py:93} INFO - [0m22:00:16  Registered adapter: bigquery=1.11.3
[2026-07-06T22:00:16.703+0000] {subprocess.py:93} INFO - [0m22:00:16  Found 5 models, 4 sources, 553 macros
[2026-07-06T22:00:16.704+0000] {subprocess.py:93} INFO - [0m22:00:16
[2026-07-06T22:00:16.704+0000] {subprocess.py:93} INFO - [0m22:00:16  Concurrency: 4 threads (target='dev')
[2026-07-06T22:00:16.705+0000] {subprocess.py:93} INFO - [0m22:00:16
[2026-07-06T22:00:18.280+0000] {subprocess.py:93} INFO - [0m22:00:18  1 of 5 START sql table model logistics_mart.dim_drivers ........................ [RUN]
[2026-07-06T22:00:18.281+0000] {subprocess.py:93} INFO - [0m22:00:18  2 of 5 START sql table model logistics_mart.dim_hubs ........................... [RUN]
[2026-07-06T22:00:18.281+0000] {subprocess.py:93} INFO - [0m22:00:18  3 of 5 START sql view model logistics_mart.stg_shipments ....................... [RUN]
[2026-07-06T22:00:18.282+0000] {subprocess.py:93} INFO - [0m22:00:18  4 of 5 START sql view model logistics_mart.stg_weather ......................... [RUN]
[2026-07-06T22:00:20.436+0000] {subprocess.py:93} INFO - [0m22:00:20  3 of 5 OK created sql view model logistics_mart.stg_shipments .................. [[32mCREATE VIEW (0 processed)[0m in 2.15s]
[2026-07-06T22:00:20.463+0000] {subprocess.py:93} INFO - [0m22:00:20  4 of 5 OK created sql view model logistics_mart.stg_weather .................... [[32mCREATE VIEW (0 processed)[0m in 2.18s]
[2026-07-06T22:00:22.082+0000] {subprocess.py:93} INFO - [0m22:00:22  1 of 5 OK created sql table model logistics_mart.dim_drivers ................... [[32mCREATE TABLE (3.0 rows, 108.0 Bytes processed)[0m in 3.80s]
[2026-07-06T22:00:22.147+0000] {subprocess.py:93} INFO - [0m22:00:22  2 of 5 OK created sql table model logistics_mart.dim_hubs ...................... [[32mCREATE TABLE (3.0 rows, 149.0 Bytes processed)[0m in 3.86s]
[2026-07-06T22:00:22.151+0000] {subprocess.py:93} INFO - [0m22:00:22  5 of 5 START sql table model logistics_mart.fact_shipment_weather .............. [RUN]
[2026-07-06T22:00:26.822+0000] {subprocess.py:93} INFO - [0m22:00:26  5 of 5 OK created sql table model logistics_mart.fact_shipment_weather ......... [[32mCREATE TABLE (1.0k rows, 66.0 KiB processed)[0m in 4.67s]
[2026-07-06T22:00:26.870+0000] {subprocess.py:93} INFO - [0m22:00:26
[2026-07-06T22:00:26.871+0000] {subprocess.py:93} INFO - [0m22:00:26  Finished running 3 table models, 2 view models in 0 hours 0 minutes and 10.16 seconds (10.16s).
[2026-07-06T22:00:26.919+0000] {subprocess.py:93} INFO - [0m22:00:26
[2026-07-06T22:00:26.920+0000] {subprocess.py:93} INFO - [0m22:00:26  [32mCompleted successfully[0m
[2026-07-06T22:00:26.920+0000] {subprocess.py:93} INFO - [0m22:00:26
[2026-07-06T22:00:26.921+0000] {subprocess.py:93} INFO - [0m22:00:26  Done. PASS=5 WARN=0 ERROR=0 SKIP=0 NO-OP=0 TOTAL=5
[2026-07-06T22:00:29.050+0000] {subprocess.py:97} INFO - Command exited with return code 0
[2026-07-06T22:00:29.053+0000] {taskinstance.py:441} INFO - ::group::Post task execution logs
[2026-07-06T22:00:29.087+0000] {taskinstance.py:1206} INFO - Marking task as SUCCESS. dag_id=gold_dbt_dag, task_id=trigger_dbt_build, run_id=dataset_triggered__2026-07-06T22:00:13.864116+00:00, execution_date=20260706T220013, start_date=20260706T220014, end_date=20260706T220029
[2026-07-06T22:00:29.107+0000] {local_task_job_runner.py:240} INFO - Task exited with return code 0
[2026-07-06T22:00:29.122+0000] {taskinstance.py:3498} INFO - 0 downstream tasks scheduled from follow-on schedule check
[2026-07-06T22:00:29.123+0000] {local_task_job_runner.py:222} INFO - ::endgroup::
