[2026-07-02T13:09:44.458+0000] {local_task_job_runner.py:120} INFO - ::group::Pre task execution logs
[2026-07-02T13:09:44.482+0000] {taskinstance.py:2076} INFO - Dependencies all met for dep_context=non-requeueable deps ti=<TaskInstance: gold_dbt_dag.trigger_dbt_build dataset_triggered__2026-07-02T11:43:38.383112+00:00 [queued]>
[2026-07-02T13:09:44.485+0000] {taskinstance.py:2076} INFO - Dependencies all met for dep_context=requeueable deps ti=<TaskInstance: gold_dbt_dag.trigger_dbt_build dataset_triggered__2026-07-02T11:43:38.383112+00:00 [queued]>
[2026-07-02T13:09:44.485+0000] {taskinstance.py:2306} INFO - Starting attempt 2 of 2
[2026-07-02T13:09:44.491+0000] {taskinstance.py:2330} INFO - Executing <Task(BashOperator): trigger_dbt_build> on 2026-07-02 11:43:38.383112+00:00
[2026-07-02T13:09:44.496+0000] {standard_task_runner.py:90} INFO - Running: ['***', 'tasks', 'run', 'gold_dbt_dag', 'trigger_dbt_build', 'dataset_triggered__2026-07-02T11:43:38.383112+00:00', '--job-id', '246', '--raw', '--subdir', 'DAGS_FOLDER/dag_gold_dbt.py', '--cfg-path', '/tmp/tmpijz4k3s6']
[2026-07-02T13:09:44.499+0000] {standard_task_runner.py:91} INFO - Job 246: Subtask trigger_dbt_build
[2026-07-02T13:09:44.506+0000] {logging_mixin.py:188} WARNING - /home/***/.local/lib/python3.12/site-packages/***/task/task_runner/standard_task_runner.py:61 DeprecationWarning: This process (pid=69707) is multi-threaded, use of fork() may lead to deadlocks in the child.
[2026-07-02T13:09:44.507+0000] {standard_task_runner.py:63} INFO - Started process 69708 to run task
[2026-07-02T13:09:44.522+0000] {task_command.py:426} INFO - Running <TaskInstance: gold_dbt_dag.trigger_dbt_build dataset_triggered__2026-07-02T11:43:38.383112+00:00 [running]> on host bd23e89d97be
[2026-07-02T13:09:44.559+0000] {taskinstance.py:2648} INFO - Exporting env vars: AIRFLOW_CTX_DAG_OWNER='data_engineer' AIRFLOW_CTX_DAG_ID='gold_dbt_dag' AIRFLOW_CTX_TASK_ID='trigger_dbt_build' AIRFLOW_CTX_EXECUTION_DATE='2026-07-02T11:43:38.383112+00:00' AIRFLOW_CTX_TRY_NUMBER='2' AIRFLOW_CTX_DAG_RUN_ID='dataset_triggered__2026-07-02T11:43:38.383112+00:00'
[2026-07-02T13:09:44.559+0000] {taskinstance.py:430} INFO - ::endgroup::
[2026-07-02T13:09:44.568+0000] {subprocess.py:63} INFO - Tmp dir root location: /tmp
[2026-07-02T13:09:44.571+0000] {subprocess.py:75} INFO - Running command: ['/usr/bin/bash', '-c', 'cd /opt/***/dbt && dbt build --profiles-dir . --target dev']
[2026-07-02T13:09:44.575+0000] {subprocess.py:86} INFO - Output:
[2026-07-02T13:09:45.715+0000] {subprocess.py:93} INFO - [0m13:09:45  Running with dbt=1.11.11
[2026-07-02T13:09:46.265+0000] {subprocess.py:93} INFO - [0m13:09:46  Registered adapter: bigquery=1.11.3
[2026-07-02T13:09:46.482+0000] {subprocess.py:93} INFO - [0m13:09:46  Found 5 models, 4 sources, 553 macros
[2026-07-02T13:09:46.483+0000] {subprocess.py:93} INFO - [0m13:09:46
[2026-07-02T13:09:46.483+0000] {subprocess.py:93} INFO - [0m13:09:46  Concurrency: 4 threads (target='dev')
[2026-07-02T13:09:46.483+0000] {subprocess.py:93} INFO - [0m13:09:46
[2026-07-02T13:09:48.250+0000] {subprocess.py:93} INFO - [0m13:09:48  1 of 5 START sql table model logistics_mart.dim_drivers ........................ [RUN]
[2026-07-02T13:09:48.251+0000] {subprocess.py:93} INFO - [0m13:09:48  2 of 5 START sql table model logistics_mart.dim_hubs ........................... [RUN]
[2026-07-02T13:09:48.251+0000] {subprocess.py:93} INFO - [0m13:09:48  3 of 5 START sql view model logistics_mart.stg_shipments ....................... [RUN]
[2026-07-02T13:09:48.251+0000] {subprocess.py:93} INFO - [0m13:09:48  4 of 5 START sql view model logistics_mart.stg_weather ......................... [RUN]
[2026-07-02T13:09:50.551+0000] {subprocess.py:93} INFO - [0m13:09:50  4 of 5 OK created sql view model logistics_mart.stg_weather .................... [[32mCREATE VIEW (0 processed)[0m in 2.30s]
[2026-07-02T13:09:50.552+0000] {subprocess.py:93} INFO - [0m13:09:50  3 of 5 OK created sql view model logistics_mart.stg_shipments .................. [[32mCREATE VIEW (0 processed)[0m in 2.30s]
[2026-07-02T13:09:52.049+0000] {subprocess.py:93} INFO - [0m13:09:52  2 of 5 OK created sql table model logistics_mart.dim_hubs ...................... [[32mCREATE TABLE (3.0 rows, 149.0 Bytes processed)[0m in 3.79s]
[2026-07-02T13:09:52.053+0000] {subprocess.py:93} INFO - [0m13:09:52  1 of 5 OK created sql table model logistics_mart.dim_drivers ................... [[32mCREATE TABLE (3.0 rows, 108.0 Bytes processed)[0m in 3.80s]
[2026-07-02T13:09:52.056+0000] {subprocess.py:93} INFO - [0m13:09:52  5 of 5 START sql table model logistics_mart.fact_shipment_weather .............. [RUN]
[2026-07-02T13:09:55.997+0000] {subprocess.py:93} INFO - [0m13:09:55  5 of 5 OK created sql table model logistics_mart.fact_shipment_weather ......... [[32mCREATE TABLE (249.0 rows, 16.1 KiB processed)[0m in 3.94s]
[2026-07-02T13:09:56.047+0000] {subprocess.py:93} INFO - [0m13:09:56
[2026-07-02T13:09:56.047+0000] {subprocess.py:93} INFO - [0m13:09:56  Finished running 3 table models, 2 view models in 0 hours 0 minutes and 9.56 seconds (9.56s).
[2026-07-02T13:09:56.076+0000] {subprocess.py:93} INFO - [0m13:09:56
[2026-07-02T13:09:56.077+0000] {subprocess.py:93} INFO - [0m13:09:56  [32mCompleted successfully[0m
[2026-07-02T13:09:56.077+0000] {subprocess.py:93} INFO - [0m13:09:56
[2026-07-02T13:09:56.077+0000] {subprocess.py:93} INFO - [0m13:09:56  Done. PASS=5 WARN=0 ERROR=0 SKIP=0 NO-OP=0 TOTAL=5
[2026-07-02T13:09:58.004+0000] {subprocess.py:97} INFO - Command exited with return code 0
[2026-07-02T13:09:58.005+0000] {taskinstance.py:441} INFO - ::group::Post task execution logs
[2026-07-02T13:09:58.023+0000] {taskinstance.py:1206} INFO - Marking task as SUCCESS. dag_id=gold_dbt_dag, task_id=trigger_dbt_build, run_id=dataset_triggered__2026-07-02T11:43:38.383112+00:00, execution_date=20260702T114338, start_date=20260702T130944, end_date=20260702T130958
[2026-07-02T13:09:58.065+0000] {local_task_job_runner.py:240} INFO - Task exited with return code 0
[2026-07-02T13:09:58.073+0000] {taskinstance.py:3498} INFO - 0 downstream tasks scheduled from follow-on schedule check
[2026-07-02T13:09:58.073+0000] {local_task_job_runner.py:222} INFO - ::endgroup::
