[2026-06-29T04:05:22.369+0000] {local_task_job_runner.py:120} INFO - ::group::Pre task execution logs
[2026-06-29T04:05:22.394+0000] {taskinstance.py:2076} INFO - Dependencies all met for dep_context=non-requeueable deps ti=<TaskInstance: dag_shipment_sim.generate_data manual__2026-06-29T04:05:21.583860+00:00 [queued]>
[2026-06-29T04:05:22.398+0000] {taskinstance.py:2076} INFO - Dependencies all met for dep_context=requeueable deps ti=<TaskInstance: dag_shipment_sim.generate_data manual__2026-06-29T04:05:21.583860+00:00 [queued]>
[2026-06-29T04:05:22.398+0000] {taskinstance.py:2306} INFO - Starting attempt 1 of 1
[2026-06-29T04:05:22.405+0000] {taskinstance.py:2330} INFO - Executing <Task(PythonOperator): generate_data> on 2026-06-29 04:05:21.583860+00:00
[2026-06-29T04:05:22.411+0000] {logging_mixin.py:188} WARNING - /home/***/.local/lib/python3.12/site-packages/***/task/task_runner/standard_task_runner.py:61 DeprecationWarning: This process (pid=1676) is multi-threaded, use of fork() may lead to deadlocks in the child.
[2026-06-29T04:05:22.412+0000] {standard_task_runner.py:63} INFO - Started process 1677 to run task
[2026-06-29T04:05:22.410+0000] {standard_task_runner.py:90} INFO - Running: ['***', 'tasks', 'run', 'dag_shipment_sim', 'generate_data', 'manual__2026-06-29T04:05:21.583860+00:00', '--job-id', '11', '--raw', '--subdir', 'DAGS_FOLDER/dag_shipment_sim.py', '--cfg-path', '/tmp/tmp6cm3zl8c']
[2026-06-29T04:05:22.413+0000] {standard_task_runner.py:91} INFO - Job 11: Subtask generate_data
[2026-06-29T04:05:22.442+0000] {task_command.py:426} INFO - Running <TaskInstance: dag_shipment_sim.generate_data manual__2026-06-29T04:05:21.583860+00:00 [running]> on host 3fb47717e929
[2026-06-29T04:05:22.494+0000] {taskinstance.py:2648} INFO - Exporting env vars: AIRFLOW_CTX_DAG_OWNER='***' AIRFLOW_CTX_DAG_ID='dag_shipment_sim' AIRFLOW_CTX_TASK_ID='generate_data' AIRFLOW_CTX_EXECUTION_DATE='2026-06-29T04:05:21.583860+00:00' AIRFLOW_CTX_TRY_NUMBER='1' AIRFLOW_CTX_DAG_RUN_ID='manual__2026-06-29T04:05:21.583860+00:00'
[2026-06-29T04:05:22.494+0000] {taskinstance.py:430} INFO - ::endgroup::
[2026-06-29T04:05:22.503+0000] {taskinstance.py:441} INFO - ::group::Post task execution logs
[2026-06-29T04:05:22.503+0000] {taskinstance.py:2905} ERROR - Task failed with exception
Traceback (most recent call last):
  File "/home/airflow/.local/lib/python3.12/site-packages/airflow/models/taskinstance.py", line 465, in _execute_task
    result = _execute_callable(context=context, **execute_callable_kwargs)
             ^^^^^^^^^^^^^^^^^^^^^^^^^^^^^^^^^^^^^^^^^^^^^^^^^^^^^^^^^^^^^
  File "/home/airflow/.local/lib/python3.12/site-packages/airflow/models/taskinstance.py", line 432, in _execute_callable
    return execute_callable(context=context, **execute_callable_kwargs)
           ^^^^^^^^^^^^^^^^^^^^^^^^^^^^^^^^^^^^^^^^^^^^^^^^^^^^^^^^^^^^
  File "/home/airflow/.local/lib/python3.12/site-packages/airflow/models/baseoperator.py", line 400, in wrapper
    return func(self, *args, **kwargs)
           ^^^^^^^^^^^^^^^^^^^^^^^^^^^
  File "/home/airflow/.local/lib/python3.12/site-packages/airflow/operators/python.py", line 235, in execute
    return_value = self.execute_callable()
                   ^^^^^^^^^^^^^^^^^^^^^^^
  File "/home/airflow/.local/lib/python3.12/site-packages/airflow/operators/python.py", line 252, in execute_callable
    return self.python_callable(*self.op_args, **self.op_kwargs)
           ^^^^^^^^^^^^^^^^^^^^^^^^^^^^^^^^^^^^^^^^^^^^^^^^^^^^^
  File "/opt/airflow/dags/dag_shipment_sim.py", line 10, in generate_fake_data
    conn = psycopg2.connect(
           ^^^^^^^^^^^^^^^^^
  File "/home/airflow/.local/lib/python3.12/site-packages/psycopg2/__init__.py", line 122, in connect
    conn = _connect(dsn, connection_factory=connection_factory, **kwasync)
           ^^^^^^^^^^^^^^^^^^^^^^^^^^^^^^^^^^^^^^^^^^^^^^^^^^^^^^^^^^^^^^^
psycopg2.OperationalError: connection to server at "postgres-***" (172.20.0.2), port 5432 failed: FATAL:  database "logistics_db" does not exist

[2026-06-29T04:05:22.508+0000] {taskinstance.py:1206} INFO - Marking task as FAILED. dag_id=dag_shipment_sim, task_id=generate_data, run_id=manual__2026-06-29T04:05:21.583860+00:00, execution_date=20260629T040521, start_date=20260629T040522, end_date=20260629T040522
[2026-06-29T04:05:22.512+0000] {standard_task_runner.py:110} ERROR - Failed to execute job 11 for task generate_data (connection to server at "postgres-***" (172.20.0.2), port 5432 failed: FATAL:  database "logistics_db" does not exist
; 1677)
[2026-06-29T04:05:22.552+0000] {local_task_job_runner.py:240} INFO - Task exited with return code 1
[2026-06-29T04:05:22.559+0000] {taskinstance.py:3498} INFO - 0 downstream tasks scheduled from follow-on schedule check
[2026-06-29T04:05:22.560+0000] {local_task_job_runner.py:222} INFO - ::endgroup::
