[2026-07-05T14:27:24.813+0000] {local_task_job_runner.py:120} INFO - ::group::Pre task execution logs
[2026-07-05T14:27:24.831+0000] {taskinstance.py:2076} INFO - Dependencies all met for dep_context=non-requeueable deps ti=<TaskInstance: gold_dbt_dag.trigger_dbt_build dataset_triggered__2026-07-05T14:27:23.681535+00:00 [queued]>
[2026-07-05T14:27:24.834+0000] {taskinstance.py:2076} INFO - Dependencies all met for dep_context=requeueable deps ti=<TaskInstance: gold_dbt_dag.trigger_dbt_build dataset_triggered__2026-07-05T14:27:23.681535+00:00 [queued]>
[2026-07-05T14:27:24.835+0000] {taskinstance.py:2306} INFO - Starting attempt 1 of 2
[2026-07-05T14:27:24.839+0000] {taskinstance.py:2330} INFO - Executing <Task(BashOperator): trigger_dbt_build> on 2026-07-05 14:27:23.681535+00:00
[2026-07-05T14:27:24.843+0000] {standard_task_runner.py:90} INFO - Running: ['***', 'tasks', 'run', 'gold_dbt_dag', 'trigger_dbt_build', 'dataset_triggered__2026-07-05T14:27:23.681535+00:00', '--job-id', '685', '--raw', '--subdir', 'DAGS_FOLDER/dag_gold_dbt.py', '--cfg-path', '/tmp/tmpai3i4u5v']
[2026-07-05T14:27:24.845+0000] {standard_task_runner.py:91} INFO - Job 685: Subtask trigger_dbt_build
[2026-07-05T14:27:24.845+0000] {logging_mixin.py:188} WARNING - /home/***/.local/lib/python3.12/site-packages/***/task/task_runner/standard_task_runner.py:61 DeprecationWarning: This process (pid=51247) is multi-threaded, use of fork() may lead to deadlocks in the child.
[2026-07-05T14:27:24.845+0000] {standard_task_runner.py:63} INFO - Started process 51248 to run task
[2026-07-05T14:27:24.868+0000] {task_command.py:426} INFO - Running <TaskInstance: gold_dbt_dag.trigger_dbt_build dataset_triggered__2026-07-05T14:27:23.681535+00:00 [running]> on host bd23e89d97be
[2026-07-05T14:27:24.904+0000] {taskinstance.py:2648} INFO - Exporting env vars: AIRFLOW_CTX_DAG_OWNER='data_engineer' AIRFLOW_CTX_DAG_ID='gold_dbt_dag' AIRFLOW_CTX_TASK_ID='trigger_dbt_build' AIRFLOW_CTX_EXECUTION_DATE='2026-07-05T14:27:23.681535+00:00' AIRFLOW_CTX_TRY_NUMBER='1' AIRFLOW_CTX_DAG_RUN_ID='dataset_triggered__2026-07-05T14:27:23.681535+00:00'
[2026-07-05T14:27:24.904+0000] {taskinstance.py:430} INFO - ::endgroup::
[2026-07-05T14:27:24.911+0000] {subprocess.py:63} INFO - Tmp dir root location: /tmp
[2026-07-05T14:27:24.911+0000] {subprocess.py:75} INFO - Running command: ['/usr/bin/bash', '-c', 'cd /opt/***/dbt && dbt build --profiles-dir . --target dev']
[2026-07-05T14:27:24.915+0000] {subprocess.py:86} INFO - Output:
[2026-07-05T14:27:26.462+0000] {subprocess.py:93} INFO - [0m14:27:26  Running with dbt=1.11.11
[2026-07-05T14:27:27.026+0000] {subprocess.py:93} INFO - [0m14:27:27  Registered adapter: bigquery=1.11.3
[2026-07-05T14:27:27.238+0000] {subprocess.py:93} INFO - [0m14:27:27  Found 5 models, 4 sources, 553 macros
[2026-07-05T14:27:27.239+0000] {subprocess.py:93} INFO - [0m14:27:27
[2026-07-05T14:27:27.239+0000] {subprocess.py:93} INFO - [0m14:27:27  Concurrency: 4 threads (target='dev')
[2026-07-05T14:27:27.239+0000] {subprocess.py:93} INFO - [0m14:27:27
[2026-07-05T14:27:29.923+0000] {subprocess.py:93} INFO - [0m14:27:29  1 of 5 START sql table model logistics_mart.dim_drivers ........................ [RUN]
[2026-07-05T14:27:29.924+0000] {subprocess.py:93} INFO - [0m14:27:29  2 of 5 START sql table model logistics_mart.dim_hubs ........................... [RUN]
[2026-07-05T14:27:29.924+0000] {subprocess.py:93} INFO - [0m14:27:29  3 of 5 START sql view model logistics_mart.stg_shipments ....................... [RUN]
[2026-07-05T14:27:29.925+0000] {subprocess.py:93} INFO - [0m14:27:29  4 of 5 START sql view model logistics_mart.stg_weather ......................... [RUN]
[2026-07-05T14:27:32.059+0000] {subprocess.py:93} INFO - [0m14:27:32  3 of 5 OK created sql view model logistics_mart.stg_shipments .................. [[32mCREATE VIEW (0 processed)[0m in 2.13s]
[2026-07-05T14:27:32.060+0000] {subprocess.py:93} INFO - [0m14:27:32  4 of 5 OK created sql view model logistics_mart.stg_weather .................... [[32mCREATE VIEW (0 processed)[0m in 2.13s]
[2026-07-05T14:27:35.489+0000] {subprocess.py:93} INFO - [0m14:27:35  2 of 5 OK created sql table model logistics_mart.dim_hubs ...................... [[32mCREATE TABLE (3.0 rows, 149.0 Bytes processed)[0m in 5.56s]
[2026-07-05T14:27:35.495+0000] {subprocess.py:93} INFO - [0m14:27:35  5 of 5 START sql table model logistics_mart.fact_shipment_weather .............. [RUN]
[2026-07-05T14:27:39.430+0000] {subprocess.py:93} INFO - [0m14:27:39  5 of 5 OK created sql table model logistics_mart.fact_shipment_weather ......... [[32mCREATE TABLE (801.0 rows, 50.9 KiB processed)[0m in 3.93s]
[2026-07-05T16:31:08.092+0000] {local_task_job_runner.py:310} WARNING - State of this instance has been externally set to up_for_retry. Terminating instance.
[2026-07-05T16:31:08.094+0000] {local_task_job_runner.py:222} INFO - ::endgroup::
[2026-07-05T16:31:08.097+0000] {process_utils.py:132} INFO - Sending 15 to group 51248. PIDs of all processes in the group: [51249, 51263, 51248]
[2026-07-05T16:31:08.097+0000] {process_utils.py:87} INFO - Sending the signal 15 to group 51248
[2026-07-05T16:31:08.098+0000] {taskinstance.py:2611} ERROR - Received SIGTERM. Terminating subprocesses.
[2026-07-05T16:31:08.106+0000] {subprocess.py:104} INFO - Sending SIGTERM signal to process group
[2026-07-05T16:31:08.110+0000] {taskinstance.py:441} INFO - ::group::Post task execution logs
[2026-07-05T16:31:08.138+0000] {taskinstance.py:2905} ERROR - Task failed with exception
Traceback (most recent call last):
  File "/home/airflow/.local/lib/python3.12/site-packages/airflow/models/taskinstance.py", line 465, in _execute_task
    result = _execute_callable(context=context, **execute_callable_kwargs)
             ^^^^^^^^^^^^^^^^^^^^^^^^^^^^^^^^^^^^^^^^^^^^^^^^^^^^^^^^^^^^^
  File "/home/airflow/.local/lib/python3.12/site-packages/airflow/models/taskinstance.py", line 432, in _execute_callable
    return execute_callable(context=context, **execute_callable_kwargs)
           ^^^^^^^^^^^^^^^^^^^^^^^^^^^^^^^^^^^^^^^^^^^^^^^^^^^^^^^^^^^^
  File "/home/airflow/.local/lib/python3.12/site-packages/airflow/models/baseoperator.py", line 400, in wrapper
    return func(self, *args, **kwargs)
           ^^^^^^^^^^^^^^^^^^^^^^^^^^^
  File "/home/airflow/.local/lib/python3.12/site-packages/airflow/operators/bash.py", line 234, in execute
    result = self.subprocess_hook.run_command(
             ^^^^^^^^^^^^^^^^^^^^^^^^^^^^^^^^^
  File "/home/airflow/.local/lib/python3.12/site-packages/airflow/hooks/subprocess.py", line 91, in run_command
    for raw_line in iter(self.sub_process.stdout.readline, b""):
  File "/home/airflow/.local/lib/python3.12/site-packages/airflow/models/taskinstance.py", line 2613, in signal_handler
    raise AirflowTaskTerminated("Task received SIGTERM signal")
airflow.exceptions.AirflowTaskTerminated: Task received SIGTERM signal
[2026-07-05T16:31:08.144+0000] {taskinstance.py:1206} INFO - Marking task as FAILED. dag_id=gold_dbt_dag, task_id=trigger_dbt_build, run_id=dataset_triggered__2026-07-05T14:27:23.681535+00:00, execution_date=20260705T142723, start_date=20260705T142724, end_date=20260705T163108
[2026-07-05T16:31:08.193+0000] {process_utils.py:80} INFO - Process psutil.Process(pid=51248, status='terminated', exitcode=2, started='14:27:24') (51248) terminated with exit code 2
[2026-07-05T16:31:08.194+0000] {process_utils.py:80} INFO - Process psutil.Process(pid=51249, status='terminated', started='14:27:24') (51249) terminated with exit code None
[2026-07-05T16:31:08.194+0000] {process_utils.py:80} INFO - Process psutil.Process(pid=51263, status='terminated', started='14:27:26') (51263) terminated with exit code None
