[2026-07-12T14:37:39.163+0000] {local_task_job_runner.py:120} INFO - ::group::Pre task execution logs
[2026-07-12T14:37:39.203+0000] {taskinstance.py:2076} INFO - Dependencies all met for dep_context=non-requeueable deps ti=<TaskInstance: gold_dbt_dag.trigger_dbt_build dataset_triggered__2026-07-12T14:18:17.254735+00:00 [queued]>
[2026-07-12T14:37:39.207+0000] {taskinstance.py:2076} INFO - Dependencies all met for dep_context=requeueable deps ti=<TaskInstance: gold_dbt_dag.trigger_dbt_build dataset_triggered__2026-07-12T14:18:17.254735+00:00 [queued]>
[2026-07-12T14:37:39.208+0000] {taskinstance.py:2306} INFO - Starting attempt 2 of 2
[2026-07-12T14:37:39.214+0000] {taskinstance.py:2330} INFO - Executing <Task(BashOperator): trigger_dbt_build> on 2026-07-12 14:18:17.254735+00:00
[2026-07-12T14:37:39.225+0000] {standard_task_runner.py:90} INFO - Running: ['***', 'tasks', 'run', 'gold_dbt_dag', 'trigger_dbt_build', 'dataset_triggered__2026-07-12T14:18:17.254735+00:00', '--job-id', '161', '--raw', '--subdir', 'DAGS_FOLDER/dag_gold_dbt.py', '--cfg-path', '/tmp/tmpd82xs67l']
[2026-07-12T14:37:39.235+0000] {standard_task_runner.py:91} INFO - Job 161: Subtask trigger_dbt_build
[2026-07-12T14:37:39.234+0000] {logging_mixin.py:188} WARNING - /home/***/.local/lib/python3.12/site-packages/***/task/task_runner/standard_task_runner.py:61 DeprecationWarning: This process (pid=18447) is multi-threaded, use of fork() may lead to deadlocks in the child.
[2026-07-12T14:37:39.236+0000] {standard_task_runner.py:63} INFO - Started process 18448 to run task
[2026-07-12T14:37:39.284+0000] {task_command.py:426} INFO - Running <TaskInstance: gold_dbt_dag.trigger_dbt_build dataset_triggered__2026-07-12T14:18:17.254735+00:00 [running]> on host ad4e12f53b08
[2026-07-12T14:37:39.346+0000] {taskinstance.py:2648} INFO - Exporting env vars: AIRFLOW_CTX_DAG_OWNER='data_engineer' AIRFLOW_CTX_DAG_ID='gold_dbt_dag' AIRFLOW_CTX_TASK_ID='trigger_dbt_build' AIRFLOW_CTX_EXECUTION_DATE='2026-07-12T14:18:17.254735+00:00' AIRFLOW_CTX_TRY_NUMBER='2' AIRFLOW_CTX_DAG_RUN_ID='dataset_triggered__2026-07-12T14:18:17.254735+00:00'
[2026-07-12T14:37:39.347+0000] {taskinstance.py:430} INFO - ::endgroup::
[2026-07-12T14:37:39.360+0000] {subprocess.py:63} INFO - Tmp dir root location: /tmp
[2026-07-12T14:37:39.361+0000] {subprocess.py:75} INFO - Running command: ['/usr/bin/bash', '-c', 'cd /opt/***/dbt && dbt build --profiles-dir . --target dev']
[2026-07-12T14:37:39.377+0000] {subprocess.py:86} INFO - Output:
[2026-07-12T14:37:42.664+0000] {subprocess.py:93} INFO - [0m14:37:42  Running with dbt=1.11.11
[2026-07-12T14:37:43.345+0000] {subprocess.py:93} INFO - [0m14:37:43  Registered adapter: bigquery=1.11.3
[2026-07-12T14:37:43.623+0000] {subprocess.py:93} INFO - [0m14:37:43  Found 6 models, 4 sources, 553 macros
[2026-07-12T14:37:43.624+0000] {subprocess.py:93} INFO - [0m14:37:43
[2026-07-12T14:37:43.625+0000] {subprocess.py:93} INFO - [0m14:37:43  Concurrency: 4 threads (target='dev')
[2026-07-12T14:37:43.625+0000] {subprocess.py:93} INFO - [0m14:37:43
[2026-07-12T14:37:45.290+0000] {subprocess.py:93} INFO - [0m14:37:45  1 of 6 START sql table model logistics_mart.dim_drivers ........................ [RUN]
[2026-07-12T14:37:45.292+0000] {subprocess.py:93} INFO - [0m14:37:45  2 of 6 START sql table model logistics_mart.dim_hubs ........................... [RUN]
[2026-07-12T14:37:45.292+0000] {subprocess.py:93} INFO - [0m14:37:45  3 of 6 START sql view model logistics_mart.stg_shipments ....................... [RUN]
[2026-07-12T14:37:45.293+0000] {subprocess.py:93} INFO - [0m14:37:45  4 of 6 START sql view model logistics_mart.stg_weather ......................... [RUN]
[2026-07-12T14:37:47.049+0000] {subprocess.py:93} INFO - WARNING:urllib3.connectionpool:Retrying (Retry(total=2, connect=None, read=None, redirect=None, status=None)) after connection broken by 'SSLError(SSLEOFError(8, '[SSL: UNEXPECTED_EOF_WHILE_READING] EOF occurred in violation of protocol (_ssl.c:1000)'))': /token
[2026-07-12T14:37:47.056+0000] {subprocess.py:93} INFO - WARNING:urllib3.connectionpool:Retrying (Retry(total=2, connect=None, read=None, redirect=None, status=None)) after connection broken by 'SSLError(SSLEOFError(8, '[SSL: UNEXPECTED_EOF_WHILE_READING] EOF occurred in violation of protocol (_ssl.c:1000)'))': /token
[2026-07-12T14:37:47.058+0000] {subprocess.py:93} INFO - WARNING:urllib3.connectionpool:Retrying (Retry(total=2, connect=None, read=None, redirect=None, status=None)) after connection broken by 'SSLError(SSLEOFError(8, '[SSL: UNEXPECTED_EOF_WHILE_READING] EOF occurred in violation of protocol (_ssl.c:1000)'))': /token
[2026-07-12T14:37:47.059+0000] {subprocess.py:93} INFO - WARNING:urllib3.connectionpool:Retrying (Retry(total=2, connect=None, read=None, redirect=None, status=None)) after connection broken by 'SSLError(SSLEOFError(8, '[SSL: UNEXPECTED_EOF_WHILE_READING] EOF occurred in violation of protocol (_ssl.c:1000)'))': /token
[2026-07-12T14:37:49.108+0000] {subprocess.py:93} INFO - [0m14:37:49  BigQuery adapter: https://console.cloud.google.com/bigquery?project=logistics-500519&j=bq:US:ab996cee-a610-4151-a775-a6edff68083d&page=queryresults
[2026-07-12T14:37:49.140+0000] {subprocess.py:93} INFO - [0m14:37:49  1 of 6 ERROR creating sql table model logistics_mart.dim_drivers ............... [[31mERROR[0m in 3.83s]
[2026-07-12T14:37:49.143+0000] {subprocess.py:93} INFO - [0m14:37:49  5 of 6 START sql view model logistics_mart.stg_weather_consensus ............... [RUN]
[2026-07-12T14:37:49.236+0000] {subprocess.py:93} INFO - [0m14:37:49  3 of 6 OK created sql view model logistics_mart.stg_shipments .................. [[32mCREATE VIEW (0 processed)[0m in 3.94s]
[2026-07-12T14:37:49.240+0000] {subprocess.py:93} INFO - [0m14:37:49  4 of 6 OK created sql view model logistics_mart.stg_weather .................... [[32mCREATE VIEW (0 processed)[0m in 3.95s]
[2026-07-12T14:37:49.687+0000] {subprocess.py:93} INFO - [0m14:37:49  BigQuery adapter: https://console.cloud.google.com/bigquery?project=logistics-500519&j=bq:US:e2b74971-7348-4e47-9eff-da3cec6b0fe3&page=queryresults
[2026-07-12T14:37:49.694+0000] {subprocess.py:93} INFO - [0m14:37:49  2 of 6 ERROR creating sql table model logistics_mart.dim_hubs .................. [[31mERROR[0m in 4.40s]
[2026-07-12T14:37:51.039+0000] {subprocess.py:93} INFO - [0m14:37:51  5 of 6 OK created sql view model logistics_mart.stg_weather_consensus .......... [[32mCREATE VIEW (0 processed)[0m in 1.89s]
[2026-07-12T14:37:51.043+0000] {subprocess.py:93} INFO - [0m14:37:51  6 of 6 SKIP relation logistics_mart.fact_shipment_weather ...................... [[33mSKIP[0m]
[2026-07-12T14:37:51.090+0000] {subprocess.py:93} INFO - [0m14:37:51
[2026-07-12T14:37:51.091+0000] {subprocess.py:93} INFO - [0m14:37:51  Finished running 3 table models, 3 view models in 0 hours 0 minutes and 7.46 seconds (7.46s).
[2026-07-12T14:37:51.124+0000] {subprocess.py:93} INFO - [0m14:37:51
[2026-07-12T14:37:51.125+0000] {subprocess.py:93} INFO - [0m14:37:51  [31mCompleted with 2 errors, 0 partial successes, and 0 warnings:[0m
[2026-07-12T14:37:51.125+0000] {subprocess.py:93} INFO - [0m14:37:51
[2026-07-12T14:37:51.125+0000] {subprocess.py:93} INFO - [0m14:37:51  [31mFailure in model dim_drivers (models/mart/dim_drivers.sql)[0m
[2026-07-12T14:37:51.126+0000] {subprocess.py:93} INFO - [0m14:37:51    Database Error in model dim_drivers (models/mart/dim_drivers.sql)
[2026-07-12T14:37:51.126+0000] {subprocess.py:93} INFO -   Unrecognized name: is_current at [24:7]
[2026-07-12T14:37:51.126+0000] {subprocess.py:93} INFO -   compiled code at target/run/logistics_lakehouse/models/mart/dim_drivers.sql
[2026-07-12T14:37:51.126+0000] {subprocess.py:93} INFO - [0m14:37:51
[2026-07-12T14:37:51.126+0000] {subprocess.py:93} INFO - [0m14:37:51    compiled code at target/compiled/logistics_lakehouse/models/mart/dim_drivers.sql
[2026-07-12T14:37:51.126+0000] {subprocess.py:93} INFO - [0m14:37:51
[2026-07-12T14:37:51.126+0000] {subprocess.py:93} INFO - [0m14:37:51  [31mFailure in model dim_hubs (models/mart/dim_hubs.sql)[0m
[2026-07-12T14:37:51.127+0000] {subprocess.py:93} INFO - [0m14:37:51    Database Error in model dim_hubs (models/mart/dim_hubs.sql)
[2026-07-12T14:37:51.127+0000] {subprocess.py:93} INFO -   Unrecognized name: is_current at [24:7]
[2026-07-12T14:37:51.127+0000] {subprocess.py:93} INFO -   compiled code at target/run/logistics_lakehouse/models/mart/dim_hubs.sql
[2026-07-12T14:37:51.127+0000] {subprocess.py:93} INFO - [0m14:37:51
[2026-07-12T14:37:51.127+0000] {subprocess.py:93} INFO - [0m14:37:51    compiled code at target/compiled/logistics_lakehouse/models/mart/dim_hubs.sql
[2026-07-12T14:37:51.127+0000] {subprocess.py:93} INFO - [0m14:37:51
[2026-07-12T14:37:51.128+0000] {subprocess.py:93} INFO - [0m14:37:51  Done. PASS=3 WARN=0 ERROR=2 SKIP=1 NO-OP=0 TOTAL=6
[2026-07-12T14:37:53.040+0000] {subprocess.py:97} INFO - Command exited with return code 1
[2026-07-12T14:37:53.041+0000] {taskinstance.py:441} INFO - ::group::Post task execution logs
[2026-07-12T14:37:53.060+0000] {taskinstance.py:2905} ERROR - Task failed with exception
Traceback (most recent call last):
  File "/home/airflow/.local/lib/python3.12/site-packages/airflow/models/taskinstance.py", line 465, in _execute_task
    result = _execute_callable(context=context, **execute_callable_kwargs)
             ^^^^^^^^^^^^^^^^^^^^^^^^^^^^^^^^^^^^^^^^^^^^^^^^^^^^^^^^^^^^^
  File "/home/airflow/.local/lib/python3.12/site-packages/airflow/models/taskinstance.py", line 432, in _execute_callable
    return execute_callable(context=context, **execute_callable_kwargs)
           ^^^^^^^^^^^^^^^^^^^^^^^^^^^^^^^^^^^^^^^^^^^^^^^^^^^^^^^^^^^^
  File "/home/airflow/.local/lib/python3.12/site-packages/airflow/models/baseoperator.py", line 400, in wrapper
    return func(self, *args, **kwargs)
           ^^^^^^^^^^^^^^^^^^^^^^^^^^^
  File "/home/airflow/.local/lib/python3.12/site-packages/airflow/operators/bash.py", line 243, in execute
    raise AirflowException(
airflow.exceptions.AirflowException: Bash command failed. The command returned a non-zero exit code 1.
[2026-07-12T14:37:53.065+0000] {taskinstance.py:1206} INFO - Marking task as FAILED. dag_id=gold_dbt_dag, task_id=trigger_dbt_build, run_id=dataset_triggered__2026-07-12T14:18:17.254735+00:00, execution_date=20260712T141817, start_date=20260712T143739, end_date=20260712T143753
[2026-07-12T14:37:53.077+0000] {standard_task_runner.py:110} ERROR - Failed to execute job 161 for task trigger_dbt_build (Bash command failed. The command returned a non-zero exit code 1.; 18448)
[2026-07-12T14:37:53.097+0000] {local_task_job_runner.py:240} INFO - Task exited with return code 1
[2026-07-12T14:37:53.109+0000] {taskinstance.py:3498} INFO - 0 downstream tasks scheduled from follow-on schedule check
[2026-07-12T14:37:53.110+0000] {local_task_job_runner.py:222} INFO - ::endgroup::
