[2026-07-10T16:00:27.979+0000] {local_task_job_runner.py:120} INFO - ::group::Pre task execution logs
[2026-07-10T16:00:28.028+0000] {taskinstance.py:2076} INFO - Dependencies all met for dep_context=non-requeueable deps ti=<TaskInstance: gold_dbt_dag.trigger_dbt_build dataset_triggered__2026-07-10T16:00:26.316664+00:00 [queued]>
[2026-07-10T16:00:28.035+0000] {taskinstance.py:2076} INFO - Dependencies all met for dep_context=requeueable deps ti=<TaskInstance: gold_dbt_dag.trigger_dbt_build dataset_triggered__2026-07-10T16:00:26.316664+00:00 [queued]>
[2026-07-10T16:00:28.035+0000] {taskinstance.py:2306} INFO - Starting attempt 1 of 2
[2026-07-10T16:00:28.043+0000] {taskinstance.py:2330} INFO - Executing <Task(BashOperator): trigger_dbt_build> on 2026-07-10 16:00:26.316664+00:00
[2026-07-10T16:00:28.052+0000] {standard_task_runner.py:90} INFO - Running: ['***', 'tasks', 'run', 'gold_dbt_dag', 'trigger_dbt_build', 'dataset_triggered__2026-07-10T16:00:26.316664+00:00', '--job-id', '1490', '--raw', '--subdir', 'DAGS_FOLDER/dag_gold_dbt.py', '--cfg-path', '/tmp/tmpwb7hegqo']
[2026-07-10T16:00:28.056+0000] {logging_mixin.py:188} WARNING - /home/***/.local/lib/python3.12/site-packages/***/task/task_runner/standard_task_runner.py:61 DeprecationWarning: This process (pid=35363) is multi-threaded, use of fork() may lead to deadlocks in the child.
[2026-07-10T16:00:28.057+0000] {standard_task_runner.py:63} INFO - Started process 35364 to run task
[2026-07-10T16:00:28.056+0000] {standard_task_runner.py:91} INFO - Job 1490: Subtask trigger_dbt_build
[2026-07-10T16:00:28.132+0000] {task_command.py:426} INFO - Running <TaskInstance: gold_dbt_dag.trigger_dbt_build dataset_triggered__2026-07-10T16:00:26.316664+00:00 [running]> on host bd23e89d97be
[2026-07-10T16:00:28.261+0000] {taskinstance.py:2648} INFO - Exporting env vars: AIRFLOW_CTX_DAG_OWNER='data_engineer' AIRFLOW_CTX_DAG_ID='gold_dbt_dag' AIRFLOW_CTX_TASK_ID='trigger_dbt_build' AIRFLOW_CTX_EXECUTION_DATE='2026-07-10T16:00:26.316664+00:00' AIRFLOW_CTX_TRY_NUMBER='1' AIRFLOW_CTX_DAG_RUN_ID='dataset_triggered__2026-07-10T16:00:26.316664+00:00'
[2026-07-10T16:00:28.262+0000] {taskinstance.py:430} INFO - ::endgroup::
[2026-07-10T16:00:28.287+0000] {subprocess.py:63} INFO - Tmp dir root location: /tmp
[2026-07-10T16:00:28.290+0000] {subprocess.py:75} INFO - Running command: ['/usr/bin/bash', '-c', 'cd /opt/***/dbt && dbt build --profiles-dir . --target dev']
[2026-07-10T16:00:28.299+0000] {subprocess.py:86} INFO - Output:
[2026-07-10T16:00:30.859+0000] {subprocess.py:93} INFO - [0m16:00:30  Running with dbt=1.11.11
[2026-07-10T16:00:31.779+0000] {subprocess.py:93} INFO - [0m16:00:31  Registered adapter: bigquery=1.11.3
[2026-07-10T16:00:32.186+0000] {subprocess.py:93} INFO - [0m16:00:32  Found 6 models, 4 sources, 553 macros
[2026-07-10T16:00:32.190+0000] {subprocess.py:93} INFO - [0m16:00:32
[2026-07-10T16:00:32.191+0000] {subprocess.py:93} INFO - [0m16:00:32  Concurrency: 4 threads (target='dev')
[2026-07-10T16:00:32.192+0000] {subprocess.py:93} INFO - [0m16:00:32
[2026-07-10T16:00:33.871+0000] {subprocess.py:93} INFO - [0m16:00:33  1 of 6 START sql table model logistics_mart.dim_drivers ........................ [RUN]
[2026-07-10T16:00:33.873+0000] {subprocess.py:93} INFO - [0m16:00:33  2 of 6 START sql table model logistics_mart.dim_hubs ........................... [RUN]
[2026-07-10T16:00:33.874+0000] {subprocess.py:93} INFO - [0m16:00:33  3 of 6 START sql view model logistics_mart.stg_shipments ....................... [RUN]
[2026-07-10T16:00:33.874+0000] {subprocess.py:93} INFO - [0m16:00:33  4 of 6 START sql view model logistics_mart.stg_weather ......................... [RUN]
[2026-07-10T16:00:36.098+0000] {subprocess.py:93} INFO - [0m16:00:36  3 of 6 OK created sql view model logistics_mart.stg_shipments .................. [[32mCREATE VIEW (0 processed)[0m in 2.22s]
[2026-07-10T16:00:36.100+0000] {subprocess.py:93} INFO - [0m16:00:36  4 of 6 OK created sql view model logistics_mart.stg_weather .................... [[32mCREATE VIEW (0 processed)[0m in 2.22s]
[2026-07-10T16:00:36.105+0000] {subprocess.py:93} INFO - [0m16:00:36  5 of 6 START sql view model logistics_mart.stg_weather_consensus ............... [RUN]
[2026-07-10T16:00:37.761+0000] {subprocess.py:93} INFO - [0m16:00:37  BigQuery adapter: https://console.cloud.google.com/bigquery?project=logistics-500519&j=bq:US:80d971a9-67ef-4505-8e24-827ca08b1524&page=queryresults
[2026-07-10T16:00:37.790+0000] {subprocess.py:93} INFO - [0m16:00:37  5 of 6 ERROR creating sql view model logistics_mart.stg_weather_consensus ...... [[31mERROR[0m in 1.68s]
[2026-07-10T16:00:37.823+0000] {subprocess.py:93} INFO - [0m16:00:37  1 of 6 OK created sql table model logistics_mart.dim_drivers ................... [[32mCREATE TABLE (3.0 rows, 108.0 Bytes processed)[0m in 3.94s]
[2026-07-10T16:00:38.725+0000] {subprocess.py:93} INFO - [0m16:00:38  2 of 6 OK created sql table model logistics_mart.dim_hubs ...................... [[32mCREATE TABLE (3.0 rows, 149.0 Bytes processed)[0m in 4.85s]
[2026-07-10T16:00:38.731+0000] {subprocess.py:93} INFO - [0m16:00:38  6 of 6 START sql table model logistics_mart.fact_shipment_weather .............. [RUN]
[2026-07-10T16:00:43.864+0000] {subprocess.py:93} INFO - [0m16:00:43  6 of 6 OK created sql table model logistics_mart.fact_shipment_weather ......... [[32mCREATE TABLE (1.7k rows, 109.1 KiB processed)[0m in 5.12s]
[2026-07-10T16:00:43.916+0000] {subprocess.py:93} INFO - [0m16:00:43
[2026-07-10T16:00:43.916+0000] {subprocess.py:93} INFO - [0m16:00:43  Finished running 3 table models, 3 view models in 0 hours 0 minutes and 11.72 seconds (11.72s).
[2026-07-10T16:00:43.999+0000] {subprocess.py:93} INFO - [0m16:00:43
[2026-07-10T16:00:43.999+0000] {subprocess.py:93} INFO - [0m16:00:43  [31mCompleted with 1 error, 0 partial successes, and 0 warnings:[0m
[2026-07-10T16:00:44.000+0000] {subprocess.py:93} INFO - [0m16:00:44
[2026-07-10T16:00:44.000+0000] {subprocess.py:93} INFO - [0m16:00:44  [31mFailure in model stg_weather_consensus (models/staging/stg_weather_consensus.sql)[0m
[2026-07-10T16:00:44.001+0000] {subprocess.py:93} INFO - [0m16:00:44    Database Error in model stg_weather_consensus (models/staging/stg_weather_consensus.sql)
[2026-07-10T16:00:44.001+0000] {subprocess.py:93} INFO -   Unrecognized name: fetched_at at [11:11]
[2026-07-10T16:00:44.001+0000] {subprocess.py:93} INFO -   compiled code at target/run/logistics_lakehouse/models/staging/stg_weather_consensus.sql
[2026-07-10T16:00:44.002+0000] {subprocess.py:93} INFO - [0m16:00:44
[2026-07-10T16:00:44.002+0000] {subprocess.py:93} INFO - [0m16:00:44    compiled code at target/compiled/logistics_lakehouse/models/staging/stg_weather_consensus.sql
[2026-07-10T16:00:44.003+0000] {subprocess.py:93} INFO - [0m16:00:44
[2026-07-10T16:00:44.004+0000] {subprocess.py:93} INFO - [0m16:00:44  Done. PASS=5 WARN=0 ERROR=1 SKIP=0 NO-OP=0 TOTAL=6
[2026-07-10T16:00:46.174+0000] {subprocess.py:97} INFO - Command exited with return code 1
[2026-07-10T16:00:46.175+0000] {taskinstance.py:441} INFO - ::group::Post task execution logs
[2026-07-10T16:00:46.199+0000] {taskinstance.py:2905} ERROR - Task failed with exception
Traceback (most recent call last):
  File "/home/airflow/.local/lib/python3.12/site-packages/airflow/models/taskinstance.py", line 465, in _execute_task
    result = _execute_callable(context=context, **execute_callable_kwargs)
             ^^^^^^^^^^^^^^^^^^^^^^^^^^^^^^^^^^^^^^^^^^^^^^^^^^^^^^^^^^^^^
  File "/home/airflow/.local/lib/python3.12/site-packages/airflow/models/taskinstance.py", line 432, in _execute_callable
    return execute_callable(context=context, **execute_callable_kwargs)
           ^^^^^^^^^^^^^^^^^^^^^^^^^^^^^^^^^^^^^^^^^^^^^^^^^^^^^^^^^^^^
  File "/home/airflow/.local/lib/python3.12/site-packages/airflow/models/baseoperator.py", line 400, in wrapper
    return func(self, *args, **kwargs)
           ^^^^^^^^^^^^^^^^^^^^^^^^^^^
  File "/home/airflow/.local/lib/python3.12/site-packages/airflow/operators/bash.py", line 243, in execute
    raise AirflowException(
airflow.exceptions.AirflowException: Bash command failed. The command returned a non-zero exit code 1.
[2026-07-10T16:00:46.207+0000] {taskinstance.py:1206} INFO - Marking task as UP_FOR_RETRY. dag_id=gold_dbt_dag, task_id=trigger_dbt_build, run_id=dataset_triggered__2026-07-10T16:00:26.316664+00:00, execution_date=20260710T160026, start_date=20260710T160028, end_date=20260710T160046
[2026-07-10T16:00:46.232+0000] {standard_task_runner.py:110} ERROR - Failed to execute job 1490 for task trigger_dbt_build (Bash command failed. The command returned a non-zero exit code 1.; 35364)
[2026-07-10T16:00:46.245+0000] {local_task_job_runner.py:240} INFO - Task exited with return code 1
[2026-07-10T16:00:46.271+0000] {taskinstance.py:3498} INFO - 0 downstream tasks scheduled from follow-on schedule check
[2026-07-10T16:00:46.272+0000] {local_task_job_runner.py:222} INFO - ::endgroup::
