[2026-07-06T16:02:15.393+0000] {local_task_job_runner.py:120} INFO - ::group::Pre task execution logs
[2026-07-06T16:02:15.507+0000] {taskinstance.py:2076} INFO - Dependencies all met for dep_context=non-requeueable deps ti=<TaskInstance: gold_dbt_dag.trigger_dbt_build dataset_triggered__2026-07-06T16:02:13.498434+00:00 [queued]>
[2026-07-06T16:02:15.531+0000] {taskinstance.py:2076} INFO - Dependencies all met for dep_context=requeueable deps ti=<TaskInstance: gold_dbt_dag.trigger_dbt_build dataset_triggered__2026-07-06T16:02:13.498434+00:00 [queued]>
[2026-07-06T16:02:15.532+0000] {taskinstance.py:2306} INFO - Starting attempt 1 of 2
[2026-07-06T16:02:15.571+0000] {taskinstance.py:2330} INFO - Executing <Task(BashOperator): trigger_dbt_build> on 2026-07-06 16:02:13.498434+00:00
[2026-07-06T16:02:15.627+0000] {logging_mixin.py:188} WARNING - /home/***/.local/lib/python3.12/site-packages/***/task/task_runner/standard_task_runner.py:61 DeprecationWarning: This process (pid=87820) is multi-threaded, use of fork() may lead to deadlocks in the child.
[2026-07-06T16:02:15.624+0000] {standard_task_runner.py:90} INFO - Running: ['***', 'tasks', 'run', 'gold_dbt_dag', 'trigger_dbt_build', 'dataset_triggered__2026-07-06T16:02:13.498434+00:00', '--job-id', '833', '--raw', '--subdir', 'DAGS_FOLDER/dag_gold_dbt.py', '--cfg-path', '/tmp/tmpr0jphemz']
[2026-07-06T16:02:15.631+0000] {standard_task_runner.py:91} INFO - Job 833: Subtask trigger_dbt_build
[2026-07-06T16:02:15.630+0000] {standard_task_runner.py:63} INFO - Started process 87821 to run task
[2026-07-06T16:02:15.816+0000] {task_command.py:426} INFO - Running <TaskInstance: gold_dbt_dag.trigger_dbt_build dataset_triggered__2026-07-06T16:02:13.498434+00:00 [running]> on host bd23e89d97be
[2026-07-06T16:02:16.143+0000] {taskinstance.py:2648} INFO - Exporting env vars: AIRFLOW_CTX_DAG_OWNER='data_engineer' AIRFLOW_CTX_DAG_ID='gold_dbt_dag' AIRFLOW_CTX_TASK_ID='trigger_dbt_build' AIRFLOW_CTX_EXECUTION_DATE='2026-07-06T16:02:13.498434+00:00' AIRFLOW_CTX_TRY_NUMBER='1' AIRFLOW_CTX_DAG_RUN_ID='dataset_triggered__2026-07-06T16:02:13.498434+00:00'
[2026-07-06T16:02:16.147+0000] {taskinstance.py:430} INFO - ::endgroup::
[2026-07-06T16:02:16.222+0000] {subprocess.py:63} INFO - Tmp dir root location: /tmp
[2026-07-06T16:02:16.230+0000] {subprocess.py:75} INFO - Running command: ['/usr/bin/bash', '-c', 'cd /opt/***/dbt && dbt build --profiles-dir . --target dev']
[2026-07-06T16:02:16.279+0000] {subprocess.py:86} INFO - Output:
[2026-07-06T16:02:24.973+0000] {subprocess.py:93} INFO - [0m16:02:24  Running with dbt=1.11.11
[2026-07-06T16:02:30.557+0000] {subprocess.py:93} INFO - [0m16:02:30  Registered adapter: bigquery=1.11.3
[2026-07-06T16:02:32.991+0000] {subprocess.py:93} INFO - [0m16:02:32  Found 5 models, 4 sources, 553 macros
[2026-07-06T16:02:33.005+0000] {subprocess.py:93} INFO - [0m16:02:33
[2026-07-06T16:02:33.006+0000] {subprocess.py:93} INFO - [0m16:02:33  Concurrency: 4 threads (target='dev')
[2026-07-06T16:02:33.008+0000] {subprocess.py:93} INFO - [0m16:02:33
[2026-07-06T16:02:36.298+0000] {subprocess.py:93} INFO - [0m16:02:36  2 of 5 START sql table model logistics_mart.dim_hubs ........................... [RUN]
[2026-07-06T16:02:36.315+0000] {subprocess.py:93} INFO - [0m16:02:36  1 of 5 START sql table model logistics_mart.dim_drivers ........................ [RUN]
[2026-07-06T16:02:36.317+0000] {subprocess.py:93} INFO - [0m16:02:36  3 of 5 START sql view model logistics_mart.stg_shipments ....................... [RUN]
[2026-07-06T16:02:36.318+0000] {subprocess.py:93} INFO - [0m16:02:36  4 of 5 START sql view model logistics_mart.stg_weather ......................... [RUN]
[2026-07-06T16:02:39.792+0000] {subprocess.py:93} INFO - [0m16:02:39  3 of 5 OK created sql view model logistics_mart.stg_shipments .................. [[32mCREATE VIEW (0 processed)[0m in 3.43s]
[2026-07-06T16:02:39.806+0000] {subprocess.py:93} INFO - [0m16:02:39  4 of 5 OK created sql view model logistics_mart.stg_weather .................... [[32mCREATE VIEW (0 processed)[0m in 3.42s]
[2026-07-06T16:02:41.495+0000] {subprocess.py:93} INFO - [0m16:02:41  2 of 5 OK created sql table model logistics_mart.dim_hubs ...................... [[32mCREATE TABLE (3.0 rows, 149.0 Bytes processed)[0m in 5.12s]
[2026-07-06T16:02:41.498+0000] {subprocess.py:93} INFO - [0m16:02:41  1 of 5 OK created sql table model logistics_mart.dim_drivers ................... [[32mCREATE TABLE (3.0 rows, 108.0 Bytes processed)[0m in 5.17s]
[2026-07-06T16:02:41.507+0000] {subprocess.py:93} INFO - [0m16:02:41  5 of 5 START sql table model logistics_mart.fact_shipment_weather .............. [RUN]
[2026-07-06T16:02:46.630+0000] {subprocess.py:93} INFO - [0m16:02:46  5 of 5 OK created sql table model logistics_mart.fact_shipment_weather ......... [[32mCREATE TABLE (993.0 rows, 62.9 KiB processed)[0m in 5.09s]
[2026-07-06T16:02:46.923+0000] {subprocess.py:93} INFO - [0m16:02:46
[2026-07-06T16:02:46.926+0000] {subprocess.py:93} INFO - [0m16:02:46  Finished running 3 table models, 2 view models in 0 hours 0 minutes and 13.91 seconds (13.91s).
[2026-07-06T16:02:47.313+0000] {subprocess.py:93} INFO - [0m16:02:47
[2026-07-06T16:02:47.315+0000] {subprocess.py:93} INFO - [0m16:02:47  [32mCompleted successfully[0m
[2026-07-06T16:02:47.318+0000] {subprocess.py:93} INFO - [0m16:02:47
[2026-07-06T16:02:47.321+0000] {subprocess.py:93} INFO - [0m16:02:47  Done. PASS=5 WARN=0 ERROR=0 SKIP=0 NO-OP=0 TOTAL=5
[2026-07-06T16:02:54.609+0000] {subprocess.py:97} INFO - Command exited with return code 0
[2026-07-06T16:02:54.634+0000] {taskinstance.py:441} INFO - ::group::Post task execution logs
[2026-07-06T16:02:55.064+0000] {taskinstance.py:1206} INFO - Marking task as SUCCESS. dag_id=gold_dbt_dag, task_id=trigger_dbt_build, run_id=dataset_triggered__2026-07-06T16:02:13.498434+00:00, execution_date=20260706T160213, start_date=20260706T160215, end_date=20260706T160255
[2026-07-06T16:02:55.304+0000] {local_task_job_runner.py:240} INFO - Task exited with return code 0
[2026-07-06T16:02:55.436+0000] {taskinstance.py:3498} INFO - 0 downstream tasks scheduled from follow-on schedule check
[2026-07-06T16:02:55.455+0000] {local_task_job_runner.py:222} INFO - ::endgroup::
