[2026-07-11T16:00:15.057+0000] {local_task_job_runner.py:120} INFO - ::group::Pre task execution logs
[2026-07-11T16:00:15.085+0000] {taskinstance.py:2076} INFO - Dependencies all met for dep_context=non-requeueable deps ti=<TaskInstance: gold_dbt_dag.trigger_dbt_build dataset_triggered__2026-07-11T16:00:14.809012+00:00 [queued]>
[2026-07-11T16:00:15.089+0000] {taskinstance.py:2076} INFO - Dependencies all met for dep_context=requeueable deps ti=<TaskInstance: gold_dbt_dag.trigger_dbt_build dataset_triggered__2026-07-11T16:00:14.809012+00:00 [queued]>
[2026-07-11T16:00:15.089+0000] {taskinstance.py:2306} INFO - Starting attempt 1 of 2
[2026-07-11T16:00:15.096+0000] {taskinstance.py:2330} INFO - Executing <Task(BashOperator): trigger_dbt_build> on 2026-07-11 16:00:14.809012+00:00
[2026-07-11T16:00:15.105+0000] {logging_mixin.py:188} WARNING - /home/***/.local/lib/python3.12/site-packages/***/task/task_runner/standard_task_runner.py:61 DeprecationWarning: This process (pid=3319) is multi-threaded, use of fork() may lead to deadlocks in the child.
[2026-07-11T16:00:15.100+0000] {standard_task_runner.py:90} INFO - Running: ['***', 'tasks', 'run', 'gold_dbt_dag', 'trigger_dbt_build', 'dataset_triggered__2026-07-11T16:00:14.809012+00:00', '--job-id', '16', '--raw', '--subdir', 'DAGS_FOLDER/dag_gold_dbt.py', '--cfg-path', '/tmp/tmp7hzhjsct']
[2026-07-11T16:00:15.108+0000] {standard_task_runner.py:91} INFO - Job 16: Subtask trigger_dbt_build
[2026-07-11T16:00:15.108+0000] {standard_task_runner.py:63} INFO - Started process 3320 to run task
[2026-07-11T16:00:15.139+0000] {task_command.py:426} INFO - Running <TaskInstance: gold_dbt_dag.trigger_dbt_build dataset_triggered__2026-07-11T16:00:14.809012+00:00 [running]> on host 2208249760b3
[2026-07-11T16:00:15.188+0000] {taskinstance.py:2648} INFO - Exporting env vars: AIRFLOW_CTX_DAG_OWNER='data_engineer' AIRFLOW_CTX_DAG_ID='gold_dbt_dag' AIRFLOW_CTX_TASK_ID='trigger_dbt_build' AIRFLOW_CTX_EXECUTION_DATE='2026-07-11T16:00:14.809012+00:00' AIRFLOW_CTX_TRY_NUMBER='1' AIRFLOW_CTX_DAG_RUN_ID='dataset_triggered__2026-07-11T16:00:14.809012+00:00'
[2026-07-11T16:00:15.189+0000] {taskinstance.py:430} INFO - ::endgroup::
[2026-07-11T16:00:15.198+0000] {subprocess.py:63} INFO - Tmp dir root location: /tmp
[2026-07-11T16:00:15.199+0000] {subprocess.py:75} INFO - Running command: ['/usr/bin/bash', '-c', 'cd /opt/***/dbt && dbt build --profiles-dir . --target dev']
[2026-07-11T16:00:15.204+0000] {subprocess.py:86} INFO - Output:
[2026-07-11T16:00:17.115+0000] {subprocess.py:93} INFO - [0m16:00:17  Running with dbt=1.11.11
[2026-07-11T16:00:18.290+0000] {subprocess.py:93} INFO - [0m16:00:18  Registered adapter: bigquery=1.11.3
[2026-07-11T16:00:18.976+0000] {subprocess.py:93} INFO - [0m16:00:18  Found 6 models, 4 sources, 553 macros
[2026-07-11T16:00:18.978+0000] {subprocess.py:93} INFO - [0m16:00:18
[2026-07-11T16:00:18.979+0000] {subprocess.py:93} INFO - [0m16:00:18  Concurrency: 4 threads (target='dev')
[2026-07-11T16:00:18.979+0000] {subprocess.py:93} INFO - [0m16:00:18
[2026-07-11T16:00:20.564+0000] {subprocess.py:93} INFO - [0m16:00:20  1 of 6 START sql table model logistics_mart.dim_drivers ........................ [RUN]
[2026-07-11T16:00:20.566+0000] {subprocess.py:93} INFO - [0m16:00:20  2 of 6 START sql table model logistics_mart.dim_hubs ........................... [RUN]
[2026-07-11T16:00:20.566+0000] {subprocess.py:93} INFO - [0m16:00:20  3 of 6 START sql view model logistics_mart.stg_shipments ....................... [RUN]
[2026-07-11T16:00:20.567+0000] {subprocess.py:93} INFO - [0m16:00:20  4 of 6 START sql view model logistics_mart.stg_weather ......................... [RUN]
[2026-07-11T16:00:22.450+0000] {subprocess.py:93} INFO - [0m16:00:22  BigQuery adapter: https://console.cloud.google.com/bigquery?project=logistics-500519&j=bq:US:014001a1-9ffc-45b6-8b52-0ba67ef93130&page=queryresults
[2026-07-11T16:00:22.493+0000] {subprocess.py:93} INFO - [0m16:00:22  1 of 6 ERROR creating sql table model logistics_mart.dim_drivers ............... [[31mERROR[0m in 1.92s]
[2026-07-11T16:00:22.496+0000] {subprocess.py:93} INFO - [0m16:00:22  BigQuery adapter: https://console.cloud.google.com/bigquery?project=logistics-500519&j=bq:US:9caf2d93-bd94-4373-9fc3-6adf7fc056fd&page=queryresults
[2026-07-11T16:00:22.498+0000] {subprocess.py:93} INFO - [0m16:00:22  5 of 6 START sql view model logistics_mart.stg_weather_consensus ............... [RUN]
[2026-07-11T16:00:22.507+0000] {subprocess.py:93} INFO - [0m16:00:22  2 of 6 ERROR creating sql table model logistics_mart.dim_hubs .................. [[31mERROR[0m in 1.94s]
[2026-07-11T16:00:22.547+0000] {subprocess.py:93} INFO - [0m16:00:22  4 of 6 OK created sql view model logistics_mart.stg_weather .................... [[32mCREATE VIEW (0 processed)[0m in 1.98s]
[2026-07-11T16:00:22.548+0000] {subprocess.py:93} INFO - [0m16:00:22  3 of 6 OK created sql view model logistics_mart.stg_shipments .................. [[32mCREATE VIEW (0 processed)[0m in 1.98s]
[2026-07-11T16:00:24.256+0000] {subprocess.py:93} INFO - [0m16:00:24  5 of 6 OK created sql view model logistics_mart.stg_weather_consensus .......... [[32mCREATE VIEW (0 processed)[0m in 1.75s]
[2026-07-11T16:00:24.263+0000] {subprocess.py:93} INFO - [0m16:00:24  6 of 6 SKIP relation logistics_mart.fact_shipment_weather ...................... [[33mSKIP[0m]
[2026-07-11T16:00:24.310+0000] {subprocess.py:93} INFO - [0m16:00:24
[2026-07-11T16:00:24.311+0000] {subprocess.py:93} INFO - [0m16:00:24  Finished running 3 table models, 3 view models in 0 hours 0 minutes and 5.33 seconds (5.33s).
[2026-07-11T16:00:24.360+0000] {subprocess.py:93} INFO - [0m16:00:24
[2026-07-11T16:00:24.360+0000] {subprocess.py:93} INFO - [0m16:00:24  [31mCompleted with 2 errors, 0 partial successes, and 0 warnings:[0m
[2026-07-11T16:00:24.361+0000] {subprocess.py:93} INFO - [0m16:00:24
[2026-07-11T16:00:24.361+0000] {subprocess.py:93} INFO - [0m16:00:24  [31mFailure in model dim_drivers (models/mart/dim_drivers.sql)[0m
[2026-07-11T16:00:24.362+0000] {subprocess.py:93} INFO - [0m16:00:24    Database Error in model dim_drivers (models/mart/dim_drivers.sql)
[2026-07-11T16:00:24.362+0000] {subprocess.py:93} INFO -   Unrecognized name: is_current at [24:7]
[2026-07-11T16:00:24.362+0000] {subprocess.py:93} INFO -   compiled code at target/run/logistics_lakehouse/models/mart/dim_drivers.sql
[2026-07-11T16:00:24.362+0000] {subprocess.py:93} INFO - [0m16:00:24
[2026-07-11T16:00:24.362+0000] {subprocess.py:93} INFO - [0m16:00:24    compiled code at target/compiled/logistics_lakehouse/models/mart/dim_drivers.sql
[2026-07-11T16:00:24.363+0000] {subprocess.py:93} INFO - [0m16:00:24
[2026-07-11T16:00:24.363+0000] {subprocess.py:93} INFO - [0m16:00:24  [31mFailure in model dim_hubs (models/mart/dim_hubs.sql)[0m
[2026-07-11T16:00:24.363+0000] {subprocess.py:93} INFO - [0m16:00:24    Database Error in model dim_hubs (models/mart/dim_hubs.sql)
[2026-07-11T16:00:24.363+0000] {subprocess.py:93} INFO -   Unrecognized name: is_current at [24:7]
[2026-07-11T16:00:24.364+0000] {subprocess.py:93} INFO -   compiled code at target/run/logistics_lakehouse/models/mart/dim_hubs.sql
[2026-07-11T16:00:24.364+0000] {subprocess.py:93} INFO - [0m16:00:24
[2026-07-11T16:00:24.364+0000] {subprocess.py:93} INFO - [0m16:00:24    compiled code at target/compiled/logistics_lakehouse/models/mart/dim_hubs.sql
[2026-07-11T16:00:24.364+0000] {subprocess.py:93} INFO - [0m16:00:24
[2026-07-11T16:00:24.365+0000] {subprocess.py:93} INFO - [0m16:00:24  Done. PASS=3 WARN=0 ERROR=2 SKIP=1 NO-OP=0 TOTAL=6
[2026-07-11T16:00:26.028+0000] {subprocess.py:97} INFO - Command exited with return code 1
[2026-07-11T16:00:26.029+0000] {taskinstance.py:441} INFO - ::group::Post task execution logs
[2026-07-11T16:00:26.056+0000] {taskinstance.py:2905} ERROR - Task failed with exception
Traceback (most recent call last):
  File "/home/airflow/.local/lib/python3.12/site-packages/airflow/models/taskinstance.py", line 465, in _execute_task
    result = _execute_callable(context=context, **execute_callable_kwargs)
             ^^^^^^^^^^^^^^^^^^^^^^^^^^^^^^^^^^^^^^^^^^^^^^^^^^^^^^^^^^^^^
  File "/home/airflow/.local/lib/python3.12/site-packages/airflow/models/taskinstance.py", line 432, in _execute_callable
    return execute_callable(context=context, **execute_callable_kwargs)
           ^^^^^^^^^^^^^^^^^^^^^^^^^^^^^^^^^^^^^^^^^^^^^^^^^^^^^^^^^^^^
  File "/home/airflow/.local/lib/python3.12/site-packages/airflow/models/baseoperator.py", line 400, in wrapper
    return func(self, *args, **kwargs)
           ^^^^^^^^^^^^^^^^^^^^^^^^^^^
  File "/home/airflow/.local/lib/python3.12/site-packages/airflow/operators/bash.py", line 243, in execute
    raise AirflowException(
airflow.exceptions.AirflowException: Bash command failed. The command returned a non-zero exit code 1.
[2026-07-11T16:00:26.069+0000] {taskinstance.py:1206} INFO - Marking task as UP_FOR_RETRY. dag_id=gold_dbt_dag, task_id=trigger_dbt_build, run_id=dataset_triggered__2026-07-11T16:00:14.809012+00:00, execution_date=20260711T160014, start_date=20260711T160015, end_date=20260711T160026
[2026-07-11T16:00:26.098+0000] {standard_task_runner.py:110} ERROR - Failed to execute job 16 for task trigger_dbt_build (Bash command failed. The command returned a non-zero exit code 1.; 3320)
[2026-07-11T16:00:26.115+0000] {local_task_job_runner.py:240} INFO - Task exited with return code 1
[2026-07-11T16:00:26.132+0000] {taskinstance.py:3498} INFO - 0 downstream tasks scheduled from follow-on schedule check
[2026-07-11T16:00:26.133+0000] {local_task_job_runner.py:222} INFO - ::endgroup::
