[2026-06-29T04:27:10.272+0000] {local_task_job_runner.py:120} INFO - ::group::Pre task execution logs
[2026-06-29T04:27:10.289+0000] {taskinstance.py:2076} INFO - Dependencies all met for dep_context=non-requeueable deps ti=<TaskInstance: dbt_gold_transformation.trigger_dbt_build manual__2026-06-29T04:25:05.723482+00:00 [queued]>
[2026-06-29T04:27:10.292+0000] {taskinstance.py:2076} INFO - Dependencies all met for dep_context=requeueable deps ti=<TaskInstance: dbt_gold_transformation.trigger_dbt_build manual__2026-06-29T04:25:05.723482+00:00 [queued]>
[2026-06-29T04:27:10.292+0000] {taskinstance.py:2306} INFO - Starting attempt 2 of 2
[2026-06-29T04:27:10.297+0000] {taskinstance.py:2330} INFO - Executing <Task(BashOperator): trigger_dbt_build> on 2026-06-29 04:25:05.723482+00:00
[2026-06-29T04:27:10.303+0000] {logging_mixin.py:188} WARNING - /home/***/.local/lib/python3.12/site-packages/***/task/task_runner/standard_task_runner.py:61 DeprecationWarning: This process (pid=1686) is multi-threaded, use of fork() may lead to deadlocks in the child.
[2026-06-29T04:27:10.301+0000] {standard_task_runner.py:90} INFO - Running: ['***', 'tasks', 'run', 'dbt_gold_transformation', 'trigger_dbt_build', 'manual__2026-06-29T04:25:05.723482+00:00', '--job-id', '25', '--raw', '--subdir', 'DAGS_FOLDER/dag_gold_dbt.py', '--cfg-path', '/tmp/tmpz4m7fp79']
[2026-06-29T04:27:10.303+0000] {standard_task_runner.py:63} INFO - Started process 1687 to run task
[2026-06-29T04:27:10.303+0000] {standard_task_runner.py:91} INFO - Job 25: Subtask trigger_dbt_build
[2026-06-29T04:27:10.332+0000] {task_command.py:426} INFO - Running <TaskInstance: dbt_gold_transformation.trigger_dbt_build manual__2026-06-29T04:25:05.723482+00:00 [running]> on host ae627d26e698
[2026-06-29T04:27:10.414+0000] {taskinstance.py:2648} INFO - Exporting env vars: AIRFLOW_CTX_DAG_OWNER='data_engineer' AIRFLOW_CTX_DAG_ID='dbt_gold_transformation' AIRFLOW_CTX_TASK_ID='trigger_dbt_build' AIRFLOW_CTX_EXECUTION_DATE='2026-06-29T04:25:05.723482+00:00' AIRFLOW_CTX_TRY_NUMBER='2' AIRFLOW_CTX_DAG_RUN_ID='manual__2026-06-29T04:25:05.723482+00:00'
[2026-06-29T04:27:10.415+0000] {taskinstance.py:430} INFO - ::endgroup::
[2026-06-29T04:27:10.423+0000] {subprocess.py:63} INFO - Tmp dir root location: /tmp
[2026-06-29T04:27:10.424+0000] {subprocess.py:75} INFO - Running command: ['/usr/bin/bash', '-c', 'cd /opt/***/dbt && dbt build --profiles-dir . --target dev']
[2026-06-29T04:27:10.428+0000] {subprocess.py:86} INFO - Output:
[2026-06-29T04:27:11.592+0000] {subprocess.py:93} INFO - [0m04:27:11  Running with dbt=1.11.11
[2026-06-29T04:27:12.706+0000] {subprocess.py:93} INFO - [0m04:27:12  Registered adapter: bigquery=1.11.3
[2026-06-29T04:27:13.018+0000] {subprocess.py:93} INFO - [0m04:27:13  Found 5 models, 4 sources, 553 macros
[2026-06-29T04:27:13.020+0000] {subprocess.py:93} INFO - [0m04:27:13
[2026-06-29T04:27:13.021+0000] {subprocess.py:93} INFO - [0m04:27:13  Concurrency: 4 threads (target='dev')
[2026-06-29T04:27:13.021+0000] {subprocess.py:93} INFO - [0m04:27:13
[2026-06-29T04:27:14.598+0000] {subprocess.py:93} INFO - [0m04:27:14  1 of 5 START sql table model logistics_mart.dim_drivers ........................ [RUN]
[2026-06-29T04:27:14.601+0000] {subprocess.py:93} INFO - [0m04:27:14  2 of 5 START sql table model logistics_mart.dim_hubs ........................... [RUN]
[2026-06-29T04:27:14.601+0000] {subprocess.py:93} INFO - [0m04:27:14  3 of 5 START sql view model logistics_mart.stg_shipments ....................... [RUN]
[2026-06-29T04:27:14.601+0000] {subprocess.py:93} INFO - [0m04:27:14  4 of 5 START sql view model logistics_mart.stg_weather ......................... [RUN]
[2026-06-29T04:27:15.715+0000] {subprocess.py:93} INFO - [0m04:27:15  BigQuery adapter: https://console.cloud.google.com/bigquery?project=logistics-500519&j=bq:US:3554028e-29b5-4fb1-8117-f93d9b31131c&page=queryresults
[2026-06-29T04:27:15.729+0000] {subprocess.py:93} INFO - [0m04:27:15  4 of 5 ERROR creating sql view model logistics_mart.stg_weather ................ [[31mERROR[0m in 1.13s]
[2026-06-29T04:27:16.565+0000] {subprocess.py:93} INFO - [0m04:27:16  3 of 5 OK created sql view model logistics_mart.stg_shipments .................. [[32mCREATE VIEW (0 processed)[0m in 1.96s]
[2026-06-29T04:27:18.453+0000] {subprocess.py:93} INFO - [0m04:27:18  2 of 5 OK created sql table model logistics_mart.dim_hubs ...................... [[32mCREATE TABLE (3.0 rows, 149.0 Bytes processed)[0m in 3.85s]
[2026-06-29T04:27:18.455+0000] {subprocess.py:93} INFO - [0m04:27:18  5 of 5 SKIP relation logistics_mart.fact_shipment_weather ...................... [[33mSKIP[0m]
[2026-06-29T04:27:18.785+0000] {subprocess.py:93} INFO - [0m04:27:18  1 of 5 OK created sql table model logistics_mart.dim_drivers ................... [[32mCREATE TABLE (3.0 rows, 108.0 Bytes processed)[0m in 4.18s]
[2026-06-29T04:27:18.823+0000] {subprocess.py:93} INFO - [0m04:27:18
[2026-06-29T04:27:18.823+0000] {subprocess.py:93} INFO - [0m04:27:18  Finished running 3 table models, 2 view models in 0 hours 0 minutes and 5.80 seconds (5.80s).
[2026-06-29T04:27:18.866+0000] {subprocess.py:93} INFO - [0m04:27:18
[2026-06-29T04:27:18.867+0000] {subprocess.py:93} INFO - [0m04:27:18  [31mCompleted with 1 error, 0 partial successes, and 0 warnings:[0m
[2026-06-29T04:27:18.867+0000] {subprocess.py:93} INFO - [0m04:27:18
[2026-06-29T04:27:18.868+0000] {subprocess.py:93} INFO - [0m04:27:18  [31mFailure in model stg_weather (models/staging/stg_weather.sql)[0m
[2026-06-29T04:27:18.868+0000] {subprocess.py:93} INFO - [0m04:27:18    Database Error in model stg_weather (models/staging/stg_weather.sql)
[2026-06-29T04:27:18.869+0000] {subprocess.py:93} INFO -   Not found: Table logistics-500519:logistics_raw.weather_api_raw was not found in location US
[2026-06-29T04:27:18.869+0000] {subprocess.py:93} INFO -   compiled code at target/run/logistics_lakehouse/models/staging/stg_weather.sql
[2026-06-29T04:27:18.869+0000] {subprocess.py:93} INFO - [0m04:27:18
[2026-06-29T04:27:18.870+0000] {subprocess.py:93} INFO - [0m04:27:18    compiled code at target/compiled/logistics_lakehouse/models/staging/stg_weather.sql
[2026-06-29T04:27:18.870+0000] {subprocess.py:93} INFO - [0m04:27:18
[2026-06-29T04:27:18.870+0000] {subprocess.py:93} INFO - [0m04:27:18  Done. PASS=3 WARN=0 ERROR=1 SKIP=1 NO-OP=0 TOTAL=5
[2026-06-29T04:27:20.367+0000] {subprocess.py:97} INFO - Command exited with return code 1
[2026-06-29T04:27:20.368+0000] {taskinstance.py:441} INFO - ::group::Post task execution logs
[2026-06-29T04:27:20.383+0000] {taskinstance.py:2905} ERROR - Task failed with exception
Traceback (most recent call last):
  File "/home/airflow/.local/lib/python3.12/site-packages/airflow/models/taskinstance.py", line 465, in _execute_task
    result = _execute_callable(context=context, **execute_callable_kwargs)
             ^^^^^^^^^^^^^^^^^^^^^^^^^^^^^^^^^^^^^^^^^^^^^^^^^^^^^^^^^^^^^
  File "/home/airflow/.local/lib/python3.12/site-packages/airflow/models/taskinstance.py", line 432, in _execute_callable
    return execute_callable(context=context, **execute_callable_kwargs)
           ^^^^^^^^^^^^^^^^^^^^^^^^^^^^^^^^^^^^^^^^^^^^^^^^^^^^^^^^^^^^
  File "/home/airflow/.local/lib/python3.12/site-packages/airflow/models/baseoperator.py", line 400, in wrapper
    return func(self, *args, **kwargs)
           ^^^^^^^^^^^^^^^^^^^^^^^^^^^
  File "/home/airflow/.local/lib/python3.12/site-packages/airflow/operators/bash.py", line 243, in execute
    raise AirflowException(
airflow.exceptions.AirflowException: Bash command failed. The command returned a non-zero exit code 1.
[2026-06-29T04:27:20.387+0000] {taskinstance.py:1206} INFO - Marking task as FAILED. dag_id=dbt_gold_transformation, task_id=trigger_dbt_build, run_id=manual__2026-06-29T04:25:05.723482+00:00, execution_date=20260629T042505, start_date=20260629T042710, end_date=20260629T042720
[2026-06-29T04:27:20.395+0000] {standard_task_runner.py:110} ERROR - Failed to execute job 25 for task trigger_dbt_build (Bash command failed. The command returned a non-zero exit code 1.; 1687)
[2026-06-29T04:27:20.408+0000] {local_task_job_runner.py:240} INFO - Task exited with return code 1
[2026-06-29T04:27:20.426+0000] {taskinstance.py:3498} INFO - 0 downstream tasks scheduled from follow-on schedule check
[2026-06-29T04:27:20.427+0000] {local_task_job_runner.py:222} INFO - ::endgroup::
