[2026-07-01T03:47:09.123+0000] {local_task_job_runner.py:120} INFO - ::group::Pre task execution logs
[2026-07-01T03:47:09.138+0000] {taskinstance.py:2076} INFO - Dependencies all met for dep_context=non-requeueable deps ti=<TaskInstance: silver_weather_dag.spark_weather_to_iceberg dataset_triggered__2026-07-01T03:47:08.319119+00:00 [queued]>
[2026-07-01T03:47:09.142+0000] {taskinstance.py:2076} INFO - Dependencies all met for dep_context=requeueable deps ti=<TaskInstance: silver_weather_dag.spark_weather_to_iceberg dataset_triggered__2026-07-01T03:47:08.319119+00:00 [queued]>
[2026-07-01T03:47:09.142+0000] {taskinstance.py:2306} INFO - Starting attempt 1 of 1
[2026-07-01T03:47:09.148+0000] {taskinstance.py:2330} INFO - Executing <Task(BashOperator): spark_weather_to_iceberg> on 2026-07-01 03:47:08.319119+00:00
[2026-07-01T03:47:09.152+0000] {standard_task_runner.py:90} INFO - Running: ['***', 'tasks', 'run', 'silver_weather_dag', 'spark_weather_to_iceberg', 'dataset_triggered__2026-07-01T03:47:08.319119+00:00', '--job-id', '6', '--raw', '--subdir', 'DAGS_FOLDER/dag_silver_weather.py', '--cfg-path', '/tmp/tmpf1w7rikt']
[2026-07-01T03:47:09.153+0000] {logging_mixin.py:188} WARNING - /home/***/.local/lib/python3.12/site-packages/***/task/task_runner/standard_task_runner.py:61 DeprecationWarning: This process (pid=332) is multi-threaded, use of fork() may lead to deadlocks in the child.
[2026-07-01T03:47:09.153+0000] {standard_task_runner.py:91} INFO - Job 6: Subtask spark_weather_to_iceberg
[2026-07-01T03:47:09.153+0000] {standard_task_runner.py:63} INFO - Started process 333 to run task
[2026-07-01T03:47:09.172+0000] {task_command.py:426} INFO - Running <TaskInstance: silver_weather_dag.spark_weather_to_iceberg dataset_triggered__2026-07-01T03:47:08.319119+00:00 [running]> on host bd23e89d97be
[2026-07-01T03:47:09.209+0000] {taskinstance.py:2648} INFO - Exporting env vars: AIRFLOW_CTX_DAG_OWNER='data_engineer' AIRFLOW_CTX_DAG_ID='silver_weather_dag' AIRFLOW_CTX_TASK_ID='spark_weather_to_iceberg' AIRFLOW_CTX_EXECUTION_DATE='2026-07-01T03:47:08.319119+00:00' AIRFLOW_CTX_TRY_NUMBER='1' AIRFLOW_CTX_DAG_RUN_ID='dataset_triggered__2026-07-01T03:47:08.319119+00:00'
[2026-07-01T03:47:09.209+0000] {taskinstance.py:430} INFO - ::endgroup::
[2026-07-01T03:47:09.216+0000] {subprocess.py:63} INFO - Tmp dir root location: /tmp
[2026-07-01T03:47:09.217+0000] {subprocess.py:75} INFO - Running command: ['/usr/bin/bash', '-c', 'export JAVA_HOME=/usr/lib/jvm/default-java && python /opt/***/dags/spark/silver_weather.py "gs://your-lakehouse-bucket/bronze/weather/weather_forecast_latest.parquet" "weather_iceberg"']
[2026-07-01T03:47:09.223+0000] {subprocess.py:86} INFO - Output:
[2026-07-01T03:47:09.835+0000] {subprocess.py:93} INFO - WARNING: Using incubator modules: jdk.incubator.vector
[2026-07-01T03:47:10.955+0000] {subprocess.py:93} INFO - Using Spark's default log4j profile: org/apache/spark/log4j2-defaults.properties
[2026-07-01T03:47:10.956+0000] {subprocess.py:93} INFO - Setting default log level to "WARN".
[2026-07-01T03:47:10.956+0000] {subprocess.py:93} INFO - To adjust logging level use sc.setLogLevel(newLevel). For SparkR, use setLogLevel(newLevel).
[2026-07-01T03:47:11.477+0000] {subprocess.py:93} INFO - 26/07/01 03:47:11 WARN NativeCodeLoader: Unable to load native-hadoop library for your platform... using builtin-java classes where applicable
[2026-07-01T03:47:12.330+0000] {subprocess.py:93} INFO - 26/07/01 03:47:12 WARN SparkSession: Cannot use org.apache.iceberg.spark.extensions.IcebergSparkSessionExtensions to configure session extensions.
[2026-07-01T03:47:12.331+0000] {subprocess.py:93} INFO - java.lang.ClassNotFoundException: org.apache.iceberg.spark.extensions.IcebergSparkSessionExtensions
[2026-07-01T03:47:12.331+0000] {subprocess.py:93} INFO - 	at java.base/java.net.URLClassLoader.findClass(URLClassLoader.java:445)
[2026-07-01T03:47:12.331+0000] {subprocess.py:93} INFO - 	at java.base/java.lang.ClassLoader.loadClass(ClassLoader.java:592)
[2026-07-01T03:47:12.332+0000] {subprocess.py:93} INFO - 	at java.base/java.lang.ClassLoader.loadClass(ClassLoader.java:525)
[2026-07-01T03:47:12.332+0000] {subprocess.py:93} INFO - 	at java.base/java.lang.Class.forName0(Native Method)
[2026-07-01T03:47:12.332+0000] {subprocess.py:93} INFO - 	at java.base/java.lang.Class.forName(Class.java:469)
[2026-07-01T03:47:12.332+0000] {subprocess.py:93} INFO - 	at org.apache.spark.util.SparkClassUtils.classForName(SparkClassUtils.scala:42)
[2026-07-01T03:47:12.333+0000] {subprocess.py:93} INFO - 	at org.apache.spark.util.SparkClassUtils.classForName$(SparkClassUtils.scala:37)
[2026-07-01T03:47:12.333+0000] {subprocess.py:93} INFO - 	at org.apache.spark.util.Utils$.classForName(Utils.scala:97)
[2026-07-01T03:47:12.333+0000] {subprocess.py:93} INFO - 	at org.apache.spark.sql.classic.SparkSession$.$anonfun$applyExtensions$2(SparkSession.scala:1232)
[2026-07-01T03:47:12.333+0000] {subprocess.py:93} INFO - 	at org.apache.spark.sql.classic.SparkSession$.$anonfun$applyExtensions$2$adapted(SparkSession.scala:1230)
[2026-07-01T03:47:12.333+0000] {subprocess.py:93} INFO - 	at scala.collection.IterableOnceOps.foreach(IterableOnce.scala:630)
[2026-07-01T03:47:12.334+0000] {subprocess.py:93} INFO - 	at scala.collection.IterableOnceOps.foreach$(IterableOnce.scala:628)
[2026-07-01T03:47:12.334+0000] {subprocess.py:93} INFO - 	at scala.collection.AbstractIterable.foreach(Iterable.scala:936)
[2026-07-01T03:47:12.334+0000] {subprocess.py:93} INFO - 	at org.apache.spark.sql.classic.SparkSession$.org$apache$spark$sql$classic$SparkSession$$applyExtensions(SparkSession.scala:1230)
[2026-07-01T03:47:12.334+0000] {subprocess.py:93} INFO - 	at org.apache.spark.sql.classic.SparkSession$.applyAndLoadExtensions(SparkSession.scala:1214)
[2026-07-01T03:47:12.334+0000] {subprocess.py:93} INFO - 	at org.apache.spark.sql.classic.SparkSession.<init>(SparkSession.scala:117)
[2026-07-01T03:47:12.334+0000] {subprocess.py:93} INFO - 	at java.base/jdk.internal.reflect.NativeConstructorAccessorImpl.newInstance0(Native Method)
[2026-07-01T03:47:12.335+0000] {subprocess.py:93} INFO - 	at java.base/jdk.internal.reflect.NativeConstructorAccessorImpl.newInstance(NativeConstructorAccessorImpl.java:77)
[2026-07-01T03:47:12.335+0000] {subprocess.py:93} INFO - 	at java.base/jdk.internal.reflect.DelegatingConstructorAccessorImpl.newInstance(DelegatingConstructorAccessorImpl.java:45)
[2026-07-01T03:47:12.335+0000] {subprocess.py:93} INFO - 	at java.base/java.lang.reflect.Constructor.newInstanceWithCaller(Constructor.java:500)
[2026-07-01T03:47:12.335+0000] {subprocess.py:93} INFO - 	at java.base/java.lang.reflect.Constructor.newInstance(Constructor.java:481)
[2026-07-01T03:47:12.335+0000] {subprocess.py:93} INFO - 	at py4j.reflection.MethodInvoker.invoke(MethodInvoker.java:247)
[2026-07-01T03:47:12.335+0000] {subprocess.py:93} INFO - 	at py4j.reflection.ReflectionEngine.invoke(ReflectionEngine.java:374)
[2026-07-01T03:47:12.335+0000] {subprocess.py:93} INFO - 	at py4j.Gateway.invoke(Gateway.java:238)
[2026-07-01T03:47:12.335+0000] {subprocess.py:93} INFO - 	at py4j.commands.ConstructorCommand.invokeConstructor(ConstructorCommand.java:80)
[2026-07-01T03:47:12.335+0000] {subprocess.py:93} INFO - 	at py4j.commands.ConstructorCommand.execute(ConstructorCommand.java:69)
[2026-07-01T03:47:12.336+0000] {subprocess.py:93} INFO - 	at py4j.ClientServerConnection.waitForCommands(ClientServerConnection.java:184)
[2026-07-01T03:47:12.336+0000] {subprocess.py:93} INFO - 	at py4j.ClientServerConnection.run(ClientServerConnection.java:108)
[2026-07-01T03:47:12.336+0000] {subprocess.py:93} INFO - 	at java.base/java.lang.Thread.run(Thread.java:840)
[2026-07-01T03:47:13.642+0000] {subprocess.py:93} INFO - 26/07/01 03:47:13 WARN FileStreamSink: Assume no metadata directory. Error while looking for metadata directory in the path: gs://your-lakehouse-bucket/bronze/weather/weather_forecast_latest.parquet.
[2026-07-01T03:47:13.643+0000] {subprocess.py:93} INFO - org.apache.hadoop.fs.UnsupportedFileSystemException: No FileSystem for scheme "gs"
[2026-07-01T03:47:13.647+0000] {subprocess.py:93} INFO - 	at org.apache.hadoop.fs.FileSystem.getFileSystemClass(FileSystem.java:3581)
[2026-07-01T03:47:13.647+0000] {subprocess.py:93} INFO - 	at org.apache.hadoop.fs.FileSystem.createFileSystem(FileSystem.java:3612)
[2026-07-01T03:47:13.647+0000] {subprocess.py:93} INFO - 	at org.apache.hadoop.fs.FileSystem.access$300(FileSystem.java:172)
[2026-07-01T03:47:13.647+0000] {subprocess.py:93} INFO - 	at org.apache.hadoop.fs.FileSystem$Cache.getInternal(FileSystem.java:3716)
[2026-07-01T03:47:13.647+0000] {subprocess.py:93} INFO - 	at org.apache.hadoop.fs.FileSystem$Cache.get(FileSystem.java:3667)
[2026-07-01T03:47:13.648+0000] {subprocess.py:93} INFO - 	at org.apache.hadoop.fs.FileSystem.get(FileSystem.java:557)
[2026-07-01T03:47:13.648+0000] {subprocess.py:93} INFO - 	at org.apache.hadoop.fs.Path.getFileSystem(Path.java:366)
[2026-07-01T03:47:13.648+0000] {subprocess.py:93} INFO - 	at org.apache.spark.sql.execution.streaming.sinks.FileStreamSink$.hasMetadata(FileStreamSink.scala:57)
[2026-07-01T03:47:13.648+0000] {subprocess.py:93} INFO - 	at org.apache.spark.sql.execution.datasources.DataSource.resolveRelation(DataSource.scala:384)
[2026-07-01T03:47:13.649+0000] {subprocess.py:93} INFO - 	at org.apache.spark.sql.catalyst.analysis.ResolveDataSource.org$apache$spark$sql$catalyst$analysis$ResolveDataSource$$loadV1BatchSource(ResolveDataSource.scala:143)
[2026-07-01T03:47:13.649+0000] {subprocess.py:93} INFO - 	at org.apache.spark.sql.catalyst.analysis.ResolveDataSource$$anonfun$apply$1.$anonfun$applyOrElse$2(ResolveDataSource.scala:61)
[2026-07-01T03:47:13.649+0000] {subprocess.py:93} INFO - 	at scala.Option.getOrElse(Option.scala:201)
[2026-07-01T03:47:13.650+0000] {subprocess.py:93} INFO - 	at org.apache.spark.sql.catalyst.analysis.ResolveDataSource$$anonfun$apply$1.applyOrElse(ResolveDataSource.scala:61)
[2026-07-01T03:47:13.650+0000] {subprocess.py:93} INFO - 	at org.apache.spark.sql.catalyst.analysis.ResolveDataSource$$anonfun$apply$1.applyOrElse(ResolveDataSource.scala:45)
[2026-07-01T03:47:13.651+0000] {subprocess.py:93} INFO - 	at org.apache.spark.sql.catalyst.plans.logical.AnalysisHelper.$anonfun$resolveOperatorsUpWithPruning$3(AnalysisHelper.scala:139)
[2026-07-01T03:47:13.652+0000] {subprocess.py:93} INFO - 	at org.apache.spark.sql.catalyst.trees.CurrentOrigin$.withOrigin(origin.scala:107)
[2026-07-01T03:47:13.655+0000] {subprocess.py:93} INFO - 	at org.apache.spark.sql.catalyst.plans.logical.AnalysisHelper.$anonfun$resolveOperatorsUpWithPruning$1(AnalysisHelper.scala:139)
[2026-07-01T03:47:13.655+0000] {subprocess.py:93} INFO - 	at org.apache.spark.sql.catalyst.plans.logical.AnalysisHelper$.allowInvokingTransformsInAnalyzer(AnalysisHelper.scala:416)
[2026-07-01T03:47:13.656+0000] {subprocess.py:93} INFO - 	at org.apache.spark.sql.catalyst.plans.logical.AnalysisHelper.resolveOperatorsUpWithPruning(AnalysisHelper.scala:135)
[2026-07-01T03:47:13.656+0000] {subprocess.py:93} INFO - 	at org.apache.spark.sql.catalyst.plans.logical.AnalysisHelper.resolveOperatorsUpWithPruning$(AnalysisHelper.scala:131)
[2026-07-01T03:47:13.657+0000] {subprocess.py:93} INFO - 	at org.apache.spark.sql.catalyst.plans.logical.LogicalPlan.resolveOperatorsUpWithPruning(LogicalPlan.scala:37)
[2026-07-01T03:47:13.657+0000] {subprocess.py:93} INFO - 	at org.apache.spark.sql.catalyst.plans.logical.AnalysisHelper.resolveOperatorsUp(AnalysisHelper.scala:112)
[2026-07-01T03:47:13.657+0000] {subprocess.py:93} INFO - 	at org.apache.spark.sql.catalyst.plans.logical.AnalysisHelper.resolveOperatorsUp$(AnalysisHelper.scala:111)
[2026-07-01T03:47:13.657+0000] {subprocess.py:93} INFO - 	at org.apache.spark.sql.catalyst.plans.logical.LogicalPlan.resolveOperatorsUp(LogicalPlan.scala:37)
[2026-07-01T03:47:13.657+0000] {subprocess.py:93} INFO - 	at org.apache.spark.sql.catalyst.analysis.ResolveDataSource.apply(ResolveDataSource.scala:45)
[2026-07-01T03:47:13.658+0000] {subprocess.py:93} INFO - 	at org.apache.spark.sql.catalyst.analysis.ResolveDataSource.apply(ResolveDataSource.scala:43)
[2026-07-01T03:47:13.658+0000] {subprocess.py:93} INFO - 	at org.apache.spark.sql.catalyst.rules.RuleExecutor.$anonfun$execute$2(RuleExecutor.scala:248)
[2026-07-01T03:47:13.659+0000] {subprocess.py:93} INFO - 	at scala.collection.LinearSeqOps.foldLeft(LinearSeq.scala:183)
[2026-07-01T03:47:13.659+0000] {subprocess.py:93} INFO - 	at scala.collection.LinearSeqOps.foldLeft$(LinearSeq.scala:179)
[2026-07-01T03:47:13.660+0000] {subprocess.py:93} INFO - 	at scala.collection.immutable.List.foldLeft(List.scala:79)
[2026-07-01T03:47:13.660+0000] {subprocess.py:93} INFO - 	at org.apache.spark.sql.catalyst.rules.RuleExecutor.$anonfun$execute$1(RuleExecutor.scala:245)
[2026-07-01T03:47:13.660+0000] {subprocess.py:93} INFO - 	at org.apache.spark.sql.catalyst.rules.RuleExecutor.$anonfun$execute$1$adapted(RuleExecutor.scala:237)
[2026-07-01T03:47:13.661+0000] {subprocess.py:93} INFO - 	at scala.collection.immutable.List.foreach(List.scala:323)
[2026-07-01T03:47:13.661+0000] {subprocess.py:93} INFO - 	at org.apache.spark.sql.catalyst.rules.RuleExecutor.execute(RuleExecutor.scala:237)
[2026-07-01T03:47:13.662+0000] {subprocess.py:93} INFO - 	at org.apache.spark.sql.catalyst.analysis.Analyzer.org$apache$spark$sql$catalyst$analysis$Analyzer$$executeSameContext(Analyzer.scala:343)
[2026-07-01T03:47:13.662+0000] {subprocess.py:93} INFO - 	at org.apache.spark.sql.catalyst.analysis.Analyzer.$anonfun$execute$1(Analyzer.scala:339)
[2026-07-01T03:47:13.662+0000] {subprocess.py:93} INFO - 	at org.apache.spark.sql.catalyst.analysis.AnalysisContext$.withNewAnalysisContext(Analyzer.scala:224)
[2026-07-01T03:47:13.662+0000] {subprocess.py:93} INFO - 	at org.apache.spark.sql.catalyst.analysis.Analyzer.execute(Analyzer.scala:339)
[2026-07-01T03:47:13.663+0000] {subprocess.py:93} INFO - 	at org.apache.spark.sql.catalyst.analysis.Analyzer.execute(Analyzer.scala:289)
[2026-07-01T03:47:13.663+0000] {subprocess.py:93} INFO - 	at org.apache.spark.sql.catalyst.rules.RuleExecutor.$anonfun$executeAndTrack$1(RuleExecutor.scala:207)
[2026-07-01T03:47:13.663+0000] {subprocess.py:93} INFO - 	at org.apache.spark.sql.catalyst.QueryPlanningTracker$.withTracker(QueryPlanningTracker.scala:89)
[2026-07-01T03:47:13.664+0000] {subprocess.py:93} INFO - 	at org.apache.spark.sql.catalyst.rules.RuleExecutor.executeAndTrack(RuleExecutor.scala:207)
[2026-07-01T03:47:13.664+0000] {subprocess.py:93} INFO - 	at org.apache.spark.sql.catalyst.analysis.resolver.HybridAnalyzer.resolveInFixedPoint(HybridAnalyzer.scala:236)
[2026-07-01T03:47:13.664+0000] {subprocess.py:93} INFO - 	at org.apache.spark.sql.catalyst.analysis.resolver.HybridAnalyzer.$anonfun$apply$1(HybridAnalyzer.scala:91)
[2026-07-01T03:47:13.664+0000] {subprocess.py:93} INFO - 	at org.apache.spark.sql.catalyst.analysis.resolver.HybridAnalyzer.withTrackedAnalyzerBridgeState(HybridAnalyzer.scala:122)
[2026-07-01T03:47:13.664+0000] {subprocess.py:93} INFO - 	at org.apache.spark.sql.catalyst.analysis.resolver.HybridAnalyzer.apply(HybridAnalyzer.scala:84)
[2026-07-01T03:47:13.664+0000] {subprocess.py:93} INFO - 	at org.apache.spark.sql.catalyst.analysis.Analyzer.$anonfun$executeAndCheck$1(Analyzer.scala:322)
[2026-07-01T03:47:13.664+0000] {subprocess.py:93} INFO - 	at org.apache.spark.sql.catalyst.plans.logical.AnalysisHelper$.markInAnalyzer(AnalysisHelper.scala:423)
[2026-07-01T03:47:13.665+0000] {subprocess.py:93} INFO - 	at org.apache.spark.sql.catalyst.analysis.Analyzer.executeAndCheck(Analyzer.scala:322)
[2026-07-01T03:47:13.665+0000] {subprocess.py:93} INFO - 	at org.apache.spark.sql.execution.QueryExecution.$anonfun$lazyAnalyzed$2(QueryExecution.scala:139)
[2026-07-01T03:47:13.665+0000] {subprocess.py:93} INFO - 	at org.apache.spark.sql.catalyst.QueryPlanningTracker.measurePhase(QueryPlanningTracker.scala:148)
[2026-07-01T03:47:13.665+0000] {subprocess.py:93} INFO - 	at org.apache.spark.sql.execution.QueryExecution.$anonfun$executePhase$2(QueryExecution.scala:330)
[2026-07-01T03:47:13.665+0000] {subprocess.py:93} INFO - 	at org.apache.spark.sql.execution.QueryExecution$.withInternalError(QueryExecution.scala:717)
[2026-07-01T03:47:13.666+0000] {subprocess.py:93} INFO - 	at org.apache.spark.sql.execution.QueryExecution.$anonfun$executePhase$1(QueryExecution.scala:330)
[2026-07-01T03:47:13.667+0000] {subprocess.py:93} INFO - 	at org.apache.spark.sql.SparkSession.withActive(SparkSession.scala:804)
[2026-07-01T03:47:13.667+0000] {subprocess.py:93} INFO - 	at org.apache.spark.sql.execution.QueryExecution.executePhase(QueryExecution.scala:329)
[2026-07-01T03:47:13.667+0000] {subprocess.py:93} INFO - 	at org.apache.spark.sql.execution.QueryExecution.$anonfun$lazyAnalyzed$1(QueryExecution.scala:139)
[2026-07-01T03:47:13.667+0000] {subprocess.py:93} INFO - 	at scala.util.Try$.apply(Try.scala:217)
[2026-07-01T03:47:13.667+0000] {subprocess.py:93} INFO - 	at org.apache.spark.util.Utils$.doTryWithCallerStacktrace(Utils.scala:1392)
[2026-07-01T03:47:13.667+0000] {subprocess.py:93} INFO - 	at org.apache.spark.util.LazyTry.tryT$lzycompute(LazyTry.scala:46)
[2026-07-01T03:47:13.667+0000] {subprocess.py:93} INFO - 	at org.apache.spark.util.LazyTry.tryT(LazyTry.scala:46)
[2026-07-01T03:47:13.667+0000] {subprocess.py:93} INFO - 	at org.apache.spark.util.LazyTry.get(LazyTry.scala:58)
[2026-07-01T03:47:13.668+0000] {subprocess.py:93} INFO - 	at org.apache.spark.sql.execution.QueryExecution.analyzed(QueryExecution.scala:150)
[2026-07-01T03:47:13.668+0000] {subprocess.py:93} INFO - 	at org.apache.spark.sql.execution.QueryExecution.assertAnalyzed(QueryExecution.scala:90)
[2026-07-01T03:47:13.668+0000] {subprocess.py:93} INFO - 	at org.apache.spark.sql.classic.Dataset$.$anonfun$ofRows$1(Dataset.scala:114)
[2026-07-01T03:47:13.668+0000] {subprocess.py:93} INFO - 	at org.apache.spark.sql.SparkSession.withActive(SparkSession.scala:804)
[2026-07-01T03:47:13.669+0000] {subprocess.py:93} INFO - 	at org.apache.spark.sql.classic.Dataset$.ofRows(Dataset.scala:112)
[2026-07-01T03:47:13.669+0000] {subprocess.py:93} INFO - 	at org.apache.spark.sql.classic.DataFrameReader.load(DataFrameReader.scala:108)
[2026-07-01T03:47:13.670+0000] {subprocess.py:93} INFO - 	at org.apache.spark.sql.classic.DataFrameReader.load(DataFrameReader.scala:57)
[2026-07-01T03:47:13.670+0000] {subprocess.py:93} INFO - 	at org.apache.spark.sql.DataFrameReader.parquet(DataFrameReader.scala:457)
[2026-07-01T03:47:13.670+0000] {subprocess.py:93} INFO - 	at org.apache.spark.sql.classic.DataFrameReader.parquet(DataFrameReader.scala:305)
[2026-07-01T03:47:13.670+0000] {subprocess.py:93} INFO - 	at java.base/jdk.internal.reflect.NativeMethodAccessorImpl.invoke0(Native Method)
[2026-07-01T03:47:13.671+0000] {subprocess.py:93} INFO - 	at java.base/jdk.internal.reflect.NativeMethodAccessorImpl.invoke(NativeMethodAccessorImpl.java:77)
[2026-07-01T03:47:13.671+0000] {subprocess.py:93} INFO - 	at java.base/jdk.internal.reflect.DelegatingMethodAccessorImpl.invoke(DelegatingMethodAccessorImpl.java:43)
[2026-07-01T03:47:13.672+0000] {subprocess.py:93} INFO - 	at java.base/java.lang.reflect.Method.invoke(Method.java:569)
[2026-07-01T03:47:13.672+0000] {subprocess.py:93} INFO - 	at py4j.reflection.MethodInvoker.invoke(MethodInvoker.java:244)
[2026-07-01T03:47:13.672+0000] {subprocess.py:93} INFO - 	at py4j.reflection.ReflectionEngine.invoke(ReflectionEngine.java:374)
[2026-07-01T03:47:13.672+0000] {subprocess.py:93} INFO - 	at py4j.Gateway.invoke(Gateway.java:282)
[2026-07-01T03:47:13.672+0000] {subprocess.py:93} INFO - 	at py4j.commands.AbstractCommand.invokeMethod(AbstractCommand.java:132)
[2026-07-01T03:47:13.672+0000] {subprocess.py:93} INFO - 	at py4j.commands.CallCommand.execute(CallCommand.java:79)
[2026-07-01T03:47:13.672+0000] {subprocess.py:93} INFO - 	at py4j.ClientServerConnection.waitForCommands(ClientServerConnection.java:184)
[2026-07-01T03:47:13.673+0000] {subprocess.py:93} INFO - 	at py4j.ClientServerConnection.run(ClientServerConnection.java:108)
[2026-07-01T03:47:13.673+0000] {subprocess.py:93} INFO - 	at java.base/java.lang.Thread.run(Thread.java:840)
[2026-07-01T03:47:13.723+0000] {subprocess.py:93} INFO - Reading Bronze data from: gs://your-lakehouse-bucket/bronze/weather/weather_forecast_latest.parquet
[2026-07-01T03:47:13.723+0000] {subprocess.py:93} INFO - Traceback (most recent call last):
[2026-07-01T03:47:13.724+0000] {subprocess.py:93} INFO -   File "/opt/***/dags/spark/silver_weather.py", line 52, in <module>
[2026-07-01T03:47:13.724+0000] {subprocess.py:93} INFO -     process_weather_to_iceberg(bronze_parquet_path, table_name)
[2026-07-01T03:47:13.724+0000] {subprocess.py:93} INFO -   File "/opt/***/dags/spark/silver_weather.py", line 24, in process_weather_to_iceberg
[2026-07-01T03:47:13.724+0000] {subprocess.py:93} INFO -     df_weather = spark.read.parquet(bronze_path)
[2026-07-01T03:47:13.725+0000] {subprocess.py:93} INFO -                  ^^^^^^^^^^^^^^^^^^^^^^^^^^^^^^^
[2026-07-01T03:47:13.725+0000] {subprocess.py:93} INFO -   File "/home/***/.local/lib/python3.12/site-packages/pyspark/sql/readwriter.py", line 642, in parquet
[2026-07-01T03:47:13.725+0000] {subprocess.py:93} INFO -     return self._df(self._jreader.parquet(_to_seq(self._spark._sc, paths)))
[2026-07-01T03:47:13.725+0000] {subprocess.py:93} INFO -                     ^^^^^^^^^^^^^^^^^^^^^^^^^^^^^^^^^^^^^^^^^^^^^^^^^^^^^^
[2026-07-01T03:47:13.725+0000] {subprocess.py:93} INFO -   File "/home/***/.local/lib/python3.12/site-packages/py4j/java_gateway.py", line 1362, in __call__
[2026-07-01T03:47:13.726+0000] {subprocess.py:93} INFO -     return_value = get_return_value(
[2026-07-01T03:47:13.726+0000] {subprocess.py:93} INFO -                    ^^^^^^^^^^^^^^^^^
[2026-07-01T03:47:13.726+0000] {subprocess.py:93} INFO -   File "/home/***/.local/lib/python3.12/site-packages/pyspark/errors/exceptions/captured.py", line 263, in deco
[2026-07-01T03:47:13.726+0000] {subprocess.py:93} INFO -     return f(*a, **kw)
[2026-07-01T03:47:13.726+0000] {subprocess.py:93} INFO -            ^^^^^^^^^^^
[2026-07-01T03:47:13.726+0000] {subprocess.py:93} INFO -   File "/home/***/.local/lib/python3.12/site-packages/py4j/protocol.py", line 327, in get_return_value
[2026-07-01T03:47:13.726+0000] {subprocess.py:93} INFO -     raise Py4JJavaError(
[2026-07-01T03:47:13.766+0000] {subprocess.py:93} INFO - py4j.protocol.Py4JJavaError: An error occurred while calling o36.parquet.
[2026-07-01T03:47:13.766+0000] {subprocess.py:93} INFO - : org.apache.hadoop.fs.UnsupportedFileSystemException: No FileSystem for scheme "gs"
[2026-07-01T03:47:13.767+0000] {subprocess.py:93} INFO - 	at org.apache.hadoop.fs.FileSystem.getFileSystemClass(FileSystem.java:3581)
[2026-07-01T03:47:13.767+0000] {subprocess.py:93} INFO - 	at org.apache.hadoop.fs.FileSystem.createFileSystem(FileSystem.java:3612)
[2026-07-01T03:47:13.767+0000] {subprocess.py:93} INFO - 	at org.apache.hadoop.fs.FileSystem.access$300(FileSystem.java:172)
[2026-07-01T03:47:13.768+0000] {subprocess.py:93} INFO - 	at org.apache.hadoop.fs.FileSystem$Cache.getInternal(FileSystem.java:3716)
[2026-07-01T03:47:13.768+0000] {subprocess.py:93} INFO - 	at org.apache.hadoop.fs.FileSystem$Cache.get(FileSystem.java:3667)
[2026-07-01T03:47:13.768+0000] {subprocess.py:93} INFO - 	at org.apache.hadoop.fs.FileSystem.get(FileSystem.java:557)
[2026-07-01T03:47:13.769+0000] {subprocess.py:93} INFO - 	at org.apache.hadoop.fs.Path.getFileSystem(Path.java:366)
[2026-07-01T03:47:13.769+0000] {subprocess.py:93} INFO - 	at org.apache.spark.sql.execution.datasources.DataSource$.$anonfun$checkAndGlobPathIfNecessary$1(DataSource.scala:782)
[2026-07-01T03:47:13.770+0000] {subprocess.py:93} INFO - 	at scala.collection.immutable.List.map(List.scala:236)
[2026-07-01T03:47:13.770+0000] {subprocess.py:93} INFO - 	at scala.collection.immutable.List.map(List.scala:79)
[2026-07-01T03:47:13.770+0000] {subprocess.py:93} INFO - 	at org.apache.spark.sql.execution.datasources.DataSource$.checkAndGlobPathIfNecessary(DataSource.scala:780)
[2026-07-01T03:47:13.770+0000] {subprocess.py:93} INFO - 	at org.apache.spark.sql.execution.datasources.DataSource.checkAndGlobPathIfNecessary(DataSource.scala:580)
[2026-07-01T03:47:13.770+0000] {subprocess.py:93} INFO - 	at org.apache.spark.sql.execution.datasources.DataSource.resolveRelation(DataSource.scala:422)
[2026-07-01T03:47:13.770+0000] {subprocess.py:93} INFO - 	at org.apache.spark.sql.catalyst.analysis.ResolveDataSource.org$apache$spark$sql$catalyst$analysis$ResolveDataSource$$loadV1BatchSource(ResolveDataSource.scala:143)
[2026-07-01T03:47:13.771+0000] {subprocess.py:93} INFO - 	at org.apache.spark.sql.catalyst.analysis.ResolveDataSource$$anonfun$apply$1.$anonfun$applyOrElse$2(ResolveDataSource.scala:61)
[2026-07-01T03:47:13.771+0000] {subprocess.py:93} INFO - 	at scala.Option.getOrElse(Option.scala:201)
[2026-07-01T03:47:13.771+0000] {subprocess.py:93} INFO - 	at org.apache.spark.sql.catalyst.analysis.ResolveDataSource$$anonfun$apply$1.applyOrElse(ResolveDataSource.scala:61)
[2026-07-01T03:47:13.772+0000] {subprocess.py:93} INFO - 	at org.apache.spark.sql.catalyst.analysis.ResolveDataSource$$anonfun$apply$1.applyOrElse(ResolveDataSource.scala:45)
[2026-07-01T03:47:13.772+0000] {subprocess.py:93} INFO - 	at org.apache.spark.sql.catalyst.plans.logical.AnalysisHelper.$anonfun$resolveOperatorsUpWithPruning$3(AnalysisHelper.scala:139)
[2026-07-01T03:47:13.772+0000] {subprocess.py:93} INFO - 	at org.apache.spark.sql.catalyst.trees.CurrentOrigin$.withOrigin(origin.scala:107)
[2026-07-01T03:47:13.772+0000] {subprocess.py:93} INFO - 	at org.apache.spark.sql.catalyst.plans.logical.AnalysisHelper.$anonfun$resolveOperatorsUpWithPruning$1(AnalysisHelper.scala:139)
[2026-07-01T03:47:13.773+0000] {subprocess.py:93} INFO - 	at org.apache.spark.sql.catalyst.plans.logical.AnalysisHelper$.allowInvokingTransformsInAnalyzer(AnalysisHelper.scala:416)
[2026-07-01T03:47:13.773+0000] {subprocess.py:93} INFO - 	at org.apache.spark.sql.catalyst.plans.logical.AnalysisHelper.resolveOperatorsUpWithPruning(AnalysisHelper.scala:135)
[2026-07-01T03:47:13.773+0000] {subprocess.py:93} INFO - 	at org.apache.spark.sql.catalyst.plans.logical.AnalysisHelper.resolveOperatorsUpWithPruning$(AnalysisHelper.scala:131)
[2026-07-01T03:47:13.773+0000] {subprocess.py:93} INFO - 	at org.apache.spark.sql.catalyst.plans.logical.LogicalPlan.resolveOperatorsUpWithPruning(LogicalPlan.scala:37)
[2026-07-01T03:47:13.773+0000] {subprocess.py:93} INFO - 	at org.apache.spark.sql.catalyst.plans.logical.AnalysisHelper.resolveOperatorsUp(AnalysisHelper.scala:112)
[2026-07-01T03:47:13.774+0000] {subprocess.py:93} INFO - 	at org.apache.spark.sql.catalyst.plans.logical.AnalysisHelper.resolveOperatorsUp$(AnalysisHelper.scala:111)
[2026-07-01T03:47:13.774+0000] {subprocess.py:93} INFO - 	at org.apache.spark.sql.catalyst.plans.logical.LogicalPlan.resolveOperatorsUp(LogicalPlan.scala:37)
[2026-07-01T03:47:13.774+0000] {subprocess.py:93} INFO - 	at org.apache.spark.sql.catalyst.analysis.ResolveDataSource.apply(ResolveDataSource.scala:45)
[2026-07-01T03:47:13.775+0000] {subprocess.py:93} INFO - 	at org.apache.spark.sql.catalyst.analysis.ResolveDataSource.apply(ResolveDataSource.scala:43)
[2026-07-01T03:47:13.775+0000] {subprocess.py:93} INFO - 	at org.apache.spark.sql.catalyst.rules.RuleExecutor.$anonfun$execute$2(RuleExecutor.scala:248)
[2026-07-01T03:47:13.775+0000] {subprocess.py:93} INFO - 	at scala.collection.LinearSeqOps.foldLeft(LinearSeq.scala:183)
[2026-07-01T03:47:13.775+0000] {subprocess.py:93} INFO - 	at scala.collection.LinearSeqOps.foldLeft$(LinearSeq.scala:179)
[2026-07-01T03:47:13.776+0000] {subprocess.py:93} INFO - 	at scala.collection.immutable.List.foldLeft(List.scala:79)
[2026-07-01T03:47:13.776+0000] {subprocess.py:93} INFO - 	at org.apache.spark.sql.catalyst.rules.RuleExecutor.$anonfun$execute$1(RuleExecutor.scala:245)
[2026-07-01T03:47:13.776+0000] {subprocess.py:93} INFO - 	at org.apache.spark.sql.catalyst.rules.RuleExecutor.$anonfun$execute$1$adapted(RuleExecutor.scala:237)
[2026-07-01T03:47:13.776+0000] {subprocess.py:93} INFO - 	at scala.collection.immutable.List.foreach(List.scala:323)
[2026-07-01T03:47:13.777+0000] {subprocess.py:93} INFO - 	at org.apache.spark.sql.catalyst.rules.RuleExecutor.execute(RuleExecutor.scala:237)
[2026-07-01T03:47:13.777+0000] {subprocess.py:93} INFO - 	at org.apache.spark.sql.catalyst.analysis.Analyzer.org$apache$spark$sql$catalyst$analysis$Analyzer$$executeSameContext(Analyzer.scala:343)
[2026-07-01T03:47:13.777+0000] {subprocess.py:93} INFO - 	at org.apache.spark.sql.catalyst.analysis.Analyzer.$anonfun$execute$1(Analyzer.scala:339)
[2026-07-01T03:47:13.777+0000] {subprocess.py:93} INFO - 	at org.apache.spark.sql.catalyst.analysis.AnalysisContext$.withNewAnalysisContext(Analyzer.scala:224)
[2026-07-01T03:47:13.778+0000] {subprocess.py:93} INFO - 	at org.apache.spark.sql.catalyst.analysis.Analyzer.execute(Analyzer.scala:339)
[2026-07-01T03:47:13.778+0000] {subprocess.py:93} INFO - 	at org.apache.spark.sql.catalyst.analysis.Analyzer.execute(Analyzer.scala:289)
[2026-07-01T03:47:13.778+0000] {subprocess.py:93} INFO - 	at org.apache.spark.sql.catalyst.rules.RuleExecutor.$anonfun$executeAndTrack$1(RuleExecutor.scala:207)
[2026-07-01T03:47:13.778+0000] {subprocess.py:93} INFO - 	at org.apache.spark.sql.catalyst.QueryPlanningTracker$.withTracker(QueryPlanningTracker.scala:89)
[2026-07-01T03:47:13.779+0000] {subprocess.py:93} INFO - 	at org.apache.spark.sql.catalyst.rules.RuleExecutor.executeAndTrack(RuleExecutor.scala:207)
[2026-07-01T03:47:13.779+0000] {subprocess.py:93} INFO - 	at org.apache.spark.sql.catalyst.analysis.resolver.HybridAnalyzer.resolveInFixedPoint(HybridAnalyzer.scala:236)
[2026-07-01T03:47:13.779+0000] {subprocess.py:93} INFO - 	at org.apache.spark.sql.catalyst.analysis.resolver.HybridAnalyzer.$anonfun$apply$1(HybridAnalyzer.scala:91)
[2026-07-01T03:47:13.780+0000] {subprocess.py:93} INFO - 	at org.apache.spark.sql.catalyst.analysis.resolver.HybridAnalyzer.withTrackedAnalyzerBridgeState(HybridAnalyzer.scala:122)
[2026-07-01T03:47:13.780+0000] {subprocess.py:93} INFO - 	at org.apache.spark.sql.catalyst.analysis.resolver.HybridAnalyzer.apply(HybridAnalyzer.scala:84)
[2026-07-01T03:47:13.781+0000] {subprocess.py:93} INFO - 	at org.apache.spark.sql.catalyst.analysis.Analyzer.$anonfun$executeAndCheck$1(Analyzer.scala:322)
[2026-07-01T03:47:13.781+0000] {subprocess.py:93} INFO - 	at org.apache.spark.sql.catalyst.plans.logical.AnalysisHelper$.markInAnalyzer(AnalysisHelper.scala:423)
[2026-07-01T03:47:13.781+0000] {subprocess.py:93} INFO - 	at org.apache.spark.sql.catalyst.analysis.Analyzer.executeAndCheck(Analyzer.scala:322)
[2026-07-01T03:47:13.781+0000] {subprocess.py:93} INFO - 	at org.apache.spark.sql.execution.QueryExecution.$anonfun$lazyAnalyzed$2(QueryExecution.scala:139)
[2026-07-01T03:47:13.781+0000] {subprocess.py:93} INFO - 	at org.apache.spark.sql.catalyst.QueryPlanningTracker.measurePhase(QueryPlanningTracker.scala:148)
[2026-07-01T03:47:13.782+0000] {subprocess.py:93} INFO - 	at org.apache.spark.sql.execution.QueryExecution.$anonfun$executePhase$2(QueryExecution.scala:330)
[2026-07-01T03:47:13.782+0000] {subprocess.py:93} INFO - 	at org.apache.spark.sql.execution.QueryExecution$.withInternalError(QueryExecution.scala:717)
[2026-07-01T03:47:13.782+0000] {subprocess.py:93} INFO - 	at org.apache.spark.sql.execution.QueryExecution.$anonfun$executePhase$1(QueryExecution.scala:330)
[2026-07-01T03:47:13.782+0000] {subprocess.py:93} INFO - 	at org.apache.spark.sql.SparkSession.withActive(SparkSession.scala:804)
[2026-07-01T03:47:13.783+0000] {subprocess.py:93} INFO - 	at org.apache.spark.sql.execution.QueryExecution.executePhase(QueryExecution.scala:329)
[2026-07-01T03:47:13.783+0000] {subprocess.py:93} INFO - 	at org.apache.spark.sql.execution.QueryExecution.$anonfun$lazyAnalyzed$1(QueryExecution.scala:139)
[2026-07-01T03:47:13.783+0000] {subprocess.py:93} INFO - 	at scala.util.Try$.apply(Try.scala:217)
[2026-07-01T03:47:13.783+0000] {subprocess.py:93} INFO - 	at org.apache.spark.util.Utils$.doTryWithCallerStacktrace(Utils.scala:1392)
[2026-07-01T03:47:13.784+0000] {subprocess.py:93} INFO - 	at org.apache.spark.util.Utils$.getTryWithCallerStacktrace(Utils.scala:1453)
[2026-07-01T03:47:13.784+0000] {subprocess.py:93} INFO - 	at org.apache.spark.util.LazyTry.get(LazyTry.scala:58)
[2026-07-01T03:47:13.784+0000] {subprocess.py:93} INFO - 	at org.apache.spark.sql.execution.QueryExecution.analyzed(QueryExecution.scala:150)
[2026-07-01T03:47:13.784+0000] {subprocess.py:93} INFO - 	at org.apache.spark.sql.execution.QueryExecution.assertAnalyzed(QueryExecution.scala:90)
[2026-07-01T03:47:13.785+0000] {subprocess.py:93} INFO - 	at org.apache.spark.sql.classic.Dataset$.$anonfun$ofRows$1(Dataset.scala:114)
[2026-07-01T03:47:13.785+0000] {subprocess.py:93} INFO - 	at org.apache.spark.sql.SparkSession.withActive(SparkSession.scala:804)
[2026-07-01T03:47:13.785+0000] {subprocess.py:93} INFO - 	at org.apache.spark.sql.classic.Dataset$.ofRows(Dataset.scala:112)
[2026-07-01T03:47:13.785+0000] {subprocess.py:93} INFO - 	at org.apache.spark.sql.classic.DataFrameReader.load(DataFrameReader.scala:108)
[2026-07-01T03:47:13.785+0000] {subprocess.py:93} INFO - 	at org.apache.spark.sql.classic.DataFrameReader.load(DataFrameReader.scala:57)
[2026-07-01T03:47:13.786+0000] {subprocess.py:93} INFO - 	at org.apache.spark.sql.DataFrameReader.parquet(DataFrameReader.scala:457)
[2026-07-01T03:47:13.787+0000] {subprocess.py:93} INFO - 	at org.apache.spark.sql.classic.DataFrameReader.parquet(DataFrameReader.scala:305)
[2026-07-01T03:47:13.787+0000] {subprocess.py:93} INFO - 	at java.base/jdk.internal.reflect.NativeMethodAccessorImpl.invoke0(Native Method)
[2026-07-01T03:47:13.787+0000] {subprocess.py:93} INFO - 	at java.base/jdk.internal.reflect.NativeMethodAccessorImpl.invoke(NativeMethodAccessorImpl.java:77)
[2026-07-01T03:47:13.787+0000] {subprocess.py:93} INFO - 	at java.base/jdk.internal.reflect.DelegatingMethodAccessorImpl.invoke(DelegatingMethodAccessorImpl.java:43)
[2026-07-01T03:47:13.788+0000] {subprocess.py:93} INFO - 	at java.base/java.lang.reflect.Method.invoke(Method.java:569)
[2026-07-01T03:47:13.788+0000] {subprocess.py:93} INFO - 	at py4j.reflection.MethodInvoker.invoke(MethodInvoker.java:244)
[2026-07-01T03:47:13.788+0000] {subprocess.py:93} INFO - 	at py4j.reflection.ReflectionEngine.invoke(ReflectionEngine.java:374)
[2026-07-01T03:47:13.788+0000] {subprocess.py:93} INFO - 	at py4j.Gateway.invoke(Gateway.java:282)
[2026-07-01T03:47:13.788+0000] {subprocess.py:93} INFO - 	at py4j.commands.AbstractCommand.invokeMethod(AbstractCommand.java:132)
[2026-07-01T03:47:13.788+0000] {subprocess.py:93} INFO - 	at py4j.commands.CallCommand.execute(CallCommand.java:79)
[2026-07-01T03:47:13.789+0000] {subprocess.py:93} INFO - 	at py4j.ClientServerConnection.waitForCommands(ClientServerConnection.java:184)
[2026-07-01T03:47:13.789+0000] {subprocess.py:93} INFO - 	at py4j.ClientServerConnection.run(ClientServerConnection.java:108)
[2026-07-01T03:47:13.789+0000] {subprocess.py:93} INFO - 	at java.base/java.lang.Thread.run(Thread.java:840)
[2026-07-01T03:47:13.789+0000] {subprocess.py:93} INFO - 	Suppressed: org.apache.spark.util.Utils$OriginalTryStackTraceException: Full stacktrace of original doTryWithCallerStacktrace caller
[2026-07-01T03:47:13.789+0000] {subprocess.py:93} INFO - 		at org.apache.hadoop.fs.FileSystem.getFileSystemClass(FileSystem.java:3581)
[2026-07-01T03:47:13.789+0000] {subprocess.py:93} INFO - 		at org.apache.hadoop.fs.FileSystem.createFileSystem(FileSystem.java:3612)
[2026-07-01T03:47:13.789+0000] {subprocess.py:93} INFO - 		at org.apache.hadoop.fs.FileSystem.access$300(FileSystem.java:172)
[2026-07-01T03:47:13.790+0000] {subprocess.py:93} INFO - 		at org.apache.hadoop.fs.FileSystem$Cache.getInternal(FileSystem.java:3716)
[2026-07-01T03:47:13.790+0000] {subprocess.py:93} INFO - 		at org.apache.hadoop.fs.FileSystem$Cache.get(FileSystem.java:3667)
[2026-07-01T03:47:13.790+0000] {subprocess.py:93} INFO - 		at org.apache.hadoop.fs.FileSystem.get(FileSystem.java:557)
[2026-07-01T03:47:13.790+0000] {subprocess.py:93} INFO - 		at org.apache.hadoop.fs.Path.getFileSystem(Path.java:366)
[2026-07-01T03:47:13.790+0000] {subprocess.py:93} INFO - 		at org.apache.spark.sql.execution.datasources.DataSource$.$anonfun$checkAndGlobPathIfNecessary$1(DataSource.scala:782)
[2026-07-01T03:47:13.790+0000] {subprocess.py:93} INFO - 		at scala.collection.immutable.List.map(List.scala:236)
[2026-07-01T03:47:13.790+0000] {subprocess.py:93} INFO - 		at scala.collection.immutable.List.map(List.scala:79)
[2026-07-01T03:47:13.791+0000] {subprocess.py:93} INFO - 		at org.apache.spark.sql.execution.datasources.DataSource$.checkAndGlobPathIfNecessary(DataSource.scala:780)
[2026-07-01T03:47:13.791+0000] {subprocess.py:93} INFO - 		at org.apache.spark.sql.execution.datasources.DataSource.checkAndGlobPathIfNecessary(DataSource.scala:580)
[2026-07-01T03:47:13.791+0000] {subprocess.py:93} INFO - 		at org.apache.spark.sql.execution.datasources.DataSource.resolveRelation(DataSource.scala:422)
[2026-07-01T03:47:13.791+0000] {subprocess.py:93} INFO - 		at org.apache.spark.sql.catalyst.analysis.ResolveDataSource.org$apache$spark$sql$catalyst$analysis$ResolveDataSource$$loadV1BatchSource(ResolveDataSource.scala:143)
[2026-07-01T03:47:13.791+0000] {subprocess.py:93} INFO - 		at org.apache.spark.sql.catalyst.analysis.ResolveDataSource$$anonfun$apply$1.$anonfun$applyOrElse$2(ResolveDataSource.scala:61)
[2026-07-01T03:47:13.792+0000] {subprocess.py:93} INFO - 		at scala.Option.getOrElse(Option.scala:201)
[2026-07-01T03:47:13.792+0000] {subprocess.py:93} INFO - 		at org.apache.spark.sql.catalyst.analysis.ResolveDataSource$$anonfun$apply$1.applyOrElse(ResolveDataSource.scala:61)
[2026-07-01T03:47:13.792+0000] {subprocess.py:93} INFO - 		at org.apache.spark.sql.catalyst.analysis.ResolveDataSource$$anonfun$apply$1.applyOrElse(ResolveDataSource.scala:45)
[2026-07-01T03:47:13.792+0000] {subprocess.py:93} INFO - 		at org.apache.spark.sql.catalyst.plans.logical.AnalysisHelper.$anonfun$resolveOperatorsUpWithPruning$3(AnalysisHelper.scala:139)
[2026-07-01T03:47:13.792+0000] {subprocess.py:93} INFO - 		at org.apache.spark.sql.catalyst.trees.CurrentOrigin$.withOrigin(origin.scala:107)
[2026-07-01T03:47:13.792+0000] {subprocess.py:93} INFO - 		at org.apache.spark.sql.catalyst.plans.logical.AnalysisHelper.$anonfun$resolveOperatorsUpWithPruning$1(AnalysisHelper.scala:139)
[2026-07-01T03:47:13.792+0000] {subprocess.py:93} INFO - 		at org.apache.spark.sql.catalyst.plans.logical.AnalysisHelper$.allowInvokingTransformsInAnalyzer(AnalysisHelper.scala:416)
[2026-07-01T03:47:13.793+0000] {subprocess.py:93} INFO - 		at org.apache.spark.sql.catalyst.plans.logical.AnalysisHelper.resolveOperatorsUpWithPruning(AnalysisHelper.scala:135)
[2026-07-01T03:47:13.793+0000] {subprocess.py:93} INFO - 		at org.apache.spark.sql.catalyst.plans.logical.AnalysisHelper.resolveOperatorsUpWithPruning$(AnalysisHelper.scala:131)
[2026-07-01T03:47:13.793+0000] {subprocess.py:93} INFO - 		at org.apache.spark.sql.catalyst.plans.logical.LogicalPlan.resolveOperatorsUpWithPruning(LogicalPlan.scala:37)
[2026-07-01T03:47:13.793+0000] {subprocess.py:93} INFO - 		at org.apache.spark.sql.catalyst.plans.logical.AnalysisHelper.resolveOperatorsUp(AnalysisHelper.scala:112)
[2026-07-01T03:47:13.793+0000] {subprocess.py:93} INFO - 		at org.apache.spark.sql.catalyst.plans.logical.AnalysisHelper.resolveOperatorsUp$(AnalysisHelper.scala:111)
[2026-07-01T03:47:13.793+0000] {subprocess.py:93} INFO - 		at org.apache.spark.sql.catalyst.plans.logical.LogicalPlan.resolveOperatorsUp(LogicalPlan.scala:37)
[2026-07-01T03:47:13.793+0000] {subprocess.py:93} INFO - 		at org.apache.spark.sql.catalyst.analysis.ResolveDataSource.apply(ResolveDataSource.scala:45)
[2026-07-01T03:47:13.793+0000] {subprocess.py:93} INFO - 		at org.apache.spark.sql.catalyst.analysis.ResolveDataSource.apply(ResolveDataSource.scala:43)
[2026-07-01T03:47:13.794+0000] {subprocess.py:93} INFO - 		at org.apache.spark.sql.catalyst.rules.RuleExecutor.$anonfun$execute$2(RuleExecutor.scala:248)
[2026-07-01T03:47:13.794+0000] {subprocess.py:93} INFO - 		at scala.collection.LinearSeqOps.foldLeft(LinearSeq.scala:183)
[2026-07-01T03:47:13.794+0000] {subprocess.py:93} INFO - 		at scala.collection.LinearSeqOps.foldLeft$(LinearSeq.scala:179)
[2026-07-01T03:47:13.794+0000] {subprocess.py:93} INFO - 		at scala.collection.immutable.List.foldLeft(List.scala:79)
[2026-07-01T03:47:13.794+0000] {subprocess.py:93} INFO - 		at org.apache.spark.sql.catalyst.rules.RuleExecutor.$anonfun$execute$1(RuleExecutor.scala:245)
[2026-07-01T03:47:13.795+0000] {subprocess.py:93} INFO - 		at org.apache.spark.sql.catalyst.rules.RuleExecutor.$anonfun$execute$1$adapted(RuleExecutor.scala:237)
[2026-07-01T03:47:13.795+0000] {subprocess.py:93} INFO - 		at scala.collection.immutable.List.foreach(List.scala:323)
[2026-07-01T03:47:13.795+0000] {subprocess.py:93} INFO - 		at org.apache.spark.sql.catalyst.rules.RuleExecutor.execute(RuleExecutor.scala:237)
[2026-07-01T03:47:13.796+0000] {subprocess.py:93} INFO - 		at org.apache.spark.sql.catalyst.analysis.Analyzer.org$apache$spark$sql$catalyst$analysis$Analyzer$$executeSameContext(Analyzer.scala:343)
[2026-07-01T03:47:13.796+0000] {subprocess.py:93} INFO - 		at org.apache.spark.sql.catalyst.analysis.Analyzer.$anonfun$execute$1(Analyzer.scala:339)
[2026-07-01T03:47:13.796+0000] {subprocess.py:93} INFO - 		at org.apache.spark.sql.catalyst.analysis.AnalysisContext$.withNewAnalysisContext(Analyzer.scala:224)
[2026-07-01T03:47:13.797+0000] {subprocess.py:93} INFO - 		at org.apache.spark.sql.catalyst.analysis.Analyzer.execute(Analyzer.scala:339)
[2026-07-01T03:47:13.797+0000] {subprocess.py:93} INFO - 		at org.apache.spark.sql.catalyst.analysis.Analyzer.execute(Analyzer.scala:289)
[2026-07-01T03:47:13.797+0000] {subprocess.py:93} INFO - 		at org.apache.spark.sql.catalyst.rules.RuleExecutor.$anonfun$executeAndTrack$1(RuleExecutor.scala:207)
[2026-07-01T03:47:13.798+0000] {subprocess.py:93} INFO - 		at org.apache.spark.sql.catalyst.QueryPlanningTracker$.withTracker(QueryPlanningTracker.scala:89)
[2026-07-01T03:47:13.798+0000] {subprocess.py:93} INFO - 		at org.apache.spark.sql.catalyst.rules.RuleExecutor.executeAndTrack(RuleExecutor.scala:207)
[2026-07-01T03:47:13.798+0000] {subprocess.py:93} INFO - 		at org.apache.spark.sql.catalyst.analysis.resolver.HybridAnalyzer.resolveInFixedPoint(HybridAnalyzer.scala:236)
[2026-07-01T03:47:13.798+0000] {subprocess.py:93} INFO - 		at org.apache.spark.sql.catalyst.analysis.resolver.HybridAnalyzer.$anonfun$apply$1(HybridAnalyzer.scala:91)
[2026-07-01T03:47:13.799+0000] {subprocess.py:93} INFO - 		at org.apache.spark.sql.catalyst.analysis.resolver.HybridAnalyzer.withTrackedAnalyzerBridgeState(HybridAnalyzer.scala:122)
[2026-07-01T03:47:13.799+0000] {subprocess.py:93} INFO - 		at org.apache.spark.sql.catalyst.analysis.resolver.HybridAnalyzer.apply(HybridAnalyzer.scala:84)
[2026-07-01T03:47:13.800+0000] {subprocess.py:93} INFO - 		at org.apache.spark.sql.catalyst.analysis.Analyzer.$anonfun$executeAndCheck$1(Analyzer.scala:322)
[2026-07-01T03:47:13.800+0000] {subprocess.py:93} INFO - 		at org.apache.spark.sql.catalyst.plans.logical.AnalysisHelper$.markInAnalyzer(AnalysisHelper.scala:423)
[2026-07-01T03:47:13.800+0000] {subprocess.py:93} INFO - 		at org.apache.spark.sql.catalyst.analysis.Analyzer.executeAndCheck(Analyzer.scala:322)
[2026-07-01T03:47:13.800+0000] {subprocess.py:93} INFO - 		at org.apache.spark.sql.execution.QueryExecution.$anonfun$lazyAnalyzed$2(QueryExecution.scala:139)
[2026-07-01T03:47:13.801+0000] {subprocess.py:93} INFO - 		at org.apache.spark.sql.catalyst.QueryPlanningTracker.measurePhase(QueryPlanningTracker.scala:148)
[2026-07-01T03:47:13.801+0000] {subprocess.py:93} INFO - 		at org.apache.spark.sql.execution.QueryExecution.$anonfun$executePhase$2(QueryExecution.scala:330)
[2026-07-01T03:47:13.801+0000] {subprocess.py:93} INFO - 		at org.apache.spark.sql.execution.QueryExecution$.withInternalError(QueryExecution.scala:717)
[2026-07-01T03:47:13.801+0000] {subprocess.py:93} INFO - 		at org.apache.spark.sql.execution.QueryExecution.$anonfun$executePhase$1(QueryExecution.scala:330)
[2026-07-01T03:47:13.802+0000] {subprocess.py:93} INFO - 		at org.apache.spark.sql.SparkSession.withActive(SparkSession.scala:804)
[2026-07-01T03:47:13.802+0000] {subprocess.py:93} INFO - 		at org.apache.spark.sql.execution.QueryExecution.executePhase(QueryExecution.scala:329)
[2026-07-01T03:47:13.802+0000] {subprocess.py:93} INFO - 		at org.apache.spark.sql.execution.QueryExecution.$anonfun$lazyAnalyzed$1(QueryExecution.scala:139)
[2026-07-01T03:47:13.802+0000] {subprocess.py:93} INFO - 		at scala.util.Try$.apply(Try.scala:217)
[2026-07-01T03:47:13.802+0000] {subprocess.py:93} INFO - 		at org.apache.spark.util.Utils$.doTryWithCallerStacktrace(Utils.scala:1392)
[2026-07-01T03:47:13.802+0000] {subprocess.py:93} INFO - 		at org.apache.spark.util.LazyTry.tryT$lzycompute(LazyTry.scala:46)
[2026-07-01T03:47:13.802+0000] {subprocess.py:93} INFO - 		at org.apache.spark.util.LazyTry.tryT(LazyTry.scala:46)
[2026-07-01T03:47:13.803+0000] {subprocess.py:93} INFO - 		... 22 more
[2026-07-01T03:47:13.803+0000] {subprocess.py:93} INFO - 
[2026-07-01T03:47:14.333+0000] {subprocess.py:97} INFO - Command exited with return code 1
[2026-07-01T03:47:14.337+0000] {taskinstance.py:441} INFO - ::group::Post task execution logs
[2026-07-01T03:47:14.350+0000] {taskinstance.py:2905} ERROR - Task failed with exception
Traceback (most recent call last):
  File "/home/airflow/.local/lib/python3.12/site-packages/airflow/models/taskinstance.py", line 465, in _execute_task
    result = _execute_callable(context=context, **execute_callable_kwargs)
             ^^^^^^^^^^^^^^^^^^^^^^^^^^^^^^^^^^^^^^^^^^^^^^^^^^^^^^^^^^^^^
  File "/home/airflow/.local/lib/python3.12/site-packages/airflow/models/taskinstance.py", line 432, in _execute_callable
    return execute_callable(context=context, **execute_callable_kwargs)
           ^^^^^^^^^^^^^^^^^^^^^^^^^^^^^^^^^^^^^^^^^^^^^^^^^^^^^^^^^^^^
  File "/home/airflow/.local/lib/python3.12/site-packages/airflow/models/baseoperator.py", line 400, in wrapper
    return func(self, *args, **kwargs)
           ^^^^^^^^^^^^^^^^^^^^^^^^^^^
  File "/home/airflow/.local/lib/python3.12/site-packages/airflow/operators/bash.py", line 243, in execute
    raise AirflowException(
airflow.exceptions.AirflowException: Bash command failed. The command returned a non-zero exit code 1.
[2026-07-01T03:47:14.354+0000] {taskinstance.py:1206} INFO - Marking task as FAILED. dag_id=silver_weather_dag, task_id=spark_weather_to_iceberg, run_id=dataset_triggered__2026-07-01T03:47:08.319119+00:00, execution_date=20260701T034708, start_date=20260701T034709, end_date=20260701T034714
[2026-07-01T03:47:14.361+0000] {standard_task_runner.py:110} ERROR - Failed to execute job 6 for task spark_weather_to_iceberg (Bash command failed. The command returned a non-zero exit code 1.; 333)
[2026-07-01T03:47:14.384+0000] {local_task_job_runner.py:240} INFO - Task exited with return code 1
[2026-07-01T03:47:14.393+0000] {taskinstance.py:3498} INFO - 0 downstream tasks scheduled from follow-on schedule check
[2026-07-01T03:47:14.393+0000] {local_task_job_runner.py:222} INFO - ::endgroup::
