[2026-07-08T19:00:26.803+0000] {local_task_job_runner.py:120} INFO - ::group::Pre task execution logs
[2026-07-08T19:00:26.813+0000] {taskinstance.py:2076} INFO - Dependencies all met for dep_context=non-requeueable deps ti=<TaskInstance: logistics_postgres_to_bq.push_to_bigquery dataset_triggered__2026-07-08T19:00:26.226584+00:00 [queued]>
[2026-07-08T19:00:26.816+0000] {taskinstance.py:2076} INFO - Dependencies all met for dep_context=requeueable deps ti=<TaskInstance: logistics_postgres_to_bq.push_to_bigquery dataset_triggered__2026-07-08T19:00:26.226584+00:00 [queued]>
[2026-07-08T19:00:26.816+0000] {taskinstance.py:2306} INFO - Starting attempt 1 of 1
[2026-07-08T19:00:26.821+0000] {taskinstance.py:2330} INFO - Executing <Task(PythonOperator): push_to_bigquery> on 2026-07-08 19:00:26.226584+00:00
[2026-07-08T19:00:26.826+0000] {logging_mixin.py:188} WARNING - /home/***/.local/lib/python3.12/site-packages/***/task/task_runner/standard_task_runner.py:61 DeprecationWarning: This process (pid=36018) is multi-threaded, use of fork() may lead to deadlocks in the child.
[2026-07-08T19:00:26.827+0000] {standard_task_runner.py:63} INFO - Started process 36024 to run task
[2026-07-08T19:00:26.826+0000] {standard_task_runner.py:90} INFO - Running: ['***', 'tasks', 'run', 'logistics_postgres_to_bq', 'push_to_bigquery', 'dataset_triggered__2026-07-08T19:00:26.226584+00:00', '--job-id', '1175', '--raw', '--subdir', 'DAGS_FOLDER/dag_postgres_to_bq.py', '--cfg-path', '/tmp/tmpocw7tlou']
[2026-07-08T19:00:26.828+0000] {standard_task_runner.py:91} INFO - Job 1175: Subtask push_to_bigquery
[2026-07-08T19:00:26.845+0000] {task_command.py:426} INFO - Running <TaskInstance: logistics_postgres_to_bq.push_to_bigquery dataset_triggered__2026-07-08T19:00:26.226584+00:00 [running]> on host bd23e89d97be
[2026-07-08T19:00:26.885+0000] {taskinstance.py:2648} INFO - Exporting env vars: AIRFLOW_CTX_DAG_OWNER='***' AIRFLOW_CTX_DAG_ID='logistics_postgres_to_bq' AIRFLOW_CTX_TASK_ID='push_to_bigquery' AIRFLOW_CTX_EXECUTION_DATE='2026-07-08T19:00:26.226584+00:00' AIRFLOW_CTX_TRY_NUMBER='1' AIRFLOW_CTX_DAG_RUN_ID='dataset_triggered__2026-07-08T19:00:26.226584+00:00'
[2026-07-08T19:00:26.888+0000] {taskinstance.py:430} INFO - ::endgroup::
[2026-07-08T19:00:28.568+0000] {logging_mixin.py:188} WARNING - /opt/***/dags/dag_postgres_to_bq.py:34 UserWarning: pandas only supports SQLAlchemy connectable (engine/connection) or database string URI or sqlite3 DBAPI2 connection. Other DBAPI2 objects are not tested. Please consider using SQLAlchemy.
[2026-07-08T19:00:32.597+0000] {logging_mixin.py:188} INFO - Pushed 1391 rows from shipments to BigQuery.
[2026-07-08T19:00:32.600+0000] {logging_mixin.py:188} WARNING - /opt/***/dags/dag_postgres_to_bq.py:34 UserWarning: pandas only supports SQLAlchemy connectable (engine/connection) or database string URI or sqlite3 DBAPI2 connection. Other DBAPI2 objects are not tested. Please consider using SQLAlchemy.
[2026-07-08T19:00:36.079+0000] {logging_mixin.py:188} INFO - Pushed 3 rows from hubs to BigQuery.
[2026-07-08T19:00:36.087+0000] {logging_mixin.py:188} WARNING - /opt/***/dags/dag_postgres_to_bq.py:34 UserWarning: pandas only supports SQLAlchemy connectable (engine/connection) or database string URI or sqlite3 DBAPI2 connection. Other DBAPI2 objects are not tested. Please consider using SQLAlchemy.
[2026-07-08T19:00:40.173+0000] {logging_mixin.py:188} INFO - Pushed 3 rows from drivers to BigQuery.
[2026-07-08T19:00:40.175+0000] {python.py:237} INFO - Done. Returned value was: None
[2026-07-08T19:00:40.179+0000] {taskinstance.py:441} INFO - ::group::Post task execution logs
[2026-07-08T19:00:40.201+0000] {taskinstance.py:1206} INFO - Marking task as SUCCESS. dag_id=logistics_postgres_to_bq, task_id=push_to_bigquery, run_id=dataset_triggered__2026-07-08T19:00:26.226584+00:00, execution_date=20260708T190026, start_date=20260708T190026, end_date=20260708T190040
[2026-07-08T19:00:40.252+0000] {local_task_job_runner.py:240} INFO - Task exited with return code 0
[2026-07-08T19:00:40.269+0000] {taskinstance.py:3498} INFO - 0 downstream tasks scheduled from follow-on schedule check
[2026-07-08T19:00:40.270+0000] {local_task_job_runner.py:222} INFO - ::endgroup::
