[2026-07-06T17:02:33.347+0000] {local_task_job_runner.py:120} INFO - ::group::Pre task execution logs
[2026-07-06T17:02:33.523+0000] {taskinstance.py:2076} INFO - Dependencies all met for dep_context=non-requeueable deps ti=<TaskInstance: gold_dbt_dag.trigger_dbt_build dataset_triggered__2026-07-06T17:02:31.326517+00:00 [queued]>
[2026-07-06T17:02:33.561+0000] {taskinstance.py:2076} INFO - Dependencies all met for dep_context=requeueable deps ti=<TaskInstance: gold_dbt_dag.trigger_dbt_build dataset_triggered__2026-07-06T17:02:31.326517+00:00 [queued]>
[2026-07-06T17:02:33.562+0000] {taskinstance.py:2306} INFO - Starting attempt 1 of 2
[2026-07-06T17:02:33.627+0000] {taskinstance.py:2330} INFO - Executing <Task(BashOperator): trigger_dbt_build> on 2026-07-06 17:02:31.326517+00:00
[2026-07-06T17:02:33.667+0000] {standard_task_runner.py:90} INFO - Running: ['***', 'tasks', 'run', 'gold_dbt_dag', 'trigger_dbt_build', 'dataset_triggered__2026-07-06T17:02:31.326517+00:00', '--job-id', '839', '--raw', '--subdir', 'DAGS_FOLDER/dag_gold_dbt.py', '--cfg-path', '/tmp/tmpl9hdwh5b']
[2026-07-06T17:02:33.686+0000] {standard_task_runner.py:91} INFO - Job 839: Subtask trigger_dbt_build
[2026-07-06T17:02:33.690+0000] {logging_mixin.py:188} WARNING - /home/***/.local/lib/python3.12/site-packages/***/task/task_runner/standard_task_runner.py:61 DeprecationWarning: This process (pid=92594) is multi-threaded, use of fork() may lead to deadlocks in the child.
[2026-07-06T17:02:33.694+0000] {standard_task_runner.py:63} INFO - Started process 92599 to run task
[2026-07-06T17:02:34.038+0000] {task_command.py:426} INFO - Running <TaskInstance: gold_dbt_dag.trigger_dbt_build dataset_triggered__2026-07-06T17:02:31.326517+00:00 [running]> on host bd23e89d97be
[2026-07-06T17:02:34.430+0000] {taskinstance.py:2648} INFO - Exporting env vars: AIRFLOW_CTX_DAG_OWNER='data_engineer' AIRFLOW_CTX_DAG_ID='gold_dbt_dag' AIRFLOW_CTX_TASK_ID='trigger_dbt_build' AIRFLOW_CTX_EXECUTION_DATE='2026-07-06T17:02:31.326517+00:00' AIRFLOW_CTX_TRY_NUMBER='1' AIRFLOW_CTX_DAG_RUN_ID='dataset_triggered__2026-07-06T17:02:31.326517+00:00'
[2026-07-06T17:02:34.433+0000] {taskinstance.py:430} INFO - ::endgroup::
[2026-07-06T17:02:34.512+0000] {subprocess.py:63} INFO - Tmp dir root location: /tmp
[2026-07-06T17:02:34.521+0000] {subprocess.py:75} INFO - Running command: ['/usr/bin/bash', '-c', 'cd /opt/***/dbt && dbt build --profiles-dir . --target dev']
[2026-07-06T17:02:34.579+0000] {subprocess.py:86} INFO - Output:
[2026-07-06T17:02:43.741+0000] {subprocess.py:93} INFO - [0m17:02:43  Running with dbt=1.11.11
[2026-07-06T17:02:50.263+0000] {subprocess.py:93} INFO - [0m17:02:50  Registered adapter: bigquery=1.11.3
[2026-07-06T17:02:53.880+0000] {subprocess.py:93} INFO - [0m17:02:53  Found 5 models, 4 sources, 553 macros
[2026-07-06T17:02:53.916+0000] {subprocess.py:93} INFO - [0m17:02:53
[2026-07-06T17:02:53.920+0000] {subprocess.py:93} INFO - [0m17:02:53  Concurrency: 4 threads (target='dev')
[2026-07-06T17:02:53.925+0000] {subprocess.py:93} INFO - [0m17:02:53
[2026-07-06T17:02:57.294+0000] {subprocess.py:93} INFO - [0m17:02:57  1 of 5 START sql table model logistics_mart.dim_drivers ........................ [RUN]
[2026-07-06T17:02:57.310+0000] {subprocess.py:93} INFO - [0m17:02:57  2 of 5 START sql table model logistics_mart.dim_hubs ........................... [RUN]
[2026-07-06T17:02:57.311+0000] {subprocess.py:93} INFO - [0m17:02:57  3 of 5 START sql view model logistics_mart.stg_shipments ....................... [RUN]
[2026-07-06T17:02:57.314+0000] {subprocess.py:93} INFO - [0m17:02:57  4 of 5 START sql view model logistics_mart.stg_weather ......................... [RUN]
[2026-07-06T17:03:01.485+0000] {subprocess.py:93} INFO - [0m17:03:01  3 of 5 OK created sql view model logistics_mart.stg_shipments .................. [[32mCREATE VIEW (0 processed)[0m in 4.09s]
[2026-07-06T17:03:01.519+0000] {subprocess.py:93} INFO - [0m17:03:01  4 of 5 OK created sql view model logistics_mart.stg_weather .................... [[32mCREATE VIEW (0 processed)[0m in 4.10s]
[2026-07-06T17:03:03.493+0000] {subprocess.py:93} INFO - [0m17:03:03  2 of 5 OK created sql table model logistics_mart.dim_hubs ...................... [[32mCREATE TABLE (3.0 rows, 149.0 Bytes processed)[0m in 6.15s]
[2026-07-06T17:03:03.521+0000] {subprocess.py:93} INFO - [0m17:03:03  5 of 5 START sql table model logistics_mart.fact_shipment_weather .............. [RUN]
[2026-07-06T17:03:03.555+0000] {subprocess.py:93} INFO - [0m17:03:03  1 of 5 OK created sql table model logistics_mart.dim_drivers ................... [[32mCREATE TABLE (3.0 rows, 108.0 Bytes processed)[0m in 6.24s]
[2026-07-06T17:03:09.716+0000] {subprocess.py:93} INFO - [0m17:03:09  5 of 5 OK created sql table model logistics_mart.fact_shipment_weather ......... [[32mCREATE TABLE (1.0k rows, 63.4 KiB processed)[0m in 6.14s]
[2026-07-06T17:03:10.021+0000] {subprocess.py:93} INFO - [0m17:03:10
[2026-07-06T17:03:10.025+0000] {subprocess.py:93} INFO - [0m17:03:10  Finished running 3 table models, 2 view models in 0 hours 0 minutes and 16.09 seconds (16.09s).
[2026-07-06T17:03:10.383+0000] {subprocess.py:93} INFO - [0m17:03:10
[2026-07-06T17:03:10.388+0000] {subprocess.py:93} INFO - [0m17:03:10  [32mCompleted successfully[0m
[2026-07-06T17:03:10.390+0000] {subprocess.py:93} INFO - [0m17:03:10
[2026-07-06T17:03:10.394+0000] {subprocess.py:93} INFO - [0m17:03:10  Done. PASS=5 WARN=0 ERROR=0 SKIP=0 NO-OP=0 TOTAL=5
[2026-07-06T17:03:15.699+0000] {subprocess.py:97} INFO - Command exited with return code 0
[2026-07-06T17:03:15.709+0000] {taskinstance.py:441} INFO - ::group::Post task execution logs
[2026-07-06T17:03:15.860+0000] {taskinstance.py:1206} INFO - Marking task as SUCCESS. dag_id=gold_dbt_dag, task_id=trigger_dbt_build, run_id=dataset_triggered__2026-07-06T17:02:31.326517+00:00, execution_date=20260706T170231, start_date=20260706T170233, end_date=20260706T170315
[2026-07-06T17:03:15.961+0000] {local_task_job_runner.py:240} INFO - Task exited with return code 0
[2026-07-06T17:03:16.054+0000] {taskinstance.py:3498} INFO - 0 downstream tasks scheduled from follow-on schedule check
[2026-07-06T17:03:16.058+0000] {local_task_job_runner.py:222} INFO - ::endgroup::
