[2026-07-10T20:47:12.382+0000] {local_task_job_runner.py:120} INFO - ::group::Pre task execution logs
[2026-07-10T20:47:12.417+0000] {taskinstance.py:2076} INFO - Dependencies all met for dep_context=non-requeueable deps ti=<TaskInstance: gold_dbt_dag.trigger_dbt_build dataset_triggered__2026-07-10T20:14:54.169958+00:00 [queued]>
[2026-07-10T20:47:12.424+0000] {taskinstance.py:2076} INFO - Dependencies all met for dep_context=requeueable deps ti=<TaskInstance: gold_dbt_dag.trigger_dbt_build dataset_triggered__2026-07-10T20:14:54.169958+00:00 [queued]>
[2026-07-10T20:47:12.425+0000] {taskinstance.py:2306} INFO - Starting attempt 2 of 2
[2026-07-10T20:47:12.433+0000] {taskinstance.py:2330} INFO - Executing <Task(BashOperator): trigger_dbt_build> on 2026-07-10 20:14:54.169958+00:00
[2026-07-10T20:47:12.439+0000] {standard_task_runner.py:90} INFO - Running: ['***', 'tasks', 'run', 'gold_dbt_dag', 'trigger_dbt_build', 'dataset_triggered__2026-07-10T20:14:54.169958+00:00', '--job-id', '1519', '--raw', '--subdir', 'DAGS_FOLDER/dag_gold_dbt.py', '--cfg-path', '/tmp/tmp6rhi9qdp']
[2026-07-10T20:47:12.444+0000] {standard_task_runner.py:91} INFO - Job 1519: Subtask trigger_dbt_build
[2026-07-10T20:47:12.445+0000] {logging_mixin.py:188} WARNING - /home/***/.local/lib/python3.12/site-packages/***/task/task_runner/standard_task_runner.py:61 DeprecationWarning: This process (pid=47960) is multi-threaded, use of fork() may lead to deadlocks in the child.
[2026-07-10T20:47:12.445+0000] {standard_task_runner.py:63} INFO - Started process 47978 to run task
[2026-07-10T20:47:12.466+0000] {task_command.py:426} INFO - Running <TaskInstance: gold_dbt_dag.trigger_dbt_build dataset_triggered__2026-07-10T20:14:54.169958+00:00 [running]> on host bd23e89d97be
[2026-07-10T20:47:12.509+0000] {taskinstance.py:2648} INFO - Exporting env vars: AIRFLOW_CTX_DAG_OWNER='data_engineer' AIRFLOW_CTX_DAG_ID='gold_dbt_dag' AIRFLOW_CTX_TASK_ID='trigger_dbt_build' AIRFLOW_CTX_EXECUTION_DATE='2026-07-10T20:14:54.169958+00:00' AIRFLOW_CTX_TRY_NUMBER='2' AIRFLOW_CTX_DAG_RUN_ID='dataset_triggered__2026-07-10T20:14:54.169958+00:00'
[2026-07-10T20:47:12.509+0000] {taskinstance.py:430} INFO - ::endgroup::
[2026-07-10T20:47:12.518+0000] {subprocess.py:63} INFO - Tmp dir root location: /tmp
[2026-07-10T20:47:12.520+0000] {subprocess.py:75} INFO - Running command: ['/usr/bin/bash', '-c', 'cd /opt/***/dbt && dbt build --profiles-dir . --target dev']
[2026-07-10T20:47:12.527+0000] {subprocess.py:86} INFO - Output:
[2026-07-10T20:47:13.604+0000] {subprocess.py:93} INFO - [0m20:47:13  Running with dbt=1.11.11
[2026-07-10T20:47:14.021+0000] {subprocess.py:93} INFO - [0m20:47:14  Registered adapter: bigquery=1.11.3
[2026-07-10T20:47:14.232+0000] {subprocess.py:93} INFO - [0m20:47:14  Found 6 models, 4 sources, 553 macros
[2026-07-10T20:47:14.233+0000] {subprocess.py:93} INFO - [0m20:47:14
[2026-07-10T20:47:14.233+0000] {subprocess.py:93} INFO - [0m20:47:14  Concurrency: 4 threads (target='dev')
[2026-07-10T20:47:14.233+0000] {subprocess.py:93} INFO - [0m20:47:14
[2026-07-10T20:47:15.991+0000] {subprocess.py:93} INFO - [0m20:47:15  1 of 6 START sql table model logistics_mart.dim_drivers ........................ [RUN]
[2026-07-10T20:47:15.991+0000] {subprocess.py:93} INFO - [0m20:47:15  2 of 6 START sql table model logistics_mart.dim_hubs ........................... [RUN]
[2026-07-10T20:47:15.992+0000] {subprocess.py:93} INFO - [0m20:47:15  3 of 6 START sql view model logistics_mart.stg_shipments ....................... [RUN]
[2026-07-10T20:47:15.992+0000] {subprocess.py:93} INFO - [0m20:47:15  4 of 6 START sql view model logistics_mart.stg_weather ......................... [RUN]
[2026-07-10T20:47:18.165+0000] {subprocess.py:93} INFO - [0m20:47:18  4 of 6 OK created sql view model logistics_mart.stg_weather .................... [[32mCREATE VIEW (0 processed)[0m in 2.17s]
[2026-07-10T20:47:18.165+0000] {subprocess.py:93} INFO - [0m20:47:18  3 of 6 OK created sql view model logistics_mart.stg_shipments .................. [[32mCREATE VIEW (0 processed)[0m in 2.17s]
[2026-07-10T20:47:18.167+0000] {subprocess.py:93} INFO - [0m20:47:18  5 of 6 START sql view model logistics_mart.stg_weather_consensus ............... [RUN]
[2026-07-10T20:47:19.465+0000] {subprocess.py:93} INFO - [0m20:47:19  BigQuery adapter: https://console.cloud.google.com/bigquery?project=logistics-500519&j=bq:US:626ddff1-f325-4e57-921b-62181d6278e8&page=queryresults
[2026-07-10T20:47:19.477+0000] {subprocess.py:93} INFO - [0m20:47:19  5 of 6 ERROR creating sql view model logistics_mart.stg_weather_consensus ...... [[31mERROR[0m in 1.31s]
[2026-07-10T20:47:19.727+0000] {subprocess.py:93} INFO - [0m20:47:19  2 of 6 OK created sql table model logistics_mart.dim_hubs ...................... [[32mCREATE TABLE (3.0 rows, 149.0 Bytes processed)[0m in 3.73s]
[2026-07-10T20:47:19.730+0000] {subprocess.py:93} INFO - [0m20:47:19  6 of 6 START sql table model logistics_mart.fact_shipment_weather .............. [RUN]
[2026-07-10T20:47:19.822+0000] {subprocess.py:93} INFO - [0m20:47:19  1 of 6 OK created sql table model logistics_mart.dim_drivers ................... [[32mCREATE TABLE (3.0 rows, 108.0 Bytes processed)[0m in 3.83s]
[2026-07-10T20:47:23.950+0000] {subprocess.py:93} INFO - [0m20:47:23  6 of 6 OK created sql table model logistics_mart.fact_shipment_weather ......... [[32mCREATE TABLE (1.8k rows, 111.0 KiB processed)[0m in 4.22s]
[2026-07-10T20:47:23.997+0000] {subprocess.py:93} INFO - [0m20:47:23
[2026-07-10T20:47:23.997+0000] {subprocess.py:93} INFO - [0m20:47:23  Finished running 3 table models, 3 view models in 0 hours 0 minutes and 9.76 seconds (9.76s).
[2026-07-10T20:47:24.025+0000] {subprocess.py:93} INFO - [0m20:47:24
[2026-07-10T20:47:24.026+0000] {subprocess.py:93} INFO - [0m20:47:24  [31mCompleted with 1 error, 0 partial successes, and 0 warnings:[0m
[2026-07-10T20:47:24.026+0000] {subprocess.py:93} INFO - [0m20:47:24
[2026-07-10T20:47:24.026+0000] {subprocess.py:93} INFO - [0m20:47:24  [31mFailure in model stg_weather_consensus (models/staging/stg_weather_consensus.sql)[0m
[2026-07-10T20:47:24.027+0000] {subprocess.py:93} INFO - [0m20:47:24    Database Error in model stg_weather_consensus (models/staging/stg_weather_consensus.sql)
[2026-07-10T20:47:24.027+0000] {subprocess.py:93} INFO -   Unrecognized name: fetched_at at [11:11]
[2026-07-10T20:47:24.027+0000] {subprocess.py:93} INFO -   compiled code at target/run/logistics_lakehouse/models/staging/stg_weather_consensus.sql
[2026-07-10T20:47:24.027+0000] {subprocess.py:93} INFO - [0m20:47:24
[2026-07-10T20:47:24.028+0000] {subprocess.py:93} INFO - [0m20:47:24    compiled code at target/compiled/logistics_lakehouse/models/staging/stg_weather_consensus.sql
[2026-07-10T20:47:24.028+0000] {subprocess.py:93} INFO - [0m20:47:24
[2026-07-10T20:47:24.028+0000] {subprocess.py:93} INFO - [0m20:47:24  Done. PASS=5 WARN=0 ERROR=1 SKIP=0 NO-OP=0 TOTAL=6
[2026-07-10T20:47:25.990+0000] {subprocess.py:97} INFO - Command exited with return code 1
[2026-07-10T20:47:25.991+0000] {taskinstance.py:441} INFO - ::group::Post task execution logs
[2026-07-10T20:47:25.998+0000] {taskinstance.py:2905} ERROR - Task failed with exception
Traceback (most recent call last):
  File "/home/airflow/.local/lib/python3.12/site-packages/airflow/models/taskinstance.py", line 465, in _execute_task
    result = _execute_callable(context=context, **execute_callable_kwargs)
             ^^^^^^^^^^^^^^^^^^^^^^^^^^^^^^^^^^^^^^^^^^^^^^^^^^^^^^^^^^^^^
  File "/home/airflow/.local/lib/python3.12/site-packages/airflow/models/taskinstance.py", line 432, in _execute_callable
    return execute_callable(context=context, **execute_callable_kwargs)
           ^^^^^^^^^^^^^^^^^^^^^^^^^^^^^^^^^^^^^^^^^^^^^^^^^^^^^^^^^^^^
  File "/home/airflow/.local/lib/python3.12/site-packages/airflow/models/baseoperator.py", line 400, in wrapper
    return func(self, *args, **kwargs)
           ^^^^^^^^^^^^^^^^^^^^^^^^^^^
  File "/home/airflow/.local/lib/python3.12/site-packages/airflow/operators/bash.py", line 243, in execute
    raise AirflowException(
airflow.exceptions.AirflowException: Bash command failed. The command returned a non-zero exit code 1.
[2026-07-10T20:47:26.002+0000] {taskinstance.py:1206} INFO - Marking task as FAILED. dag_id=gold_dbt_dag, task_id=trigger_dbt_build, run_id=dataset_triggered__2026-07-10T20:14:54.169958+00:00, execution_date=20260710T201454, start_date=20260710T204712, end_date=20260710T204726
[2026-07-10T20:47:26.011+0000] {standard_task_runner.py:110} ERROR - Failed to execute job 1519 for task trigger_dbt_build (Bash command failed. The command returned a non-zero exit code 1.; 47978)
[2026-07-10T20:47:26.045+0000] {local_task_job_runner.py:240} INFO - Task exited with return code 1
[2026-07-10T20:47:26.053+0000] {taskinstance.py:3498} INFO - 0 downstream tasks scheduled from follow-on schedule check
[2026-07-10T20:47:26.053+0000] {local_task_job_runner.py:222} INFO - ::endgroup::
