[2026-07-10T20:14:54.567+0000] {local_task_job_runner.py:120} INFO - ::group::Pre task execution logs
[2026-07-10T20:14:54.594+0000] {taskinstance.py:2076} INFO - Dependencies all met for dep_context=non-requeueable deps ti=<TaskInstance: gold_dbt_dag.trigger_dbt_build dataset_triggered__2026-07-10T20:14:54.169958+00:00 [queued]>
[2026-07-10T20:14:54.598+0000] {taskinstance.py:2076} INFO - Dependencies all met for dep_context=requeueable deps ti=<TaskInstance: gold_dbt_dag.trigger_dbt_build dataset_triggered__2026-07-10T20:14:54.169958+00:00 [queued]>
[2026-07-10T20:14:54.599+0000] {taskinstance.py:2306} INFO - Starting attempt 1 of 2
[2026-07-10T20:14:54.615+0000] {taskinstance.py:2330} INFO - Executing <Task(BashOperator): trigger_dbt_build> on 2026-07-10 20:14:54.169958+00:00
[2026-07-10T20:14:54.625+0000] {standard_task_runner.py:90} INFO - Running: ['***', 'tasks', 'run', 'gold_dbt_dag', 'trigger_dbt_build', 'dataset_triggered__2026-07-10T20:14:54.169958+00:00', '--job-id', '1518', '--raw', '--subdir', 'DAGS_FOLDER/dag_gold_dbt.py', '--cfg-path', '/tmp/tmpw_5k9j1i']
[2026-07-10T20:14:54.627+0000] {standard_task_runner.py:91} INFO - Job 1518: Subtask trigger_dbt_build
[2026-07-10T20:14:54.631+0000] {logging_mixin.py:188} WARNING - /home/***/.local/lib/python3.12/site-packages/***/task/task_runner/standard_task_runner.py:61 DeprecationWarning: This process (pid=47852) is multi-threaded, use of fork() may lead to deadlocks in the child.
[2026-07-10T20:14:54.633+0000] {standard_task_runner.py:63} INFO - Started process 47853 to run task
[2026-07-10T20:14:54.652+0000] {task_command.py:426} INFO - Running <TaskInstance: gold_dbt_dag.trigger_dbt_build dataset_triggered__2026-07-10T20:14:54.169958+00:00 [running]> on host bd23e89d97be
[2026-07-10T20:14:54.685+0000] {taskinstance.py:2648} INFO - Exporting env vars: AIRFLOW_CTX_DAG_OWNER='data_engineer' AIRFLOW_CTX_DAG_ID='gold_dbt_dag' AIRFLOW_CTX_TASK_ID='trigger_dbt_build' AIRFLOW_CTX_EXECUTION_DATE='2026-07-10T20:14:54.169958+00:00' AIRFLOW_CTX_TRY_NUMBER='1' AIRFLOW_CTX_DAG_RUN_ID='dataset_triggered__2026-07-10T20:14:54.169958+00:00'
[2026-07-10T20:14:54.685+0000] {taskinstance.py:430} INFO - ::endgroup::
[2026-07-10T20:14:54.692+0000] {subprocess.py:63} INFO - Tmp dir root location: /tmp
[2026-07-10T20:14:54.693+0000] {subprocess.py:75} INFO - Running command: ['/usr/bin/bash', '-c', 'cd /opt/***/dbt && dbt build --profiles-dir . --target dev']
[2026-07-10T20:14:54.697+0000] {subprocess.py:86} INFO - Output:
[2026-07-10T20:14:55.895+0000] {subprocess.py:93} INFO - [0m20:14:55  Running with dbt=1.11.11
[2026-07-10T20:14:56.540+0000] {subprocess.py:93} INFO - [0m20:14:56  Registered adapter: bigquery=1.11.3
[2026-07-10T20:14:56.780+0000] {subprocess.py:93} INFO - [0m20:14:56  Found 6 models, 4 sources, 553 macros
[2026-07-10T20:14:56.781+0000] {subprocess.py:93} INFO - [0m20:14:56
[2026-07-10T20:14:56.781+0000] {subprocess.py:93} INFO - [0m20:14:56  Concurrency: 4 threads (target='dev')
[2026-07-10T20:14:56.781+0000] {subprocess.py:93} INFO - [0m20:14:56
[2026-07-10T20:31:23.547+0000] {subprocess.py:93} INFO - WARNING:urllib3.connectionpool:Retrying (Retry(total=2, connect=None, read=None, redirect=None, status=None)) after connection broken by 'RemoteDisconnected('Remote end closed connection without response')': /v1/projects/-/serviceAccounts/dbt-logistics-runner@project-592ab4fe-f210-4e44-9b9.iam.gserviceaccount.com/allowedLocations
[2026-07-10T20:31:25.945+0000] {subprocess.py:93} INFO - [0m20:31:25  1 of 6 START sql table model logistics_mart.dim_drivers ........................ [RUN]
[2026-07-10T20:31:25.946+0000] {subprocess.py:93} INFO - [0m20:31:25  2 of 6 START sql table model logistics_mart.dim_hubs ........................... [RUN]
[2026-07-10T20:31:25.946+0000] {subprocess.py:93} INFO - [0m20:31:25  3 of 6 START sql view model logistics_mart.stg_shipments ....................... [RUN]
[2026-07-10T20:31:25.947+0000] {subprocess.py:93} INFO - [0m20:31:25  4 of 6 START sql view model logistics_mart.stg_weather ......................... [RUN]
[2026-07-10T20:31:28.016+0000] {subprocess.py:93} INFO - [0m20:31:28  3 of 6 OK created sql view model logistics_mart.stg_shipments .................. [[32mCREATE VIEW (0 processed)[0m in 2.06s]
[2026-07-10T20:31:28.016+0000] {subprocess.py:93} INFO - [0m20:31:28  4 of 6 OK created sql view model logistics_mart.stg_weather .................... [[32mCREATE VIEW (0 processed)[0m in 2.06s]
[2026-07-10T20:31:28.019+0000] {subprocess.py:93} INFO - [0m20:31:28  5 of 6 START sql view model logistics_mart.stg_weather_consensus ............... [RUN]
[2026-07-10T20:31:29.363+0000] {subprocess.py:93} INFO - [0m20:31:29  BigQuery adapter: https://console.cloud.google.com/bigquery?project=logistics-500519&j=bq:US:ee131fe1-a8fc-4033-a707-c9d5a133119c&page=queryresults
[2026-07-10T20:31:29.385+0000] {subprocess.py:93} INFO - [0m20:31:29  5 of 6 ERROR creating sql view model logistics_mart.stg_weather_consensus ...... [[31mERROR[0m in 1.36s]
[2026-07-10T20:31:29.724+0000] {subprocess.py:93} INFO - [0m20:31:29  1 of 6 OK created sql table model logistics_mart.dim_drivers ................... [[32mCREATE TABLE (3.0 rows, 108.0 Bytes processed)[0m in 3.77s]
[2026-07-10T20:31:29.862+0000] {subprocess.py:93} INFO - [0m20:31:29  2 of 6 OK created sql table model logistics_mart.dim_hubs ...................... [[32mCREATE TABLE (3.0 rows, 149.0 Bytes processed)[0m in 3.91s]
[2026-07-10T20:31:29.866+0000] {subprocess.py:93} INFO - [0m20:31:29  6 of 6 START sql table model logistics_mart.fact_shipment_weather .............. [RUN]
[2026-07-10T20:31:33.756+0000] {subprocess.py:93} INFO - [0m20:31:33  6 of 6 OK created sql table model logistics_mart.fact_shipment_weather ......... [[32mCREATE TABLE (1.8k rows, 111.0 KiB processed)[0m in 3.89s]
[2026-07-10T20:31:33.804+0000] {subprocess.py:93} INFO - [0m20:31:33
[2026-07-10T20:31:33.804+0000] {subprocess.py:93} INFO - [0m20:31:33  Finished running 3 table models, 3 view models in 0 hours 16 minutes and 37.02 seconds (997.02s).
[2026-07-10T20:31:33.838+0000] {subprocess.py:93} INFO - [0m20:31:33
[2026-07-10T20:31:33.839+0000] {subprocess.py:93} INFO - [0m20:31:33  [31mCompleted with 1 error, 0 partial successes, and 0 warnings:[0m
[2026-07-10T20:31:33.839+0000] {subprocess.py:93} INFO - [0m20:31:33
[2026-07-10T20:31:33.839+0000] {subprocess.py:93} INFO - [0m20:31:33  [31mFailure in model stg_weather_consensus (models/staging/stg_weather_consensus.sql)[0m
[2026-07-10T20:31:33.840+0000] {subprocess.py:93} INFO - [0m20:31:33    Database Error in model stg_weather_consensus (models/staging/stg_weather_consensus.sql)
[2026-07-10T20:31:33.840+0000] {subprocess.py:93} INFO -   Unrecognized name: fetched_at at [11:11]
[2026-07-10T20:31:33.840+0000] {subprocess.py:93} INFO -   compiled code at target/run/logistics_lakehouse/models/staging/stg_weather_consensus.sql
[2026-07-10T20:31:33.840+0000] {subprocess.py:93} INFO - [0m20:31:33
[2026-07-10T20:31:33.840+0000] {subprocess.py:93} INFO - [0m20:31:33    compiled code at target/compiled/logistics_lakehouse/models/staging/stg_weather_consensus.sql
[2026-07-10T20:31:33.840+0000] {subprocess.py:93} INFO - [0m20:31:33
[2026-07-10T20:31:33.840+0000] {subprocess.py:93} INFO - [0m20:31:33  Done. PASS=5 WARN=0 ERROR=1 SKIP=0 NO-OP=0 TOTAL=6
[2026-07-10T20:31:39.775+0000] {subprocess.py:97} INFO - Command exited with return code 1
[2026-07-10T20:31:39.779+0000] {taskinstance.py:441} INFO - ::group::Post task execution logs
[2026-07-10T20:31:39.794+0000] {taskinstance.py:2905} ERROR - Task failed with exception
Traceback (most recent call last):
  File "/home/airflow/.local/lib/python3.12/site-packages/airflow/models/taskinstance.py", line 465, in _execute_task
    result = _execute_callable(context=context, **execute_callable_kwargs)
             ^^^^^^^^^^^^^^^^^^^^^^^^^^^^^^^^^^^^^^^^^^^^^^^^^^^^^^^^^^^^^
  File "/home/airflow/.local/lib/python3.12/site-packages/airflow/models/taskinstance.py", line 432, in _execute_callable
    return execute_callable(context=context, **execute_callable_kwargs)
           ^^^^^^^^^^^^^^^^^^^^^^^^^^^^^^^^^^^^^^^^^^^^^^^^^^^^^^^^^^^^
  File "/home/airflow/.local/lib/python3.12/site-packages/airflow/models/baseoperator.py", line 400, in wrapper
    return func(self, *args, **kwargs)
           ^^^^^^^^^^^^^^^^^^^^^^^^^^^
  File "/home/airflow/.local/lib/python3.12/site-packages/airflow/operators/bash.py", line 243, in execute
    raise AirflowException(
airflow.exceptions.AirflowException: Bash command failed. The command returned a non-zero exit code 1.
[2026-07-10T20:31:39.803+0000] {taskinstance.py:1206} INFO - Marking task as UP_FOR_RETRY. dag_id=gold_dbt_dag, task_id=trigger_dbt_build, run_id=dataset_triggered__2026-07-10T20:14:54.169958+00:00, execution_date=20260710T201454, start_date=20260710T201454, end_date=20260710T203139
[2026-07-10T20:31:39.824+0000] {standard_task_runner.py:110} ERROR - Failed to execute job 1518 for task trigger_dbt_build (Bash command failed. The command returned a non-zero exit code 1.; 47853)
[2026-07-10T20:31:39.863+0000] {local_task_job_runner.py:240} INFO - Task exited with return code 1
[2026-07-10T20:31:39.881+0000] {taskinstance.py:3498} INFO - 0 downstream tasks scheduled from follow-on schedule check
[2026-07-10T20:31:39.882+0000] {local_task_job_runner.py:222} INFO - ::endgroup::
