[2026-07-01T03:41:17.443+0000] {local_task_job_runner.py:120} INFO - ::group::Pre task execution logs
[2026-07-01T03:41:17.457+0000] {taskinstance.py:2076} INFO - Dependencies all met for dep_context=non-requeueable deps ti=<TaskInstance: silver_weather_dag.spark_weather_to_iceberg manual__2026-07-01T03:41:16.955489+00:00 [queued]>
[2026-07-01T03:41:17.459+0000] {taskinstance.py:2076} INFO - Dependencies all met for dep_context=requeueable deps ti=<TaskInstance: silver_weather_dag.spark_weather_to_iceberg manual__2026-07-01T03:41:16.955489+00:00 [queued]>
[2026-07-01T03:41:17.459+0000] {taskinstance.py:2306} INFO - Starting attempt 1 of 1
[2026-07-01T03:41:17.464+0000] {taskinstance.py:2330} INFO - Executing <Task(BashOperator): spark_weather_to_iceberg> on 2026-07-01 03:41:16.955489+00:00
[2026-07-01T03:41:17.467+0000] {standard_task_runner.py:90} INFO - Running: ['***', 'tasks', 'run', 'silver_weather_dag', 'spark_weather_to_iceberg', 'manual__2026-07-01T03:41:16.955489+00:00', '--job-id', '20', '--raw', '--subdir', 'DAGS_FOLDER/dag_silver_weather.py', '--cfg-path', '/tmp/tmp7jx3na28']
[2026-07-01T03:41:17.469+0000] {standard_task_runner.py:91} INFO - Job 20: Subtask spark_weather_to_iceberg
[2026-07-01T03:41:17.469+0000] {logging_mixin.py:188} WARNING - /home/***/.local/lib/python3.12/site-packages/***/task/task_runner/standard_task_runner.py:61 DeprecationWarning: This process (pid=2962) is multi-threaded, use of fork() may lead to deadlocks in the child.
[2026-07-01T03:41:17.470+0000] {standard_task_runner.py:63} INFO - Started process 2963 to run task
[2026-07-01T03:41:17.489+0000] {task_command.py:426} INFO - Running <TaskInstance: silver_weather_dag.spark_weather_to_iceberg manual__2026-07-01T03:41:16.955489+00:00 [running]> on host 2acd144119ec
[2026-07-01T03:41:17.523+0000] {taskinstance.py:2648} INFO - Exporting env vars: AIRFLOW_CTX_DAG_OWNER='data_engineer' AIRFLOW_CTX_DAG_ID='silver_weather_dag' AIRFLOW_CTX_TASK_ID='spark_weather_to_iceberg' AIRFLOW_CTX_EXECUTION_DATE='2026-07-01T03:41:16.955489+00:00' AIRFLOW_CTX_TRY_NUMBER='1' AIRFLOW_CTX_DAG_RUN_ID='manual__2026-07-01T03:41:16.955489+00:00'
[2026-07-01T03:41:17.524+0000] {taskinstance.py:430} INFO - ::endgroup::
[2026-07-01T03:41:17.531+0000] {subprocess.py:63} INFO - Tmp dir root location: /tmp
[2026-07-01T03:41:17.532+0000] {subprocess.py:75} INFO - Running command: ['/usr/bin/bash', '-c', 'export JAVA_HOME=/usr/lib/jvm/default-java && python /opt/***/dags/spark/silver_weather.py "gs://your-lakehouse-bucket/bronze/weather/weather_forecast_latest.parquet" "weather_iceberg"']
[2026-07-01T03:41:17.538+0000] {subprocess.py:86} INFO - Output:
[2026-07-01T03:41:17.882+0000] {subprocess.py:93} INFO - /home/***/.local/lib/python3.12/site-packages/pyspark/bin/spark-class: line 71: /usr/lib/jvm/default-java/bin/java: No such file or directory
[2026-07-01T03:41:17.883+0000] {subprocess.py:93} INFO - /home/***/.local/lib/python3.12/site-packages/pyspark/bin/spark-class: line 97: CMD: bad array subscript
[2026-07-01T03:41:17.983+0000] {subprocess.py:93} INFO - Traceback (most recent call last):
[2026-07-01T03:41:17.983+0000] {subprocess.py:93} INFO -   File "/opt/***/dags/spark/silver_weather.py", line 52, in <module>
[2026-07-01T03:41:17.983+0000] {subprocess.py:93} INFO -     process_weather_to_iceberg(bronze_parquet_path, table_name)
[2026-07-01T03:41:17.983+0000] {subprocess.py:93} INFO -   File "/opt/***/dags/spark/silver_weather.py", line 13, in process_weather_to_iceberg
[2026-07-01T03:41:17.985+0000] {subprocess.py:93} INFO -     .getOrCreate()
[2026-07-01T03:41:17.985+0000] {subprocess.py:93} INFO -      ^^^^^^^^^^^^^
[2026-07-01T03:41:17.985+0000] {subprocess.py:93} INFO -   File "/home/***/.local/lib/python3.12/site-packages/pyspark/sql/session.py", line 557, in getOrCreate
[2026-07-01T03:41:17.985+0000] {subprocess.py:93} INFO -     sc = SparkContext.getOrCreate(sparkConf)
[2026-07-01T03:41:17.985+0000] {subprocess.py:93} INFO -          ^^^^^^^^^^^^^^^^^^^^^^^^^^^^^^^^^^^
[2026-07-01T03:41:17.985+0000] {subprocess.py:93} INFO -   File "/home/***/.local/lib/python3.12/site-packages/pyspark/core/context.py", line 542, in getOrCreate
[2026-07-01T03:41:17.985+0000] {subprocess.py:93} INFO -     SparkContext(conf=conf or SparkConf())
[2026-07-01T03:41:17.986+0000] {subprocess.py:93} INFO -   File "/home/***/.local/lib/python3.12/site-packages/pyspark/core/context.py", line 206, in __init__
[2026-07-01T03:41:17.986+0000] {subprocess.py:93} INFO -     SparkContext._ensure_initialized(self, gateway=gateway, conf=conf)
[2026-07-01T03:41:17.986+0000] {subprocess.py:93} INFO -   File "/home/***/.local/lib/python3.12/site-packages/pyspark/core/context.py", line 463, in _ensure_initialized
[2026-07-01T03:41:17.986+0000] {subprocess.py:93} INFO -     SparkContext._gateway = gateway or launch_gateway(conf)
[2026-07-01T03:41:17.987+0000] {subprocess.py:93} INFO -                                        ^^^^^^^^^^^^^^^^^^^^
[2026-07-01T03:41:17.987+0000] {subprocess.py:93} INFO -   File "/home/***/.local/lib/python3.12/site-packages/pyspark/java_gateway.py", line 111, in launch_gateway
[2026-07-01T03:41:17.987+0000] {subprocess.py:93} INFO -     raise PySparkRuntimeError(
[2026-07-01T03:41:17.987+0000] {subprocess.py:93} INFO - pyspark.errors.exceptions.base.PySparkRuntimeError: [JAVA_GATEWAY_EXITED] Java gateway process exited before sending its port number.
[2026-07-01T03:41:18.020+0000] {subprocess.py:97} INFO - Command exited with return code 1
[2026-07-01T03:41:18.021+0000] {taskinstance.py:441} INFO - ::group::Post task execution logs
[2026-07-01T03:41:18.027+0000] {taskinstance.py:2905} ERROR - Task failed with exception
Traceback (most recent call last):
  File "/home/airflow/.local/lib/python3.12/site-packages/airflow/models/taskinstance.py", line 465, in _execute_task
    result = _execute_callable(context=context, **execute_callable_kwargs)
             ^^^^^^^^^^^^^^^^^^^^^^^^^^^^^^^^^^^^^^^^^^^^^^^^^^^^^^^^^^^^^
  File "/home/airflow/.local/lib/python3.12/site-packages/airflow/models/taskinstance.py", line 432, in _execute_callable
    return execute_callable(context=context, **execute_callable_kwargs)
           ^^^^^^^^^^^^^^^^^^^^^^^^^^^^^^^^^^^^^^^^^^^^^^^^^^^^^^^^^^^^
  File "/home/airflow/.local/lib/python3.12/site-packages/airflow/models/baseoperator.py", line 400, in wrapper
    return func(self, *args, **kwargs)
           ^^^^^^^^^^^^^^^^^^^^^^^^^^^
  File "/home/airflow/.local/lib/python3.12/site-packages/airflow/operators/bash.py", line 243, in execute
    raise AirflowException(
airflow.exceptions.AirflowException: Bash command failed. The command returned a non-zero exit code 1.
[2026-07-01T03:41:18.030+0000] {taskinstance.py:1206} INFO - Marking task as FAILED. dag_id=silver_weather_dag, task_id=spark_weather_to_iceberg, run_id=manual__2026-07-01T03:41:16.955489+00:00, execution_date=20260701T034116, start_date=20260701T034117, end_date=20260701T034118
[2026-07-01T03:41:18.036+0000] {standard_task_runner.py:110} ERROR - Failed to execute job 20 for task spark_weather_to_iceberg (Bash command failed. The command returned a non-zero exit code 1.; 2963)
[2026-07-01T03:41:18.073+0000] {local_task_job_runner.py:240} INFO - Task exited with return code 1
[2026-07-01T03:41:18.084+0000] {taskinstance.py:3498} INFO - 0 downstream tasks scheduled from follow-on schedule check
[2026-07-01T03:41:18.085+0000] {local_task_job_runner.py:222} INFO - ::endgroup::
