[2026-07-04T02:49:30.048+0000] {local_task_job_runner.py:120} INFO - ::group::Pre task execution logs
[2026-07-04T02:49:30.076+0000] {taskinstance.py:2076} INFO - Dependencies all met for dep_context=non-requeueable deps ti=<TaskInstance: gold_dbt_dag.trigger_dbt_build dataset_triggered__2026-07-04T02:49:29.046633+00:00 [queued]>
[2026-07-04T02:49:30.079+0000] {taskinstance.py:2076} INFO - Dependencies all met for dep_context=requeueable deps ti=<TaskInstance: gold_dbt_dag.trigger_dbt_build dataset_triggered__2026-07-04T02:49:29.046633+00:00 [queued]>
[2026-07-04T02:49:30.080+0000] {taskinstance.py:2306} INFO - Starting attempt 1 of 2
[2026-07-04T02:49:30.085+0000] {taskinstance.py:2330} INFO - Executing <Task(BashOperator): trigger_dbt_build> on 2026-07-04 02:49:29.046633+00:00
[2026-07-04T02:49:30.089+0000] {standard_task_runner.py:90} INFO - Running: ['***', 'tasks', 'run', 'gold_dbt_dag', 'trigger_dbt_build', 'dataset_triggered__2026-07-04T02:49:29.046633+00:00', '--job-id', '467', '--raw', '--subdir', 'DAGS_FOLDER/dag_gold_dbt.py', '--cfg-path', '/tmp/tmpfzxnlrvf']
[2026-07-04T02:49:30.091+0000] {standard_task_runner.py:91} INFO - Job 467: Subtask trigger_dbt_build
[2026-07-04T02:49:30.091+0000] {logging_mixin.py:188} WARNING - /home/***/.local/lib/python3.12/site-packages/***/task/task_runner/standard_task_runner.py:61 DeprecationWarning: This process (pid=30167) is multi-threaded, use of fork() may lead to deadlocks in the child.
[2026-07-04T02:49:30.091+0000] {standard_task_runner.py:63} INFO - Started process 30168 to run task
[2026-07-04T02:49:30.114+0000] {task_command.py:426} INFO - Running <TaskInstance: gold_dbt_dag.trigger_dbt_build dataset_triggered__2026-07-04T02:49:29.046633+00:00 [running]> on host bd23e89d97be
[2026-07-04T02:49:30.166+0000] {taskinstance.py:2648} INFO - Exporting env vars: AIRFLOW_CTX_DAG_OWNER='data_engineer' AIRFLOW_CTX_DAG_ID='gold_dbt_dag' AIRFLOW_CTX_TASK_ID='trigger_dbt_build' AIRFLOW_CTX_EXECUTION_DATE='2026-07-04T02:49:29.046633+00:00' AIRFLOW_CTX_TRY_NUMBER='1' AIRFLOW_CTX_DAG_RUN_ID='dataset_triggered__2026-07-04T02:49:29.046633+00:00'
[2026-07-04T02:49:30.166+0000] {taskinstance.py:430} INFO - ::endgroup::
[2026-07-04T02:49:30.184+0000] {subprocess.py:63} INFO - Tmp dir root location: /tmp
[2026-07-04T02:49:30.184+0000] {subprocess.py:75} INFO - Running command: ['/usr/bin/bash', '-c', 'cd /opt/***/dbt && dbt build --profiles-dir . --target dev']
[2026-07-04T02:49:30.189+0000] {subprocess.py:86} INFO - Output:
[2026-07-04T02:49:32.695+0000] {subprocess.py:93} INFO - [0m02:49:32  Running with dbt=1.11.11
[2026-07-04T02:49:33.530+0000] {subprocess.py:93} INFO - [0m02:49:33  Registered adapter: bigquery=1.11.3
[2026-07-04T02:49:33.802+0000] {subprocess.py:93} INFO - [0m02:49:33  Found 5 models, 4 sources, 553 macros
[2026-07-04T02:49:33.803+0000] {subprocess.py:93} INFO - [0m02:49:33
[2026-07-04T02:49:33.804+0000] {subprocess.py:93} INFO - [0m02:49:33  Concurrency: 4 threads (target='dev')
[2026-07-04T02:49:33.804+0000] {subprocess.py:93} INFO - [0m02:49:33
[2026-07-04T02:49:35.379+0000] {subprocess.py:93} INFO - [0m02:49:35  1 of 5 START sql table model logistics_mart.dim_drivers ........................ [RUN]
[2026-07-04T02:49:35.379+0000] {subprocess.py:93} INFO - [0m02:49:35  2 of 5 START sql table model logistics_mart.dim_hubs ........................... [RUN]
[2026-07-04T02:49:35.379+0000] {subprocess.py:93} INFO - [0m02:49:35  3 of 5 START sql view model logistics_mart.stg_shipments ....................... [RUN]
[2026-07-04T02:49:35.380+0000] {subprocess.py:93} INFO - [0m02:49:35  4 of 5 START sql view model logistics_mart.stg_weather ......................... [RUN]
[2026-07-04T02:49:37.967+0000] {subprocess.py:93} INFO - [0m02:49:37  3 of 5 ERROR creating sql view model logistics_mart.stg_shipments .............. [[31mERROR[0m in 2.58s]
[2026-07-04T05:09:06.783+0000] {subprocess.py:93} INFO - [0m05:09:06  2 of 5 ERROR creating sql table model logistics_mart.dim_hubs .................. [[31mERROR[0m in 8371.39s]
[2026-07-04T06:09:33.019+0000] {subprocess.py:93} INFO - [0m06:09:33  1 of 5 ERROR creating sql table model logistics_mart.dim_drivers ............... [[31mERROR[0m in 11997.64s]
[2026-07-04T06:58:44.511+0000] {subprocess.py:93} INFO - [0m06:58:44  4 of 5 ERROR creating sql view model logistics_mart.stg_weather ................ [[31mERROR[0m in 14949.12s]
[2026-07-04T06:58:44.524+0000] {subprocess.py:93} INFO - [0m06:58:44  5 of 5 SKIP relation logistics_mart.fact_shipment_weather ...................... [[33mSKIP[0m]
[2026-07-04T06:58:44.572+0000] {subprocess.py:93} INFO - [0m06:58:44
[2026-07-04T06:58:44.572+0000] {subprocess.py:93} INFO - [0m06:58:44  Finished running 3 table models, 2 view models in 4 hours 9 minutes and 10.77 seconds (14950.77s).
[2026-07-04T06:58:44.661+0000] {subprocess.py:93} INFO - [0m06:58:44
[2026-07-04T06:58:44.662+0000] {subprocess.py:93} INFO - [0m06:58:44  [31mCompleted with 4 errors, 0 partial successes, and 0 warnings:[0m
[2026-07-04T06:58:44.662+0000] {subprocess.py:93} INFO - [0m06:58:44
[2026-07-04T06:58:44.662+0000] {subprocess.py:93} INFO - [0m06:58:44  [31mFailure in model stg_shipments (models/staging/stg_shipments.sql)[0m
[2026-07-04T06:58:44.663+0000] {subprocess.py:93} INFO - [0m06:58:44    Database Error in model stg_shipments (models/staging/stg_shipments.sql)
[2026-07-04T06:58:44.663+0000] {subprocess.py:93} INFO -   ('Connection aborted.', RemoteDisconnected('Remote end closed connection without response'))
[2026-07-04T06:58:44.663+0000] {subprocess.py:93} INFO -   compiled code at target/run/logistics_lakehouse/models/staging/stg_shipments.sql
[2026-07-04T06:58:44.663+0000] {subprocess.py:93} INFO - [0m06:58:44
[2026-07-04T06:58:44.663+0000] {subprocess.py:93} INFO - [0m06:58:44    compiled code at target/compiled/logistics_lakehouse/models/staging/stg_shipments.sql
[2026-07-04T06:58:44.664+0000] {subprocess.py:93} INFO - [0m06:58:44
[2026-07-04T06:58:44.664+0000] {subprocess.py:93} INFO - [0m06:58:44  [31mFailure in model dim_hubs (models/mart/dim_hubs.sql)[0m
[2026-07-04T06:58:44.664+0000] {subprocess.py:93} INFO - [0m06:58:44    Database Error in model dim_hubs (models/mart/dim_hubs.sql)
[2026-07-04T06:58:44.664+0000] {subprocess.py:93} INFO -   409 POST https://bigquery.googleapis.com/bigquery/v2/projects/logistics-500519/jobs?prettyPrint=false: Already Exists: Job logistics-500519:US.dbe7f6d8-db64-49d7-951c-d3beaf49a3a1
[2026-07-04T06:58:44.664+0000] {subprocess.py:93} INFO - 
[2026-07-04T06:58:44.664+0000] {subprocess.py:93} INFO -   Location: None
[2026-07-04T06:58:44.665+0000] {subprocess.py:93} INFO -   Job ID: dbe7f6d8-db64-49d7-951c-d3beaf49a3a1
[2026-07-04T06:58:44.665+0000] {subprocess.py:93} INFO - 
[2026-07-04T06:58:44.665+0000] {subprocess.py:93} INFO -   compiled code at target/run/logistics_lakehouse/models/mart/dim_hubs.sql
[2026-07-04T06:58:44.665+0000] {subprocess.py:93} INFO - [0m06:58:44
[2026-07-04T06:58:44.665+0000] {subprocess.py:93} INFO - [0m06:58:44    compiled code at target/compiled/logistics_lakehouse/models/mart/dim_hubs.sql
[2026-07-04T06:58:44.665+0000] {subprocess.py:93} INFO - [0m06:58:44
[2026-07-04T06:58:44.665+0000] {subprocess.py:93} INFO - [0m06:58:44  [31mFailure in model dim_drivers (models/mart/dim_drivers.sql)[0m
[2026-07-04T06:58:44.665+0000] {subprocess.py:93} INFO - [0m06:58:44    Database Error in model dim_drivers (models/mart/dim_drivers.sql)
[2026-07-04T06:58:44.665+0000] {subprocess.py:93} INFO -   409 POST https://bigquery.googleapis.com/bigquery/v2/projects/logistics-500519/jobs?prettyPrint=false: Already Exists: Job logistics-500519:US.366db6d6-a092-401b-a9b3-a2581a32440f
[2026-07-04T06:58:44.665+0000] {subprocess.py:93} INFO - 
[2026-07-04T06:58:44.665+0000] {subprocess.py:93} INFO -   Location: None
[2026-07-04T06:58:44.665+0000] {subprocess.py:93} INFO -   Job ID: 366db6d6-a092-401b-a9b3-a2581a32440f
[2026-07-04T06:58:44.665+0000] {subprocess.py:93} INFO - 
[2026-07-04T06:58:44.666+0000] {subprocess.py:93} INFO -   compiled code at target/run/logistics_lakehouse/models/mart/dim_drivers.sql
[2026-07-04T06:58:44.666+0000] {subprocess.py:93} INFO - [0m06:58:44
[2026-07-04T06:58:44.666+0000] {subprocess.py:93} INFO - [0m06:58:44    compiled code at target/compiled/logistics_lakehouse/models/mart/dim_drivers.sql
[2026-07-04T06:58:44.666+0000] {subprocess.py:93} INFO - [0m06:58:44
[2026-07-04T06:58:44.666+0000] {subprocess.py:93} INFO - [0m06:58:44  [31mFailure in model stg_weather (models/staging/stg_weather.sql)[0m
[2026-07-04T06:58:44.666+0000] {subprocess.py:93} INFO - [0m06:58:44    Database Error in model stg_weather (models/staging/stg_weather.sql)
[2026-07-04T06:58:44.666+0000] {subprocess.py:93} INFO -   ('Connection aborted.', RemoteDisconnected('Remote end closed connection without response'))
[2026-07-04T06:58:44.666+0000] {subprocess.py:93} INFO -   compiled code at target/run/logistics_lakehouse/models/staging/stg_weather.sql
[2026-07-04T06:58:44.666+0000] {subprocess.py:93} INFO - [0m06:58:44
[2026-07-04T06:58:44.667+0000] {subprocess.py:93} INFO - [0m06:58:44    compiled code at target/compiled/logistics_lakehouse/models/staging/stg_weather.sql
[2026-07-04T06:58:44.667+0000] {subprocess.py:93} INFO - [0m06:58:44
[2026-07-04T06:58:44.667+0000] {subprocess.py:93} INFO - [0m06:58:44  Done. PASS=0 WARN=0 ERROR=4 SKIP=1 NO-OP=0 TOTAL=5
[2026-07-04T07:05:22.485+0000] {subprocess.py:97} INFO - Command exited with return code 1
[2026-07-04T07:05:22.490+0000] {taskinstance.py:441} INFO - ::group::Post task execution logs
[2026-07-04T07:05:22.517+0000] {taskinstance.py:2905} ERROR - Task failed with exception
Traceback (most recent call last):
  File "/home/airflow/.local/lib/python3.12/site-packages/airflow/models/taskinstance.py", line 465, in _execute_task
    result = _execute_callable(context=context, **execute_callable_kwargs)
             ^^^^^^^^^^^^^^^^^^^^^^^^^^^^^^^^^^^^^^^^^^^^^^^^^^^^^^^^^^^^^
  File "/home/airflow/.local/lib/python3.12/site-packages/airflow/models/taskinstance.py", line 432, in _execute_callable
    return execute_callable(context=context, **execute_callable_kwargs)
           ^^^^^^^^^^^^^^^^^^^^^^^^^^^^^^^^^^^^^^^^^^^^^^^^^^^^^^^^^^^^
  File "/home/airflow/.local/lib/python3.12/site-packages/airflow/models/baseoperator.py", line 400, in wrapper
    return func(self, *args, **kwargs)
           ^^^^^^^^^^^^^^^^^^^^^^^^^^^
  File "/home/airflow/.local/lib/python3.12/site-packages/airflow/operators/bash.py", line 243, in execute
    raise AirflowException(
airflow.exceptions.AirflowException: Bash command failed. The command returned a non-zero exit code 1.
[2026-07-04T07:05:22.528+0000] {taskinstance.py:1206} INFO - Marking task as UP_FOR_RETRY. dag_id=gold_dbt_dag, task_id=trigger_dbt_build, run_id=dataset_triggered__2026-07-04T02:49:29.046633+00:00, execution_date=20260704T024929, start_date=20260704T024930, end_date=20260704T070522
[2026-07-04T07:05:22.555+0000] {standard_task_runner.py:110} ERROR - Failed to execute job 467 for task trigger_dbt_build (Bash command failed. The command returned a non-zero exit code 1.; 30168)
[2026-07-04T07:05:22.599+0000] {local_task_job_runner.py:240} INFO - Task exited with return code 1
[2026-07-04T07:05:22.622+0000] {taskinstance.py:3498} INFO - 0 downstream tasks scheduled from follow-on schedule check
[2026-07-04T07:05:22.623+0000] {local_task_job_runner.py:222} INFO - ::endgroup::
