[2026-07-04T07:13:32.282+0000] {local_task_job_runner.py:120} INFO - ::group::Pre task execution logs
[2026-07-04T07:13:32.304+0000] {taskinstance.py:2076} INFO - Dependencies all met for dep_context=non-requeueable deps ti=<TaskInstance: gold_dbt_dag.trigger_dbt_build dataset_triggered__2026-07-04T02:49:29.046633+00:00 [queued]>
[2026-07-04T07:13:32.307+0000] {taskinstance.py:2076} INFO - Dependencies all met for dep_context=requeueable deps ti=<TaskInstance: gold_dbt_dag.trigger_dbt_build dataset_triggered__2026-07-04T02:49:29.046633+00:00 [queued]>
[2026-07-04T07:13:32.308+0000] {taskinstance.py:2306} INFO - Starting attempt 2 of 2
[2026-07-04T07:13:32.312+0000] {taskinstance.py:2330} INFO - Executing <Task(BashOperator): trigger_dbt_build> on 2026-07-04 02:49:29.046633+00:00
[2026-07-04T07:13:32.316+0000] {logging_mixin.py:188} WARNING - /home/***/.local/lib/python3.12/site-packages/***/task/task_runner/standard_task_runner.py:61 DeprecationWarning: This process (pid=32947) is multi-threaded, use of fork() may lead to deadlocks in the child.
[2026-07-04T07:13:32.316+0000] {standard_task_runner.py:90} INFO - Running: ['***', 'tasks', 'run', 'gold_dbt_dag', 'trigger_dbt_build', 'dataset_triggered__2026-07-04T02:49:29.046633+00:00', '--job-id', '500', '--raw', '--subdir', 'DAGS_FOLDER/dag_gold_dbt.py', '--cfg-path', '/tmp/tmpzjejs0nm']
[2026-07-04T07:13:32.317+0000] {standard_task_runner.py:63} INFO - Started process 32951 to run task
[2026-07-04T07:13:32.317+0000] {standard_task_runner.py:91} INFO - Job 500: Subtask trigger_dbt_build
[2026-07-04T07:13:32.336+0000] {task_command.py:426} INFO - Running <TaskInstance: gold_dbt_dag.trigger_dbt_build dataset_triggered__2026-07-04T02:49:29.046633+00:00 [running]> on host bd23e89d97be
[2026-07-04T07:13:32.372+0000] {taskinstance.py:2648} INFO - Exporting env vars: AIRFLOW_CTX_DAG_OWNER='data_engineer' AIRFLOW_CTX_DAG_ID='gold_dbt_dag' AIRFLOW_CTX_TASK_ID='trigger_dbt_build' AIRFLOW_CTX_EXECUTION_DATE='2026-07-04T02:49:29.046633+00:00' AIRFLOW_CTX_TRY_NUMBER='2' AIRFLOW_CTX_DAG_RUN_ID='dataset_triggered__2026-07-04T02:49:29.046633+00:00'
[2026-07-04T07:13:32.372+0000] {taskinstance.py:430} INFO - ::endgroup::
[2026-07-04T07:13:32.379+0000] {subprocess.py:63} INFO - Tmp dir root location: /tmp
[2026-07-04T07:13:32.380+0000] {subprocess.py:75} INFO - Running command: ['/usr/bin/bash', '-c', 'cd /opt/***/dbt && dbt build --profiles-dir . --target dev']
[2026-07-04T07:13:32.384+0000] {subprocess.py:86} INFO - Output:
[2026-07-04T07:13:34.073+0000] {subprocess.py:93} INFO - [0m07:13:34  Running with dbt=1.11.11
[2026-07-04T07:13:34.991+0000] {subprocess.py:93} INFO - [0m07:13:34  Registered adapter: bigquery=1.11.3
[2026-07-04T07:13:35.319+0000] {subprocess.py:93} INFO - [0m07:13:35  Found 5 models, 4 sources, 553 macros
[2026-07-04T07:13:35.321+0000] {subprocess.py:93} INFO - [0m07:13:35
[2026-07-04T07:13:35.321+0000] {subprocess.py:93} INFO - [0m07:13:35  Concurrency: 4 threads (target='dev')
[2026-07-04T07:13:35.321+0000] {subprocess.py:93} INFO - [0m07:13:35
[2026-07-04T07:13:36.870+0000] {subprocess.py:93} INFO - [0m07:13:36  1 of 5 START sql table model logistics_mart.dim_drivers ........................ [RUN]
[2026-07-04T07:13:36.871+0000] {subprocess.py:93} INFO - [0m07:13:36  2 of 5 START sql table model logistics_mart.dim_hubs ........................... [RUN]
[2026-07-04T07:13:36.872+0000] {subprocess.py:93} INFO - [0m07:13:36  3 of 5 START sql view model logistics_mart.stg_shipments ....................... [RUN]
[2026-07-04T07:13:36.872+0000] {subprocess.py:93} INFO - [0m07:13:36  4 of 5 START sql view model logistics_mart.stg_weather ......................... [RUN]
[2026-07-04T07:13:38.865+0000] {subprocess.py:93} INFO - [0m07:13:38  3 of 5 OK created sql view model logistics_mart.stg_shipments .................. [[32mCREATE VIEW (0 processed)[0m in 1.99s]
[2026-07-04T07:13:38.878+0000] {subprocess.py:93} INFO - [0m07:13:38  4 of 5 OK created sql view model logistics_mart.stg_weather .................... [[32mCREATE VIEW (0 processed)[0m in 2.00s]
[2026-07-04T07:13:40.544+0000] {subprocess.py:93} INFO - [0m07:13:40  1 of 5 OK created sql table model logistics_mart.dim_drivers ................... [[32mCREATE TABLE (3.0 rows, 108.0 Bytes processed)[0m in 3.67s]
[2026-07-04T07:13:40.550+0000] {subprocess.py:93} INFO - [0m07:13:40  2 of 5 OK created sql table model logistics_mart.dim_hubs ...................... [[32mCREATE TABLE (3.0 rows, 149.0 Bytes processed)[0m in 3.67s]
[2026-07-04T07:13:40.552+0000] {subprocess.py:93} INFO - [0m07:13:40  5 of 5 START sql table model logistics_mart.fact_shipment_weather .............. [RUN]
[2026-07-04T07:13:44.257+0000] {subprocess.py:93} INFO - [0m07:13:44  5 of 5 OK created sql table model logistics_mart.fact_shipment_weather ......... [[32mCREATE TABLE (568.0 rows, 36.3 KiB processed)[0m in 3.70s]
[2026-07-04T07:13:44.303+0000] {subprocess.py:93} INFO - [0m07:13:44
[2026-07-04T07:13:44.303+0000] {subprocess.py:93} INFO - [0m07:13:44  Finished running 3 table models, 2 view models in 0 hours 0 minutes and 8.98 seconds (8.98s).
[2026-07-04T07:13:44.342+0000] {subprocess.py:93} INFO - [0m07:13:44
[2026-07-04T07:13:44.343+0000] {subprocess.py:93} INFO - [0m07:13:44  [32mCompleted successfully[0m
[2026-07-04T07:13:44.343+0000] {subprocess.py:93} INFO - [0m07:13:44
[2026-07-04T07:13:44.343+0000] {subprocess.py:93} INFO - [0m07:13:44  Done. PASS=5 WARN=0 ERROR=0 SKIP=0 NO-OP=0 TOTAL=5
[2026-07-04T07:13:51.030+0000] {subprocess.py:97} INFO - Command exited with return code 0
[2026-07-04T07:13:51.034+0000] {taskinstance.py:441} INFO - ::group::Post task execution logs
[2026-07-04T07:13:51.066+0000] {taskinstance.py:1206} INFO - Marking task as SUCCESS. dag_id=gold_dbt_dag, task_id=trigger_dbt_build, run_id=dataset_triggered__2026-07-04T02:49:29.046633+00:00, execution_date=20260704T024929, start_date=20260704T071332, end_date=20260704T071351
[2026-07-04T07:13:51.107+0000] {local_task_job_runner.py:240} INFO - Task exited with return code 0
[2026-07-04T07:13:51.117+0000] {taskinstance.py:3498} INFO - 0 downstream tasks scheduled from follow-on schedule check
[2026-07-04T07:13:51.118+0000] {local_task_job_runner.py:222} INFO - ::endgroup::
