[2026-07-07T21:04:19.756+0000] {local_task_job_runner.py:120} INFO - ::group::Pre task execution logs
[2026-07-07T21:04:19.770+0000] {taskinstance.py:2076} INFO - Dependencies all met for dep_context=non-requeueable deps ti=<TaskInstance: gold_dbt_dag.trigger_dbt_build dataset_triggered__2026-07-07T21:04:19.220822+00:00 [queued]>
[2026-07-07T21:04:19.773+0000] {taskinstance.py:2076} INFO - Dependencies all met for dep_context=requeueable deps ti=<TaskInstance: gold_dbt_dag.trigger_dbt_build dataset_triggered__2026-07-07T21:04:19.220822+00:00 [queued]>
[2026-07-07T21:04:19.773+0000] {taskinstance.py:2306} INFO - Starting attempt 1 of 2
[2026-07-07T21:04:19.778+0000] {taskinstance.py:2330} INFO - Executing <Task(BashOperator): trigger_dbt_build> on 2026-07-07 21:04:19.220822+00:00
[2026-07-07T21:04:19.781+0000] {standard_task_runner.py:90} INFO - Running: ['***', 'tasks', 'run', 'gold_dbt_dag', 'trigger_dbt_build', 'dataset_triggered__2026-07-07T21:04:19.220822+00:00', '--job-id', '1024', '--raw', '--subdir', 'DAGS_FOLDER/dag_gold_dbt.py', '--cfg-path', '/tmp/tmps0jwdkfw']
[2026-07-07T21:04:19.783+0000] {standard_task_runner.py:91} INFO - Job 1024: Subtask trigger_dbt_build
[2026-07-07T21:04:19.783+0000] {logging_mixin.py:188} WARNING - /home/***/.local/lib/python3.12/site-packages/***/task/task_runner/standard_task_runner.py:61 DeprecationWarning: This process (pid=76377) is multi-threaded, use of fork() may lead to deadlocks in the child.
[2026-07-07T21:04:19.784+0000] {standard_task_runner.py:63} INFO - Started process 76378 to run task
[2026-07-07T21:04:19.801+0000] {task_command.py:426} INFO - Running <TaskInstance: gold_dbt_dag.trigger_dbt_build dataset_triggered__2026-07-07T21:04:19.220822+00:00 [running]> on host bd23e89d97be
[2026-07-07T21:04:19.831+0000] {taskinstance.py:2648} INFO - Exporting env vars: AIRFLOW_CTX_DAG_OWNER='data_engineer' AIRFLOW_CTX_DAG_ID='gold_dbt_dag' AIRFLOW_CTX_TASK_ID='trigger_dbt_build' AIRFLOW_CTX_EXECUTION_DATE='2026-07-07T21:04:19.220822+00:00' AIRFLOW_CTX_TRY_NUMBER='1' AIRFLOW_CTX_DAG_RUN_ID='dataset_triggered__2026-07-07T21:04:19.220822+00:00'
[2026-07-07T21:04:19.832+0000] {taskinstance.py:430} INFO - ::endgroup::
[2026-07-07T21:04:19.852+0000] {subprocess.py:63} INFO - Tmp dir root location: /tmp
[2026-07-07T21:04:19.853+0000] {subprocess.py:75} INFO - Running command: ['/usr/bin/bash', '-c', 'cd /opt/***/dbt && dbt build --profiles-dir . --target dev']
[2026-07-07T21:04:19.856+0000] {subprocess.py:86} INFO - Output:
[2026-07-07T21:04:20.893+0000] {subprocess.py:93} INFO - [0m21:04:20  Running with dbt=1.11.11
[2026-07-07T21:04:21.372+0000] {subprocess.py:93} INFO - [0m21:04:21  Registered adapter: bigquery=1.11.3
[2026-07-07T21:04:21.581+0000] {subprocess.py:93} INFO - [0m21:04:21  Found 6 models, 4 sources, 553 macros
[2026-07-07T21:04:21.582+0000] {subprocess.py:93} INFO - [0m21:04:21
[2026-07-07T21:04:21.583+0000] {subprocess.py:93} INFO - [0m21:04:21  Concurrency: 4 threads (target='dev')
[2026-07-07T21:04:21.583+0000] {subprocess.py:93} INFO - [0m21:04:21
[2026-07-07T21:04:23.149+0000] {subprocess.py:93} INFO - [0m21:04:23  1 of 6 START sql table model logistics_mart.dim_drivers ........................ [RUN]
[2026-07-07T21:04:23.150+0000] {subprocess.py:93} INFO - [0m21:04:23  2 of 6 START sql table model logistics_mart.dim_hubs ........................... [RUN]
[2026-07-07T21:04:23.150+0000] {subprocess.py:93} INFO - [0m21:04:23  3 of 6 START sql view model logistics_mart.stg_shipments ....................... [RUN]
[2026-07-07T21:04:23.151+0000] {subprocess.py:93} INFO - [0m21:04:23  4 of 6 START sql view model logistics_mart.stg_weather ......................... [RUN]
[2026-07-07T21:04:25.056+0000] {subprocess.py:93} INFO - [0m21:04:25  3 of 6 OK created sql view model logistics_mart.stg_shipments .................. [[32mCREATE VIEW (0 processed)[0m in 1.90s]
[2026-07-07T21:04:25.057+0000] {subprocess.py:93} INFO - [0m21:04:25  4 of 6 OK created sql view model logistics_mart.stg_weather .................... [[32mCREATE VIEW (0 processed)[0m in 1.90s]
[2026-07-07T21:04:25.059+0000] {subprocess.py:93} INFO - [0m21:04:25  5 of 6 START sql view model logistics_mart.stg_weather_consensus ............... [RUN]
[2026-07-07T21:04:26.433+0000] {subprocess.py:93} INFO - [0m21:04:26  BigQuery adapter: https://console.cloud.google.com/bigquery?project=logistics-500519&j=bq:US:82cf4c5a-bbb5-4fb7-a833-69f95b74c8ce&page=queryresults
[2026-07-07T21:04:26.446+0000] {subprocess.py:93} INFO - [0m21:04:26  5 of 6 ERROR creating sql view model logistics_mart.stg_weather_consensus ...... [[31mERROR[0m in 1.38s]
[2026-07-07T21:04:26.826+0000] {subprocess.py:93} INFO - [0m21:04:26  1 of 6 OK created sql table model logistics_mart.dim_drivers ................... [[32mCREATE TABLE (3.0 rows, 108.0 Bytes processed)[0m in 3.67s]
[2026-07-07T21:04:26.893+0000] {subprocess.py:93} INFO - [0m21:04:26  2 of 6 OK created sql table model logistics_mart.dim_hubs ...................... [[32mCREATE TABLE (3.0 rows, 149.0 Bytes processed)[0m in 3.74s]
[2026-07-07T21:04:26.899+0000] {subprocess.py:93} INFO - [0m21:04:26  6 of 6 START sql table model logistics_mart.fact_shipment_weather .............. [RUN]
[2026-07-07T21:04:30.935+0000] {subprocess.py:93} INFO - [0m21:04:30  6 of 6 OK created sql table model logistics_mart.fact_shipment_weather ......... [[32mCREATE TABLE (1.2k rows, 77.8 KiB processed)[0m in 4.03s]
[2026-07-07T21:04:30.990+0000] {subprocess.py:93} INFO - [0m21:04:30
[2026-07-07T21:04:30.991+0000] {subprocess.py:93} INFO - [0m21:04:30  Finished running 3 table models, 3 view models in 0 hours 0 minutes and 9.41 seconds (9.41s).
[2026-07-07T21:04:31.020+0000] {subprocess.py:93} INFO - [0m21:04:31
[2026-07-07T21:04:31.020+0000] {subprocess.py:93} INFO - [0m21:04:31  [31mCompleted with 1 error, 0 partial successes, and 0 warnings:[0m
[2026-07-07T21:04:31.021+0000] {subprocess.py:93} INFO - [0m21:04:31
[2026-07-07T21:04:31.021+0000] {subprocess.py:93} INFO - [0m21:04:31  [31mFailure in model stg_weather_consensus (models/staging/stg_weather_consensus.sql)[0m
[2026-07-07T21:04:31.021+0000] {subprocess.py:93} INFO - [0m21:04:31    Database Error in model stg_weather_consensus (models/staging/stg_weather_consensus.sql)
[2026-07-07T21:04:31.022+0000] {subprocess.py:93} INFO -   Unrecognized name: fetched_at at [11:11]
[2026-07-07T21:04:31.022+0000] {subprocess.py:93} INFO -   compiled code at target/run/logistics_lakehouse/models/staging/stg_weather_consensus.sql
[2026-07-07T21:04:31.022+0000] {subprocess.py:93} INFO - [0m21:04:31
[2026-07-07T21:04:31.022+0000] {subprocess.py:93} INFO - [0m21:04:31    compiled code at target/compiled/logistics_lakehouse/models/staging/stg_weather_consensus.sql
[2026-07-07T21:04:31.023+0000] {subprocess.py:93} INFO - [0m21:04:31
[2026-07-07T21:04:31.023+0000] {subprocess.py:93} INFO - [0m21:04:31  Done. PASS=5 WARN=0 ERROR=1 SKIP=0 NO-OP=0 TOTAL=6
[2026-07-07T21:04:32.651+0000] {subprocess.py:97} INFO - Command exited with return code 1
[2026-07-07T21:04:32.651+0000] {taskinstance.py:441} INFO - ::group::Post task execution logs
[2026-07-07T21:04:32.669+0000] {taskinstance.py:2905} ERROR - Task failed with exception
Traceback (most recent call last):
  File "/home/airflow/.local/lib/python3.12/site-packages/airflow/models/taskinstance.py", line 465, in _execute_task
    result = _execute_callable(context=context, **execute_callable_kwargs)
             ^^^^^^^^^^^^^^^^^^^^^^^^^^^^^^^^^^^^^^^^^^^^^^^^^^^^^^^^^^^^^
  File "/home/airflow/.local/lib/python3.12/site-packages/airflow/models/taskinstance.py", line 432, in _execute_callable
    return execute_callable(context=context, **execute_callable_kwargs)
           ^^^^^^^^^^^^^^^^^^^^^^^^^^^^^^^^^^^^^^^^^^^^^^^^^^^^^^^^^^^^
  File "/home/airflow/.local/lib/python3.12/site-packages/airflow/models/baseoperator.py", line 400, in wrapper
    return func(self, *args, **kwargs)
           ^^^^^^^^^^^^^^^^^^^^^^^^^^^
  File "/home/airflow/.local/lib/python3.12/site-packages/airflow/operators/bash.py", line 243, in execute
    raise AirflowException(
airflow.exceptions.AirflowException: Bash command failed. The command returned a non-zero exit code 1.
[2026-07-07T21:04:32.671+0000] {taskinstance.py:1206} INFO - Marking task as UP_FOR_RETRY. dag_id=gold_dbt_dag, task_id=trigger_dbt_build, run_id=dataset_triggered__2026-07-07T21:04:19.220822+00:00, execution_date=20260707T210419, start_date=20260707T210419, end_date=20260707T210432
[2026-07-07T21:04:32.677+0000] {standard_task_runner.py:110} ERROR - Failed to execute job 1024 for task trigger_dbt_build (Bash command failed. The command returned a non-zero exit code 1.; 76378)
[2026-07-07T21:04:32.712+0000] {local_task_job_runner.py:240} INFO - Task exited with return code 1
[2026-07-07T21:04:32.721+0000] {taskinstance.py:3498} INFO - 0 downstream tasks scheduled from follow-on schedule check
[2026-07-07T21:04:32.721+0000] {local_task_job_runner.py:222} INFO - ::endgroup::
