[2026-07-01T03:00:01.165+0000] {local_task_job_runner.py:120} INFO - ::group::Pre task execution logs
[2026-07-01T03:00:01.196+0000] {taskinstance.py:2076} INFO - Dependencies all met for dep_context=non-requeueable deps ti=<TaskInstance: dag_shipment_sim.generate_data scheduled__2026-07-01T02:00:00+00:00 [queued]>
[2026-07-01T03:00:01.202+0000] {taskinstance.py:2076} INFO - Dependencies all met for dep_context=requeueable deps ti=<TaskInstance: dag_shipment_sim.generate_data scheduled__2026-07-01T02:00:00+00:00 [queued]>
[2026-07-01T03:00:01.202+0000] {taskinstance.py:2306} INFO - Starting attempt 1 of 1
[2026-07-01T03:00:01.214+0000] {taskinstance.py:2330} INFO - Executing <Task(PythonOperator): generate_data> on 2026-07-01 02:00:00+00:00
[2026-07-01T03:00:01.222+0000] {standard_task_runner.py:90} INFO - Running: ['***', 'tasks', 'run', 'dag_shipment_sim', 'generate_data', 'scheduled__2026-07-01T02:00:00+00:00', '--job-id', '118', '--raw', '--subdir', 'DAGS_FOLDER/dag_shipment_sim.py', '--cfg-path', '/tmp/tmpfx4rd4h0']
[2026-07-01T03:00:01.224+0000] {standard_task_runner.py:91} INFO - Job 118: Subtask generate_data
[2026-07-01T03:00:01.225+0000] {logging_mixin.py:188} WARNING - /home/***/.local/lib/python3.12/site-packages/***/task/task_runner/standard_task_runner.py:61 DeprecationWarning: This process (pid=29312) is multi-threaded, use of fork() may lead to deadlocks in the child.
[2026-07-01T03:00:01.226+0000] {standard_task_runner.py:63} INFO - Started process 29315 to run task
[2026-07-01T03:00:01.255+0000] {task_command.py:426} INFO - Running <TaskInstance: dag_shipment_sim.generate_data scheduled__2026-07-01T02:00:00+00:00 [running]> on host c0dde85f51a2
[2026-07-01T03:00:01.323+0000] {taskinstance.py:2648} INFO - Exporting env vars: AIRFLOW_CTX_DAG_OWNER='***' AIRFLOW_CTX_DAG_ID='dag_shipment_sim' AIRFLOW_CTX_TASK_ID='generate_data' AIRFLOW_CTX_EXECUTION_DATE='2026-07-01T02:00:00+00:00' AIRFLOW_CTX_TRY_NUMBER='1' AIRFLOW_CTX_DAG_RUN_ID='scheduled__2026-07-01T02:00:00+00:00'
[2026-07-01T03:00:01.323+0000] {taskinstance.py:430} INFO - ::endgroup::
[2026-07-01T03:00:01.341+0000] {logging_mixin.py:188} INFO - Successfully generated and inserted 9 shipments using modular architecture.
[2026-07-01T03:00:01.341+0000] {python.py:237} INFO - Done. Returned value was: None
[2026-07-01T03:00:01.342+0000] {taskinstance.py:441} INFO - ::group::Post task execution logs
[2026-07-01T03:00:01.343+0000] {logging_mixin.py:188} WARNING - /home/***/.local/lib/python3.12/site-packages/***/models/baseoperator.py:1564 RemovedInAirflow3Warning: Passing 'execution_date' to 'TaskInstance.xcom_push()' is deprecated.
[2026-07-01T03:00:01.357+0000] {taskinstance.py:1206} INFO - Marking task as SUCCESS. dag_id=dag_shipment_sim, task_id=generate_data, run_id=scheduled__2026-07-01T02:00:00+00:00, execution_date=20260701T020000, start_date=20260701T030001, end_date=20260701T030001
[2026-07-01T03:00:01.407+0000] {local_task_job_runner.py:240} INFO - Task exited with return code 0
[2026-07-01T03:00:01.419+0000] {taskinstance.py:3498} INFO - 0 downstream tasks scheduled from follow-on schedule check
[2026-07-01T03:00:01.420+0000] {local_task_job_runner.py:222} INFO - ::endgroup::
[2026-07-01T03:10:37.114+0000] {local_task_job_runner.py:120} INFO - ::group::Pre task execution logs
[2026-07-01T03:10:37.134+0000] {taskinstance.py:2076} INFO - Dependencies all met for dep_context=non-requeueable deps ti=<TaskInstance: dag_shipment_sim.generate_data scheduled__2026-07-01T02:00:00+00:00 [queued]>
[2026-07-01T03:10:37.137+0000] {taskinstance.py:2076} INFO - Dependencies all met for dep_context=requeueable deps ti=<TaskInstance: dag_shipment_sim.generate_data scheduled__2026-07-01T02:00:00+00:00 [queued]>
[2026-07-01T03:10:37.137+0000] {taskinstance.py:2306} INFO - Starting attempt 1 of 1
[2026-07-01T03:10:37.142+0000] {taskinstance.py:2330} INFO - Executing <Task(PythonOperator): generate_data> on 2026-07-01 02:00:00+00:00
[2026-07-01T03:10:37.148+0000] {logging_mixin.py:188} WARNING - /home/***/.local/lib/python3.12/site-packages/***/task/task_runner/standard_task_runner.py:61 DeprecationWarning: This process (pid=241) is multi-threaded, use of fork() may lead to deadlocks in the child.
[2026-07-01T03:10:37.147+0000] {standard_task_runner.py:90} INFO - Running: ['***', 'tasks', 'run', 'dag_shipment_sim', 'generate_data', 'scheduled__2026-07-01T02:00:00+00:00', '--job-id', '2', '--raw', '--subdir', 'DAGS_FOLDER/dag_shipment_sim.py', '--cfg-path', '/tmp/tmppdk2g_2o']
[2026-07-01T03:10:37.149+0000] {standard_task_runner.py:91} INFO - Job 2: Subtask generate_data
[2026-07-01T03:10:37.149+0000] {standard_task_runner.py:63} INFO - Started process 242 to run task
[2026-07-01T03:10:37.180+0000] {task_command.py:426} INFO - Running <TaskInstance: dag_shipment_sim.generate_data scheduled__2026-07-01T02:00:00+00:00 [running]> on host 2acd144119ec
[2026-07-01T03:10:37.229+0000] {taskinstance.py:2648} INFO - Exporting env vars: AIRFLOW_CTX_DAG_OWNER='***' AIRFLOW_CTX_DAG_ID='dag_shipment_sim' AIRFLOW_CTX_TASK_ID='generate_data' AIRFLOW_CTX_EXECUTION_DATE='2026-07-01T02:00:00+00:00' AIRFLOW_CTX_TRY_NUMBER='1' AIRFLOW_CTX_DAG_RUN_ID='scheduled__2026-07-01T02:00:00+00:00'
[2026-07-01T03:10:37.229+0000] {taskinstance.py:430} INFO - ::endgroup::
[2026-07-01T03:10:37.256+0000] {logging_mixin.py:188} INFO - Successfully generated and inserted 10 shipments using modular architecture.
[2026-07-01T03:10:37.256+0000] {python.py:237} INFO - Done. Returned value was: None
[2026-07-01T03:10:37.256+0000] {taskinstance.py:441} INFO - ::group::Post task execution logs
[2026-07-01T03:10:37.258+0000] {logging_mixin.py:188} WARNING - /home/***/.local/lib/python3.12/site-packages/***/models/baseoperator.py:1564 RemovedInAirflow3Warning: Passing 'execution_date' to 'TaskInstance.xcom_push()' is deprecated.
[2026-07-01T03:10:37.267+0000] {taskinstance.py:1206} INFO - Marking task as SUCCESS. dag_id=dag_shipment_sim, task_id=generate_data, run_id=scheduled__2026-07-01T02:00:00+00:00, execution_date=20260701T020000, start_date=20260701T031037, end_date=20260701T031037
[2026-07-01T03:10:37.290+0000] {local_task_job_runner.py:240} INFO - Task exited with return code 0
[2026-07-01T03:10:37.297+0000] {taskinstance.py:3498} INFO - 0 downstream tasks scheduled from follow-on schedule check
[2026-07-01T03:10:37.297+0000] {local_task_job_runner.py:222} INFO - ::endgroup::
[2026-07-01T03:47:04.212+0000] {local_task_job_runner.py:120} INFO - ::group::Pre task execution logs
[2026-07-01T03:47:04.243+0000] {taskinstance.py:2076} INFO - Dependencies all met for dep_context=non-requeueable deps ti=<TaskInstance: dag_shipment_sim.generate_data scheduled__2026-07-01T02:00:00+00:00 [queued]>
[2026-07-01T03:47:04.247+0000] {taskinstance.py:2076} INFO - Dependencies all met for dep_context=requeueable deps ti=<TaskInstance: dag_shipment_sim.generate_data scheduled__2026-07-01T02:00:00+00:00 [queued]>
[2026-07-01T03:47:04.247+0000] {taskinstance.py:2306} INFO - Starting attempt 1 of 1
[2026-07-01T03:47:04.252+0000] {taskinstance.py:2330} INFO - Executing <Task(PythonOperator): generate_data> on 2026-07-01 02:00:00+00:00
[2026-07-01T03:47:04.258+0000] {standard_task_runner.py:90} INFO - Running: ['***', 'tasks', 'run', 'dag_shipment_sim', 'generate_data', 'scheduled__2026-07-01T02:00:00+00:00', '--job-id', '2', '--raw', '--subdir', 'DAGS_FOLDER/dag_shipment_sim.py', '--cfg-path', '/tmp/tmptw87lgk7']
[2026-07-01T03:47:04.262+0000] {standard_task_runner.py:91} INFO - Job 2: Subtask generate_data
[2026-07-01T03:47:04.264+0000] {logging_mixin.py:188} WARNING - /home/***/.local/lib/python3.12/site-packages/***/task/task_runner/standard_task_runner.py:61 DeprecationWarning: This process (pid=245) is multi-threaded, use of fork() may lead to deadlocks in the child.
[2026-07-01T03:47:04.266+0000] {standard_task_runner.py:63} INFO - Started process 246 to run task
[2026-07-01T03:47:04.312+0000] {task_command.py:426} INFO - Running <TaskInstance: dag_shipment_sim.generate_data scheduled__2026-07-01T02:00:00+00:00 [running]> on host bd23e89d97be
[2026-07-01T03:47:04.363+0000] {taskinstance.py:2648} INFO - Exporting env vars: AIRFLOW_CTX_DAG_OWNER='***' AIRFLOW_CTX_DAG_ID='dag_shipment_sim' AIRFLOW_CTX_TASK_ID='generate_data' AIRFLOW_CTX_EXECUTION_DATE='2026-07-01T02:00:00+00:00' AIRFLOW_CTX_TRY_NUMBER='1' AIRFLOW_CTX_DAG_RUN_ID='scheduled__2026-07-01T02:00:00+00:00'
[2026-07-01T03:47:04.364+0000] {taskinstance.py:430} INFO - ::endgroup::
[2026-07-01T03:47:04.412+0000] {logging_mixin.py:188} INFO - Successfully generated and inserted 7 shipments using modular architecture.
[2026-07-01T03:47:04.412+0000] {python.py:237} INFO - Done. Returned value was: None
[2026-07-01T03:47:04.412+0000] {taskinstance.py:441} INFO - ::group::Post task execution logs
[2026-07-01T03:47:04.415+0000] {logging_mixin.py:188} WARNING - /home/***/.local/lib/python3.12/site-packages/***/models/baseoperator.py:1564 RemovedInAirflow3Warning: Passing 'execution_date' to 'TaskInstance.xcom_push()' is deprecated.
[2026-07-01T03:47:04.427+0000] {taskinstance.py:1206} INFO - Marking task as SUCCESS. dag_id=dag_shipment_sim, task_id=generate_data, run_id=scheduled__2026-07-01T02:00:00+00:00, execution_date=20260701T020000, start_date=20260701T034704, end_date=20260701T034704
[2026-07-01T03:47:04.448+0000] {local_task_job_runner.py:240} INFO - Task exited with return code 0
[2026-07-01T03:47:04.455+0000] {taskinstance.py:3498} INFO - 0 downstream tasks scheduled from follow-on schedule check
[2026-07-01T03:47:04.456+0000] {local_task_job_runner.py:222} INFO - ::endgroup::
