[2026-06-29T04:00:01.155+0000] {local_task_job_runner.py:120} INFO - ::group::Pre task execution logs
[2026-06-29T04:00:01.178+0000] {taskinstance.py:2076} INFO - Dependencies all met for dep_context=non-requeueable deps ti=<TaskInstance: dag_shipment_sim.generate_data scheduled__2026-06-29T03:00:00+00:00 [queued]>
[2026-06-29T04:00:01.182+0000] {taskinstance.py:2076} INFO - Dependencies all met for dep_context=requeueable deps ti=<TaskInstance: dag_shipment_sim.generate_data scheduled__2026-06-29T03:00:00+00:00 [queued]>
[2026-06-29T04:00:01.182+0000] {taskinstance.py:2306} INFO - Starting attempt 1 of 1
[2026-06-29T04:00:01.190+0000] {taskinstance.py:2330} INFO - Executing <Task(PythonOperator): generate_data> on 2026-06-29 03:00:00+00:00
[2026-06-29T04:00:01.195+0000] {standard_task_runner.py:90} INFO - Running: ['***', 'tasks', 'run', 'dag_shipment_sim', 'generate_data', 'scheduled__2026-06-29T03:00:00+00:00', '--job-id', '7', '--raw', '--subdir', 'DAGS_FOLDER/dag_shipment_sim.py', '--cfg-path', '/tmp/tmpevggn_bi']
[2026-06-29T04:00:01.197+0000] {standard_task_runner.py:91} INFO - Job 7: Subtask generate_data
[2026-06-29T04:00:01.197+0000] {logging_mixin.py:188} WARNING - /home/***/.local/lib/python3.12/site-packages/***/task/task_runner/standard_task_runner.py:61 DeprecationWarning: This process (pid=1397) is multi-threaded, use of fork() may lead to deadlocks in the child.
[2026-06-29T04:00:01.198+0000] {standard_task_runner.py:63} INFO - Started process 1398 to run task
[2026-06-29T04:00:01.225+0000] {task_command.py:426} INFO - Running <TaskInstance: dag_shipment_sim.generate_data scheduled__2026-06-29T03:00:00+00:00 [running]> on host 3fb47717e929
[2026-06-29T04:00:01.268+0000] {taskinstance.py:2648} INFO - Exporting env vars: AIRFLOW_CTX_DAG_OWNER='***' AIRFLOW_CTX_DAG_ID='dag_shipment_sim' AIRFLOW_CTX_TASK_ID='generate_data' AIRFLOW_CTX_EXECUTION_DATE='2026-06-29T03:00:00+00:00' AIRFLOW_CTX_TRY_NUMBER='1' AIRFLOW_CTX_DAG_RUN_ID='scheduled__2026-06-29T03:00:00+00:00'
[2026-06-29T04:00:01.269+0000] {taskinstance.py:430} INFO - ::endgroup::
[2026-06-29T04:00:01.340+0000] {taskinstance.py:441} INFO - ::group::Post task execution logs
[2026-06-29T04:00:01.341+0000] {taskinstance.py:2905} ERROR - Task failed with exception
Traceback (most recent call last):
  File "/home/airflow/.local/lib/python3.12/site-packages/airflow/models/taskinstance.py", line 465, in _execute_task
    result = _execute_callable(context=context, **execute_callable_kwargs)
             ^^^^^^^^^^^^^^^^^^^^^^^^^^^^^^^^^^^^^^^^^^^^^^^^^^^^^^^^^^^^^
  File "/home/airflow/.local/lib/python3.12/site-packages/airflow/models/taskinstance.py", line 432, in _execute_callable
    return execute_callable(context=context, **execute_callable_kwargs)
           ^^^^^^^^^^^^^^^^^^^^^^^^^^^^^^^^^^^^^^^^^^^^^^^^^^^^^^^^^^^^
  File "/home/airflow/.local/lib/python3.12/site-packages/airflow/models/baseoperator.py", line 400, in wrapper
    return func(self, *args, **kwargs)
           ^^^^^^^^^^^^^^^^^^^^^^^^^^^
  File "/home/airflow/.local/lib/python3.12/site-packages/airflow/operators/python.py", line 235, in execute
    return_value = self.execute_callable()
                   ^^^^^^^^^^^^^^^^^^^^^^^
  File "/home/airflow/.local/lib/python3.12/site-packages/airflow/operators/python.py", line 252, in execute_callable
    return self.python_callable(*self.op_args, **self.op_kwargs)
           ^^^^^^^^^^^^^^^^^^^^^^^^^^^^^^^^^^^^^^^^^^^^^^^^^^^^^
  File "/opt/airflow/dags/dag_shipment_sim.py", line 10, in generate_fake_data
    conn = psycopg2.connect(
           ^^^^^^^^^^^^^^^^^
  File "/home/airflow/.local/lib/python3.12/site-packages/psycopg2/__init__.py", line 122, in connect
    conn = _connect(dsn, connection_factory=connection_factory, **kwasync)
           ^^^^^^^^^^^^^^^^^^^^^^^^^^^^^^^^^^^^^^^^^^^^^^^^^^^^^^^^^^^^^^^
psycopg2.OperationalError: could not translate host name "db" to address: Name or service not known

[2026-06-29T04:00:01.349+0000] {taskinstance.py:1206} INFO - Marking task as FAILED. dag_id=dag_shipment_sim, task_id=generate_data, run_id=scheduled__2026-06-29T03:00:00+00:00, execution_date=20260629T030000, start_date=20260629T040001, end_date=20260629T040001
[2026-06-29T04:00:01.354+0000] {standard_task_runner.py:110} ERROR - Failed to execute job 7 for task generate_data (could not translate host name "db" to address: Name or service not known
; 1398)
[2026-06-29T04:00:01.385+0000] {local_task_job_runner.py:240} INFO - Task exited with return code 1
[2026-06-29T04:00:01.394+0000] {taskinstance.py:3498} INFO - 0 downstream tasks scheduled from follow-on schedule check
[2026-06-29T04:00:01.395+0000] {local_task_job_runner.py:222} INFO - ::endgroup::
[2026-06-29T04:07:20.098+0000] {local_task_job_runner.py:120} INFO - ::group::Pre task execution logs
[2026-06-29T04:07:20.123+0000] {taskinstance.py:2076} INFO - Dependencies all met for dep_context=non-requeueable deps ti=<TaskInstance: dag_shipment_sim.generate_data scheduled__2026-06-29T03:00:00+00:00 [queued]>
[2026-06-29T04:07:20.127+0000] {taskinstance.py:2076} INFO - Dependencies all met for dep_context=requeueable deps ti=<TaskInstance: dag_shipment_sim.generate_data scheduled__2026-06-29T03:00:00+00:00 [queued]>
[2026-06-29T04:07:20.127+0000] {taskinstance.py:2306} INFO - Starting attempt 1 of 1
[2026-06-29T04:07:20.133+0000] {taskinstance.py:2330} INFO - Executing <Task(PythonOperator): generate_data> on 2026-06-29 03:00:00+00:00
[2026-06-29T04:07:20.137+0000] {standard_task_runner.py:90} INFO - Running: ['***', 'tasks', 'run', 'dag_shipment_sim', 'generate_data', 'scheduled__2026-06-29T03:00:00+00:00', '--job-id', '2', '--raw', '--subdir', 'DAGS_FOLDER/dag_shipment_sim.py', '--cfg-path', '/tmp/tmpxvz_mpfw']
[2026-06-29T04:07:20.139+0000] {standard_task_runner.py:91} INFO - Job 2: Subtask generate_data
[2026-06-29T04:07:20.139+0000] {logging_mixin.py:188} WARNING - /home/***/.local/lib/python3.12/site-packages/***/task/task_runner/standard_task_runner.py:61 DeprecationWarning: This process (pid=211) is multi-threaded, use of fork() may lead to deadlocks in the child.
[2026-06-29T04:07:20.141+0000] {standard_task_runner.py:63} INFO - Started process 212 to run task
[2026-06-29T04:07:20.174+0000] {task_command.py:426} INFO - Running <TaskInstance: dag_shipment_sim.generate_data scheduled__2026-06-29T03:00:00+00:00 [running]> on host ae627d26e698
[2026-06-29T04:07:20.226+0000] {taskinstance.py:2648} INFO - Exporting env vars: AIRFLOW_CTX_DAG_OWNER='***' AIRFLOW_CTX_DAG_ID='dag_shipment_sim' AIRFLOW_CTX_TASK_ID='generate_data' AIRFLOW_CTX_EXECUTION_DATE='2026-06-29T03:00:00+00:00' AIRFLOW_CTX_TRY_NUMBER='1' AIRFLOW_CTX_DAG_RUN_ID='scheduled__2026-06-29T03:00:00+00:00'
[2026-06-29T04:07:20.227+0000] {taskinstance.py:430} INFO - ::endgroup::
[2026-06-29T04:07:20.246+0000] {taskinstance.py:441} INFO - ::group::Post task execution logs
[2026-06-29T04:07:20.246+0000] {taskinstance.py:2905} ERROR - Task failed with exception
Traceback (most recent call last):
  File "/home/airflow/.local/lib/python3.12/site-packages/airflow/models/taskinstance.py", line 465, in _execute_task
    result = _execute_callable(context=context, **execute_callable_kwargs)
             ^^^^^^^^^^^^^^^^^^^^^^^^^^^^^^^^^^^^^^^^^^^^^^^^^^^^^^^^^^^^^
  File "/home/airflow/.local/lib/python3.12/site-packages/airflow/models/taskinstance.py", line 432, in _execute_callable
    return execute_callable(context=context, **execute_callable_kwargs)
           ^^^^^^^^^^^^^^^^^^^^^^^^^^^^^^^^^^^^^^^^^^^^^^^^^^^^^^^^^^^^
  File "/home/airflow/.local/lib/python3.12/site-packages/airflow/models/baseoperator.py", line 400, in wrapper
    return func(self, *args, **kwargs)
           ^^^^^^^^^^^^^^^^^^^^^^^^^^^
  File "/home/airflow/.local/lib/python3.12/site-packages/airflow/operators/python.py", line 235, in execute
    return_value = self.execute_callable()
                   ^^^^^^^^^^^^^^^^^^^^^^^
  File "/home/airflow/.local/lib/python3.12/site-packages/airflow/operators/python.py", line 252, in execute_callable
    return self.python_callable(*self.op_args, **self.op_kwargs)
           ^^^^^^^^^^^^^^^^^^^^^^^^^^^^^^^^^^^^^^^^^^^^^^^^^^^^^
  File "/opt/airflow/dags/dag_shipment_sim.py", line 10, in generate_fake_data
    conn = psycopg2.connect(
           ^^^^^^^^^^^^^^^^^
  File "/home/airflow/.local/lib/python3.12/site-packages/psycopg2/__init__.py", line 122, in connect
    conn = _connect(dsn, connection_factory=connection_factory, **kwasync)
           ^^^^^^^^^^^^^^^^^^^^^^^^^^^^^^^^^^^^^^^^^^^^^^^^^^^^^^^^^^^^^^^
psycopg2.OperationalError: connection to server at "postgres-***" (172.20.0.2), port 5432 failed: FATAL:  database "logistics_db" does not exist

[2026-06-29T04:07:20.251+0000] {taskinstance.py:1206} INFO - Marking task as FAILED. dag_id=dag_shipment_sim, task_id=generate_data, run_id=scheduled__2026-06-29T03:00:00+00:00, execution_date=20260629T030000, start_date=20260629T040720, end_date=20260629T040720
[2026-06-29T04:07:20.256+0000] {standard_task_runner.py:110} ERROR - Failed to execute job 2 for task generate_data (connection to server at "postgres-***" (172.20.0.2), port 5432 failed: FATAL:  database "logistics_db" does not exist
; 212)
[2026-06-29T04:07:20.281+0000] {local_task_job_runner.py:240} INFO - Task exited with return code 1
[2026-06-29T04:07:20.289+0000] {taskinstance.py:3498} INFO - 0 downstream tasks scheduled from follow-on schedule check
[2026-06-29T04:07:20.289+0000] {local_task_job_runner.py:222} INFO - ::endgroup::
