[2026-06-26T00:01:07.746+0000] {local_task_job_runner.py:120} INFO - ::group::Pre task execution logs
[2026-06-26T00:01:07.778+0000] {taskinstance.py:2076} INFO - Dependencies all met for dep_context=non-requeueable deps ti=<TaskInstance: dbt_gold_transformation.trigger_dbt_build scheduled__2026-06-25T00:00:00+00:00 [queued]>
[2026-06-26T00:01:07.787+0000] {taskinstance.py:2076} INFO - Dependencies all met for dep_context=requeueable deps ti=<TaskInstance: dbt_gold_transformation.trigger_dbt_build scheduled__2026-06-25T00:00:00+00:00 [queued]>
[2026-06-26T00:01:07.788+0000] {taskinstance.py:2306} INFO - Starting attempt 1 of 2
[2026-06-26T00:01:07.796+0000] {taskinstance.py:2330} INFO - Executing <Task(BashOperator): trigger_dbt_build> on 2026-06-25 00:00:00+00:00
[2026-06-26T00:01:07.807+0000] {standard_task_runner.py:90} INFO - Running: ['***', 'tasks', 'run', 'dbt_gold_transformation', 'trigger_dbt_build', 'scheduled__2026-06-25T00:00:00+00:00', '--job-id', '19', '--raw', '--subdir', 'DAGS_FOLDER/dag_gold_dbt.py', '--cfg-path', '/tmp/tmpvanhs3tw']
[2026-06-26T00:01:07.808+0000] {standard_task_runner.py:91} INFO - Job 19: Subtask trigger_dbt_build
[2026-06-26T00:01:07.810+0000] {logging_mixin.py:188} WARNING - /home/***/.local/lib/python3.12/site-packages/***/task/task_runner/standard_task_runner.py:61 DeprecationWarning: This process (pid=3595) is multi-threaded, use of fork() may lead to deadlocks in the child.
[2026-06-26T00:01:07.810+0000] {standard_task_runner.py:63} INFO - Started process 3612 to run task
[2026-06-26T00:01:07.835+0000] {task_command.py:426} INFO - Running <TaskInstance: dbt_gold_transformation.trigger_dbt_build scheduled__2026-06-25T00:00:00+00:00 [running]> on host 6a613ecd21c6
[2026-06-26T00:01:07.882+0000] {taskinstance.py:2648} INFO - Exporting env vars: AIRFLOW_CTX_DAG_OWNER='data_engineer' AIRFLOW_CTX_DAG_ID='dbt_gold_transformation' AIRFLOW_CTX_TASK_ID='trigger_dbt_build' AIRFLOW_CTX_EXECUTION_DATE='2026-06-25T00:00:00+00:00' AIRFLOW_CTX_TRY_NUMBER='1' AIRFLOW_CTX_DAG_RUN_ID='scheduled__2026-06-25T00:00:00+00:00'
[2026-06-26T00:01:07.882+0000] {taskinstance.py:430} INFO - ::endgroup::
[2026-06-26T00:01:07.891+0000] {subprocess.py:63} INFO - Tmp dir root location: /tmp
[2026-06-26T00:01:07.893+0000] {subprocess.py:75} INFO - Running command: ['/usr/bin/bash', '-c', 'cd /opt/***/dbt && dbt build --profiles-dir . --target dev']
[2026-06-26T00:01:07.900+0000] {subprocess.py:86} INFO - Output:
[2026-06-26T00:01:09.099+0000] {subprocess.py:93} INFO - [0m00:01:09  Running with dbt=1.11.11
[2026-06-26T00:01:09.822+0000] {subprocess.py:93} INFO - [0m00:01:09  Registered adapter: bigquery=1.11.3
[2026-06-26T00:01:09.916+0000] {subprocess.py:93} INFO - [0m00:01:09  Unable to do partial parsing because config vars, config profile, or config target have changed
[2026-06-26T00:01:10.568+0000] {subprocess.py:93} INFO - [0m00:01:10  Found 5 models, 4 seeds, 4 sources, 553 macros
[2026-06-26T00:01:10.570+0000] {subprocess.py:93} INFO - [0m00:01:10
[2026-06-26T00:01:10.570+0000] {subprocess.py:93} INFO - [0m00:01:10  Concurrency: 4 threads (target='dev')
[2026-06-26T00:01:10.570+0000] {subprocess.py:93} INFO - [0m00:01:10
[2026-06-26T00:01:12.238+0000] {subprocess.py:93} INFO - [0m00:01:12  1 of 9 START seed file logistics_mart.drivers .................................. [RUN]
[2026-06-26T00:01:12.239+0000] {subprocess.py:93} INFO - [0m00:01:12  2 of 9 START seed file logistics_mart.hubs ..................................... [RUN]
[2026-06-26T00:01:12.239+0000] {subprocess.py:93} INFO - [0m00:01:12  3 of 9 START seed file logistics_mart.shipments ................................ [RUN]
[2026-06-26T00:01:12.239+0000] {subprocess.py:93} INFO - [0m00:01:12  4 of 9 START seed file logistics_mart.weather_api_raw .......................... [RUN]
[2026-06-26T00:01:19.510+0000] {subprocess.py:93} INFO - [0m00:01:19  3 of 9 OK loaded seed file logistics_mart.shipments ............................ [[32mINSERT 3[0m in 7.27s]
[2026-06-26T00:01:19.519+0000] {subprocess.py:93} INFO - [0m00:01:19  5 of 9 START sql view model logistics_mart.stg_shipments ....................... [RUN]
[2026-06-26T00:01:19.519+0000] {subprocess.py:93} INFO - [0m00:01:19  1 of 9 OK loaded seed file logistics_mart.drivers .............................. [[32mINSERT 3[0m in 7.28s]
[2026-06-26T00:01:19.525+0000] {subprocess.py:93} INFO - [0m00:01:19  6 of 9 START sql table model logistics_mart.dim_drivers ........................ [RUN]
[2026-06-26T00:01:20.554+0000] {subprocess.py:93} INFO - [0m00:01:20  4 of 9 OK loaded seed file logistics_mart.weather_api_raw ...................... [[32mINSERT 3[0m in 8.31s]
[2026-06-26T00:01:20.558+0000] {subprocess.py:93} INFO - [0m00:01:20  7 of 9 START sql view model logistics_mart.stg_weather ......................... [RUN]
[2026-06-26T00:01:21.057+0000] {subprocess.py:93} INFO - [0m00:01:21  2 of 9 OK loaded seed file logistics_mart.hubs ................................. [[32mINSERT 3[0m in 8.81s]
[2026-06-26T00:01:21.060+0000] {subprocess.py:93} INFO - [0m00:01:21  8 of 9 START sql table model logistics_mart.dim_hubs ........................... [RUN]
[2026-06-26T00:01:21.387+0000] {subprocess.py:93} INFO - [0m00:01:21  5 of 9 OK created sql view model logistics_mart.stg_shipments .................. [[32mCREATE VIEW (0 processed)[0m in 1.87s]
[2026-06-26T00:01:22.412+0000] {subprocess.py:93} INFO - [0m00:01:22  7 of 9 OK created sql view model logistics_mart.stg_weather .................... [[32mCREATE VIEW (0 processed)[0m in 1.85s]
[2026-06-26T00:01:24.554+0000] {subprocess.py:93} INFO - [0m00:01:24  6 of 9 OK created sql table model logistics_mart.dim_drivers ................... [[32mCREATE TABLE (3.0 rows, 108.0 Bytes processed)[0m in 5.03s]
[2026-06-26T00:01:24.963+0000] {subprocess.py:93} INFO - [0m00:01:24  8 of 9 OK created sql table model logistics_mart.dim_hubs ...................... [[32mCREATE TABLE (3.0 rows, 149.0 Bytes processed)[0m in 3.90s]
[2026-06-26T00:01:24.967+0000] {subprocess.py:93} INFO - [0m00:01:24  9 of 9 START sql table model logistics_mart.fact_shipment_weather .............. [RUN]
[2026-06-26T00:01:29.538+0000] {subprocess.py:93} INFO - [0m00:01:29  9 of 9 OK created sql table model logistics_mart.fact_shipment_weather ......... [[32mCREATE TABLE (3.0 rows, 423.0 Bytes processed)[0m in 4.57s]
[2026-06-26T00:01:29.588+0000] {subprocess.py:93} INFO - [0m00:01:29
[2026-06-26T00:01:29.588+0000] {subprocess.py:93} INFO - [0m00:01:29  Finished running 4 seeds, 3 table models, 2 view models in 0 hours 0 minutes and 19.02 seconds (19.02s).
[2026-06-26T00:01:29.622+0000] {subprocess.py:93} INFO - [0m00:01:29
[2026-06-26T00:01:29.622+0000] {subprocess.py:93} INFO - [0m00:01:29  [32mCompleted successfully[0m
[2026-06-26T00:01:29.622+0000] {subprocess.py:93} INFO - [0m00:01:29
[2026-06-26T00:01:29.623+0000] {subprocess.py:93} INFO - [0m00:01:29  Done. PASS=9 WARN=0 ERROR=0 SKIP=0 NO-OP=0 TOTAL=9
[2026-06-26T00:01:31.817+0000] {subprocess.py:97} INFO - Command exited with return code 0
[2026-06-26T00:01:31.819+0000] {taskinstance.py:441} INFO - ::group::Post task execution logs
[2026-06-26T00:01:31.843+0000] {taskinstance.py:1206} INFO - Marking task as SUCCESS. dag_id=dbt_gold_transformation, task_id=trigger_dbt_build, run_id=scheduled__2026-06-25T00:00:00+00:00, execution_date=20260625T000000, start_date=20260626T000107, end_date=20260626T000131
[2026-06-26T00:01:31.907+0000] {local_task_job_runner.py:240} INFO - Task exited with return code 0
[2026-06-26T00:01:31.927+0000] {taskinstance.py:3498} INFO - 0 downstream tasks scheduled from follow-on schedule check
[2026-06-26T00:01:31.927+0000] {local_task_job_runner.py:222} INFO - ::endgroup::
