[2026-07-02T01:59:03.825+0000] {local_task_job_runner.py:120} INFO - ::group::Pre task execution logs
[2026-07-02T01:59:03.855+0000] {taskinstance.py:2076} INFO - Dependencies all met for dep_context=non-requeueable deps ti=<TaskInstance: gold_dbt_dag.trigger_dbt_build dataset_triggered__2026-07-02T01:59:03.444561+00:00 [queued]>
[2026-07-02T01:59:03.859+0000] {taskinstance.py:2076} INFO - Dependencies all met for dep_context=requeueable deps ti=<TaskInstance: gold_dbt_dag.trigger_dbt_build dataset_triggered__2026-07-02T01:59:03.444561+00:00 [queued]>
[2026-07-02T01:59:03.859+0000] {taskinstance.py:2306} INFO - Starting attempt 1 of 2
[2026-07-02T01:59:03.866+0000] {taskinstance.py:2330} INFO - Executing <Task(BashOperator): trigger_dbt_build> on 2026-07-02 01:59:03.444561+00:00
[2026-07-02T01:59:03.872+0000] {logging_mixin.py:188} WARNING - /home/***/.local/lib/python3.12/site-packages/***/task/task_runner/standard_task_runner.py:61 DeprecationWarning: This process (pid=42579) is multi-threaded, use of fork() may lead to deadlocks in the child.
[2026-07-02T01:59:03.872+0000] {standard_task_runner.py:90} INFO - Running: ['***', 'tasks', 'run', 'gold_dbt_dag', 'trigger_dbt_build', 'dataset_triggered__2026-07-02T01:59:03.444561+00:00', '--job-id', '142', '--raw', '--subdir', 'DAGS_FOLDER/dag_gold_dbt.py', '--cfg-path', '/tmp/tmpwcv_7oh6']
[2026-07-02T01:59:03.873+0000] {standard_task_runner.py:63} INFO - Started process 42580 to run task
[2026-07-02T01:59:03.874+0000] {standard_task_runner.py:91} INFO - Job 142: Subtask trigger_dbt_build
[2026-07-02T01:59:03.910+0000] {task_command.py:426} INFO - Running <TaskInstance: gold_dbt_dag.trigger_dbt_build dataset_triggered__2026-07-02T01:59:03.444561+00:00 [running]> on host bd23e89d97be
[2026-07-02T01:59:03.955+0000] {taskinstance.py:2648} INFO - Exporting env vars: AIRFLOW_CTX_DAG_OWNER='data_engineer' AIRFLOW_CTX_DAG_ID='gold_dbt_dag' AIRFLOW_CTX_TASK_ID='trigger_dbt_build' AIRFLOW_CTX_EXECUTION_DATE='2026-07-02T01:59:03.444561+00:00' AIRFLOW_CTX_TRY_NUMBER='1' AIRFLOW_CTX_DAG_RUN_ID='dataset_triggered__2026-07-02T01:59:03.444561+00:00'
[2026-07-02T01:59:03.955+0000] {taskinstance.py:430} INFO - ::endgroup::
[2026-07-02T01:59:03.965+0000] {subprocess.py:63} INFO - Tmp dir root location: /tmp
[2026-07-02T01:59:03.967+0000] {subprocess.py:75} INFO - Running command: ['/usr/bin/bash', '-c', 'cd /opt/***/dbt && dbt build --profiles-dir . --target dev']
[2026-07-02T01:59:03.974+0000] {subprocess.py:86} INFO - Output:
[2026-07-02T01:59:05.664+0000] {subprocess.py:93} INFO - [0m01:59:05  Running with dbt=1.11.11
[2026-07-02T01:59:06.289+0000] {subprocess.py:93} INFO - [0m01:59:06  Registered adapter: bigquery=1.11.3
[2026-07-02T01:59:06.515+0000] {subprocess.py:93} INFO - [0m01:59:06  Found 5 models, 4 sources, 553 macros
[2026-07-02T01:59:06.516+0000] {subprocess.py:93} INFO - [0m01:59:06
[2026-07-02T01:59:06.516+0000] {subprocess.py:93} INFO - [0m01:59:06  Concurrency: 4 threads (target='dev')
[2026-07-02T01:59:06.516+0000] {subprocess.py:93} INFO - [0m01:59:06
[2026-07-02T01:59:09.353+0000] {subprocess.py:93} INFO - [0m01:59:09  1 of 5 START sql table model logistics_mart.dim_drivers ........................ [RUN]
[2026-07-02T01:59:09.354+0000] {subprocess.py:93} INFO - [0m01:59:09  2 of 5 START sql table model logistics_mart.dim_hubs ........................... [RUN]
[2026-07-02T01:59:09.355+0000] {subprocess.py:93} INFO - [0m01:59:09  3 of 5 START sql view model logistics_mart.stg_shipments ....................... [RUN]
[2026-07-02T01:59:09.355+0000] {subprocess.py:93} INFO - [0m01:59:09  4 of 5 START sql view model logistics_mart.stg_weather ......................... [RUN]
[2026-07-02T01:59:11.369+0000] {subprocess.py:93} INFO - [0m01:59:11  4 of 5 OK created sql view model logistics_mart.stg_weather .................... [[32mCREATE VIEW (0 processed)[0m in 2.01s]
[2026-07-02T01:59:11.372+0000] {subprocess.py:93} INFO - [0m01:59:11  3 of 5 OK created sql view model logistics_mart.stg_shipments .................. [[32mCREATE VIEW (0 processed)[0m in 2.01s]
[2026-07-02T01:59:12.902+0000] {subprocess.py:93} INFO - [0m01:59:12  2 of 5 OK created sql table model logistics_mart.dim_hubs ...................... [[32mCREATE TABLE (3.0 rows, 149.0 Bytes processed)[0m in 3.54s]
[2026-07-02T01:59:12.907+0000] {subprocess.py:93} INFO - [0m01:59:12  5 of 5 START sql table model logistics_mart.fact_shipment_weather .............. [RUN]
[2026-07-02T01:59:14.729+0000] {subprocess.py:93} INFO - [0m01:59:14  1 of 5 OK created sql table model logistics_mart.dim_drivers ................... [[32mCREATE TABLE (3.0 rows, 108.0 Bytes processed)[0m in 5.37s]
[2026-07-02T01:59:17.772+0000] {subprocess.py:93} INFO - [0m01:59:17  5 of 5 OK created sql table model logistics_mart.fact_shipment_weather ......... [[32mCREATE TABLE (160.0 rows, 10.4 KiB processed)[0m in 4.86s]
[2026-07-02T01:59:17.882+0000] {subprocess.py:93} INFO - [0m01:59:17
[2026-07-02T01:59:17.883+0000] {subprocess.py:93} INFO - [0m01:59:17  Finished running 3 table models, 2 view models in 0 hours 0 minutes and 11.36 seconds (11.36s).
[2026-07-02T01:59:17.991+0000] {subprocess.py:93} INFO - [0m01:59:17
[2026-07-02T01:59:17.993+0000] {subprocess.py:93} INFO - [0m01:59:17  [32mCompleted successfully[0m
[2026-07-02T01:59:17.993+0000] {subprocess.py:93} INFO - [0m01:59:17
[2026-07-02T01:59:17.995+0000] {subprocess.py:93} INFO - [0m01:59:17  Done. PASS=5 WARN=0 ERROR=0 SKIP=0 NO-OP=0 TOTAL=5
[2026-07-02T02:32:09.235+0000] {subprocess.py:97} INFO - Command exited with return code 0
[2026-07-02T02:32:09.241+0000] {taskinstance.py:441} INFO - ::group::Post task execution logs
[2026-07-02T02:32:09.292+0000] {taskinstance.py:1206} INFO - Marking task as SUCCESS. dag_id=gold_dbt_dag, task_id=trigger_dbt_build, run_id=dataset_triggered__2026-07-02T01:59:03.444561+00:00, execution_date=20260702T015903, start_date=20260702T015903, end_date=20260702T023209
[2026-07-02T02:32:09.343+0000] {local_task_job_runner.py:240} INFO - Task exited with return code 0
[2026-07-02T02:32:09.368+0000] {taskinstance.py:3498} INFO - 0 downstream tasks scheduled from follow-on schedule check
[2026-07-02T02:32:09.369+0000] {local_task_job_runner.py:222} INFO - ::endgroup::
