[2026-07-09T09:02:35.252+0000] {local_task_job_runner.py:120} INFO - ::group::Pre task execution logs
[2026-07-09T09:02:35.282+0000] {taskinstance.py:2076} INFO - Dependencies all met for dep_context=non-requeueable deps ti=<TaskInstance: gold_dbt_dag.trigger_dbt_build dataset_triggered__2026-07-09T09:00:17.779796+00:00 [queued]>
[2026-07-09T09:02:35.288+0000] {taskinstance.py:2076} INFO - Dependencies all met for dep_context=requeueable deps ti=<TaskInstance: gold_dbt_dag.trigger_dbt_build dataset_triggered__2026-07-09T09:00:17.779796+00:00 [queued]>
[2026-07-09T09:02:35.289+0000] {taskinstance.py:2306} INFO - Starting attempt 2 of 2
[2026-07-09T09:02:35.297+0000] {taskinstance.py:2330} INFO - Executing <Task(BashOperator): trigger_dbt_build> on 2026-07-09 09:00:17.779796+00:00
[2026-07-09T09:02:35.303+0000] {standard_task_runner.py:90} INFO - Running: ['***', 'tasks', 'run', 'gold_dbt_dag', 'trigger_dbt_build', 'dataset_triggered__2026-07-09T09:00:17.779796+00:00', '--job-id', '1276', '--raw', '--subdir', 'DAGS_FOLDER/dag_gold_dbt.py', '--cfg-path', '/tmp/tmpdl_u8fs_']
[2026-07-09T09:02:35.307+0000] {standard_task_runner.py:91} INFO - Job 1276: Subtask trigger_dbt_build
[2026-07-09T09:02:35.313+0000] {logging_mixin.py:188} WARNING - /home/***/.local/lib/python3.12/site-packages/***/task/task_runner/standard_task_runner.py:61 DeprecationWarning: This process (pid=62885) is multi-threaded, use of fork() may lead to deadlocks in the child.
[2026-07-09T09:02:35.313+0000] {standard_task_runner.py:63} INFO - Started process 62886 to run task
[2026-07-09T09:02:35.339+0000] {task_command.py:426} INFO - Running <TaskInstance: gold_dbt_dag.trigger_dbt_build dataset_triggered__2026-07-09T09:00:17.779796+00:00 [running]> on host bd23e89d97be
[2026-07-09T09:02:35.395+0000] {taskinstance.py:2648} INFO - Exporting env vars: AIRFLOW_CTX_DAG_OWNER='data_engineer' AIRFLOW_CTX_DAG_ID='gold_dbt_dag' AIRFLOW_CTX_TASK_ID='trigger_dbt_build' AIRFLOW_CTX_EXECUTION_DATE='2026-07-09T09:00:17.779796+00:00' AIRFLOW_CTX_TRY_NUMBER='2' AIRFLOW_CTX_DAG_RUN_ID='dataset_triggered__2026-07-09T09:00:17.779796+00:00'
[2026-07-09T09:02:35.396+0000] {taskinstance.py:430} INFO - ::endgroup::
[2026-07-09T09:02:35.406+0000] {subprocess.py:63} INFO - Tmp dir root location: /tmp
[2026-07-09T09:02:35.408+0000] {subprocess.py:75} INFO - Running command: ['/usr/bin/bash', '-c', 'cd /opt/***/dbt && dbt build --profiles-dir . --target dev']
[2026-07-09T09:02:35.415+0000] {subprocess.py:86} INFO - Output:
[2026-07-09T09:02:36.843+0000] {subprocess.py:93} INFO - [0m09:02:36  Running with dbt=1.11.11
[2026-07-09T09:02:37.516+0000] {subprocess.py:93} INFO - [0m09:02:37  Registered adapter: bigquery=1.11.3
[2026-07-09T09:02:37.781+0000] {subprocess.py:93} INFO - [0m09:02:37  Found 6 models, 4 sources, 553 macros
[2026-07-09T09:02:37.782+0000] {subprocess.py:93} INFO - [0m09:02:37
[2026-07-09T09:02:37.783+0000] {subprocess.py:93} INFO - [0m09:02:37  Concurrency: 4 threads (target='dev')
[2026-07-09T09:02:37.783+0000] {subprocess.py:93} INFO - [0m09:02:37
[2026-07-09T09:02:39.639+0000] {subprocess.py:93} INFO - [0m09:02:39  1 of 6 START sql table model logistics_mart.dim_drivers ........................ [RUN]
[2026-07-09T09:02:39.641+0000] {subprocess.py:93} INFO - [0m09:02:39  2 of 6 START sql table model logistics_mart.dim_hubs ........................... [RUN]
[2026-07-09T09:02:39.642+0000] {subprocess.py:93} INFO - [0m09:02:39  3 of 6 START sql view model logistics_mart.stg_shipments ....................... [RUN]
[2026-07-09T09:02:39.643+0000] {subprocess.py:93} INFO - [0m09:02:39  4 of 6 START sql view model logistics_mart.stg_weather ......................... [RUN]
[2026-07-09T09:02:41.762+0000] {subprocess.py:93} INFO - [0m09:02:41  3 of 6 OK created sql view model logistics_mart.stg_shipments .................. [[32mCREATE VIEW (0 processed)[0m in 2.11s]
[2026-07-09T09:02:41.762+0000] {subprocess.py:93} INFO - [0m09:02:41  4 of 6 OK created sql view model logistics_mart.stg_weather .................... [[32mCREATE VIEW (0 processed)[0m in 2.12s]
[2026-07-09T09:02:41.765+0000] {subprocess.py:93} INFO - [0m09:02:41  5 of 6 START sql view model logistics_mart.stg_weather_consensus ............... [RUN]
[2026-07-09T09:02:43.274+0000] {subprocess.py:93} INFO - [0m09:02:43  BigQuery adapter: https://console.cloud.google.com/bigquery?project=logistics-500519&j=bq:US:1fb34616-f7d3-46bd-a0d3-162c8cb2b9be&page=queryresults
[2026-07-09T09:02:43.306+0000] {subprocess.py:93} INFO - [0m09:02:43  5 of 6 ERROR creating sql view model logistics_mart.stg_weather_consensus ...... [[31mERROR[0m in 1.54s]
[2026-07-09T09:02:43.708+0000] {subprocess.py:93} INFO - [0m09:02:43  2 of 6 OK created sql table model logistics_mart.dim_hubs ...................... [[32mCREATE TABLE (3.0 rows, 149.0 Bytes processed)[0m in 4.05s]
[2026-07-09T09:02:43.716+0000] {subprocess.py:93} INFO - [0m09:02:43  6 of 6 START sql table model logistics_mart.fact_shipment_weather .............. [RUN]
[2026-07-09T09:02:45.769+0000] {subprocess.py:93} INFO - [0m09:02:45  1 of 6 OK created sql table model logistics_mart.dim_drivers ................... [[32mCREATE TABLE (3.0 rows, 108.0 Bytes processed)[0m in 6.12s]
[2026-07-09T09:02:48.363+0000] {subprocess.py:93} INFO - [0m09:02:48  6 of 6 OK created sql table model logistics_mart.fact_shipment_weather ......... [[32mCREATE TABLE (1.5k rows, 94.3 KiB processed)[0m in 4.65s]
[2026-07-09T09:02:48.410+0000] {subprocess.py:93} INFO - [0m09:02:48
[2026-07-09T09:02:48.411+0000] {subprocess.py:93} INFO - [0m09:02:48  Finished running 3 table models, 3 view models in 0 hours 0 minutes and 10.63 seconds (10.63s).
[2026-07-09T09:02:48.473+0000] {subprocess.py:93} INFO - [0m09:02:48
[2026-07-09T09:02:48.474+0000] {subprocess.py:93} INFO - [0m09:02:48  [31mCompleted with 1 error, 0 partial successes, and 0 warnings:[0m
[2026-07-09T09:02:48.475+0000] {subprocess.py:93} INFO - [0m09:02:48
[2026-07-09T09:02:48.475+0000] {subprocess.py:93} INFO - [0m09:02:48  [31mFailure in model stg_weather_consensus (models/staging/stg_weather_consensus.sql)[0m
[2026-07-09T09:02:48.475+0000] {subprocess.py:93} INFO - [0m09:02:48    Database Error in model stg_weather_consensus (models/staging/stg_weather_consensus.sql)
[2026-07-09T09:02:48.475+0000] {subprocess.py:93} INFO -   Unrecognized name: fetched_at at [11:11]
[2026-07-09T09:02:48.475+0000] {subprocess.py:93} INFO -   compiled code at target/run/logistics_lakehouse/models/staging/stg_weather_consensus.sql
[2026-07-09T09:02:48.475+0000] {subprocess.py:93} INFO - [0m09:02:48
[2026-07-09T09:02:48.476+0000] {subprocess.py:93} INFO - [0m09:02:48    compiled code at target/compiled/logistics_lakehouse/models/staging/stg_weather_consensus.sql
[2026-07-09T09:02:48.476+0000] {subprocess.py:93} INFO - [0m09:02:48
[2026-07-09T09:02:48.476+0000] {subprocess.py:93} INFO - [0m09:02:48  Done. PASS=5 WARN=0 ERROR=1 SKIP=0 NO-OP=0 TOTAL=6
[2026-07-09T09:02:50.785+0000] {subprocess.py:97} INFO - Command exited with return code 1
[2026-07-09T09:02:50.789+0000] {taskinstance.py:441} INFO - ::group::Post task execution logs
[2026-07-09T09:02:50.814+0000] {taskinstance.py:2905} ERROR - Task failed with exception
Traceback (most recent call last):
  File "/home/airflow/.local/lib/python3.12/site-packages/airflow/models/taskinstance.py", line 465, in _execute_task
    result = _execute_callable(context=context, **execute_callable_kwargs)
             ^^^^^^^^^^^^^^^^^^^^^^^^^^^^^^^^^^^^^^^^^^^^^^^^^^^^^^^^^^^^^
  File "/home/airflow/.local/lib/python3.12/site-packages/airflow/models/taskinstance.py", line 432, in _execute_callable
    return execute_callable(context=context, **execute_callable_kwargs)
           ^^^^^^^^^^^^^^^^^^^^^^^^^^^^^^^^^^^^^^^^^^^^^^^^^^^^^^^^^^^^
  File "/home/airflow/.local/lib/python3.12/site-packages/airflow/models/baseoperator.py", line 400, in wrapper
    return func(self, *args, **kwargs)
           ^^^^^^^^^^^^^^^^^^^^^^^^^^^
  File "/home/airflow/.local/lib/python3.12/site-packages/airflow/operators/bash.py", line 243, in execute
    raise AirflowException(
airflow.exceptions.AirflowException: Bash command failed. The command returned a non-zero exit code 1.
[2026-07-09T09:02:50.820+0000] {taskinstance.py:1206} INFO - Marking task as FAILED. dag_id=gold_dbt_dag, task_id=trigger_dbt_build, run_id=dataset_triggered__2026-07-09T09:00:17.779796+00:00, execution_date=20260709T090017, start_date=20260709T090235, end_date=20260709T090250
[2026-07-09T09:02:50.834+0000] {standard_task_runner.py:110} ERROR - Failed to execute job 1276 for task trigger_dbt_build (Bash command failed. The command returned a non-zero exit code 1.; 62886)
[2026-07-09T09:02:50.875+0000] {local_task_job_runner.py:240} INFO - Task exited with return code 1
[2026-07-09T09:02:50.890+0000] {taskinstance.py:3498} INFO - 0 downstream tasks scheduled from follow-on schedule check
[2026-07-09T09:02:50.891+0000] {local_task_job_runner.py:222} INFO - ::endgroup::
