[2026-07-13T03:00:04.035+0000] {local_task_job_runner.py:120} INFO - ::group::Pre task execution logs
[2026-07-13T03:00:04.048+0000] {taskinstance.py:2076} INFO - Dependencies all met for dep_context=non-requeueable deps ti=<TaskInstance: logistics_postgres_to_bq.push_to_bigquery dataset_triggered__2026-07-13T03:00:02.157520+00:00 [queued]>
[2026-07-13T03:00:04.051+0000] {taskinstance.py:2076} INFO - Dependencies all met for dep_context=requeueable deps ti=<TaskInstance: logistics_postgres_to_bq.push_to_bigquery dataset_triggered__2026-07-13T03:00:02.157520+00:00 [queued]>
[2026-07-13T03:00:04.051+0000] {taskinstance.py:2306} INFO - Starting attempt 1 of 1
[2026-07-13T03:00:04.055+0000] {taskinstance.py:2330} INFO - Executing <Task(PythonOperator): push_to_bigquery> on 2026-07-13 03:00:02.157520+00:00
[2026-07-13T03:00:04.060+0000] {logging_mixin.py:188} WARNING - /home/***/.local/lib/python3.12/site-packages/***/task/task_runner/standard_task_runner.py:61 DeprecationWarning: This process (pid=51593) is multi-threaded, use of fork() may lead to deadlocks in the child.
[2026-07-13T03:00:04.061+0000] {standard_task_runner.py:63} INFO - Started process 51598 to run task
[2026-07-13T03:00:04.060+0000] {standard_task_runner.py:90} INFO - Running: ['***', 'tasks', 'run', 'logistics_postgres_to_bq', 'push_to_bigquery', 'dataset_triggered__2026-07-13T03:00:02.157520+00:00', '--job-id', '293', '--raw', '--subdir', 'DAGS_FOLDER/dag_postgres_to_bq.py', '--cfg-path', '/tmp/tmp8o0n7qqn']
[2026-07-13T03:00:04.062+0000] {standard_task_runner.py:91} INFO - Job 293: Subtask push_to_bigquery
[2026-07-13T03:00:04.091+0000] {task_command.py:426} INFO - Running <TaskInstance: logistics_postgres_to_bq.push_to_bigquery dataset_triggered__2026-07-13T03:00:02.157520+00:00 [running]> on host ad4e12f53b08
[2026-07-13T03:00:04.130+0000] {taskinstance.py:2648} INFO - Exporting env vars: AIRFLOW_CTX_DAG_OWNER='data_engineering' AIRFLOW_CTX_DAG_ID='logistics_postgres_to_bq' AIRFLOW_CTX_TASK_ID='push_to_bigquery' AIRFLOW_CTX_EXECUTION_DATE='2026-07-13T03:00:02.157520+00:00' AIRFLOW_CTX_TRY_NUMBER='1' AIRFLOW_CTX_DAG_RUN_ID='dataset_triggered__2026-07-13T03:00:02.157520+00:00'
[2026-07-13T03:00:04.131+0000] {taskinstance.py:430} INFO - ::endgroup::
[2026-07-13T03:00:05.898+0000] {logging_mixin.py:188} WARNING - /opt/***/dags/dag_postgres_to_bq.py:89 UserWarning: pandas only supports SQLAlchemy connectable (engine/connection) or database string URI or sqlite3 DBAPI2 connection. Other DBAPI2 objects are not tested. Please consider using SQLAlchemy.
[2026-07-13T03:00:10.477+0000] {logging_mixin.py:188} WARNING - /opt/***/dags/dag_postgres_to_bq.py:89 UserWarning: pandas only supports SQLAlchemy connectable (engine/connection) or database string URI or sqlite3 DBAPI2 connection. Other DBAPI2 objects are not tested. Please consider using SQLAlchemy.
[2026-07-13T03:00:24.040+0000] {logging_mixin.py:188} WARNING - /opt/***/dags/dag_postgres_to_bq.py:89 UserWarning: pandas only supports SQLAlchemy connectable (engine/connection) or database string URI or sqlite3 DBAPI2 connection. Other DBAPI2 objects are not tested. Please consider using SQLAlchemy.
[2026-07-13T03:00:26.970+0000] {python.py:237} INFO - Done. Returned value was: None
[2026-07-13T03:00:26.984+0000] {taskinstance.py:441} INFO - ::group::Post task execution logs
[2026-07-13T03:00:26.991+0000] {logging_mixin.py:188} WARNING - /home/***/.local/lib/python3.12/site-packages/***/models/baseoperator.py:1564 RemovedInAirflow3Warning: Passing 'execution_date' to 'TaskInstance.xcom_push()' is deprecated.
[2026-07-13T03:00:27.038+0000] {taskinstance.py:1206} INFO - Marking task as SUCCESS. dag_id=logistics_postgres_to_bq, task_id=push_to_bigquery, run_id=dataset_triggered__2026-07-13T03:00:02.157520+00:00, execution_date=20260713T030002, start_date=20260713T030004, end_date=20260713T030027
[2026-07-13T03:00:27.111+0000] {local_task_job_runner.py:240} INFO - Task exited with return code 0
[2026-07-13T03:00:27.140+0000] {taskinstance.py:3498} INFO - 0 downstream tasks scheduled from follow-on schedule check
[2026-07-13T03:00:27.141+0000] {local_task_job_runner.py:222} INFO - ::endgroup::
