[2026-07-11T15:42:21.783+0000] {local_task_job_runner.py:120} INFO - ::group::Pre task execution logs
[2026-07-11T15:42:21.810+0000] {taskinstance.py:2076} INFO - Dependencies all met for dep_context=non-requeueable deps ti=<TaskInstance: gold_dbt_dag.trigger_dbt_build dataset_triggered__2026-07-11T15:40:11.030529+00:00 [queued]>
[2026-07-11T15:42:21.821+0000] {taskinstance.py:2076} INFO - Dependencies all met for dep_context=requeueable deps ti=<TaskInstance: gold_dbt_dag.trigger_dbt_build dataset_triggered__2026-07-11T15:40:11.030529+00:00 [queued]>
[2026-07-11T15:42:21.821+0000] {taskinstance.py:2306} INFO - Starting attempt 2 of 2
[2026-07-11T15:42:21.835+0000] {taskinstance.py:2330} INFO - Executing <Task(BashOperator): trigger_dbt_build> on 2026-07-11 15:40:11.030529+00:00
[2026-07-11T15:42:21.845+0000] {logging_mixin.py:188} WARNING - /home/***/.local/lib/python3.12/site-packages/***/task/task_runner/standard_task_runner.py:61 DeprecationWarning: This process (pid=1509) is multi-threaded, use of fork() may lead to deadlocks in the child.
[2026-07-11T15:42:21.846+0000] {standard_task_runner.py:63} INFO - Started process 1510 to run task
[2026-07-11T15:42:21.845+0000] {standard_task_runner.py:90} INFO - Running: ['***', 'tasks', 'run', 'gold_dbt_dag', 'trigger_dbt_build', 'dataset_triggered__2026-07-11T15:40:11.030529+00:00', '--job-id', '8', '--raw', '--subdir', 'DAGS_FOLDER/dag_gold_dbt.py', '--cfg-path', '/tmp/tmpi0k9q4yk']
[2026-07-11T15:42:21.847+0000] {standard_task_runner.py:91} INFO - Job 8: Subtask trigger_dbt_build
[2026-07-11T15:42:21.894+0000] {task_command.py:426} INFO - Running <TaskInstance: gold_dbt_dag.trigger_dbt_build dataset_triggered__2026-07-11T15:40:11.030529+00:00 [running]> on host 2208249760b3
[2026-07-11T15:42:21.938+0000] {taskinstance.py:2648} INFO - Exporting env vars: AIRFLOW_CTX_DAG_OWNER='data_engineer' AIRFLOW_CTX_DAG_ID='gold_dbt_dag' AIRFLOW_CTX_TASK_ID='trigger_dbt_build' AIRFLOW_CTX_EXECUTION_DATE='2026-07-11T15:40:11.030529+00:00' AIRFLOW_CTX_TRY_NUMBER='2' AIRFLOW_CTX_DAG_RUN_ID='dataset_triggered__2026-07-11T15:40:11.030529+00:00'
[2026-07-11T15:42:21.939+0000] {taskinstance.py:430} INFO - ::endgroup::
[2026-07-11T15:42:21.952+0000] {subprocess.py:63} INFO - Tmp dir root location: /tmp
[2026-07-11T15:42:21.953+0000] {subprocess.py:75} INFO - Running command: ['/usr/bin/bash', '-c', 'cd /opt/***/dbt && dbt build --profiles-dir . --target dev']
[2026-07-11T15:42:21.958+0000] {subprocess.py:86} INFO - Output:
[2026-07-11T15:42:23.369+0000] {subprocess.py:93} INFO - [0m15:42:23  Running with dbt=1.11.11
[2026-07-11T15:42:23.962+0000] {subprocess.py:93} INFO - [0m15:42:23  Registered adapter: bigquery=1.11.3
[2026-07-11T15:42:24.196+0000] {subprocess.py:93} INFO - [0m15:42:24  Found 6 models, 4 sources, 553 macros
[2026-07-11T15:42:24.197+0000] {subprocess.py:93} INFO - [0m15:42:24
[2026-07-11T15:42:24.197+0000] {subprocess.py:93} INFO - [0m15:42:24  Concurrency: 4 threads (target='dev')
[2026-07-11T15:42:24.198+0000] {subprocess.py:93} INFO - [0m15:42:24
[2026-07-11T15:42:25.858+0000] {subprocess.py:93} INFO - [0m15:42:25  1 of 6 START sql table model logistics_mart.dim_drivers ........................ [RUN]
[2026-07-11T15:42:25.859+0000] {subprocess.py:93} INFO - [0m15:42:25  2 of 6 START sql table model logistics_mart.dim_hubs ........................... [RUN]
[2026-07-11T15:42:25.860+0000] {subprocess.py:93} INFO - [0m15:42:25  3 of 6 START sql view model logistics_mart.stg_shipments ....................... [RUN]
[2026-07-11T15:42:25.860+0000] {subprocess.py:93} INFO - [0m15:42:25  4 of 6 START sql view model logistics_mart.stg_weather ......................... [RUN]
[2026-07-11T15:42:27.941+0000] {subprocess.py:93} INFO - [0m15:42:27  4 of 6 OK created sql view model logistics_mart.stg_weather .................... [[32mCREATE VIEW (0 processed)[0m in 2.07s]
[2026-07-11T15:42:27.942+0000] {subprocess.py:93} INFO - [0m15:42:27  3 of 6 OK created sql view model logistics_mart.stg_shipments .................. [[32mCREATE VIEW (0 processed)[0m in 2.08s]
[2026-07-11T15:42:27.944+0000] {subprocess.py:93} INFO - [0m15:42:27  5 of 6 START sql view model logistics_mart.stg_weather_consensus ............... [RUN]
[2026-07-11T15:42:28.095+0000] {subprocess.py:93} INFO - [0m15:42:28  BigQuery adapter: https://console.cloud.google.com/bigquery?project=logistics-500519&j=bq:US:6ff07e79-eb72-4dae-8ff2-404f38a5d0ad&page=queryresults
[2026-07-11T15:42:28.111+0000] {subprocess.py:93} INFO - [0m15:42:28  2 of 6 ERROR creating sql table model logistics_mart.dim_hubs .................. [[31mERROR[0m in 2.25s]
[2026-07-11T15:42:28.141+0000] {subprocess.py:93} INFO - [0m15:42:28  BigQuery adapter: https://console.cloud.google.com/bigquery?project=logistics-500519&j=bq:US:5edc7d07-dbaa-4d73-91ce-973a91777bf2&page=queryresults
[2026-07-11T15:42:28.147+0000] {subprocess.py:93} INFO - [0m15:42:28  1 of 6 ERROR creating sql table model logistics_mart.dim_drivers ............... [[31mERROR[0m in 2.29s]
[2026-07-11T15:42:29.624+0000] {subprocess.py:93} INFO - [0m15:42:29  5 of 6 OK created sql view model logistics_mart.stg_weather_consensus .......... [[32mCREATE VIEW (0 processed)[0m in 1.68s]
[2026-07-11T15:42:29.636+0000] {subprocess.py:93} INFO - [0m15:42:29  6 of 6 SKIP relation logistics_mart.fact_shipment_weather ...................... [[33mSKIP[0m]
[2026-07-11T15:42:29.724+0000] {subprocess.py:93} INFO - [0m15:42:29
[2026-07-11T15:42:29.728+0000] {subprocess.py:93} INFO - [0m15:42:29  Finished running 3 table models, 3 view models in 0 hours 0 minutes and 5.53 seconds (5.53s).
[2026-07-11T15:42:30.010+0000] {subprocess.py:93} INFO - [0m15:42:30
[2026-07-11T15:42:30.012+0000] {subprocess.py:93} INFO - [0m15:42:30  [31mCompleted with 2 errors, 0 partial successes, and 0 warnings:[0m
[2026-07-11T15:42:30.014+0000] {subprocess.py:93} INFO - [0m15:42:30
[2026-07-11T15:42:30.015+0000] {subprocess.py:93} INFO - [0m15:42:30  [31mFailure in model dim_hubs (models/mart/dim_hubs.sql)[0m
[2026-07-11T15:42:30.016+0000] {subprocess.py:93} INFO - [0m15:42:30    Database Error in model dim_hubs (models/mart/dim_hubs.sql)
[2026-07-11T15:42:30.016+0000] {subprocess.py:93} INFO -   Unrecognized name: is_current at [24:7]
[2026-07-11T15:42:30.016+0000] {subprocess.py:93} INFO -   compiled code at target/run/logistics_lakehouse/models/mart/dim_hubs.sql
[2026-07-11T15:42:30.016+0000] {subprocess.py:93} INFO - [0m15:42:30
[2026-07-11T15:42:30.016+0000] {subprocess.py:93} INFO - [0m15:42:30    compiled code at target/compiled/logistics_lakehouse/models/mart/dim_hubs.sql
[2026-07-11T15:42:30.017+0000] {subprocess.py:93} INFO - [0m15:42:30
[2026-07-11T15:42:30.017+0000] {subprocess.py:93} INFO - [0m15:42:30  [31mFailure in model dim_drivers (models/mart/dim_drivers.sql)[0m
[2026-07-11T15:42:30.018+0000] {subprocess.py:93} INFO - [0m15:42:30    Database Error in model dim_drivers (models/mart/dim_drivers.sql)
[2026-07-11T15:42:30.018+0000] {subprocess.py:93} INFO -   Unrecognized name: is_current at [24:7]
[2026-07-11T15:42:30.018+0000] {subprocess.py:93} INFO -   compiled code at target/run/logistics_lakehouse/models/mart/dim_drivers.sql
[2026-07-11T15:42:30.018+0000] {subprocess.py:93} INFO - [0m15:42:30
[2026-07-11T15:42:30.018+0000] {subprocess.py:93} INFO - [0m15:42:30    compiled code at target/compiled/logistics_lakehouse/models/mart/dim_drivers.sql
[2026-07-11T15:42:30.020+0000] {subprocess.py:93} INFO - [0m15:42:30
[2026-07-11T15:42:30.020+0000] {subprocess.py:93} INFO - [0m15:42:30  Done. PASS=3 WARN=0 ERROR=2 SKIP=1 NO-OP=0 TOTAL=6
[2026-07-11T15:42:31.831+0000] {subprocess.py:97} INFO - Command exited with return code 1
[2026-07-11T15:42:31.836+0000] {taskinstance.py:441} INFO - ::group::Post task execution logs
[2026-07-11T15:42:31.858+0000] {taskinstance.py:2905} ERROR - Task failed with exception
Traceback (most recent call last):
  File "/home/airflow/.local/lib/python3.12/site-packages/airflow/models/taskinstance.py", line 465, in _execute_task
    result = _execute_callable(context=context, **execute_callable_kwargs)
             ^^^^^^^^^^^^^^^^^^^^^^^^^^^^^^^^^^^^^^^^^^^^^^^^^^^^^^^^^^^^^
  File "/home/airflow/.local/lib/python3.12/site-packages/airflow/models/taskinstance.py", line 432, in _execute_callable
    return execute_callable(context=context, **execute_callable_kwargs)
           ^^^^^^^^^^^^^^^^^^^^^^^^^^^^^^^^^^^^^^^^^^^^^^^^^^^^^^^^^^^^
  File "/home/airflow/.local/lib/python3.12/site-packages/airflow/models/baseoperator.py", line 400, in wrapper
    return func(self, *args, **kwargs)
           ^^^^^^^^^^^^^^^^^^^^^^^^^^^
  File "/home/airflow/.local/lib/python3.12/site-packages/airflow/operators/bash.py", line 243, in execute
    raise AirflowException(
airflow.exceptions.AirflowException: Bash command failed. The command returned a non-zero exit code 1.
[2026-07-11T15:42:31.866+0000] {taskinstance.py:1206} INFO - Marking task as FAILED. dag_id=gold_dbt_dag, task_id=trigger_dbt_build, run_id=dataset_triggered__2026-07-11T15:40:11.030529+00:00, execution_date=20260711T154011, start_date=20260711T154221, end_date=20260711T154231
[2026-07-11T15:42:31.888+0000] {standard_task_runner.py:110} ERROR - Failed to execute job 8 for task trigger_dbt_build (Bash command failed. The command returned a non-zero exit code 1.; 1510)
[2026-07-11T15:42:31.908+0000] {local_task_job_runner.py:240} INFO - Task exited with return code 1
[2026-07-11T15:42:31.936+0000] {taskinstance.py:3498} INFO - 0 downstream tasks scheduled from follow-on schedule check
[2026-07-11T15:42:31.937+0000] {local_task_job_runner.py:222} INFO - ::endgroup::
