[2026-07-07T11:04:56.864+0000] {local_task_job_runner.py:120} INFO - ::group::Pre task execution logs
[2026-07-07T11:04:57.230+0000] {taskinstance.py:2076} INFO - Dependencies all met for dep_context=non-requeueable deps ti=<TaskInstance: gold_dbt_dag.trigger_dbt_build dataset_triggered__2026-07-07T11:02:07.893840+00:00 [queued]>
[2026-07-07T11:04:57.296+0000] {taskinstance.py:2076} INFO - Dependencies all met for dep_context=requeueable deps ti=<TaskInstance: gold_dbt_dag.trigger_dbt_build dataset_triggered__2026-07-07T11:02:07.893840+00:00 [queued]>
[2026-07-07T11:04:57.301+0000] {taskinstance.py:2306} INFO - Starting attempt 2 of 2
[2026-07-07T11:04:57.404+0000] {taskinstance.py:2330} INFO - Executing <Task(BashOperator): trigger_dbt_build> on 2026-07-07 11:02:07.893840+00:00
[2026-07-07T11:04:57.478+0000] {logging_mixin.py:188} WARNING - /home/***/.local/lib/python3.12/site-packages/***/task/task_runner/standard_task_runner.py:61 DeprecationWarning: This process (pid=46230) is multi-threaded, use of fork() may lead to deadlocks in the child.
[2026-07-07T11:04:57.472+0000] {standard_task_runner.py:90} INFO - Running: ['***', 'tasks', 'run', 'gold_dbt_dag', 'trigger_dbt_build', 'dataset_triggered__2026-07-07T11:02:07.893840+00:00', '--job-id', '956', '--raw', '--subdir', 'DAGS_FOLDER/dag_gold_dbt.py', '--cfg-path', '/tmp/tmpozb8pvso']
[2026-07-07T11:04:57.484+0000] {standard_task_runner.py:63} INFO - Started process 46231 to run task
[2026-07-07T11:04:57.485+0000] {standard_task_runner.py:91} INFO - Job 956: Subtask trigger_dbt_build
[2026-07-07T11:04:57.663+0000] {task_command.py:426} INFO - Running <TaskInstance: gold_dbt_dag.trigger_dbt_build dataset_triggered__2026-07-07T11:02:07.893840+00:00 [running]> on host bd23e89d97be
[2026-07-07T11:04:58.046+0000] {taskinstance.py:2648} INFO - Exporting env vars: AIRFLOW_CTX_DAG_OWNER='data_engineer' AIRFLOW_CTX_DAG_ID='gold_dbt_dag' AIRFLOW_CTX_TASK_ID='trigger_dbt_build' AIRFLOW_CTX_EXECUTION_DATE='2026-07-07T11:02:07.893840+00:00' AIRFLOW_CTX_TRY_NUMBER='2' AIRFLOW_CTX_DAG_RUN_ID='dataset_triggered__2026-07-07T11:02:07.893840+00:00'
[2026-07-07T11:04:58.061+0000] {taskinstance.py:430} INFO - ::endgroup::
[2026-07-07T11:04:58.141+0000] {subprocess.py:63} INFO - Tmp dir root location: /tmp
[2026-07-07T11:04:58.156+0000] {subprocess.py:75} INFO - Running command: ['/usr/bin/bash', '-c', 'cd /opt/***/dbt && dbt build --profiles-dir . --target dev']
[2026-07-07T11:04:58.219+0000] {subprocess.py:86} INFO - Output:
[2026-07-07T11:05:06.979+0000] {subprocess.py:93} INFO - [0m11:05:06  Running with dbt=1.11.11
[2026-07-07T11:05:12.384+0000] {subprocess.py:93} INFO - [0m11:05:12  Registered adapter: bigquery=1.11.3
[2026-07-07T11:05:14.980+0000] {subprocess.py:93} INFO - [0m11:05:14  Found 6 models, 4 sources, 553 macros
[2026-07-07T11:05:15.007+0000] {subprocess.py:93} INFO - [0m11:05:14
[2026-07-07T11:05:15.009+0000] {subprocess.py:93} INFO - [0m11:05:15  Concurrency: 4 threads (target='dev')
[2026-07-07T11:05:15.011+0000] {subprocess.py:93} INFO - [0m11:05:15
[2026-07-07T11:05:18.009+0000] {subprocess.py:93} INFO - [0m11:05:18  1 of 6 START sql table model logistics_mart.dim_drivers ........................ [RUN]
[2026-07-07T11:05:18.025+0000] {subprocess.py:93} INFO - [0m11:05:18  2 of 6 START sql table model logistics_mart.dim_hubs ........................... [RUN]
[2026-07-07T11:05:18.026+0000] {subprocess.py:93} INFO - [0m11:05:18  3 of 6 START sql view model logistics_mart.stg_shipments ....................... [RUN]
[2026-07-07T11:05:18.027+0000] {subprocess.py:93} INFO - [0m11:05:18  4 of 6 START sql view model logistics_mart.stg_weather ......................... [RUN]
[2026-07-07T11:05:21.958+0000] {subprocess.py:93} INFO - [0m11:05:21  4 of 6 OK created sql view model logistics_mart.stg_weather .................... [[32mCREATE VIEW (0 processed)[0m in 3.85s]
[2026-07-07T11:05:22.004+0000] {subprocess.py:93} INFO - [0m11:05:22  5 of 6 START sql view model logistics_mart.stg_weather_consensus ............... [RUN]
[2026-07-07T11:05:22.345+0000] {subprocess.py:93} INFO - [0m11:05:22  3 of 6 OK created sql view model logistics_mart.stg_shipments .................. [[32mCREATE VIEW (0 processed)[0m in 4.30s]
[2026-07-07T11:05:24.043+0000] {subprocess.py:93} INFO - [0m11:05:24  2 of 6 OK created sql table model logistics_mart.dim_hubs ...................... [[32mCREATE TABLE (3.0 rows, 149.0 Bytes processed)[0m in 5.99s]
[2026-07-07T11:05:24.080+0000] {subprocess.py:93} INFO - [0m11:05:24  BigQuery adapter: https://console.cloud.google.com/bigquery?project=logistics-500519&j=bq:US:c22a0ec3-b5ba-4699-b51f-65f6de5c5c8f&page=queryresults
[2026-07-07T11:05:24.085+0000] {subprocess.py:93} INFO - [0m11:05:24  6 of 6 START sql table model logistics_mart.fact_shipment_weather .............. [RUN]
[2026-07-07T11:05:24.241+0000] {subprocess.py:93} INFO - [0m11:05:24  5 of 6 ERROR creating sql view model logistics_mart.stg_weather_consensus ...... [[31mERROR[0m in 2.22s]
[2026-07-07T11:05:26.579+0000] {subprocess.py:93} INFO - [0m11:05:26  1 of 6 OK created sql table model logistics_mart.dim_drivers ................... [[32mCREATE TABLE (3.0 rows, 108.0 Bytes processed)[0m in 8.54s]
[2026-07-07T11:05:29.270+0000] {subprocess.py:93} INFO - [0m11:05:29  6 of 6 OK created sql table model logistics_mart.fact_shipment_weather ......... [[32mCREATE TABLE (1.1k rows, 72.9 KiB processed)[0m in 5.15s]
[2026-07-07T11:05:29.527+0000] {subprocess.py:93} INFO - [0m11:05:29
[2026-07-07T11:05:29.530+0000] {subprocess.py:93} INFO - [0m11:05:29  Finished running 3 table models, 3 view models in 0 hours 0 minutes and 14.52 seconds (14.52s).
[2026-07-07T11:05:29.821+0000] {subprocess.py:93} INFO - [0m11:05:29
[2026-07-07T11:05:29.824+0000] {subprocess.py:93} INFO - [0m11:05:29  [31mCompleted with 1 error, 0 partial successes, and 0 warnings:[0m
[2026-07-07T11:05:29.826+0000] {subprocess.py:93} INFO - [0m11:05:29
[2026-07-07T11:05:29.828+0000] {subprocess.py:93} INFO - [0m11:05:29  [31mFailure in model stg_weather_consensus (models/staging/stg_weather_consensus.sql)[0m
[2026-07-07T11:05:29.830+0000] {subprocess.py:93} INFO - [0m11:05:29    Database Error in model stg_weather_consensus (models/staging/stg_weather_consensus.sql)
[2026-07-07T11:05:29.832+0000] {subprocess.py:93} INFO -   Unrecognized name: fetched_at at [11:11]
[2026-07-07T11:05:29.832+0000] {subprocess.py:93} INFO -   compiled code at target/run/logistics_lakehouse/models/staging/stg_weather_consensus.sql
[2026-07-07T11:05:29.833+0000] {subprocess.py:93} INFO - [0m11:05:29
[2026-07-07T11:05:29.833+0000] {subprocess.py:93} INFO - [0m11:05:29    compiled code at target/compiled/logistics_lakehouse/models/staging/stg_weather_consensus.sql
[2026-07-07T11:05:29.834+0000] {subprocess.py:93} INFO - [0m11:05:29
[2026-07-07T11:05:29.836+0000] {subprocess.py:93} INFO - [0m11:05:29  Done. PASS=5 WARN=0 ERROR=1 SKIP=0 NO-OP=0 TOTAL=6
[2026-07-07T11:05:35.132+0000] {subprocess.py:97} INFO - Command exited with return code 1
[2026-07-07T11:05:35.152+0000] {taskinstance.py:441} INFO - ::group::Post task execution logs
[2026-07-07T11:05:35.265+0000] {taskinstance.py:2905} ERROR - Task failed with exception
Traceback (most recent call last):
  File "/home/airflow/.local/lib/python3.12/site-packages/airflow/models/taskinstance.py", line 465, in _execute_task
    result = _execute_callable(context=context, **execute_callable_kwargs)
             ^^^^^^^^^^^^^^^^^^^^^^^^^^^^^^^^^^^^^^^^^^^^^^^^^^^^^^^^^^^^^
  File "/home/airflow/.local/lib/python3.12/site-packages/airflow/models/taskinstance.py", line 432, in _execute_callable
    return execute_callable(context=context, **execute_callable_kwargs)
           ^^^^^^^^^^^^^^^^^^^^^^^^^^^^^^^^^^^^^^^^^^^^^^^^^^^^^^^^^^^^
  File "/home/airflow/.local/lib/python3.12/site-packages/airflow/models/baseoperator.py", line 400, in wrapper
    return func(self, *args, **kwargs)
           ^^^^^^^^^^^^^^^^^^^^^^^^^^^
  File "/home/airflow/.local/lib/python3.12/site-packages/airflow/operators/bash.py", line 243, in execute
    raise AirflowException(
airflow.exceptions.AirflowException: Bash command failed. The command returned a non-zero exit code 1.
[2026-07-07T11:05:35.293+0000] {taskinstance.py:1206} INFO - Marking task as FAILED. dag_id=gold_dbt_dag, task_id=trigger_dbt_build, run_id=dataset_triggered__2026-07-07T11:02:07.893840+00:00, execution_date=20260707T110207, start_date=20260707T110457, end_date=20260707T110535
[2026-07-07T11:05:35.393+0000] {standard_task_runner.py:110} ERROR - Failed to execute job 956 for task trigger_dbt_build (Bash command failed. The command returned a non-zero exit code 1.; 46231)
[2026-07-07T11:05:35.493+0000] {local_task_job_runner.py:240} INFO - Task exited with return code 1
[2026-07-07T11:05:35.589+0000] {taskinstance.py:3498} INFO - 0 downstream tasks scheduled from follow-on schedule check
[2026-07-07T11:05:35.594+0000] {local_task_job_runner.py:222} INFO - ::endgroup::
