[2026-07-09T17:11:40.770+0000] {local_task_job_runner.py:120} INFO - ::group::Pre task execution logs
[2026-07-09T17:11:40.804+0000] {taskinstance.py:2076} INFO - Dependencies all met for dep_context=non-requeueable deps ti=<TaskInstance: gold_dbt_dag.trigger_dbt_build dataset_triggered__2026-07-09T17:09:23.221760+00:00 [queued]>
[2026-07-09T17:11:40.808+0000] {taskinstance.py:2076} INFO - Dependencies all met for dep_context=requeueable deps ti=<TaskInstance: gold_dbt_dag.trigger_dbt_build dataset_triggered__2026-07-09T17:09:23.221760+00:00 [queued]>
[2026-07-09T17:11:40.808+0000] {taskinstance.py:2306} INFO - Starting attempt 2 of 2
[2026-07-09T17:11:40.814+0000] {taskinstance.py:2330} INFO - Executing <Task(BashOperator): trigger_dbt_build> on 2026-07-09 17:09:23.221760+00:00
[2026-07-09T17:11:40.821+0000] {standard_task_runner.py:90} INFO - Running: ['***', 'tasks', 'run', 'gold_dbt_dag', 'trigger_dbt_build', 'dataset_triggered__2026-07-09T17:09:23.221760+00:00', '--job-id', '1332', '--raw', '--subdir', 'DAGS_FOLDER/dag_gold_dbt.py', '--cfg-path', '/tmp/tmpj2dp9jwd']
[2026-07-09T17:11:40.828+0000] {standard_task_runner.py:91} INFO - Job 1332: Subtask trigger_dbt_build
[2026-07-09T17:11:40.827+0000] {logging_mixin.py:188} WARNING - /home/***/.local/lib/python3.12/site-packages/***/task/task_runner/standard_task_runner.py:61 DeprecationWarning: This process (pid=82865) is multi-threaded, use of fork() may lead to deadlocks in the child.
[2026-07-09T17:11:40.829+0000] {standard_task_runner.py:63} INFO - Started process 82866 to run task
[2026-07-09T17:11:40.861+0000] {task_command.py:426} INFO - Running <TaskInstance: gold_dbt_dag.trigger_dbt_build dataset_triggered__2026-07-09T17:09:23.221760+00:00 [running]> on host bd23e89d97be
[2026-07-09T17:11:40.916+0000] {taskinstance.py:2648} INFO - Exporting env vars: AIRFLOW_CTX_DAG_OWNER='data_engineer' AIRFLOW_CTX_DAG_ID='gold_dbt_dag' AIRFLOW_CTX_TASK_ID='trigger_dbt_build' AIRFLOW_CTX_EXECUTION_DATE='2026-07-09T17:09:23.221760+00:00' AIRFLOW_CTX_TRY_NUMBER='2' AIRFLOW_CTX_DAG_RUN_ID='dataset_triggered__2026-07-09T17:09:23.221760+00:00'
[2026-07-09T17:11:40.917+0000] {taskinstance.py:430} INFO - ::endgroup::
[2026-07-09T17:11:40.935+0000] {subprocess.py:63} INFO - Tmp dir root location: /tmp
[2026-07-09T17:11:40.937+0000] {subprocess.py:75} INFO - Running command: ['/usr/bin/bash', '-c', 'cd /opt/***/dbt && dbt build --profiles-dir . --target dev']
[2026-07-09T17:11:40.943+0000] {subprocess.py:86} INFO - Output:
[2026-07-09T17:11:42.413+0000] {subprocess.py:93} INFO - [0m17:11:42  Running with dbt=1.11.11
[2026-07-09T17:11:43.016+0000] {subprocess.py:93} INFO - [0m17:11:43  Registered adapter: bigquery=1.11.3
[2026-07-09T17:11:43.311+0000] {subprocess.py:93} INFO - [0m17:11:43  Found 6 models, 4 sources, 553 macros
[2026-07-09T17:11:43.313+0000] {subprocess.py:93} INFO - [0m17:11:43
[2026-07-09T17:11:43.313+0000] {subprocess.py:93} INFO - [0m17:11:43  Concurrency: 4 threads (target='dev')
[2026-07-09T17:11:43.313+0000] {subprocess.py:93} INFO - [0m17:11:43
[2026-07-09T17:11:44.776+0000] {subprocess.py:93} INFO - [0m17:11:44  1 of 6 START sql table model logistics_mart.dim_drivers ........................ [RUN]
[2026-07-09T17:11:44.779+0000] {subprocess.py:93} INFO - [0m17:11:44  2 of 6 START sql table model logistics_mart.dim_hubs ........................... [RUN]
[2026-07-09T17:11:44.780+0000] {subprocess.py:93} INFO - [0m17:11:44  3 of 6 START sql view model logistics_mart.stg_shipments ....................... [RUN]
[2026-07-09T17:11:44.780+0000] {subprocess.py:93} INFO - [0m17:11:44  4 of 6 START sql view model logistics_mart.stg_weather ......................... [RUN]
[2026-07-09T17:11:46.936+0000] {subprocess.py:93} INFO - [0m17:11:46  4 of 6 OK created sql view model logistics_mart.stg_weather .................... [[32mCREATE VIEW (0 processed)[0m in 2.15s]
[2026-07-09T17:11:46.937+0000] {subprocess.py:93} INFO - [0m17:11:46  3 of 6 OK created sql view model logistics_mart.stg_shipments .................. [[32mCREATE VIEW (0 processed)[0m in 2.16s]
[2026-07-09T17:11:46.940+0000] {subprocess.py:93} INFO - [0m17:11:46  5 of 6 START sql view model logistics_mart.stg_weather_consensus ............... [RUN]
[2026-07-09T17:11:48.298+0000] {subprocess.py:93} INFO - [0m17:11:48  BigQuery adapter: https://console.cloud.google.com/bigquery?project=logistics-500519&j=bq:US:c76917e2-9f16-4d28-8662-16051f1cecf7&page=queryresults
[2026-07-09T17:11:48.323+0000] {subprocess.py:93} INFO - [0m17:11:48  5 of 6 ERROR creating sql view model logistics_mart.stg_weather_consensus ...... [[31mERROR[0m in 1.38s]
[2026-07-09T17:11:49.090+0000] {subprocess.py:93} INFO - [0m17:11:49  1 of 6 OK created sql table model logistics_mart.dim_drivers ................... [[32mCREATE TABLE (3.0 rows, 108.0 Bytes processed)[0m in 4.31s]
[2026-07-09T17:12:08.869+0000] {subprocess.py:93} INFO - [0m17:12:08  2 of 6 OK created sql table model logistics_mart.dim_hubs ...................... [[32mCREATE TABLE (3.0 rows, 149.0 Bytes processed)[0m in 24.08s]
[2026-07-09T17:12:08.875+0000] {subprocess.py:93} INFO - [0m17:12:08  6 of 6 START sql table model logistics_mart.fact_shipment_weather .............. [RUN]
[2026-07-09T17:12:12.692+0000] {subprocess.py:93} INFO - [0m17:12:12  6 of 6 OK created sql table model logistics_mart.fact_shipment_weather ......... [[32mCREATE TABLE (1.5k rows, 98.2 KiB processed)[0m in 3.81s]
[2026-07-09T17:12:12.746+0000] {subprocess.py:93} INFO - [0m17:12:12
[2026-07-09T17:12:12.747+0000] {subprocess.py:93} INFO - [0m17:12:12  Finished running 3 table models, 3 view models in 0 hours 0 minutes and 29.43 seconds (29.43s).
[2026-07-09T17:12:12.791+0000] {subprocess.py:93} INFO - [0m17:12:12
[2026-07-09T17:12:12.791+0000] {subprocess.py:93} INFO - [0m17:12:12  [31mCompleted with 1 error, 0 partial successes, and 0 warnings:[0m
[2026-07-09T17:12:12.791+0000] {subprocess.py:93} INFO - [0m17:12:12
[2026-07-09T17:12:12.792+0000] {subprocess.py:93} INFO - [0m17:12:12  [31mFailure in model stg_weather_consensus (models/staging/stg_weather_consensus.sql)[0m
[2026-07-09T17:12:12.792+0000] {subprocess.py:93} INFO - [0m17:12:12    Database Error in model stg_weather_consensus (models/staging/stg_weather_consensus.sql)
[2026-07-09T17:12:12.792+0000] {subprocess.py:93} INFO -   Unrecognized name: fetched_at at [11:11]
[2026-07-09T17:12:12.792+0000] {subprocess.py:93} INFO -   compiled code at target/run/logistics_lakehouse/models/staging/stg_weather_consensus.sql
[2026-07-09T17:12:12.792+0000] {subprocess.py:93} INFO - [0m17:12:12
[2026-07-09T17:12:12.793+0000] {subprocess.py:93} INFO - [0m17:12:12    compiled code at target/compiled/logistics_lakehouse/models/staging/stg_weather_consensus.sql
[2026-07-09T17:12:12.793+0000] {subprocess.py:93} INFO - [0m17:12:12
[2026-07-09T17:12:12.793+0000] {subprocess.py:93} INFO - [0m17:12:12  Done. PASS=5 WARN=0 ERROR=1 SKIP=0 NO-OP=0 TOTAL=6
[2026-07-09T17:12:14.925+0000] {subprocess.py:97} INFO - Command exited with return code 1
[2026-07-09T17:12:14.927+0000] {taskinstance.py:441} INFO - ::group::Post task execution logs
[2026-07-09T17:12:14.941+0000] {taskinstance.py:2905} ERROR - Task failed with exception
Traceback (most recent call last):
  File "/home/airflow/.local/lib/python3.12/site-packages/airflow/models/taskinstance.py", line 465, in _execute_task
    result = _execute_callable(context=context, **execute_callable_kwargs)
             ^^^^^^^^^^^^^^^^^^^^^^^^^^^^^^^^^^^^^^^^^^^^^^^^^^^^^^^^^^^^^
  File "/home/airflow/.local/lib/python3.12/site-packages/airflow/models/taskinstance.py", line 432, in _execute_callable
    return execute_callable(context=context, **execute_callable_kwargs)
           ^^^^^^^^^^^^^^^^^^^^^^^^^^^^^^^^^^^^^^^^^^^^^^^^^^^^^^^^^^^^
  File "/home/airflow/.local/lib/python3.12/site-packages/airflow/models/baseoperator.py", line 400, in wrapper
    return func(self, *args, **kwargs)
           ^^^^^^^^^^^^^^^^^^^^^^^^^^^
  File "/home/airflow/.local/lib/python3.12/site-packages/airflow/operators/bash.py", line 243, in execute
    raise AirflowException(
airflow.exceptions.AirflowException: Bash command failed. The command returned a non-zero exit code 1.
[2026-07-09T17:12:14.949+0000] {taskinstance.py:1206} INFO - Marking task as FAILED. dag_id=gold_dbt_dag, task_id=trigger_dbt_build, run_id=dataset_triggered__2026-07-09T17:09:23.221760+00:00, execution_date=20260709T170923, start_date=20260709T171140, end_date=20260709T171214
[2026-07-09T17:12:14.970+0000] {standard_task_runner.py:110} ERROR - Failed to execute job 1332 for task trigger_dbt_build (Bash command failed. The command returned a non-zero exit code 1.; 82866)
[2026-07-09T17:12:15.007+0000] {local_task_job_runner.py:240} INFO - Task exited with return code 1
[2026-07-09T17:12:15.021+0000] {taskinstance.py:3498} INFO - 0 downstream tasks scheduled from follow-on schedule check
[2026-07-09T17:12:15.022+0000] {local_task_job_runner.py:222} INFO - ::endgroup::
