[2026-07-04T17:02:19.105+0000] {local_task_job_runner.py:120} INFO - ::group::Pre task execution logs
[2026-07-04T17:02:19.123+0000] {taskinstance.py:2076} INFO - Dependencies all met for dep_context=non-requeueable deps ti=<TaskInstance: logistics_postgres_to_bq.push_to_bigquery dataset_triggered__2026-07-04T17:02:16.861491+00:00 [queued]>
[2026-07-04T17:02:19.128+0000] {taskinstance.py:2076} INFO - Dependencies all met for dep_context=requeueable deps ti=<TaskInstance: logistics_postgres_to_bq.push_to_bigquery dataset_triggered__2026-07-04T17:02:16.861491+00:00 [queued]>
[2026-07-04T17:02:19.128+0000] {taskinstance.py:2306} INFO - Starting attempt 1 of 1
[2026-07-04T17:02:19.138+0000] {taskinstance.py:2330} INFO - Executing <Task(PythonOperator): push_to_bigquery> on 2026-07-04 17:02:16.861491+00:00
[2026-07-04T17:02:19.157+0000] {logging_mixin.py:188} WARNING - /home/***/.local/lib/python3.12/site-packages/***/task/task_runner/standard_task_runner.py:61 DeprecationWarning: This process (pid=38999) is multi-threaded, use of fork() may lead to deadlocks in the child.
[2026-07-04T17:02:19.160+0000] {standard_task_runner.py:63} INFO - Started process 39040 to run task
[2026-07-04T17:02:19.156+0000] {standard_task_runner.py:90} INFO - Running: ['***', 'tasks', 'run', 'logistics_postgres_to_bq', 'push_to_bigquery', 'dataset_triggered__2026-07-04T17:02:16.861491+00:00', '--job-id', '562', '--raw', '--subdir', 'DAGS_FOLDER/dag_postgres_to_bq.py', '--cfg-path', '/tmp/tmpgve1pijw']
[2026-07-04T17:02:19.162+0000] {standard_task_runner.py:91} INFO - Job 562: Subtask push_to_bigquery
[2026-07-04T17:02:19.234+0000] {task_command.py:426} INFO - Running <TaskInstance: logistics_postgres_to_bq.push_to_bigquery dataset_triggered__2026-07-04T17:02:16.861491+00:00 [running]> on host bd23e89d97be
[2026-07-04T17:02:19.316+0000] {taskinstance.py:2648} INFO - Exporting env vars: AIRFLOW_CTX_DAG_OWNER='***' AIRFLOW_CTX_DAG_ID='logistics_postgres_to_bq' AIRFLOW_CTX_TASK_ID='push_to_bigquery' AIRFLOW_CTX_EXECUTION_DATE='2026-07-04T17:02:16.861491+00:00' AIRFLOW_CTX_TRY_NUMBER='1' AIRFLOW_CTX_DAG_RUN_ID='dataset_triggered__2026-07-04T17:02:16.861491+00:00'
[2026-07-04T17:02:19.317+0000] {taskinstance.py:430} INFO - ::endgroup::
[2026-07-04T17:02:20.239+0000] {logging_mixin.py:188} WARNING - /opt/***/dags/dag_postgres_to_bq.py:34 UserWarning: pandas only supports SQLAlchemy connectable (engine/connection) or database string URI or sqlite3 DBAPI2 connection. Other DBAPI2 objects are not tested. Please consider using SQLAlchemy.
[2026-07-04T17:02:22.833+0000] {logging_mixin.py:188} INFO - Pushed 647 rows from shipments to BigQuery.
[2026-07-04T17:02:22.835+0000] {logging_mixin.py:188} WARNING - /opt/***/dags/dag_postgres_to_bq.py:34 UserWarning: pandas only supports SQLAlchemy connectable (engine/connection) or database string URI or sqlite3 DBAPI2 connection. Other DBAPI2 objects are not tested. Please consider using SQLAlchemy.
[2026-07-04T17:02:26.534+0000] {logging_mixin.py:188} INFO - Pushed 3 rows from hubs to BigQuery.
[2026-07-04T17:02:26.541+0000] {logging_mixin.py:188} WARNING - /opt/***/dags/dag_postgres_to_bq.py:34 UserWarning: pandas only supports SQLAlchemy connectable (engine/connection) or database string URI or sqlite3 DBAPI2 connection. Other DBAPI2 objects are not tested. Please consider using SQLAlchemy.
[2026-07-04T18:03:29.041+0000] {local_task_job_runner.py:310} WARNING - State of this instance has been externally set to failed. Terminating instance.
[2026-07-04T18:03:29.057+0000] {local_task_job_runner.py:222} INFO - ::endgroup::
[2026-07-04T18:03:29.061+0000] {process_utils.py:132} INFO - Sending 15 to group 39040. PIDs of all processes in the group: [39040]
[2026-07-04T18:03:29.063+0000] {process_utils.py:87} INFO - Sending the signal 15 to group 39040
[2026-07-04T18:03:29.072+0000] {taskinstance.py:2611} ERROR - Received SIGTERM. Terminating subprocesses.
[2026-07-04T18:03:29.114+0000] {taskinstance.py:441} INFO - ::group::Post task execution logs
[2026-07-04T18:03:29.204+0000] {process_utils.py:80} INFO - Process psutil.Process(pid=39040, status='terminated', exitcode=0, started='17:02:18') (39040) terminated with exit code 0
