[2026-07-07T00:01:29.346+0000] {local_task_job_runner.py:120} INFO - ::group::Pre task execution logs
[2026-07-07T00:01:29.372+0000] {taskinstance.py:2076} INFO - Dependencies all met for dep_context=non-requeueable deps ti=<TaskInstance: gold_dbt_dag.trigger_dbt_build dataset_triggered__2026-07-07T00:01:28.765991+00:00 [queued]>
[2026-07-07T00:01:29.376+0000] {taskinstance.py:2076} INFO - Dependencies all met for dep_context=requeueable deps ti=<TaskInstance: gold_dbt_dag.trigger_dbt_build dataset_triggered__2026-07-07T00:01:28.765991+00:00 [queued]>
[2026-07-07T00:01:29.376+0000] {taskinstance.py:2306} INFO - Starting attempt 1 of 2
[2026-07-07T00:01:29.382+0000] {taskinstance.py:2330} INFO - Executing <Task(BashOperator): trigger_dbt_build> on 2026-07-07 00:01:28.765991+00:00
[2026-07-07T00:01:29.385+0000] {standard_task_runner.py:90} INFO - Running: ['***', 'tasks', 'run', 'gold_dbt_dag', 'trigger_dbt_build', 'dataset_triggered__2026-07-07T00:01:28.765991+00:00', '--job-id', '881', '--raw', '--subdir', 'DAGS_FOLDER/dag_gold_dbt.py', '--cfg-path', '/tmp/tmpspoh01z9']
[2026-07-07T00:01:29.387+0000] {logging_mixin.py:188} WARNING - /home/***/.local/lib/python3.12/site-packages/***/task/task_runner/standard_task_runner.py:61 DeprecationWarning: This process (pid=18280) is multi-threaded, use of fork() may lead to deadlocks in the child.
[2026-07-07T00:01:29.388+0000] {standard_task_runner.py:63} INFO - Started process 18281 to run task
[2026-07-07T00:01:29.388+0000] {standard_task_runner.py:91} INFO - Job 881: Subtask trigger_dbt_build
[2026-07-07T00:01:29.420+0000] {task_command.py:426} INFO - Running <TaskInstance: gold_dbt_dag.trigger_dbt_build dataset_triggered__2026-07-07T00:01:28.765991+00:00 [running]> on host bd23e89d97be
[2026-07-07T00:01:29.465+0000] {taskinstance.py:2648} INFO - Exporting env vars: AIRFLOW_CTX_DAG_OWNER='data_engineer' AIRFLOW_CTX_DAG_ID='gold_dbt_dag' AIRFLOW_CTX_TASK_ID='trigger_dbt_build' AIRFLOW_CTX_EXECUTION_DATE='2026-07-07T00:01:28.765991+00:00' AIRFLOW_CTX_TRY_NUMBER='1' AIRFLOW_CTX_DAG_RUN_ID='dataset_triggered__2026-07-07T00:01:28.765991+00:00'
[2026-07-07T00:01:29.466+0000] {taskinstance.py:430} INFO - ::endgroup::
[2026-07-07T00:01:29.474+0000] {subprocess.py:63} INFO - Tmp dir root location: /tmp
[2026-07-07T00:01:29.475+0000] {subprocess.py:75} INFO - Running command: ['/usr/bin/bash', '-c', 'cd /opt/***/dbt && dbt build --profiles-dir . --target dev']
[2026-07-07T00:01:29.479+0000] {subprocess.py:86} INFO - Output:
[2026-07-07T00:01:30.535+0000] {subprocess.py:93} INFO - [0m00:01:30  Running with dbt=1.11.11
[2026-07-07T00:01:31.037+0000] {subprocess.py:93} INFO - [0m00:01:31  Registered adapter: bigquery=1.11.3
[2026-07-07T00:01:31.270+0000] {subprocess.py:93} INFO - [0m00:01:31  Found 5 models, 4 sources, 553 macros
[2026-07-07T00:01:31.271+0000] {subprocess.py:93} INFO - [0m00:01:31
[2026-07-07T00:01:31.271+0000] {subprocess.py:93} INFO - [0m00:01:31  Concurrency: 4 threads (target='dev')
[2026-07-07T00:01:31.271+0000] {subprocess.py:93} INFO - [0m00:01:31
[2026-07-07T00:01:32.836+0000] {subprocess.py:93} INFO - [0m00:01:32  1 of 5 START sql table model logistics_mart.dim_drivers ........................ [RUN]
[2026-07-07T00:01:32.836+0000] {subprocess.py:93} INFO - [0m00:01:32  2 of 5 START sql table model logistics_mart.dim_hubs ........................... [RUN]
[2026-07-07T00:01:32.837+0000] {subprocess.py:93} INFO - [0m00:01:32  3 of 5 START sql view model logistics_mart.stg_shipments ....................... [RUN]
[2026-07-07T00:01:32.837+0000] {subprocess.py:93} INFO - [0m00:01:32  4 of 5 START sql view model logistics_mart.stg_weather ......................... [RUN]
[2026-07-07T00:01:34.874+0000] {subprocess.py:93} INFO - [0m00:01:34  3 of 5 OK created sql view model logistics_mart.stg_shipments .................. [[32mCREATE VIEW (0 processed)[0m in 2.03s]
[2026-07-07T00:01:35.092+0000] {subprocess.py:93} INFO - [0m00:01:35  4 of 5 OK created sql view model logistics_mart.stg_weather .................... [[32mCREATE VIEW (0 processed)[0m in 2.25s]
[2026-07-07T00:01:37.224+0000] {subprocess.py:93} INFO - [0m00:01:37  1 of 5 OK created sql table model logistics_mart.dim_drivers ................... [[32mCREATE TABLE (3.0 rows, 108.0 Bytes processed)[0m in 4.37s]
[2026-07-07T00:01:37.226+0000] {subprocess.py:93} INFO - [0m00:01:37  2 of 5 OK created sql table model logistics_mart.dim_hubs ...................... [[32mCREATE TABLE (3.0 rows, 149.0 Bytes processed)[0m in 4.38s]
[2026-07-07T00:01:37.231+0000] {subprocess.py:93} INFO - [0m00:01:37  5 of 5 START sql table model logistics_mart.fact_shipment_weather .............. [RUN]
[2026-07-07T00:01:41.244+0000] {subprocess.py:93} INFO - [0m00:01:41  5 of 5 OK created sql table model logistics_mart.fact_shipment_weather ......... [[32mCREATE TABLE (1.1k rows, 67.2 KiB processed)[0m in 4.01s]
[2026-07-07T00:01:41.293+0000] {subprocess.py:93} INFO - [0m00:01:41
[2026-07-07T00:01:41.294+0000] {subprocess.py:93} INFO - [0m00:01:41  Finished running 3 table models, 2 view models in 0 hours 0 minutes and 10.02 seconds (10.02s).
[2026-07-07T00:01:41.329+0000] {subprocess.py:93} INFO - [0m00:01:41
[2026-07-07T00:01:41.329+0000] {subprocess.py:93} INFO - [0m00:01:41  [32mCompleted successfully[0m
[2026-07-07T00:01:41.329+0000] {subprocess.py:93} INFO - [0m00:01:41
[2026-07-07T00:01:41.330+0000] {subprocess.py:93} INFO - [0m00:01:41  Done. PASS=5 WARN=0 ERROR=0 SKIP=0 NO-OP=0 TOTAL=5
[2026-07-07T00:01:43.078+0000] {subprocess.py:97} INFO - Command exited with return code 0
[2026-07-07T00:01:43.080+0000] {taskinstance.py:441} INFO - ::group::Post task execution logs
[2026-07-07T00:01:43.105+0000] {taskinstance.py:1206} INFO - Marking task as SUCCESS. dag_id=gold_dbt_dag, task_id=trigger_dbt_build, run_id=dataset_triggered__2026-07-07T00:01:28.765991+00:00, execution_date=20260707T000128, start_date=20260707T000129, end_date=20260707T000143
[2026-07-07T00:01:43.117+0000] {local_task_job_runner.py:240} INFO - Task exited with return code 0
[2026-07-07T00:01:43.137+0000] {taskinstance.py:3498} INFO - 0 downstream tasks scheduled from follow-on schedule check
[2026-07-07T00:01:43.138+0000] {local_task_job_runner.py:222} INFO - ::endgroup::
