[2026-07-05T09:02:32.499+0000] {local_task_job_runner.py:120} INFO - ::group::Pre task execution logs
[2026-07-05T09:02:32.662+0000] {taskinstance.py:2076} INFO - Dependencies all met for dep_context=non-requeueable deps ti=<TaskInstance: gold_dbt_dag.trigger_dbt_build dataset_triggered__2026-07-05T02:35:48.806033+00:00 [queued]>
[2026-07-05T09:02:32.671+0000] {taskinstance.py:2076} INFO - Dependencies all met for dep_context=requeueable deps ti=<TaskInstance: gold_dbt_dag.trigger_dbt_build dataset_triggered__2026-07-05T02:35:48.806033+00:00 [queued]>
[2026-07-05T09:02:32.671+0000] {taskinstance.py:2306} INFO - Starting attempt 2 of 2
[2026-07-05T09:02:32.757+0000] {taskinstance.py:2330} INFO - Executing <Task(BashOperator): trigger_dbt_build> on 2026-07-05 02:35:48.806033+00:00
[2026-07-05T09:02:32.772+0000] {logging_mixin.py:188} WARNING - /home/***/.local/lib/python3.12/site-packages/***/task/task_runner/standard_task_runner.py:61 DeprecationWarning: This process (pid=47849) is multi-threaded, use of fork() may lead to deadlocks in the child.
[2026-07-05T09:02:32.771+0000] {standard_task_runner.py:90} INFO - Running: ['***', 'tasks', 'run', 'gold_dbt_dag', 'trigger_dbt_build', 'dataset_triggered__2026-07-05T02:35:48.806033+00:00', '--job-id', '650', '--raw', '--subdir', 'DAGS_FOLDER/dag_gold_dbt.py', '--cfg-path', '/tmp/tmp4o0ra4bi']
[2026-07-05T09:02:32.773+0000] {standard_task_runner.py:63} INFO - Started process 47851 to run task
[2026-07-05T09:02:32.774+0000] {standard_task_runner.py:91} INFO - Job 650: Subtask trigger_dbt_build
[2026-07-05T09:02:32.805+0000] {task_command.py:426} INFO - Running <TaskInstance: gold_dbt_dag.trigger_dbt_build dataset_triggered__2026-07-05T02:35:48.806033+00:00 [running]> on host bd23e89d97be
[2026-07-05T09:02:32.852+0000] {taskinstance.py:2648} INFO - Exporting env vars: AIRFLOW_CTX_DAG_OWNER='data_engineer' AIRFLOW_CTX_DAG_ID='gold_dbt_dag' AIRFLOW_CTX_TASK_ID='trigger_dbt_build' AIRFLOW_CTX_EXECUTION_DATE='2026-07-05T02:35:48.806033+00:00' AIRFLOW_CTX_TRY_NUMBER='2' AIRFLOW_CTX_DAG_RUN_ID='dataset_triggered__2026-07-05T02:35:48.806033+00:00'
[2026-07-05T09:02:32.852+0000] {taskinstance.py:430} INFO - ::endgroup::
[2026-07-05T09:02:32.863+0000] {subprocess.py:63} INFO - Tmp dir root location: /tmp
[2026-07-05T09:02:32.864+0000] {subprocess.py:75} INFO - Running command: ['/usr/bin/bash', '-c', 'cd /opt/***/dbt && dbt build --profiles-dir . --target dev']
[2026-07-05T09:02:32.869+0000] {subprocess.py:86} INFO - Output:
[2026-07-05T09:02:34.831+0000] {subprocess.py:93} INFO - [0m09:02:34  Running with dbt=1.11.11
[2026-07-05T09:02:35.535+0000] {subprocess.py:93} INFO - [0m09:02:35  Registered adapter: bigquery=1.11.3
[2026-07-05T09:02:35.863+0000] {subprocess.py:93} INFO - [0m09:02:35  Found 5 models, 4 sources, 553 macros
[2026-07-05T09:02:35.865+0000] {subprocess.py:93} INFO - [0m09:02:35
[2026-07-05T09:02:35.866+0000] {subprocess.py:93} INFO - [0m09:02:35  Concurrency: 4 threads (target='dev')
[2026-07-05T09:02:35.866+0000] {subprocess.py:93} INFO - [0m09:02:35
[2026-07-05T09:02:38.164+0000] {subprocess.py:93} INFO - [0m09:02:38  1 of 5 START sql table model logistics_mart.dim_drivers ........................ [RUN]
[2026-07-05T09:02:38.167+0000] {subprocess.py:93} INFO - [0m09:02:38  2 of 5 START sql table model logistics_mart.dim_hubs ........................... [RUN]
[2026-07-05T09:02:38.170+0000] {subprocess.py:93} INFO - [0m09:02:38  3 of 5 START sql view model logistics_mart.stg_shipments ....................... [RUN]
[2026-07-05T09:02:38.175+0000] {subprocess.py:93} INFO - [0m09:02:38  4 of 5 START sql view model logistics_mart.stg_weather ......................... [RUN]
[2026-07-05T09:46:40.956+0000] {subprocess.py:93} INFO - [0m09:46:40  1 of 5 ERROR creating sql table model logistics_mart.dim_drivers ............... [[31mERROR[0m in 2642.77s]
[2026-07-05T09:46:41.167+0000] {subprocess.py:93} INFO - [0m09:46:41  2 of 5 ERROR creating sql table model logistics_mart.dim_hubs .................. [[31mERROR[0m in 2642.96s]
[2026-07-05T09:55:22.070+0000] {subprocess.py:93} INFO - [0m09:55:22  4 of 5 ERROR creating sql view model logistics_mart.stg_weather ................ [[31mERROR[0m in 3163.86s]
[2026-07-05T10:02:47.540+0000] {subprocess.py:93} INFO - [0m10:02:47  3 of 5 ERROR creating sql view model logistics_mart.stg_shipments .............. [[31mERROR[0m in 3609.32s]
[2026-07-05T10:02:47.563+0000] {subprocess.py:93} INFO - [0m10:02:47  5 of 5 SKIP relation logistics_mart.fact_shipment_weather ...................... [[33mSKIP[0m]
[2026-07-05T10:02:47.731+0000] {subprocess.py:93} INFO - [0m10:02:47
[2026-07-05T10:02:47.732+0000] {subprocess.py:93} INFO - [0m10:02:47  Finished running 3 table models, 2 view models in 1 hours 0 minutes and 11.86 seconds (3611.86s).
[2026-07-05T10:02:48.085+0000] {subprocess.py:93} INFO - [0m10:02:48
[2026-07-05T10:02:48.105+0000] {subprocess.py:93} INFO - [0m10:02:48  [31mCompleted with 4 errors, 0 partial successes, and 0 warnings:[0m
[2026-07-05T10:02:48.111+0000] {subprocess.py:93} INFO - [0m10:02:48
[2026-07-05T10:02:48.114+0000] {subprocess.py:93} INFO - [0m10:02:48  [31mFailure in model dim_drivers (models/mart/dim_drivers.sql)[0m
[2026-07-05T10:02:48.116+0000] {subprocess.py:93} INFO - [0m10:02:48    Database Error in model dim_drivers (models/mart/dim_drivers.sql)
[2026-07-05T10:02:48.117+0000] {subprocess.py:93} INFO -   409 POST https://bigquery.googleapis.com/bigquery/v2/projects/logistics-500519/jobs?prettyPrint=false: Already Exists: Job logistics-500519:US.50ad197b-1835-4c6c-bce0-73faac051b5d
[2026-07-05T10:02:48.117+0000] {subprocess.py:93} INFO - 
[2026-07-05T10:02:48.118+0000] {subprocess.py:93} INFO -   Location: None
[2026-07-05T10:02:48.118+0000] {subprocess.py:93} INFO -   Job ID: 50ad197b-1835-4c6c-bce0-73faac051b5d
[2026-07-05T10:02:48.119+0000] {subprocess.py:93} INFO - 
[2026-07-05T10:02:48.120+0000] {subprocess.py:93} INFO -   compiled code at target/run/logistics_lakehouse/models/mart/dim_drivers.sql
[2026-07-05T10:02:48.120+0000] {subprocess.py:93} INFO - [0m10:02:48
[2026-07-05T10:02:48.121+0000] {subprocess.py:93} INFO - [0m10:02:48    compiled code at target/compiled/logistics_lakehouse/models/mart/dim_drivers.sql
[2026-07-05T10:02:48.121+0000] {subprocess.py:93} INFO - [0m10:02:48
[2026-07-05T10:02:48.122+0000] {subprocess.py:93} INFO - [0m10:02:48  [31mFailure in model dim_hubs (models/mart/dim_hubs.sql)[0m
[2026-07-05T10:02:48.137+0000] {subprocess.py:93} INFO - [0m10:02:48    Database Error in model dim_hubs (models/mart/dim_hubs.sql)
[2026-07-05T10:02:48.153+0000] {subprocess.py:93} INFO -   409 POST https://bigquery.googleapis.com/bigquery/v2/projects/logistics-500519/jobs?prettyPrint=false: Already Exists: Job logistics-500519:US.ec94b9c6-ec9c-4f7c-8743-8d0645aa82e4
[2026-07-05T10:02:48.174+0000] {subprocess.py:93} INFO - 
[2026-07-05T10:02:48.175+0000] {subprocess.py:93} INFO -   Location: None
[2026-07-05T10:02:48.176+0000] {subprocess.py:93} INFO -   Job ID: ec94b9c6-ec9c-4f7c-8743-8d0645aa82e4
[2026-07-05T10:02:48.178+0000] {subprocess.py:93} INFO - 
[2026-07-05T10:02:48.179+0000] {subprocess.py:93} INFO -   compiled code at target/run/logistics_lakehouse/models/mart/dim_hubs.sql
[2026-07-05T10:02:48.180+0000] {subprocess.py:93} INFO - [0m10:02:48
[2026-07-05T10:02:48.181+0000] {subprocess.py:93} INFO - [0m10:02:48    compiled code at target/compiled/logistics_lakehouse/models/mart/dim_hubs.sql
[2026-07-05T10:02:48.183+0000] {subprocess.py:93} INFO - [0m10:02:48
[2026-07-05T10:02:48.183+0000] {subprocess.py:93} INFO - [0m10:02:48  [31mFailure in model stg_weather (models/staging/stg_weather.sql)[0m
[2026-07-05T10:02:48.185+0000] {subprocess.py:93} INFO - [0m10:02:48    Database Error in model stg_weather (models/staging/stg_weather.sql)
[2026-07-05T10:02:48.187+0000] {subprocess.py:93} INFO -   Operation did not complete within the designated timeout of 300 seconds.
[2026-07-05T10:02:48.190+0000] {subprocess.py:93} INFO -   compiled code at target/run/logistics_lakehouse/models/staging/stg_weather.sql
[2026-07-05T10:02:48.191+0000] {subprocess.py:93} INFO - [0m10:02:48
[2026-07-05T10:02:48.192+0000] {subprocess.py:93} INFO - [0m10:02:48    compiled code at target/compiled/logistics_lakehouse/models/staging/stg_weather.sql
[2026-07-05T10:02:48.193+0000] {subprocess.py:93} INFO - [0m10:02:48
[2026-07-05T10:02:48.194+0000] {subprocess.py:93} INFO - [0m10:02:48  [31mFailure in model stg_shipments (models/staging/stg_shipments.sql)[0m
[2026-07-05T10:02:48.194+0000] {subprocess.py:93} INFO - [0m10:02:48    Database Error in model stg_shipments (models/staging/stg_shipments.sql)
[2026-07-05T10:02:48.195+0000] {subprocess.py:93} INFO -   ('Connection aborted.', RemoteDisconnected('Remote end closed connection without response'))
[2026-07-05T10:02:48.195+0000] {subprocess.py:93} INFO -   compiled code at target/run/logistics_lakehouse/models/staging/stg_shipments.sql
[2026-07-05T10:02:48.196+0000] {subprocess.py:93} INFO - [0m10:02:48
[2026-07-05T10:02:48.197+0000] {subprocess.py:93} INFO - [0m10:02:48    compiled code at target/compiled/logistics_lakehouse/models/staging/stg_shipments.sql
[2026-07-05T10:02:48.197+0000] {subprocess.py:93} INFO - [0m10:02:48
[2026-07-05T10:02:48.198+0000] {subprocess.py:93} INFO - [0m10:02:48  Done. PASS=0 WARN=0 ERROR=4 SKIP=1 NO-OP=0 TOTAL=5
[2026-07-05T10:02:51.679+0000] {subprocess.py:97} INFO - Command exited with return code 1
[2026-07-05T10:02:51.706+0000] {taskinstance.py:441} INFO - ::group::Post task execution logs
[2026-07-05T10:02:51.788+0000] {taskinstance.py:2905} ERROR - Task failed with exception
Traceback (most recent call last):
  File "/home/airflow/.local/lib/python3.12/site-packages/airflow/models/taskinstance.py", line 465, in _execute_task
    result = _execute_callable(context=context, **execute_callable_kwargs)
             ^^^^^^^^^^^^^^^^^^^^^^^^^^^^^^^^^^^^^^^^^^^^^^^^^^^^^^^^^^^^^
  File "/home/airflow/.local/lib/python3.12/site-packages/airflow/models/taskinstance.py", line 432, in _execute_callable
    return execute_callable(context=context, **execute_callable_kwargs)
           ^^^^^^^^^^^^^^^^^^^^^^^^^^^^^^^^^^^^^^^^^^^^^^^^^^^^^^^^^^^^
  File "/home/airflow/.local/lib/python3.12/site-packages/airflow/models/baseoperator.py", line 400, in wrapper
    return func(self, *args, **kwargs)
           ^^^^^^^^^^^^^^^^^^^^^^^^^^^
  File "/home/airflow/.local/lib/python3.12/site-packages/airflow/operators/bash.py", line 243, in execute
    raise AirflowException(
airflow.exceptions.AirflowException: Bash command failed. The command returned a non-zero exit code 1.
[2026-07-05T10:02:51.818+0000] {taskinstance.py:1206} INFO - Marking task as FAILED. dag_id=gold_dbt_dag, task_id=trigger_dbt_build, run_id=dataset_triggered__2026-07-05T02:35:48.806033+00:00, execution_date=20260705T023548, start_date=20260705T090232, end_date=20260705T100251
[2026-07-05T10:02:51.970+0000] {standard_task_runner.py:110} ERROR - Failed to execute job 650 for task trigger_dbt_build (Bash command failed. The command returned a non-zero exit code 1.; 47851)
[2026-07-05T10:02:52.075+0000] {local_task_job_runner.py:240} INFO - Task exited with return code 1
[2026-07-05T10:02:52.151+0000] {taskinstance.py:3498} INFO - 0 downstream tasks scheduled from follow-on schedule check
[2026-07-05T10:02:52.175+0000] {local_task_job_runner.py:222} INFO - ::endgroup::
