[2026-07-05T02:35:49.891+0000] {local_task_job_runner.py:120} INFO - ::group::Pre task execution logs
[2026-07-05T02:35:49.920+0000] {taskinstance.py:2076} INFO - Dependencies all met for dep_context=non-requeueable deps ti=<TaskInstance: gold_dbt_dag.trigger_dbt_build dataset_triggered__2026-07-05T02:35:48.806033+00:00 [queued]>
[2026-07-05T02:35:49.925+0000] {taskinstance.py:2076} INFO - Dependencies all met for dep_context=requeueable deps ti=<TaskInstance: gold_dbt_dag.trigger_dbt_build dataset_triggered__2026-07-05T02:35:48.806033+00:00 [queued]>
[2026-07-05T02:35:49.925+0000] {taskinstance.py:2306} INFO - Starting attempt 1 of 2
[2026-07-05T02:35:49.931+0000] {taskinstance.py:2330} INFO - Executing <Task(BashOperator): trigger_dbt_build> on 2026-07-05 02:35:48.806033+00:00
[2026-07-05T02:35:49.935+0000] {logging_mixin.py:188} WARNING - /home/***/.local/lib/python3.12/site-packages/***/task/task_runner/standard_task_runner.py:61 DeprecationWarning: This process (pid=44507) is multi-threaded, use of fork() may lead to deadlocks in the child.
[2026-07-05T02:35:49.936+0000] {standard_task_runner.py:63} INFO - Started process 44508 to run task
[2026-07-05T02:35:49.936+0000] {standard_task_runner.py:90} INFO - Running: ['***', 'tasks', 'run', 'gold_dbt_dag', 'trigger_dbt_build', 'dataset_triggered__2026-07-05T02:35:48.806033+00:00', '--job-id', '614', '--raw', '--subdir', 'DAGS_FOLDER/dag_gold_dbt.py', '--cfg-path', '/tmp/tmphqs0_q58']
[2026-07-05T02:35:49.937+0000] {standard_task_runner.py:91} INFO - Job 614: Subtask trigger_dbt_build
[2026-07-05T02:35:49.972+0000] {task_command.py:426} INFO - Running <TaskInstance: gold_dbt_dag.trigger_dbt_build dataset_triggered__2026-07-05T02:35:48.806033+00:00 [running]> on host bd23e89d97be
[2026-07-05T02:35:50.015+0000] {taskinstance.py:2648} INFO - Exporting env vars: AIRFLOW_CTX_DAG_OWNER='data_engineer' AIRFLOW_CTX_DAG_ID='gold_dbt_dag' AIRFLOW_CTX_TASK_ID='trigger_dbt_build' AIRFLOW_CTX_EXECUTION_DATE='2026-07-05T02:35:48.806033+00:00' AIRFLOW_CTX_TRY_NUMBER='1' AIRFLOW_CTX_DAG_RUN_ID='dataset_triggered__2026-07-05T02:35:48.806033+00:00'
[2026-07-05T02:35:50.016+0000] {taskinstance.py:430} INFO - ::endgroup::
[2026-07-05T02:35:50.024+0000] {subprocess.py:63} INFO - Tmp dir root location: /tmp
[2026-07-05T02:35:50.026+0000] {subprocess.py:75} INFO - Running command: ['/usr/bin/bash', '-c', 'cd /opt/***/dbt && dbt build --profiles-dir . --target dev']
[2026-07-05T02:35:50.029+0000] {subprocess.py:86} INFO - Output:
[2026-07-05T02:35:51.151+0000] {subprocess.py:93} INFO - [0m02:35:51  Running with dbt=1.11.11
[2026-07-05T02:35:51.704+0000] {subprocess.py:93} INFO - [0m02:35:51  Registered adapter: bigquery=1.11.3
[2026-07-05T02:35:51.910+0000] {subprocess.py:93} INFO - [0m02:35:51  Found 5 models, 4 sources, 553 macros
[2026-07-05T02:35:51.911+0000] {subprocess.py:93} INFO - [0m02:35:51
[2026-07-05T02:35:51.911+0000] {subprocess.py:93} INFO - [0m02:35:51  Concurrency: 4 threads (target='dev')
[2026-07-05T02:35:51.912+0000] {subprocess.py:93} INFO - [0m02:35:51
[2026-07-05T02:35:53.416+0000] {subprocess.py:93} INFO - [0m02:35:53  1 of 5 START sql table model logistics_mart.dim_drivers ........................ [RUN]
[2026-07-05T02:35:53.417+0000] {subprocess.py:93} INFO - [0m02:35:53  2 of 5 START sql table model logistics_mart.dim_hubs ........................... [RUN]
[2026-07-05T02:35:53.417+0000] {subprocess.py:93} INFO - [0m02:35:53  3 of 5 START sql view model logistics_mart.stg_shipments ....................... [RUN]
[2026-07-05T02:35:53.418+0000] {subprocess.py:93} INFO - [0m02:35:53  4 of 5 START sql view model logistics_mart.stg_weather ......................... [RUN]
[2026-07-05T04:02:08.405+0000] {subprocess.py:93} INFO - [0m04:02:08  2 of 5 OK created sql table model logistics_mart.dim_hubs ...................... [[32mCREATE TABLE (3.0 rows, 149.0 Bytes processed)[0m in 5174.98s]
[2026-07-05T04:47:13.208+0000] {subprocess.py:93} INFO - [0m04:47:13  3 of 5 ERROR creating sql view model logistics_mart.stg_shipments .............. [[31mERROR[0m in 7879.79s]
[2026-07-05T06:49:15.408+0000] {subprocess.py:93} INFO - [0m06:49:15  4 of 5 ERROR creating sql view model logistics_mart.stg_weather ................ [[31mERROR[0m in 15201.98s]
[2026-07-05T06:49:15.413+0000] {subprocess.py:93} INFO - [0m06:49:15  5 of 5 SKIP relation logistics_mart.fact_shipment_weather ...................... [[33mSKIP[0m]
[2026-07-05T08:04:48.777+0000] {subprocess.py:93} INFO - [0m08:04:48  1 of 5 ERROR creating sql table model logistics_mart.dim_drivers ............... [[31mERROR[0m in 19735.36s]
[2026-07-05T08:04:48.818+0000] {subprocess.py:93} INFO - [0m08:04:48
[2026-07-05T08:04:48.819+0000] {subprocess.py:93} INFO - [0m08:04:48  Finished running 3 table models, 2 view models in 5 hours 28 minutes and 56.91 seconds (19736.91s).
[2026-07-05T08:04:48.876+0000] {subprocess.py:93} INFO - [0m08:04:48
[2026-07-05T08:04:48.876+0000] {subprocess.py:93} INFO - [0m08:04:48  [31mCompleted with 3 errors, 0 partial successes, and 0 warnings:[0m
[2026-07-05T08:04:48.877+0000] {subprocess.py:93} INFO - [0m08:04:48
[2026-07-05T08:04:48.878+0000] {subprocess.py:93} INFO - [0m08:04:48  [31mFailure in model stg_shipments (models/staging/stg_shipments.sql)[0m
[2026-07-05T08:04:48.879+0000] {subprocess.py:93} INFO - [0m08:04:48    Database Error in model stg_shipments (models/staging/stg_shipments.sql)
[2026-07-05T08:04:48.879+0000] {subprocess.py:93} INFO -   409 POST https://bigquery.googleapis.com/bigquery/v2/projects/logistics-500519/jobs?prettyPrint=false: Already Exists: Job logistics-500519:US.6bfdf14b-40d8-4bd3-882c-77c9c84d09d1
[2026-07-05T08:04:48.879+0000] {subprocess.py:93} INFO - 
[2026-07-05T08:04:48.879+0000] {subprocess.py:93} INFO -   Location: None
[2026-07-05T08:04:48.880+0000] {subprocess.py:93} INFO -   Job ID: 6bfdf14b-40d8-4bd3-882c-77c9c84d09d1
[2026-07-05T08:04:48.880+0000] {subprocess.py:93} INFO - 
[2026-07-05T08:04:48.880+0000] {subprocess.py:93} INFO -   compiled code at target/run/logistics_lakehouse/models/staging/stg_shipments.sql
[2026-07-05T08:04:48.880+0000] {subprocess.py:93} INFO - [0m08:04:48
[2026-07-05T08:04:48.880+0000] {subprocess.py:93} INFO - [0m08:04:48    compiled code at target/compiled/logistics_lakehouse/models/staging/stg_shipments.sql
[2026-07-05T08:04:48.881+0000] {subprocess.py:93} INFO - [0m08:04:48
[2026-07-05T08:04:48.881+0000] {subprocess.py:93} INFO - [0m08:04:48  [31mFailure in model stg_weather (models/staging/stg_weather.sql)[0m
[2026-07-05T08:04:48.881+0000] {subprocess.py:93} INFO - [0m08:04:48    Database Error in model stg_weather (models/staging/stg_weather.sql)
[2026-07-05T08:04:48.881+0000] {subprocess.py:93} INFO -   409 POST https://bigquery.googleapis.com/bigquery/v2/projects/logistics-500519/jobs?prettyPrint=false: Already Exists: Job logistics-500519:US.cf34a21f-dcd7-465d-a552-ad77ffcd3ce2
[2026-07-05T08:04:48.881+0000] {subprocess.py:93} INFO - 
[2026-07-05T08:04:48.882+0000] {subprocess.py:93} INFO -   Location: None
[2026-07-05T08:04:48.882+0000] {subprocess.py:93} INFO -   Job ID: cf34a21f-dcd7-465d-a552-ad77ffcd3ce2
[2026-07-05T08:04:48.882+0000] {subprocess.py:93} INFO - 
[2026-07-05T08:04:48.882+0000] {subprocess.py:93} INFO -   compiled code at target/run/logistics_lakehouse/models/staging/stg_weather.sql
[2026-07-05T08:04:48.882+0000] {subprocess.py:93} INFO - [0m08:04:48
[2026-07-05T08:04:48.882+0000] {subprocess.py:93} INFO - [0m08:04:48    compiled code at target/compiled/logistics_lakehouse/models/staging/stg_weather.sql
[2026-07-05T08:04:48.882+0000] {subprocess.py:93} INFO - [0m08:04:48
[2026-07-05T08:04:48.882+0000] {subprocess.py:93} INFO - [0m08:04:48  [31mFailure in model dim_drivers (models/mart/dim_drivers.sql)[0m
[2026-07-05T08:04:48.883+0000] {subprocess.py:93} INFO - [0m08:04:48    Database Error in model dim_drivers (models/mart/dim_drivers.sql)
[2026-07-05T08:04:48.883+0000] {subprocess.py:93} INFO -   409 POST https://bigquery.googleapis.com/bigquery/v2/projects/logistics-500519/jobs?prettyPrint=false: Already Exists: Job logistics-500519:US.fcd2951d-6361-4c74-ac3b-a3da2bff860e
[2026-07-05T08:04:48.883+0000] {subprocess.py:93} INFO - 
[2026-07-05T08:04:48.883+0000] {subprocess.py:93} INFO -   Location: None
[2026-07-05T08:04:48.883+0000] {subprocess.py:93} INFO -   Job ID: fcd2951d-6361-4c74-ac3b-a3da2bff860e
[2026-07-05T08:04:48.883+0000] {subprocess.py:93} INFO - 
[2026-07-05T08:04:48.884+0000] {subprocess.py:93} INFO -   compiled code at target/run/logistics_lakehouse/models/mart/dim_drivers.sql
[2026-07-05T08:04:48.884+0000] {subprocess.py:93} INFO - [0m08:04:48
[2026-07-05T08:04:48.884+0000] {subprocess.py:93} INFO - [0m08:04:48    compiled code at target/compiled/logistics_lakehouse/models/mart/dim_drivers.sql
[2026-07-05T08:04:48.884+0000] {subprocess.py:93} INFO - [0m08:04:48
[2026-07-05T08:04:48.884+0000] {subprocess.py:93} INFO - [0m08:04:48  Done. PASS=1 WARN=0 ERROR=3 SKIP=1 NO-OP=0 TOTAL=5
[2026-07-05T08:04:51.869+0000] {subprocess.py:97} INFO - Command exited with return code 1
[2026-07-05T08:04:51.870+0000] {taskinstance.py:441} INFO - ::group::Post task execution logs
[2026-07-05T08:04:51.881+0000] {taskinstance.py:2905} ERROR - Task failed with exception
Traceback (most recent call last):
  File "/home/airflow/.local/lib/python3.12/site-packages/airflow/models/taskinstance.py", line 465, in _execute_task
    result = _execute_callable(context=context, **execute_callable_kwargs)
             ^^^^^^^^^^^^^^^^^^^^^^^^^^^^^^^^^^^^^^^^^^^^^^^^^^^^^^^^^^^^^
  File "/home/airflow/.local/lib/python3.12/site-packages/airflow/models/taskinstance.py", line 432, in _execute_callable
    return execute_callable(context=context, **execute_callable_kwargs)
           ^^^^^^^^^^^^^^^^^^^^^^^^^^^^^^^^^^^^^^^^^^^^^^^^^^^^^^^^^^^^
  File "/home/airflow/.local/lib/python3.12/site-packages/airflow/models/baseoperator.py", line 400, in wrapper
    return func(self, *args, **kwargs)
           ^^^^^^^^^^^^^^^^^^^^^^^^^^^
  File "/home/airflow/.local/lib/python3.12/site-packages/airflow/operators/bash.py", line 243, in execute
    raise AirflowException(
airflow.exceptions.AirflowException: Bash command failed. The command returned a non-zero exit code 1.
[2026-07-05T08:04:51.884+0000] {taskinstance.py:1206} INFO - Marking task as UP_FOR_RETRY. dag_id=gold_dbt_dag, task_id=trigger_dbt_build, run_id=dataset_triggered__2026-07-05T02:35:48.806033+00:00, execution_date=20260705T023548, start_date=20260705T023549, end_date=20260705T080451
[2026-07-05T08:04:51.897+0000] {standard_task_runner.py:110} ERROR - Failed to execute job 614 for task trigger_dbt_build (Bash command failed. The command returned a non-zero exit code 1.; 44508)
[2026-07-05T08:04:51.925+0000] {local_task_job_runner.py:240} INFO - Task exited with return code 1
[2026-07-05T08:04:51.935+0000] {taskinstance.py:3498} INFO - 0 downstream tasks scheduled from follow-on schedule check
[2026-07-05T08:04:51.936+0000] {local_task_job_runner.py:222} INFO - ::endgroup::
