[2026-07-01T03:37:24.337+0000] {local_task_job_runner.py:120} INFO - ::group::Pre task execution logs
[2026-07-01T03:37:24.396+0000] {taskinstance.py:2076} INFO - Dependencies all met for dep_context=non-requeueable deps ti=<TaskInstance: silver_weather_dag.spark_weather_to_iceberg manual__2026-07-01T03:37:24.123530+00:00 [queued]>
[2026-07-01T03:37:24.402+0000] {taskinstance.py:2076} INFO - Dependencies all met for dep_context=requeueable deps ti=<TaskInstance: silver_weather_dag.spark_weather_to_iceberg manual__2026-07-01T03:37:24.123530+00:00 [queued]>
[2026-07-01T03:37:24.402+0000] {taskinstance.py:2306} INFO - Starting attempt 1 of 1
[2026-07-01T03:37:24.424+0000] {taskinstance.py:2330} INFO - Executing <Task(BashOperator): spark_weather_to_iceberg> on 2026-07-01 03:37:24.123530+00:00
[2026-07-01T03:37:24.431+0000] {logging_mixin.py:188} WARNING - /home/***/.local/lib/python3.12/site-packages/***/task/task_runner/standard_task_runner.py:61 DeprecationWarning: This process (pid=2614) is multi-threaded, use of fork() may lead to deadlocks in the child.
[2026-07-01T03:37:24.430+0000] {standard_task_runner.py:90} INFO - Running: ['***', 'tasks', 'run', 'silver_weather_dag', 'spark_weather_to_iceberg', 'manual__2026-07-01T03:37:24.123530+00:00', '--job-id', '18', '--raw', '--subdir', 'DAGS_FOLDER/dag_silver_weather.py', '--cfg-path', '/tmp/tmpytmukt8z']
[2026-07-01T03:37:24.432+0000] {standard_task_runner.py:91} INFO - Job 18: Subtask spark_weather_to_iceberg
[2026-07-01T03:37:24.432+0000] {standard_task_runner.py:63} INFO - Started process 2615 to run task
[2026-07-01T03:37:24.454+0000] {task_command.py:426} INFO - Running <TaskInstance: silver_weather_dag.spark_weather_to_iceberg manual__2026-07-01T03:37:24.123530+00:00 [running]> on host 2acd144119ec
[2026-07-01T03:37:24.492+0000] {taskinstance.py:2648} INFO - Exporting env vars: AIRFLOW_CTX_DAG_OWNER='data_engineer' AIRFLOW_CTX_DAG_ID='silver_weather_dag' AIRFLOW_CTX_TASK_ID='spark_weather_to_iceberg' AIRFLOW_CTX_EXECUTION_DATE='2026-07-01T03:37:24.123530+00:00' AIRFLOW_CTX_TRY_NUMBER='1' AIRFLOW_CTX_DAG_RUN_ID='manual__2026-07-01T03:37:24.123530+00:00'
[2026-07-01T03:37:24.493+0000] {taskinstance.py:430} INFO - ::endgroup::
[2026-07-01T03:37:24.500+0000] {subprocess.py:63} INFO - Tmp dir root location: /tmp
[2026-07-01T03:37:24.501+0000] {subprocess.py:75} INFO - Running command: ['/usr/bin/bash', '-c', 'export JAVA_HOME=$(ls -d /usr/lib/jvm/java-17-openjdk-* | head -n 1) && python /opt/***/dags/spark/silver_weather.py "gs://your-lakehouse-bucket/bronze/weather/weather_forecast_latest.parquet" "weather_iceberg"']
[2026-07-01T03:37:24.506+0000] {subprocess.py:86} INFO - Output:
[2026-07-01T03:37:24.508+0000] {subprocess.py:93} INFO - ls: cannot access '/usr/lib/jvm/java-17-openjdk-*': No such file or directory
[2026-07-01T03:37:24.858+0000] {subprocess.py:93} INFO - JAVA_HOME is not set
[2026-07-01T03:37:24.958+0000] {subprocess.py:93} INFO - Traceback (most recent call last):
[2026-07-01T03:37:24.959+0000] {subprocess.py:93} INFO -   File "/opt/***/dags/spark/silver_weather.py", line 52, in <module>
[2026-07-01T03:37:24.959+0000] {subprocess.py:93} INFO -     process_weather_to_iceberg(bronze_parquet_path, table_name)
[2026-07-01T03:37:24.959+0000] {subprocess.py:93} INFO -   File "/opt/***/dags/spark/silver_weather.py", line 13, in process_weather_to_iceberg
[2026-07-01T03:37:24.959+0000] {subprocess.py:93} INFO -     .getOrCreate()
[2026-07-01T03:37:24.959+0000] {subprocess.py:93} INFO -      ^^^^^^^^^^^^^
[2026-07-01T03:37:24.959+0000] {subprocess.py:93} INFO -   File "/home/***/.local/lib/python3.12/site-packages/pyspark/sql/session.py", line 557, in getOrCreate
[2026-07-01T03:37:24.959+0000] {subprocess.py:93} INFO -     sc = SparkContext.getOrCreate(sparkConf)
[2026-07-01T03:37:24.960+0000] {subprocess.py:93} INFO -          ^^^^^^^^^^^^^^^^^^^^^^^^^^^^^^^^^^^
[2026-07-01T03:37:24.960+0000] {subprocess.py:93} INFO -   File "/home/***/.local/lib/python3.12/site-packages/pyspark/core/context.py", line 542, in getOrCreate
[2026-07-01T03:37:24.960+0000] {subprocess.py:93} INFO -     SparkContext(conf=conf or SparkConf())
[2026-07-01T03:37:24.960+0000] {subprocess.py:93} INFO -   File "/home/***/.local/lib/python3.12/site-packages/pyspark/core/context.py", line 206, in __init__
[2026-07-01T03:37:24.960+0000] {subprocess.py:93} INFO -     SparkContext._ensure_initialized(self, gateway=gateway, conf=conf)
[2026-07-01T03:37:24.960+0000] {subprocess.py:93} INFO -   File "/home/***/.local/lib/python3.12/site-packages/pyspark/core/context.py", line 463, in _ensure_initialized
[2026-07-01T03:37:24.961+0000] {subprocess.py:93} INFO -     SparkContext._gateway = gateway or launch_gateway(conf)
[2026-07-01T03:37:24.961+0000] {subprocess.py:93} INFO -                                        ^^^^^^^^^^^^^^^^^^^^
[2026-07-01T03:37:24.961+0000] {subprocess.py:93} INFO -   File "/home/***/.local/lib/python3.12/site-packages/pyspark/java_gateway.py", line 111, in launch_gateway
[2026-07-01T03:37:24.961+0000] {subprocess.py:93} INFO -     raise PySparkRuntimeError(
[2026-07-01T03:37:24.961+0000] {subprocess.py:93} INFO - pyspark.errors.exceptions.base.PySparkRuntimeError: [JAVA_GATEWAY_EXITED] Java gateway process exited before sending its port number.
[2026-07-01T03:37:24.987+0000] {subprocess.py:97} INFO - Command exited with return code 1
[2026-07-01T03:37:24.988+0000] {taskinstance.py:441} INFO - ::group::Post task execution logs
[2026-07-01T03:37:24.995+0000] {taskinstance.py:2905} ERROR - Task failed with exception
Traceback (most recent call last):
  File "/home/airflow/.local/lib/python3.12/site-packages/airflow/models/taskinstance.py", line 465, in _execute_task
    result = _execute_callable(context=context, **execute_callable_kwargs)
             ^^^^^^^^^^^^^^^^^^^^^^^^^^^^^^^^^^^^^^^^^^^^^^^^^^^^^^^^^^^^^
  File "/home/airflow/.local/lib/python3.12/site-packages/airflow/models/taskinstance.py", line 432, in _execute_callable
    return execute_callable(context=context, **execute_callable_kwargs)
           ^^^^^^^^^^^^^^^^^^^^^^^^^^^^^^^^^^^^^^^^^^^^^^^^^^^^^^^^^^^^
  File "/home/airflow/.local/lib/python3.12/site-packages/airflow/models/baseoperator.py", line 400, in wrapper
    return func(self, *args, **kwargs)
           ^^^^^^^^^^^^^^^^^^^^^^^^^^^
  File "/home/airflow/.local/lib/python3.12/site-packages/airflow/operators/bash.py", line 243, in execute
    raise AirflowException(
airflow.exceptions.AirflowException: Bash command failed. The command returned a non-zero exit code 1.
[2026-07-01T03:37:25.001+0000] {taskinstance.py:1206} INFO - Marking task as FAILED. dag_id=silver_weather_dag, task_id=spark_weather_to_iceberg, run_id=manual__2026-07-01T03:37:24.123530+00:00, execution_date=20260701T033724, start_date=20260701T033724, end_date=20260701T033724
[2026-07-01T03:37:25.007+0000] {standard_task_runner.py:110} ERROR - Failed to execute job 18 for task spark_weather_to_iceberg (Bash command failed. The command returned a non-zero exit code 1.; 2615)
[2026-07-01T03:37:25.029+0000] {local_task_job_runner.py:240} INFO - Task exited with return code 1
[2026-07-01T03:37:25.037+0000] {taskinstance.py:3498} INFO - 0 downstream tasks scheduled from follow-on schedule check
[2026-07-01T03:37:25.037+0000] {local_task_job_runner.py:222} INFO - ::endgroup::
