[2026-07-12T18:53:10.917+0000] {local_task_job_runner.py:120} INFO - ::group::Pre task execution logs
[2026-07-12T18:53:10.941+0000] {taskinstance.py:2076} INFO - Dependencies all met for dep_context=non-requeueable deps ti=<TaskInstance: gold_dbt_dag.trigger_dbt_build manual__2026-07-12T18:50:58.143766+00:00 [queued]>
[2026-07-12T18:53:10.944+0000] {taskinstance.py:2076} INFO - Dependencies all met for dep_context=requeueable deps ti=<TaskInstance: gold_dbt_dag.trigger_dbt_build manual__2026-07-12T18:50:58.143766+00:00 [queued]>
[2026-07-12T18:53:10.944+0000] {taskinstance.py:2306} INFO - Starting attempt 2 of 2
[2026-07-12T18:53:10.949+0000] {taskinstance.py:2330} INFO - Executing <Task(BashOperator): trigger_dbt_build> on 2026-07-12 18:50:58.143766+00:00
[2026-07-12T18:53:10.962+0000] {standard_task_runner.py:90} INFO - Running: ['***', 'tasks', 'run', 'gold_dbt_dag', 'trigger_dbt_build', 'manual__2026-07-12T18:50:58.143766+00:00', '--job-id', '203', '--raw', '--subdir', 'DAGS_FOLDER/dag_gold_dbt.py', '--cfg-path', '/tmp/tmp2hhm_pv_']
[2026-07-12T18:53:10.965+0000] {standard_task_runner.py:91} INFO - Job 203: Subtask trigger_dbt_build
[2026-07-12T18:53:10.976+0000] {logging_mixin.py:188} WARNING - /home/***/.local/lib/python3.12/site-packages/***/task/task_runner/standard_task_runner.py:61 DeprecationWarning: This process (pid=35052) is multi-threaded, use of fork() may lead to deadlocks in the child.
[2026-07-12T18:53:10.976+0000] {standard_task_runner.py:63} INFO - Started process 35053 to run task
[2026-07-12T18:53:10.991+0000] {task_command.py:426} INFO - Running <TaskInstance: gold_dbt_dag.trigger_dbt_build manual__2026-07-12T18:50:58.143766+00:00 [running]> on host ad4e12f53b08
[2026-07-12T18:53:11.028+0000] {taskinstance.py:2648} INFO - Exporting env vars: AIRFLOW_CTX_DAG_OWNER='data_engineer' AIRFLOW_CTX_DAG_ID='gold_dbt_dag' AIRFLOW_CTX_TASK_ID='trigger_dbt_build' AIRFLOW_CTX_EXECUTION_DATE='2026-07-12T18:50:58.143766+00:00' AIRFLOW_CTX_TRY_NUMBER='2' AIRFLOW_CTX_DAG_RUN_ID='manual__2026-07-12T18:50:58.143766+00:00'
[2026-07-12T18:53:11.028+0000] {taskinstance.py:430} INFO - ::endgroup::
[2026-07-12T18:53:11.046+0000] {subprocess.py:63} INFO - Tmp dir root location: /tmp
[2026-07-12T18:53:11.047+0000] {subprocess.py:75} INFO - Running command: ['/usr/bin/bash', '-c', 'cd /opt/***/dbt && dbt build --profiles-dir . --target dev']
[2026-07-12T18:53:11.054+0000] {subprocess.py:86} INFO - Output:
[2026-07-12T18:53:12.197+0000] {subprocess.py:93} INFO - [0m18:53:12  Running with dbt=1.11.11
[2026-07-12T18:53:12.870+0000] {subprocess.py:93} INFO - [0m18:53:12  Registered adapter: bigquery=1.11.3
[2026-07-12T18:53:13.095+0000] {subprocess.py:93} INFO - [0m18:53:13  Found 6 models, 4 sources, 553 macros
[2026-07-12T18:53:13.097+0000] {subprocess.py:93} INFO - [0m18:53:13
[2026-07-12T18:53:13.097+0000] {subprocess.py:93} INFO - [0m18:53:13  Concurrency: 4 threads (target='dev')
[2026-07-12T18:53:13.097+0000] {subprocess.py:93} INFO - [0m18:53:13
[2026-07-12T18:53:15.114+0000] {subprocess.py:93} INFO - [0m18:53:15  1 of 6 START sql table model logistics_mart.dim_drivers ........................ [RUN]
[2026-07-12T18:53:15.116+0000] {subprocess.py:93} INFO - [0m18:53:15  2 of 6 START sql table model logistics_mart.dim_hubs ........................... [RUN]
[2026-07-12T18:53:15.116+0000] {subprocess.py:93} INFO - [0m18:53:15  3 of 6 START sql view model logistics_mart.stg_shipments ....................... [RUN]
[2026-07-12T18:53:15.117+0000] {subprocess.py:93} INFO - [0m18:53:15  4 of 6 START sql view model logistics_mart.stg_weather ......................... [RUN]
[2026-07-12T18:53:17.095+0000] {subprocess.py:93} INFO - [0m18:53:17  3 of 6 OK created sql view model logistics_mart.stg_shipments .................. [[32mCREATE VIEW (0 processed)[0m in 1.97s]
[2026-07-12T18:53:17.097+0000] {subprocess.py:93} INFO - [0m18:53:17  5 of 6 START sql view model logistics_mart.stg_weather_consensus ............... [RUN]
[2026-07-12T18:53:17.123+0000] {subprocess.py:93} INFO - [0m18:53:17  4 of 6 OK created sql view model logistics_mart.stg_weather .................... [[32mCREATE VIEW (0 processed)[0m in 2.00s]
[2026-07-12T18:53:18.610+0000] {subprocess.py:93} INFO - [0m18:53:18  5 of 6 OK created sql view model logistics_mart.stg_weather_consensus .......... [[32mCREATE VIEW (0 processed)[0m in 1.51s]
[2026-07-12T18:53:18.778+0000] {subprocess.py:93} INFO - [0m18:53:18  1 of 6 OK created sql table model logistics_mart.dim_drivers ................... [[32mCREATE TABLE (3.0 rows, 117.0 Bytes processed)[0m in 3.66s]
[2026-07-12T18:53:19.056+0000] {subprocess.py:93} INFO - [0m18:53:19  2 of 6 OK created sql table model logistics_mart.dim_hubs ...................... [[32mCREATE TABLE (3.0 rows, 176.0 Bytes processed)[0m in 3.94s]
[2026-07-12T18:53:19.060+0000] {subprocess.py:93} INFO - [0m18:53:19  6 of 6 START sql table model logistics_mart.fact_shipment_weather .............. [RUN]
[2026-07-12T18:53:20.970+0000] {subprocess.py:93} INFO - [0m18:53:20  BigQuery adapter: https://console.cloud.google.com/bigquery?project=logistics-500519&j=bq:US:651702b5-4abd-4f5b-bb33-498f7ce6f39f&page=queryresults
[2026-07-12T18:53:20.998+0000] {subprocess.py:93} INFO - [0m18:53:20  6 of 6 ERROR creating sql table model logistics_mart.fact_shipment_weather ..... [[31mERROR[0m in 1.93s]
[2026-07-12T18:53:21.058+0000] {subprocess.py:93} INFO - [0m18:53:21
[2026-07-12T18:53:21.060+0000] {subprocess.py:93} INFO - [0m18:53:21  Finished running 3 table models, 3 view models in 0 hours 0 minutes and 7.96 seconds (7.96s).
[2026-07-12T18:53:21.132+0000] {subprocess.py:93} INFO - [0m18:53:21
[2026-07-12T18:53:21.132+0000] {subprocess.py:93} INFO - [0m18:53:21  [31mCompleted with 1 error, 0 partial successes, and 0 warnings:[0m
[2026-07-12T18:53:21.133+0000] {subprocess.py:93} INFO - [0m18:53:21
[2026-07-12T18:53:21.133+0000] {subprocess.py:93} INFO - [0m18:53:21  [31mFailure in model fact_shipment_weather (models/mart/fact_shipment_weather.sql)[0m
[2026-07-12T18:53:21.134+0000] {subprocess.py:93} INFO - [0m18:53:21    Database Error in model fact_shipment_weather (models/mart/fact_shipment_weather.sql)
[2026-07-12T18:53:21.134+0000] {subprocess.py:93} INFO -   No matching signature for operator >= for argument types: DATETIME, INT64
[2026-07-12T18:53:21.134+0000] {subprocess.py:93} INFO -     Signature: T1 >= T1
[2026-07-12T18:53:21.134+0000] {subprocess.py:93} INFO -       Unable to find common supertype for templated argument <T1>
[2026-07-12T18:53:21.135+0000] {subprocess.py:93} INFO -         Input types for <T1>: {INT64, DATETIME} at [42:9]
[2026-07-12T18:53:21.135+0000] {subprocess.py:93} INFO -   compiled code at target/run/logistics_lakehouse/models/mart/fact_shipment_weather.sql
[2026-07-12T18:53:21.135+0000] {subprocess.py:93} INFO - [0m18:53:21
[2026-07-12T18:53:21.137+0000] {subprocess.py:93} INFO - [0m18:53:21    compiled code at target/compiled/logistics_lakehouse/models/mart/fact_shipment_weather.sql
[2026-07-12T18:53:21.137+0000] {subprocess.py:93} INFO - [0m18:53:21
[2026-07-12T18:53:21.138+0000] {subprocess.py:93} INFO - [0m18:53:21  Done. PASS=5 WARN=0 ERROR=1 SKIP=0 NO-OP=0 TOTAL=6
[2026-07-12T18:53:22.876+0000] {subprocess.py:97} INFO - Command exited with return code 1
[2026-07-12T18:53:22.878+0000] {taskinstance.py:441} INFO - ::group::Post task execution logs
[2026-07-12T18:53:22.896+0000] {taskinstance.py:2905} ERROR - Task failed with exception
Traceback (most recent call last):
  File "/home/airflow/.local/lib/python3.12/site-packages/airflow/models/taskinstance.py", line 465, in _execute_task
    result = _execute_callable(context=context, **execute_callable_kwargs)
             ^^^^^^^^^^^^^^^^^^^^^^^^^^^^^^^^^^^^^^^^^^^^^^^^^^^^^^^^^^^^^
  File "/home/airflow/.local/lib/python3.12/site-packages/airflow/models/taskinstance.py", line 432, in _execute_callable
    return execute_callable(context=context, **execute_callable_kwargs)
           ^^^^^^^^^^^^^^^^^^^^^^^^^^^^^^^^^^^^^^^^^^^^^^^^^^^^^^^^^^^^
  File "/home/airflow/.local/lib/python3.12/site-packages/airflow/models/baseoperator.py", line 400, in wrapper
    return func(self, *args, **kwargs)
           ^^^^^^^^^^^^^^^^^^^^^^^^^^^
  File "/home/airflow/.local/lib/python3.12/site-packages/airflow/operators/bash.py", line 243, in execute
    raise AirflowException(
airflow.exceptions.AirflowException: Bash command failed. The command returned a non-zero exit code 1.
[2026-07-12T18:53:22.900+0000] {taskinstance.py:1206} INFO - Marking task as FAILED. dag_id=gold_dbt_dag, task_id=trigger_dbt_build, run_id=manual__2026-07-12T18:50:58.143766+00:00, execution_date=20260712T185058, start_date=20260712T185310, end_date=20260712T185322
[2026-07-12T18:53:22.917+0000] {standard_task_runner.py:110} ERROR - Failed to execute job 203 for task trigger_dbt_build (Bash command failed. The command returned a non-zero exit code 1.; 35053)
[2026-07-12T18:53:22.926+0000] {local_task_job_runner.py:240} INFO - Task exited with return code 1
[2026-07-12T18:53:22.940+0000] {taskinstance.py:3498} INFO - 0 downstream tasks scheduled from follow-on schedule check
[2026-07-12T18:53:22.940+0000] {local_task_job_runner.py:222} INFO - ::endgroup::
