[2026-07-07T02:25:08.892+0000] {local_task_job_runner.py:120} INFO - ::group::Pre task execution logs
[2026-07-07T02:25:08.930+0000] {taskinstance.py:2076} INFO - Dependencies all met for dep_context=non-requeueable deps ti=<TaskInstance: gold_dbt_dag.trigger_dbt_build dataset_triggered__2026-07-07T02:09:43.789176+00:00 [queued]>
[2026-07-07T02:25:08.939+0000] {taskinstance.py:2076} INFO - Dependencies all met for dep_context=requeueable deps ti=<TaskInstance: gold_dbt_dag.trigger_dbt_build dataset_triggered__2026-07-07T02:09:43.789176+00:00 [queued]>
[2026-07-07T02:25:08.940+0000] {taskinstance.py:2306} INFO - Starting attempt 2 of 2
[2026-07-07T02:25:08.952+0000] {taskinstance.py:2330} INFO - Executing <Task(BashOperator): trigger_dbt_build> on 2026-07-07 02:09:43.789176+00:00
[2026-07-07T02:25:08.963+0000] {logging_mixin.py:188} WARNING - /home/***/.local/lib/python3.12/site-packages/***/task/task_runner/standard_task_runner.py:61 DeprecationWarning: This process (pid=19951) is multi-threaded, use of fork() may lead to deadlocks in the child.
[2026-07-07T02:25:08.964+0000] {standard_task_runner.py:63} INFO - Started process 19968 to run task
[2026-07-07T02:25:08.967+0000] {standard_task_runner.py:90} INFO - Running: ['***', 'tasks', 'run', 'gold_dbt_dag', 'trigger_dbt_build', 'dataset_triggered__2026-07-07T02:09:43.789176+00:00', '--job-id', '895', '--raw', '--subdir', 'DAGS_FOLDER/dag_gold_dbt.py', '--cfg-path', '/tmp/tmpg37zff8l']
[2026-07-07T02:25:08.970+0000] {standard_task_runner.py:91} INFO - Job 895: Subtask trigger_dbt_build
[2026-07-07T02:25:09.008+0000] {task_command.py:426} INFO - Running <TaskInstance: gold_dbt_dag.trigger_dbt_build dataset_triggered__2026-07-07T02:09:43.789176+00:00 [running]> on host bd23e89d97be
[2026-07-07T02:25:09.110+0000] {taskinstance.py:2648} INFO - Exporting env vars: AIRFLOW_CTX_DAG_OWNER='data_engineer' AIRFLOW_CTX_DAG_ID='gold_dbt_dag' AIRFLOW_CTX_TASK_ID='trigger_dbt_build' AIRFLOW_CTX_EXECUTION_DATE='2026-07-07T02:09:43.789176+00:00' AIRFLOW_CTX_TRY_NUMBER='2' AIRFLOW_CTX_DAG_RUN_ID='dataset_triggered__2026-07-07T02:09:43.789176+00:00'
[2026-07-07T02:25:09.111+0000] {taskinstance.py:430} INFO - ::endgroup::
[2026-07-07T02:25:09.136+0000] {subprocess.py:63} INFO - Tmp dir root location: /tmp
[2026-07-07T02:25:09.138+0000] {subprocess.py:75} INFO - Running command: ['/usr/bin/bash', '-c', 'cd /opt/***/dbt && dbt build --profiles-dir . --target dev']
[2026-07-07T02:25:09.151+0000] {subprocess.py:86} INFO - Output:
[2026-07-07T02:25:14.837+0000] {subprocess.py:93} INFO - [0m02:25:14  Running with dbt=1.11.11
[2026-07-07T02:25:16.736+0000] {subprocess.py:93} INFO - [0m02:25:16  Registered adapter: bigquery=1.11.3
[2026-07-07T02:25:18.217+0000] {subprocess.py:93} INFO - [0m02:25:18  Found 5 models, 4 sources, 553 macros
[2026-07-07T02:25:18.220+0000] {subprocess.py:93} INFO - [0m02:25:18
[2026-07-07T02:25:18.221+0000] {subprocess.py:93} INFO - [0m02:25:18  Concurrency: 4 threads (target='dev')
[2026-07-07T02:25:18.221+0000] {subprocess.py:93} INFO - [0m02:25:18
[2026-07-07T02:25:28.303+0000] {subprocess.py:93} INFO - [0m02:25:28  3 of 5 START sql view model logistics_mart.stg_shipments ....................... [RUN]
[2026-07-07T02:25:28.317+0000] {subprocess.py:93} INFO - [0m02:25:28  4 of 5 START sql view model logistics_mart.stg_weather ......................... [RUN]
[2026-07-07T02:25:28.320+0000] {subprocess.py:93} INFO - [0m02:25:28  1 of 5 START sql table model logistics_mart.dim_drivers ........................ [RUN]
[2026-07-07T02:25:28.322+0000] {subprocess.py:93} INFO - [0m02:25:28  2 of 5 START sql table model logistics_mart.dim_hubs ........................... [RUN]
[2026-07-07T02:25:31.909+0000] {subprocess.py:93} INFO - [0m02:25:31  3 of 5 OK created sql view model logistics_mart.stg_shipments .................. [[32mCREATE VIEW (0 processed)[0m in 3.59s]
[2026-07-07T02:25:31.914+0000] {subprocess.py:93} INFO - [0m02:25:31  4 of 5 OK created sql view model logistics_mart.stg_weather .................... [[32mCREATE VIEW (0 processed)[0m in 3.59s]
[2026-07-07T02:25:33.415+0000] {subprocess.py:93} INFO - [0m02:25:33  1 of 5 OK created sql table model logistics_mart.dim_drivers ................... [[32mCREATE TABLE (3.0 rows, 108.0 Bytes processed)[0m in 5.10s]
[2026-07-07T02:25:34.340+0000] {subprocess.py:93} INFO - [0m02:25:34  2 of 5 OK created sql table model logistics_mart.dim_hubs ...................... [[32mCREATE TABLE (3.0 rows, 149.0 Bytes processed)[0m in 6.02s]
[2026-07-07T02:25:34.368+0000] {subprocess.py:93} INFO - [0m02:25:34  5 of 5 START sql table model logistics_mart.fact_shipment_weather .............. [RUN]
[2026-07-07T02:25:52.875+0000] {subprocess.py:93} INFO - [0m02:25:52  5 of 5 OK created sql table model logistics_mart.fact_shipment_weather ......... [[32mCREATE TABLE (1.1k rows, 68.4 KiB processed)[0m in 18.50s]
[2026-07-07T02:25:52.978+0000] {subprocess.py:93} INFO - [0m02:25:52
[2026-07-07T02:25:52.981+0000] {subprocess.py:93} INFO - [0m02:25:52  Finished running 3 table models, 2 view models in 0 hours 0 minutes and 34.74 seconds (34.74s).
[2026-07-07T02:25:53.211+0000] {subprocess.py:93} INFO - [0m02:25:53
[2026-07-07T02:25:53.224+0000] {subprocess.py:93} INFO - [0m02:25:53  [32mCompleted successfully[0m
[2026-07-07T02:25:53.230+0000] {subprocess.py:93} INFO - [0m02:25:53
[2026-07-07T02:25:53.238+0000] {subprocess.py:93} INFO - [0m02:25:53  Done. PASS=5 WARN=0 ERROR=0 SKIP=0 NO-OP=0 TOTAL=5
[2026-07-07T02:25:57.672+0000] {subprocess.py:97} INFO - Command exited with return code 0
[2026-07-07T02:25:57.676+0000] {taskinstance.py:441} INFO - ::group::Post task execution logs
[2026-07-07T02:25:57.733+0000] {taskinstance.py:1206} INFO - Marking task as SUCCESS. dag_id=gold_dbt_dag, task_id=trigger_dbt_build, run_id=dataset_triggered__2026-07-07T02:09:43.789176+00:00, execution_date=20260707T020943, start_date=20260707T022508, end_date=20260707T022557
[2026-07-07T02:25:57.761+0000] {local_task_job_runner.py:240} INFO - Task exited with return code 0
[2026-07-07T02:25:57.780+0000] {taskinstance.py:3498} INFO - 0 downstream tasks scheduled from follow-on schedule check
[2026-07-07T02:25:57.781+0000] {local_task_job_runner.py:222} INFO - ::endgroup::
