[2026-07-09T20:13:48.453+0000] {local_task_job_runner.py:120} INFO - ::group::Pre task execution logs
[2026-07-09T20:13:48.467+0000] {taskinstance.py:2076} INFO - Dependencies all met for dep_context=non-requeueable deps ti=<TaskInstance: logistics_postgres_to_bq.push_to_bigquery dataset_triggered__2026-07-09T20:13:47.196232+00:00 [queued]>
[2026-07-09T20:13:48.472+0000] {taskinstance.py:2076} INFO - Dependencies all met for dep_context=requeueable deps ti=<TaskInstance: logistics_postgres_to_bq.push_to_bigquery dataset_triggered__2026-07-09T20:13:47.196232+00:00 [queued]>
[2026-07-09T20:13:48.472+0000] {taskinstance.py:2306} INFO - Starting attempt 1 of 1
[2026-07-09T20:13:48.478+0000] {taskinstance.py:2330} INFO - Executing <Task(PythonOperator): push_to_bigquery> on 2026-07-09 20:13:47.196232+00:00
[2026-07-09T20:13:48.484+0000] {logging_mixin.py:188} WARNING - /home/***/.local/lib/python3.12/site-packages/***/task/task_runner/standard_task_runner.py:61 DeprecationWarning: This process (pid=86874) is multi-threaded, use of fork() may lead to deadlocks in the child.
[2026-07-09T20:13:48.485+0000] {standard_task_runner.py:63} INFO - Started process 86934 to run task
[2026-07-09T20:13:48.484+0000] {standard_task_runner.py:90} INFO - Running: ['***', 'tasks', 'run', 'logistics_postgres_to_bq', 'push_to_bigquery', 'dataset_triggered__2026-07-09T20:13:47.196232+00:00', '--job-id', '1351', '--raw', '--subdir', 'DAGS_FOLDER/dag_postgres_to_bq.py', '--cfg-path', '/tmp/tmp0yspkumq']
[2026-07-09T20:13:48.485+0000] {standard_task_runner.py:91} INFO - Job 1351: Subtask push_to_bigquery
[2026-07-09T20:13:48.506+0000] {task_command.py:426} INFO - Running <TaskInstance: logistics_postgres_to_bq.push_to_bigquery dataset_triggered__2026-07-09T20:13:47.196232+00:00 [running]> on host bd23e89d97be
[2026-07-09T20:13:48.542+0000] {taskinstance.py:2648} INFO - Exporting env vars: AIRFLOW_CTX_DAG_OWNER='***' AIRFLOW_CTX_DAG_ID='logistics_postgres_to_bq' AIRFLOW_CTX_TASK_ID='push_to_bigquery' AIRFLOW_CTX_EXECUTION_DATE='2026-07-09T20:13:47.196232+00:00' AIRFLOW_CTX_TRY_NUMBER='1' AIRFLOW_CTX_DAG_RUN_ID='dataset_triggered__2026-07-09T20:13:47.196232+00:00'
[2026-07-09T20:13:48.543+0000] {taskinstance.py:430} INFO - ::endgroup::
[2026-07-09T20:13:49.393+0000] {logging_mixin.py:188} WARNING - /opt/***/dags/dag_postgres_to_bq.py:34 UserWarning: pandas only supports SQLAlchemy connectable (engine/connection) or database string URI or sqlite3 DBAPI2 connection. Other DBAPI2 objects are not tested. Please consider using SQLAlchemy.
[2026-07-09T20:13:54.019+0000] {logging_mixin.py:188} INFO - Pushed 1568 rows from shipments to BigQuery.
[2026-07-09T20:13:54.035+0000] {logging_mixin.py:188} WARNING - /opt/***/dags/dag_postgres_to_bq.py:34 UserWarning: pandas only supports SQLAlchemy connectable (engine/connection) or database string URI or sqlite3 DBAPI2 connection. Other DBAPI2 objects are not tested. Please consider using SQLAlchemy.
[2026-07-09T20:13:59.226+0000] {logging_mixin.py:188} INFO - Pushed 3 rows from hubs to BigQuery.
[2026-07-09T20:13:59.228+0000] {logging_mixin.py:188} WARNING - /opt/***/dags/dag_postgres_to_bq.py:34 UserWarning: pandas only supports SQLAlchemy connectable (engine/connection) or database string URI or sqlite3 DBAPI2 connection. Other DBAPI2 objects are not tested. Please consider using SQLAlchemy.
[2026-07-09T20:14:04.020+0000] {logging_mixin.py:188} INFO - Pushed 3 rows from drivers to BigQuery.
[2026-07-09T20:14:04.024+0000] {python.py:237} INFO - Done. Returned value was: None
[2026-07-09T20:14:04.031+0000] {taskinstance.py:441} INFO - ::group::Post task execution logs
[2026-07-09T20:14:04.050+0000] {taskinstance.py:1206} INFO - Marking task as SUCCESS. dag_id=logistics_postgres_to_bq, task_id=push_to_bigquery, run_id=dataset_triggered__2026-07-09T20:13:47.196232+00:00, execution_date=20260709T201347, start_date=20260709T201348, end_date=20260709T201404
[2026-07-09T20:14:04.130+0000] {local_task_job_runner.py:240} INFO - Task exited with return code 0
[2026-07-09T20:14:04.147+0000] {taskinstance.py:3498} INFO - 0 downstream tasks scheduled from follow-on schedule check
[2026-07-09T20:14:04.148+0000] {local_task_job_runner.py:222} INFO - ::endgroup::
