[2026-07-11T15:47:15.875+0000] {local_task_job_runner.py:120} INFO - ::group::Pre task execution logs
[2026-07-11T15:47:15.959+0000] {taskinstance.py:2076} INFO - Dependencies all met for dep_context=non-requeueable deps ti=<TaskInstance: gold_dbt_dag.trigger_dbt_build manual__2026-07-11T15:45:02.463153+00:00 [queued]>
[2026-07-11T15:47:15.969+0000] {taskinstance.py:2076} INFO - Dependencies all met for dep_context=requeueable deps ti=<TaskInstance: gold_dbt_dag.trigger_dbt_build manual__2026-07-11T15:45:02.463153+00:00 [queued]>
[2026-07-11T15:47:15.969+0000] {taskinstance.py:2306} INFO - Starting attempt 2 of 2
[2026-07-11T15:47:15.984+0000] {taskinstance.py:2330} INFO - Executing <Task(BashOperator): trigger_dbt_build> on 2026-07-11 15:45:02.463153+00:00
[2026-07-11T15:47:16.016+0000] {standard_task_runner.py:90} INFO - Running: ['***', 'tasks', 'run', 'gold_dbt_dag', 'trigger_dbt_build', 'manual__2026-07-11T15:45:02.463153+00:00', '--job-id', '10', '--raw', '--subdir', 'DAGS_FOLDER/dag_gold_dbt.py', '--cfg-path', '/tmp/tmpkiwqzz3b']
[2026-07-11T15:47:16.030+0000] {standard_task_runner.py:91} INFO - Job 10: Subtask trigger_dbt_build
[2026-07-11T15:47:16.030+0000] {logging_mixin.py:188} WARNING - /home/***/.local/lib/python3.12/site-packages/***/task/task_runner/standard_task_runner.py:61 DeprecationWarning: This process (pid=1834) is multi-threaded, use of fork() may lead to deadlocks in the child.
[2026-07-11T15:47:16.034+0000] {standard_task_runner.py:63} INFO - Started process 1835 to run task
[2026-07-11T15:47:16.141+0000] {task_command.py:426} INFO - Running <TaskInstance: gold_dbt_dag.trigger_dbt_build manual__2026-07-11T15:45:02.463153+00:00 [running]> on host 2208249760b3
[2026-07-11T15:47:16.216+0000] {taskinstance.py:2648} INFO - Exporting env vars: AIRFLOW_CTX_DAG_OWNER='data_engineer' AIRFLOW_CTX_DAG_ID='gold_dbt_dag' AIRFLOW_CTX_TASK_ID='trigger_dbt_build' AIRFLOW_CTX_EXECUTION_DATE='2026-07-11T15:45:02.463153+00:00' AIRFLOW_CTX_TRY_NUMBER='2' AIRFLOW_CTX_DAG_RUN_ID='manual__2026-07-11T15:45:02.463153+00:00'
[2026-07-11T15:47:16.216+0000] {taskinstance.py:430} INFO - ::endgroup::
[2026-07-11T15:47:16.242+0000] {subprocess.py:63} INFO - Tmp dir root location: /tmp
[2026-07-11T15:47:16.246+0000] {subprocess.py:75} INFO - Running command: ['/usr/bin/bash', '-c', 'cd /opt/***/dbt && dbt build --profiles-dir . --target dev']
[2026-07-11T15:47:16.254+0000] {subprocess.py:86} INFO - Output:
[2026-07-11T15:47:18.083+0000] {subprocess.py:93} INFO - [0m15:47:18  Running with dbt=1.11.11
[2026-07-11T15:47:19.038+0000] {subprocess.py:93} INFO - [0m15:47:19  Registered adapter: bigquery=1.11.3
[2026-07-11T15:47:19.309+0000] {subprocess.py:93} INFO - [0m15:47:19  Found 6 models, 4 sources, 553 macros
[2026-07-11T15:47:19.311+0000] {subprocess.py:93} INFO - [0m15:47:19
[2026-07-11T15:47:19.311+0000] {subprocess.py:93} INFO - [0m15:47:19  Concurrency: 4 threads (target='dev')
[2026-07-11T15:47:19.311+0000] {subprocess.py:93} INFO - [0m15:47:19
[2026-07-11T15:47:20.882+0000] {subprocess.py:93} INFO - [0m15:47:20  1 of 6 START sql table model logistics_mart.dim_drivers ........................ [RUN]
[2026-07-11T15:47:20.882+0000] {subprocess.py:93} INFO - [0m15:47:20  2 of 6 START sql table model logistics_mart.dim_hubs ........................... [RUN]
[2026-07-11T15:47:20.883+0000] {subprocess.py:93} INFO - [0m15:47:20  3 of 6 START sql view model logistics_mart.stg_shipments ....................... [RUN]
[2026-07-11T15:47:20.883+0000] {subprocess.py:93} INFO - [0m15:47:20  4 of 6 START sql view model logistics_mart.stg_weather ......................... [RUN]
[2026-07-11T15:47:22.781+0000] {subprocess.py:93} INFO - [0m15:47:22  BigQuery adapter: https://console.cloud.google.com/bigquery?project=logistics-500519&j=bq:US:d67b4a0d-9f7e-41f1-95e1-1cf20bc5b1b7&page=queryresults
[2026-07-11T15:47:22.808+0000] {subprocess.py:93} INFO - [0m15:47:22  2 of 6 ERROR creating sql table model logistics_mart.dim_hubs .................. [[31mERROR[0m in 1.92s]
[2026-07-11T15:47:22.811+0000] {subprocess.py:93} INFO - [0m15:47:22  5 of 6 START sql view model logistics_mart.stg_weather_consensus ............... [RUN]
[2026-07-11T15:47:22.899+0000] {subprocess.py:93} INFO - [0m15:47:22  BigQuery adapter: https://console.cloud.google.com/bigquery?project=logistics-500519&j=bq:US:8bf626cf-0abe-4b43-93be-bf0da14bd646&page=queryresults
[2026-07-11T15:47:22.904+0000] {subprocess.py:93} INFO - [0m15:47:22  3 of 6 OK created sql view model logistics_mart.stg_shipments .................. [[32mCREATE VIEW (0 processed)[0m in 2.02s]
[2026-07-11T15:47:22.905+0000] {subprocess.py:93} INFO - [0m15:47:22  4 of 6 OK created sql view model logistics_mart.stg_weather .................... [[32mCREATE VIEW (0 processed)[0m in 2.02s]
[2026-07-11T15:47:22.907+0000] {subprocess.py:93} INFO - [0m15:47:22  1 of 6 ERROR creating sql table model logistics_mart.dim_drivers ............... [[31mERROR[0m in 2.02s]
[2026-07-11T15:47:24.726+0000] {subprocess.py:93} INFO - [0m15:47:24  5 of 6 OK created sql view model logistics_mart.stg_weather_consensus .......... [[32mCREATE VIEW (0 processed)[0m in 1.91s]
[2026-07-11T15:47:24.732+0000] {subprocess.py:93} INFO - [0m15:47:24  6 of 6 SKIP relation logistics_mart.fact_shipment_weather ...................... [[33mSKIP[0m]
[2026-07-11T15:47:24.779+0000] {subprocess.py:93} INFO - [0m15:47:24
[2026-07-11T15:47:24.779+0000] {subprocess.py:93} INFO - [0m15:47:24  Finished running 3 table models, 3 view models in 0 hours 0 minutes and 5.47 seconds (5.47s).
[2026-07-11T15:47:24.809+0000] {subprocess.py:93} INFO - [0m15:47:24
[2026-07-11T15:47:24.809+0000] {subprocess.py:93} INFO - [0m15:47:24  [31mCompleted with 2 errors, 0 partial successes, and 0 warnings:[0m
[2026-07-11T15:47:24.810+0000] {subprocess.py:93} INFO - [0m15:47:24
[2026-07-11T15:47:24.810+0000] {subprocess.py:93} INFO - [0m15:47:24  [31mFailure in model dim_hubs (models/mart/dim_hubs.sql)[0m
[2026-07-11T15:47:24.810+0000] {subprocess.py:93} INFO - [0m15:47:24    Database Error in model dim_hubs (models/mart/dim_hubs.sql)
[2026-07-11T15:47:24.810+0000] {subprocess.py:93} INFO -   Unrecognized name: is_current at [24:7]
[2026-07-11T15:47:24.810+0000] {subprocess.py:93} INFO -   compiled code at target/run/logistics_lakehouse/models/mart/dim_hubs.sql
[2026-07-11T15:47:24.810+0000] {subprocess.py:93} INFO - [0m15:47:24
[2026-07-11T15:47:24.811+0000] {subprocess.py:93} INFO - [0m15:47:24    compiled code at target/compiled/logistics_lakehouse/models/mart/dim_hubs.sql
[2026-07-11T15:47:24.811+0000] {subprocess.py:93} INFO - [0m15:47:24
[2026-07-11T15:47:24.811+0000] {subprocess.py:93} INFO - [0m15:47:24  [31mFailure in model dim_drivers (models/mart/dim_drivers.sql)[0m
[2026-07-11T15:47:24.811+0000] {subprocess.py:93} INFO - [0m15:47:24    Database Error in model dim_drivers (models/mart/dim_drivers.sql)
[2026-07-11T15:47:24.811+0000] {subprocess.py:93} INFO -   Unrecognized name: is_current at [24:7]
[2026-07-11T15:47:24.812+0000] {subprocess.py:93} INFO -   compiled code at target/run/logistics_lakehouse/models/mart/dim_drivers.sql
[2026-07-11T15:47:24.812+0000] {subprocess.py:93} INFO - [0m15:47:24
[2026-07-11T15:47:24.812+0000] {subprocess.py:93} INFO - [0m15:47:24    compiled code at target/compiled/logistics_lakehouse/models/mart/dim_drivers.sql
[2026-07-11T15:47:24.812+0000] {subprocess.py:93} INFO - [0m15:47:24
[2026-07-11T15:47:24.812+0000] {subprocess.py:93} INFO - [0m15:47:24  Done. PASS=3 WARN=0 ERROR=2 SKIP=1 NO-OP=0 TOTAL=6
[2026-07-11T15:47:26.433+0000] {subprocess.py:97} INFO - Command exited with return code 1
[2026-07-11T15:47:26.435+0000] {taskinstance.py:441} INFO - ::group::Post task execution logs
[2026-07-11T15:47:26.447+0000] {taskinstance.py:2905} ERROR - Task failed with exception
Traceback (most recent call last):
  File "/home/airflow/.local/lib/python3.12/site-packages/airflow/models/taskinstance.py", line 465, in _execute_task
    result = _execute_callable(context=context, **execute_callable_kwargs)
             ^^^^^^^^^^^^^^^^^^^^^^^^^^^^^^^^^^^^^^^^^^^^^^^^^^^^^^^^^^^^^
  File "/home/airflow/.local/lib/python3.12/site-packages/airflow/models/taskinstance.py", line 432, in _execute_callable
    return execute_callable(context=context, **execute_callable_kwargs)
           ^^^^^^^^^^^^^^^^^^^^^^^^^^^^^^^^^^^^^^^^^^^^^^^^^^^^^^^^^^^^
  File "/home/airflow/.local/lib/python3.12/site-packages/airflow/models/baseoperator.py", line 400, in wrapper
    return func(self, *args, **kwargs)
           ^^^^^^^^^^^^^^^^^^^^^^^^^^^
  File "/home/airflow/.local/lib/python3.12/site-packages/airflow/operators/bash.py", line 243, in execute
    raise AirflowException(
airflow.exceptions.AirflowException: Bash command failed. The command returned a non-zero exit code 1.
[2026-07-11T15:47:26.451+0000] {taskinstance.py:1206} INFO - Marking task as FAILED. dag_id=gold_dbt_dag, task_id=trigger_dbt_build, run_id=manual__2026-07-11T15:45:02.463153+00:00, execution_date=20260711T154502, start_date=20260711T154715, end_date=20260711T154726
[2026-07-11T15:47:26.460+0000] {standard_task_runner.py:110} ERROR - Failed to execute job 10 for task trigger_dbt_build (Bash command failed. The command returned a non-zero exit code 1.; 1835)
[2026-07-11T15:47:26.505+0000] {local_task_job_runner.py:240} INFO - Task exited with return code 1
[2026-07-11T15:47:26.516+0000] {taskinstance.py:3498} INFO - 0 downstream tasks scheduled from follow-on schedule check
[2026-07-11T15:47:26.516+0000] {local_task_job_runner.py:222} INFO - ::endgroup::
