[2026-07-13T03:00:18.869+0000] {local_task_job_runner.py:120} INFO - ::group::Pre task execution logs
[2026-07-13T03:00:18.902+0000] {taskinstance.py:2076} INFO - Dependencies all met for dep_context=non-requeueable deps ti=<TaskInstance: gold_dbt_dag.trigger_dbt_build dataset_triggered__2026-07-13T03:00:18.148019+00:00 [queued]>
[2026-07-13T03:00:18.907+0000] {taskinstance.py:2076} INFO - Dependencies all met for dep_context=requeueable deps ti=<TaskInstance: gold_dbt_dag.trigger_dbt_build dataset_triggered__2026-07-13T03:00:18.148019+00:00 [queued]>
[2026-07-13T03:00:18.907+0000] {taskinstance.py:2306} INFO - Starting attempt 1 of 2
[2026-07-13T03:00:18.914+0000] {taskinstance.py:2330} INFO - Executing <Task(BashOperator): trigger_dbt_build> on 2026-07-13 03:00:18.148019+00:00
[2026-07-13T03:00:18.925+0000] {standard_task_runner.py:90} INFO - Running: ['***', 'tasks', 'run', 'gold_dbt_dag', 'trigger_dbt_build', 'dataset_triggered__2026-07-13T03:00:18.148019+00:00', '--job-id', '295', '--raw', '--subdir', 'DAGS_FOLDER/dag_gold_dbt.py', '--cfg-path', '/tmp/tmpuq4fw0a2']
[2026-07-13T03:00:18.932+0000] {standard_task_runner.py:91} INFO - Job 295: Subtask trigger_dbt_build
[2026-07-13T03:00:18.944+0000] {logging_mixin.py:188} WARNING - /home/***/.local/lib/python3.12/site-packages/***/task/task_runner/standard_task_runner.py:61 DeprecationWarning: This process (pid=52147) is multi-threaded, use of fork() may lead to deadlocks in the child.
[2026-07-13T03:00:18.944+0000] {standard_task_runner.py:63} INFO - Started process 52148 to run task
[2026-07-13T03:00:18.965+0000] {task_command.py:426} INFO - Running <TaskInstance: gold_dbt_dag.trigger_dbt_build dataset_triggered__2026-07-13T03:00:18.148019+00:00 [running]> on host ad4e12f53b08
[2026-07-13T03:00:19.035+0000] {taskinstance.py:2648} INFO - Exporting env vars: AIRFLOW_CTX_DAG_OWNER='data_engineer' AIRFLOW_CTX_DAG_ID='gold_dbt_dag' AIRFLOW_CTX_TASK_ID='trigger_dbt_build' AIRFLOW_CTX_EXECUTION_DATE='2026-07-13T03:00:18.148019+00:00' AIRFLOW_CTX_TRY_NUMBER='1' AIRFLOW_CTX_DAG_RUN_ID='dataset_triggered__2026-07-13T03:00:18.148019+00:00'
[2026-07-13T03:00:19.035+0000] {taskinstance.py:430} INFO - ::endgroup::
[2026-07-13T03:00:19.050+0000] {subprocess.py:63} INFO - Tmp dir root location: /tmp
[2026-07-13T03:00:19.051+0000] {subprocess.py:75} INFO - Running command: ['/usr/bin/bash', '-c', 'cd /opt/***/dbt && dbt build --profiles-dir . --target dev']
[2026-07-13T03:00:19.058+0000] {subprocess.py:86} INFO - Output:
[2026-07-13T03:00:21.263+0000] {subprocess.py:93} INFO - [0m03:00:21  Running with dbt=1.11.11
[2026-07-13T03:00:22.635+0000] {subprocess.py:93} INFO - [0m03:00:22  Registered adapter: bigquery=1.11.3
[2026-07-13T03:00:23.031+0000] {subprocess.py:93} INFO - [0m03:00:23  Found 6 models, 4 sources, 553 macros
[2026-07-13T03:00:23.033+0000] {subprocess.py:93} INFO - [0m03:00:23
[2026-07-13T03:00:23.033+0000] {subprocess.py:93} INFO - [0m03:00:23  Concurrency: 4 threads (target='dev')
[2026-07-13T03:00:23.033+0000] {subprocess.py:93} INFO - [0m03:00:23
[2026-07-13T03:00:24.738+0000] {subprocess.py:93} INFO - [0m03:00:24  1 of 6 START sql table model logistics_mart.dim_drivers ........................ [RUN]
[2026-07-13T03:00:24.739+0000] {subprocess.py:93} INFO - [0m03:00:24  2 of 6 START sql table model logistics_mart.dim_hubs ........................... [RUN]
[2026-07-13T03:00:24.740+0000] {subprocess.py:93} INFO - [0m03:00:24  3 of 6 START sql view model logistics_mart.stg_shipments ....................... [RUN]
[2026-07-13T03:00:24.740+0000] {subprocess.py:93} INFO - [0m03:00:24  4 of 6 START sql view model logistics_mart.stg_weather ......................... [RUN]
[2026-07-13T03:00:26.498+0000] {subprocess.py:93} INFO - [0m03:00:26  BigQuery adapter: https://console.cloud.google.com/bigquery?project=logistics-500519&j=bq:US:5dac6282-638b-425b-8805-fbccad28c5f5&page=queryresults
[2026-07-13T03:00:26.519+0000] {subprocess.py:93} INFO - [0m03:00:26  1 of 6 ERROR creating sql table model logistics_mart.dim_drivers ............... [[31mERROR[0m in 1.78s]
[2026-07-13T03:00:26.525+0000] {subprocess.py:93} INFO - [0m03:00:26  5 of 6 START sql view model logistics_mart.stg_weather_consensus ............... [RUN]
[2026-07-13T03:00:26.846+0000] {subprocess.py:93} INFO - [0m03:00:26  4 of 6 OK created sql view model logistics_mart.stg_weather .................... [[32mCREATE VIEW (0 processed)[0m in 2.10s]
[2026-07-13T03:00:26.847+0000] {subprocess.py:93} INFO - [0m03:00:26  3 of 6 OK created sql view model logistics_mart.stg_shipments .................. [[32mCREATE VIEW (0 processed)[0m in 2.10s]
[2026-07-13T03:00:28.393+0000] {subprocess.py:93} INFO - [0m03:00:28  5 of 6 OK created sql view model logistics_mart.stg_weather_consensus .......... [[32mCREATE VIEW (0 processed)[0m in 1.86s]
[2026-07-13T03:00:28.906+0000] {subprocess.py:93} INFO - [0m03:00:28  2 of 6 OK created sql table model logistics_mart.dim_hubs ...................... [[32mCREATE TABLE (3.0 rows, 176.0 Bytes processed)[0m in 4.16s]
[2026-07-13T03:00:28.910+0000] {subprocess.py:93} INFO - [0m03:00:28  6 of 6 START sql table model logistics_mart.fact_shipment_weather .............. [RUN]
[2026-07-13T03:00:32.813+0000] {subprocess.py:93} INFO - [0m03:00:32  6 of 6 OK created sql table model logistics_mart.fact_shipment_weather ......... [[32mCREATE TABLE (6.0 rows, 926.0 Bytes processed)[0m in 3.89s]
[2026-07-13T03:00:32.867+0000] {subprocess.py:93} INFO - [0m03:00:32
[2026-07-13T03:00:32.867+0000] {subprocess.py:93} INFO - [0m03:00:32  Finished running 3 table models, 3 view models in 0 hours 0 minutes and 9.83 seconds (9.83s).
[2026-07-13T03:00:32.924+0000] {subprocess.py:93} INFO - [0m03:00:32
[2026-07-13T03:00:32.925+0000] {subprocess.py:93} INFO - [0m03:00:32  [31mCompleted with 1 error, 0 partial successes, and 0 warnings:[0m
[2026-07-13T03:00:32.925+0000] {subprocess.py:93} INFO - [0m03:00:32
[2026-07-13T03:00:32.925+0000] {subprocess.py:93} INFO - [0m03:00:32  [31mFailure in model dim_drivers (models/mart/dim_drivers.sql)[0m
[2026-07-13T03:00:32.926+0000] {subprocess.py:93} INFO - [0m03:00:32    Database Error in model dim_drivers (models/mart/dim_drivers.sql)
[2026-07-13T03:00:32.926+0000] {subprocess.py:93} INFO -   Not found: Table logistics-500519:logistics_raw.drivers was not found in location US
[2026-07-13T03:00:32.926+0000] {subprocess.py:93} INFO -   compiled code at target/run/logistics_lakehouse/models/mart/dim_drivers.sql
[2026-07-13T03:00:32.926+0000] {subprocess.py:93} INFO - [0m03:00:32
[2026-07-13T03:00:32.926+0000] {subprocess.py:93} INFO - [0m03:00:32    compiled code at target/compiled/logistics_lakehouse/models/mart/dim_drivers.sql
[2026-07-13T03:00:32.926+0000] {subprocess.py:93} INFO - [0m03:00:32
[2026-07-13T03:00:32.927+0000] {subprocess.py:93} INFO - [0m03:00:32  Done. PASS=5 WARN=0 ERROR=1 SKIP=0 NO-OP=0 TOTAL=6
[2026-07-13T03:00:34.768+0000] {subprocess.py:97} INFO - Command exited with return code 1
[2026-07-13T03:00:34.770+0000] {taskinstance.py:441} INFO - ::group::Post task execution logs
[2026-07-13T03:00:34.791+0000] {taskinstance.py:2905} ERROR - Task failed with exception
Traceback (most recent call last):
  File "/home/airflow/.local/lib/python3.12/site-packages/airflow/models/taskinstance.py", line 465, in _execute_task
    result = _execute_callable(context=context, **execute_callable_kwargs)
             ^^^^^^^^^^^^^^^^^^^^^^^^^^^^^^^^^^^^^^^^^^^^^^^^^^^^^^^^^^^^^
  File "/home/airflow/.local/lib/python3.12/site-packages/airflow/models/taskinstance.py", line 432, in _execute_callable
    return execute_callable(context=context, **execute_callable_kwargs)
           ^^^^^^^^^^^^^^^^^^^^^^^^^^^^^^^^^^^^^^^^^^^^^^^^^^^^^^^^^^^^
  File "/home/airflow/.local/lib/python3.12/site-packages/airflow/models/baseoperator.py", line 400, in wrapper
    return func(self, *args, **kwargs)
           ^^^^^^^^^^^^^^^^^^^^^^^^^^^
  File "/home/airflow/.local/lib/python3.12/site-packages/airflow/operators/bash.py", line 243, in execute
    raise AirflowException(
airflow.exceptions.AirflowException: Bash command failed. The command returned a non-zero exit code 1.
[2026-07-13T03:00:34.801+0000] {taskinstance.py:1206} INFO - Marking task as UP_FOR_RETRY. dag_id=gold_dbt_dag, task_id=trigger_dbt_build, run_id=dataset_triggered__2026-07-13T03:00:18.148019+00:00, execution_date=20260713T030018, start_date=20260713T030018, end_date=20260713T030034
[2026-07-13T03:00:34.813+0000] {standard_task_runner.py:110} ERROR - Failed to execute job 295 for task trigger_dbt_build (Bash command failed. The command returned a non-zero exit code 1.; 52148)
[2026-07-13T03:00:34.831+0000] {local_task_job_runner.py:240} INFO - Task exited with return code 1
[2026-07-13T03:00:34.845+0000] {taskinstance.py:3498} INFO - 0 downstream tasks scheduled from follow-on schedule check
[2026-07-13T03:00:34.846+0000] {local_task_job_runner.py:222} INFO - ::endgroup::
