[2026-07-12T18:56:43.816+0000] {local_task_job_runner.py:120} INFO - ::group::Pre task execution logs
[2026-07-12T18:56:43.870+0000] {taskinstance.py:2076} INFO - Dependencies all met for dep_context=non-requeueable deps ti=<TaskInstance: gold_dbt_dag.trigger_dbt_build manual__2026-07-12T18:56:42.835144+00:00 [queued]>
[2026-07-12T18:56:43.878+0000] {taskinstance.py:2076} INFO - Dependencies all met for dep_context=requeueable deps ti=<TaskInstance: gold_dbt_dag.trigger_dbt_build manual__2026-07-12T18:56:42.835144+00:00 [queued]>
[2026-07-12T18:56:43.878+0000] {taskinstance.py:2306} INFO - Starting attempt 1 of 2
[2026-07-12T18:56:43.892+0000] {taskinstance.py:2330} INFO - Executing <Task(BashOperator): trigger_dbt_build> on 2026-07-12 18:56:42.835144+00:00
[2026-07-12T18:56:43.916+0000] {logging_mixin.py:188} WARNING - /home/***/.local/lib/python3.12/site-packages/***/task/task_runner/standard_task_runner.py:61 DeprecationWarning: This process (pid=35446) is multi-threaded, use of fork() may lead to deadlocks in the child.
[2026-07-12T18:56:43.917+0000] {standard_task_runner.py:63} INFO - Started process 35447 to run task
[2026-07-12T18:56:43.913+0000] {standard_task_runner.py:90} INFO - Running: ['***', 'tasks', 'run', 'gold_dbt_dag', 'trigger_dbt_build', 'manual__2026-07-12T18:56:42.835144+00:00', '--job-id', '207', '--raw', '--subdir', 'DAGS_FOLDER/dag_gold_dbt.py', '--cfg-path', '/tmp/tmpj0hg7a4k']
[2026-07-12T18:56:43.919+0000] {standard_task_runner.py:91} INFO - Job 207: Subtask trigger_dbt_build
[2026-07-12T18:56:43.976+0000] {task_command.py:426} INFO - Running <TaskInstance: gold_dbt_dag.trigger_dbt_build manual__2026-07-12T18:56:42.835144+00:00 [running]> on host ad4e12f53b08
[2026-07-12T18:56:44.066+0000] {taskinstance.py:2648} INFO - Exporting env vars: AIRFLOW_CTX_DAG_OWNER='data_engineer' AIRFLOW_CTX_DAG_ID='gold_dbt_dag' AIRFLOW_CTX_TASK_ID='trigger_dbt_build' AIRFLOW_CTX_EXECUTION_DATE='2026-07-12T18:56:42.835144+00:00' AIRFLOW_CTX_TRY_NUMBER='1' AIRFLOW_CTX_DAG_RUN_ID='manual__2026-07-12T18:56:42.835144+00:00'
[2026-07-12T18:56:44.066+0000] {taskinstance.py:430} INFO - ::endgroup::
[2026-07-12T18:56:44.077+0000] {subprocess.py:63} INFO - Tmp dir root location: /tmp
[2026-07-12T18:56:44.079+0000] {subprocess.py:75} INFO - Running command: ['/usr/bin/bash', '-c', 'cd /opt/***/dbt && dbt build --profiles-dir . --target dev']
[2026-07-12T18:56:44.084+0000] {subprocess.py:86} INFO - Output:
[2026-07-12T18:56:45.384+0000] {subprocess.py:93} INFO - [0m18:56:45  Running with dbt=1.11.11
[2026-07-12T18:56:46.000+0000] {subprocess.py:93} INFO - [0m18:56:46  Registered adapter: bigquery=1.11.3
[2026-07-12T18:56:46.596+0000] {subprocess.py:93} INFO - [0m18:56:46  Found 6 models, 4 sources, 553 macros
[2026-07-12T18:56:46.602+0000] {subprocess.py:93} INFO - [0m18:56:46
[2026-07-12T18:56:46.603+0000] {subprocess.py:93} INFO - [0m18:56:46  Concurrency: 4 threads (target='dev')
[2026-07-12T18:56:46.603+0000] {subprocess.py:93} INFO - [0m18:56:46
[2026-07-12T18:56:48.186+0000] {subprocess.py:93} INFO - [0m18:56:48  1 of 6 START sql table model logistics_mart.dim_drivers ........................ [RUN]
[2026-07-12T18:56:48.189+0000] {subprocess.py:93} INFO - [0m18:56:48  2 of 6 START sql table model logistics_mart.dim_hubs ........................... [RUN]
[2026-07-12T18:56:48.189+0000] {subprocess.py:93} INFO - [0m18:56:48  3 of 6 START sql view model logistics_mart.stg_shipments ....................... [RUN]
[2026-07-12T18:56:48.189+0000] {subprocess.py:93} INFO - [0m18:56:48  4 of 6 START sql view model logistics_mart.stg_weather ......................... [RUN]
[2026-07-12T18:56:50.198+0000] {subprocess.py:93} INFO - [0m18:56:50  4 of 6 OK created sql view model logistics_mart.stg_weather .................... [[32mCREATE VIEW (0 processed)[0m in 2.00s]
[2026-07-12T18:56:50.200+0000] {subprocess.py:93} INFO - [0m18:56:50  3 of 6 OK created sql view model logistics_mart.stg_shipments .................. [[32mCREATE VIEW (0 processed)[0m in 2.00s]
[2026-07-12T18:56:50.201+0000] {subprocess.py:93} INFO - [0m18:56:50  5 of 6 START sql view model logistics_mart.stg_weather_consensus ............... [RUN]
[2026-07-12T18:56:51.763+0000] {subprocess.py:93} INFO - [0m18:56:51  5 of 6 OK created sql view model logistics_mart.stg_weather_consensus .......... [[32mCREATE VIEW (0 processed)[0m in 1.56s]
[2026-07-12T18:56:51.801+0000] {subprocess.py:93} INFO - [0m18:56:51  2 of 6 OK created sql table model logistics_mart.dim_hubs ...................... [[32mCREATE TABLE (3.0 rows, 176.0 Bytes processed)[0m in 3.61s]
[2026-07-12T18:56:51.806+0000] {subprocess.py:93} INFO - [0m18:56:51  6 of 6 START sql table model logistics_mart.fact_shipment_weather .............. [RUN]
[2026-07-12T18:56:51.956+0000] {subprocess.py:93} INFO - [0m18:56:51  1 of 6 OK created sql table model logistics_mart.dim_drivers ................... [[32mCREATE TABLE (3.0 rows, 117.0 Bytes processed)[0m in 3.77s]
[2026-07-12T18:56:53.576+0000] {subprocess.py:93} INFO - [0m18:56:53  BigQuery adapter: https://console.cloud.google.com/bigquery?project=logistics-500519&j=bq:US:28a9e39b-e122-4494-bf85-b971db08347e&page=queryresults
[2026-07-12T18:56:53.607+0000] {subprocess.py:93} INFO - [0m18:56:53  6 of 6 ERROR creating sql table model logistics_mart.fact_shipment_weather ..... [[31mERROR[0m in 1.80s]
[2026-07-12T18:56:53.658+0000] {subprocess.py:93} INFO - [0m18:56:53
[2026-07-12T18:56:53.659+0000] {subprocess.py:93} INFO - [0m18:56:53  Finished running 3 table models, 3 view models in 0 hours 0 minutes and 7.05 seconds (7.05s).
[2026-07-12T18:56:53.743+0000] {subprocess.py:93} INFO - [0m18:56:53
[2026-07-12T18:56:53.744+0000] {subprocess.py:93} INFO - [0m18:56:53  [31mCompleted with 1 error, 0 partial successes, and 0 warnings:[0m
[2026-07-12T18:56:53.745+0000] {subprocess.py:93} INFO - [0m18:56:53
[2026-07-12T18:56:53.746+0000] {subprocess.py:93} INFO - [0m18:56:53  [31mFailure in model fact_shipment_weather (models/mart/fact_shipment_weather.sql)[0m
[2026-07-12T18:56:53.747+0000] {subprocess.py:93} INFO - [0m18:56:53    Database Error in model fact_shipment_weather (models/mart/fact_shipment_weather.sql)
[2026-07-12T18:56:53.747+0000] {subprocess.py:93} INFO -   Invalid cast from INT64 to TIMESTAMP at [42:54]
[2026-07-12T18:56:53.748+0000] {subprocess.py:93} INFO -   compiled code at target/run/logistics_lakehouse/models/mart/fact_shipment_weather.sql
[2026-07-12T18:56:53.749+0000] {subprocess.py:93} INFO - [0m18:56:53
[2026-07-12T18:56:53.751+0000] {subprocess.py:93} INFO - [0m18:56:53    compiled code at target/compiled/logistics_lakehouse/models/mart/fact_shipment_weather.sql
[2026-07-12T18:56:53.753+0000] {subprocess.py:93} INFO - [0m18:56:53
[2026-07-12T18:56:53.755+0000] {subprocess.py:93} INFO - [0m18:56:53  Done. PASS=5 WARN=0 ERROR=1 SKIP=0 NO-OP=0 TOTAL=6
[2026-07-12T18:56:56.030+0000] {subprocess.py:97} INFO - Command exited with return code 1
[2026-07-12T18:56:56.036+0000] {taskinstance.py:441} INFO - ::group::Post task execution logs
[2026-07-12T18:56:56.061+0000] {taskinstance.py:2905} ERROR - Task failed with exception
Traceback (most recent call last):
  File "/home/airflow/.local/lib/python3.12/site-packages/airflow/models/taskinstance.py", line 465, in _execute_task
    result = _execute_callable(context=context, **execute_callable_kwargs)
             ^^^^^^^^^^^^^^^^^^^^^^^^^^^^^^^^^^^^^^^^^^^^^^^^^^^^^^^^^^^^^
  File "/home/airflow/.local/lib/python3.12/site-packages/airflow/models/taskinstance.py", line 432, in _execute_callable
    return execute_callable(context=context, **execute_callable_kwargs)
           ^^^^^^^^^^^^^^^^^^^^^^^^^^^^^^^^^^^^^^^^^^^^^^^^^^^^^^^^^^^^
  File "/home/airflow/.local/lib/python3.12/site-packages/airflow/models/baseoperator.py", line 400, in wrapper
    return func(self, *args, **kwargs)
           ^^^^^^^^^^^^^^^^^^^^^^^^^^^
  File "/home/airflow/.local/lib/python3.12/site-packages/airflow/operators/bash.py", line 243, in execute
    raise AirflowException(
airflow.exceptions.AirflowException: Bash command failed. The command returned a non-zero exit code 1.
[2026-07-12T18:56:56.065+0000] {taskinstance.py:1206} INFO - Marking task as UP_FOR_RETRY. dag_id=gold_dbt_dag, task_id=trigger_dbt_build, run_id=manual__2026-07-12T18:56:42.835144+00:00, execution_date=20260712T185642, start_date=20260712T185643, end_date=20260712T185656
[2026-07-12T18:56:56.076+0000] {standard_task_runner.py:110} ERROR - Failed to execute job 207 for task trigger_dbt_build (Bash command failed. The command returned a non-zero exit code 1.; 35447)
[2026-07-12T18:56:56.091+0000] {local_task_job_runner.py:240} INFO - Task exited with return code 1
[2026-07-12T18:56:56.112+0000] {taskinstance.py:3498} INFO - 0 downstream tasks scheduled from follow-on schedule check
[2026-07-12T18:56:56.113+0000] {local_task_job_runner.py:222} INFO - ::endgroup::
