[2026-07-03T14:00:19.702+0000] {local_task_job_runner.py:120} INFO - ::group::Pre task execution logs
[2026-07-03T14:00:19.724+0000] {taskinstance.py:2076} INFO - Dependencies all met for dep_context=non-requeueable deps ti=<TaskInstance: gold_dbt_dag.trigger_dbt_build dataset_triggered__2026-07-03T14:00:19.243495+00:00 [queued]>
[2026-07-03T14:00:19.728+0000] {taskinstance.py:2076} INFO - Dependencies all met for dep_context=requeueable deps ti=<TaskInstance: gold_dbt_dag.trigger_dbt_build dataset_triggered__2026-07-03T14:00:19.243495+00:00 [queued]>
[2026-07-03T14:00:19.728+0000] {taskinstance.py:2306} INFO - Starting attempt 1 of 2
[2026-07-03T14:00:19.733+0000] {taskinstance.py:2330} INFO - Executing <Task(BashOperator): trigger_dbt_build> on 2026-07-03 14:00:19.243495+00:00
[2026-07-03T14:00:19.741+0000] {standard_task_runner.py:90} INFO - Running: ['***', 'tasks', 'run', 'gold_dbt_dag', 'trigger_dbt_build', 'dataset_triggered__2026-07-03T14:00:19.243495+00:00', '--job-id', '396', '--raw', '--subdir', 'DAGS_FOLDER/dag_gold_dbt.py', '--cfg-path', '/tmp/tmp8tgw8zps']
[2026-07-03T14:00:19.743+0000] {standard_task_runner.py:91} INFO - Job 396: Subtask trigger_dbt_build
[2026-07-03T14:00:19.743+0000] {logging_mixin.py:188} WARNING - /home/***/.local/lib/python3.12/site-packages/***/task/task_runner/standard_task_runner.py:61 DeprecationWarning: This process (pid=15521) is multi-threaded, use of fork() may lead to deadlocks in the child.
[2026-07-03T14:00:19.744+0000] {standard_task_runner.py:63} INFO - Started process 15522 to run task
[2026-07-03T14:00:19.781+0000] {task_command.py:426} INFO - Running <TaskInstance: gold_dbt_dag.trigger_dbt_build dataset_triggered__2026-07-03T14:00:19.243495+00:00 [running]> on host bd23e89d97be
[2026-07-03T14:00:19.838+0000] {taskinstance.py:2648} INFO - Exporting env vars: AIRFLOW_CTX_DAG_OWNER='data_engineer' AIRFLOW_CTX_DAG_ID='gold_dbt_dag' AIRFLOW_CTX_TASK_ID='trigger_dbt_build' AIRFLOW_CTX_EXECUTION_DATE='2026-07-03T14:00:19.243495+00:00' AIRFLOW_CTX_TRY_NUMBER='1' AIRFLOW_CTX_DAG_RUN_ID='dataset_triggered__2026-07-03T14:00:19.243495+00:00'
[2026-07-03T14:00:19.838+0000] {taskinstance.py:430} INFO - ::endgroup::
[2026-07-03T14:00:19.847+0000] {subprocess.py:63} INFO - Tmp dir root location: /tmp
[2026-07-03T14:00:19.848+0000] {subprocess.py:75} INFO - Running command: ['/usr/bin/bash', '-c', 'cd /opt/***/dbt && dbt build --profiles-dir . --target dev']
[2026-07-03T14:00:19.854+0000] {subprocess.py:86} INFO - Output:
[2026-07-03T14:00:21.438+0000] {subprocess.py:93} INFO - [0m14:00:21  Running with dbt=1.11.11
[2026-07-03T14:00:22.126+0000] {subprocess.py:93} INFO - [0m14:00:22  Registered adapter: bigquery=1.11.3
[2026-07-03T14:00:22.391+0000] {subprocess.py:93} INFO - [0m14:00:22  Found 5 models, 4 sources, 553 macros
[2026-07-03T14:00:22.393+0000] {subprocess.py:93} INFO - [0m14:00:22
[2026-07-03T14:00:22.393+0000] {subprocess.py:93} INFO - [0m14:00:22  Concurrency: 4 threads (target='dev')
[2026-07-03T14:00:22.393+0000] {subprocess.py:93} INFO - [0m14:00:22
[2026-07-03T14:00:23.995+0000] {subprocess.py:93} INFO - [0m14:00:23  1 of 5 START sql table model logistics_mart.dim_drivers ........................ [RUN]
[2026-07-03T14:00:23.996+0000] {subprocess.py:93} INFO - [0m14:00:23  2 of 5 START sql table model logistics_mart.dim_hubs ........................... [RUN]
[2026-07-03T14:00:23.997+0000] {subprocess.py:93} INFO - [0m14:00:23  3 of 5 START sql view model logistics_mart.stg_shipments ....................... [RUN]
[2026-07-03T14:00:23.997+0000] {subprocess.py:93} INFO - [0m14:00:23  4 of 5 START sql view model logistics_mart.stg_weather ......................... [RUN]
[2026-07-03T14:00:25.866+0000] {subprocess.py:93} INFO - [0m14:00:25  3 of 5 OK created sql view model logistics_mart.stg_shipments .................. [[32mCREATE VIEW (0 processed)[0m in 1.86s]
[2026-07-03T14:00:25.932+0000] {subprocess.py:93} INFO - [0m14:00:25  4 of 5 OK created sql view model logistics_mart.stg_weather .................... [[32mCREATE VIEW (0 processed)[0m in 1.93s]
[2026-07-03T14:00:27.705+0000] {subprocess.py:93} INFO - [0m14:00:27  2 of 5 OK created sql table model logistics_mart.dim_hubs ...................... [[32mCREATE TABLE (3.0 rows, 149.0 Bytes processed)[0m in 3.70s]
[2026-07-03T14:00:27.710+0000] {subprocess.py:93} INFO - [0m14:00:27  5 of 5 START sql table model logistics_mart.fact_shipment_weather .............. [RUN]
[2026-07-03T14:00:28.032+0000] {subprocess.py:93} INFO - [0m14:00:28  1 of 5 OK created sql table model logistics_mart.dim_drivers ................... [[32mCREATE TABLE (3.0 rows, 108.0 Bytes processed)[0m in 4.03s]
[2026-07-03T14:00:32.243+0000] {subprocess.py:93} INFO - [0m14:00:32  5 of 5 OK created sql table model logistics_mart.fact_shipment_weather ......... [[32mCREATE TABLE (441.0 rows, 28.3 KiB processed)[0m in 4.51s]
[2026-07-03T14:00:32.313+0000] {subprocess.py:93} INFO - [0m14:00:32
[2026-07-03T14:00:32.314+0000] {subprocess.py:93} INFO - [0m14:00:32  Finished running 3 table models, 2 view models in 0 hours 0 minutes and 9.92 seconds (9.92s).
[2026-07-03T14:00:32.408+0000] {subprocess.py:93} INFO - [0m14:00:32
[2026-07-03T14:00:32.408+0000] {subprocess.py:93} INFO - [0m14:00:32  [32mCompleted successfully[0m
[2026-07-03T14:00:32.409+0000] {subprocess.py:93} INFO - [0m14:00:32
[2026-07-03T14:00:32.409+0000] {subprocess.py:93} INFO - [0m14:00:32  Done. PASS=5 WARN=0 ERROR=0 SKIP=0 NO-OP=0 TOTAL=5
[2026-07-03T14:00:34.598+0000] {subprocess.py:97} INFO - Command exited with return code 0
[2026-07-03T14:00:34.611+0000] {taskinstance.py:441} INFO - ::group::Post task execution logs
[2026-07-03T14:00:34.690+0000] {taskinstance.py:1206} INFO - Marking task as SUCCESS. dag_id=gold_dbt_dag, task_id=trigger_dbt_build, run_id=dataset_triggered__2026-07-03T14:00:19.243495+00:00, execution_date=20260703T140019, start_date=20260703T140019, end_date=20260703T140034
[2026-07-03T14:00:34.720+0000] {local_task_job_runner.py:240} INFO - Task exited with return code 0
[2026-07-03T14:00:34.810+0000] {taskinstance.py:3498} INFO - 0 downstream tasks scheduled from follow-on schedule check
[2026-07-03T14:00:34.812+0000] {local_task_job_runner.py:222} INFO - ::endgroup::
