[2026-06-29T04:31:12.312+0000] {local_task_job_runner.py:120} INFO - ::group::Pre task execution logs
[2026-06-29T04:31:12.336+0000] {taskinstance.py:2076} INFO - Dependencies all met for dep_context=non-requeueable deps ti=<TaskInstance: dbt_gold_transformation.trigger_dbt_build manual__2026-06-29T04:31:11.407689+00:00 [queued]>
[2026-06-29T04:31:12.340+0000] {taskinstance.py:2076} INFO - Dependencies all met for dep_context=requeueable deps ti=<TaskInstance: dbt_gold_transformation.trigger_dbt_build manual__2026-06-29T04:31:11.407689+00:00 [queued]>
[2026-06-29T04:31:12.341+0000] {taskinstance.py:2306} INFO - Starting attempt 1 of 2
[2026-06-29T04:31:12.347+0000] {taskinstance.py:2330} INFO - Executing <Task(BashOperator): trigger_dbt_build> on 2026-06-29 04:31:11.407689+00:00
[2026-06-29T04:31:12.352+0000] {standard_task_runner.py:90} INFO - Running: ['***', 'tasks', 'run', 'dbt_gold_transformation', 'trigger_dbt_build', 'manual__2026-06-29T04:31:11.407689+00:00', '--job-id', '28', '--raw', '--subdir', 'DAGS_FOLDER/dag_gold_dbt.py', '--cfg-path', '/tmp/tmphou4l8i4']
[2026-06-29T04:31:12.354+0000] {standard_task_runner.py:91} INFO - Job 28: Subtask trigger_dbt_build
[2026-06-29T04:31:12.361+0000] {logging_mixin.py:188} WARNING - /home/***/.local/lib/python3.12/site-packages/***/task/task_runner/standard_task_runner.py:61 DeprecationWarning: This process (pid=1964) is multi-threaded, use of fork() may lead to deadlocks in the child.
[2026-06-29T04:31:12.363+0000] {standard_task_runner.py:63} INFO - Started process 1965 to run task
[2026-06-29T04:31:12.395+0000] {task_command.py:426} INFO - Running <TaskInstance: dbt_gold_transformation.trigger_dbt_build manual__2026-06-29T04:31:11.407689+00:00 [running]> on host ae627d26e698
[2026-06-29T04:31:12.434+0000] {taskinstance.py:2648} INFO - Exporting env vars: AIRFLOW_CTX_DAG_OWNER='data_engineer' AIRFLOW_CTX_DAG_ID='dbt_gold_transformation' AIRFLOW_CTX_TASK_ID='trigger_dbt_build' AIRFLOW_CTX_EXECUTION_DATE='2026-06-29T04:31:11.407689+00:00' AIRFLOW_CTX_TRY_NUMBER='1' AIRFLOW_CTX_DAG_RUN_ID='manual__2026-06-29T04:31:11.407689+00:00'
[2026-06-29T04:31:12.434+0000] {taskinstance.py:430} INFO - ::endgroup::
[2026-06-29T04:31:12.442+0000] {subprocess.py:63} INFO - Tmp dir root location: /tmp
[2026-06-29T04:31:12.443+0000] {subprocess.py:75} INFO - Running command: ['/usr/bin/bash', '-c', 'cd /opt/***/dbt && dbt build --profiles-dir . --target dev']
[2026-06-29T04:31:12.448+0000] {subprocess.py:86} INFO - Output:
[2026-06-29T04:31:13.699+0000] {subprocess.py:93} INFO - [0m04:31:13  Running with dbt=1.11.11
[2026-06-29T04:31:14.138+0000] {subprocess.py:93} INFO - [0m04:31:14  Registered adapter: bigquery=1.11.3
[2026-06-29T04:31:14.357+0000] {subprocess.py:93} INFO - [0m04:31:14  Found 5 models, 4 sources, 553 macros
[2026-06-29T04:31:14.358+0000] {subprocess.py:93} INFO - [0m04:31:14
[2026-06-29T04:31:14.358+0000] {subprocess.py:93} INFO - [0m04:31:14  Concurrency: 4 threads (target='dev')
[2026-06-29T04:31:14.359+0000] {subprocess.py:93} INFO - [0m04:31:14
[2026-06-29T04:31:16.079+0000] {subprocess.py:93} INFO - [0m04:31:16  1 of 5 START sql table model logistics_mart.dim_drivers ........................ [RUN]
[2026-06-29T04:31:16.079+0000] {subprocess.py:93} INFO - [0m04:31:16  2 of 5 START sql table model logistics_mart.dim_hubs ........................... [RUN]
[2026-06-29T04:31:16.080+0000] {subprocess.py:93} INFO - [0m04:31:16  3 of 5 START sql view model logistics_mart.stg_shipments ....................... [RUN]
[2026-06-29T04:31:16.080+0000] {subprocess.py:93} INFO - [0m04:31:16  4 of 5 START sql view model logistics_mart.stg_weather ......................... [RUN]
[2026-06-29T04:31:18.141+0000] {subprocess.py:93} INFO - [0m04:31:18  3 of 5 OK created sql view model logistics_mart.stg_shipments .................. [[32mCREATE VIEW (0 processed)[0m in 2.06s]
[2026-06-29T04:31:18.141+0000] {subprocess.py:93} INFO - [0m04:31:18  4 of 5 OK created sql view model logistics_mart.stg_weather .................... [[32mCREATE VIEW (0 processed)[0m in 2.06s]
[2026-06-29T04:31:20.224+0000] {subprocess.py:93} INFO - [0m04:31:20  2 of 5 OK created sql table model logistics_mart.dim_hubs ...................... [[32mCREATE TABLE (3.0 rows, 149.0 Bytes processed)[0m in 4.14s]
[2026-06-29T04:31:20.228+0000] {subprocess.py:93} INFO - [0m04:31:20  5 of 5 START sql table model logistics_mart.fact_shipment_weather .............. [RUN]
[2026-06-29T04:31:20.953+0000] {subprocess.py:93} INFO - [0m04:31:20  1 of 5 OK created sql table model logistics_mart.dim_drivers ................... [[32mCREATE TABLE (3.0 rows, 108.0 Bytes processed)[0m in 4.87s]
[2026-06-29T04:31:24.342+0000] {subprocess.py:93} INFO - [0m04:31:24  5 of 5 OK created sql table model logistics_mart.fact_shipment_weather ......... [[32mCREATE TABLE (12.0 rows, 1.0 KiB processed)[0m in 4.11s]
[2026-06-29T04:31:24.392+0000] {subprocess.py:93} INFO - [0m04:31:24
[2026-06-29T04:31:24.392+0000] {subprocess.py:93} INFO - [0m04:31:24  Finished running 3 table models, 2 view models in 0 hours 0 minutes and 10.03 seconds (10.03s).
[2026-06-29T04:31:24.424+0000] {subprocess.py:93} INFO - [0m04:31:24
[2026-06-29T04:31:24.424+0000] {subprocess.py:93} INFO - [0m04:31:24  [32mCompleted successfully[0m
[2026-06-29T04:31:24.424+0000] {subprocess.py:93} INFO - [0m04:31:24
[2026-06-29T04:31:24.425+0000] {subprocess.py:93} INFO - [0m04:31:24  Done. PASS=5 WARN=0 ERROR=0 SKIP=0 NO-OP=0 TOTAL=5
[2026-06-29T04:31:26.147+0000] {subprocess.py:97} INFO - Command exited with return code 0
[2026-06-29T04:31:26.148+0000] {taskinstance.py:441} INFO - ::group::Post task execution logs
[2026-06-29T04:31:26.169+0000] {taskinstance.py:1206} INFO - Marking task as SUCCESS. dag_id=dbt_gold_transformation, task_id=trigger_dbt_build, run_id=manual__2026-06-29T04:31:11.407689+00:00, execution_date=20260629T043111, start_date=20260629T043112, end_date=20260629T043126
[2026-06-29T04:31:26.201+0000] {local_task_job_runner.py:240} INFO - Task exited with return code 0
[2026-06-29T04:31:26.215+0000] {taskinstance.py:3498} INFO - 0 downstream tasks scheduled from follow-on schedule check
[2026-06-29T04:31:26.218+0000] {local_task_job_runner.py:222} INFO - ::endgroup::
