[2026-07-04T19:43:23.171+0000] {local_task_job_runner.py:120} INFO - ::group::Pre task execution logs
[2026-07-04T19:43:23.186+0000] {taskinstance.py:2076} INFO - Dependencies all met for dep_context=non-requeueable deps ti=<TaskInstance: silver_cdc_dag.spark_cdc_to_iceberg dataset_triggered__2026-07-04T19:43:22.270093+00:00 [queued]>
[2026-07-04T19:43:23.189+0000] {taskinstance.py:2076} INFO - Dependencies all met for dep_context=requeueable deps ti=<TaskInstance: silver_cdc_dag.spark_cdc_to_iceberg dataset_triggered__2026-07-04T19:43:22.270093+00:00 [queued]>
[2026-07-04T19:43:23.189+0000] {taskinstance.py:2306} INFO - Starting attempt 1 of 1
[2026-07-04T19:43:23.195+0000] {taskinstance.py:2330} INFO - Executing <Task(BashOperator): spark_cdc_to_iceberg> on 2026-07-04 19:43:22.270093+00:00
[2026-07-04T19:43:23.199+0000] {logging_mixin.py:188} WARNING - /home/***/.local/lib/python3.12/site-packages/***/task/task_runner/standard_task_runner.py:61 DeprecationWarning: This process (pid=40299) is multi-threaded, use of fork() may lead to deadlocks in the child.
[2026-07-04T19:43:23.199+0000] {standard_task_runner.py:63} INFO - Started process 40301 to run task
[2026-07-04T19:43:23.200+0000] {standard_task_runner.py:90} INFO - Running: ['***', 'tasks', 'run', 'silver_cdc_dag', 'spark_cdc_to_iceberg', 'dataset_triggered__2026-07-04T19:43:22.270093+00:00', '--job-id', '573', '--raw', '--subdir', 'DAGS_FOLDER/dag_silver_cdc.py', '--cfg-path', '/tmp/tmpac1xx2n7']
[2026-07-04T19:43:23.202+0000] {standard_task_runner.py:91} INFO - Job 573: Subtask spark_cdc_to_iceberg
[2026-07-04T19:43:23.221+0000] {task_command.py:426} INFO - Running <TaskInstance: silver_cdc_dag.spark_cdc_to_iceberg dataset_triggered__2026-07-04T19:43:22.270093+00:00 [running]> on host bd23e89d97be
[2026-07-04T19:43:23.256+0000] {taskinstance.py:2648} INFO - Exporting env vars: AIRFLOW_CTX_DAG_OWNER='data_engineer' AIRFLOW_CTX_DAG_ID='silver_cdc_dag' AIRFLOW_CTX_TASK_ID='spark_cdc_to_iceberg' AIRFLOW_CTX_EXECUTION_DATE='2026-07-04T19:43:22.270093+00:00' AIRFLOW_CTX_TRY_NUMBER='1' AIRFLOW_CTX_DAG_RUN_ID='dataset_triggered__2026-07-04T19:43:22.270093+00:00'
[2026-07-04T19:43:23.257+0000] {taskinstance.py:430} INFO - ::endgroup::
[2026-07-04T19:43:23.263+0000] {subprocess.py:63} INFO - Tmp dir root location: /tmp
[2026-07-04T19:43:23.264+0000] {subprocess.py:75} INFO - Running command: ['/usr/bin/bash', '-c', 'export JAVA_HOME=/usr/lib/jvm/default-java && python /opt/***/dags/spark/silver_cdc.py "gs://your-lakehouse-bucket/bronze/cdc/shipments/" "shipments_iceberg"']
[2026-07-04T19:43:23.268+0000] {subprocess.py:86} INFO - Output:
[2026-07-04T19:43:23.828+0000] {subprocess.py:93} INFO - WARNING: Using incubator modules: jdk.incubator.vector
[2026-07-04T19:43:24.739+0000] {subprocess.py:93} INFO - Using Spark's default log4j profile: org/apache/spark/log4j2-defaults.properties
[2026-07-04T19:43:24.740+0000] {subprocess.py:93} INFO - Setting default log level to "WARN".
[2026-07-04T19:43:24.740+0000] {subprocess.py:93} INFO - To adjust logging level use sc.setLogLevel(newLevel). For SparkR, use setLogLevel(newLevel).
[2026-07-04T19:43:25.118+0000] {subprocess.py:93} INFO - 26/07/04 19:43:25 WARN NativeCodeLoader: Unable to load native-hadoop library for your platform... using builtin-java classes where applicable
[2026-07-04T19:43:31.499+0000] {subprocess.py:93} INFO - [Stage 0:>                                                        (0 + 12) / 12][Stage 0:===================>                                      (4 + 8) / 12]                                                                                SUCCESS: Data written to /opt/***/lakehouse/silver/shipments_iceberg
[2026-07-04T19:43:32.155+0000] {subprocess.py:97} INFO - Command exited with return code 0
[2026-07-04T19:43:32.170+0000] {taskinstance.py:441} INFO - ::group::Post task execution logs
[2026-07-04T19:43:32.198+0000] {logging_mixin.py:188} WARNING - /home/***/.local/lib/python3.12/site-packages/***/models/baseoperator.py:1564 RemovedInAirflow3Warning: Passing 'execution_date' to 'TaskInstance.xcom_push()' is deprecated.
[2026-07-04T19:43:32.208+0000] {taskinstance.py:1206} INFO - Marking task as SUCCESS. dag_id=silver_cdc_dag, task_id=spark_cdc_to_iceberg, run_id=dataset_triggered__2026-07-04T19:43:22.270093+00:00, execution_date=20260704T194322, start_date=20260704T194323, end_date=20260704T194332
[2026-07-04T19:43:32.238+0000] {local_task_job_runner.py:240} INFO - Task exited with return code 0
[2026-07-04T19:43:32.255+0000] {taskinstance.py:3498} INFO - 0 downstream tasks scheduled from follow-on schedule check
[2026-07-04T19:43:32.256+0000] {local_task_job_runner.py:222} INFO - ::endgroup::
