[2026-07-11T16:08:17.580+0000] {local_task_job_runner.py:120} INFO - ::group::Pre task execution logs
[2026-07-11T16:08:17.612+0000] {taskinstance.py:2076} INFO - Dependencies all met for dep_context=non-requeueable deps ti=<TaskInstance: gold_dbt_dag.trigger_dbt_build dataset_triggered__2026-07-11T16:06:06.798845+00:00 [queued]>
[2026-07-11T16:08:17.616+0000] {taskinstance.py:2076} INFO - Dependencies all met for dep_context=requeueable deps ti=<TaskInstance: gold_dbt_dag.trigger_dbt_build dataset_triggered__2026-07-11T16:06:06.798845+00:00 [queued]>
[2026-07-11T16:08:17.616+0000] {taskinstance.py:2306} INFO - Starting attempt 2 of 2
[2026-07-11T16:08:17.624+0000] {taskinstance.py:2330} INFO - Executing <Task(BashOperator): trigger_dbt_build> on 2026-07-11 16:06:06.798845+00:00
[2026-07-11T16:08:17.629+0000] {standard_task_runner.py:90} INFO - Running: ['***', 'tasks', 'run', 'gold_dbt_dag', 'trigger_dbt_build', 'dataset_triggered__2026-07-11T16:06:06.798845+00:00', '--job-id', '10', '--raw', '--subdir', 'DAGS_FOLDER/dag_gold_dbt.py', '--cfg-path', '/tmp/tmpcog7asx9']
[2026-07-11T16:08:17.641+0000] {logging_mixin.py:188} WARNING - /home/***/.local/lib/python3.12/site-packages/***/task/task_runner/standard_task_runner.py:61 DeprecationWarning: This process (pid=1044) is multi-threaded, use of fork() may lead to deadlocks in the child.
[2026-07-11T16:08:17.643+0000] {standard_task_runner.py:63} INFO - Started process 1045 to run task
[2026-07-11T16:08:17.643+0000] {standard_task_runner.py:91} INFO - Job 10: Subtask trigger_dbt_build
[2026-07-11T16:08:17.676+0000] {task_command.py:426} INFO - Running <TaskInstance: gold_dbt_dag.trigger_dbt_build dataset_triggered__2026-07-11T16:06:06.798845+00:00 [running]> on host ad4e12f53b08
[2026-07-11T16:08:17.732+0000] {taskinstance.py:2648} INFO - Exporting env vars: AIRFLOW_CTX_DAG_OWNER='data_engineer' AIRFLOW_CTX_DAG_ID='gold_dbt_dag' AIRFLOW_CTX_TASK_ID='trigger_dbt_build' AIRFLOW_CTX_EXECUTION_DATE='2026-07-11T16:06:06.798845+00:00' AIRFLOW_CTX_TRY_NUMBER='2' AIRFLOW_CTX_DAG_RUN_ID='dataset_triggered__2026-07-11T16:06:06.798845+00:00'
[2026-07-11T16:08:17.732+0000] {taskinstance.py:430} INFO - ::endgroup::
[2026-07-11T16:08:17.742+0000] {subprocess.py:63} INFO - Tmp dir root location: /tmp
[2026-07-11T16:08:17.743+0000] {subprocess.py:75} INFO - Running command: ['/usr/bin/bash', '-c', 'cd /opt/***/dbt && dbt build --profiles-dir . --target dev']
[2026-07-11T16:08:17.748+0000] {subprocess.py:86} INFO - Output:
[2026-07-11T16:08:18.922+0000] {subprocess.py:93} INFO - [0m16:08:18  Running with dbt=1.11.11
[2026-07-11T16:08:19.526+0000] {subprocess.py:93} INFO - [0m16:08:19  Registered adapter: bigquery=1.11.3
[2026-07-11T16:08:19.775+0000] {subprocess.py:93} INFO - [0m16:08:19  Found 6 models, 4 sources, 553 macros
[2026-07-11T16:08:19.776+0000] {subprocess.py:93} INFO - [0m16:08:19
[2026-07-11T16:08:19.777+0000] {subprocess.py:93} INFO - [0m16:08:19  Concurrency: 4 threads (target='dev')
[2026-07-11T16:08:19.777+0000] {subprocess.py:93} INFO - [0m16:08:19
[2026-07-11T16:08:21.273+0000] {subprocess.py:93} INFO - [0m16:08:21  1 of 6 START sql table model logistics_mart.dim_drivers ........................ [RUN]
[2026-07-11T16:08:21.275+0000] {subprocess.py:93} INFO - [0m16:08:21  2 of 6 START sql table model logistics_mart.dim_hubs ........................... [RUN]
[2026-07-11T16:08:21.275+0000] {subprocess.py:93} INFO - [0m16:08:21  3 of 6 START sql view model logistics_mart.stg_shipments ....................... [RUN]
[2026-07-11T16:08:21.276+0000] {subprocess.py:93} INFO - [0m16:08:21  4 of 6 START sql view model logistics_mart.stg_weather ......................... [RUN]
[2026-07-11T16:08:23.257+0000] {subprocess.py:93} INFO - [0m16:08:23  3 of 6 OK created sql view model logistics_mart.stg_shipments .................. [[32mCREATE VIEW (0 processed)[0m in 1.97s]
[2026-07-11T16:08:23.259+0000] {subprocess.py:93} INFO - [0m16:08:23  4 of 6 OK created sql view model logistics_mart.stg_weather .................... [[32mCREATE VIEW (0 processed)[0m in 1.98s]
[2026-07-11T16:08:23.261+0000] {subprocess.py:93} INFO - [0m16:08:23  5 of 6 START sql view model logistics_mart.stg_weather_consensus ............... [RUN]
[2026-07-11T16:08:23.273+0000] {subprocess.py:93} INFO - [0m16:08:23  BigQuery adapter: https://console.cloud.google.com/bigquery?project=logistics-500519&j=bq:US:946faba8-9fc8-4aa9-ae3f-8d341fd32898&page=queryresults
[2026-07-11T16:08:23.282+0000] {subprocess.py:93} INFO - [0m16:08:23  2 of 6 ERROR creating sql table model logistics_mart.dim_hubs .................. [[31mERROR[0m in 2.00s]
[2026-07-11T16:08:23.328+0000] {subprocess.py:93} INFO - [0m16:08:23  BigQuery adapter: https://console.cloud.google.com/bigquery?project=logistics-500519&j=bq:US:880d4a73-bfae-40f9-8018-b71df73dc26e&page=queryresults
[2026-07-11T16:08:23.333+0000] {subprocess.py:93} INFO - [0m16:08:23  1 of 6 ERROR creating sql table model logistics_mart.dim_drivers ............... [[31mERROR[0m in 2.06s]
[2026-07-11T16:08:24.931+0000] {subprocess.py:93} INFO - [0m16:08:24  5 of 6 OK created sql view model logistics_mart.stg_weather_consensus .......... [[32mCREATE VIEW (0 processed)[0m in 1.67s]
[2026-07-11T16:08:24.934+0000] {subprocess.py:93} INFO - [0m16:08:24  6 of 6 SKIP relation logistics_mart.fact_shipment_weather ...................... [[33mSKIP[0m]
[2026-07-11T16:08:24.970+0000] {subprocess.py:93} INFO - [0m16:08:24
[2026-07-11T16:08:24.971+0000] {subprocess.py:93} INFO - [0m16:08:24  Finished running 3 table models, 3 view models in 0 hours 0 minutes and 5.19 seconds (5.19s).
[2026-07-11T16:08:25.020+0000] {subprocess.py:93} INFO - [0m16:08:25
[2026-07-11T16:08:25.021+0000] {subprocess.py:93} INFO - [0m16:08:25  [31mCompleted with 2 errors, 0 partial successes, and 0 warnings:[0m
[2026-07-11T16:08:25.022+0000] {subprocess.py:93} INFO - [0m16:08:25
[2026-07-11T16:08:25.023+0000] {subprocess.py:93} INFO - [0m16:08:25  [31mFailure in model dim_hubs (models/mart/dim_hubs.sql)[0m
[2026-07-11T16:08:25.023+0000] {subprocess.py:93} INFO - [0m16:08:25    Database Error in model dim_hubs (models/mart/dim_hubs.sql)
[2026-07-11T16:08:25.023+0000] {subprocess.py:93} INFO -   Unrecognized name: is_current at [24:7]
[2026-07-11T16:08:25.023+0000] {subprocess.py:93} INFO -   compiled code at target/run/logistics_lakehouse/models/mart/dim_hubs.sql
[2026-07-11T16:08:25.023+0000] {subprocess.py:93} INFO - [0m16:08:25
[2026-07-11T16:08:25.024+0000] {subprocess.py:93} INFO - [0m16:08:25    compiled code at target/compiled/logistics_lakehouse/models/mart/dim_hubs.sql
[2026-07-11T16:08:25.024+0000] {subprocess.py:93} INFO - [0m16:08:25
[2026-07-11T16:08:25.024+0000] {subprocess.py:93} INFO - [0m16:08:25  [31mFailure in model dim_drivers (models/mart/dim_drivers.sql)[0m
[2026-07-11T16:08:25.025+0000] {subprocess.py:93} INFO - [0m16:08:25    Database Error in model dim_drivers (models/mart/dim_drivers.sql)
[2026-07-11T16:08:25.025+0000] {subprocess.py:93} INFO -   Unrecognized name: is_current at [24:7]
[2026-07-11T16:08:25.025+0000] {subprocess.py:93} INFO -   compiled code at target/run/logistics_lakehouse/models/mart/dim_drivers.sql
[2026-07-11T16:08:25.025+0000] {subprocess.py:93} INFO - [0m16:08:25
[2026-07-11T16:08:25.025+0000] {subprocess.py:93} INFO - [0m16:08:25    compiled code at target/compiled/logistics_lakehouse/models/mart/dim_drivers.sql
[2026-07-11T16:08:25.026+0000] {subprocess.py:93} INFO - [0m16:08:25
[2026-07-11T16:08:25.026+0000] {subprocess.py:93} INFO - [0m16:08:25  Done. PASS=3 WARN=0 ERROR=2 SKIP=1 NO-OP=0 TOTAL=6
[2026-07-11T16:08:26.824+0000] {subprocess.py:97} INFO - Command exited with return code 1
[2026-07-11T16:08:26.827+0000] {taskinstance.py:441} INFO - ::group::Post task execution logs
[2026-07-11T16:08:26.844+0000] {taskinstance.py:2905} ERROR - Task failed with exception
Traceback (most recent call last):
  File "/home/airflow/.local/lib/python3.12/site-packages/airflow/models/taskinstance.py", line 465, in _execute_task
    result = _execute_callable(context=context, **execute_callable_kwargs)
             ^^^^^^^^^^^^^^^^^^^^^^^^^^^^^^^^^^^^^^^^^^^^^^^^^^^^^^^^^^^^^
  File "/home/airflow/.local/lib/python3.12/site-packages/airflow/models/taskinstance.py", line 432, in _execute_callable
    return execute_callable(context=context, **execute_callable_kwargs)
           ^^^^^^^^^^^^^^^^^^^^^^^^^^^^^^^^^^^^^^^^^^^^^^^^^^^^^^^^^^^^
  File "/home/airflow/.local/lib/python3.12/site-packages/airflow/models/baseoperator.py", line 400, in wrapper
    return func(self, *args, **kwargs)
           ^^^^^^^^^^^^^^^^^^^^^^^^^^^
  File "/home/airflow/.local/lib/python3.12/site-packages/airflow/operators/bash.py", line 243, in execute
    raise AirflowException(
airflow.exceptions.AirflowException: Bash command failed. The command returned a non-zero exit code 1.
[2026-07-11T16:08:26.849+0000] {taskinstance.py:1206} INFO - Marking task as FAILED. dag_id=gold_dbt_dag, task_id=trigger_dbt_build, run_id=dataset_triggered__2026-07-11T16:06:06.798845+00:00, execution_date=20260711T160606, start_date=20260711T160817, end_date=20260711T160826
[2026-07-11T16:08:26.871+0000] {standard_task_runner.py:110} ERROR - Failed to execute job 10 for task trigger_dbt_build (Bash command failed. The command returned a non-zero exit code 1.; 1045)
[2026-07-11T16:08:26.923+0000] {local_task_job_runner.py:240} INFO - Task exited with return code 1
[2026-07-11T16:08:26.952+0000] {taskinstance.py:3498} INFO - 0 downstream tasks scheduled from follow-on schedule check
[2026-07-11T16:08:26.953+0000] {local_task_job_runner.py:222} INFO - ::endgroup::
