[2026-07-07T01:36:03.047+0000] {local_task_job_runner.py:120} INFO - ::group::Pre task execution logs
[2026-07-07T01:36:03.076+0000] {taskinstance.py:2076} INFO - Dependencies all met for dep_context=non-requeueable deps ti=<TaskInstance: gold_dbt_dag.trigger_dbt_build dataset_triggered__2026-07-07T01:08:32.209996+00:00 [queued]>
[2026-07-07T01:36:03.081+0000] {taskinstance.py:2076} INFO - Dependencies all met for dep_context=requeueable deps ti=<TaskInstance: gold_dbt_dag.trigger_dbt_build dataset_triggered__2026-07-07T01:08:32.209996+00:00 [queued]>
[2026-07-07T01:36:03.081+0000] {taskinstance.py:2306} INFO - Starting attempt 2 of 2
[2026-07-07T01:36:03.092+0000] {taskinstance.py:2330} INFO - Executing <Task(BashOperator): trigger_dbt_build> on 2026-07-07 01:08:32.209996+00:00
[2026-07-07T01:36:03.097+0000] {standard_task_runner.py:90} INFO - Running: ['***', 'tasks', 'run', 'gold_dbt_dag', 'trigger_dbt_build', 'dataset_triggered__2026-07-07T01:08:32.209996+00:00', '--job-id', '888', '--raw', '--subdir', 'DAGS_FOLDER/dag_gold_dbt.py', '--cfg-path', '/tmp/tmp9g21jaiy']
[2026-07-07T01:36:03.101+0000] {standard_task_runner.py:91} INFO - Job 888: Subtask trigger_dbt_build
[2026-07-07T01:36:03.103+0000] {logging_mixin.py:188} WARNING - /home/***/.local/lib/python3.12/site-packages/***/task/task_runner/standard_task_runner.py:61 DeprecationWarning: This process (pid=19205) is multi-threaded, use of fork() may lead to deadlocks in the child.
[2026-07-07T01:36:03.104+0000] {standard_task_runner.py:63} INFO - Started process 19215 to run task
[2026-07-07T01:36:03.124+0000] {task_command.py:426} INFO - Running <TaskInstance: gold_dbt_dag.trigger_dbt_build dataset_triggered__2026-07-07T01:08:32.209996+00:00 [running]> on host bd23e89d97be
[2026-07-07T01:36:03.176+0000] {taskinstance.py:2648} INFO - Exporting env vars: AIRFLOW_CTX_DAG_OWNER='data_engineer' AIRFLOW_CTX_DAG_ID='gold_dbt_dag' AIRFLOW_CTX_TASK_ID='trigger_dbt_build' AIRFLOW_CTX_EXECUTION_DATE='2026-07-07T01:08:32.209996+00:00' AIRFLOW_CTX_TRY_NUMBER='2' AIRFLOW_CTX_DAG_RUN_ID='dataset_triggered__2026-07-07T01:08:32.209996+00:00'
[2026-07-07T01:36:03.176+0000] {taskinstance.py:430} INFO - ::endgroup::
[2026-07-07T01:36:03.187+0000] {subprocess.py:63} INFO - Tmp dir root location: /tmp
[2026-07-07T01:36:03.188+0000] {subprocess.py:75} INFO - Running command: ['/usr/bin/bash', '-c', 'cd /opt/***/dbt && dbt build --profiles-dir . --target dev']
[2026-07-07T01:36:03.195+0000] {subprocess.py:86} INFO - Output:
[2026-07-07T01:36:04.196+0000] {subprocess.py:93} INFO - [0m01:36:04  Running with dbt=1.11.11
[2026-07-07T01:36:04.621+0000] {subprocess.py:93} INFO - [0m01:36:04  Registered adapter: bigquery=1.11.3
[2026-07-07T01:36:04.821+0000] {subprocess.py:93} INFO - [0m01:36:04  Found 5 models, 4 sources, 553 macros
[2026-07-07T01:36:04.822+0000] {subprocess.py:93} INFO - [0m01:36:04
[2026-07-07T01:36:04.823+0000] {subprocess.py:93} INFO - [0m01:36:04  Concurrency: 4 threads (target='dev')
[2026-07-07T01:36:04.823+0000] {subprocess.py:93} INFO - [0m01:36:04
[2026-07-07T01:36:06.458+0000] {subprocess.py:93} INFO - [0m01:36:06  1 of 5 START sql table model logistics_mart.dim_drivers ........................ [RUN]
[2026-07-07T01:36:06.458+0000] {subprocess.py:93} INFO - [0m01:36:06  2 of 5 START sql table model logistics_mart.dim_hubs ........................... [RUN]
[2026-07-07T01:36:06.459+0000] {subprocess.py:93} INFO - [0m01:36:06  3 of 5 START sql view model logistics_mart.stg_shipments ....................... [RUN]
[2026-07-07T01:36:06.459+0000] {subprocess.py:93} INFO - [0m01:36:06  4 of 5 START sql view model logistics_mart.stg_weather ......................... [RUN]
[2026-07-07T01:36:08.560+0000] {subprocess.py:93} INFO - [0m01:36:08  4 of 5 OK created sql view model logistics_mart.stg_weather .................... [[32mCREATE VIEW (0 processed)[0m in 2.10s]
[2026-07-07T01:36:08.560+0000] {subprocess.py:93} INFO - [0m01:36:08  3 of 5 OK created sql view model logistics_mart.stg_shipments .................. [[32mCREATE VIEW (0 processed)[0m in 2.10s]
[2026-07-07T01:36:10.577+0000] {subprocess.py:93} INFO - [0m01:36:10  1 of 5 OK created sql table model logistics_mart.dim_drivers ................... [[32mCREATE TABLE (3.0 rows, 108.0 Bytes processed)[0m in 4.10s]
[2026-07-07T01:36:12.070+0000] {subprocess.py:93} INFO - [0m01:36:12  2 of 5 OK created sql table model logistics_mart.dim_hubs ...................... [[32mCREATE TABLE (3.0 rows, 149.0 Bytes processed)[0m in 5.60s]
[2026-07-07T01:36:12.084+0000] {subprocess.py:93} INFO - [0m01:36:12  5 of 5 START sql table model logistics_mart.fact_shipment_weather .............. [RUN]
[2026-07-07T01:36:15.938+0000] {subprocess.py:93} INFO - [0m01:36:15  5 of 5 OK created sql table model logistics_mart.fact_shipment_weather ......... [[32mCREATE TABLE (1.1k rows, 67.8 KiB processed)[0m in 3.84s]
[2026-07-07T01:36:15.989+0000] {subprocess.py:93} INFO - [0m01:36:15
[2026-07-07T01:36:15.989+0000] {subprocess.py:93} INFO - [0m01:36:15  Finished running 3 table models, 2 view models in 0 hours 0 minutes and 11.17 seconds (11.17s).
[2026-07-07T01:36:16.048+0000] {subprocess.py:93} INFO - [0m01:36:16
[2026-07-07T01:36:16.048+0000] {subprocess.py:93} INFO - [0m01:36:16  [32mCompleted successfully[0m
[2026-07-07T01:36:16.049+0000] {subprocess.py:93} INFO - [0m01:36:16
[2026-07-07T01:36:16.049+0000] {subprocess.py:93} INFO - [0m01:36:16  Done. PASS=5 WARN=0 ERROR=0 SKIP=0 NO-OP=0 TOTAL=5
[2026-07-07T01:36:17.726+0000] {subprocess.py:97} INFO - Command exited with return code 0
[2026-07-07T01:36:17.728+0000] {taskinstance.py:441} INFO - ::group::Post task execution logs
[2026-07-07T01:36:17.769+0000] {taskinstance.py:1206} INFO - Marking task as SUCCESS. dag_id=gold_dbt_dag, task_id=trigger_dbt_build, run_id=dataset_triggered__2026-07-07T01:08:32.209996+00:00, execution_date=20260707T010832, start_date=20260707T013603, end_date=20260707T013617
[2026-07-07T01:36:17.815+0000] {local_task_job_runner.py:240} INFO - Task exited with return code 0
[2026-07-07T01:36:17.829+0000] {taskinstance.py:3498} INFO - 0 downstream tasks scheduled from follow-on schedule check
[2026-07-07T01:36:17.830+0000] {local_task_job_runner.py:222} INFO - ::endgroup::
