[2026-07-07T01:08:33.011+0000] {local_task_job_runner.py:120} INFO - ::group::Pre task execution logs
[2026-07-07T01:08:33.032+0000] {taskinstance.py:2076} INFO - Dependencies all met for dep_context=non-requeueable deps ti=<TaskInstance: gold_dbt_dag.trigger_dbt_build dataset_triggered__2026-07-07T01:08:32.209996+00:00 [queued]>
[2026-07-07T01:08:33.036+0000] {taskinstance.py:2076} INFO - Dependencies all met for dep_context=requeueable deps ti=<TaskInstance: gold_dbt_dag.trigger_dbt_build dataset_triggered__2026-07-07T01:08:32.209996+00:00 [queued]>
[2026-07-07T01:08:33.036+0000] {taskinstance.py:2306} INFO - Starting attempt 1 of 2
[2026-07-07T01:08:33.041+0000] {taskinstance.py:2330} INFO - Executing <Task(BashOperator): trigger_dbt_build> on 2026-07-07 01:08:32.209996+00:00
[2026-07-07T01:08:33.044+0000] {standard_task_runner.py:90} INFO - Running: ['***', 'tasks', 'run', 'gold_dbt_dag', 'trigger_dbt_build', 'dataset_triggered__2026-07-07T01:08:32.209996+00:00', '--job-id', '887', '--raw', '--subdir', 'DAGS_FOLDER/dag_gold_dbt.py', '--cfg-path', '/tmp/tmpsntced6h']
[2026-07-07T01:08:33.046+0000] {standard_task_runner.py:91} INFO - Job 887: Subtask trigger_dbt_build
[2026-07-07T01:08:33.048+0000] {logging_mixin.py:188} WARNING - /home/***/.local/lib/python3.12/site-packages/***/task/task_runner/standard_task_runner.py:61 DeprecationWarning: This process (pid=19098) is multi-threaded, use of fork() may lead to deadlocks in the child.
[2026-07-07T01:08:33.048+0000] {standard_task_runner.py:63} INFO - Started process 19099 to run task
[2026-07-07T01:08:33.071+0000] {task_command.py:426} INFO - Running <TaskInstance: gold_dbt_dag.trigger_dbt_build dataset_triggered__2026-07-07T01:08:32.209996+00:00 [running]> on host bd23e89d97be
[2026-07-07T01:08:33.109+0000] {taskinstance.py:2648} INFO - Exporting env vars: AIRFLOW_CTX_DAG_OWNER='data_engineer' AIRFLOW_CTX_DAG_ID='gold_dbt_dag' AIRFLOW_CTX_TASK_ID='trigger_dbt_build' AIRFLOW_CTX_EXECUTION_DATE='2026-07-07T01:08:32.209996+00:00' AIRFLOW_CTX_TRY_NUMBER='1' AIRFLOW_CTX_DAG_RUN_ID='dataset_triggered__2026-07-07T01:08:32.209996+00:00'
[2026-07-07T01:08:33.109+0000] {taskinstance.py:430} INFO - ::endgroup::
[2026-07-07T01:08:33.117+0000] {subprocess.py:63} INFO - Tmp dir root location: /tmp
[2026-07-07T01:08:33.118+0000] {subprocess.py:75} INFO - Running command: ['/usr/bin/bash', '-c', 'cd /opt/***/dbt && dbt build --profiles-dir . --target dev']
[2026-07-07T01:08:33.122+0000] {subprocess.py:86} INFO - Output:
[2026-07-07T01:08:34.148+0000] {subprocess.py:93} INFO - [0m01:08:34  Running with dbt=1.11.11
[2026-07-07T01:08:34.634+0000] {subprocess.py:93} INFO - [0m01:08:34  Registered adapter: bigquery=1.11.3
[2026-07-07T01:08:34.841+0000] {subprocess.py:93} INFO - [0m01:08:34  Found 5 models, 4 sources, 553 macros
[2026-07-07T01:08:34.842+0000] {subprocess.py:93} INFO - [0m01:08:34
[2026-07-07T01:08:34.842+0000] {subprocess.py:93} INFO - [0m01:08:34  Concurrency: 4 threads (target='dev')
[2026-07-07T01:08:34.842+0000] {subprocess.py:93} INFO - [0m01:08:34
[2026-07-07T01:08:36.507+0000] {subprocess.py:93} INFO - [0m01:08:36  1 of 5 START sql table model logistics_mart.dim_drivers ........................ [RUN]
[2026-07-07T01:08:36.507+0000] {subprocess.py:93} INFO - [0m01:08:36  2 of 5 START sql table model logistics_mart.dim_hubs ........................... [RUN]
[2026-07-07T01:08:36.508+0000] {subprocess.py:93} INFO - [0m01:08:36  3 of 5 START sql view model logistics_mart.stg_shipments ....................... [RUN]
[2026-07-07T01:08:36.508+0000] {subprocess.py:93} INFO - [0m01:08:36  4 of 5 START sql view model logistics_mart.stg_weather ......................... [RUN]
[2026-07-07T01:08:38.600+0000] {subprocess.py:93} INFO - [0m01:08:38  4 of 5 OK created sql view model logistics_mart.stg_weather .................... [[32mCREATE VIEW (0 processed)[0m in 2.09s]
[2026-07-07T01:08:38.601+0000] {subprocess.py:93} INFO - [0m01:08:38  3 of 5 OK created sql view model logistics_mart.stg_shipments .................. [[32mCREATE VIEW (0 processed)[0m in 2.09s]
[2026-07-07T01:08:40.380+0000] {subprocess.py:93} INFO - [0m01:08:40  2 of 5 OK created sql table model logistics_mart.dim_hubs ...................... [[32mCREATE TABLE (3.0 rows, 149.0 Bytes processed)[0m in 3.87s]
[2026-07-07T01:08:40.385+0000] {subprocess.py:93} INFO - [0m01:08:40  5 of 5 START sql table model logistics_mart.fact_shipment_weather .............. [RUN]
[2026-07-07T01:08:40.766+0000] {subprocess.py:93} INFO - [0m01:08:40  1 of 5 OK created sql table model logistics_mart.dim_drivers ................... [[32mCREATE TABLE (3.0 rows, 108.0 Bytes processed)[0m in 4.26s]
[2026-07-07T01:24:46.684+0000] {subprocess.py:93} INFO - [0m01:24:46  5 of 5 ERROR creating sql table model logistics_mart.fact_shipment_weather ..... [[31mERROR[0m in 966.29s]
[2026-07-07T01:24:46.736+0000] {subprocess.py:93} INFO - [0m01:24:46
[2026-07-07T01:24:46.736+0000] {subprocess.py:93} INFO - [0m01:24:46  Finished running 3 table models, 2 view models in 0 hours 16 minutes and 11.89 seconds (971.89s).
[2026-07-07T01:24:46.790+0000] {subprocess.py:93} INFO - [0m01:24:46
[2026-07-07T01:24:46.791+0000] {subprocess.py:93} INFO - [0m01:24:46  [31mCompleted with 1 error, 0 partial successes, and 0 warnings:[0m
[2026-07-07T01:24:46.793+0000] {subprocess.py:93} INFO - [0m01:24:46
[2026-07-07T01:24:46.793+0000] {subprocess.py:93} INFO - [0m01:24:46  [31mFailure in model fact_shipment_weather (models/mart/fact_shipment_weather.sql)[0m
[2026-07-07T01:24:46.793+0000] {subprocess.py:93} INFO - [0m01:24:46    Database Error in model fact_shipment_weather (models/mart/fact_shipment_weather.sql)
[2026-07-07T01:24:46.795+0000] {subprocess.py:93} INFO -   409 POST https://bigquery.googleapis.com/bigquery/v2/projects/logistics-500519/jobs?prettyPrint=false: Already Exists: Job logistics-500519:US.e7b6f0f1-a210-419f-84b2-a8a1d380e084
[2026-07-07T01:24:46.796+0000] {subprocess.py:93} INFO - 
[2026-07-07T01:24:46.797+0000] {subprocess.py:93} INFO -   Location: None
[2026-07-07T01:24:46.797+0000] {subprocess.py:93} INFO -   Job ID: e7b6f0f1-a210-419f-84b2-a8a1d380e084
[2026-07-07T01:24:46.798+0000] {subprocess.py:93} INFO - 
[2026-07-07T01:24:46.798+0000] {subprocess.py:93} INFO -   compiled code at target/run/logistics_lakehouse/models/mart/fact_shipment_weather.sql
[2026-07-07T01:24:46.798+0000] {subprocess.py:93} INFO - [0m01:24:46
[2026-07-07T01:24:46.799+0000] {subprocess.py:93} INFO - [0m01:24:46    compiled code at target/compiled/logistics_lakehouse/models/mart/fact_shipment_weather.sql
[2026-07-07T01:24:46.799+0000] {subprocess.py:93} INFO - [0m01:24:46
[2026-07-07T01:24:46.800+0000] {subprocess.py:93} INFO - [0m01:24:46  Done. PASS=4 WARN=0 ERROR=1 SKIP=0 NO-OP=0 TOTAL=5
[2026-07-07T01:24:48.646+0000] {subprocess.py:97} INFO - Command exited with return code 1
[2026-07-07T01:24:48.648+0000] {taskinstance.py:441} INFO - ::group::Post task execution logs
[2026-07-07T01:24:48.664+0000] {taskinstance.py:2905} ERROR - Task failed with exception
Traceback (most recent call last):
  File "/home/airflow/.local/lib/python3.12/site-packages/airflow/models/taskinstance.py", line 465, in _execute_task
    result = _execute_callable(context=context, **execute_callable_kwargs)
             ^^^^^^^^^^^^^^^^^^^^^^^^^^^^^^^^^^^^^^^^^^^^^^^^^^^^^^^^^^^^^
  File "/home/airflow/.local/lib/python3.12/site-packages/airflow/models/taskinstance.py", line 432, in _execute_callable
    return execute_callable(context=context, **execute_callable_kwargs)
           ^^^^^^^^^^^^^^^^^^^^^^^^^^^^^^^^^^^^^^^^^^^^^^^^^^^^^^^^^^^^
  File "/home/airflow/.local/lib/python3.12/site-packages/airflow/models/baseoperator.py", line 400, in wrapper
    return func(self, *args, **kwargs)
           ^^^^^^^^^^^^^^^^^^^^^^^^^^^
  File "/home/airflow/.local/lib/python3.12/site-packages/airflow/operators/bash.py", line 243, in execute
    raise AirflowException(
airflow.exceptions.AirflowException: Bash command failed. The command returned a non-zero exit code 1.
[2026-07-07T01:24:48.670+0000] {taskinstance.py:1206} INFO - Marking task as UP_FOR_RETRY. dag_id=gold_dbt_dag, task_id=trigger_dbt_build, run_id=dataset_triggered__2026-07-07T01:08:32.209996+00:00, execution_date=20260707T010832, start_date=20260707T010833, end_date=20260707T012448
[2026-07-07T01:24:48.684+0000] {standard_task_runner.py:110} ERROR - Failed to execute job 887 for task trigger_dbt_build (Bash command failed. The command returned a non-zero exit code 1.; 19099)
[2026-07-07T01:24:48.716+0000] {local_task_job_runner.py:240} INFO - Task exited with return code 1
[2026-07-07T01:24:48.729+0000] {taskinstance.py:3498} INFO - 0 downstream tasks scheduled from follow-on schedule check
[2026-07-07T01:24:48.729+0000] {local_task_job_runner.py:222} INFO - ::endgroup::
