[2026-06-25T19:29:01.747+0000] {local_task_job_runner.py:120} INFO - ::group::Pre task execution logs
[2026-06-25T19:29:01.777+0000] {taskinstance.py:2076} INFO - Dependencies all met for dep_context=non-requeueable deps ti=<TaskInstance: logistics_shipment_simulator.generate_and_update_shipments scheduled__2026-06-25T19:22:00+00:00 [queued]>
[2026-06-25T19:29:01.782+0000] {taskinstance.py:2076} INFO - Dependencies all met for dep_context=requeueable deps ti=<TaskInstance: logistics_shipment_simulator.generate_and_update_shipments scheduled__2026-06-25T19:22:00+00:00 [queued]>
[2026-06-25T19:29:01.782+0000] {taskinstance.py:2306} INFO - Starting attempt 2 of 2
[2026-06-25T19:29:01.793+0000] {taskinstance.py:2330} INFO - Executing <Task(PythonOperator): generate_and_update_shipments> on 2026-06-25 19:22:00+00:00
[2026-06-25T19:29:01.799+0000] {standard_task_runner.py:90} INFO - Running: ['***', 'tasks', 'run', 'logistics_shipment_simulator', 'generate_and_update_shipments', 'scheduled__2026-06-25T19:22:00+00:00', '--job-id', '51', '--raw', '--subdir', 'DAGS_FOLDER/dag_shipment_sim.py', '--cfg-path', '/tmp/tmpocnmhmoq']
[2026-06-25T19:29:01.804+0000] {standard_task_runner.py:91} INFO - Job 51: Subtask generate_and_update_shipments
[2026-06-25T19:29:01.807+0000] {logging_mixin.py:188} WARNING - /home/***/.local/lib/python3.12/site-packages/***/task/task_runner/standard_task_runner.py:61 DeprecationWarning: This process (pid=999) is multi-threaded, use of fork() may lead to deadlocks in the child.
[2026-06-25T19:29:01.809+0000] {standard_task_runner.py:63} INFO - Started process 1000 to run task
[2026-06-25T19:29:01.857+0000] {task_command.py:426} INFO - Running <TaskInstance: logistics_shipment_simulator.generate_and_update_shipments scheduled__2026-06-25T19:22:00+00:00 [running]> on host 8031ec9eda70
[2026-06-25T19:29:01.909+0000] {taskinstance.py:2648} INFO - Exporting env vars: AIRFLOW_CTX_DAG_OWNER='data_engineer' AIRFLOW_CTX_DAG_ID='logistics_shipment_simulator' AIRFLOW_CTX_TASK_ID='generate_and_update_shipments' AIRFLOW_CTX_EXECUTION_DATE='2026-06-25T19:22:00+00:00' AIRFLOW_CTX_TRY_NUMBER='2' AIRFLOW_CTX_DAG_RUN_ID='scheduled__2026-06-25T19:22:00+00:00'
[2026-06-25T19:29:01.909+0000] {taskinstance.py:430} INFO - ::endgroup::
[2026-06-25T19:29:01.922+0000] {taskinstance.py:441} INFO - ::group::Post task execution logs
[2026-06-25T19:29:01.923+0000] {taskinstance.py:2905} ERROR - Task failed with exception
Traceback (most recent call last):
  File "/home/airflow/.local/lib/python3.12/site-packages/airflow/models/taskinstance.py", line 465, in _execute_task
    result = _execute_callable(context=context, **execute_callable_kwargs)
             ^^^^^^^^^^^^^^^^^^^^^^^^^^^^^^^^^^^^^^^^^^^^^^^^^^^^^^^^^^^^^
  File "/home/airflow/.local/lib/python3.12/site-packages/airflow/models/taskinstance.py", line 432, in _execute_callable
    return execute_callable(context=context, **execute_callable_kwargs)
           ^^^^^^^^^^^^^^^^^^^^^^^^^^^^^^^^^^^^^^^^^^^^^^^^^^^^^^^^^^^^
  File "/home/airflow/.local/lib/python3.12/site-packages/airflow/models/baseoperator.py", line 400, in wrapper
    return func(self, *args, **kwargs)
           ^^^^^^^^^^^^^^^^^^^^^^^^^^^
  File "/home/airflow/.local/lib/python3.12/site-packages/airflow/operators/python.py", line 235, in execute
    return_value = self.execute_callable()
                   ^^^^^^^^^^^^^^^^^^^^^^^
  File "/home/airflow/.local/lib/python3.12/site-packages/airflow/operators/python.py", line 252, in execute_callable
    return self.python_callable(*self.op_args, **self.op_kwargs)
           ^^^^^^^^^^^^^^^^^^^^^^^^^^^^^^^^^^^^^^^^^^^^^^^^^^^^^
  File "/opt/airflow/dags/dag_shipment_sim.py", line 24, in simulate_shipments
    cursor.execute("""
psycopg2.errors.UndefinedTable: relation "shipments" does not exist
LINE 2:         UPDATE shipments 
                       ^

[2026-06-25T19:29:01.929+0000] {taskinstance.py:1206} INFO - Marking task as FAILED. dag_id=logistics_shipment_simulator, task_id=generate_and_update_shipments, run_id=scheduled__2026-06-25T19:22:00+00:00, execution_date=20260625T192200, start_date=20260625T192901, end_date=20260625T192901
[2026-06-25T19:29:01.934+0000] {standard_task_runner.py:110} ERROR - Failed to execute job 51 for task generate_and_update_shipments (relation "shipments" does not exist
LINE 2:         UPDATE shipments 
                       ^
; 1000)
[2026-06-25T19:29:01.954+0000] {local_task_job_runner.py:240} INFO - Task exited with return code 1
[2026-06-25T19:29:01.963+0000] {taskinstance.py:3498} INFO - 0 downstream tasks scheduled from follow-on schedule check
[2026-06-25T19:29:01.964+0000] {local_task_job_runner.py:222} INFO - ::endgroup::
