[2026-07-10T15:00:24.402+0000] {local_task_job_runner.py:120} INFO - ::group::Pre task execution logs
[2026-07-10T15:00:24.438+0000] {taskinstance.py:2076} INFO - Dependencies all met for dep_context=non-requeueable deps ti=<TaskInstance: gold_dbt_dag.trigger_dbt_build dataset_triggered__2026-07-10T15:00:23.884871+00:00 [queued]>
[2026-07-10T15:00:24.444+0000] {taskinstance.py:2076} INFO - Dependencies all met for dep_context=requeueable deps ti=<TaskInstance: gold_dbt_dag.trigger_dbt_build dataset_triggered__2026-07-10T15:00:23.884871+00:00 [queued]>
[2026-07-10T15:00:24.444+0000] {taskinstance.py:2306} INFO - Starting attempt 1 of 2
[2026-07-10T15:00:24.451+0000] {taskinstance.py:2330} INFO - Executing <Task(BashOperator): trigger_dbt_build> on 2026-07-10 15:00:23.884871+00:00
[2026-07-10T15:00:24.455+0000] {standard_task_runner.py:90} INFO - Running: ['***', 'tasks', 'run', 'gold_dbt_dag', 'trigger_dbt_build', 'dataset_triggered__2026-07-10T15:00:23.884871+00:00', '--job-id', '1483', '--raw', '--subdir', 'DAGS_FOLDER/dag_gold_dbt.py', '--cfg-path', '/tmp/tmpsv3ye8gc']
[2026-07-10T15:00:24.458+0000] {standard_task_runner.py:91} INFO - Job 1483: Subtask trigger_dbt_build
[2026-07-10T15:00:24.463+0000] {logging_mixin.py:188} WARNING - /home/***/.local/lib/python3.12/site-packages/***/task/task_runner/standard_task_runner.py:61 DeprecationWarning: This process (pid=30424) is multi-threaded, use of fork() may lead to deadlocks in the child.
[2026-07-10T15:00:24.464+0000] {standard_task_runner.py:63} INFO - Started process 30425 to run task
[2026-07-10T15:00:24.504+0000] {task_command.py:426} INFO - Running <TaskInstance: gold_dbt_dag.trigger_dbt_build dataset_triggered__2026-07-10T15:00:23.884871+00:00 [running]> on host bd23e89d97be
[2026-07-10T15:00:24.560+0000] {taskinstance.py:2648} INFO - Exporting env vars: AIRFLOW_CTX_DAG_OWNER='data_engineer' AIRFLOW_CTX_DAG_ID='gold_dbt_dag' AIRFLOW_CTX_TASK_ID='trigger_dbt_build' AIRFLOW_CTX_EXECUTION_DATE='2026-07-10T15:00:23.884871+00:00' AIRFLOW_CTX_TRY_NUMBER='1' AIRFLOW_CTX_DAG_RUN_ID='dataset_triggered__2026-07-10T15:00:23.884871+00:00'
[2026-07-10T15:00:24.561+0000] {taskinstance.py:430} INFO - ::endgroup::
[2026-07-10T15:00:24.590+0000] {subprocess.py:63} INFO - Tmp dir root location: /tmp
[2026-07-10T15:00:24.592+0000] {subprocess.py:75} INFO - Running command: ['/usr/bin/bash', '-c', 'cd /opt/***/dbt && dbt build --profiles-dir . --target dev']
[2026-07-10T15:00:24.598+0000] {subprocess.py:86} INFO - Output:
[2026-07-10T15:00:26.668+0000] {subprocess.py:93} INFO - [0m15:00:26  Running with dbt=1.11.11
[2026-07-10T15:00:27.457+0000] {subprocess.py:93} INFO - [0m15:00:27  Registered adapter: bigquery=1.11.3
[2026-07-10T15:00:27.780+0000] {subprocess.py:93} INFO - [0m15:00:27  Found 6 models, 4 sources, 553 macros
[2026-07-10T15:00:27.781+0000] {subprocess.py:93} INFO - [0m15:00:27
[2026-07-10T15:00:27.781+0000] {subprocess.py:93} INFO - [0m15:00:27  Concurrency: 4 threads (target='dev')
[2026-07-10T15:00:27.782+0000] {subprocess.py:93} INFO - [0m15:00:27
[2026-07-10T15:00:29.386+0000] {subprocess.py:93} INFO - [0m15:00:29  1 of 6 START sql table model logistics_mart.dim_drivers ........................ [RUN]
[2026-07-10T15:00:29.388+0000] {subprocess.py:93} INFO - [0m15:00:29  2 of 6 START sql table model logistics_mart.dim_hubs ........................... [RUN]
[2026-07-10T15:00:29.388+0000] {subprocess.py:93} INFO - [0m15:00:29  3 of 6 START sql view model logistics_mart.stg_shipments ....................... [RUN]
[2026-07-10T15:00:29.388+0000] {subprocess.py:93} INFO - [0m15:00:29  4 of 6 START sql view model logistics_mart.stg_weather ......................... [RUN]
[2026-07-10T15:00:31.646+0000] {subprocess.py:93} INFO - [0m15:00:31  4 of 6 OK created sql view model logistics_mart.stg_weather .................... [[32mCREATE VIEW (0 processed)[0m in 2.25s]
[2026-07-10T15:00:31.654+0000] {subprocess.py:93} INFO - [0m15:00:31  3 of 6 OK created sql view model logistics_mart.stg_shipments .................. [[32mCREATE VIEW (0 processed)[0m in 2.25s]
[2026-07-10T15:00:31.654+0000] {subprocess.py:93} INFO - [0m15:00:31  5 of 6 START sql view model logistics_mart.stg_weather_consensus ............... [RUN]
[2026-07-10T15:00:33.022+0000] {subprocess.py:93} INFO - [0m15:00:33  BigQuery adapter: https://console.cloud.google.com/bigquery?project=logistics-500519&j=bq:US:86c926d5-48f1-48c1-bbb3-30c5d9498288&page=queryresults
[2026-07-10T15:00:33.056+0000] {subprocess.py:93} INFO - [0m15:00:33  5 of 6 ERROR creating sql view model logistics_mart.stg_weather_consensus ...... [[31mERROR[0m in 1.40s]
[2026-07-10T15:00:34.005+0000] {subprocess.py:93} INFO - [0m15:00:34  1 of 6 OK created sql table model logistics_mart.dim_drivers ................... [[32mCREATE TABLE (3.0 rows, 108.0 Bytes processed)[0m in 4.61s]
[2026-07-10T15:00:35.335+0000] {subprocess.py:93} INFO - [0m15:00:35  2 of 6 OK created sql table model logistics_mart.dim_hubs ...................... [[32mCREATE TABLE (3.0 rows, 149.0 Bytes processed)[0m in 5.94s]
[2026-07-10T15:00:35.341+0000] {subprocess.py:93} INFO - [0m15:00:35  6 of 6 START sql table model logistics_mart.fact_shipment_weather .............. [RUN]
[2026-07-10T15:00:39.984+0000] {subprocess.py:93} INFO - [0m15:00:39  6 of 6 OK created sql table model logistics_mart.fact_shipment_weather ......... [[32mCREATE TABLE (1.7k rows, 108.7 KiB processed)[0m in 4.64s]
[2026-07-10T15:00:40.037+0000] {subprocess.py:93} INFO - [0m15:00:40
[2026-07-10T15:00:40.038+0000] {subprocess.py:93} INFO - [0m15:00:40  Finished running 3 table models, 3 view models in 0 hours 0 minutes and 12.25 seconds (12.25s).
[2026-07-10T15:00:40.107+0000] {subprocess.py:93} INFO - [0m15:00:40
[2026-07-10T15:00:40.108+0000] {subprocess.py:93} INFO - [0m15:00:40  [31mCompleted with 1 error, 0 partial successes, and 0 warnings:[0m
[2026-07-10T15:00:40.108+0000] {subprocess.py:93} INFO - [0m15:00:40
[2026-07-10T15:00:40.109+0000] {subprocess.py:93} INFO - [0m15:00:40  [31mFailure in model stg_weather_consensus (models/staging/stg_weather_consensus.sql)[0m
[2026-07-10T15:00:40.110+0000] {subprocess.py:93} INFO - [0m15:00:40    Database Error in model stg_weather_consensus (models/staging/stg_weather_consensus.sql)
[2026-07-10T15:00:40.110+0000] {subprocess.py:93} INFO -   Unrecognized name: fetched_at at [11:11]
[2026-07-10T15:00:40.110+0000] {subprocess.py:93} INFO -   compiled code at target/run/logistics_lakehouse/models/staging/stg_weather_consensus.sql
[2026-07-10T15:00:40.110+0000] {subprocess.py:93} INFO - [0m15:00:40
[2026-07-10T15:00:40.111+0000] {subprocess.py:93} INFO - [0m15:00:40    compiled code at target/compiled/logistics_lakehouse/models/staging/stg_weather_consensus.sql
[2026-07-10T15:00:40.111+0000] {subprocess.py:93} INFO - [0m15:00:40
[2026-07-10T15:00:40.112+0000] {subprocess.py:93} INFO - [0m15:00:40  Done. PASS=5 WARN=0 ERROR=1 SKIP=0 NO-OP=0 TOTAL=6
[2026-07-10T15:00:42.458+0000] {subprocess.py:97} INFO - Command exited with return code 1
[2026-07-10T15:00:42.461+0000] {taskinstance.py:441} INFO - ::group::Post task execution logs
[2026-07-10T15:00:42.484+0000] {taskinstance.py:2905} ERROR - Task failed with exception
Traceback (most recent call last):
  File "/home/airflow/.local/lib/python3.12/site-packages/airflow/models/taskinstance.py", line 465, in _execute_task
    result = _execute_callable(context=context, **execute_callable_kwargs)
             ^^^^^^^^^^^^^^^^^^^^^^^^^^^^^^^^^^^^^^^^^^^^^^^^^^^^^^^^^^^^^
  File "/home/airflow/.local/lib/python3.12/site-packages/airflow/models/taskinstance.py", line 432, in _execute_callable
    return execute_callable(context=context, **execute_callable_kwargs)
           ^^^^^^^^^^^^^^^^^^^^^^^^^^^^^^^^^^^^^^^^^^^^^^^^^^^^^^^^^^^^
  File "/home/airflow/.local/lib/python3.12/site-packages/airflow/models/baseoperator.py", line 400, in wrapper
    return func(self, *args, **kwargs)
           ^^^^^^^^^^^^^^^^^^^^^^^^^^^
  File "/home/airflow/.local/lib/python3.12/site-packages/airflow/operators/bash.py", line 243, in execute
    raise AirflowException(
airflow.exceptions.AirflowException: Bash command failed. The command returned a non-zero exit code 1.
[2026-07-10T15:00:42.495+0000] {taskinstance.py:1206} INFO - Marking task as UP_FOR_RETRY. dag_id=gold_dbt_dag, task_id=trigger_dbt_build, run_id=dataset_triggered__2026-07-10T15:00:23.884871+00:00, execution_date=20260710T150023, start_date=20260710T150024, end_date=20260710T150042
[2026-07-10T15:00:42.514+0000] {standard_task_runner.py:110} ERROR - Failed to execute job 1483 for task trigger_dbt_build (Bash command failed. The command returned a non-zero exit code 1.; 30425)
[2026-07-10T15:00:42.540+0000] {local_task_job_runner.py:240} INFO - Task exited with return code 1
[2026-07-10T15:00:42.565+0000] {taskinstance.py:3498} INFO - 0 downstream tasks scheduled from follow-on schedule check
[2026-07-10T15:00:42.565+0000] {local_task_job_runner.py:222} INFO - ::endgroup::
