[2026-06-25T20:31:57.562+0000] {local_task_job_runner.py:120} INFO - ::group::Pre task execution logs
[2026-06-25T20:31:57.600+0000] {taskinstance.py:2076} INFO - Dependencies all met for dep_context=non-requeueable deps ti=<TaskInstance: dbt_gold_transformation.trigger_dbt_build scheduled__2026-06-24T00:00:00+00:00 [queued]>
[2026-06-25T20:31:57.606+0000] {taskinstance.py:2076} INFO - Dependencies all met for dep_context=requeueable deps ti=<TaskInstance: dbt_gold_transformation.trigger_dbt_build scheduled__2026-06-24T00:00:00+00:00 [queued]>
[2026-06-25T20:31:57.607+0000] {taskinstance.py:2306} INFO - Starting attempt 1 of 2
[2026-06-25T20:31:57.614+0000] {taskinstance.py:2330} INFO - Executing <Task(BashOperator): trigger_dbt_build> on 2026-06-24 00:00:00+00:00
[2026-06-25T20:31:57.634+0000] {logging_mixin.py:188} WARNING - /home/***/.local/lib/python3.12/site-packages/***/task/task_runner/standard_task_runner.py:61 DeprecationWarning: This process (pid=2990) is multi-threaded, use of fork() may lead to deadlocks in the child.
[2026-06-25T20:31:57.635+0000] {standard_task_runner.py:63} INFO - Started process 2991 to run task
[2026-06-25T20:31:57.634+0000] {standard_task_runner.py:90} INFO - Running: ['***', 'tasks', 'run', 'dbt_gold_transformation', 'trigger_dbt_build', 'scheduled__2026-06-24T00:00:00+00:00', '--job-id', '114', '--raw', '--subdir', 'DAGS_FOLDER/dag_gold_dbt.py', '--cfg-path', '/tmp/tmpoiz4oosu']
[2026-06-25T20:31:57.639+0000] {standard_task_runner.py:91} INFO - Job 114: Subtask trigger_dbt_build
[2026-06-25T20:31:57.733+0000] {task_command.py:426} INFO - Running <TaskInstance: dbt_gold_transformation.trigger_dbt_build scheduled__2026-06-24T00:00:00+00:00 [running]> on host 8031ec9eda70
[2026-06-25T20:31:57.876+0000] {taskinstance.py:2648} INFO - Exporting env vars: AIRFLOW_CTX_DAG_OWNER='data_engineer' AIRFLOW_CTX_DAG_ID='dbt_gold_transformation' AIRFLOW_CTX_TASK_ID='trigger_dbt_build' AIRFLOW_CTX_EXECUTION_DATE='2026-06-24T00:00:00+00:00' AIRFLOW_CTX_TRY_NUMBER='1' AIRFLOW_CTX_DAG_RUN_ID='scheduled__2026-06-24T00:00:00+00:00'
[2026-06-25T20:31:57.879+0000] {taskinstance.py:430} INFO - ::endgroup::
[2026-06-25T20:31:57.921+0000] {subprocess.py:63} INFO - Tmp dir root location: /tmp
[2026-06-25T20:31:57.929+0000] {subprocess.py:75} INFO - Running command: ['/usr/bin/bash', '-c', 'cd /opt/***/dbt && dbt build --profiles-dir . --target dev']
[2026-06-25T20:31:57.958+0000] {subprocess.py:86} INFO - Output:
[2026-06-25T20:31:58.017+0000] {subprocess.py:93} INFO - /usr/bin/bash: line 1: dbt: command not found
[2026-06-25T20:31:58.019+0000] {subprocess.py:97} INFO - Command exited with return code 127
[2026-06-25T20:31:58.026+0000] {taskinstance.py:441} INFO - ::group::Post task execution logs
[2026-06-25T20:31:58.041+0000] {taskinstance.py:2905} ERROR - Task failed with exception
Traceback (most recent call last):
  File "/home/airflow/.local/lib/python3.12/site-packages/airflow/models/taskinstance.py", line 465, in _execute_task
    result = _execute_callable(context=context, **execute_callable_kwargs)
             ^^^^^^^^^^^^^^^^^^^^^^^^^^^^^^^^^^^^^^^^^^^^^^^^^^^^^^^^^^^^^
  File "/home/airflow/.local/lib/python3.12/site-packages/airflow/models/taskinstance.py", line 432, in _execute_callable
    return execute_callable(context=context, **execute_callable_kwargs)
           ^^^^^^^^^^^^^^^^^^^^^^^^^^^^^^^^^^^^^^^^^^^^^^^^^^^^^^^^^^^^
  File "/home/airflow/.local/lib/python3.12/site-packages/airflow/models/baseoperator.py", line 400, in wrapper
    return func(self, *args, **kwargs)
           ^^^^^^^^^^^^^^^^^^^^^^^^^^^
  File "/home/airflow/.local/lib/python3.12/site-packages/airflow/operators/bash.py", line 243, in execute
    raise AirflowException(
airflow.exceptions.AirflowException: Bash command failed. The command returned a non-zero exit code 127.
[2026-06-25T20:31:58.058+0000] {taskinstance.py:1206} INFO - Marking task as UP_FOR_RETRY. dag_id=dbt_gold_transformation, task_id=trigger_dbt_build, run_id=scheduled__2026-06-24T00:00:00+00:00, execution_date=20260624T000000, start_date=20260625T203157, end_date=20260625T203158
[2026-06-25T20:31:58.066+0000] {standard_task_runner.py:110} ERROR - Failed to execute job 114 for task trigger_dbt_build (Bash command failed. The command returned a non-zero exit code 127.; 2991)
[2026-06-25T20:31:58.107+0000] {local_task_job_runner.py:240} INFO - Task exited with return code 1
[2026-06-25T20:31:58.125+0000] {taskinstance.py:3498} INFO - 0 downstream tasks scheduled from follow-on schedule check
[2026-06-25T20:31:58.126+0000] {local_task_job_runner.py:222} INFO - ::endgroup::
[2026-06-25T22:19:18.479+0000] {local_task_job_runner.py:120} INFO - ::group::Pre task execution logs
[2026-06-25T22:19:18.527+0000] {taskinstance.py:2076} INFO - Dependencies all met for dep_context=non-requeueable deps ti=<TaskInstance: dbt_gold_transformation.trigger_dbt_build scheduled__2026-06-24T00:00:00+00:00 [queued]>
[2026-06-25T22:19:18.533+0000] {taskinstance.py:2076} INFO - Dependencies all met for dep_context=requeueable deps ti=<TaskInstance: dbt_gold_transformation.trigger_dbt_build scheduled__2026-06-24T00:00:00+00:00 [queued]>
[2026-06-25T22:19:18.534+0000] {taskinstance.py:2306} INFO - Starting attempt 1 of 2
[2026-06-25T22:19:18.542+0000] {taskinstance.py:2330} INFO - Executing <Task(BashOperator): trigger_dbt_build> on 2026-06-24 00:00:00+00:00
[2026-06-25T22:19:18.552+0000] {logging_mixin.py:188} WARNING - /home/***/.local/lib/python3.12/site-packages/***/task/task_runner/standard_task_runner.py:61 DeprecationWarning: This process (pid=1599) is multi-threaded, use of fork() may lead to deadlocks in the child.
[2026-06-25T22:19:18.553+0000] {standard_task_runner.py:63} INFO - Started process 1600 to run task
[2026-06-25T22:19:18.551+0000] {standard_task_runner.py:90} INFO - Running: ['***', 'tasks', 'run', 'dbt_gold_transformation', 'trigger_dbt_build', 'scheduled__2026-06-24T00:00:00+00:00', '--job-id', '2', '--raw', '--subdir', 'DAGS_FOLDER/dag_gold_dbt.py', '--cfg-path', '/tmp/tmpaygr3iw1']
[2026-06-25T22:19:18.554+0000] {standard_task_runner.py:91} INFO - Job 2: Subtask trigger_dbt_build
[2026-06-25T22:19:18.578+0000] {task_command.py:426} INFO - Running <TaskInstance: dbt_gold_transformation.trigger_dbt_build scheduled__2026-06-24T00:00:00+00:00 [running]> on host 6a613ecd21c6
[2026-06-25T22:19:18.625+0000] {taskinstance.py:2648} INFO - Exporting env vars: AIRFLOW_CTX_DAG_OWNER='data_engineer' AIRFLOW_CTX_DAG_ID='dbt_gold_transformation' AIRFLOW_CTX_TASK_ID='trigger_dbt_build' AIRFLOW_CTX_EXECUTION_DATE='2026-06-24T00:00:00+00:00' AIRFLOW_CTX_TRY_NUMBER='1' AIRFLOW_CTX_DAG_RUN_ID='scheduled__2026-06-24T00:00:00+00:00'
[2026-06-25T22:19:18.626+0000] {taskinstance.py:430} INFO - ::endgroup::
[2026-06-25T22:19:18.667+0000] {subprocess.py:63} INFO - Tmp dir root location: /tmp
[2026-06-25T22:19:18.667+0000] {subprocess.py:75} INFO - Running command: ['/usr/bin/bash', '-c', 'cd /opt/***/dbt && dbt build --profiles-dir . --target dev']
[2026-06-25T22:19:18.674+0000] {subprocess.py:86} INFO - Output:
[2026-06-25T22:19:19.759+0000] {subprocess.py:93} INFO - [0m22:19:19  Running with dbt=1.11.11
[2026-06-25T22:19:20.394+0000] {subprocess.py:93} INFO - [0m22:19:20  [[33mWARNING[0m][MissingPlusPrefixDeprecation]: Deprecated functionality
[2026-06-25T22:19:20.394+0000] {subprocess.py:93} INFO - Missing '+' prefix on `materialized` found at
[2026-06-25T22:19:20.394+0000] {subprocess.py:93} INFO - `logistics_lakehouse.mart.materialized` in file
[2026-06-25T22:19:20.395+0000] {subprocess.py:93} INFO - `/opt/***/dbt/dbt_project.yml`. Hierarchical config values without a '+'
[2026-06-25T22:19:20.395+0000] {subprocess.py:93} INFO - prefix are deprecated in dbt_project.yml.
[2026-06-25T22:19:20.731+0000] {subprocess.py:93} INFO - [0m22:19:20  Registered adapter: bigquery=1.11.3
[2026-06-25T22:19:20.815+0000] {subprocess.py:93} INFO - [0m22:19:20  Unable to do partial parsing because saved manifest not found. Starting full parse.
[2026-06-25T22:19:21.780+0000] {subprocess.py:93} INFO - [0m22:19:21  Found 5 models, 4 sources, 553 macros
[2026-06-25T22:19:21.782+0000] {subprocess.py:93} INFO - [0m22:19:21
[2026-06-25T22:19:21.782+0000] {subprocess.py:93} INFO - [0m22:19:21  Concurrency: 4 threads (target='dev')
[2026-06-25T22:19:21.782+0000] {subprocess.py:93} INFO - [0m22:19:21
[2026-06-25T22:19:25.324+0000] {subprocess.py:93} INFO - [0m22:19:25  1 of 5 START sql table model logistics_mart.dim_drivers ........................ [RUN]
[2026-06-25T22:19:25.326+0000] {subprocess.py:93} INFO - [0m22:19:25  2 of 5 START sql table model logistics_mart.dim_hubs ........................... [RUN]
[2026-06-25T22:19:25.326+0000] {subprocess.py:93} INFO - [0m22:19:25  3 of 5 START sql view model logistics_mart.stg_shipments ....................... [RUN]
[2026-06-25T22:19:25.326+0000] {subprocess.py:93} INFO - [0m22:19:25  4 of 5 START sql view model logistics_mart.stg_weather ......................... [RUN]
[2026-06-25T22:19:26.084+0000] {subprocess.py:93} INFO - [0m22:19:26  BigQuery adapter: https://console.cloud.google.com/bigquery?project=logistics-500519&j=bq:US:3b33d236-dd32-40be-9796-8ad8e1ac71ef&page=queryresults
[2026-06-25T22:19:26.114+0000] {subprocess.py:93} INFO - [0m22:19:26  1 of 5 ERROR creating sql table model logistics_mart.dim_drivers ............... [[31mERROR[0m in 0.78s]
[2026-06-25T22:19:26.238+0000] {subprocess.py:93} INFO - [0m22:19:26  BigQuery adapter: https://console.cloud.google.com/bigquery?project=logistics-500519&j=bq:US:37da6c7e-a406-46d1-90c6-d404471acd50&page=queryresults
[2026-06-25T22:19:26.246+0000] {subprocess.py:93} INFO - [0m22:19:26  2 of 5 ERROR creating sql table model logistics_mart.dim_hubs .................. [[31mERROR[0m in 0.92s]
[2026-06-25T22:19:26.438+0000] {subprocess.py:93} INFO - [0m22:19:26  BigQuery adapter: https://console.cloud.google.com/bigquery?project=logistics-500519&j=bq:US:6b86a395-35df-4c2e-94d8-635861634d50&page=queryresults
[2026-06-25T22:19:26.445+0000] {subprocess.py:93} INFO - [0m22:19:26  BigQuery adapter: https://console.cloud.google.com/bigquery?project=logistics-500519&j=bq:US:e0d4d70e-da15-42fb-8664-14179289ba35&page=queryresults
[2026-06-25T22:19:26.449+0000] {subprocess.py:93} INFO - [0m22:19:26  4 of 5 ERROR creating sql view model logistics_mart.stg_weather ................ [[31mERROR[0m in 1.12s]
[2026-06-25T22:19:26.452+0000] {subprocess.py:93} INFO - [0m22:19:26  3 of 5 ERROR creating sql view model logistics_mart.stg_shipments .............. [[31mERROR[0m in 1.12s]
[2026-06-25T22:19:26.455+0000] {subprocess.py:93} INFO - [0m22:19:26  5 of 5 SKIP relation logistics_mart.fact_shipment_weather ...................... [[33mSKIP[0m]
[2026-06-25T22:19:26.492+0000] {subprocess.py:93} INFO - [0m22:19:26
[2026-06-25T22:19:26.493+0000] {subprocess.py:93} INFO - [0m22:19:26  Finished running 3 table models, 2 view models in 0 hours 0 minutes and 4.71 seconds (4.71s).
[2026-06-25T22:19:26.563+0000] {subprocess.py:93} INFO - [0m22:19:26
[2026-06-25T22:19:26.564+0000] {subprocess.py:93} INFO - [0m22:19:26  [31mCompleted with 4 errors, 0 partial successes, and 0 warnings:[0m
[2026-06-25T22:19:26.564+0000] {subprocess.py:93} INFO - [0m22:19:26
[2026-06-25T22:19:26.564+0000] {subprocess.py:93} INFO - [0m22:19:26  [31mFailure in model dim_drivers (models/mart/dim_drivers.sql)[0m
[2026-06-25T22:19:26.565+0000] {subprocess.py:93} INFO - [0m22:19:26    Database Error in model dim_drivers (models/mart/dim_drivers.sql)
[2026-06-25T22:19:26.565+0000] {subprocess.py:93} INFO -   Invalid project ID 'logistics_db'. Project IDs must contain 6-63 lowercase letters, digits, or dashes. Some project IDs also include domain name separated by a colon. IDs must start with a letter and may not end with a dash.
[2026-06-25T22:19:26.565+0000] {subprocess.py:93} INFO -   compiled code at target/run/logistics_lakehouse/models/mart/dim_drivers.sql
[2026-06-25T22:19:26.565+0000] {subprocess.py:93} INFO - [0m22:19:26
[2026-06-25T22:19:26.565+0000] {subprocess.py:93} INFO - [0m22:19:26    compiled code at target/compiled/logistics_lakehouse/models/mart/dim_drivers.sql
[2026-06-25T22:19:26.565+0000] {subprocess.py:93} INFO - [0m22:19:26
[2026-06-25T22:19:26.566+0000] {subprocess.py:93} INFO - [0m22:19:26  [31mFailure in model dim_hubs (models/mart/dim_hubs.sql)[0m
[2026-06-25T22:19:26.566+0000] {subprocess.py:93} INFO - [0m22:19:26    Database Error in model dim_hubs (models/mart/dim_hubs.sql)
[2026-06-25T22:19:26.566+0000] {subprocess.py:93} INFO -   Invalid project ID 'logistics_db'. Project IDs must contain 6-63 lowercase letters, digits, or dashes. Some project IDs also include domain name separated by a colon. IDs must start with a letter and may not end with a dash.
[2026-06-25T22:19:26.566+0000] {subprocess.py:93} INFO -   compiled code at target/run/logistics_lakehouse/models/mart/dim_hubs.sql
[2026-06-25T22:19:26.566+0000] {subprocess.py:93} INFO - [0m22:19:26
[2026-06-25T22:19:26.567+0000] {subprocess.py:93} INFO - [0m22:19:26    compiled code at target/compiled/logistics_lakehouse/models/mart/dim_hubs.sql
[2026-06-25T22:19:26.567+0000] {subprocess.py:93} INFO - [0m22:19:26
[2026-06-25T22:19:26.567+0000] {subprocess.py:93} INFO - [0m22:19:26  [31mFailure in model stg_weather (models/staging/stg_weather.sql)[0m
[2026-06-25T22:19:26.567+0000] {subprocess.py:93} INFO - [0m22:19:26    Database Error in model stg_weather (models/staging/stg_weather.sql)
[2026-06-25T22:19:26.567+0000] {subprocess.py:93} INFO -   Invalid project ID 'logistics_db  -- If storing raw weather here, or your staging destination'. Project IDs must contain 6-63 lowercase letters, digits, or dashes. Some project IDs also include domain name separated by a colon. IDs must start with a letter and may not end with a dash.
[2026-06-25T22:19:26.567+0000] {subprocess.py:93} INFO -   compiled code at target/run/logistics_lakehouse/models/staging/stg_weather.sql
[2026-06-25T22:19:26.567+0000] {subprocess.py:93} INFO - [0m22:19:26
[2026-06-25T22:19:26.568+0000] {subprocess.py:93} INFO - [0m22:19:26    compiled code at target/compiled/logistics_lakehouse/models/staging/stg_weather.sql
[2026-06-25T22:19:26.568+0000] {subprocess.py:93} INFO - [0m22:19:26
[2026-06-25T22:19:26.568+0000] {subprocess.py:93} INFO - [0m22:19:26  [31mFailure in model stg_shipments (models/staging/stg_shipments.sql)[0m
[2026-06-25T22:19:26.568+0000] {subprocess.py:93} INFO - [0m22:19:26    Database Error in model stg_shipments (models/staging/stg_shipments.sql)
[2026-06-25T22:19:26.569+0000] {subprocess.py:93} INFO -   Invalid project ID 'logistics_db'. Project IDs must contain 6-63 lowercase letters, digits, or dashes. Some project IDs also include domain name separated by a colon. IDs must start with a letter and may not end with a dash.
[2026-06-25T22:19:26.569+0000] {subprocess.py:93} INFO -   compiled code at target/run/logistics_lakehouse/models/staging/stg_shipments.sql
[2026-06-25T22:19:26.569+0000] {subprocess.py:93} INFO - [0m22:19:26
[2026-06-25T22:19:26.569+0000] {subprocess.py:93} INFO - [0m22:19:26    compiled code at target/compiled/logistics_lakehouse/models/staging/stg_shipments.sql
[2026-06-25T22:19:26.569+0000] {subprocess.py:93} INFO - [0m22:19:26
[2026-06-25T22:19:26.569+0000] {subprocess.py:93} INFO - [0m22:19:26  Done. PASS=0 WARN=0 ERROR=4 SKIP=1 NO-OP=0 TOTAL=5
[2026-06-25T22:19:26.570+0000] {subprocess.py:93} INFO - [0m22:19:26  [[33mWARNING[0m][DeprecationsSummary]: Deprecated functionality
[2026-06-25T22:19:26.570+0000] {subprocess.py:93} INFO - Summary of encountered deprecations:
[2026-06-25T22:19:26.570+0000] {subprocess.py:93} INFO - - MissingPlusPrefixDeprecation: 2 occurrences
[2026-06-25T22:19:26.571+0000] {subprocess.py:93} INFO - To see all deprecation instances instead of just the first occurrence of each,
[2026-06-25T22:19:26.571+0000] {subprocess.py:93} INFO - run command again with the `--show-all-deprecations` flag. You may also need to
[2026-06-25T22:19:26.571+0000] {subprocess.py:93} INFO - run with `--no-partial-parse` as some deprecations are only encountered during
[2026-06-25T22:19:26.571+0000] {subprocess.py:93} INFO - parsing.
[2026-06-25T22:19:28.367+0000] {subprocess.py:97} INFO - Command exited with return code 1
[2026-06-25T22:19:28.369+0000] {taskinstance.py:441} INFO - ::group::Post task execution logs
[2026-06-25T22:19:28.384+0000] {taskinstance.py:2905} ERROR - Task failed with exception
Traceback (most recent call last):
  File "/home/airflow/.local/lib/python3.12/site-packages/airflow/models/taskinstance.py", line 465, in _execute_task
    result = _execute_callable(context=context, **execute_callable_kwargs)
             ^^^^^^^^^^^^^^^^^^^^^^^^^^^^^^^^^^^^^^^^^^^^^^^^^^^^^^^^^^^^^
  File "/home/airflow/.local/lib/python3.12/site-packages/airflow/models/taskinstance.py", line 432, in _execute_callable
    return execute_callable(context=context, **execute_callable_kwargs)
           ^^^^^^^^^^^^^^^^^^^^^^^^^^^^^^^^^^^^^^^^^^^^^^^^^^^^^^^^^^^^
  File "/home/airflow/.local/lib/python3.12/site-packages/airflow/models/baseoperator.py", line 400, in wrapper
    return func(self, *args, **kwargs)
           ^^^^^^^^^^^^^^^^^^^^^^^^^^^
  File "/home/airflow/.local/lib/python3.12/site-packages/airflow/operators/bash.py", line 243, in execute
    raise AirflowException(
airflow.exceptions.AirflowException: Bash command failed. The command returned a non-zero exit code 1.
[2026-06-25T22:19:28.389+0000] {taskinstance.py:1206} INFO - Marking task as UP_FOR_RETRY. dag_id=dbt_gold_transformation, task_id=trigger_dbt_build, run_id=scheduled__2026-06-24T00:00:00+00:00, execution_date=20260624T000000, start_date=20260625T221918, end_date=20260625T221928
[2026-06-25T22:19:28.402+0000] {standard_task_runner.py:110} ERROR - Failed to execute job 2 for task trigger_dbt_build (Bash command failed. The command returned a non-zero exit code 1.; 1600)
[2026-06-25T22:19:28.449+0000] {local_task_job_runner.py:240} INFO - Task exited with return code 1
[2026-06-25T22:19:28.474+0000] {taskinstance.py:3498} INFO - 0 downstream tasks scheduled from follow-on schedule check
[2026-06-25T22:19:28.475+0000] {local_task_job_runner.py:222} INFO - ::endgroup::
