[2026-07-09T04:20:23.343+0000] {local_task_job_runner.py:120} INFO - ::group::Pre task execution logs
[2026-07-09T04:20:23.373+0000] {taskinstance.py:2076} INFO - Dependencies all met for dep_context=non-requeueable deps ti=<TaskInstance: gold_dbt_dag.trigger_dbt_build dataset_triggered__2026-07-09T04:04:36.663856+00:00 [queued]>
[2026-07-09T04:20:23.378+0000] {taskinstance.py:2076} INFO - Dependencies all met for dep_context=requeueable deps ti=<TaskInstance: gold_dbt_dag.trigger_dbt_build dataset_triggered__2026-07-09T04:04:36.663856+00:00 [queued]>
[2026-07-09T04:20:23.378+0000] {taskinstance.py:2306} INFO - Starting attempt 2 of 2
[2026-07-09T04:20:23.385+0000] {taskinstance.py:2330} INFO - Executing <Task(BashOperator): trigger_dbt_build> on 2026-07-09 04:04:36.663856+00:00
[2026-07-09T04:20:23.395+0000] {standard_task_runner.py:90} INFO - Running: ['***', 'tasks', 'run', 'gold_dbt_dag', 'trigger_dbt_build', 'dataset_triggered__2026-07-09T04:04:36.663856+00:00', '--job-id', '1242', '--raw', '--subdir', 'DAGS_FOLDER/dag_gold_dbt.py', '--cfg-path', '/tmp/tmput9evuw1']
[2026-07-09T04:20:23.400+0000] {standard_task_runner.py:91} INFO - Job 1242: Subtask trigger_dbt_build
[2026-07-09T04:20:23.405+0000] {logging_mixin.py:188} WARNING - /home/***/.local/lib/python3.12/site-packages/***/task/task_runner/standard_task_runner.py:61 DeprecationWarning: This process (pid=44567) is multi-threaded, use of fork() may lead to deadlocks in the child.
[2026-07-09T04:20:23.406+0000] {standard_task_runner.py:63} INFO - Started process 44568 to run task
[2026-07-09T04:20:23.432+0000] {task_command.py:426} INFO - Running <TaskInstance: gold_dbt_dag.trigger_dbt_build dataset_triggered__2026-07-09T04:04:36.663856+00:00 [running]> on host bd23e89d97be
[2026-07-09T04:20:23.482+0000] {taskinstance.py:2648} INFO - Exporting env vars: AIRFLOW_CTX_DAG_OWNER='data_engineer' AIRFLOW_CTX_DAG_ID='gold_dbt_dag' AIRFLOW_CTX_TASK_ID='trigger_dbt_build' AIRFLOW_CTX_EXECUTION_DATE='2026-07-09T04:04:36.663856+00:00' AIRFLOW_CTX_TRY_NUMBER='2' AIRFLOW_CTX_DAG_RUN_ID='dataset_triggered__2026-07-09T04:04:36.663856+00:00'
[2026-07-09T04:20:23.483+0000] {taskinstance.py:430} INFO - ::endgroup::
[2026-07-09T04:20:23.491+0000] {subprocess.py:63} INFO - Tmp dir root location: /tmp
[2026-07-09T04:20:23.493+0000] {subprocess.py:75} INFO - Running command: ['/usr/bin/bash', '-c', 'cd /opt/***/dbt && dbt build --profiles-dir . --target dev']
[2026-07-09T04:20:23.499+0000] {subprocess.py:86} INFO - Output:
[2026-07-09T04:20:24.758+0000] {subprocess.py:93} INFO - [0m04:20:24  Running with dbt=1.11.11
[2026-07-09T04:20:25.501+0000] {subprocess.py:93} INFO - [0m04:20:25  Registered adapter: bigquery=1.11.3
[2026-07-09T04:20:25.813+0000] {subprocess.py:93} INFO - [0m04:20:25  Found 6 models, 4 sources, 553 macros
[2026-07-09T04:20:25.815+0000] {subprocess.py:93} INFO - [0m04:20:25
[2026-07-09T04:20:25.816+0000] {subprocess.py:93} INFO - [0m04:20:25  Concurrency: 4 threads (target='dev')
[2026-07-09T04:20:25.816+0000] {subprocess.py:93} INFO - [0m04:20:25
[2026-07-09T04:20:27.475+0000] {subprocess.py:93} INFO - [0m04:20:27  1 of 6 START sql table model logistics_mart.dim_drivers ........................ [RUN]
[2026-07-09T04:20:27.477+0000] {subprocess.py:93} INFO - [0m04:20:27  2 of 6 START sql table model logistics_mart.dim_hubs ........................... [RUN]
[2026-07-09T04:20:27.477+0000] {subprocess.py:93} INFO - [0m04:20:27  3 of 6 START sql view model logistics_mart.stg_shipments ....................... [RUN]
[2026-07-09T04:20:27.478+0000] {subprocess.py:93} INFO - [0m04:20:27  4 of 6 START sql view model logistics_mart.stg_weather ......................... [RUN]
[2026-07-09T04:20:29.745+0000] {subprocess.py:93} INFO - [0m04:20:29  4 of 6 OK created sql view model logistics_mart.stg_weather .................... [[32mCREATE VIEW (0 processed)[0m in 2.26s]
[2026-07-09T04:20:29.746+0000] {subprocess.py:93} INFO - [0m04:20:29  3 of 6 OK created sql view model logistics_mart.stg_shipments .................. [[32mCREATE VIEW (0 processed)[0m in 2.26s]
[2026-07-09T04:20:29.749+0000] {subprocess.py:93} INFO - [0m04:20:29  5 of 6 START sql view model logistics_mart.stg_weather_consensus ............... [RUN]
[2026-07-09T04:20:31.074+0000] {subprocess.py:93} INFO - [0m04:20:31  2 of 6 OK created sql table model logistics_mart.dim_hubs ...................... [[32mCREATE TABLE (3.0 rows, 149.0 Bytes processed)[0m in 3.59s]
[2026-07-09T04:20:31.076+0000] {subprocess.py:93} INFO - [0m04:20:31  BigQuery adapter: https://console.cloud.google.com/bigquery?project=logistics-500519&j=bq:US:204eb153-e73d-4251-bb7d-850b1569be45&page=queryresults
[2026-07-09T04:20:31.084+0000] {subprocess.py:93} INFO - [0m04:20:31  6 of 6 START sql table model logistics_mart.fact_shipment_weather .............. [RUN]
[2026-07-09T04:20:31.109+0000] {subprocess.py:93} INFO - [0m04:20:31  5 of 6 ERROR creating sql view model logistics_mart.stg_weather_consensus ...... [[31mERROR[0m in 1.36s]
[2026-07-09T04:20:31.150+0000] {subprocess.py:93} INFO - [0m04:20:31  1 of 6 OK created sql table model logistics_mart.dim_drivers ................... [[32mCREATE TABLE (3.0 rows, 108.0 Bytes processed)[0m in 3.67s]
[2026-07-09T04:20:34.797+0000] {subprocess.py:93} INFO - [0m04:20:34  6 of 6 OK created sql table model logistics_mart.fact_shipment_weather ......... [[32mCREATE TABLE (1.4k rows, 91.8 KiB processed)[0m in 3.71s]
[2026-07-09T04:20:34.850+0000] {subprocess.py:93} INFO - [0m04:20:34
[2026-07-09T04:20:34.850+0000] {subprocess.py:93} INFO - [0m04:20:34  Finished running 3 table models, 3 view models in 0 hours 0 minutes and 9.03 seconds (9.03s).
[2026-07-09T04:20:34.892+0000] {subprocess.py:93} INFO - [0m04:20:34
[2026-07-09T04:20:34.892+0000] {subprocess.py:93} INFO - [0m04:20:34  [31mCompleted with 1 error, 0 partial successes, and 0 warnings:[0m
[2026-07-09T04:20:34.893+0000] {subprocess.py:93} INFO - [0m04:20:34
[2026-07-09T04:20:34.893+0000] {subprocess.py:93} INFO - [0m04:20:34  [31mFailure in model stg_weather_consensus (models/staging/stg_weather_consensus.sql)[0m
[2026-07-09T04:20:34.893+0000] {subprocess.py:93} INFO - [0m04:20:34    Database Error in model stg_weather_consensus (models/staging/stg_weather_consensus.sql)
[2026-07-09T04:20:34.894+0000] {subprocess.py:93} INFO -   Unrecognized name: fetched_at at [11:11]
[2026-07-09T04:20:34.894+0000] {subprocess.py:93} INFO -   compiled code at target/run/logistics_lakehouse/models/staging/stg_weather_consensus.sql
[2026-07-09T04:20:34.894+0000] {subprocess.py:93} INFO - [0m04:20:34
[2026-07-09T04:20:34.894+0000] {subprocess.py:93} INFO - [0m04:20:34    compiled code at target/compiled/logistics_lakehouse/models/staging/stg_weather_consensus.sql
[2026-07-09T04:20:34.894+0000] {subprocess.py:93} INFO - [0m04:20:34
[2026-07-09T04:20:34.894+0000] {subprocess.py:93} INFO - [0m04:20:34  Done. PASS=5 WARN=0 ERROR=1 SKIP=0 NO-OP=0 TOTAL=6
[2026-07-09T04:20:37.124+0000] {subprocess.py:97} INFO - Command exited with return code 1
[2026-07-09T04:20:37.125+0000] {taskinstance.py:441} INFO - ::group::Post task execution logs
[2026-07-09T04:20:37.150+0000] {taskinstance.py:2905} ERROR - Task failed with exception
Traceback (most recent call last):
  File "/home/airflow/.local/lib/python3.12/site-packages/airflow/models/taskinstance.py", line 465, in _execute_task
    result = _execute_callable(context=context, **execute_callable_kwargs)
             ^^^^^^^^^^^^^^^^^^^^^^^^^^^^^^^^^^^^^^^^^^^^^^^^^^^^^^^^^^^^^
  File "/home/airflow/.local/lib/python3.12/site-packages/airflow/models/taskinstance.py", line 432, in _execute_callable
    return execute_callable(context=context, **execute_callable_kwargs)
           ^^^^^^^^^^^^^^^^^^^^^^^^^^^^^^^^^^^^^^^^^^^^^^^^^^^^^^^^^^^^
  File "/home/airflow/.local/lib/python3.12/site-packages/airflow/models/baseoperator.py", line 400, in wrapper
    return func(self, *args, **kwargs)
           ^^^^^^^^^^^^^^^^^^^^^^^^^^^
  File "/home/airflow/.local/lib/python3.12/site-packages/airflow/operators/bash.py", line 243, in execute
    raise AirflowException(
airflow.exceptions.AirflowException: Bash command failed. The command returned a non-zero exit code 1.
[2026-07-09T04:20:37.154+0000] {taskinstance.py:1206} INFO - Marking task as FAILED. dag_id=gold_dbt_dag, task_id=trigger_dbt_build, run_id=dataset_triggered__2026-07-09T04:04:36.663856+00:00, execution_date=20260709T040436, start_date=20260709T042023, end_date=20260709T042037
[2026-07-09T04:20:37.168+0000] {standard_task_runner.py:110} ERROR - Failed to execute job 1242 for task trigger_dbt_build (Bash command failed. The command returned a non-zero exit code 1.; 44568)
[2026-07-09T04:20:37.218+0000] {local_task_job_runner.py:240} INFO - Task exited with return code 1
[2026-07-09T04:20:37.237+0000] {taskinstance.py:3498} INFO - 0 downstream tasks scheduled from follow-on schedule check
[2026-07-09T04:20:37.238+0000] {local_task_job_runner.py:222} INFO - ::endgroup::
