[2026-07-11T16:05:56.600+0000] {local_task_job_runner.py:120} INFO - ::group::Pre task execution logs
[2026-07-11T16:05:56.615+0000] {taskinstance.py:2076} INFO - Dependencies all met for dep_context=non-requeueable deps ti=<TaskInstance: logistics_postgres_to_bq.push_to_bigquery dataset_triggered__2026-07-11T16:05:54.095464+00:00 [queued]>
[2026-07-11T16:05:56.623+0000] {taskinstance.py:2076} INFO - Dependencies all met for dep_context=requeueable deps ti=<TaskInstance: logistics_postgres_to_bq.push_to_bigquery dataset_triggered__2026-07-11T16:05:54.095464+00:00 [queued]>
[2026-07-11T16:05:56.625+0000] {taskinstance.py:2306} INFO - Starting attempt 1 of 1
[2026-07-11T16:05:56.633+0000] {taskinstance.py:2330} INFO - Executing <Task(PythonOperator): push_to_bigquery> on 2026-07-11 16:05:54.095464+00:00
[2026-07-11T16:05:56.638+0000] {standard_task_runner.py:90} INFO - Running: ['***', 'tasks', 'run', 'logistics_postgres_to_bq', 'push_to_bigquery', 'dataset_triggered__2026-07-11T16:05:54.095464+00:00', '--job-id', '4', '--raw', '--subdir', 'DAGS_FOLDER/dag_postgres_to_bq.py', '--cfg-path', '/tmp/tmpyj5ffpta']
[2026-07-11T16:05:56.641+0000] {standard_task_runner.py:91} INFO - Job 4: Subtask push_to_bigquery
[2026-07-11T16:05:56.643+0000] {logging_mixin.py:188} WARNING - /home/***/.local/lib/python3.12/site-packages/***/task/task_runner/standard_task_runner.py:61 DeprecationWarning: This process (pid=284) is multi-threaded, use of fork() may lead to deadlocks in the child.
[2026-07-11T16:05:56.646+0000] {standard_task_runner.py:63} INFO - Started process 300 to run task
[2026-07-11T16:05:56.718+0000] {task_command.py:426} INFO - Running <TaskInstance: logistics_postgres_to_bq.push_to_bigquery dataset_triggered__2026-07-11T16:05:54.095464+00:00 [running]> on host ad4e12f53b08
[2026-07-11T16:05:56.781+0000] {taskinstance.py:2648} INFO - Exporting env vars: AIRFLOW_CTX_DAG_OWNER='***' AIRFLOW_CTX_DAG_ID='logistics_postgres_to_bq' AIRFLOW_CTX_TASK_ID='push_to_bigquery' AIRFLOW_CTX_EXECUTION_DATE='2026-07-11T16:05:54.095464+00:00' AIRFLOW_CTX_TRY_NUMBER='1' AIRFLOW_CTX_DAG_RUN_ID='dataset_triggered__2026-07-11T16:05:54.095464+00:00'
[2026-07-11T16:05:56.782+0000] {taskinstance.py:430} INFO - ::endgroup::
[2026-07-11T16:05:57.700+0000] {logging_mixin.py:188} WARNING - /opt/***/dags/dag_postgres_to_bq.py:35 UserWarning: pandas only supports SQLAlchemy connectable (engine/connection) or database string URI or sqlite3 DBAPI2 connection. Other DBAPI2 objects are not tested. Please consider using SQLAlchemy.
[2026-07-11T16:06:01.551+0000] {logging_mixin.py:188} INFO - Successfully pushed table shipments to BigQuery.
[2026-07-11T16:06:01.554+0000] {logging_mixin.py:188} WARNING - /opt/***/dags/dag_postgres_to_bq.py:35 UserWarning: pandas only supports SQLAlchemy connectable (engine/connection) or database string URI or sqlite3 DBAPI2 connection. Other DBAPI2 objects are not tested. Please consider using SQLAlchemy.
[2026-07-11T16:06:05.382+0000] {logging_mixin.py:188} INFO - Successfully pushed table hubs to BigQuery.
[2026-07-11T16:06:05.383+0000] {logging_mixin.py:188} WARNING - /opt/***/dags/dag_postgres_to_bq.py:35 UserWarning: pandas only supports SQLAlchemy connectable (engine/connection) or database string URI or sqlite3 DBAPI2 connection. Other DBAPI2 objects are not tested. Please consider using SQLAlchemy.
[2026-07-11T16:06:09.069+0000] {logging_mixin.py:188} INFO - Successfully pushed table drivers to BigQuery.
[2026-07-11T16:06:09.069+0000] {python.py:237} INFO - Done. Returned value was: None
[2026-07-11T16:06:09.070+0000] {taskinstance.py:441} INFO - ::group::Post task execution logs
[2026-07-11T16:06:09.072+0000] {logging_mixin.py:188} WARNING - /home/***/.local/lib/python3.12/site-packages/***/models/baseoperator.py:1564 RemovedInAirflow3Warning: Passing 'execution_date' to 'TaskInstance.xcom_push()' is deprecated.
[2026-07-11T16:06:09.099+0000] {taskinstance.py:1206} INFO - Marking task as SUCCESS. dag_id=logistics_postgres_to_bq, task_id=push_to_bigquery, run_id=dataset_triggered__2026-07-11T16:05:54.095464+00:00, execution_date=20260711T160554, start_date=20260711T160556, end_date=20260711T160609
[2026-07-11T16:06:09.124+0000] {local_task_job_runner.py:240} INFO - Task exited with return code 0
[2026-07-11T16:06:09.138+0000] {taskinstance.py:3498} INFO - 0 downstream tasks scheduled from follow-on schedule check
[2026-07-11T16:06:09.139+0000] {local_task_job_runner.py:222} INFO - ::endgroup::
